
[1/3] pretrain G
G epoch=1/60 loss=4.6072
G epoch=2/60 loss=4.4720
G epoch=3/60 loss=4.3112
G epoch=4/60 loss=4.1197
G epoch=5/60 loss=3.8653
G epoch=6/60 loss=3.5969
G epoch=7/60 loss=3.3179
G epoch=8/60 loss=3.0493
G epoch=9/60 loss=2.7861
G epoch=10/60 loss=2.7412
G epoch=11/60 loss=2.6718
G epoch=12/60 loss=2.4556
G epoch=13/60 loss=2.4999
G epoch=14/60 loss=2.4365
G epoch=15/60 loss=2.3677
G epoch=16/60 loss=2.3322
G epoch=17/60 loss=2.2659
G epoch=18/60 loss=2.2391
G epoch=19/60 loss=2.1299
G epoch=20/60 loss=2.1215
G epoch=21/60 loss=2.0337
G epoch=22/60 loss=1.9406
G epoch=23/60 loss=1.9343
G epoch=24/60 loss=1.9303
G epoch=25/60 loss=1.8377
G epoch=26/60 loss=1.7865
G epoch=27/60 loss=1.7848
G epoch=28/60 loss=1.7188
G epoch=29/60 loss=1.6442
G epoch=30/60 loss=1.6126
G epoch=31/60 loss=1.5670
G epoch=32/60 loss=1.5390
G epoch=33/60 loss=1.4913
G epoch=34/60 loss=1.3917
G epoch=35/60 loss=1.4395
G epoch=36/60 loss=1.4072
G epoch=37/60 loss=1.3608
G epoch=38/60 loss=1.2363
G epoch=39/60 loss=1.2959
G epoch=40/60 loss=1.2768
G epoch=41/60 loss=1.2478
G epoch=42/60 loss=1.2094
G epoch=43/60 loss=1.1400
G epoch=44/60 loss=1.0843
G epoch=45/60 loss=1.1036
G epoch=46/60 loss=1.1134
G epoch=47/60 loss=1.0829
G epoch=48/60 loss=1.0117
G epoch=49/60 loss=1.0221
G epoch=50/60 loss=0.9877
G epoch=51/60 loss=0.9473
G epoch=52/60 loss=0.9677
G epoch=53/60 loss=0.9440
G epoch=54/60 loss=0.9271
G epoch=55/60 loss=0.8773
G epoch=56/60 loss=0.8431
G epoch=57/60 loss=0.8390
G epoch=58/60 loss=0.7973
G epoch=59/60 loss=0.7950
G epoch=60/60 loss=0.8324

[2/3] pretrain D
D step=1/30 epoch=1/3 loss=0.9104 l2=0.2000 label_smoothing=0.000
D step=1/30 epoch=2/3 loss=0.6506 l2=0.2000 label_smoothing=0.000
D step=1/30 epoch=3/3 loss=0.6180 l2=0.2000 label_smoothing=0.000
D step=2/30 epoch=1/3 loss=0.5713 l2=0.2000 label_smoothing=0.000
D step=2/30 epoch=2/3 loss=0.4816 l2=0.2000 label_smoothing=0.000
D step=2/30 epoch=3/3 loss=0.4284 l2=0.2000 label_smoothing=0.000
D step=3/30 epoch=1/3 loss=0.3867 l2=0.2000 label_smoothing=0.000
D step=3/30 epoch=2/3 loss=0.3569 l2=0.2000 label_smoothing=0.000
D step=3/30 epoch=3/3 loss=0.3042 l2=0.2000 label_smoothing=0.000
D step=4/30 epoch=1/3 loss=0.2830 l2=0.2000 label_smoothing=0.000
D step=4/30 epoch=2/3 loss=0.2429 l2=0.2000 label_smoothing=0.000
D step=4/30 epoch=3/3 loss=0.2114 l2=0.2000 label_smoothing=0.000
D step=5/30 epoch=1/3 loss=0.1949 l2=0.2000 label_smoothing=0.000
D step=5/30 epoch=2/3 loss=0.1774 l2=0.2000 label_smoothing=0.000
D step=5/30 epoch=3/3 loss=0.1506 l2=0.2000 label_smoothing=0.000
D step=6/30 epoch=1/3 loss=0.1534 l2=0.2000 label_smoothing=0.000
D step=6/30 epoch=2/3 loss=0.1439 l2=0.2000 label_smoothing=0.000
D step=6/30 epoch=3/3 loss=0.1251 l2=0.2000 label_smoothing=0.000
D step=7/30 epoch=1/3 loss=0.1162 l2=0.2000 label_smoothing=0.000
D step=7/30 epoch=2/3 loss=0.1145 l2=0.2000 label_smoothing=0.000
D step=7/30 epoch=3/3 loss=0.1036 l2=0.2000 label_smoothing=0.000
D step=8/30 epoch=1/3 loss=0.1005 l2=0.2000 label_smoothing=0.000
D step=8/30 epoch=2/3 loss=0.0939 l2=0.2000 label_smoothing=0.000
D step=8/30 epoch=3/3 loss=0.0934 l2=0.2000 label_smoothing=0.000
D step=9/30 epoch=1/3 loss=0.0879 l2=0.2000 label_smoothing=0.000
D step=9/30 epoch=2/3 loss=0.0846 l2=0.2000 label_smoothing=0.000
D step=9/30 epoch=3/3 loss=0.0830 l2=0.2000 label_smoothing=0.000
D step=10/30 epoch=1/3 loss=0.0832 l2=0.2000 label_smoothing=0.000
D step=10/30 epoch=2/3 loss=0.0822 l2=0.2000 label_smoothing=0.000
D step=10/30 epoch=3/3 loss=0.0779 l2=0.2000 label_smoothing=0.000
D step=11/30 epoch=1/3 loss=0.0890 l2=0.2000 label_smoothing=0.000
D step=11/30 epoch=2/3 loss=0.0826 l2=0.2000 label_smoothing=0.000
D step=11/30 epoch=3/3 loss=0.0833 l2=0.2000 label_smoothing=0.000
D step=12/30 epoch=1/3 loss=0.0844 l2=0.2000 label_smoothing=0.000
D step=12/30 epoch=2/3 loss=0.0847 l2=0.2000 label_smoothing=0.000
D step=12/30 epoch=3/3 loss=0.0791 l2=0.2000 label_smoothing=0.000
D step=13/30 epoch=1/3 loss=0.0745 l2=0.2000 label_smoothing=0.000
D step=13/30 epoch=2/3 loss=0.0738 l2=0.2000 label_smoothing=0.000
D step=13/30 epoch=3/3 loss=0.0740 l2=0.2000 label_smoothing=0.000
D step=14/30 epoch=1/3 loss=0.0718 l2=0.2000 label_smoothing=0.000
D step=14/30 epoch=2/3 loss=0.0705 l2=0.2000 label_smoothing=0.000
D step=14/30 epoch=3/3 loss=0.0701 l2=0.2000 label_smoothing=0.000
D step=15/30 epoch=1/3 loss=0.0894 l2=0.2000 label_smoothing=0.000
D step=15/30 epoch=2/3 loss=0.0795 l2=0.2000 label_smoothing=0.000
D step=15/30 epoch=3/3 loss=0.0747 l2=0.2000 label_smoothing=0.000
D step=16/30 epoch=1/3 loss=0.0721 l2=0.2000 label_smoothing=0.000
D step=16/30 epoch=2/3 loss=0.0733 l2=0.2000 label_smoothing=0.000
D step=16/30 epoch=3/3 loss=0.0719 l2=0.2000 label_smoothing=0.000
D step=17/30 epoch=1/3 loss=0.0682 l2=0.2000 label_smoothing=0.000
D step=17/30 epoch=2/3 loss=0.0692 l2=0.2000 label_smoothing=0.000
D step=17/30 epoch=3/3 loss=0.0679 l2=0.2000 label_smoothing=0.000
D step=18/30 epoch=1/3 loss=0.0683 l2=0.2000 label_smoothing=0.000
D step=18/30 epoch=2/3 loss=0.0673 l2=0.2000 label_smoothing=0.000
D step=18/30 epoch=3/3 loss=0.0661 l2=0.2000 label_smoothing=0.000
D step=19/30 epoch=1/3 loss=0.0654 l2=0.2000 label_smoothing=0.000
D step=19/30 epoch=2/3 loss=0.0644 l2=0.2000 label_smoothing=0.000
D step=19/30 epoch=3/3 loss=0.0646 l2=0.2000 label_smoothing=0.000
D step=20/30 epoch=1/3 loss=0.0638 l2=0.2000 label_smoothing=0.000
D step=20/30 epoch=2/3 loss=0.0634 l2=0.2000 label_smoothing=0.000
D step=20/30 epoch=3/3 loss=0.0625 l2=0.2000 label_smoothing=0.000
D step=21/30 epoch=1/3 loss=0.0668 l2=0.2000 label_smoothing=0.000
D step=21/30 epoch=2/3 loss=0.0646 l2=0.2000 label_smoothing=0.000
D step=21/30 epoch=3/3 loss=0.0627 l2=0.2000 label_smoothing=0.000
D step=22/30 epoch=1/3 loss=0.0613 l2=0.2000 label_smoothing=0.000
D step=22/30 epoch=2/3 loss=0.0616 l2=0.2000 label_smoothing=0.000
D step=22/30 epoch=3/3 loss=0.0612 l2=0.2000 label_smoothing=0.000
D step=23/30 epoch=1/3 loss=0.0646 l2=0.2000 label_smoothing=0.000
D step=23/30 epoch=2/3 loss=0.0633 l2=0.2000 label_smoothing=0.000
D step=23/30 epoch=3/3 loss=0.0623 l2=0.2000 label_smoothing=0.000
D step=24/30 epoch=1/3 loss=0.0688 l2=0.2000 label_smoothing=0.000
D step=24/30 epoch=2/3 loss=0.0648 l2=0.2000 label_smoothing=0.000
D step=24/30 epoch=3/3 loss=0.0627 l2=0.2000 label_smoothing=0.000
D step=25/30 epoch=1/3 loss=0.0611 l2=0.2000 label_smoothing=0.000
D step=25/30 epoch=2/3 loss=0.0602 l2=0.2000 label_smoothing=0.000
D step=25/30 epoch=3/3 loss=0.0583 l2=0.2000 label_smoothing=0.000
D step=26/30 epoch=1/3 loss=0.0588 l2=0.2000 label_smoothing=0.000
D step=26/30 epoch=2/3 loss=0.0583 l2=0.2000 label_smoothing=0.000
D step=26/30 epoch=3/3 loss=0.0583 l2=0.2000 label_smoothing=0.000
D step=27/30 epoch=1/3 loss=0.0574 l2=0.2000 label_smoothing=0.000
D step=27/30 epoch=2/3 loss=0.0569 l2=0.2000 label_smoothing=0.000
D step=27/30 epoch=3/3 loss=0.0568 l2=0.2000 label_smoothing=0.000
D step=28/30 epoch=1/3 loss=0.0559 l2=0.2000 label_smoothing=0.000
D step=28/30 epoch=2/3 loss=0.0559 l2=0.2000 label_smoothing=0.000
D step=28/30 epoch=3/3 loss=0.0554 l2=0.2000 label_smoothing=0.000
D step=29/30 epoch=1/3 loss=0.0546 l2=0.2000 label_smoothing=0.000
D step=29/30 epoch=2/3 loss=0.0542 l2=0.2000 label_smoothing=0.000
D step=29/30 epoch=3/3 loss=0.0540 l2=0.2000 label_smoothing=0.000
D step=30/30 epoch=1/3 loss=0.0537 l2=0.2000 label_smoothing=0.000
D step=30/30 epoch=2/3 loss=0.0534 l2=0.2000 label_smoothing=0.000
D step=30/30 epoch=3/3 loss=0.0531 l2=0.2000 label_smoothing=0.000

[3/3] adversarial
generator_reward_mode=off reward_alpha=1.000 d_steps=5 d_epochs=3
D step=1/5 epoch=1/3 loss=0.0526 l2=0.2000 label_smoothing=0.000
D step=1/5 epoch=2/3 loss=0.0505 l2=0.2000 label_smoothing=0.000
D step=1/5 epoch=3/3 loss=0.0490 l2=0.2000 label_smoothing=0.000
D step=2/5 epoch=1/3 loss=0.0477 l2=0.2000 label_smoothing=0.000
D step=2/5 epoch=2/3 loss=0.0463 l2=0.2000 label_smoothing=0.000
D step=2/5 epoch=3/3 loss=0.0449 l2=0.2000 label_smoothing=0.000
D step=3/5 epoch=1/3 loss=0.0437 l2=0.2000 label_smoothing=0.000
D step=3/5 epoch=2/3 loss=0.0425 l2=0.2000 label_smoothing=0.000
D step=3/5 epoch=3/3 loss=0.0413 l2=0.2000 label_smoothing=0.000
D step=4/5 epoch=1/3 loss=0.0403 l2=0.2000 label_smoothing=0.000
D step=4/5 epoch=2/3 loss=0.0390 l2=0.2000 label_smoothing=0.000
D step=4/5 epoch=3/3 loss=0.0377 l2=0.2000 label_smoothing=0.000
D step=5/5 epoch=1/3 loss=0.0366 l2=0.2000 label_smoothing=0.000
D step=5/5 epoch=2/3 loss=0.0354 l2=0.2000 label_smoothing=0.000
D step=5/5 epoch=3/3 loss=0.0343 l2=0.2000 label_smoothing=0.000
ADV epoch=1/60 g_loss=0.0093 d_loss=0.0428 reward=0.0101 reward_var=0.0050 unique=1.0000
D step=1/5 epoch=1/3 loss=0.0341 l2=0.2000 label_smoothing=0.000
D step=1/5 epoch=2/3 loss=0.0325 l2=0.2000 label_smoothing=0.000
D step=1/5 epoch=3/3 loss=0.0316 l2=0.2000 label_smoothing=0.000
D step=2/5 epoch=1/3 loss=0.0345 l2=0.2000 label_smoothing=0.000
D step=2/5 epoch=2/3 loss=0.0298 l2=0.2000 label_smoothing=0.000
D step=2/5 epoch=3/3 loss=0.0300 l2=0.2000 label_smoothing=0.000
D step=3/5 epoch=1/3 loss=0.0324 l2=0.2000 label_smoothing=0.000
D step=3/5 epoch=2/3 loss=0.0300 l2=0.2000 label_smoothing=0.000
D step=3/5 epoch=3/3 loss=0.0281 l2=0.2000 label_smoothing=0.000
D step=4/5 epoch=1/3 loss=0.0263 l2=0.2000 label_smoothing=0.000
D step=4/5 epoch=2/3 loss=0.0256 l2=0.2000 label_smoothing=0.000
D step=4/5 epoch=3/3 loss=0.0250 l2=0.2000 label_smoothing=0.000
D step=5/5 epoch=1/3 loss=0.0248 l2=0.2000 label_smoothing=0.000
D step=5/5 epoch=2/3 loss=0.0242 l2=0.2000 label_smoothing=0.000
D step=5/5 epoch=3/3 loss=0.0231 l2=0.2000 label_smoothing=0.000
ADV epoch=2/60 g_loss=0.0037 d_loss=0.0288 reward=0.0030 reward_var=0.0002 unique=1.0000
D step=1/5 epoch=1/3 loss=0.0232 l2=0.2000 label_smoothing=0.000
D step=1/5 epoch=2/3 loss=0.0215 l2=0.2000 label_smoothing=0.000
D step=1/5 epoch=3/3 loss=0.0210 l2=0.2000 label_smoothing=0.000
D step=2/5 epoch=1/3 loss=0.0448 l2=0.2000 label_smoothing=0.000
D step=2/5 epoch=2/3 loss=0.0222 l2=0.2000 label_smoothing=0.000
D step=2/5 epoch=3/3 loss=0.0214 l2=0.2000 label_smoothing=0.000
D step=3/5 epoch=1/3 loss=0.0224 l2=0.2000 label_smoothing=0.000
D step=3/5 epoch=2/3 loss=0.0217 l2=0.2000 label_smoothing=0.000
D step=3/5 epoch=3/3 loss=0.0193 l2=0.2000 label_smoothing=0.000
D step=4/5 epoch=1/3 loss=0.0183 l2=0.2000 label_smoothing=0.000
D step=4/5 epoch=2/3 loss=0.0180 l2=0.2000 label_smoothing=0.000
D step=4/5 epoch=3/3 loss=0.0182 l2=0.2000 label_smoothing=0.000
D step=5/5 epoch=1/3 loss=0.0193 l2=0.2000 label_smoothing=0.000
D step=5/5 epoch=2/3 loss=0.0174 l2=0.2000 label_smoothing=0.000
D step=5/5 epoch=3/3 loss=0.0164 l2=0.2000 label_smoothing=0.000
ADV epoch=3/60 g_loss=0.0049 d_loss=0.0217 reward=0.0068 reward_var=0.0022 unique=1.0000
saved 500 raw samples to /content/drive/MyDrive/GAN/GAN_SQLi_Colab/results_seqgan_phase2b_phase3/phase2b/seqgan_master/error/B/R200/generated_payloads.csv
