{
  "metric_schema_version": "quality-metrics-v3",
  "normalization_version": "nfkc_html_percent1_casefold_ws_quotes_v1",
  "seed": 88,
  "method": "ctgan",
  "family": "all",
  "scenario": "raw",
  "ratio": "full",
  "generation_kind": "retrieval",
  "schema_valid": true,
  "stop_reason": "n/a",
  "n_generated": 2000,
  "unique_rate": 0.663,
  "normalized_unique_rate": 0.663,
  "duplicate_rate": 0.33699999999999997,
  "model_collapse_rate": 0.33699999999999997,
  "dominant_payload_share": 0.0095,
  "normalized_dominant_payload_share": 0.0095,
  "sql_parse_rate": 1.0,
  "sql_structure_rate": 0.9695,
  "family_motif_coverage": 0.9047619047619048,
  "family_motif_hit_rate": 0.8645,
  "garbage_rate": 0.03049999999999997,
  "wellformed_rate": 1.0,
  "shaped_rate": 0.9695,
  "family_motif_coverage_by_family": {
    "boolean": 0.75,
    "union": 1.0,
    "time": 1.0,
    "error": 0.875
  },
  "family_motif_hit_rate_by_family": {
    "boolean": 0.5255,
    "union": 0.5405,
    "time": 0.194,
    "error": 0.139
  },
  "inferred_family_distribution": {
    "boolean": 0.1325,
    "union": 0.4085,
    "time": 0.1845,
    "error": 0.139,
    "other": 0.1355
  },
  "train_reference_count": 9049,
  "holdout_reference_count": 2260,
  "exact_input_overlap": 1.0,
  "normalized_input_overlap": 1.0,
  "holdout_overlap": 0.0,
  "normalized_holdout_overlap": 0.0,
  "nearest_input_similarity_mean": 1.0,
  "nearest_input_similarity_median": 1.0,
  "nearest_input_similarity_p90": 1.0,
  "nearest_char3_jaccard_mean": 1.0,
  "nearest_char3_jaccard_median": 1.0,
  "nearest_char3_jaccard_p90": 1.0,
  "nearest_token_jaccard_mean": 0.997,
  "nearest_token_jaccard_median": 1.0,
  "nearest_token_jaccard_p90": 1.0,
  "nearest_edit_similarity_mean": 0.9948662681594499,
  "nearest_edit_similarity_median": 1.0,
  "nearest_edit_similarity_p90": 1.0,
  "nearest_feature_cosine_mean": 0.9999008614369993,
  "nearest_feature_cosine_median": 1.0,
  "nearest_feature_cosine_p90": 1.0000000000000002,
  "nearest_input_distance_mean": 0.0,
  "nearest_input_distance_median": 0.0,
  "nearest_input_distance_p90": 0.0,
  "mean_nearest_similarity": 1.0,
  "median_nearest_similarity": 1.0,
  "p90_nearest_similarity": 1.0,
  "unique_nearest_payload_rate": 0.6525,
  "dominant_retrieved_payload_share": 0.0095,
  "nearest_reference_count": 9049,
  "distinct_1": 0.058786346396965866,
  "distinct_2": 0.16991886468723646,
  "distinct_3": 0.21035089343579297,
  "lexical_diversity": 0.058786346396965866,
  "character_diversity": 0.8114121700582352,
  "token_diversity": 0.612079121881066,
  "keyword_diversity": 0.6823904526170348,
  "operator_diversity": 0.6968819132763984,
  "function_diversity": 0.7389379577943573,
  "comment_style_diversity": 0.6666666666666666,
  "length_zone_diversity": 1.0,
  "self_bleu": 0.9795509203802035,
  "self_bleu_char": 0.9795509203802035,
  "requested_count": 2000,
  "generated_count_fraction": 1.0
}
