
[1/3] pretrain G
G epoch=1/80 loss=5.5150
G epoch=2/80 loss=5.4218
G epoch=3/80 loss=5.3056
G epoch=4/80 loss=5.1273
G epoch=5/80 loss=4.9003
G epoch=6/80 loss=4.6500
G epoch=7/80 loss=4.3628
G epoch=8/80 loss=4.1033
G epoch=9/80 loss=3.9350
G epoch=10/80 loss=3.8717
G epoch=11/80 loss=3.8459
G epoch=12/80 loss=3.6738
G epoch=13/80 loss=3.6825
G epoch=14/80 loss=3.6744
G epoch=15/80 loss=3.5715
G epoch=16/80 loss=3.5879
G epoch=17/80 loss=3.4841
G epoch=18/80 loss=3.4556
G epoch=19/80 loss=3.4224
G epoch=20/80 loss=3.3941
G epoch=21/80 loss=3.3436
G epoch=22/80 loss=3.3334
G epoch=23/80 loss=3.2433
G epoch=24/80 loss=3.1794
G epoch=25/80 loss=3.0977
G epoch=26/80 loss=3.0926
G epoch=27/80 loss=3.0766
G epoch=28/80 loss=3.0197
G epoch=29/80 loss=2.9738
G epoch=30/80 loss=2.9167
G epoch=31/80 loss=2.8167
G epoch=32/80 loss=2.7941
G epoch=33/80 loss=2.7815
G epoch=34/80 loss=2.7000
G epoch=35/80 loss=2.7477
G epoch=36/80 loss=2.7154
G epoch=37/80 loss=2.6868
G epoch=38/80 loss=2.5696
G epoch=39/80 loss=2.5853
G epoch=40/80 loss=2.5765
G epoch=41/80 loss=2.5383
G epoch=42/80 loss=2.4713
G epoch=43/80 loss=2.4255
G epoch=44/80 loss=2.4233
G epoch=45/80 loss=2.3876
G epoch=46/80 loss=2.3211
G epoch=47/80 loss=2.3214
G epoch=48/80 loss=2.2773
G epoch=49/80 loss=2.2719
G epoch=50/80 loss=2.2573
G epoch=51/80 loss=2.1834
G epoch=52/80 loss=2.2234
G epoch=53/80 loss=2.1683
G epoch=54/80 loss=2.1332
G epoch=55/80 loss=2.1670
G epoch=56/80 loss=2.0688
G epoch=57/80 loss=2.0779
G epoch=58/80 loss=2.0056
G epoch=59/80 loss=2.0281
G epoch=60/80 loss=1.9815
G epoch=61/80 loss=2.0122
G epoch=62/80 loss=2.0030
G epoch=63/80 loss=1.9750
G epoch=64/80 loss=1.9232
G epoch=65/80 loss=1.8999
G epoch=66/80 loss=1.9101
G epoch=67/80 loss=1.8796
G epoch=68/80 loss=1.8764
G epoch=69/80 loss=1.9147
G epoch=70/80 loss=1.8417
G epoch=71/80 loss=1.8363
G epoch=72/80 loss=1.8313
G epoch=73/80 loss=1.7874
G epoch=74/80 loss=1.8005
G epoch=75/80 loss=1.7493
G epoch=76/80 loss=1.7422
G epoch=77/80 loss=1.7497
G epoch=78/80 loss=1.7345
G epoch=79/80 loss=1.7548
G epoch=80/80 loss=1.7316

[2/3] pretrain D
D step=1/30 epoch=1/3 loss=0.7574 l2=0.2000 label_smoothing=0.050
D step=1/30 epoch=2/3 loss=0.7286 l2=0.2000 label_smoothing=0.050
D step=1/30 epoch=3/3 loss=0.7504 l2=0.2000 label_smoothing=0.050
D step=2/30 epoch=1/3 loss=0.7238 l2=0.2000 label_smoothing=0.050
D step=2/30 epoch=2/3 loss=0.6963 l2=0.2000 label_smoothing=0.050
D step=2/30 epoch=3/3 loss=0.6670 l2=0.2000 label_smoothing=0.050
D step=3/30 epoch=1/3 loss=0.6523 l2=0.2000 label_smoothing=0.050
D step=3/30 epoch=2/3 loss=0.6558 l2=0.2000 label_smoothing=0.050
D step=3/30 epoch=3/3 loss=0.6258 l2=0.2000 label_smoothing=0.050
D step=4/30 epoch=1/3 loss=0.6214 l2=0.2000 label_smoothing=0.050
D step=4/30 epoch=2/3 loss=0.5914 l2=0.2000 label_smoothing=0.050
D step=4/30 epoch=3/3 loss=0.5701 l2=0.2000 label_smoothing=0.050
D step=5/30 epoch=1/3 loss=0.5838 l2=0.2000 label_smoothing=0.050
D step=5/30 epoch=2/3 loss=0.5475 l2=0.2000 label_smoothing=0.050
D step=5/30 epoch=3/3 loss=0.5572 l2=0.2000 label_smoothing=0.050
D step=6/30 epoch=1/3 loss=0.5239 l2=0.2000 label_smoothing=0.050
D step=6/30 epoch=2/3 loss=0.5090 l2=0.2000 label_smoothing=0.050
D step=6/30 epoch=3/3 loss=0.4943 l2=0.2000 label_smoothing=0.050
D step=7/30 epoch=1/3 loss=0.4953 l2=0.2000 label_smoothing=0.050
D step=7/30 epoch=2/3 loss=0.5031 l2=0.2000 label_smoothing=0.050
D step=7/30 epoch=3/3 loss=0.4744 l2=0.2000 label_smoothing=0.050
D step=8/30 epoch=1/3 loss=0.4489 l2=0.2000 label_smoothing=0.050
D step=8/30 epoch=2/3 loss=0.4526 l2=0.2000 label_smoothing=0.050
D step=8/30 epoch=3/3 loss=0.4224 l2=0.2000 label_smoothing=0.050
D step=9/30 epoch=1/3 loss=0.4041 l2=0.2000 label_smoothing=0.050
D step=9/30 epoch=2/3 loss=0.4084 l2=0.2000 label_smoothing=0.050
D step=9/30 epoch=3/3 loss=0.3949 l2=0.2000 label_smoothing=0.050
D step=10/30 epoch=1/3 loss=0.3805 l2=0.2000 label_smoothing=0.050
D step=10/30 epoch=2/3 loss=0.3764 l2=0.2000 label_smoothing=0.050
D step=10/30 epoch=3/3 loss=0.3545 l2=0.2000 label_smoothing=0.050
D step=11/30 epoch=1/3 loss=0.3604 l2=0.2000 label_smoothing=0.050
D step=11/30 epoch=2/3 loss=0.3656 l2=0.2000 label_smoothing=0.050
D step=11/30 epoch=3/3 loss=0.3548 l2=0.2000 label_smoothing=0.050
D step=12/30 epoch=1/3 loss=0.3492 l2=0.2000 label_smoothing=0.050
D step=12/30 epoch=2/3 loss=0.3436 l2=0.2000 label_smoothing=0.050
D step=12/30 epoch=3/3 loss=0.3349 l2=0.2000 label_smoothing=0.050
D step=13/30 epoch=1/3 loss=0.3146 l2=0.2000 label_smoothing=0.050
D step=13/30 epoch=2/3 loss=0.3148 l2=0.2000 label_smoothing=0.050
D step=13/30 epoch=3/3 loss=0.3062 l2=0.2000 label_smoothing=0.050
D step=14/30 epoch=1/3 loss=0.3133 l2=0.2000 label_smoothing=0.050
D step=14/30 epoch=2/3 loss=0.2987 l2=0.2000 label_smoothing=0.050
D step=14/30 epoch=3/3 loss=0.2873 l2=0.2000 label_smoothing=0.050
D step=15/30 epoch=1/3 loss=0.2977 l2=0.2000 label_smoothing=0.050
D step=15/30 epoch=2/3 loss=0.2933 l2=0.2000 label_smoothing=0.050
D step=15/30 epoch=3/3 loss=0.2901 l2=0.2000 label_smoothing=0.050
D step=16/30 epoch=1/3 loss=0.2830 l2=0.2000 label_smoothing=0.050
D step=16/30 epoch=2/3 loss=0.2756 l2=0.2000 label_smoothing=0.050
D step=16/30 epoch=3/3 loss=0.2732 l2=0.2000 label_smoothing=0.050
D step=17/30 epoch=1/3 loss=0.2734 l2=0.2000 label_smoothing=0.050
D step=17/30 epoch=2/3 loss=0.2738 l2=0.2000 label_smoothing=0.050
D step=17/30 epoch=3/3 loss=0.2709 l2=0.2000 label_smoothing=0.050
D step=18/30 epoch=1/3 loss=0.2528 l2=0.2000 label_smoothing=0.050
D step=18/30 epoch=2/3 loss=0.2488 l2=0.2000 label_smoothing=0.050
D step=18/30 epoch=3/3 loss=0.2447 l2=0.2000 label_smoothing=0.050
D step=19/30 epoch=1/3 loss=0.2431 l2=0.2000 label_smoothing=0.050
D step=19/30 epoch=2/3 loss=0.2388 l2=0.2000 label_smoothing=0.050
D step=19/30 epoch=3/3 loss=0.2416 l2=0.2000 label_smoothing=0.050
D step=20/30 epoch=1/3 loss=0.2338 l2=0.2000 label_smoothing=0.050
D step=20/30 epoch=2/3 loss=0.2318 l2=0.2000 label_smoothing=0.050
D step=20/30 epoch=3/3 loss=0.2304 l2=0.2000 label_smoothing=0.050
D step=21/30 epoch=1/3 loss=0.2302 l2=0.2000 label_smoothing=0.050
D step=21/30 epoch=2/3 loss=0.2309 l2=0.2000 label_smoothing=0.050
D step=21/30 epoch=3/3 loss=0.2256 l2=0.2000 label_smoothing=0.050
D step=22/30 epoch=1/3 loss=0.2558 l2=0.2000 label_smoothing=0.050
D step=22/30 epoch=2/3 loss=0.2582 l2=0.2000 label_smoothing=0.050
D step=22/30 epoch=3/3 loss=0.2566 l2=0.2000 label_smoothing=0.050
D step=23/30 epoch=1/3 loss=0.2386 l2=0.2000 label_smoothing=0.050
D step=23/30 epoch=2/3 loss=0.2404 l2=0.2000 label_smoothing=0.050
D step=23/30 epoch=3/3 loss=0.2399 l2=0.2000 label_smoothing=0.050
D step=24/30 epoch=1/3 loss=0.2349 l2=0.2000 label_smoothing=0.050
D step=24/30 epoch=2/3 loss=0.2304 l2=0.2000 label_smoothing=0.050
D step=24/30 epoch=3/3 loss=0.2300 l2=0.2000 label_smoothing=0.050
D step=25/30 epoch=1/3 loss=0.2156 l2=0.2000 label_smoothing=0.050
D step=25/30 epoch=2/3 loss=0.2173 l2=0.2000 label_smoothing=0.050
D step=25/30 epoch=3/3 loss=0.2145 l2=0.2000 label_smoothing=0.050
D step=26/30 epoch=1/3 loss=0.2215 l2=0.2000 label_smoothing=0.050
D step=26/30 epoch=2/3 loss=0.2166 l2=0.2000 label_smoothing=0.050
D step=26/30 epoch=3/3 loss=0.2140 l2=0.2000 label_smoothing=0.050
D step=27/30 epoch=1/3 loss=0.2151 l2=0.2000 label_smoothing=0.050
D step=27/30 epoch=2/3 loss=0.2150 l2=0.2000 label_smoothing=0.050
D step=27/30 epoch=3/3 loss=0.2156 l2=0.2000 label_smoothing=0.050
D step=28/30 epoch=1/3 loss=0.2109 l2=0.2000 label_smoothing=0.050
D step=28/30 epoch=2/3 loss=0.2083 l2=0.2000 label_smoothing=0.050
D step=28/30 epoch=3/3 loss=0.2081 l2=0.2000 label_smoothing=0.050
D step=29/30 epoch=1/3 loss=0.2087 l2=0.2000 label_smoothing=0.050
D step=29/30 epoch=2/3 loss=0.2080 l2=0.2000 label_smoothing=0.050
D step=29/30 epoch=3/3 loss=0.2070 l2=0.2000 label_smoothing=0.050
D step=30/30 epoch=1/3 loss=0.2138 l2=0.2000 label_smoothing=0.050
D step=30/30 epoch=2/3 loss=0.2135 l2=0.2000 label_smoothing=0.050
D step=30/30 epoch=3/3 loss=0.2115 l2=0.2000 label_smoothing=0.050

[3/3] adversarial
generator_reward_mode=on reward_alpha=0.700 d_steps=5 d_epochs=3
D step=1/5 epoch=1/3 loss=0.2135 l2=0.2000 label_smoothing=0.050
D step=1/5 epoch=2/3 loss=0.2075 l2=0.2000 label_smoothing=0.050
D step=1/5 epoch=3/3 loss=0.2031 l2=0.2000 label_smoothing=0.050
D step=2/5 epoch=1/3 loss=0.2025 l2=0.2000 label_smoothing=0.050
D step=2/5 epoch=2/3 loss=0.1999 l2=0.2000 label_smoothing=0.050
D step=2/5 epoch=3/3 loss=0.1979 l2=0.2000 label_smoothing=0.050
D step=3/5 epoch=1/3 loss=0.2027 l2=0.2000 label_smoothing=0.050
D step=3/5 epoch=2/3 loss=0.1999 l2=0.2000 label_smoothing=0.050
D step=3/5 epoch=3/3 loss=0.1971 l2=0.2000 label_smoothing=0.050
D step=4/5 epoch=1/3 loss=0.1969 l2=0.2000 label_smoothing=0.050
D step=4/5 epoch=2/3 loss=0.1963 l2=0.2000 label_smoothing=0.050
D step=4/5 epoch=3/3 loss=0.1941 l2=0.2000 label_smoothing=0.050
D step=5/5 epoch=1/3 loss=0.1857 l2=0.2000 label_smoothing=0.050
D step=5/5 epoch=2/3 loss=0.1829 l2=0.2000 label_smoothing=0.050
D step=5/5 epoch=3/3 loss=0.1822 l2=0.2000 label_smoothing=0.050
ADV epoch=1/60 g_loss=0.5311 d_loss=0.1975 reward=0.2287 reward_var=0.0059 unique=1.0000
D step=1/5 epoch=1/3 loss=0.1979 l2=0.2000 label_smoothing=0.050
D step=1/5 epoch=2/3 loss=0.1918 l2=0.2000 label_smoothing=0.050
D step=1/5 epoch=3/3 loss=0.1872 l2=0.2000 label_smoothing=0.050
D step=2/5 epoch=1/3 loss=0.1883 l2=0.2000 label_smoothing=0.050
D step=2/5 epoch=2/3 loss=0.1865 l2=0.2000 label_smoothing=0.050
D step=2/5 epoch=3/3 loss=0.1840 l2=0.2000 label_smoothing=0.050
D step=3/5 epoch=1/3 loss=0.1820 l2=0.2000 label_smoothing=0.050
D step=3/5 epoch=2/3 loss=0.1800 l2=0.2000 label_smoothing=0.050
D step=3/5 epoch=3/3 loss=0.1797 l2=0.2000 label_smoothing=0.050
D step=4/5 epoch=1/3 loss=0.1783 l2=0.2000 label_smoothing=0.050
D step=4/5 epoch=2/3 loss=0.1789 l2=0.2000 label_smoothing=0.050
D step=4/5 epoch=3/3 loss=0.1785 l2=0.2000 label_smoothing=0.050
D step=5/5 epoch=1/3 loss=0.1776 l2=0.2000 label_smoothing=0.050
D step=5/5 epoch=2/3 loss=0.1748 l2=0.2000 label_smoothing=0.050
D step=5/5 epoch=3/3 loss=0.1742 l2=0.2000 label_smoothing=0.050
ADV epoch=2/60 g_loss=0.5595 d_loss=0.1827 reward=0.2427 reward_var=0.0052 unique=1.0000
D step=1/5 epoch=1/3 loss=0.1766 l2=0.2000 label_smoothing=0.050
D step=1/5 epoch=2/3 loss=0.1738 l2=0.2000 label_smoothing=0.050
D step=1/5 epoch=3/3 loss=0.1742 l2=0.2000 label_smoothing=0.050
D step=2/5 epoch=1/3 loss=0.1792 l2=0.2000 label_smoothing=0.050
D step=2/5 epoch=2/3 loss=0.1772 l2=0.2000 label_smoothing=0.050
D step=2/5 epoch=3/3 loss=0.1736 l2=0.2000 label_smoothing=0.050
D step=3/5 epoch=1/3 loss=0.1760 l2=0.2000 label_smoothing=0.050
D step=3/5 epoch=2/3 loss=0.1741 l2=0.2000 label_smoothing=0.050
D step=3/5 epoch=3/3 loss=0.1725 l2=0.2000 label_smoothing=0.050
D step=4/5 epoch=1/3 loss=0.1738 l2=0.2000 label_smoothing=0.050
D step=4/5 epoch=2/3 loss=0.1726 l2=0.2000 label_smoothing=0.050
D step=4/5 epoch=3/3 loss=0.1704 l2=0.2000 label_smoothing=0.050
D step=5/5 epoch=1/3 loss=0.1705 l2=0.2000 label_smoothing=0.050
D step=5/5 epoch=2/3 loss=0.1691 l2=0.2000 label_smoothing=0.050
D step=5/5 epoch=3/3 loss=0.1687 l2=0.2000 label_smoothing=0.050
ADV epoch=3/60 g_loss=0.6034 d_loss=0.1735 reward=0.2537 reward_var=0.0056 unique=1.0000
saved 500 raw samples to /content/drive/MyDrive/GAN/GAN_SQLi_Colab/results_seqgan_phase2b_phase3/phase3/seqgan_improved/error/D/R200/V8/generated_payloads.csv
