{
  "metric_schema_version": "quality-metrics-v3",
  "normalization_version": "nfkc_html_percent1_casefold_ws_quotes_v1",
  "seed": 88,
  "method": "smote",
  "family": "error",
  "scenario": "B",
  "ratio": "full",
  "generation_kind": "retrieval",
  "schema_valid": true,
  "stop_reason": "n/a",
  "n_generated": 500,
  "unique_rate": 0.746,
  "normalized_unique_rate": 0.746,
  "duplicate_rate": 0.254,
  "model_collapse_rate": 0.254,
  "dominant_payload_share": 0.008,
  "normalized_dominant_payload_share": 0.008,
  "sql_parse_rate": 1.0,
  "sql_structure_rate": 1.0,
  "family_motif_coverage": 0.875,
  "family_motif_hit_rate": 0.72,
  "garbage_rate": 0.0,
  "wellformed_rate": 1.0,
  "shaped_rate": 1.0,
  "family_motif_coverage_by_family": {
    "error": 0.875
  },
  "family_motif_hit_rate_by_family": {
    "error": 0.72
  },
  "inferred_family_distribution": {
    "boolean": 0.082,
    "union": 0.196,
    "time": 0.0,
    "error": 0.72,
    "other": 0.002
  },
  "train_reference_count": 1036,
  "holdout_reference_count": 259,
  "exact_input_overlap": 1.0,
  "normalized_input_overlap": 1.0,
  "holdout_overlap": 0.0,
  "normalized_holdout_overlap": 0.0,
  "nearest_input_similarity_mean": 1.0,
  "nearest_input_similarity_median": 1.0,
  "nearest_input_similarity_p90": 1.0,
  "nearest_char3_jaccard_mean": 1.0,
  "nearest_char3_jaccard_median": 1.0,
  "nearest_char3_jaccard_p90": 1.0,
  "nearest_token_jaccard_mean": 0.9912000000000001,
  "nearest_token_jaccard_median": 1.0,
  "nearest_token_jaccard_p90": 1.0,
  "nearest_edit_similarity_mean": 0.9991425879718473,
  "nearest_edit_similarity_median": 1.0,
  "nearest_edit_similarity_p90": 1.0,
  "nearest_feature_cosine_mean": 0.9999871167328183,
  "nearest_feature_cosine_median": 1.0,
  "nearest_feature_cosine_p90": 1.0000000000000002,
  "nearest_input_distance_mean": 0.0,
  "nearest_input_distance_median": 0.0,
  "nearest_input_distance_p90": 0.0,
  "mean_nearest_similarity": 1.0,
  "median_nearest_similarity": 1.0,
  "p90_nearest_similarity": 1.0,
  "unique_nearest_payload_rate": 0.732,
  "dominant_retrieved_payload_share": 0.012,
  "nearest_reference_count": 1036,
  "distinct_1": 0.04126538682313923,
  "distinct_2": 0.10778048619803676,
  "distinct_3": 0.12827849308536005,
  "lexical_diversity": 0.04126538682313923,
  "character_diversity": 0.787703817633357,
  "token_diversity": 0.6111503582332265,
  "keyword_diversity": 0.8291196621955753,
  "operator_diversity": 0.6516490965361647,
  "function_diversity": 0.7323529813745235,
  "comment_style_diversity": 0.6666666666666666,
  "length_zone_diversity": 0.4,
  "self_bleu": 0.9889927375708002,
  "self_bleu_char": 0.9889927375708002,
  "requested_count": 500,
  "generated_count_fraction": 1.0
}
