{
  "metric_schema_version": "quality-metrics-v3",
  "normalization_version": "nfkc_html_percent1_casefold_ws_quotes_v1",
  "seed": 88,
  "method": "seqgan_master",
  "family": "boolean",
  "scenario": "D",
  "ratio": "50",
  "generation_kind": "direct",
  "schema_valid": true,
  "stop_reason": "n/a",
  "n_generated": 200,
  "unique_rate": 1.0,
  "normalized_unique_rate": 1.0,
  "duplicate_rate": 0.0,
  "model_collapse_rate": 0.0,
  "dominant_payload_share": 0.005,
  "normalized_dominant_payload_share": 0.005,
  "sql_parse_rate": 1.0,
  "sql_structure_rate": 0.085,
  "family_motif_coverage": 0.25,
  "family_motif_hit_rate": 0.01,
  "garbage_rate": 0.915,
  "wellformed_rate": 1.0,
  "shaped_rate": 0.085,
  "family_motif_coverage_by_family": {
    "boolean": 0.25
  },
  "family_motif_hit_rate_by_family": {
    "boolean": 0.01
  },
  "inferred_family_distribution": {
    "boolean": 0.01,
    "union": 0.0,
    "time": 0.0,
    "error": 0.0,
    "other": 0.99
  },
  "train_reference_count": 312,
  "holdout_reference_count": 917,
  "exact_input_overlap": 0.0,
  "normalized_input_overlap": 0.0,
  "holdout_overlap": 0.0,
  "normalized_holdout_overlap": 0.0,
  "nearest_input_similarity_mean": 0.08899507896691158,
  "nearest_input_similarity_median": 0.08,
  "nearest_input_similarity_p90": 0.15174825174825174,
  "nearest_char3_jaccard_mean": 0.08899507896691158,
  "nearest_char3_jaccard_median": 0.08,
  "nearest_char3_jaccard_p90": 0.15174825174825174,
  "nearest_token_jaccard_mean": 0.07466924081250706,
  "nearest_token_jaccard_median": 0.058823529411764705,
  "nearest_token_jaccard_p90": 0.21428571428571427,
  "nearest_edit_similarity_mean": 0.176643710336522,
  "nearest_edit_similarity_median": 0.1724137931034483,
  "nearest_edit_similarity_p90": 0.24137931034482762,
  "nearest_feature_cosine_mean": 0.7924645457414675,
  "nearest_feature_cosine_median": 0.823497803646122,
  "nearest_feature_cosine_p90": 0.9131063743954813,
  "nearest_input_distance_mean": 0.9110049210330884,
  "nearest_input_distance_median": 0.92,
  "nearest_input_distance_p90": 0.9636363636363636,
  "mean_nearest_similarity": 0.08899507896691158,
  "median_nearest_similarity": 0.08,
  "p90_nearest_similarity": 0.15174825174825174,
  "unique_nearest_payload_rate": 0.265,
  "dominant_retrieved_payload_share": 0.23,
  "nearest_reference_count": 312,
  "distinct_1": 0.3103103103103103,
  "distinct_2": 0.6770963704630788,
  "distinct_3": 0.9,
  "lexical_diversity": 0.3103103103103103,
  "character_diversity": 0.8269116276600968,
  "token_diversity": 0.7162948969066626,
  "keyword_diversity": 0.8737297120584877,
  "operator_diversity": 0.8596593618611104,
  "function_diversity": 0.9745862879102147,
  "comment_style_diversity": 0.0,
  "length_zone_diversity": 0.2,
  "self_bleu": 0.6169007559085655,
  "self_bleu_char": 0.6169007559085655,
  "requested_count": 200,
  "generated_count_fraction": 1.0
}
