
[1/3] pretrain G
G epoch=1/60 loss=3.4649
G epoch=2/60 loss=2.3078
G epoch=3/60 loss=1.9454
G epoch=4/60 loss=1.7034
G epoch=5/60 loss=1.5229
G epoch=6/60 loss=1.3662
G epoch=7/60 loss=1.2345
G epoch=8/60 loss=1.1235
G epoch=9/60 loss=1.0253
G epoch=10/60 loss=0.9490
G epoch=11/60 loss=0.8814
G epoch=12/60 loss=0.8363
G epoch=13/60 loss=0.7982
G epoch=14/60 loss=0.7718
G epoch=15/60 loss=0.7404
G epoch=16/60 loss=0.7191
G epoch=17/60 loss=0.7231
G epoch=18/60 loss=0.6833
G epoch=19/60 loss=0.6535
G epoch=20/60 loss=0.6337
G epoch=21/60 loss=0.6214
G epoch=22/60 loss=0.6133
G epoch=23/60 loss=0.5986
G epoch=24/60 loss=0.5839
G epoch=25/60 loss=0.5766
G epoch=26/60 loss=0.5687
G epoch=27/60 loss=0.5677
G epoch=28/60 loss=0.5488
G epoch=29/60 loss=0.5395
G epoch=30/60 loss=0.5287
G epoch=31/60 loss=0.5249
G epoch=32/60 loss=0.5224
G epoch=33/60 loss=0.5165
G epoch=34/60 loss=0.5107
G epoch=35/60 loss=0.5078
G epoch=36/60 loss=0.4990
G epoch=37/60 loss=0.4960
G epoch=38/60 loss=0.4900
G epoch=39/60 loss=0.4877
G epoch=40/60 loss=0.4856
G epoch=41/60 loss=0.4804
G epoch=42/60 loss=0.4777
G epoch=43/60 loss=0.4704
G epoch=44/60 loss=0.4711
G epoch=45/60 loss=0.4682
G epoch=46/60 loss=0.4633
G epoch=47/60 loss=0.4582
G epoch=48/60 loss=0.4593
G epoch=49/60 loss=0.4550
G epoch=50/60 loss=0.4521
G epoch=51/60 loss=0.4490
G epoch=52/60 loss=0.4469
G epoch=53/60 loss=0.4463
G epoch=54/60 loss=0.4447
G epoch=55/60 loss=0.4407
G epoch=56/60 loss=0.4386
G epoch=57/60 loss=0.4381
G epoch=58/60 loss=0.4352
G epoch=59/60 loss=0.4301
G epoch=60/60 loss=0.4281

[2/3] pretrain D
D step=1/30 epoch=1/3 loss=0.8194 l2=0.2000 label_smoothing=0.000
D step=1/30 epoch=2/3 loss=0.7402 l2=0.2000 label_smoothing=0.000
D step=1/30 epoch=3/3 loss=0.7103 l2=0.2000 label_smoothing=0.000
D step=2/30 epoch=1/3 loss=0.7086 l2=0.2000 label_smoothing=0.000
D step=2/30 epoch=2/3 loss=0.6839 l2=0.2000 label_smoothing=0.000
D step=2/30 epoch=3/3 loss=0.6510 l2=0.2000 label_smoothing=0.000
D step=3/30 epoch=1/3 loss=0.6614 l2=0.2000 label_smoothing=0.000
D step=3/30 epoch=2/3 loss=0.6454 l2=0.2000 label_smoothing=0.000
D step=3/30 epoch=3/3 loss=0.6191 l2=0.2000 label_smoothing=0.000
D step=4/30 epoch=1/3 loss=0.6299 l2=0.2000 label_smoothing=0.000
D step=4/30 epoch=2/3 loss=0.5924 l2=0.2000 label_smoothing=0.000
D step=4/30 epoch=3/3 loss=0.5682 l2=0.2000 label_smoothing=0.000
D step=5/30 epoch=1/3 loss=0.6030 l2=0.2000 label_smoothing=0.000
D step=5/30 epoch=2/3 loss=0.5842 l2=0.2000 label_smoothing=0.000
D step=5/30 epoch=3/3 loss=0.5591 l2=0.2000 label_smoothing=0.000
D step=6/30 epoch=1/3 loss=0.5787 l2=0.2000 label_smoothing=0.000
D step=6/30 epoch=2/3 loss=0.5874 l2=0.2000 label_smoothing=0.000
D step=6/30 epoch=3/3 loss=0.6059 l2=0.2000 label_smoothing=0.000
D step=7/30 epoch=1/3 loss=0.5732 l2=0.2000 label_smoothing=0.000
D step=7/30 epoch=2/3 loss=0.5743 l2=0.2000 label_smoothing=0.000
D step=7/30 epoch=3/3 loss=0.5594 l2=0.2000 label_smoothing=0.000
D step=8/30 epoch=1/3 loss=0.5649 l2=0.2000 label_smoothing=0.000
D step=8/30 epoch=2/3 loss=0.5336 l2=0.2000 label_smoothing=0.000
D step=8/30 epoch=3/3 loss=0.5179 l2=0.2000 label_smoothing=0.000
D step=9/30 epoch=1/3 loss=0.5491 l2=0.2000 label_smoothing=0.000
D step=9/30 epoch=2/3 loss=0.5236 l2=0.2000 label_smoothing=0.000
D step=9/30 epoch=3/3 loss=0.5152 l2=0.2000 label_smoothing=0.000
D step=10/30 epoch=1/3 loss=0.5356 l2=0.2000 label_smoothing=0.000
D step=10/30 epoch=2/3 loss=0.5038 l2=0.2000 label_smoothing=0.000
D step=10/30 epoch=3/3 loss=0.4961 l2=0.2000 label_smoothing=0.000
D step=11/30 epoch=1/3 loss=0.5142 l2=0.2000 label_smoothing=0.000
D step=11/30 epoch=2/3 loss=0.4785 l2=0.2000 label_smoothing=0.000
D step=11/30 epoch=3/3 loss=0.4710 l2=0.2000 label_smoothing=0.000
D step=12/30 epoch=1/3 loss=0.5158 l2=0.2000 label_smoothing=0.000
D step=12/30 epoch=2/3 loss=0.4845 l2=0.2000 label_smoothing=0.000
D step=12/30 epoch=3/3 loss=0.4671 l2=0.2000 label_smoothing=0.000
D step=13/30 epoch=1/3 loss=0.5015 l2=0.2000 label_smoothing=0.000
D step=13/30 epoch=2/3 loss=0.4712 l2=0.2000 label_smoothing=0.000
D step=13/30 epoch=3/3 loss=0.4544 l2=0.2000 label_smoothing=0.000
D step=14/30 epoch=1/3 loss=0.5054 l2=0.2000 label_smoothing=0.000
D step=14/30 epoch=2/3 loss=0.4752 l2=0.2000 label_smoothing=0.000
D step=14/30 epoch=3/3 loss=0.4707 l2=0.2000 label_smoothing=0.000
D step=15/30 epoch=1/3 loss=0.4921 l2=0.2000 label_smoothing=0.000
D step=15/30 epoch=2/3 loss=0.4606 l2=0.2000 label_smoothing=0.000
D step=15/30 epoch=3/3 loss=0.4518 l2=0.2000 label_smoothing=0.000
D step=16/30 epoch=1/3 loss=0.5054 l2=0.2000 label_smoothing=0.000
D step=16/30 epoch=2/3 loss=0.4715 l2=0.2000 label_smoothing=0.000
D step=16/30 epoch=3/3 loss=0.4656 l2=0.2000 label_smoothing=0.000
D step=17/30 epoch=1/3 loss=0.5150 l2=0.2000 label_smoothing=0.000
D step=17/30 epoch=2/3 loss=0.4788 l2=0.2000 label_smoothing=0.000
D step=17/30 epoch=3/3 loss=0.4691 l2=0.2000 label_smoothing=0.000
D step=18/30 epoch=1/3 loss=0.4719 l2=0.2000 label_smoothing=0.000
D step=18/30 epoch=2/3 loss=0.4495 l2=0.2000 label_smoothing=0.000
D step=18/30 epoch=3/3 loss=0.4338 l2=0.2000 label_smoothing=0.000
D step=19/30 epoch=1/3 loss=0.4780 l2=0.2000 label_smoothing=0.000
D step=19/30 epoch=2/3 loss=0.4561 l2=0.2000 label_smoothing=0.000
D step=19/30 epoch=3/3 loss=0.4664 l2=0.2000 label_smoothing=0.000
D step=20/30 epoch=1/3 loss=0.4971 l2=0.2000 label_smoothing=0.000
D step=20/30 epoch=2/3 loss=0.4641 l2=0.2000 label_smoothing=0.000
D step=20/30 epoch=3/3 loss=0.4487 l2=0.2000 label_smoothing=0.000
D step=21/30 epoch=1/3 loss=0.4723 l2=0.2000 label_smoothing=0.000
D step=21/30 epoch=2/3 loss=0.4454 l2=0.2000 label_smoothing=0.000
D step=21/30 epoch=3/3 loss=0.4320 l2=0.2000 label_smoothing=0.000
D step=22/30 epoch=1/3 loss=0.4548 l2=0.2000 label_smoothing=0.000
D step=22/30 epoch=2/3 loss=0.4274 l2=0.2000 label_smoothing=0.000
D step=22/30 epoch=3/3 loss=0.4104 l2=0.2000 label_smoothing=0.000
D step=23/30 epoch=1/3 loss=0.4722 l2=0.2000 label_smoothing=0.000
D step=23/30 epoch=2/3 loss=0.4579 l2=0.2000 label_smoothing=0.000
D step=23/30 epoch=3/3 loss=0.4311 l2=0.2000 label_smoothing=0.000
D step=24/30 epoch=1/3 loss=0.4579 l2=0.2000 label_smoothing=0.000
D step=24/30 epoch=2/3 loss=0.4309 l2=0.2000 label_smoothing=0.000
D step=24/30 epoch=3/3 loss=0.4207 l2=0.2000 label_smoothing=0.000
D step=25/30 epoch=1/3 loss=0.4532 l2=0.2000 label_smoothing=0.000
D step=25/30 epoch=2/3 loss=0.4232 l2=0.2000 label_smoothing=0.000
D step=25/30 epoch=3/3 loss=0.4124 l2=0.2000 label_smoothing=0.000
D step=26/30 epoch=1/3 loss=0.4412 l2=0.2000 label_smoothing=0.000
D step=26/30 epoch=2/3 loss=0.4208 l2=0.2000 label_smoothing=0.000
D step=26/30 epoch=3/3 loss=0.4071 l2=0.2000 label_smoothing=0.000
D step=27/30 epoch=1/3 loss=0.4431 l2=0.2000 label_smoothing=0.000
D step=27/30 epoch=2/3 loss=0.4259 l2=0.2000 label_smoothing=0.000
D step=27/30 epoch=3/3 loss=0.4143 l2=0.2000 label_smoothing=0.000
D step=28/30 epoch=1/3 loss=0.4508 l2=0.2000 label_smoothing=0.000
D step=28/30 epoch=2/3 loss=0.4364 l2=0.2000 label_smoothing=0.000
D step=28/30 epoch=3/3 loss=0.4137 l2=0.2000 label_smoothing=0.000
D step=29/30 epoch=1/3 loss=0.4510 l2=0.2000 label_smoothing=0.000
D step=29/30 epoch=2/3 loss=0.4136 l2=0.2000 label_smoothing=0.000
D step=29/30 epoch=3/3 loss=0.3971 l2=0.2000 label_smoothing=0.000
D step=30/30 epoch=1/3 loss=0.4430 l2=0.2000 label_smoothing=0.000
D step=30/30 epoch=2/3 loss=0.4147 l2=0.2000 label_smoothing=0.000
D step=30/30 epoch=3/3 loss=0.4027 l2=0.2000 label_smoothing=0.000

[3/3] adversarial
generator_reward_mode=off reward_alpha=1.000 d_steps=5 d_epochs=3
D step=1/5 epoch=1/3 loss=0.3361 l2=0.2000 label_smoothing=0.000
D step=1/5 epoch=2/3 loss=0.2884 l2=0.2000 label_smoothing=0.000
D step=1/5 epoch=3/3 loss=0.2778 l2=0.2000 label_smoothing=0.000
D step=2/5 epoch=1/3 loss=0.3102 l2=0.2000 label_smoothing=0.000
D step=2/5 epoch=2/3 loss=0.2813 l2=0.2000 label_smoothing=0.000
D step=2/5 epoch=3/3 loss=0.2586 l2=0.2000 label_smoothing=0.000
D step=3/5 epoch=1/3 loss=0.2785 l2=0.2000 label_smoothing=0.000
D step=3/5 epoch=2/3 loss=0.2647 l2=0.2000 label_smoothing=0.000
D step=3/5 epoch=3/3 loss=0.2469 l2=0.2000 label_smoothing=0.000
D step=4/5 epoch=1/3 loss=0.2743 l2=0.2000 label_smoothing=0.000
D step=4/5 epoch=2/3 loss=0.2496 l2=0.2000 label_smoothing=0.000
D step=4/5 epoch=3/3 loss=0.2400 l2=0.2000 label_smoothing=0.000
D step=5/5 epoch=1/3 loss=0.2923 l2=0.2000 label_smoothing=0.000
D step=5/5 epoch=2/3 loss=0.2637 l2=0.2000 label_smoothing=0.000
D step=5/5 epoch=3/3 loss=0.2554 l2=0.2000 label_smoothing=0.000
ADV epoch=1/60 g_loss=0.0821 d_loss=0.2745 reward=0.2549 reward_var=0.0457 unique=0.9400
D step=1/5 epoch=1/3 loss=0.3898 l2=0.2000 label_smoothing=0.000
D step=1/5 epoch=2/3 loss=0.3217 l2=0.2000 label_smoothing=0.000
D step=1/5 epoch=3/3 loss=0.3142 l2=0.2000 label_smoothing=0.000
D step=2/5 epoch=1/3 loss=0.3472 l2=0.2000 label_smoothing=0.000
D step=2/5 epoch=2/3 loss=0.3179 l2=0.2000 label_smoothing=0.000
D step=2/5 epoch=3/3 loss=0.3158 l2=0.2000 label_smoothing=0.000
D step=3/5 epoch=1/3 loss=0.3544 l2=0.2000 label_smoothing=0.000
D step=3/5 epoch=2/3 loss=0.3180 l2=0.2000 label_smoothing=0.000
D step=3/5 epoch=3/3 loss=0.3122 l2=0.2000 label_smoothing=0.000
D step=4/5 epoch=1/3 loss=0.3526 l2=0.2000 label_smoothing=0.000
D step=4/5 epoch=2/3 loss=0.3343 l2=0.2000 label_smoothing=0.000
D step=4/5 epoch=3/3 loss=0.3174 l2=0.2000 label_smoothing=0.000
D step=5/5 epoch=1/3 loss=0.3614 l2=0.2000 label_smoothing=0.000
D step=5/5 epoch=2/3 loss=0.3420 l2=0.2000 label_smoothing=0.000
D step=5/5 epoch=3/3 loss=0.3266 l2=0.2000 label_smoothing=0.000
ADV epoch=2/60 g_loss=0.1058 d_loss=0.3350 reward=0.2856 reward_var=0.0765 unique=0.9600
D step=1/5 epoch=1/3 loss=0.4117 l2=0.2000 label_smoothing=0.000
D step=1/5 epoch=2/3 loss=0.3752 l2=0.2000 label_smoothing=0.000
D step=1/5 epoch=3/3 loss=0.3540 l2=0.2000 label_smoothing=0.000
D step=2/5 epoch=1/3 loss=0.3776 l2=0.2000 label_smoothing=0.000
D step=2/5 epoch=2/3 loss=0.3555 l2=0.2000 label_smoothing=0.000
D step=2/5 epoch=3/3 loss=0.3427 l2=0.2000 label_smoothing=0.000
D step=3/5 epoch=1/3 loss=0.3699 l2=0.2000 label_smoothing=0.000
D step=3/5 epoch=2/3 loss=0.3669 l2=0.2000 label_smoothing=0.000
D step=3/5 epoch=3/3 loss=0.3429 l2=0.2000 label_smoothing=0.000
D step=4/5 epoch=1/3 loss=0.3588 l2=0.2000 label_smoothing=0.000
D step=4/5 epoch=2/3 loss=0.3356 l2=0.2000 label_smoothing=0.000
D step=4/5 epoch=3/3 loss=0.3245 l2=0.2000 label_smoothing=0.000
D step=5/5 epoch=1/3 loss=0.3768 l2=0.2000 label_smoothing=0.000
D step=5/5 epoch=2/3 loss=0.3548 l2=0.2000 label_smoothing=0.000
D step=5/5 epoch=3/3 loss=0.3495 l2=0.2000 label_smoothing=0.000
ADV epoch=3/60 g_loss=0.0852 d_loss=0.3598 reward=0.2845 reward_var=0.0468 unique=0.9600
D step=1/5 epoch=1/3 loss=0.3664 l2=0.2000 label_smoothing=0.000
D step=1/5 epoch=2/3 loss=0.3467 l2=0.2000 label_smoothing=0.000
D step=1/5 epoch=3/3 loss=0.3251 l2=0.2000 label_smoothing=0.000
D step=2/5 epoch=1/3 loss=0.3521 l2=0.2000 label_smoothing=0.000
D step=2/5 epoch=2/3 loss=0.3278 l2=0.2000 label_smoothing=0.000
D step=2/5 epoch=3/3 loss=0.3254 l2=0.2000 label_smoothing=0.000
D step=3/5 epoch=1/3 loss=0.3430 l2=0.2000 label_smoothing=0.000
D step=3/5 epoch=2/3 loss=0.3288 l2=0.2000 label_smoothing=0.000
D step=3/5 epoch=3/3 loss=0.3208 l2=0.2000 label_smoothing=0.000
D step=4/5 epoch=1/3 loss=0.3510 l2=0.2000 label_smoothing=0.000
D step=4/5 epoch=2/3 loss=0.3277 l2=0.2000 label_smoothing=0.000
D step=4/5 epoch=3/3 loss=0.3206 l2=0.2000 label_smoothing=0.000
D step=5/5 epoch=1/3 loss=0.3412 l2=0.2000 label_smoothing=0.000
D step=5/5 epoch=2/3 loss=0.3314 l2=0.2000 label_smoothing=0.000
D step=5/5 epoch=3/3 loss=0.3236 l2=0.2000 label_smoothing=0.000
ADV epoch=4/60 g_loss=0.0824 d_loss=0.3354 reward=0.2991 reward_var=0.0401 unique=0.6000
D step=1/5 epoch=1/3 loss=0.2774 l2=0.2000 label_smoothing=0.000
D step=1/5 epoch=2/3 loss=0.2547 l2=0.2000 label_smoothing=0.000
D step=1/5 epoch=3/3 loss=0.2465 l2=0.2000 label_smoothing=0.000
D step=2/5 epoch=1/3 loss=0.2739 l2=0.2000 label_smoothing=0.000
D step=2/5 epoch=2/3 loss=0.2625 l2=0.2000 label_smoothing=0.000
D step=2/5 epoch=3/3 loss=0.2538 l2=0.2000 label_smoothing=0.000
D step=3/5 epoch=1/3 loss=0.2631 l2=0.2000 label_smoothing=0.000
D step=3/5 epoch=2/3 loss=0.2520 l2=0.2000 label_smoothing=0.000
D step=3/5 epoch=3/3 loss=0.2495 l2=0.2000 label_smoothing=0.000
D step=4/5 epoch=1/3 loss=0.2710 l2=0.2000 label_smoothing=0.000
D step=4/5 epoch=2/3 loss=0.2568 l2=0.2000 label_smoothing=0.000
D step=4/5 epoch=3/3 loss=0.2561 l2=0.2000 label_smoothing=0.000
D step=5/5 epoch=1/3 loss=0.2617 l2=0.2000 label_smoothing=0.000
D step=5/5 epoch=2/3 loss=0.2454 l2=0.2000 label_smoothing=0.000
D step=5/5 epoch=3/3 loss=0.2423 l2=0.2000 label_smoothing=0.000
ADV epoch=5/60 g_loss=0.0718 d_loss=0.2578 reward=0.2970 reward_var=0.0278 unique=0.4800
D step=1/5 epoch=1/3 loss=0.2405 l2=0.2000 label_smoothing=0.000
D step=1/5 epoch=2/3 loss=0.2228 l2=0.2000 label_smoothing=0.000
D step=1/5 epoch=3/3 loss=0.2202 l2=0.2000 label_smoothing=0.000
D step=2/5 epoch=1/3 loss=0.2477 l2=0.2000 label_smoothing=0.000
D step=2/5 epoch=2/3 loss=0.2315 l2=0.2000 label_smoothing=0.000
D step=2/5 epoch=3/3 loss=0.2312 l2=0.2000 label_smoothing=0.000
D step=3/5 epoch=1/3 loss=0.2436 l2=0.2000 label_smoothing=0.000
D step=3/5 epoch=2/3 loss=0.2288 l2=0.2000 label_smoothing=0.000
D step=3/5 epoch=3/3 loss=0.2264 l2=0.2000 label_smoothing=0.000
D step=4/5 epoch=1/3 loss=0.2558 l2=0.2000 label_smoothing=0.000
D step=4/5 epoch=2/3 loss=0.2382 l2=0.2000 label_smoothing=0.000
D step=4/5 epoch=3/3 loss=0.2344 l2=0.2000 label_smoothing=0.000
D step=5/5 epoch=1/3 loss=0.2439 l2=0.2000 label_smoothing=0.000
D step=5/5 epoch=2/3 loss=0.2287 l2=0.2000 label_smoothing=0.000
D step=5/5 epoch=3/3 loss=0.2268 l2=0.2000 label_smoothing=0.000
ADV epoch=6/60 g_loss=0.0724 d_loss=0.2347 reward=0.3486 reward_var=0.0485 unique=0.3600
D step=1/5 epoch=1/3 loss=0.2596 l2=0.2000 label_smoothing=0.000
D step=1/5 epoch=2/3 loss=0.2370 l2=0.2000 label_smoothing=0.000
D step=1/5 epoch=3/3 loss=0.2406 l2=0.2000 label_smoothing=0.000
D step=2/5 epoch=1/3 loss=0.2369 l2=0.2000 label_smoothing=0.000
D step=2/5 epoch=2/3 loss=0.2258 l2=0.2000 label_smoothing=0.000
D step=2/5 epoch=3/3 loss=0.2272 l2=0.2000 label_smoothing=0.000
D step=3/5 epoch=1/3 loss=0.2394 l2=0.2000 label_smoothing=0.000
D step=3/5 epoch=2/3 loss=0.2251 l2=0.2000 label_smoothing=0.000
D step=3/5 epoch=3/3 loss=0.2279 l2=0.2000 label_smoothing=0.000
D step=4/5 epoch=1/3 loss=0.2590 l2=0.2000 label_smoothing=0.000
D step=4/5 epoch=2/3 loss=0.2504 l2=0.2000 label_smoothing=0.000
D step=4/5 epoch=3/3 loss=0.2495 l2=0.2000 label_smoothing=0.000
D step=5/5 epoch=1/3 loss=0.2412 l2=0.2000 label_smoothing=0.000
D step=5/5 epoch=2/3 loss=0.2328 l2=0.2000 label_smoothing=0.000
D step=5/5 epoch=3/3 loss=0.2331 l2=0.2000 label_smoothing=0.000
ADV epoch=7/60 g_loss=0.0815 d_loss=0.2390 reward=0.4418 reward_var=0.0723 unique=0.3800
D step=1/5 epoch=1/3 loss=0.2110 l2=0.2000 label_smoothing=0.000
D step=1/5 epoch=2/3 loss=0.1972 l2=0.2000 label_smoothing=0.000
D step=1/5 epoch=3/3 loss=0.1945 l2=0.2000 label_smoothing=0.000
D step=2/5 epoch=1/3 loss=0.2064 l2=0.2000 label_smoothing=0.000
D step=2/5 epoch=2/3 loss=0.2000 l2=0.2000 label_smoothing=0.000
D step=2/5 epoch=3/3 loss=0.1963 l2=0.2000 label_smoothing=0.000
D step=3/5 epoch=1/3 loss=0.2230 l2=0.2000 label_smoothing=0.000
D step=3/5 epoch=2/3 loss=0.2080 l2=0.2000 label_smoothing=0.000
D step=3/5 epoch=3/3 loss=0.2042 l2=0.2000 label_smoothing=0.000
D step=4/5 epoch=1/3 loss=0.2197 l2=0.2000 label_smoothing=0.000
D step=4/5 epoch=2/3 loss=0.2102 l2=0.2000 label_smoothing=0.000
D step=4/5 epoch=3/3 loss=0.2067 l2=0.2000 label_smoothing=0.000
D step=5/5 epoch=1/3 loss=0.2086 l2=0.2000 label_smoothing=0.000
D step=5/5 epoch=2/3 loss=0.1999 l2=0.2000 label_smoothing=0.000
D step=5/5 epoch=3/3 loss=0.1974 l2=0.2000 label_smoothing=0.000
ADV epoch=8/60 g_loss=0.0533 d_loss=0.2055 reward=0.2928 reward_var=0.0338 unique=0.6400
D step=1/5 epoch=1/3 loss=0.2654 l2=0.2000 label_smoothing=0.000
D step=1/5 epoch=2/3 loss=0.2457 l2=0.2000 label_smoothing=0.000
D step=1/5 epoch=3/3 loss=0.2407 l2=0.2000 label_smoothing=0.000
D step=2/5 epoch=1/3 loss=0.2505 l2=0.2000 label_smoothing=0.000
D step=2/5 epoch=2/3 loss=0.2390 l2=0.2000 label_smoothing=0.000
D step=2/5 epoch=3/3 loss=0.2355 l2=0.2000 label_smoothing=0.000
D step=3/5 epoch=1/3 loss=0.2317 l2=0.2000 label_smoothing=0.000
D step=3/5 epoch=2/3 loss=0.2230 l2=0.2000 label_smoothing=0.000
D step=3/5 epoch=3/3 loss=0.2197 l2=0.2000 label_smoothing=0.000
D step=4/5 epoch=1/3 loss=0.2318 l2=0.2000 label_smoothing=0.000
D step=4/5 epoch=2/3 loss=0.2329 l2=0.2000 label_smoothing=0.000
D step=4/5 epoch=3/3 loss=0.2349 l2=0.2000 label_smoothing=0.000
D step=5/5 epoch=1/3 loss=0.2466 l2=0.2000 label_smoothing=0.000
D step=5/5 epoch=2/3 loss=0.2320 l2=0.2000 label_smoothing=0.000
D step=5/5 epoch=3/3 loss=0.2289 l2=0.2000 label_smoothing=0.000
ADV epoch=9/60 g_loss=0.0532 d_loss=0.2372 reward=0.2579 reward_var=0.0434 unique=0.3000
D step=1/5 epoch=1/3 loss=0.2681 l2=0.2000 label_smoothing=0.000
D step=1/5 epoch=2/3 loss=0.2520 l2=0.2000 label_smoothing=0.000
D step=1/5 epoch=3/3 loss=0.2533 l2=0.2000 label_smoothing=0.000
D step=2/5 epoch=1/3 loss=0.2738 l2=0.2000 label_smoothing=0.000
D step=2/5 epoch=2/3 loss=0.2622 l2=0.2000 label_smoothing=0.000
D step=2/5 epoch=3/3 loss=0.2674 l2=0.2000 label_smoothing=0.000
D step=3/5 epoch=1/3 loss=0.2594 l2=0.2000 label_smoothing=0.000
D step=3/5 epoch=2/3 loss=0.2426 l2=0.2000 label_smoothing=0.000
D step=3/5 epoch=3/3 loss=0.2383 l2=0.2000 label_smoothing=0.000
D step=4/5 epoch=1/3 loss=0.2627 l2=0.2000 label_smoothing=0.000
D step=4/5 epoch=2/3 loss=0.2517 l2=0.2000 label_smoothing=0.000
D step=4/5 epoch=3/3 loss=0.2499 l2=0.2000 label_smoothing=0.000
D step=5/5 epoch=1/3 loss=0.2671 l2=0.2000 label_smoothing=0.000
D step=5/5 epoch=2/3 loss=0.2543 l2=0.2000 label_smoothing=0.000
D step=5/5 epoch=3/3 loss=0.2489 l2=0.2000 label_smoothing=0.000
ADV epoch=10/60 g_loss=0.0393 d_loss=0.2568 reward=0.2032 reward_var=0.0327 unique=0.3800
D step=1/5 epoch=1/3 loss=0.2918 l2=0.2000 label_smoothing=0.000
D step=1/5 epoch=2/3 loss=0.2787 l2=0.2000 label_smoothing=0.000
D step=1/5 epoch=3/3 loss=0.2745 l2=0.2000 label_smoothing=0.000
D step=2/5 epoch=1/3 loss=0.3013 l2=0.2000 label_smoothing=0.000
D step=2/5 epoch=2/3 loss=0.2760 l2=0.2000 label_smoothing=0.000
D step=2/5 epoch=3/3 loss=0.2712 l2=0.2000 label_smoothing=0.000
D step=3/5 epoch=1/3 loss=0.2788 l2=0.2000 label_smoothing=0.000
D step=3/5 epoch=2/3 loss=0.2636 l2=0.2000 label_smoothing=0.000
D step=3/5 epoch=3/3 loss=0.2609 l2=0.2000 label_smoothing=0.000
D step=4/5 epoch=1/3 loss=0.2826 l2=0.2000 label_smoothing=0.000
D step=4/5 epoch=2/3 loss=0.2713 l2=0.2000 label_smoothing=0.000
D step=4/5 epoch=3/3 loss=0.2734 l2=0.2000 label_smoothing=0.000
D step=5/5 epoch=1/3 loss=0.2791 l2=0.2000 label_smoothing=0.000
D step=5/5 epoch=2/3 loss=0.2668 l2=0.2000 label_smoothing=0.000
D step=5/5 epoch=3/3 loss=0.2621 l2=0.2000 label_smoothing=0.000
ADV epoch=11/60 g_loss=0.0346 d_loss=0.2755 reward=0.1751 reward_var=0.0259 unique=0.5400
D step=1/5 epoch=1/3 loss=0.2948 l2=0.2000 label_smoothing=0.000
D step=1/5 epoch=2/3 loss=0.2694 l2=0.2000 label_smoothing=0.000
D step=1/5 epoch=3/3 loss=0.2640 l2=0.2000 label_smoothing=0.000
D step=2/5 epoch=1/3 loss=0.2836 l2=0.2000 label_smoothing=0.000
D step=2/5 epoch=2/3 loss=0.2648 l2=0.2000 label_smoothing=0.000
D step=2/5 epoch=3/3 loss=0.2581 l2=0.2000 label_smoothing=0.000
D step=3/5 epoch=1/3 loss=0.2842 l2=0.2000 label_smoothing=0.000
D step=3/5 epoch=2/3 loss=0.2682 l2=0.2000 label_smoothing=0.000
D step=3/5 epoch=3/3 loss=0.2649 l2=0.2000 label_smoothing=0.000
D step=4/5 epoch=1/3 loss=0.2821 l2=0.2000 label_smoothing=0.000
D step=4/5 epoch=2/3 loss=0.2695 l2=0.2000 label_smoothing=0.000
D step=4/5 epoch=3/3 loss=0.2656 l2=0.2000 label_smoothing=0.000
D step=5/5 epoch=1/3 loss=0.2749 l2=0.2000 label_smoothing=0.000
D step=5/5 epoch=2/3 loss=0.2622 l2=0.2000 label_smoothing=0.000
D step=5/5 epoch=3/3 loss=0.2591 l2=0.2000 label_smoothing=0.000
ADV epoch=12/60 g_loss=0.0426 d_loss=0.2710 reward=0.2280 reward_var=0.0281 unique=0.5800
D step=1/5 epoch=1/3 loss=0.2836 l2=0.2000 label_smoothing=0.000
D step=1/5 epoch=2/3 loss=0.2567 l2=0.2000 label_smoothing=0.000
D step=1/5 epoch=3/3 loss=0.2511 l2=0.2000 label_smoothing=0.000
D step=2/5 epoch=1/3 loss=0.2890 l2=0.2000 label_smoothing=0.000
D step=2/5 epoch=2/3 loss=0.2728 l2=0.2000 label_smoothing=0.000
D step=2/5 epoch=3/3 loss=0.2733 l2=0.2000 label_smoothing=0.000
D step=3/5 epoch=1/3 loss=0.2872 l2=0.2000 label_smoothing=0.000
D step=3/5 epoch=2/3 loss=0.2713 l2=0.2000 label_smoothing=0.000
D step=3/5 epoch=3/3 loss=0.2715 l2=0.2000 label_smoothing=0.000
D step=4/5 epoch=1/3 loss=0.2999 l2=0.2000 label_smoothing=0.000
D step=4/5 epoch=2/3 loss=0.2712 l2=0.2000 label_smoothing=0.000
D step=4/5 epoch=3/3 loss=0.2672 l2=0.2000 label_smoothing=0.000
D step=5/5 epoch=1/3 loss=0.2713 l2=0.2000 label_smoothing=0.000
D step=5/5 epoch=2/3 loss=0.2581 l2=0.2000 label_smoothing=0.000
D step=5/5 epoch=3/3 loss=0.2561 l2=0.2000 label_smoothing=0.000
ADV epoch=13/60 g_loss=0.0544 d_loss=0.2720 reward=0.2259 reward_var=0.0417 unique=0.6200
D step=1/5 epoch=1/3 loss=0.3157 l2=0.2000 label_smoothing=0.000
D step=1/5 epoch=2/3 loss=0.2914 l2=0.2000 label_smoothing=0.000
D step=1/5 epoch=3/3 loss=0.2870 l2=0.2000 label_smoothing=0.000
D step=2/5 epoch=1/3 loss=0.3027 l2=0.2000 label_smoothing=0.000
D step=2/5 epoch=2/3 loss=0.2867 l2=0.2000 label_smoothing=0.000
D step=2/5 epoch=3/3 loss=0.2794 l2=0.2000 label_smoothing=0.000
D step=3/5 epoch=1/3 loss=0.2955 l2=0.2000 label_smoothing=0.000
D step=3/5 epoch=2/3 loss=0.2885 l2=0.2000 label_smoothing=0.000
D step=3/5 epoch=3/3 loss=0.2862 l2=0.2000 label_smoothing=0.000
D step=4/5 epoch=1/3 loss=0.3084 l2=0.2000 label_smoothing=0.000
D step=4/5 epoch=2/3 loss=0.2924 l2=0.2000 label_smoothing=0.000
D step=4/5 epoch=3/3 loss=0.2873 l2=0.2000 label_smoothing=0.000
D step=5/5 epoch=1/3 loss=0.3187 l2=0.2000 label_smoothing=0.000
D step=5/5 epoch=2/3 loss=0.3031 l2=0.2000 label_smoothing=0.000
D step=5/5 epoch=3/3 loss=0.2997 l2=0.2000 label_smoothing=0.000
ADV epoch=14/60 g_loss=0.0487 d_loss=0.2962 reward=0.2547 reward_var=0.0409 unique=0.7400
D step=1/5 epoch=1/3 loss=0.3731 l2=0.2000 label_smoothing=0.000
D step=1/5 epoch=2/3 loss=0.3357 l2=0.2000 label_smoothing=0.000
D step=1/5 epoch=3/3 loss=0.3299 l2=0.2000 label_smoothing=0.000
D step=2/5 epoch=1/3 loss=0.3468 l2=0.2000 label_smoothing=0.000
D step=2/5 epoch=2/3 loss=0.3363 l2=0.2000 label_smoothing=0.000
D step=2/5 epoch=3/3 loss=0.3306 l2=0.2000 label_smoothing=0.000
D step=3/5 epoch=1/3 loss=0.3602 l2=0.2000 label_smoothing=0.000
D step=3/5 epoch=2/3 loss=0.3444 l2=0.2000 label_smoothing=0.000
D step=3/5 epoch=3/3 loss=0.3412 l2=0.2000 label_smoothing=0.000
D step=4/5 epoch=1/3 loss=0.3616 l2=0.2000 label_smoothing=0.000
D step=4/5 epoch=2/3 loss=0.3466 l2=0.2000 label_smoothing=0.000
D step=4/5 epoch=3/3 loss=0.3416 l2=0.2000 label_smoothing=0.000
D step=5/5 epoch=1/3 loss=0.3412 l2=0.2000 label_smoothing=0.000
D step=5/5 epoch=2/3 loss=0.3308 l2=0.2000 label_smoothing=0.000
D step=5/5 epoch=3/3 loss=0.3275 l2=0.2000 label_smoothing=0.000
ADV epoch=15/60 g_loss=0.0615 d_loss=0.3432 reward=0.2793 reward_var=0.0330 unique=0.6000
D step=1/5 epoch=1/3 loss=0.3469 l2=0.2000 label_smoothing=0.000
D step=1/5 epoch=2/3 loss=0.3289 l2=0.2000 label_smoothing=0.000
D step=1/5 epoch=3/3 loss=0.3288 l2=0.2000 label_smoothing=0.000
D step=2/5 epoch=1/3 loss=0.3663 l2=0.2000 label_smoothing=0.000
D step=2/5 epoch=2/3 loss=0.3494 l2=0.2000 label_smoothing=0.000
D step=2/5 epoch=3/3 loss=0.3454 l2=0.2000 label_smoothing=0.000
D step=3/5 epoch=1/3 loss=0.3584 l2=0.2000 label_smoothing=0.000
D step=3/5 epoch=2/3 loss=0.3419 l2=0.2000 label_smoothing=0.000
D step=3/5 epoch=3/3 loss=0.3420 l2=0.2000 label_smoothing=0.000
D step=4/5 epoch=1/3 loss=0.3608 l2=0.2000 label_smoothing=0.000
D step=4/5 epoch=2/3 loss=0.3455 l2=0.2000 label_smoothing=0.000
D step=4/5 epoch=3/3 loss=0.3428 l2=0.2000 label_smoothing=0.000
D step=5/5 epoch=1/3 loss=0.3466 l2=0.2000 label_smoothing=0.000
D step=5/5 epoch=2/3 loss=0.3351 l2=0.2000 label_smoothing=0.000
D step=5/5 epoch=3/3 loss=0.3327 l2=0.2000 label_smoothing=0.000
ADV epoch=16/60 g_loss=0.0509 d_loss=0.3448 reward=0.2260 reward_var=0.0179 unique=0.5600
D step=1/5 epoch=1/3 loss=0.3834 l2=0.2000 label_smoothing=0.000
D step=1/5 epoch=2/3 loss=0.3549 l2=0.2000 label_smoothing=0.000
D step=1/5 epoch=3/3 loss=0.3521 l2=0.2000 label_smoothing=0.000
D step=2/5 epoch=1/3 loss=0.3640 l2=0.2000 label_smoothing=0.000
D step=2/5 epoch=2/3 loss=0.3463 l2=0.2000 label_smoothing=0.000
D step=2/5 epoch=3/3 loss=0.3417 l2=0.2000 label_smoothing=0.000
D step=3/5 epoch=1/3 loss=0.3602 l2=0.2000 label_smoothing=0.000
D step=3/5 epoch=2/3 loss=0.3418 l2=0.2000 label_smoothing=0.000
D step=3/5 epoch=3/3 loss=0.3385 l2=0.2000 label_smoothing=0.000
D step=4/5 epoch=1/3 loss=0.3528 l2=0.2000 label_smoothing=0.000
D step=4/5 epoch=2/3 loss=0.3419 l2=0.2000 label_smoothing=0.000
D step=4/5 epoch=3/3 loss=0.3370 l2=0.2000 label_smoothing=0.000
D step=5/5 epoch=1/3 loss=0.3397 l2=0.2000 label_smoothing=0.000
D step=5/5 epoch=2/3 loss=0.3289 l2=0.2000 label_smoothing=0.000
D step=5/5 epoch=3/3 loss=0.3252 l2=0.2000 label_smoothing=0.000
ADV epoch=17/60 g_loss=0.0658 d_loss=0.3472 reward=0.2770 reward_var=0.0294 unique=0.7800
D step=1/5 epoch=1/3 loss=0.3344 l2=0.2000 label_smoothing=0.000
D step=1/5 epoch=2/3 loss=0.3118 l2=0.2000 label_smoothing=0.000
D step=1/5 epoch=3/3 loss=0.3101 l2=0.2000 label_smoothing=0.000
D step=2/5 epoch=1/3 loss=0.3534 l2=0.2000 label_smoothing=0.000
D step=2/5 epoch=2/3 loss=0.3390 l2=0.2000 label_smoothing=0.000
D step=2/5 epoch=3/3 loss=0.3349 l2=0.2000 label_smoothing=0.000
D step=3/5 epoch=1/3 loss=0.3380 l2=0.2000 label_smoothing=0.000
D step=3/5 epoch=2/3 loss=0.3294 l2=0.2000 label_smoothing=0.000
D step=3/5 epoch=3/3 loss=0.3254 l2=0.2000 label_smoothing=0.000
D step=4/5 epoch=1/3 loss=0.3528 l2=0.2000 label_smoothing=0.000
D step=4/5 epoch=2/3 loss=0.3430 l2=0.2000 label_smoothing=0.000
D step=4/5 epoch=3/3 loss=0.3398 l2=0.2000 label_smoothing=0.000
D step=5/5 epoch=1/3 loss=0.3340 l2=0.2000 label_smoothing=0.000
D step=5/5 epoch=2/3 loss=0.3171 l2=0.2000 label_smoothing=0.000
D step=5/5 epoch=3/3 loss=0.3117 l2=0.2000 label_smoothing=0.000
ADV epoch=18/60 g_loss=0.0635 d_loss=0.3316 reward=0.2663 reward_var=0.0296 unique=0.7400
D step=1/5 epoch=1/3 loss=0.3371 l2=0.2000 label_smoothing=0.000
D step=1/5 epoch=2/3 loss=0.3219 l2=0.2000 label_smoothing=0.000
D step=1/5 epoch=3/3 loss=0.3169 l2=0.2000 label_smoothing=0.000
D step=2/5 epoch=1/3 loss=0.3339 l2=0.2000 label_smoothing=0.000
D step=2/5 epoch=2/3 loss=0.3188 l2=0.2000 label_smoothing=0.000
D step=2/5 epoch=3/3 loss=0.3168 l2=0.2000 label_smoothing=0.000
D step=3/5 epoch=1/3 loss=0.3339 l2=0.2000 label_smoothing=0.000
D step=3/5 epoch=2/3 loss=0.3192 l2=0.2000 label_smoothing=0.000
D step=3/5 epoch=3/3 loss=0.3142 l2=0.2000 label_smoothing=0.000
D step=4/5 epoch=1/3 loss=0.3381 l2=0.2000 label_smoothing=0.000
D step=4/5 epoch=2/3 loss=0.3257 l2=0.2000 label_smoothing=0.000
D step=4/5 epoch=3/3 loss=0.3219 l2=0.2000 label_smoothing=0.000
D step=5/5 epoch=1/3 loss=0.3228 l2=0.2000 label_smoothing=0.000
D step=5/5 epoch=2/3 loss=0.3146 l2=0.2000 label_smoothing=0.000
D step=5/5 epoch=3/3 loss=0.3130 l2=0.2000 label_smoothing=0.000
ADV epoch=19/60 g_loss=0.0643 d_loss=0.3233 reward=0.2611 reward_var=0.0344 unique=0.8000
D step=1/5 epoch=1/3 loss=0.3332 l2=0.2000 label_smoothing=0.000
D step=1/5 epoch=2/3 loss=0.3144 l2=0.2000 label_smoothing=0.000
D step=1/5 epoch=3/3 loss=0.3134 l2=0.2000 label_smoothing=0.000
D step=2/5 epoch=1/3 loss=0.3366 l2=0.2000 label_smoothing=0.000
D step=2/5 epoch=2/3 loss=0.3259 l2=0.2000 label_smoothing=0.000
D step=2/5 epoch=3/3 loss=0.3208 l2=0.2000 label_smoothing=0.000
D step=3/5 epoch=1/3 loss=0.3334 l2=0.2000 label_smoothing=0.000
D step=3/5 epoch=2/3 loss=0.3249 l2=0.2000 label_smoothing=0.000
D step=3/5 epoch=3/3 loss=0.3218 l2=0.2000 label_smoothing=0.000
D step=4/5 epoch=1/3 loss=0.3299 l2=0.2000 label_smoothing=0.000
D step=4/5 epoch=2/3 loss=0.3222 l2=0.2000 label_smoothing=0.000
D step=4/5 epoch=3/3 loss=0.3178 l2=0.2000 label_smoothing=0.000
D step=5/5 epoch=1/3 loss=0.3201 l2=0.2000 label_smoothing=0.000
D step=5/5 epoch=2/3 loss=0.3077 l2=0.2000 label_smoothing=0.000
D step=5/5 epoch=3/3 loss=0.3056 l2=0.2000 label_smoothing=0.000
ADV epoch=20/60 g_loss=0.0742 d_loss=0.3219 reward=0.2982 reward_var=0.0403 unique=0.7400
D step=1/5 epoch=1/3 loss=0.3440 l2=0.2000 label_smoothing=0.000
D step=1/5 epoch=2/3 loss=0.3250 l2=0.2000 label_smoothing=0.000
D step=1/5 epoch=3/3 loss=0.3167 l2=0.2000 label_smoothing=0.000
D step=2/5 epoch=1/3 loss=0.3251 l2=0.2000 label_smoothing=0.000
D step=2/5 epoch=2/3 loss=0.3115 l2=0.2000 label_smoothing=0.000
D step=2/5 epoch=3/3 loss=0.3110 l2=0.2000 label_smoothing=0.000
D step=3/5 epoch=1/3 loss=0.3365 l2=0.2000 label_smoothing=0.000
D step=3/5 epoch=2/3 loss=0.3232 l2=0.2000 label_smoothing=0.000
D step=3/5 epoch=3/3 loss=0.3187 l2=0.2000 label_smoothing=0.000
D step=4/5 epoch=1/3 loss=0.3264 l2=0.2000 label_smoothing=0.000
D step=4/5 epoch=2/3 loss=0.3114 l2=0.2000 label_smoothing=0.000
D step=4/5 epoch=3/3 loss=0.3092 l2=0.2000 label_smoothing=0.000
D step=5/5 epoch=1/3 loss=0.3323 l2=0.2000 label_smoothing=0.000
D step=5/5 epoch=2/3 loss=0.3197 l2=0.2000 label_smoothing=0.000
D step=5/5 epoch=3/3 loss=0.3185 l2=0.2000 label_smoothing=0.000
ADV epoch=21/60 g_loss=0.0535 d_loss=0.3220 reward=0.2397 reward_var=0.0216 unique=0.6800
D step=1/5 epoch=1/3 loss=0.3378 l2=0.2000 label_smoothing=0.000
D step=1/5 epoch=2/3 loss=0.3201 l2=0.2000 label_smoothing=0.000
D step=1/5 epoch=3/3 loss=0.3184 l2=0.2000 label_smoothing=0.000
D step=2/5 epoch=1/3 loss=0.3221 l2=0.2000 label_smoothing=0.000
D step=2/5 epoch=2/3 loss=0.3125 l2=0.2000 label_smoothing=0.000
D step=2/5 epoch=3/3 loss=0.3073 l2=0.2000 label_smoothing=0.000
D step=3/5 epoch=1/3 loss=0.3307 l2=0.2000 label_smoothing=0.000
D step=3/5 epoch=2/3 loss=0.3163 l2=0.2000 label_smoothing=0.000
D step=3/5 epoch=3/3 loss=0.3141 l2=0.2000 label_smoothing=0.000
D step=4/5 epoch=1/3 loss=0.3363 l2=0.2000 label_smoothing=0.000
D step=4/5 epoch=2/3 loss=0.3250 l2=0.2000 label_smoothing=0.000
D step=4/5 epoch=3/3 loss=0.3231 l2=0.2000 label_smoothing=0.000
D step=5/5 epoch=1/3 loss=0.3316 l2=0.2000 label_smoothing=0.000
D step=5/5 epoch=2/3 loss=0.3237 l2=0.2000 label_smoothing=0.000
D step=5/5 epoch=3/3 loss=0.3199 l2=0.2000 label_smoothing=0.000
ADV epoch=22/60 g_loss=0.0735 d_loss=0.3226 reward=0.2972 reward_var=0.0277 unique=0.6800
D step=1/5 epoch=1/3 loss=0.3435 l2=0.2000 label_smoothing=0.000
D step=1/5 epoch=2/3 loss=0.3324 l2=0.2000 label_smoothing=0.000
D step=1/5 epoch=3/3 loss=0.3297 l2=0.2000 label_smoothing=0.000
D step=2/5 epoch=1/3 loss=0.3308 l2=0.2000 label_smoothing=0.000
D step=2/5 epoch=2/3 loss=0.3240 l2=0.2000 label_smoothing=0.000
D step=2/5 epoch=3/3 loss=0.3211 l2=0.2000 label_smoothing=0.000
D step=3/5 epoch=1/3 loss=0.3286 l2=0.2000 label_smoothing=0.000
D step=3/5 epoch=2/3 loss=0.3187 l2=0.2000 label_smoothing=0.000
D step=3/5 epoch=3/3 loss=0.3165 l2=0.2000 label_smoothing=0.000
D step=4/5 epoch=1/3 loss=0.3303 l2=0.2000 label_smoothing=0.000
D step=4/5 epoch=2/3 loss=0.3211 l2=0.2000 label_smoothing=0.000
D step=4/5 epoch=3/3 loss=0.3182 l2=0.2000 label_smoothing=0.000
D step=5/5 epoch=1/3 loss=0.3221 l2=0.2000 label_smoothing=0.000
D step=5/5 epoch=2/3 loss=0.3178 l2=0.2000 label_smoothing=0.000
D step=5/5 epoch=3/3 loss=0.3134 l2=0.2000 label_smoothing=0.000
ADV epoch=23/60 g_loss=0.0521 d_loss=0.3245 reward=0.2619 reward_var=0.0276 unique=0.7000
D step=1/5 epoch=1/3 loss=0.3538 l2=0.2000 label_smoothing=0.000
D step=1/5 epoch=2/3 loss=0.3341 l2=0.2000 label_smoothing=0.000
D step=1/5 epoch=3/3 loss=0.3312 l2=0.2000 label_smoothing=0.000
D step=2/5 epoch=1/3 loss=0.3366 l2=0.2000 label_smoothing=0.000
D step=2/5 epoch=2/3 loss=0.3254 l2=0.2000 label_smoothing=0.000
D step=2/5 epoch=3/3 loss=0.3218 l2=0.2000 label_smoothing=0.000
D step=3/5 epoch=1/3 loss=0.3339 l2=0.2000 label_smoothing=0.000
D step=3/5 epoch=2/3 loss=0.3244 l2=0.2000 label_smoothing=0.000
D step=3/5 epoch=3/3 loss=0.3217 l2=0.2000 label_smoothing=0.000
D step=4/5 epoch=1/3 loss=0.3304 l2=0.2000 label_smoothing=0.000
D step=4/5 epoch=2/3 loss=0.3212 l2=0.2000 label_smoothing=0.000
D step=4/5 epoch=3/3 loss=0.3178 l2=0.2000 label_smoothing=0.000
D step=5/5 epoch=1/3 loss=0.3331 l2=0.2000 label_smoothing=0.000
D step=5/5 epoch=2/3 loss=0.3201 l2=0.2000 label_smoothing=0.000
D step=5/5 epoch=3/3 loss=0.3170 l2=0.2000 label_smoothing=0.000
ADV epoch=24/60 g_loss=0.0477 d_loss=0.3282 reward=0.2423 reward_var=0.0286 unique=0.7800
D step=1/5 epoch=1/3 loss=0.3504 l2=0.2000 label_smoothing=0.000
D step=1/5 epoch=2/3 loss=0.3322 l2=0.2000 label_smoothing=0.000
D step=1/5 epoch=3/3 loss=0.3292 l2=0.2000 label_smoothing=0.000
D step=2/5 epoch=1/3 loss=0.3440 l2=0.2000 label_smoothing=0.000
D step=2/5 epoch=2/3 loss=0.3309 l2=0.2000 label_smoothing=0.000
D step=2/5 epoch=3/3 loss=0.3310 l2=0.2000 label_smoothing=0.000
D step=3/5 epoch=1/3 loss=0.3435 l2=0.2000 label_smoothing=0.000
D step=3/5 epoch=2/3 loss=0.3278 l2=0.2000 label_smoothing=0.000
D step=3/5 epoch=3/3 loss=0.3245 l2=0.2000 label_smoothing=0.000
D step=4/5 epoch=1/3 loss=0.3517 l2=0.2000 label_smoothing=0.000
D step=4/5 epoch=2/3 loss=0.3401 l2=0.2000 label_smoothing=0.000
D step=4/5 epoch=3/3 loss=0.3394 l2=0.2000 label_smoothing=0.000
D step=5/5 epoch=1/3 loss=0.3446 l2=0.2000 label_smoothing=0.000
D step=5/5 epoch=2/3 loss=0.3345 l2=0.2000 label_smoothing=0.000
D step=5/5 epoch=3/3 loss=0.3320 l2=0.2000 label_smoothing=0.000
ADV epoch=25/60 g_loss=0.0499 d_loss=0.3370 reward=0.2169 reward_var=0.0189 unique=0.7200
D step=1/5 epoch=1/3 loss=0.3564 l2=0.2000 label_smoothing=0.000
D step=1/5 epoch=2/3 loss=0.3387 l2=0.2000 label_smoothing=0.000
D step=1/5 epoch=3/3 loss=0.3322 l2=0.2000 label_smoothing=0.000
D step=2/5 epoch=1/3 loss=0.3375 l2=0.2000 label_smoothing=0.000
D step=2/5 epoch=2/3 loss=0.3267 l2=0.2000 label_smoothing=0.000
D step=2/5 epoch=3/3 loss=0.3234 l2=0.2000 label_smoothing=0.000
D step=3/5 epoch=1/3 loss=0.3531 l2=0.2000 label_smoothing=0.000
D step=3/5 epoch=2/3 loss=0.3365 l2=0.2000 label_smoothing=0.000
D step=3/5 epoch=3/3 loss=0.3344 l2=0.2000 label_smoothing=0.000
D step=4/5 epoch=1/3 loss=0.3631 l2=0.2000 label_smoothing=0.000
D step=4/5 epoch=2/3 loss=0.3545 l2=0.2000 label_smoothing=0.000
D step=4/5 epoch=3/3 loss=0.3456 l2=0.2000 label_smoothing=0.000
D step=5/5 epoch=1/3 loss=0.3556 l2=0.2000 label_smoothing=0.000
D step=5/5 epoch=2/3 loss=0.3399 l2=0.2000 label_smoothing=0.000
D step=5/5 epoch=3/3 loss=0.3359 l2=0.2000 label_smoothing=0.000
ADV epoch=26/60 g_loss=0.0493 d_loss=0.3422 reward=0.2299 reward_var=0.0181 unique=0.7200
D step=1/5 epoch=1/3 loss=0.3498 l2=0.2000 label_smoothing=0.000
D step=1/5 epoch=2/3 loss=0.3396 l2=0.2000 label_smoothing=0.000
D step=1/5 epoch=3/3 loss=0.3365 l2=0.2000 label_smoothing=0.000
D step=2/5 epoch=1/3 loss=0.3636 l2=0.2000 label_smoothing=0.000
D step=2/5 epoch=2/3 loss=0.3511 l2=0.2000 label_smoothing=0.000
D step=2/5 epoch=3/3 loss=0.3491 l2=0.2000 label_smoothing=0.000
D step=3/5 epoch=1/3 loss=0.3562 l2=0.2000 label_smoothing=0.000
D step=3/5 epoch=2/3 loss=0.3409 l2=0.2000 label_smoothing=0.000
D step=3/5 epoch=3/3 loss=0.3409 l2=0.2000 label_smoothing=0.000
D step=4/5 epoch=1/3 loss=0.3548 l2=0.2000 label_smoothing=0.000
D step=4/5 epoch=2/3 loss=0.3467 l2=0.2000 label_smoothing=0.000
D step=4/5 epoch=3/3 loss=0.3386 l2=0.2000 label_smoothing=0.000
D step=5/5 epoch=1/3 loss=0.3420 l2=0.2000 label_smoothing=0.000
D step=5/5 epoch=2/3 loss=0.3286 l2=0.2000 label_smoothing=0.000
D step=5/5 epoch=3/3 loss=0.3225 l2=0.2000 label_smoothing=0.000
ADV epoch=27/60 g_loss=0.0471 d_loss=0.3441 reward=0.2300 reward_var=0.0219 unique=0.6600
D step=1/5 epoch=1/3 loss=0.3637 l2=0.2000 label_smoothing=0.000
D step=1/5 epoch=2/3 loss=0.3498 l2=0.2000 label_smoothing=0.000
D step=1/5 epoch=3/3 loss=0.3485 l2=0.2000 label_smoothing=0.000
D step=2/5 epoch=1/3 loss=0.3654 l2=0.2000 label_smoothing=0.000
D step=2/5 epoch=2/3 loss=0.3553 l2=0.2000 label_smoothing=0.000
D step=2/5 epoch=3/3 loss=0.3499 l2=0.2000 label_smoothing=0.000
D step=3/5 epoch=1/3 loss=0.3671 l2=0.2000 label_smoothing=0.000
D step=3/5 epoch=2/3 loss=0.3574 l2=0.2000 label_smoothing=0.000
D step=3/5 epoch=3/3 loss=0.3532 l2=0.2000 label_smoothing=0.000
D step=4/5 epoch=1/3 loss=0.3669 l2=0.2000 label_smoothing=0.000
D step=4/5 epoch=2/3 loss=0.3543 l2=0.2000 label_smoothing=0.000
D step=4/5 epoch=3/3 loss=0.3510 l2=0.2000 label_smoothing=0.000
D step=5/5 epoch=1/3 loss=0.3553 l2=0.2000 label_smoothing=0.000
D step=5/5 epoch=2/3 loss=0.3432 l2=0.2000 label_smoothing=0.000
D step=5/5 epoch=3/3 loss=0.3397 l2=0.2000 label_smoothing=0.000
ADV epoch=28/60 g_loss=0.0569 d_loss=0.3547 reward=0.2168 reward_var=0.0242 unique=0.7400
D step=1/5 epoch=1/3 loss=0.3615 l2=0.2000 label_smoothing=0.000
D step=1/5 epoch=2/3 loss=0.3457 l2=0.2000 label_smoothing=0.000
D step=1/5 epoch=3/3 loss=0.3428 l2=0.2000 label_smoothing=0.000
D step=2/5 epoch=1/3 loss=0.3534 l2=0.2000 label_smoothing=0.000
D step=2/5 epoch=2/3 loss=0.3460 l2=0.2000 label_smoothing=0.000
D step=2/5 epoch=3/3 loss=0.3427 l2=0.2000 label_smoothing=0.000
D step=3/5 epoch=1/3 loss=0.3613 l2=0.2000 label_smoothing=0.000
D step=3/5 epoch=2/3 loss=0.3478 l2=0.2000 label_smoothing=0.000
D step=3/5 epoch=3/3 loss=0.3448 l2=0.2000 label_smoothing=0.000
D step=4/5 epoch=1/3 loss=0.3527 l2=0.2000 label_smoothing=0.000
D step=4/5 epoch=2/3 loss=0.3465 l2=0.2000 label_smoothing=0.000
D step=4/5 epoch=3/3 loss=0.3422 l2=0.2000 label_smoothing=0.000
D step=5/5 epoch=1/3 loss=0.3556 l2=0.2000 label_smoothing=0.000
D step=5/5 epoch=2/3 loss=0.3483 l2=0.2000 label_smoothing=0.000
D step=5/5 epoch=3/3 loss=0.3428 l2=0.2000 label_smoothing=0.000
ADV epoch=29/60 g_loss=0.0651 d_loss=0.3489 reward=0.2646 reward_var=0.0302 unique=0.5800
D step=1/5 epoch=1/3 loss=0.3610 l2=0.2000 label_smoothing=0.000
D step=1/5 epoch=2/3 loss=0.3507 l2=0.2000 label_smoothing=0.000
D step=1/5 epoch=3/3 loss=0.3455 l2=0.2000 label_smoothing=0.000
D step=2/5 epoch=1/3 loss=0.3719 l2=0.2000 label_smoothing=0.000
D step=2/5 epoch=2/3 loss=0.3661 l2=0.2000 label_smoothing=0.000
D step=2/5 epoch=3/3 loss=0.3571 l2=0.2000 label_smoothing=0.000
D step=3/5 epoch=1/3 loss=0.3591 l2=0.2000 label_smoothing=0.000
D step=3/5 epoch=2/3 loss=0.3419 l2=0.2000 label_smoothing=0.000
D step=3/5 epoch=3/3 loss=0.3372 l2=0.2000 label_smoothing=0.000
D step=4/5 epoch=1/3 loss=0.3649 l2=0.2000 label_smoothing=0.000
D step=4/5 epoch=2/3 loss=0.3549 l2=0.2000 label_smoothing=0.000
D step=4/5 epoch=3/3 loss=0.3535 l2=0.2000 label_smoothing=0.000
D step=5/5 epoch=1/3 loss=0.3705 l2=0.2000 label_smoothing=0.000
D step=5/5 epoch=2/3 loss=0.3614 l2=0.2000 label_smoothing=0.000
D step=5/5 epoch=3/3 loss=0.3586 l2=0.2000 label_smoothing=0.000
ADV epoch=30/60 g_loss=0.0567 d_loss=0.3569 reward=0.2546 reward_var=0.0174 unique=0.6200
D step=1/5 epoch=1/3 loss=0.3604 l2=0.2000 label_smoothing=0.000
D step=1/5 epoch=2/3 loss=0.3473 l2=0.2000 label_smoothing=0.000
D step=1/5 epoch=3/3 loss=0.3457 l2=0.2000 label_smoothing=0.000
D step=2/5 epoch=1/3 loss=0.3700 l2=0.2000 label_smoothing=0.000
D step=2/5 epoch=2/3 loss=0.3515 l2=0.2000 label_smoothing=0.000
D step=2/5 epoch=3/3 loss=0.3472 l2=0.2000 label_smoothing=0.000
D step=3/5 epoch=1/3 loss=0.3757 l2=0.2000 label_smoothing=0.000
D step=3/5 epoch=2/3 loss=0.3595 l2=0.2000 label_smoothing=0.000
D step=3/5 epoch=3/3 loss=0.3552 l2=0.2000 label_smoothing=0.000
D step=4/5 epoch=1/3 loss=0.3729 l2=0.2000 label_smoothing=0.000
D step=4/5 epoch=2/3 loss=0.3580 l2=0.2000 label_smoothing=0.000
D step=4/5 epoch=3/3 loss=0.3543 l2=0.2000 label_smoothing=0.000
D step=5/5 epoch=1/3 loss=0.3814 l2=0.2000 label_smoothing=0.000
D step=5/5 epoch=2/3 loss=0.3652 l2=0.2000 label_smoothing=0.000
D step=5/5 epoch=3/3 loss=0.3597 l2=0.2000 label_smoothing=0.000
ADV epoch=31/60 g_loss=0.0540 d_loss=0.3603 reward=0.2520 reward_var=0.0279 unique=0.6600
D step=1/5 epoch=1/3 loss=0.3824 l2=0.2000 label_smoothing=0.000
D step=1/5 epoch=2/3 loss=0.3701 l2=0.2000 label_smoothing=0.000
D step=1/5 epoch=3/3 loss=0.3629 l2=0.2000 label_smoothing=0.000
D step=2/5 epoch=1/3 loss=0.3756 l2=0.2000 label_smoothing=0.000
D step=2/5 epoch=2/3 loss=0.3601 l2=0.2000 label_smoothing=0.000
D step=2/5 epoch=3/3 loss=0.3593 l2=0.2000 label_smoothing=0.000
D step=3/5 epoch=1/3 loss=0.3826 l2=0.2000 label_smoothing=0.000
D step=3/5 epoch=2/3 loss=0.3720 l2=0.2000 label_smoothing=0.000
D step=3/5 epoch=3/3 loss=0.3666 l2=0.2000 label_smoothing=0.000
D step=4/5 epoch=1/3 loss=0.3705 l2=0.2000 label_smoothing=0.000
D step=4/5 epoch=2/3 loss=0.3624 l2=0.2000 label_smoothing=0.000
D step=4/5 epoch=3/3 loss=0.3567 l2=0.2000 label_smoothing=0.000
D step=5/5 epoch=1/3 loss=0.3668 l2=0.2000 label_smoothing=0.000
D step=5/5 epoch=2/3 loss=0.3559 l2=0.2000 label_smoothing=0.000
D step=5/5 epoch=3/3 loss=0.3544 l2=0.2000 label_smoothing=0.000
ADV epoch=32/60 g_loss=0.0548 d_loss=0.3666 reward=0.2707 reward_var=0.0214 unique=0.5000
D step=1/5 epoch=1/3 loss=0.3781 l2=0.2000 label_smoothing=0.000
D step=1/5 epoch=2/3 loss=0.3662 l2=0.2000 label_smoothing=0.000
D step=1/5 epoch=3/3 loss=0.3627 l2=0.2000 label_smoothing=0.000
D step=2/5 epoch=1/3 loss=0.3783 l2=0.2000 label_smoothing=0.000
D step=2/5 epoch=2/3 loss=0.3651 l2=0.2000 label_smoothing=0.000
D step=2/5 epoch=3/3 loss=0.3584 l2=0.2000 label_smoothing=0.000
D step=3/5 epoch=1/3 loss=0.3680 l2=0.2000 label_smoothing=0.000
D step=3/5 epoch=2/3 loss=0.3564 l2=0.2000 label_smoothing=0.000
D step=3/5 epoch=3/3 loss=0.3530 l2=0.2000 label_smoothing=0.000
D step=4/5 epoch=1/3 loss=0.3790 l2=0.2000 label_smoothing=0.000
D step=4/5 epoch=2/3 loss=0.3689 l2=0.2000 label_smoothing=0.000
D step=4/5 epoch=3/3 loss=0.3653 l2=0.2000 label_smoothing=0.000
D step=5/5 epoch=1/3 loss=0.3675 l2=0.2000 label_smoothing=0.000
D step=5/5 epoch=2/3 loss=0.3554 l2=0.2000 label_smoothing=0.000
D step=5/5 epoch=3/3 loss=0.3499 l2=0.2000 label_smoothing=0.000
ADV epoch=33/60 g_loss=0.0406 d_loss=0.3648 reward=0.2217 reward_var=0.0132 unique=0.5600
D step=1/5 epoch=1/3 loss=0.3821 l2=0.2000 label_smoothing=0.000
D step=1/5 epoch=2/3 loss=0.3662 l2=0.2000 label_smoothing=0.000
D step=1/5 epoch=3/3 loss=0.3615 l2=0.2000 label_smoothing=0.000
D step=2/5 epoch=1/3 loss=0.3774 l2=0.2000 label_smoothing=0.000
D step=2/5 epoch=2/3 loss=0.3688 l2=0.2000 label_smoothing=0.000
D step=2/5 epoch=3/3 loss=0.3647 l2=0.2000 label_smoothing=0.000
D step=3/5 epoch=1/3 loss=0.3624 l2=0.2000 label_smoothing=0.000
D step=3/5 epoch=2/3 loss=0.3552 l2=0.2000 label_smoothing=0.000
D step=3/5 epoch=3/3 loss=0.3548 l2=0.2000 label_smoothing=0.000
D step=4/5 epoch=1/3 loss=0.3611 l2=0.2000 label_smoothing=0.000
D step=4/5 epoch=2/3 loss=0.3552 l2=0.2000 label_smoothing=0.000
D step=4/5 epoch=3/3 loss=0.3598 l2=0.2000 label_smoothing=0.000
D step=5/5 epoch=1/3 loss=0.3633 l2=0.2000 label_smoothing=0.000
D step=5/5 epoch=2/3 loss=0.3557 l2=0.2000 label_smoothing=0.000
D step=5/5 epoch=3/3 loss=0.3512 l2=0.2000 label_smoothing=0.000
ADV epoch=34/60 g_loss=0.0455 d_loss=0.3626 reward=0.2521 reward_var=0.0211 unique=0.5200
D step=1/5 epoch=1/3 loss=0.3720 l2=0.2000 label_smoothing=0.000
D step=1/5 epoch=2/3 loss=0.3587 l2=0.2000 label_smoothing=0.000
D step=1/5 epoch=3/3 loss=0.3582 l2=0.2000 label_smoothing=0.000
D step=2/5 epoch=1/3 loss=0.3728 l2=0.2000 label_smoothing=0.000
D step=2/5 epoch=2/3 loss=0.3631 l2=0.2000 label_smoothing=0.000
D step=2/5 epoch=3/3 loss=0.3579 l2=0.2000 label_smoothing=0.000
D step=3/5 epoch=1/3 loss=0.3782 l2=0.2000 label_smoothing=0.000
D step=3/5 epoch=2/3 loss=0.3713 l2=0.2000 label_smoothing=0.000
D step=3/5 epoch=3/3 loss=0.3693 l2=0.2000 label_smoothing=0.000
D step=4/5 epoch=1/3 loss=0.3578 l2=0.2000 label_smoothing=0.000
D step=4/5 epoch=2/3 loss=0.3520 l2=0.2000 label_smoothing=0.000
D step=4/5 epoch=3/3 loss=0.3486 l2=0.2000 label_smoothing=0.000
D step=5/5 epoch=1/3 loss=0.3839 l2=0.2000 label_smoothing=0.000
D step=5/5 epoch=2/3 loss=0.3732 l2=0.2000 label_smoothing=0.000
D step=5/5 epoch=3/3 loss=0.3599 l2=0.2000 label_smoothing=0.000
ADV epoch=35/60 g_loss=0.0579 d_loss=0.3651 reward=0.2700 reward_var=0.0182 unique=0.4600
D step=1/5 epoch=1/3 loss=0.3842 l2=0.2000 label_smoothing=0.000
D step=1/5 epoch=2/3 loss=0.3724 l2=0.2000 label_smoothing=0.000
D step=1/5 epoch=3/3 loss=0.3700 l2=0.2000 label_smoothing=0.000
D step=2/5 epoch=1/3 loss=0.3729 l2=0.2000 label_smoothing=0.000
D step=2/5 epoch=2/3 loss=0.3616 l2=0.2000 label_smoothing=0.000
D step=2/5 epoch=3/3 loss=0.3572 l2=0.2000 label_smoothing=0.000
D step=3/5 epoch=1/3 loss=0.3707 l2=0.2000 label_smoothing=0.000
D step=3/5 epoch=2/3 loss=0.3610 l2=0.2000 label_smoothing=0.000
D step=3/5 epoch=3/3 loss=0.3593 l2=0.2000 label_smoothing=0.000
D step=4/5 epoch=1/3 loss=0.3686 l2=0.2000 label_smoothing=0.000
D step=4/5 epoch=2/3 loss=0.3603 l2=0.2000 label_smoothing=0.000
D step=4/5 epoch=3/3 loss=0.3566 l2=0.2000 label_smoothing=0.000
D step=5/5 epoch=1/3 loss=0.3722 l2=0.2000 label_smoothing=0.000
D step=5/5 epoch=2/3 loss=0.3618 l2=0.2000 label_smoothing=0.000
D step=5/5 epoch=3/3 loss=0.3570 l2=0.2000 label_smoothing=0.000
ADV epoch=36/60 g_loss=0.0488 d_loss=0.3657 reward=0.2484 reward_var=0.0154 unique=0.3800
D step=1/5 epoch=1/3 loss=0.3966 l2=0.2000 label_smoothing=0.000
D step=1/5 epoch=2/3 loss=0.3815 l2=0.2000 label_smoothing=0.000
D step=1/5 epoch=3/3 loss=0.3786 l2=0.2000 label_smoothing=0.000
D step=2/5 epoch=1/3 loss=0.3705 l2=0.2000 label_smoothing=0.000
D step=2/5 epoch=2/3 loss=0.3612 l2=0.2000 label_smoothing=0.000
D step=2/5 epoch=3/3 loss=0.3558 l2=0.2000 label_smoothing=0.000
D step=3/5 epoch=1/3 loss=0.3719 l2=0.2000 label_smoothing=0.000
D step=3/5 epoch=2/3 loss=0.3635 l2=0.2000 label_smoothing=0.000
D step=3/5 epoch=3/3 loss=0.3613 l2=0.2000 label_smoothing=0.000
D step=4/5 epoch=1/3 loss=0.3907 l2=0.2000 label_smoothing=0.000
D step=4/5 epoch=2/3 loss=0.3748 l2=0.2000 label_smoothing=0.000
D step=4/5 epoch=3/3 loss=0.3650 l2=0.2000 label_smoothing=0.000
D step=5/5 epoch=1/3 loss=0.3754 l2=0.2000 label_smoothing=0.000
D step=5/5 epoch=2/3 loss=0.3638 l2=0.2000 label_smoothing=0.000
D step=5/5 epoch=3/3 loss=0.3610 l2=0.2000 label_smoothing=0.000
ADV epoch=37/60 g_loss=0.0501 d_loss=0.3714 reward=0.2498 reward_var=0.0218 unique=0.5000
D step=1/5 epoch=1/3 loss=0.3962 l2=0.2000 label_smoothing=0.000
D step=1/5 epoch=2/3 loss=0.3809 l2=0.2000 label_smoothing=0.000
D step=1/5 epoch=3/3 loss=0.3758 l2=0.2000 label_smoothing=0.000
D step=2/5 epoch=1/3 loss=0.3920 l2=0.2000 label_smoothing=0.000
D step=2/5 epoch=2/3 loss=0.3822 l2=0.2000 label_smoothing=0.000
D step=2/5 epoch=3/3 loss=0.3776 l2=0.2000 label_smoothing=0.000
D step=3/5 epoch=1/3 loss=0.3918 l2=0.2000 label_smoothing=0.000
D step=3/5 epoch=2/3 loss=0.3860 l2=0.2000 label_smoothing=0.000
D step=3/5 epoch=3/3 loss=0.3778 l2=0.2000 label_smoothing=0.000
D step=4/5 epoch=1/3 loss=0.3898 l2=0.2000 label_smoothing=0.000
D step=4/5 epoch=2/3 loss=0.3753 l2=0.2000 label_smoothing=0.000
D step=4/5 epoch=3/3 loss=0.3747 l2=0.2000 label_smoothing=0.000
D step=5/5 epoch=1/3 loss=0.3892 l2=0.2000 label_smoothing=0.000
D step=5/5 epoch=2/3 loss=0.3781 l2=0.2000 label_smoothing=0.000
D step=5/5 epoch=3/3 loss=0.3743 l2=0.2000 label_smoothing=0.000
ADV epoch=38/60 g_loss=0.0558 d_loss=0.3828 reward=0.2683 reward_var=0.0241 unique=0.5600
D step=1/5 epoch=1/3 loss=0.4123 l2=0.2000 label_smoothing=0.000
D step=1/5 epoch=2/3 loss=0.3986 l2=0.2000 label_smoothing=0.000
D step=1/5 epoch=3/3 loss=0.3934 l2=0.2000 label_smoothing=0.000
D step=2/5 epoch=1/3 loss=0.3819 l2=0.2000 label_smoothing=0.000
D step=2/5 epoch=2/3 loss=0.3784 l2=0.2000 label_smoothing=0.000
D step=2/5 epoch=3/3 loss=0.3710 l2=0.2000 label_smoothing=0.000
D step=3/5 epoch=1/3 loss=0.3793 l2=0.2000 label_smoothing=0.000
D step=3/5 epoch=2/3 loss=0.3726 l2=0.2000 label_smoothing=0.000
D step=3/5 epoch=3/3 loss=0.3690 l2=0.2000 label_smoothing=0.000
D step=4/5 epoch=1/3 loss=0.3796 l2=0.2000 label_smoothing=0.000
D step=4/5 epoch=2/3 loss=0.3706 l2=0.2000 label_smoothing=0.000
D step=4/5 epoch=3/3 loss=0.3676 l2=0.2000 label_smoothing=0.000
D step=5/5 epoch=1/3 loss=0.3897 l2=0.2000 label_smoothing=0.000
D step=5/5 epoch=2/3 loss=0.3782 l2=0.2000 label_smoothing=0.000
D step=5/5 epoch=3/3 loss=0.3731 l2=0.2000 label_smoothing=0.000
ADV epoch=39/60 g_loss=0.0536 d_loss=0.3810 reward=0.2610 reward_var=0.0160 unique=0.5800
D step=1/5 epoch=1/3 loss=0.3960 l2=0.2000 label_smoothing=0.000
D step=1/5 epoch=2/3 loss=0.3885 l2=0.2000 label_smoothing=0.000
D step=1/5 epoch=3/3 loss=0.3832 l2=0.2000 label_smoothing=0.000
D step=2/5 epoch=1/3 loss=0.3941 l2=0.2000 label_smoothing=0.000
D step=2/5 epoch=2/3 loss=0.3875 l2=0.2000 label_smoothing=0.000
D step=2/5 epoch=3/3 loss=0.3834 l2=0.2000 label_smoothing=0.000
D step=3/5 epoch=1/3 loss=0.3886 l2=0.2000 label_smoothing=0.000
D step=3/5 epoch=2/3 loss=0.3787 l2=0.2000 label_smoothing=0.000
D step=3/5 epoch=3/3 loss=0.3732 l2=0.2000 label_smoothing=0.000
D step=4/5 epoch=1/3 loss=0.3844 l2=0.2000 label_smoothing=0.000
D step=4/5 epoch=2/3 loss=0.3761 l2=0.2000 label_smoothing=0.000
D step=4/5 epoch=3/3 loss=0.3735 l2=0.2000 label_smoothing=0.000
D step=5/5 epoch=1/3 loss=0.3853 l2=0.2000 label_smoothing=0.000
D step=5/5 epoch=2/3 loss=0.3814 l2=0.2000 label_smoothing=0.000
D step=5/5 epoch=3/3 loss=0.3766 l2=0.2000 label_smoothing=0.000
ADV epoch=40/60 g_loss=0.0519 d_loss=0.3834 reward=0.2557 reward_var=0.0146 unique=0.6600
D step=1/5 epoch=1/3 loss=0.3848 l2=0.2000 label_smoothing=0.000
D step=1/5 epoch=2/3 loss=0.3743 l2=0.2000 label_smoothing=0.000
D step=1/5 epoch=3/3 loss=0.3717 l2=0.2000 label_smoothing=0.000
D step=2/5 epoch=1/3 loss=0.3848 l2=0.2000 label_smoothing=0.000
D step=2/5 epoch=2/3 loss=0.3726 l2=0.2000 label_smoothing=0.000
D step=2/5 epoch=3/3 loss=0.3682 l2=0.2000 label_smoothing=0.000
D step=3/5 epoch=1/3 loss=0.3806 l2=0.2000 label_smoothing=0.000
D step=3/5 epoch=2/3 loss=0.3710 l2=0.2000 label_smoothing=0.000
D step=3/5 epoch=3/3 loss=0.3706 l2=0.2000 label_smoothing=0.000
D step=4/5 epoch=1/3 loss=0.3795 l2=0.2000 label_smoothing=0.000
D step=4/5 epoch=2/3 loss=0.3659 l2=0.2000 label_smoothing=0.000
D step=4/5 epoch=3/3 loss=0.3643 l2=0.2000 label_smoothing=0.000
D step=5/5 epoch=1/3 loss=0.3781 l2=0.2000 label_smoothing=0.000
D step=5/5 epoch=2/3 loss=0.3664 l2=0.2000 label_smoothing=0.000
D step=5/5 epoch=3/3 loss=0.3631 l2=0.2000 label_smoothing=0.000
ADV epoch=41/60 g_loss=0.0625 d_loss=0.3731 reward=0.2901 reward_var=0.0209 unique=0.6800
D step=1/5 epoch=1/3 loss=0.3881 l2=0.2000 label_smoothing=0.000
D step=1/5 epoch=2/3 loss=0.3737 l2=0.2000 label_smoothing=0.000
D step=1/5 epoch=3/3 loss=0.3703 l2=0.2000 label_smoothing=0.000
D step=2/5 epoch=1/3 loss=0.3882 l2=0.2000 label_smoothing=0.000
D step=2/5 epoch=2/3 loss=0.3785 l2=0.2000 label_smoothing=0.000
D step=2/5 epoch=3/3 loss=0.3736 l2=0.2000 label_smoothing=0.000
D step=3/5 epoch=1/3 loss=0.3882 l2=0.2000 label_smoothing=0.000
D step=3/5 epoch=2/3 loss=0.3803 l2=0.2000 label_smoothing=0.000
D step=3/5 epoch=3/3 loss=0.3753 l2=0.2000 label_smoothing=0.000
D step=4/5 epoch=1/3 loss=0.3927 l2=0.2000 label_smoothing=0.000
D step=4/5 epoch=2/3 loss=0.3844 l2=0.2000 label_smoothing=0.000
D step=4/5 epoch=3/3 loss=0.3812 l2=0.2000 label_smoothing=0.000
D step=5/5 epoch=1/3 loss=0.3869 l2=0.2000 label_smoothing=0.000
D step=5/5 epoch=2/3 loss=0.3806 l2=0.2000 label_smoothing=0.000
D step=5/5 epoch=3/3 loss=0.3780 l2=0.2000 label_smoothing=0.000
ADV epoch=42/60 g_loss=0.0653 d_loss=0.3813 reward=0.2900 reward_var=0.0155 unique=0.6600
D step=1/5 epoch=1/3 loss=0.3885 l2=0.2000 label_smoothing=0.000
D step=1/5 epoch=2/3 loss=0.3742 l2=0.2000 label_smoothing=0.000
D step=1/5 epoch=3/3 loss=0.3701 l2=0.2000 label_smoothing=0.000
D step=2/5 epoch=1/3 loss=0.3780 l2=0.2000 label_smoothing=0.000
D step=2/5 epoch=2/3 loss=0.3755 l2=0.2000 label_smoothing=0.000
D step=2/5 epoch=3/3 loss=0.3703 l2=0.2000 label_smoothing=0.000
D step=3/5 epoch=1/3 loss=0.3839 l2=0.2000 label_smoothing=0.000
D step=3/5 epoch=2/3 loss=0.3753 l2=0.2000 label_smoothing=0.000
D step=3/5 epoch=3/3 loss=0.3721 l2=0.2000 label_smoothing=0.000
D step=4/5 epoch=1/3 loss=0.3743 l2=0.2000 label_smoothing=0.000
D step=4/5 epoch=2/3 loss=0.3676 l2=0.2000 label_smoothing=0.000
D step=4/5 epoch=3/3 loss=0.3629 l2=0.2000 label_smoothing=0.000
D step=5/5 epoch=1/3 loss=0.3693 l2=0.2000 label_smoothing=0.000
D step=5/5 epoch=2/3 loss=0.3597 l2=0.2000 label_smoothing=0.000
D step=5/5 epoch=3/3 loss=0.3575 l2=0.2000 label_smoothing=0.000
ADV epoch=43/60 g_loss=0.0517 d_loss=0.3719 reward=0.2531 reward_var=0.0157 unique=0.7000
D step=1/5 epoch=1/3 loss=0.3641 l2=0.2000 label_smoothing=0.000
D step=1/5 epoch=2/3 loss=0.3534 l2=0.2000 label_smoothing=0.000
D step=1/5 epoch=3/3 loss=0.3499 l2=0.2000 label_smoothing=0.000
D step=2/5 epoch=1/3 loss=0.3722 l2=0.2000 label_smoothing=0.000
D step=2/5 epoch=2/3 loss=0.3616 l2=0.2000 label_smoothing=0.000
D step=2/5 epoch=3/3 loss=0.3579 l2=0.2000 label_smoothing=0.000
D step=3/5 epoch=1/3 loss=0.3678 l2=0.2000 label_smoothing=0.000
D step=3/5 epoch=2/3 loss=0.3584 l2=0.2000 label_smoothing=0.000
D step=3/5 epoch=3/3 loss=0.3583 l2=0.2000 label_smoothing=0.000
D step=4/5 epoch=1/3 loss=0.3701 l2=0.2000 label_smoothing=0.000
D step=4/5 epoch=2/3 loss=0.3620 l2=0.2000 label_smoothing=0.000
D step=4/5 epoch=3/3 loss=0.3589 l2=0.2000 label_smoothing=0.000
D step=5/5 epoch=1/3 loss=0.3660 l2=0.2000 label_smoothing=0.000
D step=5/5 epoch=2/3 loss=0.3580 l2=0.2000 label_smoothing=0.000
D step=5/5 epoch=3/3 loss=0.3541 l2=0.2000 label_smoothing=0.000
ADV epoch=44/60 g_loss=0.0576 d_loss=0.3609 reward=0.2821 reward_var=0.0165 unique=0.6800
D step=1/5 epoch=1/3 loss=0.3696 l2=0.2000 label_smoothing=0.000
D step=1/5 epoch=2/3 loss=0.3598 l2=0.2000 label_smoothing=0.000
D step=1/5 epoch=3/3 loss=0.3554 l2=0.2000 label_smoothing=0.000
D step=2/5 epoch=1/3 loss=0.3753 l2=0.2000 label_smoothing=0.000
D step=2/5 epoch=2/3 loss=0.3622 l2=0.2000 label_smoothing=0.000
D step=2/5 epoch=3/3 loss=0.3599 l2=0.2000 label_smoothing=0.000
D step=3/5 epoch=1/3 loss=0.3828 l2=0.2000 label_smoothing=0.000
D step=3/5 epoch=2/3 loss=0.3722 l2=0.2000 label_smoothing=0.000
D step=3/5 epoch=3/3 loss=0.3677 l2=0.2000 label_smoothing=0.000
D step=4/5 epoch=1/3 loss=0.3817 l2=0.2000 label_smoothing=0.000
D step=4/5 epoch=2/3 loss=0.3696 l2=0.2000 label_smoothing=0.000
D step=4/5 epoch=3/3 loss=0.3692 l2=0.2000 label_smoothing=0.000
D step=5/5 epoch=1/3 loss=0.3812 l2=0.2000 label_smoothing=0.000
D step=5/5 epoch=2/3 loss=0.3724 l2=0.2000 label_smoothing=0.000
D step=5/5 epoch=3/3 loss=0.3694 l2=0.2000 label_smoothing=0.000
ADV epoch=45/60 g_loss=0.0597 d_loss=0.3699 reward=0.2789 reward_var=0.0198 unique=0.6800
D step=1/5 epoch=1/3 loss=0.4014 l2=0.2000 label_smoothing=0.000
D step=1/5 epoch=2/3 loss=0.3848 l2=0.2000 label_smoothing=0.000
D step=1/5 epoch=3/3 loss=0.3789 l2=0.2000 label_smoothing=0.000
D step=2/5 epoch=1/3 loss=0.3985 l2=0.2000 label_smoothing=0.000
D step=2/5 epoch=2/3 loss=0.3892 l2=0.2000 label_smoothing=0.000
D step=2/5 epoch=3/3 loss=0.3848 l2=0.2000 label_smoothing=0.000
D step=3/5 epoch=1/3 loss=0.3896 l2=0.2000 label_smoothing=0.000
D step=3/5 epoch=2/3 loss=0.3860 l2=0.2000 label_smoothing=0.000
D step=3/5 epoch=3/3 loss=0.3805 l2=0.2000 label_smoothing=0.000
D step=4/5 epoch=1/3 loss=0.3922 l2=0.2000 label_smoothing=0.000
D step=4/5 epoch=2/3 loss=0.3849 l2=0.2000 label_smoothing=0.000
D step=4/5 epoch=3/3 loss=0.3807 l2=0.2000 label_smoothing=0.000
D step=5/5 epoch=1/3 loss=0.3879 l2=0.2000 label_smoothing=0.000
D step=5/5 epoch=2/3 loss=0.3797 l2=0.2000 label_smoothing=0.000
D step=5/5 epoch=3/3 loss=0.3764 l2=0.2000 label_smoothing=0.000
ADV epoch=46/60 g_loss=0.0608 d_loss=0.3864 reward=0.2733 reward_var=0.0194 unique=0.6600
D step=1/5 epoch=1/3 loss=0.4073 l2=0.2000 label_smoothing=0.000
D step=1/5 epoch=2/3 loss=0.3947 l2=0.2000 label_smoothing=0.000
D step=1/5 epoch=3/3 loss=0.3877 l2=0.2000 label_smoothing=0.000
D step=2/5 epoch=1/3 loss=0.4011 l2=0.2000 label_smoothing=0.000
D step=2/5 epoch=2/3 loss=0.3921 l2=0.2000 label_smoothing=0.000
D step=2/5 epoch=3/3 loss=0.3893 l2=0.2000 label_smoothing=0.000
D step=3/5 epoch=1/3 loss=0.4105 l2=0.2000 label_smoothing=0.000
D step=3/5 epoch=2/3 loss=0.4018 l2=0.2000 label_smoothing=0.000
D step=3/5 epoch=3/3 loss=0.3995 l2=0.2000 label_smoothing=0.000
D step=4/5 epoch=1/3 loss=0.4059 l2=0.2000 label_smoothing=0.000
D step=4/5 epoch=2/3 loss=0.3932 l2=0.2000 label_smoothing=0.000
D step=4/5 epoch=3/3 loss=0.3920 l2=0.2000 label_smoothing=0.000
D step=5/5 epoch=1/3 loss=0.4115 l2=0.2000 label_smoothing=0.000
D step=5/5 epoch=2/3 loss=0.4024 l2=0.2000 label_smoothing=0.000
D step=5/5 epoch=3/3 loss=0.4018 l2=0.2000 label_smoothing=0.000
ADV epoch=47/60 g_loss=0.0533 d_loss=0.3994 reward=0.2438 reward_var=0.0138 unique=0.7000
D step=1/5 epoch=1/3 loss=0.4043 l2=0.2000 label_smoothing=0.000
D step=1/5 epoch=2/3 loss=0.3900 l2=0.2000 label_smoothing=0.000
D step=1/5 epoch=3/3 loss=0.3866 l2=0.2000 label_smoothing=0.000
D step=2/5 epoch=1/3 loss=0.4052 l2=0.2000 label_smoothing=0.000
D step=2/5 epoch=2/3 loss=0.3949 l2=0.2000 label_smoothing=0.000
D step=2/5 epoch=3/3 loss=0.3947 l2=0.2000 label_smoothing=0.000
D step=3/5 epoch=1/3 loss=0.3998 l2=0.2000 label_smoothing=0.000
D step=3/5 epoch=2/3 loss=0.3915 l2=0.2000 label_smoothing=0.000
D step=3/5 epoch=3/3 loss=0.3873 l2=0.2000 label_smoothing=0.000
D step=4/5 epoch=1/3 loss=0.3997 l2=0.2000 label_smoothing=0.000
D step=4/5 epoch=2/3 loss=0.3917 l2=0.2000 label_smoothing=0.000
D step=4/5 epoch=3/3 loss=0.3878 l2=0.2000 label_smoothing=0.000
D step=5/5 epoch=1/3 loss=0.3998 l2=0.2000 label_smoothing=0.000
D step=5/5 epoch=2/3 loss=0.3926 l2=0.2000 label_smoothing=0.000
D step=5/5 epoch=3/3 loss=0.3890 l2=0.2000 label_smoothing=0.000
ADV epoch=48/60 g_loss=0.0652 d_loss=0.3943 reward=0.2952 reward_var=0.0187 unique=0.6400
D step=1/5 epoch=1/3 loss=0.3931 l2=0.2000 label_smoothing=0.000
D step=1/5 epoch=2/3 loss=0.3792 l2=0.2000 label_smoothing=0.000
D step=1/5 epoch=3/3 loss=0.3740 l2=0.2000 label_smoothing=0.000
D step=2/5 epoch=1/3 loss=0.3974 l2=0.2000 label_smoothing=0.000
D step=2/5 epoch=2/3 loss=0.3889 l2=0.2000 label_smoothing=0.000
D step=2/5 epoch=3/3 loss=0.3862 l2=0.2000 label_smoothing=0.000
D step=3/5 epoch=1/3 loss=0.4000 l2=0.2000 label_smoothing=0.000
D step=3/5 epoch=2/3 loss=0.3931 l2=0.2000 label_smoothing=0.000
D step=3/5 epoch=3/3 loss=0.3899 l2=0.2000 label_smoothing=0.000
D step=4/5 epoch=1/3 loss=0.3745 l2=0.2000 label_smoothing=0.000
D step=4/5 epoch=2/3 loss=0.3661 l2=0.2000 label_smoothing=0.000
D step=4/5 epoch=3/3 loss=0.3639 l2=0.2000 label_smoothing=0.000
D step=5/5 epoch=1/3 loss=0.3957 l2=0.2000 label_smoothing=0.000
D step=5/5 epoch=2/3 loss=0.3870 l2=0.2000 label_smoothing=0.000
D step=5/5 epoch=3/3 loss=0.3829 l2=0.2000 label_smoothing=0.000
ADV epoch=49/60 g_loss=0.0511 d_loss=0.3848 reward=0.2501 reward_var=0.0167 unique=0.7400
D step=1/5 epoch=1/3 loss=0.3903 l2=0.2000 label_smoothing=0.000
D step=1/5 epoch=2/3 loss=0.3788 l2=0.2000 label_smoothing=0.000
D step=1/5 epoch=3/3 loss=0.3764 l2=0.2000 label_smoothing=0.000
D step=2/5 epoch=1/3 loss=0.4066 l2=0.2000 label_smoothing=0.000
D step=2/5 epoch=2/3 loss=0.3956 l2=0.2000 label_smoothing=0.000
D step=2/5 epoch=3/3 loss=0.3913 l2=0.2000 label_smoothing=0.000
D step=3/5 epoch=1/3 loss=0.3889 l2=0.2000 label_smoothing=0.000
D step=3/5 epoch=2/3 loss=0.3810 l2=0.2000 label_smoothing=0.000
D step=3/5 epoch=3/3 loss=0.3786 l2=0.2000 label_smoothing=0.000
D step=4/5 epoch=1/3 loss=0.3966 l2=0.2000 label_smoothing=0.000
D step=4/5 epoch=2/3 loss=0.3856 l2=0.2000 label_smoothing=0.000
D step=4/5 epoch=3/3 loss=0.3806 l2=0.2000 label_smoothing=0.000
D step=5/5 epoch=1/3 loss=0.4038 l2=0.2000 label_smoothing=0.000
D step=5/5 epoch=2/3 loss=0.3914 l2=0.2000 label_smoothing=0.000
D step=5/5 epoch=3/3 loss=0.3883 l2=0.2000 label_smoothing=0.000
ADV epoch=50/60 g_loss=0.0659 d_loss=0.3889 reward=0.3004 reward_var=0.0166 unique=0.6600
D step=1/5 epoch=1/3 loss=0.4194 l2=0.2000 label_smoothing=0.000
D step=1/5 epoch=2/3 loss=0.4046 l2=0.2000 label_smoothing=0.000
D step=1/5 epoch=3/3 loss=0.3990 l2=0.2000 label_smoothing=0.000
D step=2/5 epoch=1/3 loss=0.4067 l2=0.2000 label_smoothing=0.000
D step=2/5 epoch=2/3 loss=0.3940 l2=0.2000 label_smoothing=0.000
D step=2/5 epoch=3/3 loss=0.3905 l2=0.2000 label_smoothing=0.000
D step=3/5 epoch=1/3 loss=0.4001 l2=0.2000 label_smoothing=0.000
D step=3/5 epoch=2/3 loss=0.3902 l2=0.2000 label_smoothing=0.000
D step=3/5 epoch=3/3 loss=0.3868 l2=0.2000 label_smoothing=0.000
D step=4/5 epoch=1/3 loss=0.4145 l2=0.2000 label_smoothing=0.000
D step=4/5 epoch=2/3 loss=0.4037 l2=0.2000 label_smoothing=0.000
D step=4/5 epoch=3/3 loss=0.3998 l2=0.2000 label_smoothing=0.000
D step=5/5 epoch=1/3 loss=0.4073 l2=0.2000 label_smoothing=0.000
D step=5/5 epoch=2/3 loss=0.3955 l2=0.2000 label_smoothing=0.000
D step=5/5 epoch=3/3 loss=0.3910 l2=0.2000 label_smoothing=0.000
ADV epoch=51/60 g_loss=0.0617 d_loss=0.4002 reward=0.3007 reward_var=0.0154 unique=0.5600
D step=1/5 epoch=1/3 loss=0.3994 l2=0.2000 label_smoothing=0.000
D step=1/5 epoch=2/3 loss=0.3840 l2=0.2000 label_smoothing=0.000
D step=1/5 epoch=3/3 loss=0.3808 l2=0.2000 label_smoothing=0.000
D step=2/5 epoch=1/3 loss=0.3990 l2=0.2000 label_smoothing=0.000
D step=2/5 epoch=2/3 loss=0.3876 l2=0.2000 label_smoothing=0.000
D step=2/5 epoch=3/3 loss=0.3810 l2=0.2000 label_smoothing=0.000
D step=3/5 epoch=1/3 loss=0.3911 l2=0.2000 label_smoothing=0.000
D step=3/5 epoch=2/3 loss=0.3795 l2=0.2000 label_smoothing=0.000
D step=3/5 epoch=3/3 loss=0.3761 l2=0.2000 label_smoothing=0.000
D step=4/5 epoch=1/3 loss=0.4002 l2=0.2000 label_smoothing=0.000
D step=4/5 epoch=2/3 loss=0.3901 l2=0.2000 label_smoothing=0.000
D step=4/5 epoch=3/3 loss=0.3870 l2=0.2000 label_smoothing=0.000
D step=5/5 epoch=1/3 loss=0.3894 l2=0.2000 label_smoothing=0.000
D step=5/5 epoch=2/3 loss=0.3815 l2=0.2000 label_smoothing=0.000
D step=5/5 epoch=3/3 loss=0.3777 l2=0.2000 label_smoothing=0.000
ADV epoch=52/60 g_loss=0.0612 d_loss=0.3869 reward=0.2883 reward_var=0.0202 unique=0.6400
D step=1/5 epoch=1/3 loss=0.3973 l2=0.2000 label_smoothing=0.000
D step=1/5 epoch=2/3 loss=0.3835 l2=0.2000 label_smoothing=0.000
D step=1/5 epoch=3/3 loss=0.3791 l2=0.2000 label_smoothing=0.000
D step=2/5 epoch=1/3 loss=0.3792 l2=0.2000 label_smoothing=0.000
D step=2/5 epoch=2/3 loss=0.3703 l2=0.2000 label_smoothing=0.000
D step=2/5 epoch=3/3 loss=0.3669 l2=0.2000 label_smoothing=0.000
D step=3/5 epoch=1/3 loss=0.3958 l2=0.2000 label_smoothing=0.000
D step=3/5 epoch=2/3 loss=0.3805 l2=0.2000 label_smoothing=0.000
D step=3/5 epoch=3/3 loss=0.3813 l2=0.2000 label_smoothing=0.000
D step=4/5 epoch=1/3 loss=0.3973 l2=0.2000 label_smoothing=0.000
D step=4/5 epoch=2/3 loss=0.3858 l2=0.2000 label_smoothing=0.000
D step=4/5 epoch=3/3 loss=0.3805 l2=0.2000 label_smoothing=0.000
D step=5/5 epoch=1/3 loss=0.4041 l2=0.2000 label_smoothing=0.000
D step=5/5 epoch=2/3 loss=0.3962 l2=0.2000 label_smoothing=0.000
D step=5/5 epoch=3/3 loss=0.3897 l2=0.2000 label_smoothing=0.000
ADV epoch=53/60 g_loss=0.0633 d_loss=0.3858 reward=0.2753 reward_var=0.0159 unique=0.6800
D step=1/5 epoch=1/3 loss=0.3936 l2=0.2000 label_smoothing=0.000
D step=1/5 epoch=2/3 loss=0.3779 l2=0.2000 label_smoothing=0.000
D step=1/5 epoch=3/3 loss=0.3763 l2=0.2000 label_smoothing=0.000
D step=2/5 epoch=1/3 loss=0.3881 l2=0.2000 label_smoothing=0.000
D step=2/5 epoch=2/3 loss=0.3764 l2=0.2000 label_smoothing=0.000
D step=2/5 epoch=3/3 loss=0.3737 l2=0.2000 label_smoothing=0.000
D step=3/5 epoch=1/3 loss=0.3835 l2=0.2000 label_smoothing=0.000
D step=3/5 epoch=2/3 loss=0.3716 l2=0.2000 label_smoothing=0.000
D step=3/5 epoch=3/3 loss=0.3674 l2=0.2000 label_smoothing=0.000
D step=4/5 epoch=1/3 loss=0.3856 l2=0.2000 label_smoothing=0.000
D step=4/5 epoch=2/3 loss=0.3758 l2=0.2000 label_smoothing=0.000
D step=4/5 epoch=3/3 loss=0.3713 l2=0.2000 label_smoothing=0.000
D step=5/5 epoch=1/3 loss=0.3822 l2=0.2000 label_smoothing=0.000
D step=5/5 epoch=2/3 loss=0.3737 l2=0.2000 label_smoothing=0.000
D step=5/5 epoch=3/3 loss=0.3698 l2=0.2000 label_smoothing=0.000
ADV epoch=54/60 g_loss=0.0587 d_loss=0.3778 reward=0.2863 reward_var=0.0191 unique=0.8000
D step=1/5 epoch=1/3 loss=0.3947 l2=0.2000 label_smoothing=0.000
D step=1/5 epoch=2/3 loss=0.3786 l2=0.2000 label_smoothing=0.000
D step=1/5 epoch=3/3 loss=0.3735 l2=0.2000 label_smoothing=0.000
D step=2/5 epoch=1/3 loss=0.3796 l2=0.2000 label_smoothing=0.000
D step=2/5 epoch=2/3 loss=0.3717 l2=0.2000 label_smoothing=0.000
D step=2/5 epoch=3/3 loss=0.3694 l2=0.2000 label_smoothing=0.000
D step=3/5 epoch=1/3 loss=0.3803 l2=0.2000 label_smoothing=0.000
D step=3/5 epoch=2/3 loss=0.3716 l2=0.2000 label_smoothing=0.000
D step=3/5 epoch=3/3 loss=0.3680 l2=0.2000 label_smoothing=0.000
D step=4/5 epoch=1/3 loss=0.3890 l2=0.2000 label_smoothing=0.000
D step=4/5 epoch=2/3 loss=0.3832 l2=0.2000 label_smoothing=0.000
D step=4/5 epoch=3/3 loss=0.3798 l2=0.2000 label_smoothing=0.000
D step=5/5 epoch=1/3 loss=0.3751 l2=0.2000 label_smoothing=0.000
D step=5/5 epoch=2/3 loss=0.3659 l2=0.2000 label_smoothing=0.000
D step=5/5 epoch=3/3 loss=0.3647 l2=0.2000 label_smoothing=0.000
ADV epoch=55/60 g_loss=0.0625 d_loss=0.3763 reward=0.2757 reward_var=0.0216 unique=0.7800
D step=1/5 epoch=1/3 loss=0.3884 l2=0.2000 label_smoothing=0.000
D step=1/5 epoch=2/3 loss=0.3763 l2=0.2000 label_smoothing=0.000
D step=1/5 epoch=3/3 loss=0.3733 l2=0.2000 label_smoothing=0.000
D step=2/5 epoch=1/3 loss=0.3877 l2=0.2000 label_smoothing=0.000
D step=2/5 epoch=2/3 loss=0.3806 l2=0.2000 label_smoothing=0.000
D step=2/5 epoch=3/3 loss=0.3788 l2=0.2000 label_smoothing=0.000
D step=3/5 epoch=1/3 loss=0.3819 l2=0.2000 label_smoothing=0.000
D step=3/5 epoch=2/3 loss=0.3726 l2=0.2000 label_smoothing=0.000
D step=3/5 epoch=3/3 loss=0.3691 l2=0.2000 label_smoothing=0.000
D step=4/5 epoch=1/3 loss=0.3894 l2=0.2000 label_smoothing=0.000
D step=4/5 epoch=2/3 loss=0.3748 l2=0.2000 label_smoothing=0.000
D step=4/5 epoch=3/3 loss=0.3731 l2=0.2000 label_smoothing=0.000
D step=5/5 epoch=1/3 loss=0.3857 l2=0.2000 label_smoothing=0.000
D step=5/5 epoch=2/3 loss=0.3767 l2=0.2000 label_smoothing=0.000
D step=5/5 epoch=3/3 loss=0.3724 l2=0.2000 label_smoothing=0.000
ADV epoch=56/60 g_loss=0.0647 d_loss=0.3787 reward=0.3169 reward_var=0.0219 unique=0.6600
D step=1/5 epoch=1/3 loss=0.3923 l2=0.2000 label_smoothing=0.000
D step=1/5 epoch=2/3 loss=0.3792 l2=0.2000 label_smoothing=0.000
D step=1/5 epoch=3/3 loss=0.3767 l2=0.2000 label_smoothing=0.000
D step=2/5 epoch=1/3 loss=0.3905 l2=0.2000 label_smoothing=0.000
D step=2/5 epoch=2/3 loss=0.3801 l2=0.2000 label_smoothing=0.000
D step=2/5 epoch=3/3 loss=0.3765 l2=0.2000 label_smoothing=0.000
D step=3/5 epoch=1/3 loss=0.3926 l2=0.2000 label_smoothing=0.000
D step=3/5 epoch=2/3 loss=0.3777 l2=0.2000 label_smoothing=0.000
D step=3/5 epoch=3/3 loss=0.3738 l2=0.2000 label_smoothing=0.000
D step=4/5 epoch=1/3 loss=0.3728 l2=0.2000 label_smoothing=0.000
D step=4/5 epoch=2/3 loss=0.3633 l2=0.2000 label_smoothing=0.000
D step=4/5 epoch=3/3 loss=0.3621 l2=0.2000 label_smoothing=0.000
D step=5/5 epoch=1/3 loss=0.3900 l2=0.2000 label_smoothing=0.000
D step=5/5 epoch=2/3 loss=0.3756 l2=0.2000 label_smoothing=0.000
D step=5/5 epoch=3/3 loss=0.3696 l2=0.2000 label_smoothing=0.000
ADV epoch=57/60 g_loss=0.0621 d_loss=0.3782 reward=0.2905 reward_var=0.0194 unique=0.6000
D step=1/5 epoch=1/3 loss=0.3964 l2=0.2000 label_smoothing=0.000
D step=1/5 epoch=2/3 loss=0.3853 l2=0.2000 label_smoothing=0.000
D step=1/5 epoch=3/3 loss=0.3804 l2=0.2000 label_smoothing=0.000
D step=2/5 epoch=1/3 loss=0.3968 l2=0.2000 label_smoothing=0.000
D step=2/5 epoch=2/3 loss=0.3881 l2=0.2000 label_smoothing=0.000
D step=2/5 epoch=3/3 loss=0.3846 l2=0.2000 label_smoothing=0.000
D step=3/5 epoch=1/3 loss=0.4015 l2=0.2000 label_smoothing=0.000
D step=3/5 epoch=2/3 loss=0.3909 l2=0.2000 label_smoothing=0.000
D step=3/5 epoch=3/3 loss=0.3892 l2=0.2000 label_smoothing=0.000
D step=4/5 epoch=1/3 loss=0.4010 l2=0.2000 label_smoothing=0.000
D step=4/5 epoch=2/3 loss=0.3884 l2=0.2000 label_smoothing=0.000
D step=4/5 epoch=3/3 loss=0.3835 l2=0.2000 label_smoothing=0.000
D step=5/5 epoch=1/3 loss=0.4068 l2=0.2000 label_smoothing=0.000
D step=5/5 epoch=2/3 loss=0.3986 l2=0.2000 label_smoothing=0.000
D step=5/5 epoch=3/3 loss=0.3922 l2=0.2000 label_smoothing=0.000
ADV epoch=58/60 g_loss=0.0678 d_loss=0.3922 reward=0.2887 reward_var=0.0282 unique=0.6000
D step=1/5 epoch=1/3 loss=0.4142 l2=0.2000 label_smoothing=0.000
D step=1/5 epoch=2/3 loss=0.3974 l2=0.2000 label_smoothing=0.000
D step=1/5 epoch=3/3 loss=0.3913 l2=0.2000 label_smoothing=0.000
D step=2/5 epoch=1/3 loss=0.4013 l2=0.2000 label_smoothing=0.000
D step=2/5 epoch=2/3 loss=0.3926 l2=0.2000 label_smoothing=0.000
D step=2/5 epoch=3/3 loss=0.3894 l2=0.2000 label_smoothing=0.000
D step=3/5 epoch=1/3 loss=0.4062 l2=0.2000 label_smoothing=0.000
D step=3/5 epoch=2/3 loss=0.3956 l2=0.2000 label_smoothing=0.000
D step=3/5 epoch=3/3 loss=0.3926 l2=0.2000 label_smoothing=0.000
D step=4/5 epoch=1/3 loss=0.4073 l2=0.2000 label_smoothing=0.000
D step=4/5 epoch=2/3 loss=0.4003 l2=0.2000 label_smoothing=0.000
D step=4/5 epoch=3/3 loss=0.3968 l2=0.2000 label_smoothing=0.000
D step=5/5 epoch=1/3 loss=0.4057 l2=0.2000 label_smoothing=0.000
D step=5/5 epoch=2/3 loss=0.4012 l2=0.2000 label_smoothing=0.000
D step=5/5 epoch=3/3 loss=0.3958 l2=0.2000 label_smoothing=0.000
ADV epoch=59/60 g_loss=0.0742 d_loss=0.3992 reward=0.3166 reward_var=0.0181 unique=0.6600
D step=1/5 epoch=1/3 loss=0.3908 l2=0.2000 label_smoothing=0.000
D step=1/5 epoch=2/3 loss=0.3802 l2=0.2000 label_smoothing=0.000
D step=1/5 epoch=3/3 loss=0.3756 l2=0.2000 label_smoothing=0.000
D step=2/5 epoch=1/3 loss=0.3955 l2=0.2000 label_smoothing=0.000
D step=2/5 epoch=2/3 loss=0.3823 l2=0.2000 label_smoothing=0.000
D step=2/5 epoch=3/3 loss=0.3811 l2=0.2000 label_smoothing=0.000
D step=3/5 epoch=1/3 loss=0.3856 l2=0.2000 label_smoothing=0.000
D step=3/5 epoch=2/3 loss=0.3742 l2=0.2000 label_smoothing=0.000
D step=3/5 epoch=3/3 loss=0.3740 l2=0.2000 label_smoothing=0.000
D step=4/5 epoch=1/3 loss=0.3799 l2=0.2000 label_smoothing=0.000
D step=4/5 epoch=2/3 loss=0.3735 l2=0.2000 label_smoothing=0.000
D step=4/5 epoch=3/3 loss=0.3693 l2=0.2000 label_smoothing=0.000
D step=5/5 epoch=1/3 loss=0.3874 l2=0.2000 label_smoothing=0.000
D step=5/5 epoch=2/3 loss=0.3793 l2=0.2000 label_smoothing=0.000
D step=5/5 epoch=3/3 loss=0.3778 l2=0.2000 label_smoothing=0.000
ADV epoch=60/60 g_loss=0.0506 d_loss=0.3804 reward=0.2554 reward_var=0.0153 unique=0.6000
saved 500 raw samples to /content/drive/MyDrive/GAN/GAN_SQLi_Colab/results_seqgan_phase2b_phase3/phase2b/seqgan_master/time/A/R20/generated_payloads.csv
