{
  "metric_schema_version": "quality-metrics-v3",
  "normalization_version": "nfkc_html_percent1_casefold_ws_quotes_v1",
  "seed": 88,
  "method": "seqgan_improved",
  "family": "boolean",
  "scenario": "D",
  "ratio": "200",
  "generation_kind": "direct",
  "schema_valid": true,
  "stop_reason": "n/a",
  "n_generated": 2000,
  "unique_rate": 0.993,
  "normalized_unique_rate": 0.965,
  "duplicate_rate": 0.007000000000000006,
  "model_collapse_rate": 0.007000000000000006,
  "dominant_payload_share": 0.0015,
  "normalized_dominant_payload_share": 0.0025,
  "sql_parse_rate": 1.0,
  "sql_structure_rate": 0.9,
  "family_motif_coverage": 0.5,
  "family_motif_hit_rate": 0.72,
  "garbage_rate": 0.09999999999999998,
  "wellformed_rate": 1.0,
  "shaped_rate": 0.9,
  "family_motif_coverage_by_family": {
    "boolean": 0.5
  },
  "family_motif_hit_rate_by_family": {
    "boolean": 0.72
  },
  "inferred_family_distribution": {
    "boolean": 0.72,
    "union": 0.0005,
    "time": 0.0,
    "error": 0.0,
    "other": 0.2795
  },
  "train_reference_count": 78,
  "holdout_reference_count": 917,
  "exact_input_overlap": 0.0,
  "normalized_input_overlap": 0.0,
  "holdout_overlap": 0.0,
  "normalized_holdout_overlap": 0.0,
  "nearest_input_similarity_mean": 0.137154984981284,
  "nearest_input_similarity_median": 0.125,
  "nearest_input_similarity_p90": 0.20833333333333334,
  "nearest_char3_jaccard_mean": 0.137154984981284,
  "nearest_char3_jaccard_median": 0.125,
  "nearest_char3_jaccard_p90": 0.20833333333333334,
  "nearest_token_jaccard_mean": 0.043825846608746395,
  "nearest_token_jaccard_median": 0.0,
  "nearest_token_jaccard_p90": 0.14285714285714285,
  "nearest_edit_similarity_mean": 0.2359263008986936,
  "nearest_edit_similarity_median": 0.24137931034482762,
  "nearest_edit_similarity_p90": 0.31034482758620685,
  "nearest_feature_cosine_mean": 0.794615985027728,
  "nearest_feature_cosine_median": 0.8167420854987588,
  "nearest_feature_cosine_p90": 0.9132099815075289,
  "nearest_input_distance_mean": 0.862845015018716,
  "nearest_input_distance_median": 0.875,
  "nearest_input_distance_p90": 0.9190270270270271,
  "mean_nearest_similarity": 0.137154984981284,
  "median_nearest_similarity": 0.125,
  "p90_nearest_similarity": 0.20833333333333334,
  "unique_nearest_payload_rate": 0.024,
  "dominant_retrieved_payload_share": 0.5115,
  "nearest_reference_count": 78,
  "distinct_1": 0.07067903911195907,
  "distinct_2": 0.2375406568041129,
  "distinct_3": 0.4774930288142345,
  "lexical_diversity": 0.07067903911195907,
  "character_diversity": 0.7150406305526389,
  "token_diversity": 0.5003944672851534,
  "keyword_diversity": 0.5197088891615503,
  "operator_diversity": 0.4759341830327019,
  "function_diversity": 0.7510552050010968,
  "comment_style_diversity": 0.0,
  "length_zone_diversity": 0.2,
  "self_bleu": 0.9481135833300546,
  "self_bleu_char": 0.9481135833300546,
  "requested_count": 2000,
  "generated_count_fraction": 1.0
}
