{
  "metric_schema_version": "quality-metrics-v3",
  "normalization_version": "nfkc_html_percent1_casefold_ws_quotes_v1",
  "seed": 88,
  "method": "seqgan_improved",
  "family": "union",
  "scenario": "D",
  "ratio": "100",
  "generation_kind": "direct",
  "schema_valid": true,
  "stop_reason": "n/a",
  "n_generated": 2000,
  "unique_rate": 0.6825,
  "normalized_unique_rate": 0.6575,
  "duplicate_rate": 0.3175,
  "model_collapse_rate": 0.3175,
  "dominant_payload_share": 0.0255,
  "normalized_dominant_payload_share": 0.027,
  "sql_parse_rate": 1.0,
  "sql_structure_rate": 0.993,
  "family_motif_coverage": 1.0,
  "family_motif_hit_rate": 0.8545,
  "garbage_rate": 0.007000000000000006,
  "wellformed_rate": 1.0,
  "shaped_rate": 0.993,
  "family_motif_coverage_by_family": {
    "union": 1.0
  },
  "family_motif_hit_rate_by_family": {
    "union": 0.8545
  },
  "inferred_family_distribution": {
    "boolean": 0.0,
    "union": 0.8545,
    "time": 0.0,
    "error": 0.0,
    "other": 0.1455
  },
  "train_reference_count": 156,
  "holdout_reference_count": 419,
  "exact_input_overlap": 0.017,
  "normalized_input_overlap": 0.0185,
  "holdout_overlap": 0.027,
  "normalized_holdout_overlap": 0.0295,
  "nearest_input_similarity_mean": 0.6899327451090314,
  "nearest_input_similarity_median": 0.7242021276595745,
  "nearest_input_similarity_p90": 1.0,
  "nearest_char3_jaccard_mean": 0.6899327451090314,
  "nearest_char3_jaccard_median": 0.7242021276595745,
  "nearest_char3_jaccard_p90": 1.0,
  "nearest_token_jaccard_mean": 0.7278644298402686,
  "nearest_token_jaccard_median": 0.8333333333333334,
  "nearest_token_jaccard_p90": 1.0,
  "nearest_edit_similarity_mean": 0.6097703388329538,
  "nearest_edit_similarity_median": 0.6226415094339622,
  "nearest_edit_similarity_p90": 0.9,
  "nearest_feature_cosine_mean": 0.947591146608008,
  "nearest_feature_cosine_median": 0.985400963085971,
  "nearest_feature_cosine_p90": 0.9995052172634893,
  "nearest_input_distance_mean": 0.3100672548909687,
  "nearest_input_distance_median": 0.2757978723404255,
  "nearest_input_distance_p90": 0.7313796869311977,
  "mean_nearest_similarity": 0.6899327451090314,
  "median_nearest_similarity": 0.7242021276595745,
  "p90_nearest_similarity": 1.0,
  "unique_nearest_payload_rate": 0.0455,
  "dominant_retrieved_payload_share": 0.184,
  "nearest_reference_count": 156,
  "distinct_1": 0.01826685492410872,
  "distinct_2": 0.04916239529941243,
  "distinct_3": 0.09501266835578077,
  "lexical_diversity": 0.01826685492410872,
  "character_diversity": 0.7382710030210795,
  "token_diversity": 0.4048603028282996,
  "keyword_diversity": 0.6281831199645045,
  "operator_diversity": 0.4425756873529887,
  "function_diversity": 0.9211512446941665,
  "comment_style_diversity": 0.6666666666666666,
  "length_zone_diversity": 1.0,
  "self_bleu": 0.9924838935084361,
  "self_bleu_char": 0.9924838935084361,
  "requested_count": 2000,
  "generated_count_fraction": 1.0
}
