
[1/3] pretrain G
G epoch=1/60 loss=5.5395
G epoch=2/60 loss=5.4614
G epoch=3/60 loss=5.3798
G epoch=4/60 loss=5.2707
G epoch=5/60 loss=5.1545
G epoch=6/60 loss=4.9885
G epoch=7/60 loss=4.8079
G epoch=8/60 loss=4.5971
G epoch=9/60 loss=4.4020
G epoch=10/60 loss=4.1887
G epoch=11/60 loss=4.0480
G epoch=12/60 loss=3.9512
G epoch=13/60 loss=3.7993
G epoch=14/60 loss=3.6882
G epoch=15/60 loss=3.5888
G epoch=16/60 loss=3.5211
G epoch=17/60 loss=3.4315
G epoch=18/60 loss=3.3565
G epoch=19/60 loss=3.3307
G epoch=20/60 loss=3.1841
G epoch=21/60 loss=3.1855
G epoch=22/60 loss=3.0709
G epoch=23/60 loss=3.0339
G epoch=24/60 loss=2.9653
G epoch=25/60 loss=2.8704
G epoch=26/60 loss=2.8490
G epoch=27/60 loss=2.8178
G epoch=28/60 loss=2.6880
G epoch=29/60 loss=2.6605
G epoch=30/60 loss=2.5729
G epoch=31/60 loss=2.5830
G epoch=32/60 loss=2.5083
G epoch=33/60 loss=2.4028
G epoch=34/60 loss=2.4167
G epoch=35/60 loss=2.3309
G epoch=36/60 loss=2.2946
G epoch=37/60 loss=2.2063
G epoch=38/60 loss=2.1584
G epoch=39/60 loss=2.1793
G epoch=40/60 loss=2.1065
G epoch=41/60 loss=2.0996
G epoch=42/60 loss=2.0797
G epoch=43/60 loss=1.9980
G epoch=44/60 loss=1.9759
G epoch=45/60 loss=1.8747
G epoch=46/60 loss=1.8851
G epoch=47/60 loss=1.8118
G epoch=48/60 loss=1.8228
G epoch=49/60 loss=1.7767
G epoch=50/60 loss=1.8190
G epoch=51/60 loss=1.7265
G epoch=52/60 loss=1.7140
G epoch=53/60 loss=1.6687
G epoch=54/60 loss=1.5944
G epoch=55/60 loss=1.6209
G epoch=56/60 loss=1.6380
G epoch=57/60 loss=1.6002
G epoch=58/60 loss=1.5558
G epoch=59/60 loss=1.5381
G epoch=60/60 loss=1.4358

[2/3] pretrain D
D step=1/30 epoch=1/3 loss=0.7849 l2=0.2000 label_smoothing=0.050
D step=1/30 epoch=2/3 loss=0.7464 l2=0.2000 label_smoothing=0.050
D step=1/30 epoch=3/3 loss=0.7286 l2=0.2000 label_smoothing=0.050
D step=2/30 epoch=1/3 loss=0.7445 l2=0.2000 label_smoothing=0.050
D step=2/30 epoch=2/3 loss=0.7264 l2=0.2000 label_smoothing=0.050
D step=2/30 epoch=3/3 loss=0.7176 l2=0.2000 label_smoothing=0.050
D step=3/30 epoch=1/3 loss=0.7138 l2=0.2000 label_smoothing=0.050
D step=3/30 epoch=2/3 loss=0.7025 l2=0.2000 label_smoothing=0.050
D step=3/30 epoch=3/3 loss=0.6785 l2=0.2000 label_smoothing=0.050
D step=4/30 epoch=1/3 loss=0.6963 l2=0.2000 label_smoothing=0.050
D step=4/30 epoch=2/3 loss=0.6625 l2=0.2000 label_smoothing=0.050
D step=4/30 epoch=3/3 loss=0.6656 l2=0.2000 label_smoothing=0.050
D step=5/30 epoch=1/3 loss=0.6534 l2=0.2000 label_smoothing=0.050
D step=5/30 epoch=2/3 loss=0.6502 l2=0.2000 label_smoothing=0.050
D step=5/30 epoch=3/3 loss=0.5991 l2=0.2000 label_smoothing=0.050
D step=6/30 epoch=1/3 loss=0.6078 l2=0.2000 label_smoothing=0.050
D step=6/30 epoch=2/3 loss=0.6134 l2=0.2000 label_smoothing=0.050
D step=6/30 epoch=3/3 loss=0.5925 l2=0.2000 label_smoothing=0.050
D step=7/30 epoch=1/3 loss=0.5747 l2=0.2000 label_smoothing=0.050
D step=7/30 epoch=2/3 loss=0.5657 l2=0.2000 label_smoothing=0.050
D step=7/30 epoch=3/3 loss=0.5630 l2=0.2000 label_smoothing=0.050
D step=8/30 epoch=1/3 loss=0.5588 l2=0.2000 label_smoothing=0.050
D step=8/30 epoch=2/3 loss=0.5442 l2=0.2000 label_smoothing=0.050
D step=8/30 epoch=3/3 loss=0.5362 l2=0.2000 label_smoothing=0.050
D step=9/30 epoch=1/3 loss=0.5383 l2=0.2000 label_smoothing=0.050
D step=9/30 epoch=2/3 loss=0.5214 l2=0.2000 label_smoothing=0.050
D step=9/30 epoch=3/3 loss=0.4978 l2=0.2000 label_smoothing=0.050
D step=10/30 epoch=1/3 loss=0.4872 l2=0.2000 label_smoothing=0.050
D step=10/30 epoch=2/3 loss=0.4845 l2=0.2000 label_smoothing=0.050
D step=10/30 epoch=3/3 loss=0.4713 l2=0.2000 label_smoothing=0.050
D step=11/30 epoch=1/3 loss=0.4706 l2=0.2000 label_smoothing=0.050
D step=11/30 epoch=2/3 loss=0.4706 l2=0.2000 label_smoothing=0.050
D step=11/30 epoch=3/3 loss=0.4442 l2=0.2000 label_smoothing=0.050
D step=12/30 epoch=1/3 loss=0.4208 l2=0.2000 label_smoothing=0.050
D step=12/30 epoch=2/3 loss=0.4139 l2=0.2000 label_smoothing=0.050
D step=12/30 epoch=3/3 loss=0.3984 l2=0.2000 label_smoothing=0.050
D step=13/30 epoch=1/3 loss=0.4011 l2=0.2000 label_smoothing=0.050
D step=13/30 epoch=2/3 loss=0.3906 l2=0.2000 label_smoothing=0.050
D step=13/30 epoch=3/3 loss=0.3742 l2=0.2000 label_smoothing=0.050
D step=14/30 epoch=1/3 loss=0.3670 l2=0.2000 label_smoothing=0.050
D step=14/30 epoch=2/3 loss=0.3541 l2=0.2000 label_smoothing=0.050
D step=14/30 epoch=3/3 loss=0.3539 l2=0.2000 label_smoothing=0.050
D step=15/30 epoch=1/3 loss=0.3487 l2=0.2000 label_smoothing=0.050
D step=15/30 epoch=2/3 loss=0.3503 l2=0.2000 label_smoothing=0.050
D step=15/30 epoch=3/3 loss=0.3290 l2=0.2000 label_smoothing=0.050
D step=16/30 epoch=1/3 loss=0.3284 l2=0.2000 label_smoothing=0.050
D step=16/30 epoch=2/3 loss=0.3269 l2=0.2000 label_smoothing=0.050
D step=16/30 epoch=3/3 loss=0.3127 l2=0.2000 label_smoothing=0.050
D step=17/30 epoch=1/3 loss=0.3196 l2=0.2000 label_smoothing=0.050
D step=17/30 epoch=2/3 loss=0.3143 l2=0.2000 label_smoothing=0.050
D step=17/30 epoch=3/3 loss=0.2947 l2=0.2000 label_smoothing=0.050
D step=18/30 epoch=1/3 loss=0.2797 l2=0.2000 label_smoothing=0.050
D step=18/30 epoch=2/3 loss=0.2727 l2=0.2000 label_smoothing=0.050
D step=18/30 epoch=3/3 loss=0.2643 l2=0.2000 label_smoothing=0.050
D step=19/30 epoch=1/3 loss=0.2573 l2=0.2000 label_smoothing=0.050
D step=19/30 epoch=2/3 loss=0.2499 l2=0.2000 label_smoothing=0.050
D step=19/30 epoch=3/3 loss=0.2535 l2=0.2000 label_smoothing=0.050
D step=20/30 epoch=1/3 loss=0.2651 l2=0.2000 label_smoothing=0.050
D step=20/30 epoch=2/3 loss=0.2557 l2=0.2000 label_smoothing=0.050
D step=20/30 epoch=3/3 loss=0.2497 l2=0.2000 label_smoothing=0.050
D step=21/30 epoch=1/3 loss=0.2629 l2=0.2000 label_smoothing=0.050
D step=21/30 epoch=2/3 loss=0.2605 l2=0.2000 label_smoothing=0.050
D step=21/30 epoch=3/3 loss=0.2551 l2=0.2000 label_smoothing=0.050
D step=22/30 epoch=1/3 loss=0.2830 l2=0.2000 label_smoothing=0.050
D step=22/30 epoch=2/3 loss=0.2707 l2=0.2000 label_smoothing=0.050
D step=22/30 epoch=3/3 loss=0.2582 l2=0.2000 label_smoothing=0.050
D step=23/30 epoch=1/3 loss=0.2490 l2=0.2000 label_smoothing=0.050
D step=23/30 epoch=2/3 loss=0.2409 l2=0.2000 label_smoothing=0.050
D step=23/30 epoch=3/3 loss=0.2388 l2=0.2000 label_smoothing=0.050
D step=24/30 epoch=1/3 loss=0.2408 l2=0.2000 label_smoothing=0.050
D step=24/30 epoch=2/3 loss=0.2375 l2=0.2000 label_smoothing=0.050
D step=24/30 epoch=3/3 loss=0.2295 l2=0.2000 label_smoothing=0.050
D step=25/30 epoch=1/3 loss=0.2361 l2=0.2000 label_smoothing=0.050
D step=25/30 epoch=2/3 loss=0.2321 l2=0.2000 label_smoothing=0.050
D step=25/30 epoch=3/3 loss=0.2258 l2=0.2000 label_smoothing=0.050
D step=26/30 epoch=1/3 loss=0.2264 l2=0.2000 label_smoothing=0.050
D step=26/30 epoch=2/3 loss=0.2283 l2=0.2000 label_smoothing=0.050
D step=26/30 epoch=3/3 loss=0.2271 l2=0.2000 label_smoothing=0.050
D step=27/30 epoch=1/3 loss=0.2249 l2=0.2000 label_smoothing=0.050
D step=27/30 epoch=2/3 loss=0.2255 l2=0.2000 label_smoothing=0.050
D step=27/30 epoch=3/3 loss=0.2249 l2=0.2000 label_smoothing=0.050
D step=28/30 epoch=1/3 loss=0.2122 l2=0.2000 label_smoothing=0.050
D step=28/30 epoch=2/3 loss=0.2113 l2=0.2000 label_smoothing=0.050
D step=28/30 epoch=3/3 loss=0.2091 l2=0.2000 label_smoothing=0.050
D step=29/30 epoch=1/3 loss=0.2563 l2=0.2000 label_smoothing=0.050
D step=29/30 epoch=2/3 loss=0.2403 l2=0.2000 label_smoothing=0.050
D step=29/30 epoch=3/3 loss=0.2400 l2=0.2000 label_smoothing=0.050
D step=30/30 epoch=1/3 loss=0.2134 l2=0.2000 label_smoothing=0.050
D step=30/30 epoch=2/3 loss=0.2178 l2=0.2000 label_smoothing=0.050
D step=30/30 epoch=3/3 loss=0.2180 l2=0.2000 label_smoothing=0.050

[3/3] adversarial
generator_reward_mode=on reward_alpha=0.700 d_steps=5 d_epochs=3
D step=1/5 epoch=1/3 loss=0.2126 l2=0.2000 label_smoothing=0.050
D step=1/5 epoch=2/3 loss=0.2041 l2=0.2000 label_smoothing=0.050
D step=1/5 epoch=3/3 loss=0.1981 l2=0.2000 label_smoothing=0.050
D step=2/5 epoch=1/3 loss=0.2058 l2=0.2000 label_smoothing=0.050
D step=2/5 epoch=2/3 loss=0.2040 l2=0.2000 label_smoothing=0.050
D step=2/5 epoch=3/3 loss=0.2018 l2=0.2000 label_smoothing=0.050
D step=3/5 epoch=1/3 loss=0.2362 l2=0.2000 label_smoothing=0.050
D step=3/5 epoch=2/3 loss=0.2340 l2=0.2000 label_smoothing=0.050
D step=3/5 epoch=3/3 loss=0.2237 l2=0.2000 label_smoothing=0.050
D step=4/5 epoch=1/3 loss=0.1930 l2=0.2000 label_smoothing=0.050
D step=4/5 epoch=2/3 loss=0.1937 l2=0.2000 label_smoothing=0.050
D step=4/5 epoch=3/3 loss=0.1913 l2=0.2000 label_smoothing=0.050
D step=5/5 epoch=1/3 loss=0.1947 l2=0.2000 label_smoothing=0.050
D step=5/5 epoch=2/3 loss=0.1938 l2=0.2000 label_smoothing=0.050
D step=5/5 epoch=3/3 loss=0.1927 l2=0.2000 label_smoothing=0.050
ADV epoch=1/60 g_loss=0.4532 d_loss=0.2053 reward=0.1901 reward_var=0.0107 unique=1.0000
D step=1/5 epoch=1/3 loss=0.2295 l2=0.2000 label_smoothing=0.050
D step=1/5 epoch=2/3 loss=0.2171 l2=0.2000 label_smoothing=0.050
D step=1/5 epoch=3/3 loss=0.2150 l2=0.2000 label_smoothing=0.050
D step=2/5 epoch=1/3 loss=0.2013 l2=0.2000 label_smoothing=0.050
D step=2/5 epoch=2/3 loss=0.2033 l2=0.2000 label_smoothing=0.050
D step=2/5 epoch=3/3 loss=0.2026 l2=0.2000 label_smoothing=0.050
D step=3/5 epoch=1/3 loss=0.1986 l2=0.2000 label_smoothing=0.050
D step=3/5 epoch=2/3 loss=0.1959 l2=0.2000 label_smoothing=0.050
D step=3/5 epoch=3/3 loss=0.1933 l2=0.2000 label_smoothing=0.050
D step=4/5 epoch=1/3 loss=0.1975 l2=0.2000 label_smoothing=0.050
D step=4/5 epoch=2/3 loss=0.1926 l2=0.2000 label_smoothing=0.050
D step=4/5 epoch=3/3 loss=0.1916 l2=0.2000 label_smoothing=0.050
D step=5/5 epoch=1/3 loss=0.2018 l2=0.2000 label_smoothing=0.050
D step=5/5 epoch=2/3 loss=0.2060 l2=0.2000 label_smoothing=0.050
D step=5/5 epoch=3/3 loss=0.2006 l2=0.2000 label_smoothing=0.050
ADV epoch=2/60 g_loss=0.4628 d_loss=0.2031 reward=0.1916 reward_var=0.0115 unique=1.0000
D step=1/5 epoch=1/3 loss=0.2029 l2=0.2000 label_smoothing=0.050
D step=1/5 epoch=2/3 loss=0.1914 l2=0.2000 label_smoothing=0.050
D step=1/5 epoch=3/3 loss=0.1871 l2=0.2000 label_smoothing=0.050
D step=2/5 epoch=1/3 loss=0.1924 l2=0.2000 label_smoothing=0.050
D step=2/5 epoch=2/3 loss=0.1890 l2=0.2000 label_smoothing=0.050
D step=2/5 epoch=3/3 loss=0.1871 l2=0.2000 label_smoothing=0.050
D step=3/5 epoch=1/3 loss=0.1907 l2=0.2000 label_smoothing=0.050
D step=3/5 epoch=2/3 loss=0.1890 l2=0.2000 label_smoothing=0.050
D step=3/5 epoch=3/3 loss=0.1875 l2=0.2000 label_smoothing=0.050
D step=4/5 epoch=1/3 loss=0.1788 l2=0.2000 label_smoothing=0.050
D step=4/5 epoch=2/3 loss=0.1788 l2=0.2000 label_smoothing=0.050
D step=4/5 epoch=3/3 loss=0.1748 l2=0.2000 label_smoothing=0.050
D step=5/5 epoch=1/3 loss=0.1906 l2=0.2000 label_smoothing=0.050
D step=5/5 epoch=2/3 loss=0.1849 l2=0.2000 label_smoothing=0.050
D step=5/5 epoch=3/3 loss=0.1799 l2=0.2000 label_smoothing=0.050
ADV epoch=3/60 g_loss=0.5944 d_loss=0.1870 reward=0.2295 reward_var=0.0109 unique=1.0000
saved 500 raw samples to /content/drive/MyDrive/GAN/GAN_SQLi_Colab/results_seqgan_phase2b_phase3/phase3/seqgan_improved/error/D/R200/V5/generated_payloads.csv
