{
  "metric_schema_version": "quality-metrics-v3",
  "normalization_version": "nfkc_html_percent1_casefold_ws_quotes_v1",
  "seed": 88,
  "method": "seqgan_improved",
  "family": "union",
  "scenario": "D",
  "ratio": "200",
  "generation_kind": "direct",
  "schema_valid": true,
  "stop_reason": "n/a",
  "n_generated": 500,
  "unique_rate": 0.998,
  "normalized_unique_rate": 0.996,
  "duplicate_rate": 0.0020000000000000018,
  "model_collapse_rate": 0.0020000000000000018,
  "dominant_payload_share": 0.004,
  "normalized_dominant_payload_share": 0.004,
  "sql_parse_rate": 1.0,
  "sql_structure_rate": 0.954,
  "family_motif_coverage": 1.0,
  "family_motif_hit_rate": 0.858,
  "garbage_rate": 0.04600000000000004,
  "wellformed_rate": 1.0,
  "shaped_rate": 0.954,
  "family_motif_coverage_by_family": {
    "union": 1.0
  },
  "family_motif_hit_rate_by_family": {
    "union": 0.858
  },
  "inferred_family_distribution": {
    "boolean": 0.0,
    "union": 0.858,
    "time": 0.0,
    "error": 0.0,
    "other": 0.142
  },
  "train_reference_count": 78,
  "holdout_reference_count": 419,
  "exact_input_overlap": 0.0,
  "normalized_input_overlap": 0.0,
  "holdout_overlap": 0.0,
  "normalized_holdout_overlap": 0.0,
  "nearest_input_similarity_mean": 0.4533562316474122,
  "nearest_input_similarity_median": 0.44093023255813957,
  "nearest_input_similarity_p90": 0.6400000000000002,
  "nearest_char3_jaccard_mean": 0.4533562316474122,
  "nearest_char3_jaccard_median": 0.44093023255813957,
  "nearest_char3_jaccard_p90": 0.6400000000000002,
  "nearest_token_jaccard_mean": 0.41146818165494636,
  "nearest_token_jaccard_median": 0.4,
  "nearest_token_jaccard_p90": 0.6025000000000006,
  "nearest_edit_similarity_mean": 0.41076944634527457,
  "nearest_edit_similarity_median": 0.375,
  "nearest_edit_similarity_p90": 0.6517482517482518,
  "nearest_feature_cosine_mean": 0.9021081775653889,
  "nearest_feature_cosine_median": 0.9633938152423034,
  "nearest_feature_cosine_p90": 0.9917717049912719,
  "nearest_input_distance_mean": 0.5466437683525878,
  "nearest_input_distance_median": 0.5590697674418605,
  "nearest_input_distance_p90": 0.6977482465854559,
  "mean_nearest_similarity": 0.4533562316474122,
  "median_nearest_similarity": 0.44093023255813957,
  "p90_nearest_similarity": 0.6400000000000002,
  "unique_nearest_payload_rate": 0.1,
  "dominant_retrieved_payload_share": 0.128,
  "nearest_reference_count": 78,
  "distinct_1": 0.04762804762804763,
  "distinct_2": 0.19453141306616573,
  "distinct_3": 0.3717411545623836,
  "lexical_diversity": 0.04762804762804763,
  "character_diversity": 0.7706597432948535,
  "token_diversity": 0.5856831028653975,
  "keyword_diversity": 0.6597549155294331,
  "operator_diversity": 0.8721847298727758,
  "function_diversity": 0.0,
  "comment_style_diversity": 0.3333333333333333,
  "length_zone_diversity": 0.6,
  "self_bleu": 0.9705814690574261,
  "self_bleu_char": 0.9705814690574261,
  "requested_count": 500,
  "generated_count_fraction": 1.0
}
