
[1/3] pretrain G
G epoch=1/120 loss=4.5036
G epoch=2/120 loss=4.0951
G epoch=3/120 loss=3.6118
G epoch=4/120 loss=3.0859
G epoch=5/120 loss=2.8306
G epoch=6/120 loss=2.7438
G epoch=7/120 loss=2.6382
G epoch=8/120 loss=2.5581
G epoch=9/120 loss=2.4396
G epoch=10/120 loss=2.3677
G epoch=11/120 loss=2.2921
G epoch=12/120 loss=2.2509
G epoch=13/120 loss=2.1722
G epoch=14/120 loss=2.1020
G epoch=15/120 loss=2.0389
G epoch=16/120 loss=1.9729
G epoch=17/120 loss=1.8772
G epoch=18/120 loss=1.8644
G epoch=19/120 loss=1.7944
G epoch=20/120 loss=1.7783
G epoch=21/120 loss=1.7626
G epoch=22/120 loss=1.6733
G epoch=23/120 loss=1.6426
G epoch=24/120 loss=1.6028
G epoch=25/120 loss=1.5925
G epoch=26/120 loss=1.5569
G epoch=27/120 loss=1.4825
G epoch=28/120 loss=1.4794
G epoch=29/120 loss=1.4483
G epoch=30/120 loss=1.4239
G epoch=31/120 loss=1.3955
G epoch=32/120 loss=1.3803
G epoch=33/120 loss=1.3583
G epoch=34/120 loss=1.3576
G epoch=35/120 loss=1.3133
G epoch=36/120 loss=1.2525
G epoch=37/120 loss=1.2579
G epoch=38/120 loss=1.2275
G epoch=39/120 loss=1.2202
G epoch=40/120 loss=1.2385
G epoch=41/120 loss=1.2061
G epoch=42/120 loss=1.1931
G epoch=43/120 loss=1.1539
G epoch=44/120 loss=1.1507
G epoch=45/120 loss=1.1374
G epoch=46/120 loss=1.0930
G epoch=47/120 loss=1.1095
G epoch=48/120 loss=1.0996
G epoch=49/120 loss=1.0546
G epoch=50/120 loss=1.0484
G epoch=51/120 loss=1.0560
G epoch=52/120 loss=1.0289
G epoch=53/120 loss=1.0221
G epoch=54/120 loss=1.0013
G epoch=55/120 loss=0.9871
G epoch=56/120 loss=0.9755
G epoch=57/120 loss=0.9703
G epoch=58/120 loss=0.9566
G epoch=59/120 loss=0.9271
G epoch=60/120 loss=0.9634
G epoch=61/120 loss=0.9347
G epoch=62/120 loss=0.9193
G epoch=63/120 loss=0.9272
G epoch=64/120 loss=0.9140
G epoch=65/120 loss=0.9118
G epoch=66/120 loss=0.8852
G epoch=67/120 loss=0.8946
G epoch=68/120 loss=0.8843
G epoch=69/120 loss=0.8612
G epoch=70/120 loss=0.8813
G epoch=71/120 loss=0.8689
G epoch=72/120 loss=0.8577
G epoch=73/120 loss=0.8305
G epoch=74/120 loss=0.8256
G epoch=75/120 loss=0.8282
G epoch=76/120 loss=0.8181
G epoch=77/120 loss=0.7867
G epoch=78/120 loss=0.8119
G epoch=79/120 loss=0.7826
G epoch=80/120 loss=0.7981
G epoch=81/120 loss=0.7518
G epoch=82/120 loss=0.7794
G epoch=83/120 loss=0.7780
G epoch=84/120 loss=0.7450
G epoch=85/120 loss=0.7610
G epoch=86/120 loss=0.7370
G epoch=87/120 loss=0.7359
G epoch=88/120 loss=0.7270
G epoch=89/120 loss=0.7268
G epoch=90/120 loss=0.7096
G epoch=91/120 loss=0.6998
G epoch=92/120 loss=0.7241
G epoch=93/120 loss=0.7149
G epoch=94/120 loss=0.6884
G epoch=95/120 loss=0.6952
G epoch=96/120 loss=0.6758
G epoch=97/120 loss=0.6876
G epoch=98/120 loss=0.6824
G epoch=99/120 loss=0.6662
G epoch=100/120 loss=0.6711
G epoch=101/120 loss=0.6570
G epoch=102/120 loss=0.6492
G epoch=103/120 loss=0.6371
G epoch=104/120 loss=0.6559
G epoch=105/120 loss=0.6423
G epoch=106/120 loss=0.6398
G epoch=107/120 loss=0.6538
G epoch=108/120 loss=0.6349
G epoch=109/120 loss=0.6424
G epoch=110/120 loss=0.6235
G epoch=111/120 loss=0.6215
G epoch=112/120 loss=0.6160
G epoch=113/120 loss=0.6243
G epoch=114/120 loss=0.6185
G epoch=115/120 loss=0.6027
G epoch=116/120 loss=0.6107
G epoch=117/120 loss=0.5951
G epoch=118/120 loss=0.5909
G epoch=119/120 loss=0.5942
G epoch=120/120 loss=0.5739

[2/3] pretrain D
D step=1/50 epoch=1/3 loss=0.7574 l2=0.2000 label_smoothing=0.000
D step=1/50 epoch=2/3 loss=0.7062 l2=0.2000 label_smoothing=0.000
D step=1/50 epoch=3/3 loss=0.6938 l2=0.2000 label_smoothing=0.000
D step=2/50 epoch=1/3 loss=0.7233 l2=0.2000 label_smoothing=0.000
D step=2/50 epoch=2/3 loss=0.6741 l2=0.2000 label_smoothing=0.000
D step=2/50 epoch=3/3 loss=0.6459 l2=0.2000 label_smoothing=0.000
D step=3/50 epoch=1/3 loss=0.6193 l2=0.2000 label_smoothing=0.000
D step=3/50 epoch=2/3 loss=0.5745 l2=0.2000 label_smoothing=0.000
D step=3/50 epoch=3/3 loss=0.5325 l2=0.2000 label_smoothing=0.000
D step=4/50 epoch=1/3 loss=0.5925 l2=0.2000 label_smoothing=0.000
D step=4/50 epoch=2/3 loss=0.5521 l2=0.2000 label_smoothing=0.000
D step=4/50 epoch=3/3 loss=0.4968 l2=0.2000 label_smoothing=0.000
D step=5/50 epoch=1/3 loss=0.5074 l2=0.2000 label_smoothing=0.000
D step=5/50 epoch=2/3 loss=0.4764 l2=0.2000 label_smoothing=0.000
D step=5/50 epoch=3/3 loss=0.4251 l2=0.2000 label_smoothing=0.000
D step=6/50 epoch=1/3 loss=0.4232 l2=0.2000 label_smoothing=0.000
D step=6/50 epoch=2/3 loss=0.4015 l2=0.2000 label_smoothing=0.000
D step=6/50 epoch=3/3 loss=0.3442 l2=0.2000 label_smoothing=0.000
D step=7/50 epoch=1/3 loss=0.4044 l2=0.2000 label_smoothing=0.000
D step=7/50 epoch=2/3 loss=0.3618 l2=0.2000 label_smoothing=0.000
D step=7/50 epoch=3/3 loss=0.3134 l2=0.2000 label_smoothing=0.000
D step=8/50 epoch=1/3 loss=0.3151 l2=0.2000 label_smoothing=0.000
D step=8/50 epoch=2/3 loss=0.2911 l2=0.2000 label_smoothing=0.000
D step=8/50 epoch=3/3 loss=0.2481 l2=0.2000 label_smoothing=0.000
D step=9/50 epoch=1/3 loss=0.2740 l2=0.2000 label_smoothing=0.000
D step=9/50 epoch=2/3 loss=0.2287 l2=0.2000 label_smoothing=0.000
D step=9/50 epoch=3/3 loss=0.2105 l2=0.2000 label_smoothing=0.000
D step=10/50 epoch=1/3 loss=0.2469 l2=0.2000 label_smoothing=0.000
D step=10/50 epoch=2/3 loss=0.2306 l2=0.2000 label_smoothing=0.000
D step=10/50 epoch=3/3 loss=0.2120 l2=0.2000 label_smoothing=0.000
D step=11/50 epoch=1/3 loss=0.2524 l2=0.2000 label_smoothing=0.000
D step=11/50 epoch=2/3 loss=0.2375 l2=0.2000 label_smoothing=0.000
D step=11/50 epoch=3/3 loss=0.1986 l2=0.2000 label_smoothing=0.000
D step=12/50 epoch=1/3 loss=0.2286 l2=0.2000 label_smoothing=0.000
D step=12/50 epoch=2/3 loss=0.2184 l2=0.2000 label_smoothing=0.000
D step=12/50 epoch=3/3 loss=0.1916 l2=0.2000 label_smoothing=0.000
D step=13/50 epoch=1/3 loss=0.2040 l2=0.2000 label_smoothing=0.000
D step=13/50 epoch=2/3 loss=0.1892 l2=0.2000 label_smoothing=0.000
D step=13/50 epoch=3/3 loss=0.1752 l2=0.2000 label_smoothing=0.000
D step=14/50 epoch=1/3 loss=0.2214 l2=0.2000 label_smoothing=0.000
D step=14/50 epoch=2/3 loss=0.1897 l2=0.2000 label_smoothing=0.000
D step=14/50 epoch=3/3 loss=0.1837 l2=0.2000 label_smoothing=0.000
D step=15/50 epoch=1/3 loss=0.1977 l2=0.2000 label_smoothing=0.000
D step=15/50 epoch=2/3 loss=0.1625 l2=0.2000 label_smoothing=0.000
D step=15/50 epoch=3/3 loss=0.1412 l2=0.2000 label_smoothing=0.000
D step=16/50 epoch=1/3 loss=0.2024 l2=0.2000 label_smoothing=0.000
D step=16/50 epoch=2/3 loss=0.1910 l2=0.2000 label_smoothing=0.000
D step=16/50 epoch=3/3 loss=0.1639 l2=0.2000 label_smoothing=0.000
D step=17/50 epoch=1/3 loss=0.1813 l2=0.2000 label_smoothing=0.000
D step=17/50 epoch=2/3 loss=0.1537 l2=0.2000 label_smoothing=0.000
D step=17/50 epoch=3/3 loss=0.1414 l2=0.2000 label_smoothing=0.000
D step=18/50 epoch=1/3 loss=0.1892 l2=0.2000 label_smoothing=0.000
D step=18/50 epoch=2/3 loss=0.1784 l2=0.2000 label_smoothing=0.000
D step=18/50 epoch=3/3 loss=0.1526 l2=0.2000 label_smoothing=0.000
D step=19/50 epoch=1/3 loss=0.1875 l2=0.2000 label_smoothing=0.000
D step=19/50 epoch=2/3 loss=0.1641 l2=0.2000 label_smoothing=0.000
D step=19/50 epoch=3/3 loss=0.1528 l2=0.2000 label_smoothing=0.000
D step=20/50 epoch=1/3 loss=0.1704 l2=0.2000 label_smoothing=0.000
D step=20/50 epoch=2/3 loss=0.1603 l2=0.2000 label_smoothing=0.000
D step=20/50 epoch=3/3 loss=0.1353 l2=0.2000 label_smoothing=0.000
D step=21/50 epoch=1/3 loss=0.1691 l2=0.2000 label_smoothing=0.000
D step=21/50 epoch=2/3 loss=0.1486 l2=0.2000 label_smoothing=0.000
D step=21/50 epoch=3/3 loss=0.1440 l2=0.2000 label_smoothing=0.000
D step=22/50 epoch=1/3 loss=0.1320 l2=0.2000 label_smoothing=0.000
D step=22/50 epoch=2/3 loss=0.1306 l2=0.2000 label_smoothing=0.000
D step=22/50 epoch=3/3 loss=0.1122 l2=0.2000 label_smoothing=0.000
D step=23/50 epoch=1/3 loss=0.1944 l2=0.2000 label_smoothing=0.000
D step=23/50 epoch=2/3 loss=0.1765 l2=0.2000 label_smoothing=0.000
D step=23/50 epoch=3/3 loss=0.1625 l2=0.2000 label_smoothing=0.000
D step=24/50 epoch=1/3 loss=0.1447 l2=0.2000 label_smoothing=0.000
D step=24/50 epoch=2/3 loss=0.1273 l2=0.2000 label_smoothing=0.000
D step=24/50 epoch=3/3 loss=0.1203 l2=0.2000 label_smoothing=0.000
D step=25/50 epoch=1/3 loss=0.1979 l2=0.2000 label_smoothing=0.000
D step=25/50 epoch=2/3 loss=0.1579 l2=0.2000 label_smoothing=0.000
D step=25/50 epoch=3/3 loss=0.1461 l2=0.2000 label_smoothing=0.000
D step=26/50 epoch=1/3 loss=0.1595 l2=0.2000 label_smoothing=0.000
D step=26/50 epoch=2/3 loss=0.1581 l2=0.2000 label_smoothing=0.000
D step=26/50 epoch=3/3 loss=0.1447 l2=0.2000 label_smoothing=0.000
D step=27/50 epoch=1/3 loss=0.1389 l2=0.2000 label_smoothing=0.000
D step=27/50 epoch=2/3 loss=0.1287 l2=0.2000 label_smoothing=0.000
D step=27/50 epoch=3/3 loss=0.1196 l2=0.2000 label_smoothing=0.000
D step=28/50 epoch=1/3 loss=0.1508 l2=0.2000 label_smoothing=0.000
D step=28/50 epoch=2/3 loss=0.1402 l2=0.2000 label_smoothing=0.000
D step=28/50 epoch=3/3 loss=0.1109 l2=0.2000 label_smoothing=0.000
D step=29/50 epoch=1/3 loss=0.1873 l2=0.2000 label_smoothing=0.000
D step=29/50 epoch=2/3 loss=0.1560 l2=0.2000 label_smoothing=0.000
D step=29/50 epoch=3/3 loss=0.1480 l2=0.2000 label_smoothing=0.000
D step=30/50 epoch=1/3 loss=0.1446 l2=0.2000 label_smoothing=0.000
D step=30/50 epoch=2/3 loss=0.1298 l2=0.2000 label_smoothing=0.000
D step=30/50 epoch=3/3 loss=0.1022 l2=0.2000 label_smoothing=0.000
D step=31/50 epoch=1/3 loss=0.1338 l2=0.2000 label_smoothing=0.000
D step=31/50 epoch=2/3 loss=0.1280 l2=0.2000 label_smoothing=0.000
D step=31/50 epoch=3/3 loss=0.1123 l2=0.2000 label_smoothing=0.000
D step=32/50 epoch=1/3 loss=0.1659 l2=0.2000 label_smoothing=0.000
D step=32/50 epoch=2/3 loss=0.1582 l2=0.2000 label_smoothing=0.000
D step=32/50 epoch=3/3 loss=0.1171 l2=0.2000 label_smoothing=0.000
D step=33/50 epoch=1/3 loss=0.1651 l2=0.2000 label_smoothing=0.000
D step=33/50 epoch=2/3 loss=0.1294 l2=0.2000 label_smoothing=0.000
D step=33/50 epoch=3/3 loss=0.1293 l2=0.2000 label_smoothing=0.000
D step=34/50 epoch=1/3 loss=0.1212 l2=0.2000 label_smoothing=0.000
D step=34/50 epoch=2/3 loss=0.1005 l2=0.2000 label_smoothing=0.000
D step=34/50 epoch=3/3 loss=0.0997 l2=0.2000 label_smoothing=0.000
D step=35/50 epoch=1/3 loss=0.1551 l2=0.2000 label_smoothing=0.000
D step=35/50 epoch=2/3 loss=0.1492 l2=0.2000 label_smoothing=0.000
D step=35/50 epoch=3/3 loss=0.1276 l2=0.2000 label_smoothing=0.000
D step=36/50 epoch=1/3 loss=0.1421 l2=0.2000 label_smoothing=0.000
D step=36/50 epoch=2/3 loss=0.1194 l2=0.2000 label_smoothing=0.000
D step=36/50 epoch=3/3 loss=0.1010 l2=0.2000 label_smoothing=0.000
D step=37/50 epoch=1/3 loss=0.1099 l2=0.2000 label_smoothing=0.000
D step=37/50 epoch=2/3 loss=0.1048 l2=0.2000 label_smoothing=0.000
D step=37/50 epoch=3/3 loss=0.0947 l2=0.2000 label_smoothing=0.000
D step=38/50 epoch=1/3 loss=0.1033 l2=0.2000 label_smoothing=0.000
D step=38/50 epoch=2/3 loss=0.0955 l2=0.2000 label_smoothing=0.000
D step=38/50 epoch=3/3 loss=0.0904 l2=0.2000 label_smoothing=0.000
D step=39/50 epoch=1/3 loss=0.1448 l2=0.2000 label_smoothing=0.000
D step=39/50 epoch=2/3 loss=0.1308 l2=0.2000 label_smoothing=0.000
D step=39/50 epoch=3/3 loss=0.1139 l2=0.2000 label_smoothing=0.000
D step=40/50 epoch=1/3 loss=0.1614 l2=0.2000 label_smoothing=0.000
D step=40/50 epoch=2/3 loss=0.1312 l2=0.2000 label_smoothing=0.000
D step=40/50 epoch=3/3 loss=0.1201 l2=0.2000 label_smoothing=0.000
D step=41/50 epoch=1/3 loss=0.1772 l2=0.2000 label_smoothing=0.000
D step=41/50 epoch=2/3 loss=0.1565 l2=0.2000 label_smoothing=0.000
D step=41/50 epoch=3/3 loss=0.1268 l2=0.2000 label_smoothing=0.000
D step=42/50 epoch=1/3 loss=0.1583 l2=0.2000 label_smoothing=0.000
D step=42/50 epoch=2/3 loss=0.1332 l2=0.2000 label_smoothing=0.000
D step=42/50 epoch=3/3 loss=0.1242 l2=0.2000 label_smoothing=0.000
D step=43/50 epoch=1/3 loss=0.1204 l2=0.2000 label_smoothing=0.000
D step=43/50 epoch=2/3 loss=0.1121 l2=0.2000 label_smoothing=0.000
D step=43/50 epoch=3/3 loss=0.1001 l2=0.2000 label_smoothing=0.000
D step=44/50 epoch=1/3 loss=0.1731 l2=0.2000 label_smoothing=0.000
D step=44/50 epoch=2/3 loss=0.1436 l2=0.2000 label_smoothing=0.000
D step=44/50 epoch=3/3 loss=0.1233 l2=0.2000 label_smoothing=0.000
D step=45/50 epoch=1/3 loss=0.1265 l2=0.2000 label_smoothing=0.000
D step=45/50 epoch=2/3 loss=0.1032 l2=0.2000 label_smoothing=0.000
D step=45/50 epoch=3/3 loss=0.1029 l2=0.2000 label_smoothing=0.000
D step=46/50 epoch=1/3 loss=0.1301 l2=0.2000 label_smoothing=0.000
D step=46/50 epoch=2/3 loss=0.1139 l2=0.2000 label_smoothing=0.000
D step=46/50 epoch=3/3 loss=0.0941 l2=0.2000 label_smoothing=0.000
D step=47/50 epoch=1/3 loss=0.1223 l2=0.2000 label_smoothing=0.000
D step=47/50 epoch=2/3 loss=0.0981 l2=0.2000 label_smoothing=0.000
D step=47/50 epoch=3/3 loss=0.0811 l2=0.2000 label_smoothing=0.000
D step=48/50 epoch=1/3 loss=0.1307 l2=0.2000 label_smoothing=0.000
D step=48/50 epoch=2/3 loss=0.1169 l2=0.2000 label_smoothing=0.000
D step=48/50 epoch=3/3 loss=0.0945 l2=0.2000 label_smoothing=0.000
D step=49/50 epoch=1/3 loss=0.1140 l2=0.2000 label_smoothing=0.000
D step=49/50 epoch=2/3 loss=0.1016 l2=0.2000 label_smoothing=0.000
D step=49/50 epoch=3/3 loss=0.0887 l2=0.2000 label_smoothing=0.000
D step=50/50 epoch=1/3 loss=0.1103 l2=0.2000 label_smoothing=0.000
D step=50/50 epoch=2/3 loss=0.0936 l2=0.2000 label_smoothing=0.000
D step=50/50 epoch=3/3 loss=0.0898 l2=0.2000 label_smoothing=0.000

[3/3] adversarial
generator_reward_mode=off reward_alpha=1.000 d_steps=5 d_epochs=3
D step=1/5 epoch=1/3 loss=0.0671 l2=0.2000 label_smoothing=0.000
D step=1/5 epoch=2/3 loss=0.0643 l2=0.2000 label_smoothing=0.000
D step=1/5 epoch=3/3 loss=0.0593 l2=0.2000 label_smoothing=0.000
D step=2/5 epoch=1/3 loss=0.0690 l2=0.2000 label_smoothing=0.000
D step=2/5 epoch=2/3 loss=0.0572 l2=0.2000 label_smoothing=0.000
D step=2/5 epoch=3/3 loss=0.0453 l2=0.2000 label_smoothing=0.000
D step=3/5 epoch=1/3 loss=0.0435 l2=0.2000 label_smoothing=0.000
D step=3/5 epoch=2/3 loss=0.0431 l2=0.2000 label_smoothing=0.000
D step=3/5 epoch=3/3 loss=0.0408 l2=0.2000 label_smoothing=0.000
D step=4/5 epoch=1/3 loss=0.0456 l2=0.2000 label_smoothing=0.000
D step=4/5 epoch=2/3 loss=0.0411 l2=0.2000 label_smoothing=0.000
D step=4/5 epoch=3/3 loss=0.0398 l2=0.2000 label_smoothing=0.000
D step=5/5 epoch=1/3 loss=0.0413 l2=0.2000 label_smoothing=0.000
D step=5/5 epoch=2/3 loss=0.0380 l2=0.2000 label_smoothing=0.000
D step=5/5 epoch=3/3 loss=0.0361 l2=0.2000 label_smoothing=0.000
ADV epoch=1/200 g_loss=0.0163 d_loss=0.0488 reward=0.0332 reward_var=0.0052 unique=0.9200
D step=1/5 epoch=1/3 loss=0.0673 l2=0.2000 label_smoothing=0.000
D step=1/5 epoch=2/3 loss=0.0405 l2=0.2000 label_smoothing=0.000
D step=1/5 epoch=3/3 loss=0.0370 l2=0.2000 label_smoothing=0.000
D step=2/5 epoch=1/3 loss=0.0394 l2=0.2000 label_smoothing=0.000
D step=2/5 epoch=2/3 loss=0.0356 l2=0.2000 label_smoothing=0.000
D step=2/5 epoch=3/3 loss=0.0330 l2=0.2000 label_smoothing=0.000
D step=3/5 epoch=1/3 loss=0.0313 l2=0.2000 label_smoothing=0.000
D step=3/5 epoch=2/3 loss=0.0311 l2=0.2000 label_smoothing=0.000
D step=3/5 epoch=3/3 loss=0.0301 l2=0.2000 label_smoothing=0.000
D step=4/5 epoch=1/3 loss=0.0610 l2=0.2000 label_smoothing=0.000
D step=4/5 epoch=2/3 loss=0.0454 l2=0.2000 label_smoothing=0.000
D step=4/5 epoch=3/3 loss=0.0460 l2=0.2000 label_smoothing=0.000
D step=5/5 epoch=1/3 loss=0.0317 l2=0.2000 label_smoothing=0.000
D step=5/5 epoch=2/3 loss=0.0292 l2=0.2000 label_smoothing=0.000
D step=5/5 epoch=3/3 loss=0.0280 l2=0.2000 label_smoothing=0.000
ADV epoch=2/200 g_loss=0.0273 d_loss=0.0391 reward=0.0664 reward_var=0.0108 unique=0.7600
D step=1/5 epoch=1/3 loss=0.1024 l2=0.2000 label_smoothing=0.000
D step=1/5 epoch=2/3 loss=0.0934 l2=0.2000 label_smoothing=0.000
D step=1/5 epoch=3/3 loss=0.0885 l2=0.2000 label_smoothing=0.000
D step=2/5 epoch=1/3 loss=0.0667 l2=0.2000 label_smoothing=0.000
D step=2/5 epoch=2/3 loss=0.0697 l2=0.2000 label_smoothing=0.000
D step=2/5 epoch=3/3 loss=0.0579 l2=0.2000 label_smoothing=0.000
D step=3/5 epoch=1/3 loss=0.0315 l2=0.2000 label_smoothing=0.000
D step=3/5 epoch=2/3 loss=0.0307 l2=0.2000 label_smoothing=0.000
D step=3/5 epoch=3/3 loss=0.0268 l2=0.2000 label_smoothing=0.000
D step=4/5 epoch=1/3 loss=0.0456 l2=0.2000 label_smoothing=0.000
D step=4/5 epoch=2/3 loss=0.0393 l2=0.2000 label_smoothing=0.000
D step=4/5 epoch=3/3 loss=0.0413 l2=0.2000 label_smoothing=0.000
D step=5/5 epoch=1/3 loss=0.0406 l2=0.2000 label_smoothing=0.000
D step=5/5 epoch=2/3 loss=0.0392 l2=0.2000 label_smoothing=0.000
D step=5/5 epoch=3/3 loss=0.0374 l2=0.2000 label_smoothing=0.000
ADV epoch=3/200 g_loss=0.0262 d_loss=0.0541 reward=0.0579 reward_var=0.0070 unique=0.8400
D step=1/5 epoch=1/3 loss=0.2229 l2=0.2000 label_smoothing=0.000
D step=1/5 epoch=2/3 loss=0.1222 l2=0.2000 label_smoothing=0.000
D step=1/5 epoch=3/3 loss=0.1165 l2=0.2000 label_smoothing=0.000
D step=2/5 epoch=1/3 loss=0.1100 l2=0.2000 label_smoothing=0.000
D step=2/5 epoch=2/3 loss=0.1057 l2=0.2000 label_smoothing=0.000
D step=2/5 epoch=3/3 loss=0.0809 l2=0.2000 label_smoothing=0.000
D step=3/5 epoch=1/3 loss=0.0942 l2=0.2000 label_smoothing=0.000
D step=3/5 epoch=2/3 loss=0.0865 l2=0.2000 label_smoothing=0.000
D step=3/5 epoch=3/3 loss=0.0830 l2=0.2000 label_smoothing=0.000
D step=4/5 epoch=1/3 loss=0.1339 l2=0.2000 label_smoothing=0.000
D step=4/5 epoch=2/3 loss=0.1112 l2=0.2000 label_smoothing=0.000
D step=4/5 epoch=3/3 loss=0.1007 l2=0.2000 label_smoothing=0.000
D step=5/5 epoch=1/3 loss=0.0983 l2=0.2000 label_smoothing=0.000
D step=5/5 epoch=2/3 loss=0.0827 l2=0.2000 label_smoothing=0.000
D step=5/5 epoch=3/3 loss=0.0887 l2=0.2000 label_smoothing=0.000
ADV epoch=4/200 g_loss=0.0116 d_loss=0.1092 reward=0.0307 reward_var=0.0028 unique=0.9600
D step=1/5 epoch=1/3 loss=0.1097 l2=0.2000 label_smoothing=0.000
D step=1/5 epoch=2/3 loss=0.0498 l2=0.2000 label_smoothing=0.000
D step=1/5 epoch=3/3 loss=0.0622 l2=0.2000 label_smoothing=0.000
D step=2/5 epoch=1/3 loss=0.0563 l2=0.2000 label_smoothing=0.000
D step=2/5 epoch=2/3 loss=0.0520 l2=0.2000 label_smoothing=0.000
D step=2/5 epoch=3/3 loss=0.0449 l2=0.2000 label_smoothing=0.000
D step=3/5 epoch=1/3 loss=0.0459 l2=0.2000 label_smoothing=0.000
D step=3/5 epoch=2/3 loss=0.0377 l2=0.2000 label_smoothing=0.000
D step=3/5 epoch=3/3 loss=0.0338 l2=0.2000 label_smoothing=0.000
D step=4/5 epoch=1/3 loss=0.0561 l2=0.2000 label_smoothing=0.000
D step=4/5 epoch=2/3 loss=0.0502 l2=0.2000 label_smoothing=0.000
D step=4/5 epoch=3/3 loss=0.0359 l2=0.2000 label_smoothing=0.000
D step=5/5 epoch=1/3 loss=0.0364 l2=0.2000 label_smoothing=0.000
D step=5/5 epoch=2/3 loss=0.0252 l2=0.2000 label_smoothing=0.000
D step=5/5 epoch=3/3 loss=0.0225 l2=0.2000 label_smoothing=0.000
ADV epoch=5/200 g_loss=0.0225 d_loss=0.0479 reward=0.0457 reward_var=0.0109 unique=0.9200
D step=1/5 epoch=1/3 loss=0.0234 l2=0.2000 label_smoothing=0.000
D step=1/5 epoch=2/3 loss=0.0210 l2=0.2000 label_smoothing=0.000
D step=1/5 epoch=3/3 loss=0.0196 l2=0.2000 label_smoothing=0.000
D step=2/5 epoch=1/3 loss=0.0193 l2=0.2000 label_smoothing=0.000
D step=2/5 epoch=2/3 loss=0.0183 l2=0.2000 label_smoothing=0.000
D step=2/5 epoch=3/3 loss=0.0168 l2=0.2000 label_smoothing=0.000
D step=3/5 epoch=1/3 loss=0.0527 l2=0.2000 label_smoothing=0.000
D step=3/5 epoch=2/3 loss=0.0381 l2=0.2000 label_smoothing=0.000
D step=3/5 epoch=3/3 loss=0.0456 l2=0.2000 label_smoothing=0.000
D step=4/5 epoch=1/3 loss=0.0263 l2=0.2000 label_smoothing=0.000
D step=4/5 epoch=2/3 loss=0.0240 l2=0.2000 label_smoothing=0.000
D step=4/5 epoch=3/3 loss=0.0240 l2=0.2000 label_smoothing=0.000
D step=5/5 epoch=1/3 loss=0.0280 l2=0.2000 label_smoothing=0.000
D step=5/5 epoch=2/3 loss=0.0196 l2=0.2000 label_smoothing=0.000
D step=5/5 epoch=3/3 loss=0.0208 l2=0.2000 label_smoothing=0.000
ADV epoch=6/200 g_loss=0.0276 d_loss=0.0265 reward=0.0689 reward_var=0.0152 unique=0.8600
D step=1/5 epoch=1/3 loss=0.0246 l2=0.2000 label_smoothing=0.000
D step=1/5 epoch=2/3 loss=0.0160 l2=0.2000 label_smoothing=0.000
D step=1/5 epoch=3/3 loss=0.0153 l2=0.2000 label_smoothing=0.000
D step=2/5 epoch=1/3 loss=0.0160 l2=0.2000 label_smoothing=0.000
D step=2/5 epoch=2/3 loss=0.0143 l2=0.2000 label_smoothing=0.000
D step=2/5 epoch=3/3 loss=0.0135 l2=0.2000 label_smoothing=0.000
D step=3/5 epoch=1/3 loss=0.0377 l2=0.2000 label_smoothing=0.000
D step=3/5 epoch=2/3 loss=0.0176 l2=0.2000 label_smoothing=0.000
D step=3/5 epoch=3/3 loss=0.0194 l2=0.2000 label_smoothing=0.000
D step=4/5 epoch=1/3 loss=0.0185 l2=0.2000 label_smoothing=0.000
D step=4/5 epoch=2/3 loss=0.0164 l2=0.2000 label_smoothing=0.000
D step=4/5 epoch=3/3 loss=0.0155 l2=0.2000 label_smoothing=0.000
D step=5/5 epoch=1/3 loss=0.0133 l2=0.2000 label_smoothing=0.000
D step=5/5 epoch=2/3 loss=0.0125 l2=0.2000 label_smoothing=0.000
D step=5/5 epoch=3/3 loss=0.0123 l2=0.2000 label_smoothing=0.000
ADV epoch=7/200 g_loss=0.0296 d_loss=0.0175 reward=0.0795 reward_var=0.0139 unique=0.8800
D step=1/5 epoch=1/3 loss=0.0542 l2=0.2000 label_smoothing=0.000
D step=1/5 epoch=2/3 loss=0.0282 l2=0.2000 label_smoothing=0.000
D step=1/5 epoch=3/3 loss=0.0246 l2=0.2000 label_smoothing=0.000
D step=2/5 epoch=1/3 loss=0.0532 l2=0.2000 label_smoothing=0.000
D step=2/5 epoch=2/3 loss=0.0331 l2=0.2000 label_smoothing=0.000
D step=2/5 epoch=3/3 loss=0.0143 l2=0.2000 label_smoothing=0.000
D step=3/5 epoch=1/3 loss=0.0255 l2=0.2000 label_smoothing=0.000
D step=3/5 epoch=2/3 loss=0.0148 l2=0.2000 label_smoothing=0.000
D step=3/5 epoch=3/3 loss=0.0124 l2=0.2000 label_smoothing=0.000
D step=4/5 epoch=1/3 loss=0.0132 l2=0.2000 label_smoothing=0.000
D step=4/5 epoch=2/3 loss=0.0122 l2=0.2000 label_smoothing=0.000
D step=4/5 epoch=3/3 loss=0.0113 l2=0.2000 label_smoothing=0.000
D step=5/5 epoch=1/3 loss=0.0277 l2=0.2000 label_smoothing=0.000
D step=5/5 epoch=2/3 loss=0.0168 l2=0.2000 label_smoothing=0.000
D step=5/5 epoch=3/3 loss=0.0142 l2=0.2000 label_smoothing=0.000
ADV epoch=8/200 g_loss=0.0304 d_loss=0.0237 reward=0.0610 reward_var=0.0096 unique=0.9600
D step=1/5 epoch=1/3 loss=0.0579 l2=0.2000 label_smoothing=0.000
D step=1/5 epoch=2/3 loss=0.0517 l2=0.2000 label_smoothing=0.000
D step=1/5 epoch=3/3 loss=0.0404 l2=0.2000 label_smoothing=0.000
D step=2/5 epoch=1/3 loss=0.0359 l2=0.2000 label_smoothing=0.000
D step=2/5 epoch=2/3 loss=0.0251 l2=0.2000 label_smoothing=0.000
D step=2/5 epoch=3/3 loss=0.0219 l2=0.2000 label_smoothing=0.000
D step=3/5 epoch=1/3 loss=0.0478 l2=0.2000 label_smoothing=0.000
D step=3/5 epoch=2/3 loss=0.0367 l2=0.2000 label_smoothing=0.000
D step=3/5 epoch=3/3 loss=0.0271 l2=0.2000 label_smoothing=0.000
D step=4/5 epoch=1/3 loss=0.0240 l2=0.2000 label_smoothing=0.000
D step=4/5 epoch=2/3 loss=0.0216 l2=0.2000 label_smoothing=0.000
D step=4/5 epoch=3/3 loss=0.0191 l2=0.2000 label_smoothing=0.000
D step=5/5 epoch=1/3 loss=0.0550 l2=0.2000 label_smoothing=0.000
D step=5/5 epoch=2/3 loss=0.0450 l2=0.2000 label_smoothing=0.000
D step=5/5 epoch=3/3 loss=0.0439 l2=0.2000 label_smoothing=0.000
ADV epoch=9/200 g_loss=0.0126 d_loss=0.0369 reward=0.0209 reward_var=0.0021 unique=1.0000
D step=1/5 epoch=1/3 loss=0.0610 l2=0.2000 label_smoothing=0.000
D step=1/5 epoch=2/3 loss=0.0480 l2=0.2000 label_smoothing=0.000
D step=1/5 epoch=3/3 loss=0.0487 l2=0.2000 label_smoothing=0.000
D step=2/5 epoch=1/3 loss=0.0565 l2=0.2000 label_smoothing=0.000
D step=2/5 epoch=2/3 loss=0.0397 l2=0.2000 label_smoothing=0.000
D step=2/5 epoch=3/3 loss=0.0397 l2=0.2000 label_smoothing=0.000
D step=3/5 epoch=1/3 loss=0.0557 l2=0.2000 label_smoothing=0.000
D step=3/5 epoch=2/3 loss=0.0521 l2=0.2000 label_smoothing=0.000
D step=3/5 epoch=3/3 loss=0.0389 l2=0.2000 label_smoothing=0.000
D step=4/5 epoch=1/3 loss=0.0390 l2=0.2000 label_smoothing=0.000
D step=4/5 epoch=2/3 loss=0.0398 l2=0.2000 label_smoothing=0.000
D step=4/5 epoch=3/3 loss=0.0284 l2=0.2000 label_smoothing=0.000
D step=5/5 epoch=1/3 loss=0.0256 l2=0.2000 label_smoothing=0.000
D step=5/5 epoch=2/3 loss=0.0226 l2=0.2000 label_smoothing=0.000
D step=5/5 epoch=3/3 loss=0.0180 l2=0.2000 label_smoothing=0.000
ADV epoch=10/200 g_loss=0.0051 d_loss=0.0409 reward=0.0170 reward_var=0.0031 unique=1.0000
D step=1/5 epoch=1/3 loss=0.0488 l2=0.2000 label_smoothing=0.000
D step=1/5 epoch=2/3 loss=0.0260 l2=0.2000 label_smoothing=0.000
D step=1/5 epoch=3/3 loss=0.0244 l2=0.2000 label_smoothing=0.000
D step=2/5 epoch=1/3 loss=0.0360 l2=0.2000 label_smoothing=0.000
D step=2/5 epoch=2/3 loss=0.0320 l2=0.2000 label_smoothing=0.000
D step=2/5 epoch=3/3 loss=0.0222 l2=0.2000 label_smoothing=0.000
D step=3/5 epoch=1/3 loss=0.0133 l2=0.2000 label_smoothing=0.000
D step=3/5 epoch=2/3 loss=0.0106 l2=0.2000 label_smoothing=0.000
D step=3/5 epoch=3/3 loss=0.0102 l2=0.2000 label_smoothing=0.000
D step=4/5 epoch=1/3 loss=0.0624 l2=0.2000 label_smoothing=0.000
D step=4/5 epoch=2/3 loss=0.0561 l2=0.2000 label_smoothing=0.000
D step=4/5 epoch=3/3 loss=0.0345 l2=0.2000 label_smoothing=0.000
D step=5/5 epoch=1/3 loss=0.0197 l2=0.2000 label_smoothing=0.000
D step=5/5 epoch=2/3 loss=0.0188 l2=0.2000 label_smoothing=0.000
D step=5/5 epoch=3/3 loss=0.0184 l2=0.2000 label_smoothing=0.000
ADV epoch=11/200 g_loss=0.0083 d_loss=0.0289 reward=0.0236 reward_var=0.0082 unique=0.9600
saved 2000 raw samples to /content/drive/MyDrive/GAN_for_SQLi - 1/result/final/seqgan_master/boolean/D/R100/generated_payloads.csv
