{
  "metric_schema_version": "quality-metrics-v3",
  "normalization_version": "nfkc_html_percent1_casefold_ws_quotes_v1",
  "seed": 88,
  "method": "seqgan_improved",
  "family": "union",
  "scenario": "F",
  "ratio": "200",
  "generation_kind": "direct",
  "schema_valid": true,
  "stop_reason": "n/a",
  "n_generated": 500,
  "unique_rate": 1.0,
  "normalized_unique_rate": 1.0,
  "duplicate_rate": 0.0,
  "model_collapse_rate": 0.0,
  "dominant_payload_share": 0.002,
  "normalized_dominant_payload_share": 0.002,
  "sql_parse_rate": 1.0,
  "sql_structure_rate": 0.072,
  "family_motif_coverage": 0.25,
  "family_motif_hit_rate": 0.006,
  "garbage_rate": 0.928,
  "wellformed_rate": 1.0,
  "shaped_rate": 0.072,
  "family_motif_coverage_by_family": {
    "union": 0.25
  },
  "family_motif_hit_rate_by_family": {
    "union": 0.006
  },
  "inferred_family_distribution": {
    "boolean": 0.0,
    "union": 0.006,
    "time": 0.0,
    "error": 0.0,
    "other": 0.994
  },
  "train_reference_count": 78,
  "holdout_reference_count": 419,
  "exact_input_overlap": 0.0,
  "normalized_input_overlap": 0.0,
  "holdout_overlap": 0.0,
  "normalized_holdout_overlap": 0.0,
  "nearest_input_similarity_mean": 0.10055813841302529,
  "nearest_input_similarity_median": 0.09302325581395349,
  "nearest_input_similarity_p90": 0.16666666666666666,
  "nearest_char3_jaccard_mean": 0.10055813841302529,
  "nearest_char3_jaccard_median": 0.09302325581395349,
  "nearest_char3_jaccard_p90": 0.16666666666666666,
  "nearest_token_jaccard_mean": 0.13094295193970118,
  "nearest_token_jaccard_median": 0.13333333333333333,
  "nearest_token_jaccard_p90": 0.23269230769230814,
  "nearest_edit_similarity_mean": 0.19788182145176159,
  "nearest_edit_similarity_median": 0.18516483516483517,
  "nearest_edit_similarity_p90": 0.32258064516129037,
  "nearest_feature_cosine_mean": 0.7894803456152943,
  "nearest_feature_cosine_median": 0.8118014965279949,
  "nearest_feature_cosine_p90": 0.9664074407812312,
  "nearest_input_distance_mean": 0.8994418615869747,
  "nearest_input_distance_median": 0.9069767441860466,
  "nearest_input_distance_p90": 0.9524553571428571,
  "mean_nearest_similarity": 0.10055813841302529,
  "median_nearest_similarity": 0.09302325581395349,
  "p90_nearest_similarity": 0.16666666666666666,
  "unique_nearest_payload_rate": 0.104,
  "dominant_retrieved_payload_share": 0.194,
  "nearest_reference_count": 78,
  "distinct_1": 0.28180112570356475,
  "distinct_2": 0.6799076212471131,
  "distinct_3": 0.8403361344537815,
  "lexical_diversity": 0.28180112570356475,
  "character_diversity": 0.8113302441475446,
  "token_diversity": 0.6587120209946892,
  "keyword_diversity": 0.715873220087007,
  "operator_diversity": 0.5710104579500636,
  "function_diversity": 0.9808664796875463,
  "comment_style_diversity": 0.6666666666666666,
  "length_zone_diversity": 0.2,
  "self_bleu": 0.8610710887573484,
  "self_bleu_char": 0.8610710887573484,
  "requested_count": 500,
  "generated_count_fraction": 1.0
}
