
[1/3] pretrain G
G epoch=1/160 loss=5.0134
G epoch=2/160 loss=4.8916
G epoch=3/160 loss=4.7563
G epoch=4/160 loss=4.5918
G epoch=5/160 loss=4.3925
G epoch=6/160 loss=4.1635
G epoch=7/160 loss=3.9283
G epoch=8/160 loss=3.7251
G epoch=9/160 loss=3.5644
G epoch=10/160 loss=3.4264
G epoch=11/160 loss=3.2934
G epoch=12/160 loss=3.1627
G epoch=13/160 loss=3.0462
G epoch=14/160 loss=2.9459
G epoch=15/160 loss=2.8559
G epoch=16/160 loss=2.7723
G epoch=17/160 loss=2.6915
G epoch=18/160 loss=2.6119
G epoch=19/160 loss=2.5312
G epoch=20/160 loss=2.4514
G epoch=21/160 loss=2.3753
G epoch=22/160 loss=2.3024
G epoch=23/160 loss=2.2309
G epoch=24/160 loss=2.1618
G epoch=25/160 loss=2.0947
G epoch=26/160 loss=2.0268
G epoch=27/160 loss=1.9624
G epoch=28/160 loss=1.9033
G epoch=29/160 loss=1.8451
G epoch=30/160 loss=1.7873
G epoch=31/160 loss=1.7320
G epoch=32/160 loss=1.6801
G epoch=33/160 loss=1.6292
G epoch=34/160 loss=1.5794
G epoch=35/160 loss=1.5325
G epoch=36/160 loss=1.4871
G epoch=37/160 loss=1.4428
G epoch=38/160 loss=1.4015
G epoch=39/160 loss=1.3621
G epoch=40/160 loss=1.3226
G epoch=41/160 loss=1.2844
G epoch=42/160 loss=1.2488
G epoch=43/160 loss=1.2148
G epoch=44/160 loss=1.1815
G epoch=45/160 loss=1.1495
G epoch=46/160 loss=1.1189
G epoch=47/160 loss=1.0884
G epoch=48/160 loss=1.0604
G epoch=49/160 loss=1.0328
G epoch=50/160 loss=1.0071
G epoch=51/160 loss=0.9805
G epoch=52/160 loss=0.9563
G epoch=53/160 loss=0.9317
G epoch=54/160 loss=0.9099
G epoch=55/160 loss=0.8874
G epoch=56/160 loss=0.8664
G epoch=57/160 loss=0.8455
G epoch=58/160 loss=0.8262
G epoch=59/160 loss=0.8070
G epoch=60/160 loss=0.7889
G epoch=61/160 loss=0.7709
G epoch=62/160 loss=0.7542
G epoch=63/160 loss=0.7379
G epoch=64/160 loss=0.7218
G epoch=65/160 loss=0.7062
G epoch=66/160 loss=0.6909
G epoch=67/160 loss=0.6764
G epoch=68/160 loss=0.6622
G epoch=69/160 loss=0.6490
G epoch=70/160 loss=0.6354
G epoch=71/160 loss=0.6225
G epoch=72/160 loss=0.6110
G epoch=73/160 loss=0.5982
G epoch=74/160 loss=0.5864
G epoch=75/160 loss=0.5750
G epoch=76/160 loss=0.5641
G epoch=77/160 loss=0.5537
G epoch=78/160 loss=0.5427
G epoch=79/160 loss=0.5325
G epoch=80/160 loss=0.5227
G epoch=81/160 loss=0.5130
G epoch=82/160 loss=0.5041
G epoch=83/160 loss=0.4953
G epoch=84/160 loss=0.4864
G epoch=85/160 loss=0.4776
G epoch=86/160 loss=0.4709
G epoch=87/160 loss=0.4662
G epoch=88/160 loss=0.4579
G epoch=89/160 loss=0.4488
G epoch=90/160 loss=0.4482
G epoch=91/160 loss=0.4366
G epoch=92/160 loss=0.4324
G epoch=93/160 loss=0.4262
G epoch=94/160 loss=0.4191
G epoch=95/160 loss=0.4142
G epoch=96/160 loss=0.4096
G epoch=97/160 loss=0.4040
G epoch=98/160 loss=0.3982
G epoch=99/160 loss=0.3943
G epoch=100/160 loss=0.3890
G epoch=101/160 loss=0.3837
G epoch=102/160 loss=0.3801
G epoch=103/160 loss=0.3754
G epoch=104/160 loss=0.3715
G epoch=105/160 loss=0.3673
G epoch=106/160 loss=0.3628
G epoch=107/160 loss=0.3595
G epoch=108/160 loss=0.3553
G epoch=109/160 loss=0.3526
G epoch=110/160 loss=0.3488
G epoch=111/160 loss=0.3455
G epoch=112/160 loss=0.3414
G epoch=113/160 loss=0.3383
G epoch=114/160 loss=0.3358
G epoch=115/160 loss=0.3322
G epoch=116/160 loss=0.3319
G epoch=117/160 loss=0.3278
G epoch=118/160 loss=0.3252
G epoch=119/160 loss=0.3214
G epoch=120/160 loss=0.3183
G epoch=121/160 loss=0.3162
G epoch=122/160 loss=0.3133
G epoch=123/160 loss=0.3115
G epoch=124/160 loss=0.3112
G epoch=125/160 loss=0.3084
G epoch=126/160 loss=0.3061
G epoch=127/160 loss=0.3022
G epoch=128/160 loss=0.3006
G epoch=129/160 loss=0.2979
G epoch=130/160 loss=0.2958
G epoch=131/160 loss=0.2949
G epoch=132/160 loss=0.2975
G epoch=133/160 loss=0.2971
G epoch=134/160 loss=0.2937
G epoch=135/160 loss=0.2912
G epoch=136/160 loss=0.2900
G epoch=137/160 loss=0.2867
G epoch=138/160 loss=0.2841
G epoch=139/160 loss=0.2840
G epoch=140/160 loss=0.2795
G epoch=141/160 loss=0.2793
G epoch=142/160 loss=0.2754
G epoch=143/160 loss=0.2762
G epoch=144/160 loss=0.2748
G epoch=145/160 loss=0.2724
G epoch=146/160 loss=0.2708
G epoch=147/160 loss=0.2687
G epoch=148/160 loss=0.2676
G epoch=149/160 loss=0.2656
G epoch=150/160 loss=0.2638
G epoch=151/160 loss=0.2628
G epoch=152/160 loss=0.2597
G epoch=153/160 loss=0.2589
G epoch=154/160 loss=0.2583
G epoch=155/160 loss=0.2559
G epoch=156/160 loss=0.2539
G epoch=157/160 loss=0.2532
G epoch=158/160 loss=0.2525
G epoch=159/160 loss=0.2565
G epoch=160/160 loss=0.2607

[2/3] pretrain D

[3/3] adversarial
generator_reward_mode=on reward_alpha=0.700 d_steps=5 d_epochs=3
ADV epoch=1/200 g_loss=0.4496 d_loss=0.0000 reward=0.7975 reward_var=0.0010 unique=1.0000
ADV epoch=2/200 g_loss=0.4281 d_loss=0.0000 reward=0.7996 reward_var=0.0008 unique=0.9800
ADV epoch=3/200 g_loss=0.4517 d_loss=0.0000 reward=0.7949 reward_var=0.0008 unique=0.9800
ADV epoch=4/200 g_loss=0.4754 d_loss=0.0000 reward=0.7915 reward_var=0.0007 unique=1.0000
ADV epoch=5/200 g_loss=0.4716 d_loss=0.0000 reward=0.7878 reward_var=0.0005 unique=1.0000
ADV epoch=6/200 g_loss=0.4508 d_loss=0.0000 reward=0.7822 reward_var=0.0007 unique=1.0000
ADV epoch=7/200 g_loss=0.3588 d_loss=0.0000 reward=0.6754 reward_var=0.0152 unique=1.0000
ADV epoch=8/200 g_loss=0.3420 d_loss=0.0000 reward=0.6362 reward_var=0.0147 unique=1.0000
ADV epoch=9/200 g_loss=0.3137 d_loss=0.0000 reward=0.5865 reward_var=0.0115 unique=1.0000
ADV epoch=10/200 g_loss=0.3096 d_loss=0.0000 reward=0.5418 reward_var=0.0078 unique=1.0000
ADV epoch=11/200 g_loss=0.3440 d_loss=0.0000 reward=0.5575 reward_var=0.0101 unique=1.0000
ADV epoch=12/200 g_loss=0.3978 d_loss=0.0000 reward=0.5960 reward_var=0.0125 unique=1.0000
ADV epoch=13/200 g_loss=0.4549 d_loss=0.0000 reward=0.6241 reward_var=0.0122 unique=1.0000
ADV epoch=14/200 g_loss=0.5130 d_loss=0.0000 reward=0.6604 reward_var=0.0110 unique=1.0000
ADV epoch=15/200 g_loss=0.5227 d_loss=0.0000 reward=0.6712 reward_var=0.0106 unique=0.9800
ADV epoch=16/200 g_loss=0.5475 d_loss=0.0000 reward=0.6850 reward_var=0.0101 unique=1.0000
ADV epoch=17/200 g_loss=0.5828 d_loss=0.0000 reward=0.7109 reward_var=0.0094 unique=0.9800
ADV epoch=18/200 g_loss=0.6317 d_loss=0.0000 reward=0.7401 reward_var=0.0061 unique=1.0000
ADV epoch=19/200 g_loss=0.6972 d_loss=0.0000 reward=0.7711 reward_var=0.0028 unique=0.9800
ADV epoch=20/200 g_loss=0.7270 d_loss=0.0000 reward=0.7805 reward_var=0.0022 unique=1.0000
ADV epoch=21/200 g_loss=0.7535 d_loss=0.0000 reward=0.7835 reward_var=0.0019 unique=1.0000
ADV epoch=22/200 g_loss=0.7816 d_loss=0.0000 reward=0.7867 reward_var=0.0017 unique=1.0000
ADV epoch=23/200 g_loss=0.7942 d_loss=0.0000 reward=0.7917 reward_var=0.0011 unique=1.0000
ADV epoch=24/200 g_loss=0.7840 d_loss=0.0000 reward=0.7902 reward_var=0.0015 unique=1.0000
ADV epoch=25/200 g_loss=0.7957 d_loss=0.0000 reward=0.7948 reward_var=0.0008 unique=1.0000
ADV epoch=26/200 g_loss=0.8146 d_loss=0.0000 reward=0.7916 reward_var=0.0013 unique=1.0000
ADV epoch=27/200 g_loss=0.8066 d_loss=0.0000 reward=0.7943 reward_var=0.0010 unique=1.0000
ADV epoch=28/200 g_loss=0.7939 d_loss=0.0000 reward=0.7906 reward_var=0.0015 unique=1.0000
ADV epoch=29/200 g_loss=0.7979 d_loss=0.0000 reward=0.7934 reward_var=0.0009 unique=0.9800
ADV epoch=30/200 g_loss=0.8041 d_loss=0.0000 reward=0.7917 reward_var=0.0014 unique=1.0000
ADV epoch=31/200 g_loss=0.8173 d_loss=0.0000 reward=0.7949 reward_var=0.0012 unique=1.0000
ADV epoch=32/200 g_loss=0.8107 d_loss=0.0000 reward=0.7949 reward_var=0.0012 unique=1.0000
ADV epoch=33/200 g_loss=0.8155 d_loss=0.0000 reward=0.7946 reward_var=0.0016 unique=1.0000
ADV epoch=34/200 g_loss=0.8287 d_loss=0.0000 reward=0.7907 reward_var=0.0020 unique=1.0000
ADV epoch=35/200 g_loss=0.8290 d_loss=0.0000 reward=0.8015 reward_var=0.0011 unique=1.0000
ADV epoch=36/200 g_loss=0.8191 d_loss=0.0000 reward=0.7978 reward_var=0.0015 unique=1.0000
ADV epoch=37/200 g_loss=0.8364 d_loss=0.0000 reward=0.8015 reward_var=0.0012 unique=1.0000
ADV epoch=38/200 g_loss=0.8422 d_loss=0.0000 reward=0.8048 reward_var=0.0011 unique=1.0000
ADV epoch=39/200 g_loss=0.8306 d_loss=0.0000 reward=0.8069 reward_var=0.0012 unique=1.0000
ADV epoch=40/200 g_loss=0.8245 d_loss=0.0000 reward=0.8060 reward_var=0.0012 unique=1.0000
ADV epoch=41/200 g_loss=0.8322 d_loss=0.0000 reward=0.8114 reward_var=0.0006 unique=1.0000
ADV epoch=42/200 g_loss=0.8344 d_loss=0.0000 reward=0.8110 reward_var=0.0007 unique=1.0000
ADV epoch=43/200 g_loss=0.8286 d_loss=0.0000 reward=0.8116 reward_var=0.0006 unique=1.0000
ADV epoch=44/200 g_loss=0.8254 d_loss=0.0000 reward=0.8119 reward_var=0.0006 unique=1.0000
ADV epoch=45/200 g_loss=0.8566 d_loss=0.0000 reward=0.8088 reward_var=0.0011 unique=1.0000
ADV epoch=46/200 g_loss=0.8593 d_loss=0.0000 reward=0.8084 reward_var=0.0011 unique=1.0000
ADV epoch=47/200 g_loss=0.8651 d_loss=0.0000 reward=0.8037 reward_var=0.0018 unique=1.0000
ADV epoch=48/200 g_loss=0.8733 d_loss=0.0000 reward=0.8052 reward_var=0.0015 unique=1.0000
ADV epoch=49/200 g_loss=0.8740 d_loss=0.0000 reward=0.8015 reward_var=0.0018 unique=1.0000
ADV epoch=50/200 g_loss=0.8767 d_loss=0.0000 reward=0.7992 reward_var=0.0021 unique=1.0000
ADV epoch=51/200 g_loss=0.8806 d_loss=0.0000 reward=0.7985 reward_var=0.0022 unique=1.0000
ADV epoch=52/200 g_loss=0.8899 d_loss=0.0000 reward=0.7947 reward_var=0.0026 unique=1.0000
ADV epoch=53/200 g_loss=0.8762 d_loss=0.0000 reward=0.7907 reward_var=0.0030 unique=1.0000
ADV epoch=54/200 g_loss=0.8719 d_loss=0.0000 reward=0.7847 reward_var=0.0032 unique=1.0000
ADV epoch=55/200 g_loss=0.8561 d_loss=0.0000 reward=0.7759 reward_var=0.0035 unique=1.0000
ADV epoch=56/200 g_loss=0.8398 d_loss=0.0000 reward=0.7597 reward_var=0.0039 unique=1.0000
ADV epoch=57/200 g_loss=0.8333 d_loss=0.0000 reward=0.7522 reward_var=0.0039 unique=1.0000
ADV epoch=58/200 g_loss=0.8512 d_loss=0.0000 reward=0.7545 reward_var=0.0038 unique=1.0000
ADV epoch=59/200 g_loss=0.8433 d_loss=0.0000 reward=0.7551 reward_var=0.0038 unique=1.0000
ADV epoch=60/200 g_loss=0.8565 d_loss=0.0000 reward=0.7585 reward_var=0.0039 unique=1.0000
ADV epoch=61/200 g_loss=0.8713 d_loss=0.0000 reward=0.7683 reward_var=0.0037 unique=1.0000
ADV epoch=62/200 g_loss=0.8889 d_loss=0.0000 reward=0.7710 reward_var=0.0037 unique=1.0000
ADV epoch=63/200 g_loss=0.8696 d_loss=0.0000 reward=0.7753 reward_var=0.0035 unique=1.0000
ADV epoch=64/200 g_loss=0.8649 d_loss=0.0000 reward=0.7781 reward_var=0.0034 unique=1.0000
ADV epoch=65/200 g_loss=0.8668 d_loss=0.0000 reward=0.7823 reward_var=0.0032 unique=1.0000
ADV epoch=66/200 g_loss=0.8499 d_loss=0.0000 reward=0.7769 reward_var=0.0034 unique=1.0000
ADV epoch=67/200 g_loss=0.8530 d_loss=0.0000 reward=0.7840 reward_var=0.0032 unique=1.0000
ADV epoch=68/200 g_loss=0.8371 d_loss=0.0000 reward=0.7836 reward_var=0.0032 unique=1.0000
ADV epoch=69/200 g_loss=0.8374 d_loss=0.0000 reward=0.7886 reward_var=0.0029 unique=1.0000
ADV epoch=70/200 g_loss=0.8506 d_loss=0.0000 reward=0.7876 reward_var=0.0029 unique=1.0000
ADV epoch=71/200 g_loss=0.8646 d_loss=0.0000 reward=0.7912 reward_var=0.0028 unique=1.0000
ADV epoch=72/200 g_loss=0.8730 d_loss=0.0000 reward=0.7955 reward_var=0.0025 unique=1.0000
ADV epoch=73/200 g_loss=0.8863 d_loss=0.0000 reward=0.7999 reward_var=0.0021 unique=1.0000
ADV epoch=74/200 g_loss=0.8977 d_loss=0.0000 reward=0.8001 reward_var=0.0021 unique=1.0000
ADV epoch=75/200 g_loss=0.8834 d_loss=0.0000 reward=0.7982 reward_var=0.0023 unique=1.0000
ADV epoch=76/200 g_loss=0.8887 d_loss=0.0000 reward=0.7977 reward_var=0.0022 unique=1.0000
ADV epoch=77/200 g_loss=0.8816 d_loss=0.0000 reward=0.7918 reward_var=0.0027 unique=1.0000
ADV epoch=78/200 g_loss=0.8847 d_loss=0.0000 reward=0.7978 reward_var=0.0022 unique=1.0000
ADV epoch=79/200 g_loss=0.8704 d_loss=0.0000 reward=0.7898 reward_var=0.0027 unique=1.0000
ADV epoch=80/200 g_loss=0.8707 d_loss=0.0000 reward=0.7955 reward_var=0.0024 unique=1.0000
ADV epoch=81/200 g_loss=0.8845 d_loss=0.0000 reward=0.7959 reward_var=0.0023 unique=1.0000
ADV epoch=82/200 g_loss=0.9031 d_loss=0.0000 reward=0.7957 reward_var=0.0023 unique=1.0000
ADV epoch=83/200 g_loss=0.9017 d_loss=0.0000 reward=0.7920 reward_var=0.0027 unique=1.0000
ADV epoch=84/200 g_loss=0.9316 d_loss=0.0000 reward=0.8018 reward_var=0.0018 unique=1.0000
ADV epoch=85/200 g_loss=0.9478 d_loss=0.0000 reward=0.8029 reward_var=0.0019 unique=1.0000
ADV epoch=86/200 g_loss=0.9527 d_loss=0.0000 reward=0.8071 reward_var=0.0014 unique=1.0000
ADV epoch=87/200 g_loss=0.9746 d_loss=0.0000 reward=0.8113 reward_var=0.0010 unique=1.0000
ADV epoch=88/200 g_loss=0.9765 d_loss=0.0000 reward=0.8074 reward_var=0.0014 unique=1.0000
ADV epoch=89/200 g_loss=0.9725 d_loss=0.0000 reward=0.8062 reward_var=0.0016 unique=1.0000
ADV epoch=90/200 g_loss=0.9661 d_loss=0.0000 reward=0.8101 reward_var=0.0012 unique=1.0000
ADV epoch=91/200 g_loss=0.9609 d_loss=0.0000 reward=0.8097 reward_var=0.0012 unique=1.0000
ADV epoch=92/200 g_loss=0.9444 d_loss=0.0000 reward=0.8098 reward_var=0.0010 unique=1.0000
ADV epoch=93/200 g_loss=0.9376 d_loss=0.0000 reward=0.8089 reward_var=0.0013 unique=1.0000
ADV epoch=94/200 g_loss=0.9318 d_loss=0.0000 reward=0.8074 reward_var=0.0013 unique=1.0000
ADV epoch=95/200 g_loss=0.9264 d_loss=0.0000 reward=0.8059 reward_var=0.0015 unique=1.0000
ADV epoch=96/200 g_loss=0.9275 d_loss=0.0000 reward=0.8057 reward_var=0.0016 unique=1.0000
ADV epoch=97/200 g_loss=0.9209 d_loss=0.0000 reward=0.8062 reward_var=0.0014 unique=1.0000
ADV epoch=98/200 g_loss=0.9436 d_loss=0.0000 reward=0.8065 reward_var=0.0014 unique=1.0000
ADV epoch=99/200 g_loss=0.9615 d_loss=0.0000 reward=0.8104 reward_var=0.0012 unique=1.0000
ADV epoch=100/200 g_loss=0.9699 d_loss=0.0000 reward=0.8151 reward_var=0.0007 unique=1.0000
ADV epoch=101/200 g_loss=0.9799 d_loss=0.0000 reward=0.8167 reward_var=0.0005 unique=1.0000
ADV epoch=102/200 g_loss=0.9806 d_loss=0.0000 reward=0.8172 reward_var=0.0004 unique=1.0000
ADV epoch=103/200 g_loss=0.9717 d_loss=0.0000 reward=0.8167 reward_var=0.0004 unique=1.0000
ADV epoch=104/200 g_loss=0.9717 d_loss=0.0000 reward=0.8186 reward_var=0.0002 unique=1.0000
ADV epoch=105/200 g_loss=0.9560 d_loss=0.0000 reward=0.8191 reward_var=0.0001 unique=1.0000
ADV epoch=106/200 g_loss=0.9387 d_loss=0.0000 reward=0.8184 reward_var=0.0001 unique=1.0000
ADV epoch=107/200 g_loss=0.9261 d_loss=0.0000 reward=0.8179 reward_var=0.0001 unique=1.0000
ADV epoch=108/200 g_loss=0.9145 d_loss=0.0000 reward=0.8171 reward_var=0.0002 unique=1.0000
ADV epoch=109/200 g_loss=0.8838 d_loss=0.0000 reward=0.8163 reward_var=0.0001 unique=1.0000
ADV epoch=110/200 g_loss=0.8767 d_loss=0.0000 reward=0.8152 reward_var=0.0001 unique=1.0000
ADV epoch=111/200 g_loss=0.8520 d_loss=0.0000 reward=0.8152 reward_var=0.0001 unique=1.0000
ADV epoch=112/200 g_loss=0.8461 d_loss=0.0000 reward=0.8130 reward_var=0.0001 unique=1.0000
ADV epoch=113/200 g_loss=0.8266 d_loss=0.0000 reward=0.8126 reward_var=0.0001 unique=1.0000
ADV epoch=114/200 g_loss=0.8034 d_loss=0.0000 reward=0.8119 reward_var=0.0001 unique=1.0000
ADV epoch=115/200 g_loss=0.7876 d_loss=0.0000 reward=0.8098 reward_var=0.0002 unique=1.0000
ADV epoch=116/200 g_loss=0.7755 d_loss=0.0000 reward=0.8093 reward_var=0.0002 unique=1.0000
ADV epoch=117/200 g_loss=0.7773 d_loss=0.0000 reward=0.8090 reward_var=0.0002 unique=1.0000
ADV epoch=118/200 g_loss=0.7647 d_loss=0.0000 reward=0.8076 reward_var=0.0002 unique=1.0000
ADV epoch=119/200 g_loss=0.7437 d_loss=0.0000 reward=0.8045 reward_var=0.0003 unique=1.0000
ADV epoch=120/200 g_loss=0.7283 d_loss=0.0000 reward=0.8051 reward_var=0.0002 unique=1.0000
ADV epoch=121/200 g_loss=0.7249 d_loss=0.0000 reward=0.8044 reward_var=0.0002 unique=1.0000
ADV epoch=122/200 g_loss=0.7009 d_loss=0.0000 reward=0.8032 reward_var=0.0002 unique=1.0000
ADV epoch=123/200 g_loss=0.7031 d_loss=0.0000 reward=0.8029 reward_var=0.0002 unique=1.0000
ADV epoch=124/200 g_loss=0.6955 d_loss=0.0000 reward=0.8043 reward_var=0.0002 unique=1.0000
ADV epoch=125/200 g_loss=0.6965 d_loss=0.0000 reward=0.8056 reward_var=0.0002 unique=1.0000
ADV epoch=126/200 g_loss=0.7019 d_loss=0.0000 reward=0.8068 reward_var=0.0001 unique=1.0000
ADV epoch=127/200 g_loss=0.7181 d_loss=0.0000 reward=0.8085 reward_var=0.0001 unique=1.0000
ADV epoch=128/200 g_loss=0.7399 d_loss=0.0000 reward=0.8099 reward_var=0.0001 unique=1.0000
ADV epoch=129/200 g_loss=0.7603 d_loss=0.0000 reward=0.8113 reward_var=0.0001 unique=1.0000
ADV epoch=130/200 g_loss=0.7718 d_loss=0.0000 reward=0.8124 reward_var=0.0001 unique=1.0000
ADV epoch=131/200 g_loss=0.7790 d_loss=0.0000 reward=0.8131 reward_var=0.0001 unique=1.0000
ADV epoch=132/200 g_loss=0.7694 d_loss=0.0000 reward=0.8141 reward_var=0.0001 unique=1.0000
ADV epoch=133/200 g_loss=0.7685 d_loss=0.0000 reward=0.8148 reward_var=0.0001 unique=1.0000
ADV epoch=134/200 g_loss=0.7656 d_loss=0.0000 reward=0.8155 reward_var=0.0001 unique=1.0000
ADV epoch=135/200 g_loss=0.7330 d_loss=0.0000 reward=0.8148 reward_var=0.0001 unique=1.0000
ADV epoch=136/200 g_loss=0.7075 d_loss=0.0000 reward=0.8154 reward_var=0.0001 unique=1.0000
ADV epoch=137/200 g_loss=0.6805 d_loss=0.0000 reward=0.8144 reward_var=0.0001 unique=1.0000
ADV epoch=138/200 g_loss=0.6531 d_loss=0.0000 reward=0.8140 reward_var=0.0001 unique=1.0000
ADV epoch=139/200 g_loss=0.6208 d_loss=0.0000 reward=0.8144 reward_var=0.0001 unique=1.0000
ADV epoch=140/200 g_loss=0.5945 d_loss=0.0000 reward=0.8135 reward_var=0.0001 unique=1.0000
ADV epoch=141/200 g_loss=0.5742 d_loss=0.0000 reward=0.8127 reward_var=0.0001 unique=1.0000
ADV epoch=142/200 g_loss=0.5521 d_loss=0.0000 reward=0.8131 reward_var=0.0001 unique=1.0000
ADV epoch=143/200 g_loss=0.5271 d_loss=0.0000 reward=0.8136 reward_var=0.0001 unique=1.0000
ADV epoch=144/200 g_loss=0.5140 d_loss=0.0000 reward=0.8134 reward_var=0.0001 unique=1.0000
ADV epoch=145/200 g_loss=0.4704 d_loss=0.0000 reward=0.8118 reward_var=0.0001 unique=1.0000
ADV epoch=146/200 g_loss=0.4352 d_loss=0.0000 reward=0.8109 reward_var=0.0001 unique=1.0000
ADV epoch=147/200 g_loss=0.3967 d_loss=0.0000 reward=0.8110 reward_var=0.0001 unique=1.0000
ADV epoch=148/200 g_loss=0.3929 d_loss=0.0000 reward=0.8101 reward_var=0.0002 unique=1.0000
ADV epoch=149/200 g_loss=0.3786 d_loss=0.0000 reward=0.8099 reward_var=0.0002 unique=1.0000
ADV epoch=150/200 g_loss=0.3767 d_loss=0.0000 reward=0.8104 reward_var=0.0002 unique=1.0000
ADV epoch=151/200 g_loss=0.3945 d_loss=0.0000 reward=0.8100 reward_var=0.0003 unique=1.0000
ADV epoch=152/200 g_loss=0.3925 d_loss=0.0000 reward=0.8098 reward_var=0.0001 unique=1.0000
ADV epoch=153/200 g_loss=0.3981 d_loss=0.0000 reward=0.8099 reward_var=0.0001 unique=1.0000
ADV epoch=154/200 g_loss=0.4049 d_loss=0.0000 reward=0.8084 reward_var=0.0001 unique=1.0000
ADV epoch=155/200 g_loss=0.4120 d_loss=0.0000 reward=0.8103 reward_var=0.0001 unique=1.0000
ADV epoch=156/200 g_loss=0.3905 d_loss=0.0000 reward=0.8087 reward_var=0.0001 unique=1.0000
ADV epoch=157/200 g_loss=0.3851 d_loss=0.0000 reward=0.8089 reward_var=0.0001 unique=1.0000
ADV epoch=158/200 g_loss=0.3617 d_loss=0.0000 reward=0.8078 reward_var=0.0001 unique=1.0000
ADV epoch=159/200 g_loss=0.3323 d_loss=0.0000 reward=0.8073 reward_var=0.0002 unique=1.0000
ADV epoch=160/200 g_loss=0.3044 d_loss=0.0000 reward=0.8056 reward_var=0.0003 unique=1.0000
ADV epoch=161/200 g_loss=0.2809 d_loss=0.0000 reward=0.8067 reward_var=0.0001 unique=1.0000
ADV epoch=162/200 g_loss=0.2642 d_loss=0.0000 reward=0.8001 reward_var=0.0011 unique=1.0000
ADV epoch=163/200 g_loss=0.2526 d_loss=0.0000 reward=0.8025 reward_var=0.0005 unique=1.0000
ADV epoch=164/200 g_loss=0.2432 d_loss=0.0000 reward=0.8001 reward_var=0.0009 unique=1.0000


===== NEW SESSION 2026-07-18T05:47:55.321314 =====

[1/3] pretrain G
G epoch=1/160 loss=5.0134
G epoch=2/160 loss=4.8916
G epoch=3/160 loss=4.7563
G epoch=4/160 loss=4.5918
G epoch=5/160 loss=4.3925
G epoch=6/160 loss=4.1635
G epoch=7/160 loss=3.9283
G epoch=8/160 loss=3.7251
G epoch=9/160 loss=3.5644
G epoch=10/160 loss=3.4264
G epoch=11/160 loss=3.2934
G epoch=12/160 loss=3.1627
G epoch=13/160 loss=3.0462
G epoch=14/160 loss=2.9459
G epoch=15/160 loss=2.8559
G epoch=16/160 loss=2.7723
G epoch=17/160 loss=2.6915
G epoch=18/160 loss=2.6119
G epoch=19/160 loss=2.5312
G epoch=20/160 loss=2.4514
G epoch=21/160 loss=2.3753
G epoch=22/160 loss=2.3024
G epoch=23/160 loss=2.2309
G epoch=24/160 loss=2.1618
G epoch=25/160 loss=2.0947
G epoch=26/160 loss=2.0268
G epoch=27/160 loss=1.9624
G epoch=28/160 loss=1.9033
G epoch=29/160 loss=1.8451
G epoch=30/160 loss=1.7873
G epoch=31/160 loss=1.7320
G epoch=32/160 loss=1.6801
G epoch=33/160 loss=1.6292
G epoch=34/160 loss=1.5794
G epoch=35/160 loss=1.5325
G epoch=36/160 loss=1.4871
G epoch=37/160 loss=1.4428
G epoch=38/160 loss=1.4015
G epoch=39/160 loss=1.3621
G epoch=40/160 loss=1.3226
G epoch=41/160 loss=1.2844
G epoch=42/160 loss=1.2488
G epoch=43/160 loss=1.2148
G epoch=44/160 loss=1.1815
G epoch=45/160 loss=1.1495
G epoch=46/160 loss=1.1189
G epoch=47/160 loss=1.0884
G epoch=48/160 loss=1.0604
G epoch=49/160 loss=1.0328
G epoch=50/160 loss=1.0071
G epoch=51/160 loss=0.9805
G epoch=52/160 loss=0.9563
G epoch=53/160 loss=0.9317
G epoch=54/160 loss=0.9099
G epoch=55/160 loss=0.8874
G epoch=56/160 loss=0.8664
G epoch=57/160 loss=0.8455
G epoch=58/160 loss=0.8262
G epoch=59/160 loss=0.8070
G epoch=60/160 loss=0.7889
G epoch=61/160 loss=0.7709
G epoch=62/160 loss=0.7542
G epoch=63/160 loss=0.7379
G epoch=64/160 loss=0.7218
G epoch=65/160 loss=0.7062
G epoch=66/160 loss=0.6909
G epoch=67/160 loss=0.6764
G epoch=68/160 loss=0.6622
G epoch=69/160 loss=0.6490
G epoch=70/160 loss=0.6354
G epoch=71/160 loss=0.6225
G epoch=72/160 loss=0.6110
G epoch=73/160 loss=0.5982
G epoch=74/160 loss=0.5864
G epoch=75/160 loss=0.5750
G epoch=76/160 loss=0.5641
G epoch=77/160 loss=0.5537
G epoch=78/160 loss=0.5427
G epoch=79/160 loss=0.5325
G epoch=80/160 loss=0.5227
G epoch=81/160 loss=0.5130
G epoch=82/160 loss=0.5041
G epoch=83/160 loss=0.4953
G epoch=84/160 loss=0.4864
G epoch=85/160 loss=0.4776
G epoch=86/160 loss=0.4709
G epoch=87/160 loss=0.4662
G epoch=88/160 loss=0.4579
G epoch=89/160 loss=0.4488
G epoch=90/160 loss=0.4482
G epoch=91/160 loss=0.4366
G epoch=92/160 loss=0.4324
G epoch=93/160 loss=0.4262
G epoch=94/160 loss=0.4191
G epoch=95/160 loss=0.4142
G epoch=96/160 loss=0.4096
G epoch=97/160 loss=0.4040
G epoch=98/160 loss=0.3982
G epoch=99/160 loss=0.3943
G epoch=100/160 loss=0.3890
G epoch=101/160 loss=0.3837
G epoch=102/160 loss=0.3801
G epoch=103/160 loss=0.3754
G epoch=104/160 loss=0.3715
G epoch=105/160 loss=0.3673
G epoch=106/160 loss=0.3628
G epoch=107/160 loss=0.3595
G epoch=108/160 loss=0.3553
G epoch=109/160 loss=0.3526
G epoch=110/160 loss=0.3488
G epoch=111/160 loss=0.3455
G epoch=112/160 loss=0.3414
G epoch=113/160 loss=0.3383
G epoch=114/160 loss=0.3358
G epoch=115/160 loss=0.3322
G epoch=116/160 loss=0.3319
G epoch=117/160 loss=0.3278
G epoch=118/160 loss=0.3252
G epoch=119/160 loss=0.3214
G epoch=120/160 loss=0.3183
G epoch=121/160 loss=0.3162
G epoch=122/160 loss=0.3133
G epoch=123/160 loss=0.3115
G epoch=124/160 loss=0.3112
G epoch=125/160 loss=0.3084
G epoch=126/160 loss=0.3061
G epoch=127/160 loss=0.3022
G epoch=128/160 loss=0.3005
G epoch=129/160 loss=0.2980
G epoch=130/160 loss=0.2971
G epoch=131/160 loss=0.2984
G epoch=132/160 loss=0.2977
G epoch=133/160 loss=0.2949
G epoch=134/160 loss=0.2925
G epoch=135/160 loss=0.2908
G epoch=136/160 loss=0.2883
G epoch=137/160 loss=0.2867
G epoch=138/160 loss=0.2842
G epoch=139/160 loss=0.2840
G epoch=140/160 loss=0.2801
G epoch=141/160 loss=0.2808
G epoch=142/160 loss=0.2763
G epoch=143/160 loss=0.2759
G epoch=144/160 loss=0.2741
G epoch=145/160 loss=0.2719
G epoch=146/160 loss=0.2706
G epoch=147/160 loss=0.2678
G epoch=148/160 loss=0.2671
G epoch=149/160 loss=0.2664
G epoch=150/160 loss=0.2642
G epoch=151/160 loss=0.2636
G epoch=152/160 loss=0.2602
G epoch=153/160 loss=0.2596
G epoch=154/160 loss=0.2580
G epoch=155/160 loss=0.2565
G epoch=156/160 loss=0.2545
G epoch=157/160 loss=0.2537
G epoch=158/160 loss=0.2521
G epoch=159/160 loss=0.2513
G epoch=160/160 loss=0.2494

[2/3] pretrain D

[3/3] adversarial
generator_reward_mode=on reward_alpha=0.700 d_steps=5 d_epochs=3
Traceback (most recent call last):
  File "<frozen runpy>", line 198, in _run_module_as_main
  File "<frozen runpy>", line 88, in _run_code
  File "/content/GAN_for_SQLi_rerun_13/models/seqgan_improved/runtime/train.py", line 452, in <module>
    main()
  File "/content/GAN_for_SQLi_rerun_13/models/seqgan_improved/runtime/train.py", line 448, in main
    run_training(build_parser().parse_args())
  File "/content/GAN_for_SQLi_rerun_13/models/seqgan_improved/runtime/train.py", line 266, in run_training
    adversarial_stats = adv_train(
                        ^^^^^^^^^^
  File "/content/GAN_for_SQLi_rerun_13/models/seqgan_improved/runtime/adversarial.py", line 224, in adv_train
    discriminator_reward = rollout.get_reward(sequences.detach(), mask=mask.detach())
                           ^^^^^^^^^^^^^^^^^^^^^^^^^^^^^^^^^^^^^^^^^^^^^^^^^^^^^^^^^^
  File "/usr/local/lib/python3.12/dist-packages/torch/utils/_contextlib.py", line 124, in decorate_context
    return func(*args, **kwargs)
           ^^^^^^^^^^^^^^^^^^^^^
  File "/content/GAN_for_SQLi_rerun_13/models/seqgan_improved/runtime/rollout.py", line 87, in get_reward
    scores = self.discriminator.prob_real(completed).view(B, rollout_num)
             ^^^^^^^^^^^^^^^^^^^^^^^^^^^^^^^^^^^^^^^
  File "/content/GAN_for_SQLi_rerun_13/models/seqgan_improved/runtime/discriminator.py", line 128, in prob_real
    return F.softmax(self.forward(input_ids), dim=1)[:, 1]
                     ^^^^^^^^^^^^^^^^^^^^^^^
  File "/content/GAN_for_SQLi_rerun_13/models/seqgan_improved/runtime/discriminator.py", line 121, in forward
    h = h.masked_fill(fill_mask.unsqueeze(1), torch.finfo(h.dtype).min)
                      ^^^^^^^^^^^^^^^^^^^^^^
KeyboardInterrupt


===== NEW SESSION 2026-07-18T05:51:50.517616 =====

[1/3] pretrain G
G epoch=1/160 loss=5.0134
G epoch=2/160 loss=4.8916
G epoch=3/160 loss=4.7563
G epoch=4/160 loss=4.5918
G epoch=5/160 loss=4.3925
G epoch=6/160 loss=4.1635
G epoch=7/160 loss=3.9283
G epoch=8/160 loss=3.7251
G epoch=9/160 loss=3.5644
G epoch=10/160 loss=3.4264
G epoch=11/160 loss=3.2934
G epoch=12/160 loss=3.1627
G epoch=13/160 loss=3.0462
G epoch=14/160 loss=2.9459
G epoch=15/160 loss=2.8559
G epoch=16/160 loss=2.7723
G epoch=17/160 loss=2.6915
G epoch=18/160 loss=2.6119
G epoch=19/160 loss=2.5312
G epoch=20/160 loss=2.4514
G epoch=21/160 loss=2.3753
G epoch=22/160 loss=2.3024
G epoch=23/160 loss=2.2309
G epoch=24/160 loss=2.1618
G epoch=25/160 loss=2.0947
G epoch=26/160 loss=2.0268
G epoch=27/160 loss=1.9624
G epoch=28/160 loss=1.9033
G epoch=29/160 loss=1.8451
G epoch=30/160 loss=1.7873
G epoch=31/160 loss=1.7320
G epoch=32/160 loss=1.6801
G epoch=33/160 loss=1.6292
G epoch=34/160 loss=1.5794
G epoch=35/160 loss=1.5325
G epoch=36/160 loss=1.4871
G epoch=37/160 loss=1.4428
G epoch=38/160 loss=1.4015
G epoch=39/160 loss=1.3621
G epoch=40/160 loss=1.3226
G epoch=41/160 loss=1.2844
G epoch=42/160 loss=1.2488
G epoch=43/160 loss=1.2148
G epoch=44/160 loss=1.1815
G epoch=45/160 loss=1.1495
G epoch=46/160 loss=1.1189
G epoch=47/160 loss=1.0884
G epoch=48/160 loss=1.0604
G epoch=49/160 loss=1.0328
G epoch=50/160 loss=1.0071
G epoch=51/160 loss=0.9805
G epoch=52/160 loss=0.9563
G epoch=53/160 loss=0.9317
G epoch=54/160 loss=0.9099
G epoch=55/160 loss=0.8874
G epoch=56/160 loss=0.8663
G epoch=57/160 loss=0.8455
G epoch=58/160 loss=0.8261
G epoch=59/160 loss=0.8069
G epoch=60/160 loss=0.7892
G epoch=61/160 loss=0.7710
G epoch=62/160 loss=0.7550
G epoch=63/160 loss=0.7378
G epoch=64/160 loss=0.7229
G epoch=65/160 loss=0.7072
G epoch=66/160 loss=0.6916
G epoch=67/160 loss=0.6777
G epoch=68/160 loss=0.6632
G epoch=69/160 loss=0.6494
G epoch=70/160 loss=0.6360
G epoch=71/160 loss=0.6231
G epoch=72/160 loss=0.6110
G epoch=73/160 loss=0.5986
G epoch=74/160 loss=0.5869
G epoch=75/160 loss=0.5758
G epoch=76/160 loss=0.5643
G epoch=77/160 loss=0.5538
G epoch=78/160 loss=0.5431
G epoch=79/160 loss=0.5329
G epoch=80/160 loss=0.5232
G epoch=81/160 loss=0.5136
G epoch=82/160 loss=0.5043
G epoch=83/160 loss=0.4960
G epoch=84/160 loss=0.4870
G epoch=85/160 loss=0.4784
G epoch=86/160 loss=0.4702
G epoch=87/160 loss=0.4651
G epoch=88/160 loss=0.4545
G epoch=89/160 loss=0.4568
G epoch=90/160 loss=0.4414
G epoch=91/160 loss=0.4373
G epoch=92/160 loss=0.4291
G epoch=93/160 loss=0.4223
G epoch=94/160 loss=0.4191
G epoch=95/160 loss=0.4104
G epoch=96/160 loss=0.4070
G epoch=97/160 loss=0.4003
G epoch=98/160 loss=0.3945
G epoch=99/160 loss=0.3911
G epoch=100/160 loss=0.3854
G epoch=101/160 loss=0.3812
G epoch=102/160 loss=0.3774
G epoch=103/160 loss=0.3722
G epoch=104/160 loss=0.3684
G epoch=105/160 loss=0.3633
G epoch=106/160 loss=0.3604
G epoch=107/160 loss=0.3566
G epoch=108/160 loss=0.3520
G epoch=109/160 loss=0.3490
G epoch=110/160 loss=0.3456
G epoch=111/160 loss=0.3417
G epoch=112/160 loss=0.3390
G epoch=113/160 loss=0.3382
G epoch=114/160 loss=0.3341
G epoch=115/160 loss=0.3305
G epoch=116/160 loss=0.3274
G epoch=117/160 loss=0.3251
G epoch=118/160 loss=0.3220
G epoch=119/160 loss=0.3193
G epoch=120/160 loss=0.3171
G epoch=121/160 loss=0.3145
G epoch=122/160 loss=0.3116
G epoch=123/160 loss=0.3087
G epoch=124/160 loss=0.3070
G epoch=125/160 loss=0.3042
G epoch=126/160 loss=0.3021
G epoch=127/160 loss=0.3002
G epoch=128/160 loss=0.2975
G epoch=129/160 loss=0.2961
G epoch=130/160 loss=0.2942
G epoch=131/160 loss=0.2920
G epoch=132/160 loss=0.2901
G epoch=133/160 loss=0.2883
G epoch=134/160 loss=0.2868
G epoch=135/160 loss=0.2854
G epoch=136/160 loss=0.2825
G epoch=137/160 loss=0.2816
G epoch=138/160 loss=0.2791
G epoch=139/160 loss=0.2771
G epoch=140/160 loss=0.2760
G epoch=141/160 loss=0.2741
G epoch=142/160 loss=0.2724
G epoch=143/160 loss=0.2715
G epoch=144/160 loss=0.2704
G epoch=145/160 loss=0.2699
G epoch=146/160 loss=0.2679
G epoch=147/160 loss=0.2666
G epoch=148/160 loss=0.2646
G epoch=149/160 loss=0.2641
G epoch=150/160 loss=0.2619
G epoch=151/160 loss=0.2607
G epoch=152/160 loss=0.2598
G epoch=153/160 loss=0.2588
G epoch=154/160 loss=0.2572
G epoch=155/160 loss=0.2563
G epoch=156/160 loss=0.2541
G epoch=157/160 loss=0.2537
G epoch=158/160 loss=0.2518
G epoch=159/160 loss=0.2502
G epoch=160/160 loss=0.2492

[2/3] pretrain D

[3/3] adversarial
generator_reward_mode=on reward_alpha=0.700 d_steps=5 d_epochs=3
ADV epoch=1/200 g_loss=0.4294 d_loss=0.0000 reward=0.7978 reward_var=0.0010 unique=1.0000
ADV epoch=2/200 g_loss=0.4470 d_loss=0.0000 reward=0.7931 reward_var=0.0018 unique=1.0000
ADV epoch=3/200 g_loss=0.4641 d_loss=0.0000 reward=0.7803 reward_var=0.0026 unique=1.0000
ADV epoch=4/200 g_loss=0.4794 d_loss=0.0000 reward=0.7773 reward_var=0.0024 unique=1.0000
ADV epoch=5/200 g_loss=0.4874 d_loss=0.0000 reward=0.7845 reward_var=0.0014 unique=1.0000
ADV epoch=6/200 g_loss=0.5176 d_loss=0.0000 reward=0.7856 reward_var=0.0013 unique=1.0000
ADV epoch=7/200 g_loss=0.5584 d_loss=0.0000 reward=0.7864 reward_var=0.0014 unique=1.0000
ADV epoch=8/200 g_loss=0.5637 d_loss=0.0000 reward=0.7903 reward_var=0.0009 unique=0.9800
ADV epoch=9/200 g_loss=0.5879 d_loss=0.0000 reward=0.7886 reward_var=0.0011 unique=0.9800
ADV epoch=10/200 g_loss=0.5982 d_loss=0.0000 reward=0.7890 reward_var=0.0012 unique=0.9800
ADV epoch=11/200 g_loss=0.6372 d_loss=0.0000 reward=0.7887 reward_var=0.0011 unique=1.0000
ADV epoch=12/200 g_loss=0.6594 d_loss=0.0000 reward=0.7866 reward_var=0.0017 unique=1.0000
Traceback (most recent call last):
  File "<frozen runpy>", line 198, in _run_module_as_main
  File "<frozen runpy>", line 88, in _run_code
  File "/content/GAN_for_SQLi_rerun_13/models/seqgan_improved/runtime/train.py", line 452, in <module>
    main()
  File "/content/GAN_for_SQLi_rerun_13/models/seqgan_improved/runtime/train.py", line 448, in main
    run_training(build_parser().parse_args())
  File "/content/GAN_for_SQLi_rerun_13/models/seqgan_improved/runtime/train.py", line 266, in run_training
    adversarial_stats = adv_train(
                        ^^^^^^^^^^
  File "/content/GAN_for_SQLi_rerun_13/models/seqgan_improved/runtime/adversarial.py", line 224, in adv_train
    discriminator_reward = rollout.get_reward(sequences.detach(), mask=mask.detach())
                           ^^^^^^^^^^^^^^^^^^^^^^^^^^^^^^^^^^^^^^^^^^^^^^^^^^^^^^^^^^
  File "/usr/local/lib/python3.12/dist-packages/torch/utils/_contextlib.py", line 124, in decorate_context
    return func(*args, **kwargs)
           ^^^^^^^^^^^^^^^^^^^^^
  File "/content/GAN_for_SQLi_rerun_13/models/seqgan_improved/runtime/rollout.py", line 79, in get_reward
    tails = self.beta.continue_batched(
            ^^^^^^^^^^^^^^^^^^^^^^^^^^^
  File "/usr/local/lib/python3.12/dist-packages/torch/utils/_contextlib.py", line 124, in decorate_context
    return func(*args, **kwargs)
           ^^^^^^^^^^^^^^^^^^^^^
  File "/content/GAN_for_SQLi_rerun_13/models/seqgan_improved/runtime/generator.py", line 177, in continue_batched
    nxt = torch.multinomial(prob, 1).squeeze(1)
          ^^^^^^^^^^^^^^^^^^^^^^^^^^
KeyboardInterrupt


===== NEW SESSION 2026-07-18T08:55:18.033626 =====

[3/3] adversarial
generator_reward_mode=on reward_alpha=0.700 d_steps=5 d_epochs=3
Resumed adversarial checkpoint /content/drive/MyDrive/GAN/GAN_for_SQLi/result/phase2b_batch6x/_checkpoints_rerun_13/union_D_R500_V8_B6X/latest_adversarial.pt at epoch 11
Traceback (most recent call last):
  File "<frozen runpy>", line 198, in _run_module_as_main
  File "<frozen runpy>", line 88, in _run_code
  File "/content/GAN_for_SQLi_rerun_13/models/seqgan_improved/runtime/train.py", line 452, in <module>
    main()
  File "/content/GAN_for_SQLi_rerun_13/models/seqgan_improved/runtime/train.py", line 448, in main
    run_training(build_parser().parse_args())
  File "/content/GAN_for_SQLi_rerun_13/models/seqgan_improved/runtime/train.py", line 266, in run_training
    adversarial_stats = adv_train(
                        ^^^^^^^^^^
  File "/content/GAN_for_SQLi_rerun_13/models/seqgan_improved/runtime/adversarial.py", line 224, in adv_train
    discriminator_reward = rollout.get_reward(sequences.detach(), mask=mask.detach())
                           ^^^^^^^^^^^^^^^^^^^^^^^^^^^^^^^^^^^^^^^^^^^^^^^^^^^^^^^^^^
  File "/usr/local/lib/python3.12/dist-packages/torch/utils/_contextlib.py", line 124, in decorate_context
    return func(*args, **kwargs)
           ^^^^^^^^^^^^^^^^^^^^^
  File "/content/GAN_for_SQLi_rerun_13/models/seqgan_improved/runtime/rollout.py", line 87, in get_reward
    scores = self.discriminator.prob_real(completed).view(B, rollout_num)
             ^^^^^^^^^^^^^^^^^^^^^^^^^^^^^^^^^^^^^^^
  File "/content/GAN_for_SQLi_rerun_13/models/seqgan_improved/runtime/discriminator.py", line 128, in prob_real
    return F.softmax(self.forward(input_ids), dim=1)[:, 1]
                     ^^^^^^^^^^^^^^^^^^^^^^^
  File "/content/GAN_for_SQLi_rerun_13/models/seqgan_improved/runtime/discriminator.py", line 121, in forward
    h = h.masked_fill(fill_mask.unsqueeze(1), torch.finfo(h.dtype).min)
                      ^^^^^^^^^^^^^^^^^^^^^^
KeyboardInterrupt


===== NEW SESSION 2026-07-18T08:57:49.426928 =====

[3/3] adversarial
generator_reward_mode=on reward_alpha=0.700 d_steps=5 d_epochs=3
Resumed adversarial checkpoint /content/drive/MyDrive/GAN/GAN_for_SQLi/result/phase2b_batch6x/_checkpoints_rerun_13/union_D_R500_V8_B6X/latest_adversarial.pt at epoch 11
ADV epoch=11/200 g_loss=0.6330 d_loss=0.0000 reward=0.7890 reward_var=0.0012 unique=1.0000
ADV epoch=12/200 g_loss=0.6442 d_loss=0.0000 reward=0.7899 reward_var=0.0011 unique=1.0000
ADV epoch=13/200 g_loss=0.6727 d_loss=0.0000 reward=0.7850 reward_var=0.0021 unique=1.0000
ADV epoch=14/200 g_loss=0.7070 d_loss=0.0000 reward=0.7883 reward_var=0.0013 unique=1.0000
ADV epoch=15/200 g_loss=0.7161 d_loss=0.0000 reward=0.7910 reward_var=0.0010 unique=1.0000
ADV epoch=16/200 g_loss=0.7221 d_loss=0.0000 reward=0.7893 reward_var=0.0015 unique=1.0000
ADV epoch=17/200 g_loss=0.7209 d_loss=0.0000 reward=0.7917 reward_var=0.0011 unique=1.0000
ADV epoch=18/200 g_loss=0.7113 d_loss=0.0000 reward=0.7919 reward_var=0.0013 unique=1.0000
ADV epoch=19/200 g_loss=0.7321 d_loss=0.0000 reward=0.7961 reward_var=0.0008 unique=1.0000
ADV epoch=20/200 g_loss=0.7368 d_loss=0.0000 reward=0.7952 reward_var=0.0011 unique=1.0000
ADV epoch=21/200 g_loss=0.7326 d_loss=0.0000 reward=0.7960 reward_var=0.0009 unique=1.0000
ADV epoch=22/200 g_loss=0.7528 d_loss=0.0000 reward=0.7991 reward_var=0.0007 unique=1.0000
ADV epoch=23/200 g_loss=0.7474 d_loss=0.0000 reward=0.7996 reward_var=0.0007 unique=1.0000
ADV epoch=24/200 g_loss=0.7570 d_loss=0.0000 reward=0.7992 reward_var=0.0008 unique=1.0000
ADV epoch=25/200 g_loss=0.7762 d_loss=0.0000 reward=0.8001 reward_var=0.0008 unique=1.0000
ADV epoch=26/200 g_loss=0.7620 d_loss=0.0000 reward=0.7982 reward_var=0.0008 unique=1.0000
ADV epoch=27/200 g_loss=0.7546 d_loss=0.0000 reward=0.7995 reward_var=0.0008 unique=0.9800
ADV epoch=28/200 g_loss=0.7830 d_loss=0.0000 reward=0.8011 reward_var=0.0005 unique=1.0000
ADV epoch=29/200 g_loss=0.7839 d_loss=0.0000 reward=0.7997 reward_var=0.0008 unique=1.0000
ADV epoch=30/200 g_loss=0.7994 d_loss=0.0000 reward=0.8000 reward_var=0.0005 unique=1.0000
ADV epoch=31/200 g_loss=0.7930 d_loss=0.0000 reward=0.8005 reward_var=0.0006 unique=1.0000
ADV epoch=32/200 g_loss=0.8017 d_loss=0.0000 reward=0.7998 reward_var=0.0008 unique=1.0000
ADV epoch=33/200 g_loss=0.8463 d_loss=0.0000 reward=0.8030 reward_var=0.0005 unique=1.0000
ADV epoch=34/200 g_loss=0.8208 d_loss=0.0000 reward=0.8028 reward_var=0.0004 unique=1.0000
ADV epoch=35/200 g_loss=0.8421 d_loss=0.0000 reward=0.8017 reward_var=0.0005 unique=1.0000
ADV epoch=36/200 g_loss=0.8836 d_loss=0.0000 reward=0.8022 reward_var=0.0005 unique=0.9600
ADV epoch=37/200 g_loss=0.8549 d_loss=0.0000 reward=0.8031 reward_var=0.0005 unique=1.0000
ADV epoch=38/200 g_loss=0.8810 d_loss=0.0000 reward=0.8044 reward_var=0.0004 unique=1.0000
ADV epoch=39/200 g_loss=0.9158 d_loss=0.0000 reward=0.8054 reward_var=0.0003 unique=1.0000
ADV epoch=40/200 g_loss=0.9167 d_loss=0.0000 reward=0.8032 reward_var=0.0006 unique=1.0000
ADV epoch=41/200 g_loss=0.9166 d_loss=0.0000 reward=0.8043 reward_var=0.0004 unique=1.0000
ADV epoch=42/200 g_loss=0.9527 d_loss=0.0000 reward=0.8041 reward_var=0.0004 unique=1.0000
ADV epoch=43/200 g_loss=0.9728 d_loss=0.0000 reward=0.8053 reward_var=0.0003 unique=1.0000
ADV epoch=44/200 g_loss=1.0117 d_loss=0.0000 reward=0.8087 reward_var=0.0004 unique=1.0000
ADV epoch=45/200 g_loss=0.9954 d_loss=0.0000 reward=0.8058 reward_var=0.0007 unique=1.0000
ADV epoch=46/200 g_loss=1.0452 d_loss=0.0000 reward=0.8121 reward_var=0.0002 unique=1.0000
ADV epoch=47/200 g_loss=1.0205 d_loss=0.0000 reward=0.8117 reward_var=0.0002 unique=1.0000
ADV epoch=48/200 g_loss=1.0553 d_loss=0.0000 reward=0.8119 reward_var=0.0003 unique=1.0000
ADV epoch=49/200 g_loss=1.0609 d_loss=0.0000 reward=0.8128 reward_var=0.0002 unique=1.0000
ADV epoch=50/200 g_loss=1.0730 d_loss=0.0000 reward=0.8136 reward_var=0.0002 unique=1.0000
ADV epoch=51/200 g_loss=1.0798 d_loss=0.0000 reward=0.8150 reward_var=0.0003 unique=1.0000
ADV epoch=52/200 g_loss=1.0758 d_loss=0.0000 reward=0.8154 reward_var=0.0002 unique=1.0000
ADV epoch=53/200 g_loss=1.1038 d_loss=0.0000 reward=0.8162 reward_var=0.0002 unique=1.0000
ADV epoch=54/200 g_loss=1.1270 d_loss=0.0000 reward=0.8170 reward_var=0.0003 unique=1.0000
ADV epoch=55/200 g_loss=1.1426 d_loss=0.0000 reward=0.8181 reward_var=0.0002 unique=1.0000
ADV epoch=56/200 g_loss=1.1506 d_loss=0.0000 reward=0.8178 reward_var=0.0002 unique=1.0000
ADV epoch=57/200 g_loss=1.1738 d_loss=0.0000 reward=0.8174 reward_var=0.0001 unique=1.0000
ADV epoch=58/200 g_loss=1.1820 d_loss=0.0000 reward=0.8188 reward_var=0.0002 unique=1.0000
ADV epoch=59/200 g_loss=1.2043 d_loss=0.0000 reward=0.8174 reward_var=0.0002 unique=1.0000
ADV epoch=60/200 g_loss=1.2145 d_loss=0.0000 reward=0.8177 reward_var=0.0003 unique=1.0000
ADV epoch=61/200 g_loss=1.2225 d_loss=0.0000 reward=0.8177 reward_var=0.0003 unique=1.0000
ADV epoch=62/200 g_loss=1.2209 d_loss=0.0000 reward=0.8185 reward_var=0.0002 unique=1.0000
ADV epoch=63/200 g_loss=1.2312 d_loss=0.0000 reward=0.8176 reward_var=0.0004 unique=1.0000
ADV epoch=64/200 g_loss=1.2377 d_loss=0.0000 reward=0.8179 reward_var=0.0003 unique=1.0000
ADV epoch=65/200 g_loss=1.2586 d_loss=0.0000 reward=0.8194 reward_var=0.0002 unique=1.0000
ADV epoch=66/200 g_loss=1.2781 d_loss=0.0000 reward=0.8195 reward_var=0.0002 unique=1.0000
ADV epoch=67/200 g_loss=1.2991 d_loss=0.0000 reward=0.8199 reward_var=0.0002 unique=1.0000
ADV epoch=68/200 g_loss=1.3104 d_loss=0.0000 reward=0.8205 reward_var=0.0003 unique=1.0000
ADV epoch=69/200 g_loss=1.3218 d_loss=0.0000 reward=0.8209 reward_var=0.0002 unique=1.0000
ADV epoch=70/200 g_loss=1.3097 d_loss=0.0000 reward=0.8197 reward_var=0.0005 unique=1.0000
ADV epoch=71/200 g_loss=1.2831 d_loss=0.0000 reward=0.8204 reward_var=0.0003 unique=1.0000
ADV epoch=72/200 g_loss=1.2818 d_loss=0.0000 reward=0.8192 reward_var=0.0006 unique=1.0000
ADV epoch=73/200 g_loss=1.3226 d_loss=0.0000 reward=0.8208 reward_var=0.0004 unique=1.0000
ADV epoch=74/200 g_loss=1.3254 d_loss=0.0000 reward=0.8206 reward_var=0.0007 unique=1.0000
ADV epoch=75/200 g_loss=1.3023 d_loss=0.0000 reward=0.8219 reward_var=0.0003 unique=1.0000
ADV epoch=76/200 g_loss=1.3459 d_loss=0.0000 reward=0.8207 reward_var=0.0007 unique=1.0000
ADV epoch=77/200 g_loss=1.3327 d_loss=0.0000 reward=0.8224 reward_var=0.0005 unique=1.0000
ADV epoch=78/200 g_loss=1.3232 d_loss=0.0000 reward=0.8210 reward_var=0.0008 unique=1.0000
ADV epoch=79/200 g_loss=1.3590 d_loss=0.0000 reward=0.8220 reward_var=0.0007 unique=1.0000
ADV epoch=80/200 g_loss=1.3178 d_loss=0.0000 reward=0.8226 reward_var=0.0007 unique=1.0000
ADV epoch=81/200 g_loss=1.3880 d_loss=0.0000 reward=0.8243 reward_var=0.0005 unique=1.0000
ADV epoch=82/200 g_loss=1.3881 d_loss=0.0000 reward=0.8244 reward_var=0.0005 unique=1.0000
ADV epoch=83/200 g_loss=1.4004 d_loss=0.0000 reward=0.8258 reward_var=0.0005 unique=1.0000
ADV epoch=84/200 g_loss=1.4199 d_loss=0.0000 reward=0.8263 reward_var=0.0005 unique=1.0000
ADV epoch=85/200 g_loss=1.4113 d_loss=0.0000 reward=0.8255 reward_var=0.0006 unique=1.0000
ADV epoch=86/200 g_loss=1.4467 d_loss=0.0000 reward=0.8271 reward_var=0.0006 unique=1.0000
ADV epoch=87/200 g_loss=1.4385 d_loss=0.0000 reward=0.8279 reward_var=0.0004 unique=1.0000
ADV epoch=88/200 g_loss=1.4479 d_loss=0.0000 reward=0.8269 reward_var=0.0006 unique=1.0000
ADV epoch=89/200 g_loss=1.4425 d_loss=0.0000 reward=0.8277 reward_var=0.0006 unique=1.0000
ADV epoch=90/200 g_loss=1.4789 d_loss=0.0000 reward=0.8296 reward_var=0.0004 unique=1.0000
ADV epoch=91/200 g_loss=1.4812 d_loss=0.0000 reward=0.8298 reward_var=0.0004 unique=1.0000
ADV epoch=92/200 g_loss=1.4806 d_loss=0.0000 reward=0.8289 reward_var=0.0006 unique=1.0000
ADV epoch=93/200 g_loss=1.5210 d_loss=0.0000 reward=0.8280 reward_var=0.0005 unique=1.0000
ADV epoch=94/200 g_loss=1.5487 d_loss=0.0000 reward=0.8294 reward_var=0.0004 unique=1.0000
ADV epoch=95/200 g_loss=1.5279 d_loss=0.0000 reward=0.8291 reward_var=0.0004 unique=1.0000
ADV epoch=96/200 g_loss=1.5498 d_loss=0.0000 reward=0.8293 reward_var=0.0004 unique=1.0000
ADV epoch=97/200 g_loss=1.5575 d_loss=0.0000 reward=0.8313 reward_var=0.0003 unique=1.0000
ADV epoch=98/200 g_loss=1.5496 d_loss=0.0000 reward=0.8300 reward_var=0.0003 unique=1.0000
ADV epoch=99/200 g_loss=1.5179 d_loss=0.0000 reward=0.8284 reward_var=0.0005 unique=1.0000
ADV epoch=100/200 g_loss=1.5328 d_loss=0.0000 reward=0.8280 reward_var=0.0006 unique=1.0000
ADV epoch=101/200 g_loss=1.5290 d_loss=0.0000 reward=0.8292 reward_var=0.0004 unique=1.0000
ADV epoch=102/200 g_loss=1.4930 d_loss=0.0000 reward=0.8287 reward_var=0.0004 unique=1.0000
ADV epoch=103/200 g_loss=1.4748 d_loss=0.0000 reward=0.8297 reward_var=0.0003 unique=1.0000
ADV epoch=104/200 g_loss=1.4643 d_loss=0.0000 reward=0.8292 reward_var=0.0004 unique=1.0000
ADV epoch=105/200 g_loss=1.4131 d_loss=0.0000 reward=0.8277 reward_var=0.0004 unique=1.0000
ADV epoch=106/200 g_loss=1.4059 d_loss=0.0000 reward=0.8276 reward_var=0.0004 unique=1.0000
ADV epoch=107/200 g_loss=1.3364 d_loss=0.0000 reward=0.8261 reward_var=0.0004 unique=1.0000
ADV epoch=108/200 g_loss=1.3083 d_loss=0.0000 reward=0.8257 reward_var=0.0003 unique=1.0000
ADV epoch=109/200 g_loss=1.2511 d_loss=0.0000 reward=0.8264 reward_var=0.0002 unique=1.0000
ADV epoch=110/200 g_loss=1.1671 d_loss=0.0000 reward=0.8235 reward_var=0.0004 unique=1.0000
ADV epoch=111/200 g_loss=1.1460 d_loss=0.0000 reward=0.8234 reward_var=0.0003 unique=1.0000
ADV epoch=112/200 g_loss=1.1186 d_loss=0.0000 reward=0.8234 reward_var=0.0003 unique=1.0000
ADV epoch=113/200 g_loss=1.0842 d_loss=0.0000 reward=0.8229 reward_var=0.0002 unique=1.0000
ADV epoch=114/200 g_loss=1.0481 d_loss=0.0000 reward=0.8215 reward_var=0.0004 unique=1.0000
ADV epoch=115/200 g_loss=1.0049 d_loss=0.0000 reward=0.8215 reward_var=0.0002 unique=1.0000
ADV epoch=116/200 g_loss=0.9949 d_loss=0.0000 reward=0.8197 reward_var=0.0004 unique=1.0000
ADV epoch=117/200 g_loss=0.9116 d_loss=0.0000 reward=0.8183 reward_var=0.0004 unique=1.0000
ADV epoch=118/200 g_loss=0.8670 d_loss=0.0000 reward=0.8167 reward_var=0.0007 unique=1.0000
ADV epoch=119/200 g_loss=0.7953 d_loss=0.0000 reward=0.8155 reward_var=0.0007 unique=1.0000
ADV epoch=120/200 g_loss=0.7404 d_loss=0.0000 reward=0.8015 reward_var=0.0023 unique=1.0000
ADV epoch=121/200 g_loss=0.6597 d_loss=0.0000 reward=0.7910 reward_var=0.0036 unique=1.0000
ADV epoch=122/200 g_loss=0.6818 d_loss=0.0000 reward=0.7934 reward_var=0.0033 unique=1.0000
ADV epoch=123/200 g_loss=0.6512 d_loss=0.0000 reward=0.7852 reward_var=0.0044 unique=1.0000
ADV epoch=124/200 g_loss=0.6123 d_loss=0.0000 reward=0.7724 reward_var=0.0053 unique=1.0000
ADV epoch=125/200 g_loss=0.5946 d_loss=0.0000 reward=0.7650 reward_var=0.0058 unique=1.0000
ADV epoch=126/200 g_loss=0.5748 d_loss=0.0000 reward=0.7641 reward_var=0.0058 unique=1.0000
ADV epoch=127/200 g_loss=0.5351 d_loss=0.0000 reward=0.7512 reward_var=0.0065 unique=1.0000
ADV epoch=128/200 g_loss=0.5548 d_loss=0.0000 reward=0.7560 reward_var=0.0063 unique=1.0000
ADV epoch=129/200 g_loss=0.5441 d_loss=0.0000 reward=0.7548 reward_var=0.0064 unique=1.0000
ADV epoch=130/200 g_loss=0.5340 d_loss=0.0000 reward=0.7431 reward_var=0.0070 unique=1.0000
ADV epoch=131/200 g_loss=0.5506 d_loss=0.0000 reward=0.7531 reward_var=0.0066 unique=1.0000
ADV epoch=132/200 g_loss=0.5639 d_loss=0.0000 reward=0.7598 reward_var=0.0062 unique=1.0000
ADV epoch=133/200 g_loss=0.6263 d_loss=0.0000 reward=0.7662 reward_var=0.0055 unique=1.0000
ADV epoch=134/200 g_loss=0.6303 d_loss=0.0000 reward=0.7702 reward_var=0.0052 unique=1.0000
ADV epoch=135/200 g_loss=0.6720 d_loss=0.0000 reward=0.7775 reward_var=0.0045 unique=1.0000
ADV epoch=136/200 g_loss=0.6810 d_loss=0.0000 reward=0.7756 reward_var=0.0048 unique=1.0000
ADV epoch=137/200 g_loss=0.6764 d_loss=0.0000 reward=0.7778 reward_var=0.0049 unique=1.0000
ADV epoch=138/200 g_loss=0.6795 d_loss=0.0000 reward=0.7785 reward_var=0.0049 unique=1.0000
ADV epoch=139/200 g_loss=0.6719 d_loss=0.0000 reward=0.7709 reward_var=0.0053 unique=1.0000
ADV epoch=140/200 g_loss=0.6837 d_loss=0.0000 reward=0.7786 reward_var=0.0046 unique=1.0000
ADV epoch=141/200 g_loss=0.6710 d_loss=0.0000 reward=0.7845 reward_var=0.0040 unique=1.0000
ADV epoch=142/200 g_loss=0.7072 d_loss=0.0000 reward=0.7839 reward_var=0.0040 unique=1.0000
ADV epoch=143/200 g_loss=0.7253 d_loss=0.0000 reward=0.7834 reward_var=0.0042 unique=1.0000
ADV epoch=144/200 g_loss=0.7732 d_loss=0.0000 reward=0.7967 reward_var=0.0028 unique=1.0000
ADV epoch=145/200 g_loss=0.8102 d_loss=0.0000 reward=0.7998 reward_var=0.0024 unique=1.0000
ADV epoch=146/200 g_loss=0.8661 d_loss=0.0000 reward=0.8024 reward_var=0.0022 unique=1.0000
ADV epoch=147/200 g_loss=0.9050 d_loss=0.0000 reward=0.8087 reward_var=0.0015 unique=1.0000
ADV epoch=148/200 g_loss=0.9148 d_loss=0.0000 reward=0.8132 reward_var=0.0009 unique=1.0000
ADV epoch=149/200 g_loss=0.9447 d_loss=0.0000 reward=0.8120 reward_var=0.0014 unique=1.0000
ADV epoch=150/200 g_loss=0.9625 d_loss=0.0000 reward=0.8139 reward_var=0.0010 unique=1.0000
ADV epoch=151/200 g_loss=1.0114 d_loss=0.0000 reward=0.8187 reward_var=0.0008 unique=1.0000
ADV epoch=152/200 g_loss=0.9915 d_loss=0.0000 reward=0.8177 reward_var=0.0006 unique=1.0000
ADV epoch=153/200 g_loss=0.9729 d_loss=0.0000 reward=0.8179 reward_var=0.0007 unique=1.0000
ADV epoch=154/200 g_loss=0.9453 d_loss=0.0000 reward=0.8155 reward_var=0.0010 unique=1.0000
ADV epoch=155/200 g_loss=0.9624 d_loss=0.0000 reward=0.8161 reward_var=0.0008 unique=1.0000
ADV epoch=156/200 g_loss=0.9515 d_loss=0.0000 reward=0.8152 reward_var=0.0009 unique=1.0000
ADV epoch=157/200 g_loss=0.9182 d_loss=0.0000 reward=0.8121 reward_var=0.0012 unique=1.0000
ADV epoch=158/200 g_loss=0.9777 d_loss=0.0000 reward=0.8167 reward_var=0.0006 unique=1.0000
ADV epoch=159/200 g_loss=1.0031 d_loss=0.0000 reward=0.8169 reward_var=0.0006 unique=1.0000
ADV epoch=160/200 g_loss=0.9972 d_loss=0.0000 reward=0.8171 reward_var=0.0005 unique=1.0000
ADV epoch=161/200 g_loss=1.0353 d_loss=0.0000 reward=0.8168 reward_var=0.0010 unique=1.0000
ADV epoch=162/200 g_loss=1.0349 d_loss=0.0000 reward=0.8171 reward_var=0.0009 unique=1.0000
ADV epoch=163/200 g_loss=1.0205 d_loss=0.0000 reward=0.8190 reward_var=0.0004 unique=1.0000
ADV epoch=164/200 g_loss=1.0390 d_loss=0.0000 reward=0.8207 reward_var=0.0005 unique=1.0000
ADV epoch=165/200 g_loss=1.0270 d_loss=0.0000 reward=0.8202 reward_var=0.0006 unique=1.0000
ADV epoch=166/200 g_loss=0.9930 d_loss=0.0000 reward=0.8197 reward_var=0.0005 unique=1.0000
ADV epoch=167/200 g_loss=0.9777 d_loss=0.0000 reward=0.8170 reward_var=0.0012 unique=1.0000
ADV epoch=168/200 g_loss=0.9537 d_loss=0.0000 reward=0.8158 reward_var=0.0012 unique=1.0000
ADV epoch=169/200 g_loss=0.9199 d_loss=0.0000 reward=0.8164 reward_var=0.0011 unique=1.0000


===== NEW SESSION 2026-07-19T09:05:26.382600 =====

[3/3] adversarial
generator_reward_mode=on reward_alpha=0.700 d_steps=5 d_epochs=3
Traceback (most recent call last):
  File "<frozen runpy>", line 198, in _run_module_as_main
  File "<frozen runpy>", line 88, in _run_code
  File "/content/GAN_for_SQLi_rerun_13/models/seqgan_improved/runtime/train.py", line 452, in <module>
    main()
  File "/content/GAN_for_SQLi_rerun_13/models/seqgan_improved/runtime/train.py", line 448, in main
    run_training(build_parser().parse_args())
  File "/content/GAN_for_SQLi_rerun_13/models/seqgan_improved/runtime/train.py", line 266, in run_training
    adversarial_stats = adv_train(
                        ^^^^^^^^^^
  File "/content/GAN_for_SQLi_rerun_13/models/seqgan_improved/runtime/adversarial.py", line 181, in adv_train
    optimizer = optim.Adam(generator.parameters(), lr=gen_lr)
                ^^^^^^^^^^^^^^^^^^^^^^^^^^^^^^^^^^^^^^^^^^^^^
  File "/usr/local/lib/python3.12/dist-packages/torch/optim/adam.py", line 102, in __init__
    super().__init__(params, defaults)
  File "/usr/local/lib/python3.12/dist-packages/torch/optim/optimizer.py", line 408, in __init__
    self.add_param_group(cast(dict, param_group))
  File "/usr/local/lib/python3.12/dist-packages/torch/_compile.py", line 47, in inner
    import torch._dynamo
  File "/usr/local/lib/python3.12/dist-packages/torch/_dynamo/__init__.py", line 13, in <module>
    from . import (
  File "/usr/local/lib/python3.12/dist-packages/torch/_dynamo/aot_compile.py", line 15, in <module>
    from torch._dynamo.convert_frame import GraphRuntimeEnv
  File "/usr/local/lib/python3.12/dist-packages/torch/_dynamo/convert_frame.py", line 62, in <module>
    from torch._dynamo.symbolic_convert import TensorifyState
  File "/usr/local/lib/python3.12/dist-packages/torch/_dynamo/symbolic_convert.py", line 54, in <module>
    from torch._dynamo.exc import ObservedException, TensorifyScalarRestartAnalysis
  File "/usr/local/lib/python3.12/dist-packages/torch/_dynamo/exc.py", line 44, in <module>
    from .utils import counters
  File "/usr/local/lib/python3.12/dist-packages/torch/_dynamo/utils.py", line 70, in <module>
    import torch.fx.experimental.symbolic_shapes
  File "/usr/local/lib/python3.12/dist-packages/torch/fx/experimental/symbolic_shapes.py", line 3, in <module>
    import sympy
  File "/usr/local/lib/python3.12/dist-packages/sympy/__init__.py", line 77, in <module>
    from .polys import (Poly, PurePoly, poly_from_expr, parallel_poly_from_expr,
  File "/usr/local/lib/python3.12/dist-packages/sympy/polys/__init__.py", line 79, in <module>
    from .polyfuncs import (symmetrize, horner, interpolate,
  File "/usr/local/lib/python3.12/dist-packages/sympy/polys/polyfuncs.py", line 10, in <module>
    from sympy.polys.specialpolys import (
  File "/usr/local/lib/python3.12/dist-packages/sympy/polys/specialpolys.py", line 298, in <module>
    from sympy.polys.rings import ring
  File "/usr/local/lib/python3.12/dist-packages/sympy/polys/rings.py", line 31, in <module>
    from sympy.printing.defaults import DefaultPrinting
  File "/usr/local/lib/python3.12/dist-packages/sympy/printing/__init__.py", line 11, in <module>
    from .pycode import pycode
  File "/usr/local/lib/python3.12/dist-packages/sympy/printing/pycode.py", line 11, in <module>
    from .codeprinter import CodePrinter
  File "/usr/local/lib/python3.12/dist-packages/sympy/printing/codeprinter.py", line 13, in <module>
    from sympy.functions.elementary.complexes import re
  File "/usr/local/lib/python3.12/dist-packages/sympy/functions/__init__.py", line 19, in <module>
    from sympy.functions.elementary.trigonometric import (sin, cos, tan,
KeyboardInterrupt


===== NEW SESSION 2026-07-19T09:05:57.416151 =====

[3/3] adversarial
generator_reward_mode=on reward_alpha=0.700 d_steps=5 d_epochs=3
Resumed adversarial checkpoint /content/drive/MyDrive/GAN/GAN_for_SQLi/result/phase2b_batch6x/_checkpoints_rerun_13/union_D_R500_V8_B6X/latest_adversarial.pt at epoch 161
ADV epoch=161/200 g_loss=1.0312 d_loss=0.0000 reward=0.8185 reward_var=0.0005 unique=1.0000
ADV epoch=162/200 g_loss=1.0660 d_loss=0.0000 reward=0.8181 reward_var=0.0008 unique=1.0000
ADV epoch=163/200 g_loss=1.0618 d_loss=0.0000 reward=0.8219 reward_var=0.0003 unique=1.0000
ADV epoch=164/200 g_loss=1.1343 d_loss=0.0000 reward=0.8216 reward_var=0.0005 unique=1.0000
ADV epoch=165/200 g_loss=1.1396 d_loss=0.0000 reward=0.8205 reward_var=0.0007 unique=1.0000
ADV epoch=166/200 g_loss=1.1906 d_loss=0.0000 reward=0.8211 reward_var=0.0007 unique=1.0000
ADV epoch=167/200 g_loss=1.2457 d_loss=0.0000 reward=0.8208 reward_var=0.0010 unique=1.0000
ADV epoch=168/200 g_loss=1.2862 d_loss=0.0000 reward=0.8233 reward_var=0.0006 unique=1.0000
ADV epoch=169/200 g_loss=1.3241 d_loss=0.0000 reward=0.8205 reward_var=0.0011 unique=1.0000
ADV epoch=170/200 g_loss=1.3391 d_loss=0.0000 reward=0.8233 reward_var=0.0009 unique=1.0000
ADV epoch=171/200 g_loss=1.3554 d_loss=0.0000 reward=0.8224 reward_var=0.0009 unique=1.0000
ADV epoch=172/200 g_loss=1.3780 d_loss=0.0000 reward=0.8220 reward_var=0.0011 unique=1.0000
ADV epoch=173/200 g_loss=1.3861 d_loss=0.0000 reward=0.8241 reward_var=0.0006 unique=1.0000
ADV epoch=174/200 g_loss=1.3887 d_loss=0.0000 reward=0.8242 reward_var=0.0007 unique=1.0000
ADV epoch=175/200 g_loss=1.4054 d_loss=0.0000 reward=0.8243 reward_var=0.0007 unique=1.0000
ADV epoch=176/200 g_loss=1.4138 d_loss=0.0000 reward=0.8248 reward_var=0.0006 unique=1.0000
ADV epoch=177/200 g_loss=1.3943 d_loss=0.0000 reward=0.8242 reward_var=0.0008 unique=1.0000
ADV epoch=178/200 g_loss=1.4048 d_loss=0.0000 reward=0.8262 reward_var=0.0004 unique=1.0000
ADV epoch=179/200 g_loss=1.4236 d_loss=0.0000 reward=0.8238 reward_var=0.0007 unique=1.0000
ADV epoch=180/200 g_loss=1.4263 d_loss=0.0000 reward=0.8257 reward_var=0.0005 unique=1.0000
ADV epoch=181/200 g_loss=1.4346 d_loss=0.0000 reward=0.8247 reward_var=0.0005 unique=1.0000
ADV epoch=182/200 g_loss=1.4387 d_loss=0.0000 reward=0.8244 reward_var=0.0005 unique=1.0000
ADV epoch=183/200 g_loss=1.4342 d_loss=0.0000 reward=0.8252 reward_var=0.0005 unique=1.0000
ADV epoch=184/200 g_loss=1.4403 d_loss=0.0000 reward=0.8234 reward_var=0.0005 unique=1.0000
ADV epoch=185/200 g_loss=1.4446 d_loss=0.0000 reward=0.8232 reward_var=0.0005 unique=1.0000
ADV epoch=186/200 g_loss=1.4551 d_loss=0.0000 reward=0.8244 reward_var=0.0006 unique=1.0000
ADV epoch=187/200 g_loss=1.4668 d_loss=0.0000 reward=0.8242 reward_var=0.0005 unique=1.0000
ADV epoch=188/200 g_loss=1.4649 d_loss=0.0000 reward=0.8231 reward_var=0.0005 unique=1.0000
ADV epoch=189/200 g_loss=1.4842 d_loss=0.0000 reward=0.8246 reward_var=0.0005 unique=1.0000
ADV epoch=190/200 g_loss=1.4804 d_loss=0.0000 reward=0.8247 reward_var=0.0004 unique=1.0000
ADV epoch=191/200 g_loss=1.4874 d_loss=0.0000 reward=0.8262 reward_var=0.0003 unique=1.0000
ADV epoch=192/200 g_loss=1.4945 d_loss=0.0000 reward=0.8248 reward_var=0.0005 unique=1.0000
ADV epoch=193/200 g_loss=1.5012 d_loss=0.0000 reward=0.8236 reward_var=0.0007 unique=1.0000
ADV epoch=194/200 g_loss=1.4915 d_loss=0.0000 reward=0.8262 reward_var=0.0004 unique=1.0000
ADV epoch=195/200 g_loss=1.4963 d_loss=0.0000 reward=0.8271 reward_var=0.0004 unique=1.0000
ADV epoch=196/200 g_loss=1.4936 d_loss=0.0000 reward=0.8247 reward_var=0.0005 unique=1.0000
ADV epoch=197/200 g_loss=1.4760 d_loss=0.0000 reward=0.8241 reward_var=0.0006 unique=1.0000
ADV epoch=198/200 g_loss=1.4816 d_loss=0.0000 reward=0.8241 reward_var=0.0006 unique=1.0000
ADV epoch=199/200 g_loss=1.4628 d_loss=0.0000 reward=0.8214 reward_var=0.0010 unique=1.0000
ADV epoch=200/200 g_loss=1.4616 d_loss=0.0000 reward=0.8216 reward_var=0.0010 unique=1.0000
saved 2000 raw samples to /content/drive/MyDrive/GAN/GAN_for_SQLi/result/phase2b_batch6x/union/D/R500/V8_B6X/generated_payloads.csv
