{
  "metric_schema_version": "quality-metrics-v3",
  "normalization_version": "nfkc_html_percent1_casefold_ws_quotes_v1",
  "seed": 88,
  "method": "seqgan_improved",
  "family": "time",
  "scenario": "A",
  "ratio": "200",
  "generation_kind": "direct",
  "schema_valid": true,
  "stop_reason": "n/a",
  "n_generated": 493,
  "unique_rate": 0.9878296146044625,
  "normalized_unique_rate": 0.9797160243407708,
  "duplicate_rate": 0.012170385395537497,
  "model_collapse_rate": 0.012170385395537497,
  "dominant_payload_share": 0.008113590263691683,
  "normalized_dominant_payload_share": 0.008113590263691683,
  "sql_parse_rate": 0.9959432048681541,
  "sql_structure_rate": 0.6997971602434077,
  "family_motif_coverage": 0.8,
  "family_motif_hit_rate": 0.37322515212981744,
  "garbage_rate": 0.30020283975659234,
  "wellformed_rate": 0.9959432048681541,
  "shaped_rate": 0.6997971602434077,
  "family_motif_coverage_by_family": {
    "time": 0.8
  },
  "family_motif_hit_rate_by_family": {
    "time": 0.37322515212981744
  },
  "inferred_family_distribution": {
    "boolean": 0.11764705882352941,
    "union": 0.006085192697768763,
    "time": 0.37322515212981744,
    "error": 0.0,
    "other": 0.5030425963488844
  },
  "train_reference_count": 78,
  "holdout_reference_count": 296,
  "exact_input_overlap": 0.0,
  "normalized_input_overlap": 0.0,
  "holdout_overlap": 0.0,
  "normalized_holdout_overlap": 0.0,
  "nearest_input_similarity_mean": 0.2533695681984156,
  "nearest_input_similarity_median": 0.22,
  "nearest_input_similarity_p90": 0.5411985018726592,
  "nearest_char3_jaccard_mean": 0.2533695681984156,
  "nearest_char3_jaccard_median": 0.22,
  "nearest_char3_jaccard_p90": 0.5411985018726592,
  "nearest_token_jaccard_mean": 0.22005164700151625,
  "nearest_token_jaccard_median": 0.2,
  "nearest_token_jaccard_p90": 0.415686274509804,
  "nearest_edit_similarity_mean": 0.32368687413784075,
  "nearest_edit_similarity_median": 0.2948717948717948,
  "nearest_edit_similarity_p90": 0.6206896551724138,
  "nearest_feature_cosine_mean": 0.8501808140906865,
  "nearest_feature_cosine_median": 0.9127980342579513,
  "nearest_feature_cosine_p90": 0.9836451157109272,
  "nearest_input_distance_mean": 0.7466304318015844,
  "nearest_input_distance_median": 0.78,
  "nearest_input_distance_p90": 0.9529761904761904,
  "mean_nearest_similarity": 0.2533695681984156,
  "median_nearest_similarity": 0.22,
  "p90_nearest_similarity": 0.5411985018726592,
  "unique_nearest_payload_rate": 0.14198782961460446,
  "dominant_retrieved_payload_share": 0.07505070993914807,
  "nearest_reference_count": 78,
  "distinct_1": 0.16670641545432865,
  "distinct_2": 0.5373819163292848,
  "distinct_3": 0.8171446191797718,
  "lexical_diversity": 0.16670641545432865,
  "character_diversity": 0.806904541962228,
  "token_diversity": 0.683678577773611,
  "keyword_diversity": 0.9404757384368145,
  "operator_diversity": 0.6426626699875798,
  "function_diversity": 0.6672524062465216,
  "comment_style_diversity": 0.6666666666666666,
  "length_zone_diversity": 1.0,
  "self_bleu": 0.8179937260250473,
  "self_bleu_char": 0.8179937260250473,
  "requested_count": 500,
  "generated_count_fraction": 0.986
}
