{
  "metric_schema_version": "quality-metrics-v3",
  "normalization_version": "nfkc_html_percent1_casefold_ws_quotes_v1",
  "seed": 88,
  "method": "seqgan_master",
  "family": "error",
  "scenario": "B",
  "ratio": "50",
  "generation_kind": "direct",
  "schema_valid": true,
  "stop_reason": "n/a",
  "n_generated": 200,
  "unique_rate": 1.0,
  "normalized_unique_rate": 1.0,
  "duplicate_rate": 0.0,
  "model_collapse_rate": 0.0,
  "dominant_payload_share": 0.005,
  "normalized_dominant_payload_share": 0.005,
  "sql_parse_rate": 1.0,
  "sql_structure_rate": 0.045,
  "family_motif_coverage": 0.0,
  "family_motif_hit_rate": 0.0,
  "garbage_rate": 0.955,
  "wellformed_rate": 1.0,
  "shaped_rate": 0.045,
  "family_motif_coverage_by_family": {
    "error": 0.0
  },
  "family_motif_hit_rate_by_family": {
    "error": 0.0
  },
  "inferred_family_distribution": {
    "boolean": 0.0,
    "union": 0.0,
    "time": 0.0,
    "error": 0.0,
    "other": 1.0
  },
  "train_reference_count": 312,
  "holdout_reference_count": 259,
  "exact_input_overlap": 0.0,
  "normalized_input_overlap": 0.0,
  "holdout_overlap": 0.0,
  "normalized_holdout_overlap": 0.0,
  "nearest_input_similarity_mean": 0.046122813656011064,
  "nearest_input_similarity_median": 0.04499443263488207,
  "nearest_input_similarity_p90": 0.0689996585865483,
  "nearest_char3_jaccard_mean": 0.046122813656011064,
  "nearest_char3_jaccard_median": 0.04499443263488207,
  "nearest_char3_jaccard_p90": 0.0689996585865483,
  "nearest_token_jaccard_mean": 0.1054325743274912,
  "nearest_token_jaccard_median": 0.1,
  "nearest_token_jaccard_p90": 0.17647058823529413,
  "nearest_edit_similarity_mean": 0.09366868528995917,
  "nearest_edit_similarity_median": 0.09174311926605505,
  "nearest_edit_similarity_p90": 0.1147651468262155,
  "nearest_feature_cosine_mean": 0.7324852051540007,
  "nearest_feature_cosine_median": 0.7234472090472283,
  "nearest_feature_cosine_p90": 0.8717586036945367,
  "nearest_input_distance_mean": 0.953877186343989,
  "nearest_input_distance_median": 0.9550055673651179,
  "nearest_input_distance_p90": 0.9770114942528736,
  "mean_nearest_similarity": 0.046122813656011064,
  "median_nearest_similarity": 0.04499443263488207,
  "p90_nearest_similarity": 0.0689996585865483,
  "unique_nearest_payload_rate": 0.385,
  "dominant_retrieved_payload_share": 0.095,
  "nearest_reference_count": 312,
  "distinct_1": 0.32790697674418606,
  "distinct_2": 0.7803030303030303,
  "distinct_3": 0.9674620390455532,
  "lexical_diversity": 0.32790697674418606,
  "character_diversity": 0.7599154308591524,
  "token_diversity": 0.7417732965156427,
  "keyword_diversity": 0.8957541375001009,
  "operator_diversity": 0.7982321703879732,
  "function_diversity": 0.9855875206580609,
  "comment_style_diversity": 0.0,
  "length_zone_diversity": 0.2,
  "self_bleu": 0.7208444872935567,
  "self_bleu_char": 0.7208444872935567,
  "requested_count": 200,
  "generated_count_fraction": 1.0
}
