{
  "metric_schema_version": "quality-metrics-v3",
  "normalization_version": "nfkc_html_percent1_casefold_ws_quotes_v1",
  "seed": 88,
  "method": "seqgan_master",
  "family": "time",
  "scenario": "D",
  "ratio": "100",
  "generation_kind": "direct",
  "schema_valid": true,
  "stop_reason": "n/a",
  "n_generated": 2000,
  "unique_rate": 0.737,
  "normalized_unique_rate": 0.6015,
  "duplicate_rate": 0.263,
  "model_collapse_rate": 0.263,
  "dominant_payload_share": 0.0115,
  "normalized_dominant_payload_share": 0.0625,
  "sql_parse_rate": 1.0,
  "sql_structure_rate": 0.3125,
  "family_motif_coverage": 0.4,
  "family_motif_hit_rate": 0.0115,
  "garbage_rate": 0.6875,
  "wellformed_rate": 1.0,
  "shaped_rate": 0.3125,
  "family_motif_coverage_by_family": {
    "time": 0.4
  },
  "family_motif_hit_rate_by_family": {
    "time": 0.0115
  },
  "inferred_family_distribution": {
    "boolean": 0.0255,
    "union": 0.014,
    "time": 0.0115,
    "error": 0.0,
    "other": 0.949
  },
  "train_reference_count": 156,
  "holdout_reference_count": 296,
  "exact_input_overlap": 0.0,
  "normalized_input_overlap": 0.0,
  "holdout_overlap": 0.0,
  "normalized_holdout_overlap": 0.0,
  "nearest_input_similarity_mean": 0.1611451969914409,
  "nearest_input_similarity_median": 0.15151515151515152,
  "nearest_input_similarity_p90": 0.24395663956639574,
  "nearest_char3_jaccard_mean": 0.1611451969914409,
  "nearest_char3_jaccard_median": 0.15151515151515152,
  "nearest_char3_jaccard_p90": 0.24395663956639574,
  "nearest_token_jaccard_mean": 0.20274812907680556,
  "nearest_token_jaccard_median": 0.2,
  "nearest_token_jaccard_p90": 0.3333333333333333,
  "nearest_edit_similarity_mean": 0.19949617778835568,
  "nearest_edit_similarity_median": 0.19565217391304346,
  "nearest_edit_similarity_p90": 0.2682926829268293,
  "nearest_feature_cosine_mean": 0.7776860587645621,
  "nearest_feature_cosine_median": 0.801451990361853,
  "nearest_feature_cosine_p90": 0.9338839863773907,
  "nearest_input_distance_mean": 0.8388548030085591,
  "nearest_input_distance_median": 0.8484848484848485,
  "nearest_input_distance_p90": 0.9032258064516129,
  "mean_nearest_similarity": 0.1611451969914409,
  "median_nearest_similarity": 0.15151515151515152,
  "p90_nearest_similarity": 0.24395663956639574,
  "unique_nearest_payload_rate": 0.051,
  "dominant_retrieved_payload_share": 0.1615,
  "nearest_reference_count": 156,
  "distinct_1": 0.09361860004946822,
  "distinct_2": 0.23496549457771937,
  "distinct_3": 0.3749082905355833,
  "lexical_diversity": 0.09361860004946822,
  "character_diversity": 0.7344760402810692,
  "token_diversity": 0.46248604543816363,
  "keyword_diversity": 0.7838870843132791,
  "operator_diversity": 0.6941614417235906,
  "function_diversity": 0.6901601137749244,
  "comment_style_diversity": 0.0,
  "length_zone_diversity": 0.2,
  "self_bleu": 0.9661783514636678,
  "self_bleu_char": 0.9661783514636678,
  "requested_count": 2000,
  "generated_count_fraction": 1.0
}
