
[1/3] pretrain G
G epoch=1/120 loss=4.4742
G epoch=2/120 loss=4.1127
G epoch=3/120 loss=3.6220
G epoch=4/120 loss=3.0901
G epoch=5/120 loss=2.7701
G epoch=6/120 loss=2.6085
G epoch=7/120 loss=2.4990
G epoch=8/120 loss=2.4274
G epoch=9/120 loss=2.3398
G epoch=10/120 loss=2.2615
G epoch=11/120 loss=2.2224
G epoch=12/120 loss=2.1573
G epoch=13/120 loss=2.0371
G epoch=14/120 loss=2.0410
G epoch=15/120 loss=1.9471
G epoch=16/120 loss=1.9063
G epoch=17/120 loss=1.8208
G epoch=18/120 loss=1.8344
G epoch=19/120 loss=1.7637
G epoch=20/120 loss=1.7920
G epoch=21/120 loss=1.7204
G epoch=22/120 loss=1.6933
G epoch=23/120 loss=1.6489
G epoch=24/120 loss=1.5984
G epoch=25/120 loss=1.5798
G epoch=26/120 loss=1.5396
G epoch=27/120 loss=1.5423
G epoch=28/120 loss=1.4948
G epoch=29/120 loss=1.4907
G epoch=30/120 loss=1.4459
G epoch=31/120 loss=1.3992
G epoch=32/120 loss=1.4273
G epoch=33/120 loss=1.3998
G epoch=34/120 loss=1.3777
G epoch=35/120 loss=1.3435
G epoch=36/120 loss=1.3305
G epoch=37/120 loss=1.3142
G epoch=38/120 loss=1.2692
G epoch=39/120 loss=1.3050
G epoch=40/120 loss=1.2528
G epoch=41/120 loss=1.2488
G epoch=42/120 loss=1.2316
G epoch=43/120 loss=1.2107
G epoch=44/120 loss=1.1799
G epoch=45/120 loss=1.1731
G epoch=46/120 loss=1.1404
G epoch=47/120 loss=1.0950
G epoch=48/120 loss=1.0972
G epoch=49/120 loss=1.0752
G epoch=50/120 loss=1.0949
G epoch=51/120 loss=1.0426
G epoch=52/120 loss=1.0347
G epoch=53/120 loss=0.9988
G epoch=54/120 loss=0.9899
G epoch=55/120 loss=0.9889
G epoch=56/120 loss=0.9766
G epoch=57/120 loss=0.9511
G epoch=58/120 loss=0.9428
G epoch=59/120 loss=0.9112
G epoch=60/120 loss=0.9149
G epoch=61/120 loss=0.9094
G epoch=62/120 loss=0.8771
G epoch=63/120 loss=0.8869
G epoch=64/120 loss=0.8712
G epoch=65/120 loss=0.8331
G epoch=66/120 loss=0.8434
G epoch=67/120 loss=0.8450
G epoch=68/120 loss=0.8381
G epoch=69/120 loss=0.8428
G epoch=70/120 loss=0.8094
G epoch=71/120 loss=0.7950
G epoch=72/120 loss=0.7922
G epoch=73/120 loss=0.7839
G epoch=74/120 loss=0.7776
G epoch=75/120 loss=0.7729
G epoch=76/120 loss=0.7357
G epoch=77/120 loss=0.7211
G epoch=78/120 loss=0.7507
G epoch=79/120 loss=0.7339
G epoch=80/120 loss=0.7241
G epoch=81/120 loss=0.7006
G epoch=82/120 loss=0.7087
G epoch=83/120 loss=0.7110
G epoch=84/120 loss=0.6905
G epoch=85/120 loss=0.6924
G epoch=86/120 loss=0.6850
G epoch=87/120 loss=0.6948
G epoch=88/120 loss=0.6742
G epoch=89/120 loss=0.6808
G epoch=90/120 loss=0.6582
G epoch=91/120 loss=0.6499
G epoch=92/120 loss=0.6449
G epoch=93/120 loss=0.6454
G epoch=94/120 loss=0.6422
G epoch=95/120 loss=0.6458
G epoch=96/120 loss=0.6187
G epoch=97/120 loss=0.6179
G epoch=98/120 loss=0.6289
G epoch=99/120 loss=0.6151
G epoch=100/120 loss=0.6150
G epoch=101/120 loss=0.6208
G epoch=102/120 loss=0.6157
G epoch=103/120 loss=0.6080
G epoch=104/120 loss=0.5997
G epoch=105/120 loss=0.5760
G epoch=106/120 loss=0.5849
G epoch=107/120 loss=0.5870
G epoch=108/120 loss=0.5786
G epoch=109/120 loss=0.5751
G epoch=110/120 loss=0.5727
G epoch=111/120 loss=0.5510
G epoch=112/120 loss=0.5585
G epoch=113/120 loss=0.5610
G epoch=114/120 loss=0.5416
G epoch=115/120 loss=0.5509
G epoch=116/120 loss=0.5445
G epoch=117/120 loss=0.5374
G epoch=118/120 loss=0.5350
G epoch=119/120 loss=0.5320
G epoch=120/120 loss=0.5351

[2/3] pretrain D
D step=1/50 epoch=1/3 loss=0.7896 l2=0.2000 label_smoothing=0.000
D step=1/50 epoch=2/3 loss=0.7228 l2=0.2000 label_smoothing=0.000
D step=1/50 epoch=3/3 loss=0.7053 l2=0.2000 label_smoothing=0.000
D step=2/50 epoch=1/3 loss=0.7212 l2=0.2000 label_smoothing=0.000
D step=2/50 epoch=2/3 loss=0.6583 l2=0.2000 label_smoothing=0.000
D step=2/50 epoch=3/3 loss=0.6347 l2=0.2000 label_smoothing=0.000
D step=3/50 epoch=1/3 loss=0.6450 l2=0.2000 label_smoothing=0.000
D step=3/50 epoch=2/3 loss=0.6254 l2=0.2000 label_smoothing=0.000
D step=3/50 epoch=3/3 loss=0.5745 l2=0.2000 label_smoothing=0.000
D step=4/50 epoch=1/3 loss=0.5627 l2=0.2000 label_smoothing=0.000
D step=4/50 epoch=2/3 loss=0.5282 l2=0.2000 label_smoothing=0.000
D step=4/50 epoch=3/3 loss=0.4889 l2=0.2000 label_smoothing=0.000
D step=5/50 epoch=1/3 loss=0.4879 l2=0.2000 label_smoothing=0.000
D step=5/50 epoch=2/3 loss=0.4577 l2=0.2000 label_smoothing=0.000
D step=5/50 epoch=3/3 loss=0.4197 l2=0.2000 label_smoothing=0.000
D step=6/50 epoch=1/3 loss=0.4291 l2=0.2000 label_smoothing=0.000
D step=6/50 epoch=2/3 loss=0.4118 l2=0.2000 label_smoothing=0.000
D step=6/50 epoch=3/3 loss=0.3646 l2=0.2000 label_smoothing=0.000
D step=7/50 epoch=1/3 loss=0.3746 l2=0.2000 label_smoothing=0.000
D step=7/50 epoch=2/3 loss=0.3273 l2=0.2000 label_smoothing=0.000
D step=7/50 epoch=3/3 loss=0.2938 l2=0.2000 label_smoothing=0.000
D step=8/50 epoch=1/3 loss=0.3367 l2=0.2000 label_smoothing=0.000
D step=8/50 epoch=2/3 loss=0.2988 l2=0.2000 label_smoothing=0.000
D step=8/50 epoch=3/3 loss=0.2747 l2=0.2000 label_smoothing=0.000
D step=9/50 epoch=1/3 loss=0.2711 l2=0.2000 label_smoothing=0.000
D step=9/50 epoch=2/3 loss=0.2424 l2=0.2000 label_smoothing=0.000
D step=9/50 epoch=3/3 loss=0.2208 l2=0.2000 label_smoothing=0.000
D step=10/50 epoch=1/3 loss=0.2571 l2=0.2000 label_smoothing=0.000
D step=10/50 epoch=2/3 loss=0.2319 l2=0.2000 label_smoothing=0.000
D step=10/50 epoch=3/3 loss=0.2136 l2=0.2000 label_smoothing=0.000
D step=11/50 epoch=1/3 loss=0.2574 l2=0.2000 label_smoothing=0.000
D step=11/50 epoch=2/3 loss=0.2329 l2=0.2000 label_smoothing=0.000
D step=11/50 epoch=3/3 loss=0.2072 l2=0.2000 label_smoothing=0.000
D step=12/50 epoch=1/3 loss=0.2147 l2=0.2000 label_smoothing=0.000
D step=12/50 epoch=2/3 loss=0.2050 l2=0.2000 label_smoothing=0.000
D step=12/50 epoch=3/3 loss=0.1765 l2=0.2000 label_smoothing=0.000
D step=13/50 epoch=1/3 loss=0.2909 l2=0.2000 label_smoothing=0.000
D step=13/50 epoch=2/3 loss=0.2521 l2=0.2000 label_smoothing=0.000
D step=13/50 epoch=3/3 loss=0.2357 l2=0.2000 label_smoothing=0.000
D step=14/50 epoch=1/3 loss=0.2073 l2=0.2000 label_smoothing=0.000
D step=14/50 epoch=2/3 loss=0.1926 l2=0.2000 label_smoothing=0.000
D step=14/50 epoch=3/3 loss=0.1644 l2=0.2000 label_smoothing=0.000
D step=15/50 epoch=1/3 loss=0.1863 l2=0.2000 label_smoothing=0.000
D step=15/50 epoch=2/3 loss=0.1789 l2=0.2000 label_smoothing=0.000
D step=15/50 epoch=3/3 loss=0.1554 l2=0.2000 label_smoothing=0.000
D step=16/50 epoch=1/3 loss=0.2292 l2=0.2000 label_smoothing=0.000
D step=16/50 epoch=2/3 loss=0.2054 l2=0.2000 label_smoothing=0.000
D step=16/50 epoch=3/3 loss=0.1761 l2=0.2000 label_smoothing=0.000
D step=17/50 epoch=1/3 loss=0.2166 l2=0.2000 label_smoothing=0.000
D step=17/50 epoch=2/3 loss=0.1874 l2=0.2000 label_smoothing=0.000
D step=17/50 epoch=3/3 loss=0.1542 l2=0.2000 label_smoothing=0.000
D step=18/50 epoch=1/3 loss=0.2683 l2=0.2000 label_smoothing=0.000
D step=18/50 epoch=2/3 loss=0.2109 l2=0.2000 label_smoothing=0.000
D step=18/50 epoch=3/3 loss=0.1794 l2=0.2000 label_smoothing=0.000
D step=19/50 epoch=1/3 loss=0.2347 l2=0.2000 label_smoothing=0.000
D step=19/50 epoch=2/3 loss=0.2168 l2=0.2000 label_smoothing=0.000
D step=19/50 epoch=3/3 loss=0.1761 l2=0.2000 label_smoothing=0.000
D step=20/50 epoch=1/3 loss=0.1341 l2=0.2000 label_smoothing=0.000
D step=20/50 epoch=2/3 loss=0.1181 l2=0.2000 label_smoothing=0.000
D step=20/50 epoch=3/3 loss=0.1017 l2=0.2000 label_smoothing=0.000
D step=21/50 epoch=1/3 loss=0.1884 l2=0.2000 label_smoothing=0.000
D step=21/50 epoch=2/3 loss=0.1693 l2=0.2000 label_smoothing=0.000
D step=21/50 epoch=3/3 loss=0.1493 l2=0.2000 label_smoothing=0.000
D step=22/50 epoch=1/3 loss=0.2196 l2=0.2000 label_smoothing=0.000
D step=22/50 epoch=2/3 loss=0.1718 l2=0.2000 label_smoothing=0.000
D step=22/50 epoch=3/3 loss=0.1424 l2=0.2000 label_smoothing=0.000
D step=23/50 epoch=1/3 loss=0.2380 l2=0.2000 label_smoothing=0.000
D step=23/50 epoch=2/3 loss=0.2062 l2=0.2000 label_smoothing=0.000
D step=23/50 epoch=3/3 loss=0.1663 l2=0.2000 label_smoothing=0.000
D step=24/50 epoch=1/3 loss=0.2574 l2=0.2000 label_smoothing=0.000
D step=24/50 epoch=2/3 loss=0.2276 l2=0.2000 label_smoothing=0.000
D step=24/50 epoch=3/3 loss=0.1940 l2=0.2000 label_smoothing=0.000
D step=25/50 epoch=1/3 loss=0.1439 l2=0.2000 label_smoothing=0.000
D step=25/50 epoch=2/3 loss=0.1350 l2=0.2000 label_smoothing=0.000
D step=25/50 epoch=3/3 loss=0.1210 l2=0.2000 label_smoothing=0.000
D step=26/50 epoch=1/3 loss=0.2229 l2=0.2000 label_smoothing=0.000
D step=26/50 epoch=2/3 loss=0.1919 l2=0.2000 label_smoothing=0.000
D step=26/50 epoch=3/3 loss=0.1527 l2=0.2000 label_smoothing=0.000
D step=27/50 epoch=1/3 loss=0.2380 l2=0.2000 label_smoothing=0.000
D step=27/50 epoch=2/3 loss=0.1929 l2=0.2000 label_smoothing=0.000
D step=27/50 epoch=3/3 loss=0.1686 l2=0.2000 label_smoothing=0.000
D step=28/50 epoch=1/3 loss=0.1827 l2=0.2000 label_smoothing=0.000
D step=28/50 epoch=2/3 loss=0.1605 l2=0.2000 label_smoothing=0.000
D step=28/50 epoch=3/3 loss=0.1498 l2=0.2000 label_smoothing=0.000
D step=29/50 epoch=1/3 loss=0.1922 l2=0.2000 label_smoothing=0.000
D step=29/50 epoch=2/3 loss=0.1716 l2=0.2000 label_smoothing=0.000
D step=29/50 epoch=3/3 loss=0.1461 l2=0.2000 label_smoothing=0.000
D step=30/50 epoch=1/3 loss=0.1604 l2=0.2000 label_smoothing=0.000
D step=30/50 epoch=2/3 loss=0.1480 l2=0.2000 label_smoothing=0.000
D step=30/50 epoch=3/3 loss=0.1309 l2=0.2000 label_smoothing=0.000
D step=31/50 epoch=1/3 loss=0.1363 l2=0.2000 label_smoothing=0.000
D step=31/50 epoch=2/3 loss=0.1148 l2=0.2000 label_smoothing=0.000
D step=31/50 epoch=3/3 loss=0.1088 l2=0.2000 label_smoothing=0.000
D step=32/50 epoch=1/3 loss=0.1942 l2=0.2000 label_smoothing=0.000
D step=32/50 epoch=2/3 loss=0.1682 l2=0.2000 label_smoothing=0.000
D step=32/50 epoch=3/3 loss=0.1478 l2=0.2000 label_smoothing=0.000
D step=33/50 epoch=1/3 loss=0.2113 l2=0.2000 label_smoothing=0.000
D step=33/50 epoch=2/3 loss=0.1743 l2=0.2000 label_smoothing=0.000
D step=33/50 epoch=3/3 loss=0.1506 l2=0.2000 label_smoothing=0.000
D step=34/50 epoch=1/3 loss=0.2104 l2=0.2000 label_smoothing=0.000
D step=34/50 epoch=2/3 loss=0.1818 l2=0.2000 label_smoothing=0.000
D step=34/50 epoch=3/3 loss=0.1490 l2=0.2000 label_smoothing=0.000
D step=35/50 epoch=1/3 loss=0.1489 l2=0.2000 label_smoothing=0.000
D step=35/50 epoch=2/3 loss=0.1440 l2=0.2000 label_smoothing=0.000
D step=35/50 epoch=3/3 loss=0.1316 l2=0.2000 label_smoothing=0.000
D step=36/50 epoch=1/3 loss=0.1534 l2=0.2000 label_smoothing=0.000
D step=36/50 epoch=2/3 loss=0.1471 l2=0.2000 label_smoothing=0.000
D step=36/50 epoch=3/3 loss=0.1234 l2=0.2000 label_smoothing=0.000
D step=37/50 epoch=1/3 loss=0.1661 l2=0.2000 label_smoothing=0.000
D step=37/50 epoch=2/3 loss=0.1488 l2=0.2000 label_smoothing=0.000
D step=37/50 epoch=3/3 loss=0.1261 l2=0.2000 label_smoothing=0.000
D step=38/50 epoch=1/3 loss=0.1699 l2=0.2000 label_smoothing=0.000
D step=38/50 epoch=2/3 loss=0.1621 l2=0.2000 label_smoothing=0.000
D step=38/50 epoch=3/3 loss=0.1340 l2=0.2000 label_smoothing=0.000
D step=39/50 epoch=1/3 loss=0.1478 l2=0.2000 label_smoothing=0.000
D step=39/50 epoch=2/3 loss=0.1374 l2=0.2000 label_smoothing=0.000
D step=39/50 epoch=3/3 loss=0.1200 l2=0.2000 label_smoothing=0.000
D step=40/50 epoch=1/3 loss=0.1952 l2=0.2000 label_smoothing=0.000
D step=40/50 epoch=2/3 loss=0.1585 l2=0.2000 label_smoothing=0.000
D step=40/50 epoch=3/3 loss=0.1511 l2=0.2000 label_smoothing=0.000
D step=41/50 epoch=1/3 loss=0.1693 l2=0.2000 label_smoothing=0.000
D step=41/50 epoch=2/3 loss=0.1446 l2=0.2000 label_smoothing=0.000
D step=41/50 epoch=3/3 loss=0.1385 l2=0.2000 label_smoothing=0.000
D step=42/50 epoch=1/3 loss=0.1677 l2=0.2000 label_smoothing=0.000
D step=42/50 epoch=2/3 loss=0.1406 l2=0.2000 label_smoothing=0.000
D step=42/50 epoch=3/3 loss=0.1050 l2=0.2000 label_smoothing=0.000
D step=43/50 epoch=1/3 loss=0.1960 l2=0.2000 label_smoothing=0.000
D step=43/50 epoch=2/3 loss=0.1878 l2=0.2000 label_smoothing=0.000
D step=43/50 epoch=3/3 loss=0.1653 l2=0.2000 label_smoothing=0.000
D step=44/50 epoch=1/3 loss=0.1615 l2=0.2000 label_smoothing=0.000
D step=44/50 epoch=2/3 loss=0.1401 l2=0.2000 label_smoothing=0.000
D step=44/50 epoch=3/3 loss=0.1194 l2=0.2000 label_smoothing=0.000
D step=45/50 epoch=1/3 loss=0.1974 l2=0.2000 label_smoothing=0.000
D step=45/50 epoch=2/3 loss=0.1749 l2=0.2000 label_smoothing=0.000
D step=45/50 epoch=3/3 loss=0.1273 l2=0.2000 label_smoothing=0.000
D step=46/50 epoch=1/3 loss=0.1296 l2=0.2000 label_smoothing=0.000
D step=46/50 epoch=2/3 loss=0.1253 l2=0.2000 label_smoothing=0.000
D step=46/50 epoch=3/3 loss=0.1083 l2=0.2000 label_smoothing=0.000
D step=47/50 epoch=1/3 loss=0.1133 l2=0.2000 label_smoothing=0.000
D step=47/50 epoch=2/3 loss=0.0966 l2=0.2000 label_smoothing=0.000
D step=47/50 epoch=3/3 loss=0.0888 l2=0.2000 label_smoothing=0.000
D step=48/50 epoch=1/3 loss=0.1938 l2=0.2000 label_smoothing=0.000
D step=48/50 epoch=2/3 loss=0.1552 l2=0.2000 label_smoothing=0.000
D step=48/50 epoch=3/3 loss=0.1405 l2=0.2000 label_smoothing=0.000
D step=49/50 epoch=1/3 loss=0.1279 l2=0.2000 label_smoothing=0.000
D step=49/50 epoch=2/3 loss=0.1067 l2=0.2000 label_smoothing=0.000
D step=49/50 epoch=3/3 loss=0.0925 l2=0.2000 label_smoothing=0.000
D step=50/50 epoch=1/3 loss=0.1282 l2=0.2000 label_smoothing=0.000
D step=50/50 epoch=2/3 loss=0.1081 l2=0.2000 label_smoothing=0.000
D step=50/50 epoch=3/3 loss=0.0938 l2=0.2000 label_smoothing=0.000

[3/3] adversarial
generator_reward_mode=off reward_alpha=1.000 d_steps=5 d_epochs=3
D step=1/5 epoch=1/3 loss=0.0856 l2=0.2000 label_smoothing=0.000
D step=1/5 epoch=2/3 loss=0.0548 l2=0.2000 label_smoothing=0.000
D step=1/5 epoch=3/3 loss=0.0588 l2=0.2000 label_smoothing=0.000
D step=2/5 epoch=1/3 loss=0.0803 l2=0.2000 label_smoothing=0.000
D step=2/5 epoch=2/3 loss=0.0538 l2=0.2000 label_smoothing=0.000
D step=2/5 epoch=3/3 loss=0.0486 l2=0.2000 label_smoothing=0.000
D step=3/5 epoch=1/3 loss=0.0573 l2=0.2000 label_smoothing=0.000
D step=3/5 epoch=2/3 loss=0.0453 l2=0.2000 label_smoothing=0.000
D step=3/5 epoch=3/3 loss=0.0387 l2=0.2000 label_smoothing=0.000
D step=4/5 epoch=1/3 loss=0.0399 l2=0.2000 label_smoothing=0.000
D step=4/5 epoch=2/3 loss=0.0370 l2=0.2000 label_smoothing=0.000
D step=4/5 epoch=3/3 loss=0.0359 l2=0.2000 label_smoothing=0.000
D step=5/5 epoch=1/3 loss=0.0406 l2=0.2000 label_smoothing=0.000
D step=5/5 epoch=2/3 loss=0.0358 l2=0.2000 label_smoothing=0.000
D step=5/5 epoch=3/3 loss=0.0333 l2=0.2000 label_smoothing=0.000
ADV epoch=1/200 g_loss=0.0394 d_loss=0.0497 reward=0.0868 reward_var=0.0311 unique=0.8800
D step=1/5 epoch=1/3 loss=0.0505 l2=0.2000 label_smoothing=0.000
D step=1/5 epoch=2/3 loss=0.0421 l2=0.2000 label_smoothing=0.000
D step=1/5 epoch=3/3 loss=0.0380 l2=0.2000 label_smoothing=0.000
D step=2/5 epoch=1/3 loss=0.0332 l2=0.2000 label_smoothing=0.000
D step=2/5 epoch=2/3 loss=0.0333 l2=0.2000 label_smoothing=0.000
D step=2/5 epoch=3/3 loss=0.0302 l2=0.2000 label_smoothing=0.000
D step=3/5 epoch=1/3 loss=0.0530 l2=0.2000 label_smoothing=0.000
D step=3/5 epoch=2/3 loss=0.0383 l2=0.2000 label_smoothing=0.000
D step=3/5 epoch=3/3 loss=0.0489 l2=0.2000 label_smoothing=0.000
D step=4/5 epoch=1/3 loss=0.0322 l2=0.2000 label_smoothing=0.000
D step=4/5 epoch=2/3 loss=0.0289 l2=0.2000 label_smoothing=0.000
D step=4/5 epoch=3/3 loss=0.0271 l2=0.2000 label_smoothing=0.000
D step=5/5 epoch=1/3 loss=0.0344 l2=0.2000 label_smoothing=0.000
D step=5/5 epoch=2/3 loss=0.0313 l2=0.2000 label_smoothing=0.000
D step=5/5 epoch=3/3 loss=0.0274 l2=0.2000 label_smoothing=0.000
ADV epoch=2/200 g_loss=0.0250 d_loss=0.0366 reward=0.0650 reward_var=0.0086 unique=0.9400
D step=1/5 epoch=1/3 loss=0.0380 l2=0.2000 label_smoothing=0.000
D step=1/5 epoch=2/3 loss=0.0351 l2=0.2000 label_smoothing=0.000
D step=1/5 epoch=3/3 loss=0.0259 l2=0.2000 label_smoothing=0.000
D step=2/5 epoch=1/3 loss=0.0258 l2=0.2000 label_smoothing=0.000
D step=2/5 epoch=2/3 loss=0.0243 l2=0.2000 label_smoothing=0.000
D step=2/5 epoch=3/3 loss=0.0238 l2=0.2000 label_smoothing=0.000
D step=3/5 epoch=1/3 loss=0.0572 l2=0.2000 label_smoothing=0.000
D step=3/5 epoch=2/3 loss=0.0438 l2=0.2000 label_smoothing=0.000
D step=3/5 epoch=3/3 loss=0.0298 l2=0.2000 label_smoothing=0.000
D step=4/5 epoch=1/3 loss=0.0534 l2=0.2000 label_smoothing=0.000
D step=4/5 epoch=2/3 loss=0.0358 l2=0.2000 label_smoothing=0.000
D step=4/5 epoch=3/3 loss=0.0382 l2=0.2000 label_smoothing=0.000
D step=5/5 epoch=1/3 loss=0.0478 l2=0.2000 label_smoothing=0.000
D step=5/5 epoch=2/3 loss=0.0422 l2=0.2000 label_smoothing=0.000
D step=5/5 epoch=3/3 loss=0.0333 l2=0.2000 label_smoothing=0.000
ADV epoch=3/200 g_loss=0.0185 d_loss=0.0370 reward=0.0280 reward_var=0.0031 unique=0.8600
D step=1/5 epoch=1/3 loss=0.0406 l2=0.2000 label_smoothing=0.000
D step=1/5 epoch=2/3 loss=0.0261 l2=0.2000 label_smoothing=0.000
D step=1/5 epoch=3/3 loss=0.0226 l2=0.2000 label_smoothing=0.000
D step=2/5 epoch=1/3 loss=0.0232 l2=0.2000 label_smoothing=0.000
D step=2/5 epoch=2/3 loss=0.0218 l2=0.2000 label_smoothing=0.000
D step=2/5 epoch=3/3 loss=0.0192 l2=0.2000 label_smoothing=0.000
D step=3/5 epoch=1/3 loss=0.0385 l2=0.2000 label_smoothing=0.000
D step=3/5 epoch=2/3 loss=0.0398 l2=0.2000 label_smoothing=0.000
D step=3/5 epoch=3/3 loss=0.0347 l2=0.2000 label_smoothing=0.000
D step=4/5 epoch=1/3 loss=0.0195 l2=0.2000 label_smoothing=0.000
D step=4/5 epoch=2/3 loss=0.0181 l2=0.2000 label_smoothing=0.000
D step=4/5 epoch=3/3 loss=0.0176 l2=0.2000 label_smoothing=0.000
D step=5/5 epoch=1/3 loss=0.0186 l2=0.2000 label_smoothing=0.000
D step=5/5 epoch=2/3 loss=0.0180 l2=0.2000 label_smoothing=0.000
D step=5/5 epoch=3/3 loss=0.0176 l2=0.2000 label_smoothing=0.000
ADV epoch=4/200 g_loss=0.0091 d_loss=0.0251 reward=0.0150 reward_var=0.0018 unique=0.9600
D step=1/5 epoch=1/3 loss=0.0186 l2=0.2000 label_smoothing=0.000
D step=1/5 epoch=2/3 loss=0.0168 l2=0.2000 label_smoothing=0.000
D step=1/5 epoch=3/3 loss=0.0154 l2=0.2000 label_smoothing=0.000
D step=2/5 epoch=1/3 loss=0.0509 l2=0.2000 label_smoothing=0.000
D step=2/5 epoch=2/3 loss=0.0337 l2=0.2000 label_smoothing=0.000
D step=2/5 epoch=3/3 loss=0.0257 l2=0.2000 label_smoothing=0.000
D step=3/5 epoch=1/3 loss=0.0773 l2=0.2000 label_smoothing=0.000
D step=3/5 epoch=2/3 loss=0.0518 l2=0.2000 label_smoothing=0.000
D step=3/5 epoch=3/3 loss=0.0315 l2=0.2000 label_smoothing=0.000
D step=4/5 epoch=1/3 loss=0.0313 l2=0.2000 label_smoothing=0.000
D step=4/5 epoch=2/3 loss=0.0316 l2=0.2000 label_smoothing=0.000
D step=4/5 epoch=3/3 loss=0.0248 l2=0.2000 label_smoothing=0.000
D step=5/5 epoch=1/3 loss=0.0416 l2=0.2000 label_smoothing=0.000
D step=5/5 epoch=2/3 loss=0.0285 l2=0.2000 label_smoothing=0.000
D step=5/5 epoch=3/3 loss=0.0327 l2=0.2000 label_smoothing=0.000
ADV epoch=5/200 g_loss=0.0064 d_loss=0.0341 reward=0.0139 reward_var=0.0031 unique=0.9800
saved 2000 raw samples to /content/drive/MyDrive/GAN_for_SQLi - 1/result/final/seqgan_master/time/D/R100/generated_payloads.csv
