
[1/3] pretrain G
G epoch=1/80 loss=4.5500
G epoch=2/80 loss=4.3909
G epoch=3/80 loss=4.2184
G epoch=4/80 loss=4.0086
G epoch=5/80 loss=3.7605
G epoch=6/80 loss=3.4732
G epoch=7/80 loss=3.2688
G epoch=8/80 loss=2.9480
G epoch=9/80 loss=2.8038
G epoch=10/80 loss=2.7294
G epoch=11/80 loss=2.6288
G epoch=12/80 loss=2.6294
G epoch=13/80 loss=2.6007
G epoch=14/80 loss=2.4653
G epoch=15/80 loss=2.4767
G epoch=16/80 loss=2.3929
G epoch=17/80 loss=2.3695
G epoch=18/80 loss=2.3682
G epoch=19/80 loss=2.3096
G epoch=20/80 loss=2.2711
G epoch=21/80 loss=2.2405
G epoch=22/80 loss=2.2051
G epoch=23/80 loss=2.1402
G epoch=24/80 loss=2.0473
G epoch=25/80 loss=2.0889
G epoch=26/80 loss=2.0367
G epoch=27/80 loss=2.0613
G epoch=28/80 loss=2.0454
G epoch=29/80 loss=1.9790
G epoch=30/80 loss=1.9205
G epoch=31/80 loss=1.9127
G epoch=32/80 loss=1.9103
G epoch=33/80 loss=1.8438
G epoch=34/80 loss=1.8563
G epoch=35/80 loss=1.8007
G epoch=36/80 loss=1.8116
G epoch=37/80 loss=1.7836
G epoch=38/80 loss=1.8384
G epoch=39/80 loss=1.7422
G epoch=40/80 loss=1.7246
G epoch=41/80 loss=1.7022
G epoch=42/80 loss=1.6957
G epoch=43/80 loss=1.7243
G epoch=44/80 loss=1.6474
G epoch=45/80 loss=1.6581
G epoch=46/80 loss=1.6783
G epoch=47/80 loss=1.6366
G epoch=48/80 loss=1.6219
G epoch=49/80 loss=1.5470
G epoch=50/80 loss=1.5497
G epoch=51/80 loss=1.5995
G epoch=52/80 loss=1.5597
G epoch=53/80 loss=1.5041
G epoch=54/80 loss=1.4966
G epoch=55/80 loss=1.4959
G epoch=56/80 loss=1.4790
G epoch=57/80 loss=1.4804
G epoch=58/80 loss=1.4634
G epoch=59/80 loss=1.4476
G epoch=60/80 loss=1.4225
G epoch=61/80 loss=1.4104
G epoch=62/80 loss=1.3628
G epoch=63/80 loss=1.3532
G epoch=64/80 loss=1.3740
G epoch=65/80 loss=1.3463
G epoch=66/80 loss=1.3573
G epoch=67/80 loss=1.3355
G epoch=68/80 loss=1.2866
G epoch=69/80 loss=1.2538
G epoch=70/80 loss=1.3038
G epoch=71/80 loss=1.2489
G epoch=72/80 loss=1.2110
G epoch=73/80 loss=1.2488
G epoch=74/80 loss=1.2161
G epoch=75/80 loss=1.1793
G epoch=76/80 loss=1.1814
G epoch=77/80 loss=1.1876
G epoch=78/80 loss=1.1846
G epoch=79/80 loss=1.1628
G epoch=80/80 loss=1.1232

[2/3] pretrain D
D step=1/30 epoch=1/3 loss=0.7792 l2=0.2000 label_smoothing=0.050
D step=1/30 epoch=2/3 loss=0.7529 l2=0.2000 label_smoothing=0.050
D step=1/30 epoch=3/3 loss=0.7319 l2=0.2000 label_smoothing=0.050
D step=2/30 epoch=1/3 loss=0.7458 l2=0.2000 label_smoothing=0.050
D step=2/30 epoch=2/3 loss=0.7326 l2=0.2000 label_smoothing=0.050
D step=2/30 epoch=3/3 loss=0.7268 l2=0.2000 label_smoothing=0.050
D step=3/30 epoch=1/3 loss=0.7217 l2=0.2000 label_smoothing=0.050
D step=3/30 epoch=2/3 loss=0.6927 l2=0.2000 label_smoothing=0.050
D step=3/30 epoch=3/3 loss=0.6756 l2=0.2000 label_smoothing=0.050
D step=4/30 epoch=1/3 loss=0.6498 l2=0.2000 label_smoothing=0.050
D step=4/30 epoch=2/3 loss=0.6553 l2=0.2000 label_smoothing=0.050
D step=4/30 epoch=3/3 loss=0.6317 l2=0.2000 label_smoothing=0.050
D step=5/30 epoch=1/3 loss=0.6515 l2=0.2000 label_smoothing=0.050
D step=5/30 epoch=2/3 loss=0.6490 l2=0.2000 label_smoothing=0.050
D step=5/30 epoch=3/3 loss=0.6324 l2=0.2000 label_smoothing=0.050
D step=6/30 epoch=1/3 loss=0.6018 l2=0.2000 label_smoothing=0.050
D step=6/30 epoch=2/3 loss=0.5993 l2=0.2000 label_smoothing=0.050
D step=6/30 epoch=3/3 loss=0.5982 l2=0.2000 label_smoothing=0.050
D step=7/30 epoch=1/3 loss=0.5722 l2=0.2000 label_smoothing=0.050
D step=7/30 epoch=2/3 loss=0.5680 l2=0.2000 label_smoothing=0.050
D step=7/30 epoch=3/3 loss=0.5680 l2=0.2000 label_smoothing=0.050
D step=8/30 epoch=1/3 loss=0.5222 l2=0.2000 label_smoothing=0.050
D step=8/30 epoch=2/3 loss=0.5211 l2=0.2000 label_smoothing=0.050
D step=8/30 epoch=3/3 loss=0.5154 l2=0.2000 label_smoothing=0.050
D step=9/30 epoch=1/3 loss=0.5059 l2=0.2000 label_smoothing=0.050
D step=9/30 epoch=2/3 loss=0.4904 l2=0.2000 label_smoothing=0.050
D step=9/30 epoch=3/3 loss=0.4641 l2=0.2000 label_smoothing=0.050
D step=10/30 epoch=1/3 loss=0.4934 l2=0.2000 label_smoothing=0.050
D step=10/30 epoch=2/3 loss=0.4646 l2=0.2000 label_smoothing=0.050
D step=10/30 epoch=3/3 loss=0.4456 l2=0.2000 label_smoothing=0.050
D step=11/30 epoch=1/3 loss=0.4335 l2=0.2000 label_smoothing=0.050
D step=11/30 epoch=2/3 loss=0.4274 l2=0.2000 label_smoothing=0.050
D step=11/30 epoch=3/3 loss=0.4105 l2=0.2000 label_smoothing=0.050
D step=12/30 epoch=1/3 loss=0.4071 l2=0.2000 label_smoothing=0.050
D step=12/30 epoch=2/3 loss=0.4002 l2=0.2000 label_smoothing=0.050
D step=12/30 epoch=3/3 loss=0.3861 l2=0.2000 label_smoothing=0.050
D step=13/30 epoch=1/3 loss=0.3511 l2=0.2000 label_smoothing=0.050
D step=13/30 epoch=2/3 loss=0.3525 l2=0.2000 label_smoothing=0.050
D step=13/30 epoch=3/3 loss=0.3385 l2=0.2000 label_smoothing=0.050
D step=14/30 epoch=1/3 loss=0.3588 l2=0.2000 label_smoothing=0.050
D step=14/30 epoch=2/3 loss=0.3482 l2=0.2000 label_smoothing=0.050
D step=14/30 epoch=3/3 loss=0.3306 l2=0.2000 label_smoothing=0.050
D step=15/30 epoch=1/3 loss=0.3208 l2=0.2000 label_smoothing=0.050
D step=15/30 epoch=2/3 loss=0.3095 l2=0.2000 label_smoothing=0.050
D step=15/30 epoch=3/3 loss=0.3098 l2=0.2000 label_smoothing=0.050
D step=16/30 epoch=1/3 loss=0.3010 l2=0.2000 label_smoothing=0.050
D step=16/30 epoch=2/3 loss=0.2934 l2=0.2000 label_smoothing=0.050
D step=16/30 epoch=3/3 loss=0.2873 l2=0.2000 label_smoothing=0.050
D step=17/30 epoch=1/3 loss=0.2874 l2=0.2000 label_smoothing=0.050
D step=17/30 epoch=2/3 loss=0.2826 l2=0.2000 label_smoothing=0.050
D step=17/30 epoch=3/3 loss=0.2725 l2=0.2000 label_smoothing=0.050
D step=18/30 epoch=1/3 loss=0.2599 l2=0.2000 label_smoothing=0.050
D step=18/30 epoch=2/3 loss=0.2569 l2=0.2000 label_smoothing=0.050
D step=18/30 epoch=3/3 loss=0.2503 l2=0.2000 label_smoothing=0.050
D step=19/30 epoch=1/3 loss=0.2413 l2=0.2000 label_smoothing=0.050
D step=19/30 epoch=2/3 loss=0.2338 l2=0.2000 label_smoothing=0.050
D step=19/30 epoch=3/3 loss=0.2294 l2=0.2000 label_smoothing=0.050
D step=20/30 epoch=1/3 loss=0.2330 l2=0.2000 label_smoothing=0.050
D step=20/30 epoch=2/3 loss=0.2251 l2=0.2000 label_smoothing=0.050
D step=20/30 epoch=3/3 loss=0.2296 l2=0.2000 label_smoothing=0.050
D step=21/30 epoch=1/3 loss=0.2264 l2=0.2000 label_smoothing=0.050
D step=21/30 epoch=2/3 loss=0.2229 l2=0.2000 label_smoothing=0.050
D step=21/30 epoch=3/3 loss=0.2205 l2=0.2000 label_smoothing=0.050
D step=22/30 epoch=1/3 loss=0.2285 l2=0.2000 label_smoothing=0.050
D step=22/30 epoch=2/3 loss=0.2236 l2=0.2000 label_smoothing=0.050
D step=22/30 epoch=3/3 loss=0.2240 l2=0.2000 label_smoothing=0.050
D step=23/30 epoch=1/3 loss=0.2199 l2=0.2000 label_smoothing=0.050
D step=23/30 epoch=2/3 loss=0.2205 l2=0.2000 label_smoothing=0.050
D step=23/30 epoch=3/3 loss=0.2123 l2=0.2000 label_smoothing=0.050
D step=24/30 epoch=1/3 loss=0.2045 l2=0.2000 label_smoothing=0.050
D step=24/30 epoch=2/3 loss=0.2026 l2=0.2000 label_smoothing=0.050
D step=24/30 epoch=3/3 loss=0.2013 l2=0.2000 label_smoothing=0.050
D step=25/30 epoch=1/3 loss=0.2072 l2=0.2000 label_smoothing=0.050
D step=25/30 epoch=2/3 loss=0.2131 l2=0.2000 label_smoothing=0.050
D step=25/30 epoch=3/3 loss=0.2041 l2=0.2000 label_smoothing=0.050
D step=26/30 epoch=1/3 loss=0.2024 l2=0.2000 label_smoothing=0.050
D step=26/30 epoch=2/3 loss=0.1992 l2=0.2000 label_smoothing=0.050
D step=26/30 epoch=3/3 loss=0.2003 l2=0.2000 label_smoothing=0.050
D step=27/30 epoch=1/3 loss=0.2113 l2=0.2000 label_smoothing=0.050
D step=27/30 epoch=2/3 loss=0.2080 l2=0.2000 label_smoothing=0.050
D step=27/30 epoch=3/3 loss=0.2100 l2=0.2000 label_smoothing=0.050
D step=28/30 epoch=1/3 loss=0.2000 l2=0.2000 label_smoothing=0.050
D step=28/30 epoch=2/3 loss=0.1979 l2=0.2000 label_smoothing=0.050
D step=28/30 epoch=3/3 loss=0.1949 l2=0.2000 label_smoothing=0.050
D step=29/30 epoch=1/3 loss=0.1941 l2=0.2000 label_smoothing=0.050
D step=29/30 epoch=2/3 loss=0.1951 l2=0.2000 label_smoothing=0.050
D step=29/30 epoch=3/3 loss=0.1925 l2=0.2000 label_smoothing=0.050
D step=30/30 epoch=1/3 loss=0.1923 l2=0.2000 label_smoothing=0.050
D step=30/30 epoch=2/3 loss=0.1934 l2=0.2000 label_smoothing=0.050
D step=30/30 epoch=3/3 loss=0.1909 l2=0.2000 label_smoothing=0.050

[3/3] adversarial
generator_reward_mode=on reward_alpha=0.700 d_steps=5 d_epochs=3
D step=1/5 epoch=1/3 loss=0.1997 l2=0.2000 label_smoothing=0.050
D step=1/5 epoch=2/3 loss=0.1948 l2=0.2000 label_smoothing=0.050
D step=1/5 epoch=3/3 loss=0.1913 l2=0.2000 label_smoothing=0.050
D step=2/5 epoch=1/3 loss=0.1968 l2=0.2000 label_smoothing=0.050
D step=2/5 epoch=2/3 loss=0.1949 l2=0.2000 label_smoothing=0.050
D step=2/5 epoch=3/3 loss=0.1917 l2=0.2000 label_smoothing=0.050
D step=3/5 epoch=1/3 loss=0.1917 l2=0.2000 label_smoothing=0.050
D step=3/5 epoch=2/3 loss=0.1913 l2=0.2000 label_smoothing=0.050
D step=3/5 epoch=3/3 loss=0.1875 l2=0.2000 label_smoothing=0.050
D step=4/5 epoch=1/3 loss=0.1975 l2=0.2000 label_smoothing=0.050
D step=4/5 epoch=2/3 loss=0.1939 l2=0.2000 label_smoothing=0.050
D step=4/5 epoch=3/3 loss=0.1898 l2=0.2000 label_smoothing=0.050
D step=5/5 epoch=1/3 loss=0.1861 l2=0.2000 label_smoothing=0.050
D step=5/5 epoch=2/3 loss=0.1848 l2=0.2000 label_smoothing=0.050
D step=5/5 epoch=3/3 loss=0.1836 l2=0.2000 label_smoothing=0.050
ADV epoch=1/60 g_loss=0.1181 d_loss=0.1917 reward=0.0834 reward_var=0.0022 unique=1.0000
D step=1/5 epoch=1/3 loss=0.1929 l2=0.2000 label_smoothing=0.050
D step=1/5 epoch=2/3 loss=0.1897 l2=0.2000 label_smoothing=0.050
D step=1/5 epoch=3/3 loss=0.1829 l2=0.2000 label_smoothing=0.050
D step=2/5 epoch=1/3 loss=0.2068 l2=0.2000 label_smoothing=0.050
D step=2/5 epoch=2/3 loss=0.1926 l2=0.2000 label_smoothing=0.050
D step=2/5 epoch=3/3 loss=0.1956 l2=0.2000 label_smoothing=0.050
D step=3/5 epoch=1/3 loss=0.1897 l2=0.2000 label_smoothing=0.050
D step=3/5 epoch=2/3 loss=0.1845 l2=0.2000 label_smoothing=0.050
D step=3/5 epoch=3/3 loss=0.1830 l2=0.2000 label_smoothing=0.050
D step=4/5 epoch=1/3 loss=0.1927 l2=0.2000 label_smoothing=0.050
D step=4/5 epoch=2/3 loss=0.1855 l2=0.2000 label_smoothing=0.050
D step=4/5 epoch=3/3 loss=0.1811 l2=0.2000 label_smoothing=0.050
D step=5/5 epoch=1/3 loss=0.1812 l2=0.2000 label_smoothing=0.050
D step=5/5 epoch=2/3 loss=0.1816 l2=0.2000 label_smoothing=0.050
D step=5/5 epoch=3/3 loss=0.1788 l2=0.2000 label_smoothing=0.050
ADV epoch=2/60 g_loss=0.0968 d_loss=0.1879 reward=0.0814 reward_var=0.0012 unique=1.0000
D step=1/5 epoch=1/3 loss=0.1957 l2=0.2000 label_smoothing=0.050
D step=1/5 epoch=2/3 loss=0.1877 l2=0.2000 label_smoothing=0.050
D step=1/5 epoch=3/3 loss=0.1848 l2=0.2000 label_smoothing=0.050
D step=2/5 epoch=1/3 loss=0.1778 l2=0.2000 label_smoothing=0.050
D step=2/5 epoch=2/3 loss=0.1785 l2=0.2000 label_smoothing=0.050
D step=2/5 epoch=3/3 loss=0.1789 l2=0.2000 label_smoothing=0.050
D step=3/5 epoch=1/3 loss=0.1836 l2=0.2000 label_smoothing=0.050
D step=3/5 epoch=2/3 loss=0.1810 l2=0.2000 label_smoothing=0.050
D step=3/5 epoch=3/3 loss=0.1762 l2=0.2000 label_smoothing=0.050
D step=4/5 epoch=1/3 loss=0.1722 l2=0.2000 label_smoothing=0.050
D step=4/5 epoch=2/3 loss=0.1743 l2=0.2000 label_smoothing=0.050
D step=4/5 epoch=3/3 loss=0.1722 l2=0.2000 label_smoothing=0.050
D step=5/5 epoch=1/3 loss=0.1734 l2=0.2000 label_smoothing=0.050
D step=5/5 epoch=2/3 loss=0.1727 l2=0.2000 label_smoothing=0.050
D step=5/5 epoch=3/3 loss=0.1705 l2=0.2000 label_smoothing=0.050
ADV epoch=3/60 g_loss=0.0975 d_loss=0.1786 reward=0.0745 reward_var=0.0017 unique=1.0000
saved 500 raw samples to /content/drive/MyDrive/GAN/GAN_SQLi_Colab/results_seqgan_phase2b_phase3/phase3/seqgan_improved/time/D/R200/V7/generated_payloads.csv
