{
  "metric_schema_version": "quality-metrics-v3",
  "normalization_version": "nfkc_html_percent1_casefold_ws_quotes_v1",
  "seed": 88,
  "method": "seqgan_master",
  "family": "union",
  "scenario": "D",
  "ratio": "50",
  "generation_kind": "direct",
  "schema_valid": true,
  "stop_reason": "n/a",
  "n_generated": 200,
  "unique_rate": 0.98,
  "normalized_unique_rate": 0.96,
  "duplicate_rate": 0.020000000000000018,
  "model_collapse_rate": 0.020000000000000018,
  "dominant_payload_share": 0.015,
  "normalized_dominant_payload_share": 0.02,
  "sql_parse_rate": 0.995,
  "sql_structure_rate": 0.01,
  "family_motif_coverage": 0.0,
  "family_motif_hit_rate": 0.0,
  "garbage_rate": 0.99,
  "wellformed_rate": 0.995,
  "shaped_rate": 0.01,
  "family_motif_coverage_by_family": {
    "union": 0.0
  },
  "family_motif_hit_rate_by_family": {
    "union": 0.0
  },
  "inferred_family_distribution": {
    "boolean": 0.0,
    "union": 0.0,
    "time": 0.0,
    "error": 0.0,
    "other": 1.0
  },
  "train_reference_count": 312,
  "holdout_reference_count": 419,
  "exact_input_overlap": 0.0,
  "normalized_input_overlap": 0.0,
  "holdout_overlap": 0.0,
  "normalized_holdout_overlap": 0.0,
  "nearest_input_similarity_mean": 0.05443557028796761,
  "nearest_input_similarity_median": 0.03774928774928775,
  "nearest_input_similarity_p90": 0.10362976406533575,
  "nearest_char3_jaccard_mean": 0.05443557028796761,
  "nearest_char3_jaccard_median": 0.03774928774928775,
  "nearest_char3_jaccard_p90": 0.10362976406533575,
  "nearest_token_jaccard_mean": 0.12109821426423593,
  "nearest_token_jaccard_median": 0.1,
  "nearest_token_jaccard_p90": 0.2222222222222222,
  "nearest_edit_similarity_mean": 0.07766850045019306,
  "nearest_edit_similarity_median": 0.07352941176470584,
  "nearest_edit_similarity_p90": 0.12522727272727271,
  "nearest_feature_cosine_mean": 0.587011844804628,
  "nearest_feature_cosine_median": 0.7489454492231689,
  "nearest_feature_cosine_p90": 0.9057932181057873,
  "nearest_input_distance_mean": 0.9455644297120324,
  "nearest_input_distance_median": 0.9622507122507122,
  "nearest_input_distance_p90": 0.9802456140350877,
  "mean_nearest_similarity": 0.05443557028796761,
  "median_nearest_similarity": 0.03774928774928775,
  "p90_nearest_similarity": 0.10362976406533575,
  "unique_nearest_payload_rate": 0.405,
  "dominant_retrieved_payload_share": 0.095,
  "nearest_reference_count": 312,
  "distinct_1": 0.3113207547169811,
  "distinct_2": 0.819634703196347,
  "distinct_3": 0.9603174603174603,
  "lexical_diversity": 0.3113207547169811,
  "character_diversity": 0.826126108302222,
  "token_diversity": 0.6902894078900047,
  "keyword_diversity": 0.0,
  "operator_diversity": 0.48022194923638883,
  "function_diversity": 0.0,
  "comment_style_diversity": 0.3333333333333333,
  "length_zone_diversity": 0.2,
  "self_bleu": 0.3267254790686779,
  "self_bleu_char": 0.3267254790686779,
  "requested_count": 200,
  "generated_count_fraction": 1.0
}
