{
  "metric_schema_version": "quality-metrics-v3",
  "normalization_version": "nfkc_html_percent1_casefold_ws_quotes_v1",
  "seed": 88,
  "method": "seqgan_master",
  "family": "time",
  "scenario": "D",
  "ratio": "200",
  "generation_kind": "direct",
  "schema_valid": true,
  "stop_reason": "n/a",
  "n_generated": 2000,
  "unique_rate": 0.5645,
  "normalized_unique_rate": 0.475,
  "duplicate_rate": 0.4355,
  "model_collapse_rate": 0.4355,
  "dominant_payload_share": 0.1155,
  "normalized_dominant_payload_share": 0.1355,
  "sql_parse_rate": 0.9985,
  "sql_structure_rate": 0.0625,
  "family_motif_coverage": 0.0,
  "family_motif_hit_rate": 0.0,
  "garbage_rate": 0.9375,
  "wellformed_rate": 0.9985,
  "shaped_rate": 0.0625,
  "family_motif_coverage_by_family": {
    "time": 0.0
  },
  "family_motif_hit_rate_by_family": {
    "time": 0.0
  },
  "inferred_family_distribution": {
    "boolean": 0.005,
    "union": 0.0,
    "time": 0.0,
    "error": 0.0,
    "other": 0.995
  },
  "train_reference_count": 78,
  "holdout_reference_count": 296,
  "exact_input_overlap": 0.0,
  "normalized_input_overlap": 0.0,
  "holdout_overlap": 0.0,
  "normalized_holdout_overlap": 0.0,
  "nearest_input_similarity_mean": 0.043019682986092454,
  "nearest_input_similarity_median": 0.030303030303030304,
  "nearest_input_similarity_p90": 0.10526315789473684,
  "nearest_char3_jaccard_mean": 0.043019682986092454,
  "nearest_char3_jaccard_median": 0.030303030303030304,
  "nearest_char3_jaccard_p90": 0.10526315789473684,
  "nearest_token_jaccard_mean": 0.12036250852905264,
  "nearest_token_jaccard_median": 0.1,
  "nearest_token_jaccard_p90": 0.2727272727272727,
  "nearest_edit_similarity_mean": 0.08744967358037552,
  "nearest_edit_similarity_median": 0.08163265306122447,
  "nearest_edit_similarity_p90": 0.16666666666666663,
  "nearest_feature_cosine_mean": 0.5993375355864247,
  "nearest_feature_cosine_median": 0.7330318638120689,
  "nearest_feature_cosine_p90": 0.896835531827536,
  "nearest_input_distance_mean": 0.9569803170139075,
  "nearest_input_distance_median": 0.9696969696969697,
  "nearest_input_distance_p90": 1.0,
  "mean_nearest_similarity": 0.043019682986092454,
  "median_nearest_similarity": 0.030303030303030304,
  "p90_nearest_similarity": 0.10526315789473684,
  "unique_nearest_payload_rate": 0.029,
  "dominant_retrieved_payload_share": 0.297,
  "nearest_reference_count": 78,
  "distinct_1": 0.10642201834862386,
  "distinct_2": 0.3730267673301304,
  "distinct_3": 0.6878228782287823,
  "lexical_diversity": 0.10642201834862386,
  "character_diversity": 0.7176876240881533,
  "token_diversity": 0.5082725349547599,
  "keyword_diversity": 0.8515762612866983,
  "operator_diversity": 0.45086382268319036,
  "function_diversity": 0.9227964266531968,
  "comment_style_diversity": 0.0,
  "length_zone_diversity": 0.2,
  "self_bleu": 0.5077696013015343,
  "self_bleu_char": 0.5077696013015343,
  "requested_count": 2000,
  "generated_count_fraction": 1.0
}
