
[1/3] pretrain G
G epoch=1/60 loss=1.8853
G epoch=2/60 loss=1.0939
G epoch=3/60 loss=0.9271
G epoch=4/60 loss=0.8499
G epoch=5/60 loss=0.8061
G epoch=6/60 loss=0.7801
G epoch=7/60 loss=0.7521
G epoch=8/60 loss=0.7371
G epoch=9/60 loss=0.7252
G epoch=10/60 loss=0.7175
G epoch=11/60 loss=0.7096
G epoch=12/60 loss=0.7036
G epoch=13/60 loss=0.7002
G epoch=14/60 loss=0.6936
G epoch=15/60 loss=0.6893
G epoch=16/60 loss=0.6904
G epoch=17/60 loss=0.6853
G epoch=18/60 loss=0.6783
G epoch=19/60 loss=0.6770
G epoch=20/60 loss=0.6768
G epoch=21/60 loss=0.6716
G epoch=22/60 loss=0.6697
G epoch=23/60 loss=0.6658
G epoch=24/60 loss=0.6617
G epoch=25/60 loss=0.6625
G epoch=26/60 loss=0.6976
G epoch=27/60 loss=0.6694
G epoch=28/60 loss=0.6637
G epoch=29/60 loss=0.6584
G epoch=30/60 loss=0.6600
G epoch=31/60 loss=0.6587
G epoch=32/60 loss=0.6557
G epoch=33/60 loss=0.6586
G epoch=34/60 loss=0.6525
G epoch=35/60 loss=0.6549
G epoch=36/60 loss=0.6553
G epoch=37/60 loss=0.6519
G epoch=38/60 loss=0.6472
G epoch=39/60 loss=0.6534
G epoch=40/60 loss=0.6463
G epoch=41/60 loss=0.6435
G epoch=42/60 loss=0.6460
G epoch=43/60 loss=0.6458
G epoch=44/60 loss=0.6468
G epoch=45/60 loss=0.6453
G epoch=46/60 loss=0.6551
G epoch=47/60 loss=0.6481
G epoch=48/60 loss=0.6454
G epoch=49/60 loss=0.6458
G epoch=50/60 loss=0.6492
G epoch=51/60 loss=0.6440
G epoch=52/60 loss=0.6437
G epoch=53/60 loss=0.6394
G epoch=54/60 loss=0.6484
G epoch=55/60 loss=0.6427
G epoch=56/60 loss=0.6413
G epoch=57/60 loss=0.6390
G epoch=58/60 loss=0.6369
G epoch=59/60 loss=0.6509
G epoch=60/60 loss=0.6438

[2/3] pretrain D
D step=1/30 epoch=1/3 loss=0.7518 l2=0.2000 label_smoothing=0.000
D step=1/30 epoch=2/3 loss=0.7001 l2=0.2000 label_smoothing=0.000
D step=1/30 epoch=3/3 loss=0.6726 l2=0.2000 label_smoothing=0.000
D step=2/30 epoch=1/3 loss=0.6636 l2=0.2000 label_smoothing=0.000
D step=2/30 epoch=2/3 loss=0.6364 l2=0.2000 label_smoothing=0.000
D step=2/30 epoch=3/3 loss=0.6137 l2=0.2000 label_smoothing=0.000
D step=3/30 epoch=1/3 loss=0.6129 l2=0.2000 label_smoothing=0.000
D step=3/30 epoch=2/3 loss=0.5872 l2=0.2000 label_smoothing=0.000
D step=3/30 epoch=3/3 loss=0.5643 l2=0.2000 label_smoothing=0.000
D step=4/30 epoch=1/3 loss=0.5632 l2=0.2000 label_smoothing=0.000
D step=4/30 epoch=2/3 loss=0.5329 l2=0.2000 label_smoothing=0.000
D step=4/30 epoch=3/3 loss=0.5086 l2=0.2000 label_smoothing=0.000
D step=5/30 epoch=1/3 loss=0.5351 l2=0.2000 label_smoothing=0.000
D step=5/30 epoch=2/3 loss=0.5045 l2=0.2000 label_smoothing=0.000
D step=5/30 epoch=3/3 loss=0.4815 l2=0.2000 label_smoothing=0.000
D step=6/30 epoch=1/3 loss=0.4972 l2=0.2000 label_smoothing=0.000
D step=6/30 epoch=2/3 loss=0.4657 l2=0.2000 label_smoothing=0.000
D step=6/30 epoch=3/3 loss=0.4436 l2=0.2000 label_smoothing=0.000
D step=7/30 epoch=1/3 loss=0.4845 l2=0.2000 label_smoothing=0.000
D step=7/30 epoch=2/3 loss=0.4523 l2=0.2000 label_smoothing=0.000
D step=7/30 epoch=3/3 loss=0.4299 l2=0.2000 label_smoothing=0.000
D step=8/30 epoch=1/3 loss=0.4657 l2=0.2000 label_smoothing=0.000
D step=8/30 epoch=2/3 loss=0.4329 l2=0.2000 label_smoothing=0.000
D step=8/30 epoch=3/3 loss=0.4119 l2=0.2000 label_smoothing=0.000
D step=9/30 epoch=1/3 loss=0.4546 l2=0.2000 label_smoothing=0.000
D step=9/30 epoch=2/3 loss=0.4209 l2=0.2000 label_smoothing=0.000
D step=9/30 epoch=3/3 loss=0.4014 l2=0.2000 label_smoothing=0.000
D step=10/30 epoch=1/3 loss=0.4435 l2=0.2000 label_smoothing=0.000
D step=10/30 epoch=2/3 loss=0.4072 l2=0.2000 label_smoothing=0.000
D step=10/30 epoch=3/3 loss=0.3876 l2=0.2000 label_smoothing=0.000
D step=11/30 epoch=1/3 loss=0.4352 l2=0.2000 label_smoothing=0.000
D step=11/30 epoch=2/3 loss=0.3958 l2=0.2000 label_smoothing=0.000
D step=11/30 epoch=3/3 loss=0.3774 l2=0.2000 label_smoothing=0.000
D step=12/30 epoch=1/3 loss=0.4177 l2=0.2000 label_smoothing=0.000
D step=12/30 epoch=2/3 loss=0.3808 l2=0.2000 label_smoothing=0.000
D step=12/30 epoch=3/3 loss=0.3633 l2=0.2000 label_smoothing=0.000
D step=13/30 epoch=1/3 loss=0.4111 l2=0.2000 label_smoothing=0.000
D step=13/30 epoch=2/3 loss=0.3728 l2=0.2000 label_smoothing=0.000
D step=13/30 epoch=3/3 loss=0.3583 l2=0.2000 label_smoothing=0.000
D step=14/30 epoch=1/3 loss=0.4047 l2=0.2000 label_smoothing=0.000
D step=14/30 epoch=2/3 loss=0.3693 l2=0.2000 label_smoothing=0.000
D step=14/30 epoch=3/3 loss=0.3487 l2=0.2000 label_smoothing=0.000
D step=15/30 epoch=1/3 loss=0.3885 l2=0.2000 label_smoothing=0.000
D step=15/30 epoch=2/3 loss=0.3527 l2=0.2000 label_smoothing=0.000
D step=15/30 epoch=3/3 loss=0.3389 l2=0.2000 label_smoothing=0.000
D step=16/30 epoch=1/3 loss=0.3894 l2=0.2000 label_smoothing=0.000
D step=16/30 epoch=2/3 loss=0.3542 l2=0.2000 label_smoothing=0.000
D step=16/30 epoch=3/3 loss=0.3414 l2=0.2000 label_smoothing=0.000
D step=17/30 epoch=1/3 loss=0.3798 l2=0.2000 label_smoothing=0.000
D step=17/30 epoch=2/3 loss=0.3407 l2=0.2000 label_smoothing=0.000
D step=17/30 epoch=3/3 loss=0.3252 l2=0.2000 label_smoothing=0.000
D step=18/30 epoch=1/3 loss=0.3757 l2=0.2000 label_smoothing=0.000
D step=18/30 epoch=2/3 loss=0.3472 l2=0.2000 label_smoothing=0.000
D step=18/30 epoch=3/3 loss=0.3340 l2=0.2000 label_smoothing=0.000
D step=19/30 epoch=1/3 loss=0.3704 l2=0.2000 label_smoothing=0.000
D step=19/30 epoch=2/3 loss=0.3384 l2=0.2000 label_smoothing=0.000
D step=19/30 epoch=3/3 loss=0.3250 l2=0.2000 label_smoothing=0.000
D step=20/30 epoch=1/3 loss=0.3625 l2=0.2000 label_smoothing=0.000
D step=20/30 epoch=2/3 loss=0.3274 l2=0.2000 label_smoothing=0.000
D step=20/30 epoch=3/3 loss=0.3148 l2=0.2000 label_smoothing=0.000
D step=21/30 epoch=1/3 loss=0.3685 l2=0.2000 label_smoothing=0.000
D step=21/30 epoch=2/3 loss=0.3349 l2=0.2000 label_smoothing=0.000
D step=21/30 epoch=3/3 loss=0.3162 l2=0.2000 label_smoothing=0.000
D step=22/30 epoch=1/3 loss=0.3598 l2=0.2000 label_smoothing=0.000
D step=22/30 epoch=2/3 loss=0.3222 l2=0.2000 label_smoothing=0.000
D step=22/30 epoch=3/3 loss=0.3152 l2=0.2000 label_smoothing=0.000
D step=23/30 epoch=1/3 loss=0.3587 l2=0.2000 label_smoothing=0.000
D step=23/30 epoch=2/3 loss=0.3196 l2=0.2000 label_smoothing=0.000
D step=23/30 epoch=3/3 loss=0.3027 l2=0.2000 label_smoothing=0.000
D step=24/30 epoch=1/3 loss=0.3553 l2=0.2000 label_smoothing=0.000
D step=24/30 epoch=2/3 loss=0.3205 l2=0.2000 label_smoothing=0.000
D step=24/30 epoch=3/3 loss=0.3131 l2=0.2000 label_smoothing=0.000
D step=25/30 epoch=1/3 loss=0.3560 l2=0.2000 label_smoothing=0.000
D step=25/30 epoch=2/3 loss=0.3214 l2=0.2000 label_smoothing=0.000
D step=25/30 epoch=3/3 loss=0.3099 l2=0.2000 label_smoothing=0.000
D step=26/30 epoch=1/3 loss=0.3468 l2=0.2000 label_smoothing=0.000
D step=26/30 epoch=2/3 loss=0.3157 l2=0.2000 label_smoothing=0.000
D step=26/30 epoch=3/3 loss=0.3043 l2=0.2000 label_smoothing=0.000
D step=27/30 epoch=1/3 loss=0.3386 l2=0.2000 label_smoothing=0.000
D step=27/30 epoch=2/3 loss=0.3062 l2=0.2000 label_smoothing=0.000
D step=27/30 epoch=3/3 loss=0.2981 l2=0.2000 label_smoothing=0.000
D step=28/30 epoch=1/3 loss=0.3404 l2=0.2000 label_smoothing=0.000
D step=28/30 epoch=2/3 loss=0.3123 l2=0.2000 label_smoothing=0.000
D step=28/30 epoch=3/3 loss=0.3032 l2=0.2000 label_smoothing=0.000
D step=29/30 epoch=1/3 loss=0.3366 l2=0.2000 label_smoothing=0.000
D step=29/30 epoch=2/3 loss=0.3015 l2=0.2000 label_smoothing=0.000
D step=29/30 epoch=3/3 loss=0.2914 l2=0.2000 label_smoothing=0.000
D step=30/30 epoch=1/3 loss=0.3368 l2=0.2000 label_smoothing=0.000
D step=30/30 epoch=2/3 loss=0.3116 l2=0.2000 label_smoothing=0.000
D step=30/30 epoch=3/3 loss=0.3061 l2=0.2000 label_smoothing=0.000

[3/3] adversarial
generator_reward_mode=off reward_alpha=1.000 d_steps=5 d_epochs=3
D step=1/5 epoch=1/3 loss=0.3368 l2=0.2000 label_smoothing=0.000
D step=1/5 epoch=2/3 loss=0.3057 l2=0.2000 label_smoothing=0.000
D step=1/5 epoch=3/3 loss=0.2942 l2=0.2000 label_smoothing=0.000
D step=2/5 epoch=1/3 loss=0.3337 l2=0.2000 label_smoothing=0.000
D step=2/5 epoch=2/3 loss=0.3028 l2=0.2000 label_smoothing=0.000
D step=2/5 epoch=3/3 loss=0.2960 l2=0.2000 label_smoothing=0.000
D step=3/5 epoch=1/3 loss=0.3302 l2=0.2000 label_smoothing=0.000
D step=3/5 epoch=2/3 loss=0.2999 l2=0.2000 label_smoothing=0.000
D step=3/5 epoch=3/3 loss=0.2910 l2=0.2000 label_smoothing=0.000
D step=4/5 epoch=1/3 loss=0.3209 l2=0.2000 label_smoothing=0.000
D step=4/5 epoch=2/3 loss=0.2919 l2=0.2000 label_smoothing=0.000
D step=4/5 epoch=3/3 loss=0.2827 l2=0.2000 label_smoothing=0.000
D step=5/5 epoch=1/3 loss=0.3264 l2=0.2000 label_smoothing=0.000
D step=5/5 epoch=2/3 loss=0.3040 l2=0.2000 label_smoothing=0.000
D step=5/5 epoch=3/3 loss=0.2968 l2=0.2000 label_smoothing=0.000
ADV epoch=1/60 g_loss=0.0622 d_loss=0.3075 reward=0.1450 reward_var=0.0284 unique=0.8400
D step=1/5 epoch=1/3 loss=0.3456 l2=0.2000 label_smoothing=0.000
D step=1/5 epoch=2/3 loss=0.3159 l2=0.2000 label_smoothing=0.000
D step=1/5 epoch=3/3 loss=0.3055 l2=0.2000 label_smoothing=0.000
D step=2/5 epoch=1/3 loss=0.3446 l2=0.2000 label_smoothing=0.000
D step=2/5 epoch=2/3 loss=0.3146 l2=0.2000 label_smoothing=0.000
D step=2/5 epoch=3/3 loss=0.3064 l2=0.2000 label_smoothing=0.000
D step=3/5 epoch=1/3 loss=0.3387 l2=0.2000 label_smoothing=0.000
D step=3/5 epoch=2/3 loss=0.3093 l2=0.2000 label_smoothing=0.000
D step=3/5 epoch=3/3 loss=0.2998 l2=0.2000 label_smoothing=0.000
D step=4/5 epoch=1/3 loss=0.3390 l2=0.2000 label_smoothing=0.000
D step=4/5 epoch=2/3 loss=0.3140 l2=0.2000 label_smoothing=0.000
D step=4/5 epoch=3/3 loss=0.3076 l2=0.2000 label_smoothing=0.000
D step=5/5 epoch=1/3 loss=0.3387 l2=0.2000 label_smoothing=0.000
D step=5/5 epoch=2/3 loss=0.3079 l2=0.2000 label_smoothing=0.000
D step=5/5 epoch=3/3 loss=0.3011 l2=0.2000 label_smoothing=0.000
ADV epoch=2/60 g_loss=0.1074 d_loss=0.3193 reward=0.3600 reward_var=0.0468 unique=0.8000
D step=1/5 epoch=1/3 loss=0.3226 l2=0.2000 label_smoothing=0.000
D step=1/5 epoch=2/3 loss=0.3005 l2=0.2000 label_smoothing=0.000
D step=1/5 epoch=3/3 loss=0.2922 l2=0.2000 label_smoothing=0.000
D step=2/5 epoch=1/3 loss=0.3190 l2=0.2000 label_smoothing=0.000
D step=2/5 epoch=2/3 loss=0.2968 l2=0.2000 label_smoothing=0.000
D step=2/5 epoch=3/3 loss=0.2923 l2=0.2000 label_smoothing=0.000
D step=3/5 epoch=1/3 loss=0.3204 l2=0.2000 label_smoothing=0.000
D step=3/5 epoch=2/3 loss=0.2973 l2=0.2000 label_smoothing=0.000
D step=3/5 epoch=3/3 loss=0.2889 l2=0.2000 label_smoothing=0.000
D step=4/5 epoch=1/3 loss=0.3214 l2=0.2000 label_smoothing=0.000
D step=4/5 epoch=2/3 loss=0.2950 l2=0.2000 label_smoothing=0.000
D step=4/5 epoch=3/3 loss=0.2874 l2=0.2000 label_smoothing=0.000
D step=5/5 epoch=1/3 loss=0.3193 l2=0.2000 label_smoothing=0.000
D step=5/5 epoch=2/3 loss=0.2929 l2=0.2000 label_smoothing=0.000
D step=5/5 epoch=3/3 loss=0.2862 l2=0.2000 label_smoothing=0.000
ADV epoch=3/60 g_loss=0.0880 d_loss=0.3022 reward=0.2657 reward_var=0.0318 unique=0.9000
D step=1/5 epoch=1/3 loss=0.2795 l2=0.2000 label_smoothing=0.000
D step=1/5 epoch=2/3 loss=0.2545 l2=0.2000 label_smoothing=0.000
D step=1/5 epoch=3/3 loss=0.2454 l2=0.2000 label_smoothing=0.000
D step=2/5 epoch=1/3 loss=0.2623 l2=0.2000 label_smoothing=0.000
D step=2/5 epoch=2/3 loss=0.2424 l2=0.2000 label_smoothing=0.000
D step=2/5 epoch=3/3 loss=0.2316 l2=0.2000 label_smoothing=0.000
D step=3/5 epoch=1/3 loss=0.2634 l2=0.2000 label_smoothing=0.000
D step=3/5 epoch=2/3 loss=0.2433 l2=0.2000 label_smoothing=0.000
D step=3/5 epoch=3/3 loss=0.2387 l2=0.2000 label_smoothing=0.000
D step=4/5 epoch=1/3 loss=0.2604 l2=0.2000 label_smoothing=0.000
D step=4/5 epoch=2/3 loss=0.2380 l2=0.2000 label_smoothing=0.000
D step=4/5 epoch=3/3 loss=0.2310 l2=0.2000 label_smoothing=0.000
D step=5/5 epoch=1/3 loss=0.2658 l2=0.2000 label_smoothing=0.000
D step=5/5 epoch=2/3 loss=0.2443 l2=0.2000 label_smoothing=0.000
D step=5/5 epoch=3/3 loss=0.2386 l2=0.2000 label_smoothing=0.000
ADV epoch=4/60 g_loss=0.0885 d_loss=0.2493 reward=0.2575 reward_var=0.0290 unique=0.6600
D step=1/5 epoch=1/3 loss=0.2945 l2=0.2000 label_smoothing=0.000
D step=1/5 epoch=2/3 loss=0.2743 l2=0.2000 label_smoothing=0.000
D step=1/5 epoch=3/3 loss=0.2707 l2=0.2000 label_smoothing=0.000
D step=2/5 epoch=1/3 loss=0.2978 l2=0.2000 label_smoothing=0.000
D step=2/5 epoch=2/3 loss=0.2777 l2=0.2000 label_smoothing=0.000
D step=2/5 epoch=3/3 loss=0.2721 l2=0.2000 label_smoothing=0.000
D step=3/5 epoch=1/3 loss=0.2975 l2=0.2000 label_smoothing=0.000
D step=3/5 epoch=2/3 loss=0.2776 l2=0.2000 label_smoothing=0.000
D step=3/5 epoch=3/3 loss=0.2722 l2=0.2000 label_smoothing=0.000
D step=4/5 epoch=1/3 loss=0.2974 l2=0.2000 label_smoothing=0.000
D step=4/5 epoch=2/3 loss=0.2794 l2=0.2000 label_smoothing=0.000
D step=4/5 epoch=3/3 loss=0.2714 l2=0.2000 label_smoothing=0.000
D step=5/5 epoch=1/3 loss=0.2948 l2=0.2000 label_smoothing=0.000
D step=5/5 epoch=2/3 loss=0.2731 l2=0.2000 label_smoothing=0.000
D step=5/5 epoch=3/3 loss=0.2671 l2=0.2000 label_smoothing=0.000
ADV epoch=5/60 g_loss=0.0759 d_loss=0.2812 reward=0.3495 reward_var=0.0506 unique=0.7200
D step=1/5 epoch=1/3 loss=0.3056 l2=0.2000 label_smoothing=0.000
D step=1/5 epoch=2/3 loss=0.2868 l2=0.2000 label_smoothing=0.000
D step=1/5 epoch=3/3 loss=0.2825 l2=0.2000 label_smoothing=0.000
D step=2/5 epoch=1/3 loss=0.3073 l2=0.2000 label_smoothing=0.000
D step=2/5 epoch=2/3 loss=0.2907 l2=0.2000 label_smoothing=0.000
D step=2/5 epoch=3/3 loss=0.2842 l2=0.2000 label_smoothing=0.000
D step=3/5 epoch=1/3 loss=0.3044 l2=0.2000 label_smoothing=0.000
D step=3/5 epoch=2/3 loss=0.2858 l2=0.2000 label_smoothing=0.000
D step=3/5 epoch=3/3 loss=0.2811 l2=0.2000 label_smoothing=0.000
D step=4/5 epoch=1/3 loss=0.3069 l2=0.2000 label_smoothing=0.000
D step=4/5 epoch=2/3 loss=0.2904 l2=0.2000 label_smoothing=0.000
D step=4/5 epoch=3/3 loss=0.2841 l2=0.2000 label_smoothing=0.000
D step=5/5 epoch=1/3 loss=0.3074 l2=0.2000 label_smoothing=0.000
D step=5/5 epoch=2/3 loss=0.2866 l2=0.2000 label_smoothing=0.000
D step=5/5 epoch=3/3 loss=0.2818 l2=0.2000 label_smoothing=0.000
ADV epoch=6/60 g_loss=0.0809 d_loss=0.2924 reward=0.2822 reward_var=0.0303 unique=0.8200
D step=1/5 epoch=1/3 loss=0.3082 l2=0.2000 label_smoothing=0.000
D step=1/5 epoch=2/3 loss=0.2929 l2=0.2000 label_smoothing=0.000
D step=1/5 epoch=3/3 loss=0.2905 l2=0.2000 label_smoothing=0.000
D step=2/5 epoch=1/3 loss=0.3074 l2=0.2000 label_smoothing=0.000
D step=2/5 epoch=2/3 loss=0.2907 l2=0.2000 label_smoothing=0.000
D step=2/5 epoch=3/3 loss=0.2868 l2=0.2000 label_smoothing=0.000
D step=3/5 epoch=1/3 loss=0.3113 l2=0.2000 label_smoothing=0.000
D step=3/5 epoch=2/3 loss=0.2920 l2=0.2000 label_smoothing=0.000
D step=3/5 epoch=3/3 loss=0.2893 l2=0.2000 label_smoothing=0.000
D step=4/5 epoch=1/3 loss=0.3115 l2=0.2000 label_smoothing=0.000
D step=4/5 epoch=2/3 loss=0.2945 l2=0.2000 label_smoothing=0.000
D step=4/5 epoch=3/3 loss=0.2887 l2=0.2000 label_smoothing=0.000
D step=5/5 epoch=1/3 loss=0.3071 l2=0.2000 label_smoothing=0.000
D step=5/5 epoch=2/3 loss=0.2892 l2=0.2000 label_smoothing=0.000
D step=5/5 epoch=3/3 loss=0.2820 l2=0.2000 label_smoothing=0.000
ADV epoch=7/60 g_loss=0.0763 d_loss=0.2962 reward=0.2378 reward_var=0.0246 unique=0.7400
D step=1/5 epoch=1/3 loss=0.3081 l2=0.2000 label_smoothing=0.000
D step=1/5 epoch=2/3 loss=0.2951 l2=0.2000 label_smoothing=0.000
D step=1/5 epoch=3/3 loss=0.2926 l2=0.2000 label_smoothing=0.000
D step=2/5 epoch=1/3 loss=0.3141 l2=0.2000 label_smoothing=0.000
D step=2/5 epoch=2/3 loss=0.2959 l2=0.2000 label_smoothing=0.000
D step=2/5 epoch=3/3 loss=0.2915 l2=0.2000 label_smoothing=0.000
D step=3/5 epoch=1/3 loss=0.3130 l2=0.2000 label_smoothing=0.000
D step=3/5 epoch=2/3 loss=0.2997 l2=0.2000 label_smoothing=0.000
D step=3/5 epoch=3/3 loss=0.2935 l2=0.2000 label_smoothing=0.000
D step=4/5 epoch=1/3 loss=0.3109 l2=0.2000 label_smoothing=0.000
D step=4/5 epoch=2/3 loss=0.2939 l2=0.2000 label_smoothing=0.000
D step=4/5 epoch=3/3 loss=0.2903 l2=0.2000 label_smoothing=0.000
D step=5/5 epoch=1/3 loss=0.3192 l2=0.2000 label_smoothing=0.000
D step=5/5 epoch=2/3 loss=0.3000 l2=0.2000 label_smoothing=0.000
D step=5/5 epoch=3/3 loss=0.2944 l2=0.2000 label_smoothing=0.000
ADV epoch=8/60 g_loss=0.0586 d_loss=0.3008 reward=0.1999 reward_var=0.0175 unique=0.8000
D step=1/5 epoch=1/3 loss=0.3141 l2=0.2000 label_smoothing=0.000
D step=1/5 epoch=2/3 loss=0.2997 l2=0.2000 label_smoothing=0.000
D step=1/5 epoch=3/3 loss=0.2975 l2=0.2000 label_smoothing=0.000
D step=2/5 epoch=1/3 loss=0.3152 l2=0.2000 label_smoothing=0.000
D step=2/5 epoch=2/3 loss=0.2988 l2=0.2000 label_smoothing=0.000
D step=2/5 epoch=3/3 loss=0.2937 l2=0.2000 label_smoothing=0.000
D step=3/5 epoch=1/3 loss=0.3156 l2=0.2000 label_smoothing=0.000
D step=3/5 epoch=2/3 loss=0.2985 l2=0.2000 label_smoothing=0.000
D step=3/5 epoch=3/3 loss=0.2957 l2=0.2000 label_smoothing=0.000
D step=4/5 epoch=1/3 loss=0.3143 l2=0.2000 label_smoothing=0.000
D step=4/5 epoch=2/3 loss=0.2982 l2=0.2000 label_smoothing=0.000
D step=4/5 epoch=3/3 loss=0.2934 l2=0.2000 label_smoothing=0.000
D step=5/5 epoch=1/3 loss=0.3098 l2=0.2000 label_smoothing=0.000
D step=5/5 epoch=2/3 loss=0.2948 l2=0.2000 label_smoothing=0.000
D step=5/5 epoch=3/3 loss=0.2902 l2=0.2000 label_smoothing=0.000
ADV epoch=9/60 g_loss=0.0751 d_loss=0.3020 reward=0.2342 reward_var=0.0236 unique=0.8600
D step=1/5 epoch=1/3 loss=0.3098 l2=0.2000 label_smoothing=0.000
D step=1/5 epoch=2/3 loss=0.2959 l2=0.2000 label_smoothing=0.000
D step=1/5 epoch=3/3 loss=0.2939 l2=0.2000 label_smoothing=0.000
D step=2/5 epoch=1/3 loss=0.3144 l2=0.2000 label_smoothing=0.000
D step=2/5 epoch=2/3 loss=0.2956 l2=0.2000 label_smoothing=0.000
D step=2/5 epoch=3/3 loss=0.2936 l2=0.2000 label_smoothing=0.000
D step=3/5 epoch=1/3 loss=0.3122 l2=0.2000 label_smoothing=0.000
D step=3/5 epoch=2/3 loss=0.2967 l2=0.2000 label_smoothing=0.000
D step=3/5 epoch=3/3 loss=0.2927 l2=0.2000 label_smoothing=0.000
D step=4/5 epoch=1/3 loss=0.3108 l2=0.2000 label_smoothing=0.000
D step=4/5 epoch=2/3 loss=0.2957 l2=0.2000 label_smoothing=0.000
D step=4/5 epoch=3/3 loss=0.2905 l2=0.2000 label_smoothing=0.000
D step=5/5 epoch=1/3 loss=0.3113 l2=0.2000 label_smoothing=0.000
D step=5/5 epoch=2/3 loss=0.2951 l2=0.2000 label_smoothing=0.000
D step=5/5 epoch=3/3 loss=0.2916 l2=0.2000 label_smoothing=0.000
ADV epoch=10/60 g_loss=0.0543 d_loss=0.3000 reward=0.2169 reward_var=0.0118 unique=0.7400
D step=1/5 epoch=1/3 loss=0.3068 l2=0.2000 label_smoothing=0.000
D step=1/5 epoch=2/3 loss=0.2917 l2=0.2000 label_smoothing=0.000
D step=1/5 epoch=3/3 loss=0.2866 l2=0.2000 label_smoothing=0.000
D step=2/5 epoch=1/3 loss=0.3088 l2=0.2000 label_smoothing=0.000
D step=2/5 epoch=2/3 loss=0.2951 l2=0.2000 label_smoothing=0.000
D step=2/5 epoch=3/3 loss=0.2876 l2=0.2000 label_smoothing=0.000
D step=3/5 epoch=1/3 loss=0.3126 l2=0.2000 label_smoothing=0.000
D step=3/5 epoch=2/3 loss=0.2963 l2=0.2000 label_smoothing=0.000
D step=3/5 epoch=3/3 loss=0.2917 l2=0.2000 label_smoothing=0.000
D step=4/5 epoch=1/3 loss=0.3102 l2=0.2000 label_smoothing=0.000
D step=4/5 epoch=2/3 loss=0.2935 l2=0.2000 label_smoothing=0.000
D step=4/5 epoch=3/3 loss=0.2888 l2=0.2000 label_smoothing=0.000
D step=5/5 epoch=1/3 loss=0.3115 l2=0.2000 label_smoothing=0.000
D step=5/5 epoch=2/3 loss=0.2961 l2=0.2000 label_smoothing=0.000
D step=5/5 epoch=3/3 loss=0.2917 l2=0.2000 label_smoothing=0.000
ADV epoch=11/60 g_loss=0.0657 d_loss=0.2979 reward=0.2124 reward_var=0.0154 unique=0.8600
D step=1/5 epoch=1/3 loss=0.3064 l2=0.2000 label_smoothing=0.000
D step=1/5 epoch=2/3 loss=0.2930 l2=0.2000 label_smoothing=0.000
D step=1/5 epoch=3/3 loss=0.2891 l2=0.2000 label_smoothing=0.000
D step=2/5 epoch=1/3 loss=0.3105 l2=0.2000 label_smoothing=0.000
D step=2/5 epoch=2/3 loss=0.2935 l2=0.2000 label_smoothing=0.000
D step=2/5 epoch=3/3 loss=0.2928 l2=0.2000 label_smoothing=0.000
D step=3/5 epoch=1/3 loss=0.3114 l2=0.2000 label_smoothing=0.000
D step=3/5 epoch=2/3 loss=0.2971 l2=0.2000 label_smoothing=0.000
D step=3/5 epoch=3/3 loss=0.2917 l2=0.2000 label_smoothing=0.000
D step=4/5 epoch=1/3 loss=0.3065 l2=0.2000 label_smoothing=0.000
D step=4/5 epoch=2/3 loss=0.2946 l2=0.2000 label_smoothing=0.000
D step=4/5 epoch=3/3 loss=0.2901 l2=0.2000 label_smoothing=0.000
D step=5/5 epoch=1/3 loss=0.3093 l2=0.2000 label_smoothing=0.000
D step=5/5 epoch=2/3 loss=0.2957 l2=0.2000 label_smoothing=0.000
D step=5/5 epoch=3/3 loss=0.2913 l2=0.2000 label_smoothing=0.000
ADV epoch=12/60 g_loss=0.0593 d_loss=0.2982 reward=0.1999 reward_var=0.0136 unique=0.7600
D step=1/5 epoch=1/3 loss=0.3078 l2=0.2000 label_smoothing=0.000
D step=1/5 epoch=2/3 loss=0.2951 l2=0.2000 label_smoothing=0.000
D step=1/5 epoch=3/3 loss=0.2925 l2=0.2000 label_smoothing=0.000
D step=2/5 epoch=1/3 loss=0.3051 l2=0.2000 label_smoothing=0.000
D step=2/5 epoch=2/3 loss=0.2903 l2=0.2000 label_smoothing=0.000
D step=2/5 epoch=3/3 loss=0.2868 l2=0.2000 label_smoothing=0.000
D step=3/5 epoch=1/3 loss=0.3086 l2=0.2000 label_smoothing=0.000
D step=3/5 epoch=2/3 loss=0.2915 l2=0.2000 label_smoothing=0.000
D step=3/5 epoch=3/3 loss=0.2890 l2=0.2000 label_smoothing=0.000
D step=4/5 epoch=1/3 loss=0.3084 l2=0.2000 label_smoothing=0.000
D step=4/5 epoch=2/3 loss=0.2945 l2=0.2000 label_smoothing=0.000
D step=4/5 epoch=3/3 loss=0.2911 l2=0.2000 label_smoothing=0.000
D step=5/5 epoch=1/3 loss=0.3080 l2=0.2000 label_smoothing=0.000
D step=5/5 epoch=2/3 loss=0.2918 l2=0.2000 label_smoothing=0.000
D step=5/5 epoch=3/3 loss=0.2884 l2=0.2000 label_smoothing=0.000
ADV epoch=13/60 g_loss=0.0602 d_loss=0.2966 reward=0.2024 reward_var=0.0156 unique=0.7200
D step=1/5 epoch=1/3 loss=0.3060 l2=0.2000 label_smoothing=0.000
D step=1/5 epoch=2/3 loss=0.2961 l2=0.2000 label_smoothing=0.000
D step=1/5 epoch=3/3 loss=0.2899 l2=0.2000 label_smoothing=0.000
D step=2/5 epoch=1/3 loss=0.3023 l2=0.2000 label_smoothing=0.000
D step=2/5 epoch=2/3 loss=0.2942 l2=0.2000 label_smoothing=0.000
D step=2/5 epoch=3/3 loss=0.2887 l2=0.2000 label_smoothing=0.000
D step=3/5 epoch=1/3 loss=0.3088 l2=0.2000 label_smoothing=0.000
D step=3/5 epoch=2/3 loss=0.2966 l2=0.2000 label_smoothing=0.000
D step=3/5 epoch=3/3 loss=0.2902 l2=0.2000 label_smoothing=0.000
D step=4/5 epoch=1/3 loss=0.3055 l2=0.2000 label_smoothing=0.000
D step=4/5 epoch=2/3 loss=0.2909 l2=0.2000 label_smoothing=0.000
D step=4/5 epoch=3/3 loss=0.2875 l2=0.2000 label_smoothing=0.000
D step=5/5 epoch=1/3 loss=0.3093 l2=0.2000 label_smoothing=0.000
D step=5/5 epoch=2/3 loss=0.2945 l2=0.2000 label_smoothing=0.000
D step=5/5 epoch=3/3 loss=0.2897 l2=0.2000 label_smoothing=0.000
ADV epoch=14/60 g_loss=0.0747 d_loss=0.2967 reward=0.2337 reward_var=0.0201 unique=0.7200
D step=1/5 epoch=1/3 loss=0.3140 l2=0.2000 label_smoothing=0.000
D step=1/5 epoch=2/3 loss=0.2989 l2=0.2000 label_smoothing=0.000
D step=1/5 epoch=3/3 loss=0.2945 l2=0.2000 label_smoothing=0.000
D step=2/5 epoch=1/3 loss=0.3116 l2=0.2000 label_smoothing=0.000
D step=2/5 epoch=2/3 loss=0.3010 l2=0.2000 label_smoothing=0.000
D step=2/5 epoch=3/3 loss=0.2973 l2=0.2000 label_smoothing=0.000
D step=3/5 epoch=1/3 loss=0.3129 l2=0.2000 label_smoothing=0.000
D step=3/5 epoch=2/3 loss=0.3013 l2=0.2000 label_smoothing=0.000
D step=3/5 epoch=3/3 loss=0.2992 l2=0.2000 label_smoothing=0.000
D step=4/5 epoch=1/3 loss=0.3143 l2=0.2000 label_smoothing=0.000
D step=4/5 epoch=2/3 loss=0.3003 l2=0.2000 label_smoothing=0.000
D step=4/5 epoch=3/3 loss=0.2968 l2=0.2000 label_smoothing=0.000
D step=5/5 epoch=1/3 loss=0.3142 l2=0.2000 label_smoothing=0.000
D step=5/5 epoch=2/3 loss=0.2995 l2=0.2000 label_smoothing=0.000
D step=5/5 epoch=3/3 loss=0.2966 l2=0.2000 label_smoothing=0.000
ADV epoch=15/60 g_loss=0.0612 d_loss=0.3035 reward=0.2099 reward_var=0.0184 unique=0.7000
D step=1/5 epoch=1/3 loss=0.3158 l2=0.2000 label_smoothing=0.000
D step=1/5 epoch=2/3 loss=0.3022 l2=0.2000 label_smoothing=0.000
D step=1/5 epoch=3/3 loss=0.2996 l2=0.2000 label_smoothing=0.000
D step=2/5 epoch=1/3 loss=0.3152 l2=0.2000 label_smoothing=0.000
D step=2/5 epoch=2/3 loss=0.3008 l2=0.2000 label_smoothing=0.000
D step=2/5 epoch=3/3 loss=0.2977 l2=0.2000 label_smoothing=0.000
D step=3/5 epoch=1/3 loss=0.3175 l2=0.2000 label_smoothing=0.000
D step=3/5 epoch=2/3 loss=0.3044 l2=0.2000 label_smoothing=0.000
D step=3/5 epoch=3/3 loss=0.2997 l2=0.2000 label_smoothing=0.000
D step=4/5 epoch=1/3 loss=0.3152 l2=0.2000 label_smoothing=0.000
D step=4/5 epoch=2/3 loss=0.3047 l2=0.2000 label_smoothing=0.000
D step=4/5 epoch=3/3 loss=0.3002 l2=0.2000 label_smoothing=0.000
D step=5/5 epoch=1/3 loss=0.3186 l2=0.2000 label_smoothing=0.000
D step=5/5 epoch=2/3 loss=0.3053 l2=0.2000 label_smoothing=0.000
D step=5/5 epoch=3/3 loss=0.3001 l2=0.2000 label_smoothing=0.000
ADV epoch=16/60 g_loss=0.0670 d_loss=0.3065 reward=0.2035 reward_var=0.0157 unique=0.9000
D step=1/5 epoch=1/3 loss=0.3141 l2=0.2000 label_smoothing=0.000
D step=1/5 epoch=2/3 loss=0.3040 l2=0.2000 label_smoothing=0.000
D step=1/5 epoch=3/3 loss=0.2990 l2=0.2000 label_smoothing=0.000
D step=2/5 epoch=1/3 loss=0.3158 l2=0.2000 label_smoothing=0.000
D step=2/5 epoch=2/3 loss=0.3010 l2=0.2000 label_smoothing=0.000
D step=2/5 epoch=3/3 loss=0.2996 l2=0.2000 label_smoothing=0.000
D step=3/5 epoch=1/3 loss=0.3199 l2=0.2000 label_smoothing=0.000
D step=3/5 epoch=2/3 loss=0.3039 l2=0.2000 label_smoothing=0.000
D step=3/5 epoch=3/3 loss=0.3018 l2=0.2000 label_smoothing=0.000
D step=4/5 epoch=1/3 loss=0.3178 l2=0.2000 label_smoothing=0.000
D step=4/5 epoch=2/3 loss=0.3075 l2=0.2000 label_smoothing=0.000
D step=4/5 epoch=3/3 loss=0.3014 l2=0.2000 label_smoothing=0.000
D step=5/5 epoch=1/3 loss=0.3220 l2=0.2000 label_smoothing=0.000
D step=5/5 epoch=2/3 loss=0.3080 l2=0.2000 label_smoothing=0.000
D step=5/5 epoch=3/3 loss=0.3051 l2=0.2000 label_smoothing=0.000
ADV epoch=17/60 g_loss=0.0544 d_loss=0.3081 reward=0.1990 reward_var=0.0156 unique=0.7000
D step=1/5 epoch=1/3 loss=0.3225 l2=0.2000 label_smoothing=0.000
D step=1/5 epoch=2/3 loss=0.3069 l2=0.2000 label_smoothing=0.000
D step=1/5 epoch=3/3 loss=0.3034 l2=0.2000 label_smoothing=0.000
D step=2/5 epoch=1/3 loss=0.3189 l2=0.2000 label_smoothing=0.000
D step=2/5 epoch=2/3 loss=0.3072 l2=0.2000 label_smoothing=0.000
D step=2/5 epoch=3/3 loss=0.3025 l2=0.2000 label_smoothing=0.000
D step=3/5 epoch=1/3 loss=0.3240 l2=0.2000 label_smoothing=0.000
D step=3/5 epoch=2/3 loss=0.3103 l2=0.2000 label_smoothing=0.000
D step=3/5 epoch=3/3 loss=0.3059 l2=0.2000 label_smoothing=0.000
D step=4/5 epoch=1/3 loss=0.3188 l2=0.2000 label_smoothing=0.000
D step=4/5 epoch=2/3 loss=0.3065 l2=0.2000 label_smoothing=0.000
D step=4/5 epoch=3/3 loss=0.3035 l2=0.2000 label_smoothing=0.000
D step=5/5 epoch=1/3 loss=0.3198 l2=0.2000 label_smoothing=0.000
D step=5/5 epoch=2/3 loss=0.3063 l2=0.2000 label_smoothing=0.000
D step=5/5 epoch=3/3 loss=0.3016 l2=0.2000 label_smoothing=0.000
ADV epoch=18/60 g_loss=0.0794 d_loss=0.3105 reward=0.2081 reward_var=0.0152 unique=0.6600
D step=1/5 epoch=1/3 loss=0.3199 l2=0.2000 label_smoothing=0.000
D step=1/5 epoch=2/3 loss=0.3075 l2=0.2000 label_smoothing=0.000
D step=1/5 epoch=3/3 loss=0.3021 l2=0.2000 label_smoothing=0.000
D step=2/5 epoch=1/3 loss=0.3168 l2=0.2000 label_smoothing=0.000
D step=2/5 epoch=2/3 loss=0.3010 l2=0.2000 label_smoothing=0.000
D step=2/5 epoch=3/3 loss=0.2973 l2=0.2000 label_smoothing=0.000
D step=3/5 epoch=1/3 loss=0.3158 l2=0.2000 label_smoothing=0.000
D step=3/5 epoch=2/3 loss=0.3038 l2=0.2000 label_smoothing=0.000
D step=3/5 epoch=3/3 loss=0.2995 l2=0.2000 label_smoothing=0.000
D step=4/5 epoch=1/3 loss=0.3157 l2=0.2000 label_smoothing=0.000
D step=4/5 epoch=2/3 loss=0.3046 l2=0.2000 label_smoothing=0.000
D step=4/5 epoch=3/3 loss=0.3011 l2=0.2000 label_smoothing=0.000
D step=5/5 epoch=1/3 loss=0.3201 l2=0.2000 label_smoothing=0.000
D step=5/5 epoch=2/3 loss=0.3058 l2=0.2000 label_smoothing=0.000
D step=5/5 epoch=3/3 loss=0.2996 l2=0.2000 label_smoothing=0.000
ADV epoch=19/60 g_loss=0.0619 d_loss=0.3074 reward=0.2237 reward_var=0.0130 unique=0.8600
D step=1/5 epoch=1/3 loss=0.2235 l2=0.2000 label_smoothing=0.000
D step=1/5 epoch=2/3 loss=0.1893 l2=0.2000 label_smoothing=0.000
D step=1/5 epoch=3/3 loss=0.1859 l2=0.2000 label_smoothing=0.000
D step=2/5 epoch=1/3 loss=0.1992 l2=0.2000 label_smoothing=0.000
D step=2/5 epoch=2/3 loss=0.1850 l2=0.2000 label_smoothing=0.000
D step=2/5 epoch=3/3 loss=0.1808 l2=0.2000 label_smoothing=0.000
D step=3/5 epoch=1/3 loss=0.1959 l2=0.2000 label_smoothing=0.000
D step=3/5 epoch=2/3 loss=0.1832 l2=0.2000 label_smoothing=0.000
D step=3/5 epoch=3/3 loss=0.1788 l2=0.2000 label_smoothing=0.000
D step=4/5 epoch=1/3 loss=0.1955 l2=0.2000 label_smoothing=0.000
D step=4/5 epoch=2/3 loss=0.1826 l2=0.2000 label_smoothing=0.000
D step=4/5 epoch=3/3 loss=0.1793 l2=0.2000 label_smoothing=0.000
D step=5/5 epoch=1/3 loss=0.1926 l2=0.2000 label_smoothing=0.000
D step=5/5 epoch=2/3 loss=0.1806 l2=0.2000 label_smoothing=0.000
D step=5/5 epoch=3/3 loss=0.1765 l2=0.2000 label_smoothing=0.000
ADV epoch=20/60 g_loss=0.0626 d_loss=0.1886 reward=0.2079 reward_var=0.0171 unique=0.9400
D step=1/5 epoch=1/3 loss=0.3522 l2=0.2000 label_smoothing=0.000
D step=1/5 epoch=2/3 loss=0.3127 l2=0.2000 label_smoothing=0.000
D step=1/5 epoch=3/3 loss=0.3067 l2=0.2000 label_smoothing=0.000
D step=2/5 epoch=1/3 loss=0.3185 l2=0.2000 label_smoothing=0.000
D step=2/5 epoch=2/3 loss=0.3060 l2=0.2000 label_smoothing=0.000
D step=2/5 epoch=3/3 loss=0.3022 l2=0.2000 label_smoothing=0.000
D step=3/5 epoch=1/3 loss=0.3172 l2=0.2000 label_smoothing=0.000
D step=3/5 epoch=2/3 loss=0.3063 l2=0.2000 label_smoothing=0.000
D step=3/5 epoch=3/3 loss=0.3039 l2=0.2000 label_smoothing=0.000
D step=4/5 epoch=1/3 loss=0.3201 l2=0.2000 label_smoothing=0.000
D step=4/5 epoch=2/3 loss=0.3058 l2=0.2000 label_smoothing=0.000
D step=4/5 epoch=3/3 loss=0.3024 l2=0.2000 label_smoothing=0.000
D step=5/5 epoch=1/3 loss=0.3122 l2=0.2000 label_smoothing=0.000
D step=5/5 epoch=2/3 loss=0.2982 l2=0.2000 label_smoothing=0.000
D step=5/5 epoch=3/3 loss=0.2946 l2=0.2000 label_smoothing=0.000
ADV epoch=21/60 g_loss=0.1013 d_loss=0.3106 reward=0.4489 reward_var=0.0870 unique=0.6800
D step=1/5 epoch=1/3 loss=0.3109 l2=0.2000 label_smoothing=0.000
D step=1/5 epoch=2/3 loss=0.2986 l2=0.2000 label_smoothing=0.000
D step=1/5 epoch=3/3 loss=0.2951 l2=0.2000 label_smoothing=0.000
D step=2/5 epoch=1/3 loss=0.3073 l2=0.2000 label_smoothing=0.000
D step=2/5 epoch=2/3 loss=0.2965 l2=0.2000 label_smoothing=0.000
D step=2/5 epoch=3/3 loss=0.2920 l2=0.2000 label_smoothing=0.000
D step=3/5 epoch=1/3 loss=0.3104 l2=0.2000 label_smoothing=0.000
D step=3/5 epoch=2/3 loss=0.2983 l2=0.2000 label_smoothing=0.000
D step=3/5 epoch=3/3 loss=0.2928 l2=0.2000 label_smoothing=0.000
D step=4/5 epoch=1/3 loss=0.3053 l2=0.2000 label_smoothing=0.000
D step=4/5 epoch=2/3 loss=0.2947 l2=0.2000 label_smoothing=0.000
D step=4/5 epoch=3/3 loss=0.2934 l2=0.2000 label_smoothing=0.000
D step=5/5 epoch=1/3 loss=0.3091 l2=0.2000 label_smoothing=0.000
D step=5/5 epoch=2/3 loss=0.2952 l2=0.2000 label_smoothing=0.000
D step=5/5 epoch=3/3 loss=0.2907 l2=0.2000 label_smoothing=0.000
ADV epoch=22/60 g_loss=0.0539 d_loss=0.2993 reward=0.2187 reward_var=0.0156 unique=0.5800
D step=1/5 epoch=1/3 loss=0.3023 l2=0.2000 label_smoothing=0.000
D step=1/5 epoch=2/3 loss=0.2894 l2=0.2000 label_smoothing=0.000
D step=1/5 epoch=3/3 loss=0.2878 l2=0.2000 label_smoothing=0.000
D step=2/5 epoch=1/3 loss=0.3050 l2=0.2000 label_smoothing=0.000
D step=2/5 epoch=2/3 loss=0.2935 l2=0.2000 label_smoothing=0.000
D step=2/5 epoch=3/3 loss=0.2903 l2=0.2000 label_smoothing=0.000
D step=3/5 epoch=1/3 loss=0.3039 l2=0.2000 label_smoothing=0.000
D step=3/5 epoch=2/3 loss=0.2913 l2=0.2000 label_smoothing=0.000
D step=3/5 epoch=3/3 loss=0.2902 l2=0.2000 label_smoothing=0.000
D step=4/5 epoch=1/3 loss=0.3027 l2=0.2000 label_smoothing=0.000
D step=4/5 epoch=2/3 loss=0.2924 l2=0.2000 label_smoothing=0.000
D step=4/5 epoch=3/3 loss=0.2870 l2=0.2000 label_smoothing=0.000
D step=5/5 epoch=1/3 loss=0.3022 l2=0.2000 label_smoothing=0.000
D step=5/5 epoch=2/3 loss=0.2916 l2=0.2000 label_smoothing=0.000
D step=5/5 epoch=3/3 loss=0.2878 l2=0.2000 label_smoothing=0.000
ADV epoch=23/60 g_loss=0.0710 d_loss=0.2945 reward=0.2151 reward_var=0.0162 unique=0.5200
D step=1/5 epoch=1/3 loss=0.2950 l2=0.2000 label_smoothing=0.000
D step=1/5 epoch=2/3 loss=0.2833 l2=0.2000 label_smoothing=0.000
D step=1/5 epoch=3/3 loss=0.2809 l2=0.2000 label_smoothing=0.000
D step=2/5 epoch=1/3 loss=0.2902 l2=0.2000 label_smoothing=0.000
D step=2/5 epoch=2/3 loss=0.2791 l2=0.2000 label_smoothing=0.000
D step=2/5 epoch=3/3 loss=0.2784 l2=0.2000 label_smoothing=0.000
D step=3/5 epoch=1/3 loss=0.2960 l2=0.2000 label_smoothing=0.000
D step=3/5 epoch=2/3 loss=0.2861 l2=0.2000 label_smoothing=0.000
D step=3/5 epoch=3/3 loss=0.2806 l2=0.2000 label_smoothing=0.000
D step=4/5 epoch=1/3 loss=0.2893 l2=0.2000 label_smoothing=0.000
D step=4/5 epoch=2/3 loss=0.2804 l2=0.2000 label_smoothing=0.000
D step=4/5 epoch=3/3 loss=0.2772 l2=0.2000 label_smoothing=0.000
D step=5/5 epoch=1/3 loss=0.2921 l2=0.2000 label_smoothing=0.000
D step=5/5 epoch=2/3 loss=0.2799 l2=0.2000 label_smoothing=0.000
D step=5/5 epoch=3/3 loss=0.2770 l2=0.2000 label_smoothing=0.000
ADV epoch=24/60 g_loss=0.0433 d_loss=0.2844 reward=0.2108 reward_var=0.0147 unique=0.5200
D step=1/5 epoch=1/3 loss=0.2880 l2=0.2000 label_smoothing=0.000
D step=1/5 epoch=2/3 loss=0.2774 l2=0.2000 label_smoothing=0.000
D step=1/5 epoch=3/3 loss=0.2754 l2=0.2000 label_smoothing=0.000
D step=2/5 epoch=1/3 loss=0.2880 l2=0.2000 label_smoothing=0.000
D step=2/5 epoch=2/3 loss=0.2782 l2=0.2000 label_smoothing=0.000
D step=2/5 epoch=3/3 loss=0.2754 l2=0.2000 label_smoothing=0.000
D step=3/5 epoch=1/3 loss=0.2872 l2=0.2000 label_smoothing=0.000
D step=3/5 epoch=2/3 loss=0.2771 l2=0.2000 label_smoothing=0.000
D step=3/5 epoch=3/3 loss=0.2744 l2=0.2000 label_smoothing=0.000
D step=4/5 epoch=1/3 loss=0.2890 l2=0.2000 label_smoothing=0.000
D step=4/5 epoch=2/3 loss=0.2791 l2=0.2000 label_smoothing=0.000
D step=4/5 epoch=3/3 loss=0.2739 l2=0.2000 label_smoothing=0.000
D step=5/5 epoch=1/3 loss=0.2880 l2=0.2000 label_smoothing=0.000
D step=5/5 epoch=2/3 loss=0.2785 l2=0.2000 label_smoothing=0.000
D step=5/5 epoch=3/3 loss=0.2753 l2=0.2000 label_smoothing=0.000
ADV epoch=25/60 g_loss=0.0516 d_loss=0.2803 reward=0.1988 reward_var=0.0164 unique=0.4200
D step=1/5 epoch=1/3 loss=0.2883 l2=0.2000 label_smoothing=0.000
D step=1/5 epoch=2/3 loss=0.2769 l2=0.2000 label_smoothing=0.000
D step=1/5 epoch=3/3 loss=0.2727 l2=0.2000 label_smoothing=0.000
D step=2/5 epoch=1/3 loss=0.2819 l2=0.2000 label_smoothing=0.000
D step=2/5 epoch=2/3 loss=0.2731 l2=0.2000 label_smoothing=0.000
D step=2/5 epoch=3/3 loss=0.2707 l2=0.2000 label_smoothing=0.000
D step=3/5 epoch=1/3 loss=0.2864 l2=0.2000 label_smoothing=0.000
D step=3/5 epoch=2/3 loss=0.2774 l2=0.2000 label_smoothing=0.000
D step=3/5 epoch=3/3 loss=0.2743 l2=0.2000 label_smoothing=0.000
D step=4/5 epoch=1/3 loss=0.2835 l2=0.2000 label_smoothing=0.000
D step=4/5 epoch=2/3 loss=0.2715 l2=0.2000 label_smoothing=0.000
D step=4/5 epoch=3/3 loss=0.2707 l2=0.2000 label_smoothing=0.000
D step=5/5 epoch=1/3 loss=0.2839 l2=0.2000 label_smoothing=0.000
D step=5/5 epoch=2/3 loss=0.2756 l2=0.2000 label_smoothing=0.000
D step=5/5 epoch=3/3 loss=0.2711 l2=0.2000 label_smoothing=0.000
ADV epoch=26/60 g_loss=0.0511 d_loss=0.2772 reward=0.2021 reward_var=0.0202 unique=0.4800
D step=1/5 epoch=1/3 loss=0.2865 l2=0.2000 label_smoothing=0.000
D step=1/5 epoch=2/3 loss=0.2799 l2=0.2000 label_smoothing=0.000
D step=1/5 epoch=3/3 loss=0.2750 l2=0.2000 label_smoothing=0.000
D step=2/5 epoch=1/3 loss=0.2906 l2=0.2000 label_smoothing=0.000
D step=2/5 epoch=2/3 loss=0.2824 l2=0.2000 label_smoothing=0.000
D step=2/5 epoch=3/3 loss=0.2789 l2=0.2000 label_smoothing=0.000
D step=3/5 epoch=1/3 loss=0.2865 l2=0.2000 label_smoothing=0.000
D step=3/5 epoch=2/3 loss=0.2775 l2=0.2000 label_smoothing=0.000
D step=3/5 epoch=3/3 loss=0.2763 l2=0.2000 label_smoothing=0.000
D step=4/5 epoch=1/3 loss=0.2853 l2=0.2000 label_smoothing=0.000
D step=4/5 epoch=2/3 loss=0.2756 l2=0.2000 label_smoothing=0.000
D step=4/5 epoch=3/3 loss=0.2741 l2=0.2000 label_smoothing=0.000
D step=5/5 epoch=1/3 loss=0.2878 l2=0.2000 label_smoothing=0.000
D step=5/5 epoch=2/3 loss=0.2776 l2=0.2000 label_smoothing=0.000
D step=5/5 epoch=3/3 loss=0.2733 l2=0.2000 label_smoothing=0.000
ADV epoch=27/60 g_loss=0.0669 d_loss=0.2805 reward=0.2302 reward_var=0.0236 unique=0.5200
D step=1/5 epoch=1/3 loss=0.2902 l2=0.2000 label_smoothing=0.000
D step=1/5 epoch=2/3 loss=0.2804 l2=0.2000 label_smoothing=0.000
D step=1/5 epoch=3/3 loss=0.2779 l2=0.2000 label_smoothing=0.000
D step=2/5 epoch=1/3 loss=0.2935 l2=0.2000 label_smoothing=0.000
D step=2/5 epoch=2/3 loss=0.2821 l2=0.2000 label_smoothing=0.000
D step=2/5 epoch=3/3 loss=0.2776 l2=0.2000 label_smoothing=0.000
D step=3/5 epoch=1/3 loss=0.2898 l2=0.2000 label_smoothing=0.000
D step=3/5 epoch=2/3 loss=0.2807 l2=0.2000 label_smoothing=0.000
D step=3/5 epoch=3/3 loss=0.2779 l2=0.2000 label_smoothing=0.000
D step=4/5 epoch=1/3 loss=0.2912 l2=0.2000 label_smoothing=0.000
D step=4/5 epoch=2/3 loss=0.2819 l2=0.2000 label_smoothing=0.000
D step=4/5 epoch=3/3 loss=0.2818 l2=0.2000 label_smoothing=0.000
D step=5/5 epoch=1/3 loss=0.2963 l2=0.2000 label_smoothing=0.000
D step=5/5 epoch=2/3 loss=0.2826 l2=0.2000 label_smoothing=0.000
D step=5/5 epoch=3/3 loss=0.2781 l2=0.2000 label_smoothing=0.000
ADV epoch=28/60 g_loss=0.0558 d_loss=0.2841 reward=0.1867 reward_var=0.0189 unique=0.6400
D step=1/5 epoch=1/3 loss=0.2891 l2=0.2000 label_smoothing=0.000
D step=1/5 epoch=2/3 loss=0.2808 l2=0.2000 label_smoothing=0.000
D step=1/5 epoch=3/3 loss=0.2765 l2=0.2000 label_smoothing=0.000
D step=2/5 epoch=1/3 loss=0.2909 l2=0.2000 label_smoothing=0.000
D step=2/5 epoch=2/3 loss=0.2818 l2=0.2000 label_smoothing=0.000
D step=2/5 epoch=3/3 loss=0.2797 l2=0.2000 label_smoothing=0.000
D step=3/5 epoch=1/3 loss=0.2898 l2=0.2000 label_smoothing=0.000
D step=3/5 epoch=2/3 loss=0.2799 l2=0.2000 label_smoothing=0.000
D step=3/5 epoch=3/3 loss=0.2750 l2=0.2000 label_smoothing=0.000
D step=4/5 epoch=1/3 loss=0.2911 l2=0.2000 label_smoothing=0.000
D step=4/5 epoch=2/3 loss=0.2800 l2=0.2000 label_smoothing=0.000
D step=4/5 epoch=3/3 loss=0.2774 l2=0.2000 label_smoothing=0.000
D step=5/5 epoch=1/3 loss=0.2945 l2=0.2000 label_smoothing=0.000
D step=5/5 epoch=2/3 loss=0.2836 l2=0.2000 label_smoothing=0.000
D step=5/5 epoch=3/3 loss=0.2796 l2=0.2000 label_smoothing=0.000
ADV epoch=29/60 g_loss=0.0564 d_loss=0.2833 reward=0.2223 reward_var=0.0256 unique=0.7800
D step=1/5 epoch=1/3 loss=0.2894 l2=0.2000 label_smoothing=0.000
D step=1/5 epoch=2/3 loss=0.2789 l2=0.2000 label_smoothing=0.000
D step=1/5 epoch=3/3 loss=0.2754 l2=0.2000 label_smoothing=0.000
D step=2/5 epoch=1/3 loss=0.2932 l2=0.2000 label_smoothing=0.000
D step=2/5 epoch=2/3 loss=0.2816 l2=0.2000 label_smoothing=0.000
D step=2/5 epoch=3/3 loss=0.2793 l2=0.2000 label_smoothing=0.000
D step=3/5 epoch=1/3 loss=0.2906 l2=0.2000 label_smoothing=0.000
D step=3/5 epoch=2/3 loss=0.2800 l2=0.2000 label_smoothing=0.000
D step=3/5 epoch=3/3 loss=0.2781 l2=0.2000 label_smoothing=0.000
D step=4/5 epoch=1/3 loss=0.2920 l2=0.2000 label_smoothing=0.000
D step=4/5 epoch=2/3 loss=0.2811 l2=0.2000 label_smoothing=0.000
D step=4/5 epoch=3/3 loss=0.2782 l2=0.2000 label_smoothing=0.000
D step=5/5 epoch=1/3 loss=0.2910 l2=0.2000 label_smoothing=0.000
D step=5/5 epoch=2/3 loss=0.2819 l2=0.2000 label_smoothing=0.000
D step=5/5 epoch=3/3 loss=0.2786 l2=0.2000 label_smoothing=0.000
ADV epoch=30/60 g_loss=0.0464 d_loss=0.2833 reward=0.1900 reward_var=0.0152 unique=0.7800
D step=1/5 epoch=1/3 loss=0.2904 l2=0.2000 label_smoothing=0.000
D step=1/5 epoch=2/3 loss=0.2818 l2=0.2000 label_smoothing=0.000
D step=1/5 epoch=3/3 loss=0.2802 l2=0.2000 label_smoothing=0.000
D step=2/5 epoch=1/3 loss=0.2921 l2=0.2000 label_smoothing=0.000
D step=2/5 epoch=2/3 loss=0.2837 l2=0.2000 label_smoothing=0.000
D step=2/5 epoch=3/3 loss=0.2808 l2=0.2000 label_smoothing=0.000
D step=3/5 epoch=1/3 loss=0.2914 l2=0.2000 label_smoothing=0.000
D step=3/5 epoch=2/3 loss=0.2832 l2=0.2000 label_smoothing=0.000
D step=3/5 epoch=3/3 loss=0.2775 l2=0.2000 label_smoothing=0.000
D step=4/5 epoch=1/3 loss=0.2922 l2=0.2000 label_smoothing=0.000
D step=4/5 epoch=2/3 loss=0.2822 l2=0.2000 label_smoothing=0.000
D step=4/5 epoch=3/3 loss=0.2788 l2=0.2000 label_smoothing=0.000
D step=5/5 epoch=1/3 loss=0.2893 l2=0.2000 label_smoothing=0.000
D step=5/5 epoch=2/3 loss=0.2784 l2=0.2000 label_smoothing=0.000
D step=5/5 epoch=3/3 loss=0.2755 l2=0.2000 label_smoothing=0.000
ADV epoch=31/60 g_loss=0.0564 d_loss=0.2838 reward=0.2150 reward_var=0.0166 unique=0.7000
D step=1/5 epoch=1/3 loss=0.2991 l2=0.2000 label_smoothing=0.000
D step=1/5 epoch=2/3 loss=0.2866 l2=0.2000 label_smoothing=0.000
D step=1/5 epoch=3/3 loss=0.2844 l2=0.2000 label_smoothing=0.000
D step=2/5 epoch=1/3 loss=0.2971 l2=0.2000 label_smoothing=0.000
D step=2/5 epoch=2/3 loss=0.2878 l2=0.2000 label_smoothing=0.000
D step=2/5 epoch=3/3 loss=0.2840 l2=0.2000 label_smoothing=0.000
D step=3/5 epoch=1/3 loss=0.2977 l2=0.2000 label_smoothing=0.000
D step=3/5 epoch=2/3 loss=0.2880 l2=0.2000 label_smoothing=0.000
D step=3/5 epoch=3/3 loss=0.2860 l2=0.2000 label_smoothing=0.000
D step=4/5 epoch=1/3 loss=0.2933 l2=0.2000 label_smoothing=0.000
D step=4/5 epoch=2/3 loss=0.2866 l2=0.2000 label_smoothing=0.000
D step=4/5 epoch=3/3 loss=0.2822 l2=0.2000 label_smoothing=0.000
D step=5/5 epoch=1/3 loss=0.2983 l2=0.2000 label_smoothing=0.000
D step=5/5 epoch=2/3 loss=0.2878 l2=0.2000 label_smoothing=0.000
D step=5/5 epoch=3/3 loss=0.2856 l2=0.2000 label_smoothing=0.000
ADV epoch=32/60 g_loss=0.0491 d_loss=0.2896 reward=0.1969 reward_var=0.0151 unique=0.7600
D step=1/5 epoch=1/3 loss=0.3002 l2=0.2000 label_smoothing=0.000
D step=1/5 epoch=2/3 loss=0.2911 l2=0.2000 label_smoothing=0.000
D step=1/5 epoch=3/3 loss=0.2869 l2=0.2000 label_smoothing=0.000
D step=2/5 epoch=1/3 loss=0.2996 l2=0.2000 label_smoothing=0.000
D step=2/5 epoch=2/3 loss=0.2902 l2=0.2000 label_smoothing=0.000
D step=2/5 epoch=3/3 loss=0.2872 l2=0.2000 label_smoothing=0.000
D step=3/5 epoch=1/3 loss=0.2986 l2=0.2000 label_smoothing=0.000
D step=3/5 epoch=2/3 loss=0.2918 l2=0.2000 label_smoothing=0.000
D step=3/5 epoch=3/3 loss=0.2895 l2=0.2000 label_smoothing=0.000
D step=4/5 epoch=1/3 loss=0.2955 l2=0.2000 label_smoothing=0.000
D step=4/5 epoch=2/3 loss=0.2858 l2=0.2000 label_smoothing=0.000
D step=4/5 epoch=3/3 loss=0.2828 l2=0.2000 label_smoothing=0.000
D step=5/5 epoch=1/3 loss=0.3024 l2=0.2000 label_smoothing=0.000
D step=5/5 epoch=2/3 loss=0.2924 l2=0.2000 label_smoothing=0.000
D step=5/5 epoch=3/3 loss=0.2876 l2=0.2000 label_smoothing=0.000
ADV epoch=33/60 g_loss=0.0436 d_loss=0.2921 reward=0.1778 reward_var=0.0106 unique=0.5600
D step=1/5 epoch=1/3 loss=0.2979 l2=0.2000 label_smoothing=0.000
D step=1/5 epoch=2/3 loss=0.2886 l2=0.2000 label_smoothing=0.000
D step=1/5 epoch=3/3 loss=0.2865 l2=0.2000 label_smoothing=0.000
D step=2/5 epoch=1/3 loss=0.3007 l2=0.2000 label_smoothing=0.000
D step=2/5 epoch=2/3 loss=0.2913 l2=0.2000 label_smoothing=0.000
D step=2/5 epoch=3/3 loss=0.2890 l2=0.2000 label_smoothing=0.000
D step=3/5 epoch=1/3 loss=0.3010 l2=0.2000 label_smoothing=0.000
D step=3/5 epoch=2/3 loss=0.2911 l2=0.2000 label_smoothing=0.000
D step=3/5 epoch=3/3 loss=0.2877 l2=0.2000 label_smoothing=0.000
D step=4/5 epoch=1/3 loss=0.3016 l2=0.2000 label_smoothing=0.000
D step=4/5 epoch=2/3 loss=0.2927 l2=0.2000 label_smoothing=0.000
D step=4/5 epoch=3/3 loss=0.2900 l2=0.2000 label_smoothing=0.000
D step=5/5 epoch=1/3 loss=0.3011 l2=0.2000 label_smoothing=0.000
D step=5/5 epoch=2/3 loss=0.2932 l2=0.2000 label_smoothing=0.000
D step=5/5 epoch=3/3 loss=0.2903 l2=0.2000 label_smoothing=0.000
ADV epoch=34/60 g_loss=0.0502 d_loss=0.2935 reward=0.2004 reward_var=0.0121 unique=0.6800
D step=1/5 epoch=1/3 loss=0.3009 l2=0.2000 label_smoothing=0.000
D step=1/5 epoch=2/3 loss=0.2911 l2=0.2000 label_smoothing=0.000
D step=1/5 epoch=3/3 loss=0.2893 l2=0.2000 label_smoothing=0.000
D step=2/5 epoch=1/3 loss=0.3005 l2=0.2000 label_smoothing=0.000
D step=2/5 epoch=2/3 loss=0.2915 l2=0.2000 label_smoothing=0.000
D step=2/5 epoch=3/3 loss=0.2890 l2=0.2000 label_smoothing=0.000
D step=3/5 epoch=1/3 loss=0.3075 l2=0.2000 label_smoothing=0.000
D step=3/5 epoch=2/3 loss=0.2977 l2=0.2000 label_smoothing=0.000
D step=3/5 epoch=3/3 loss=0.2937 l2=0.2000 label_smoothing=0.000
D step=4/5 epoch=1/3 loss=0.3028 l2=0.2000 label_smoothing=0.000
D step=4/5 epoch=2/3 loss=0.2925 l2=0.2000 label_smoothing=0.000
D step=4/5 epoch=3/3 loss=0.2889 l2=0.2000 label_smoothing=0.000
D step=5/5 epoch=1/3 loss=0.3057 l2=0.2000 label_smoothing=0.000
D step=5/5 epoch=2/3 loss=0.2933 l2=0.2000 label_smoothing=0.000
D step=5/5 epoch=3/3 loss=0.2904 l2=0.2000 label_smoothing=0.000
ADV epoch=35/60 g_loss=0.0630 d_loss=0.2957 reward=0.2155 reward_var=0.0151 unique=0.7600
D step=1/5 epoch=1/3 loss=0.3066 l2=0.2000 label_smoothing=0.000
D step=1/5 epoch=2/3 loss=0.2967 l2=0.2000 label_smoothing=0.000
D step=1/5 epoch=3/3 loss=0.2951 l2=0.2000 label_smoothing=0.000
D step=2/5 epoch=1/3 loss=0.3064 l2=0.2000 label_smoothing=0.000
D step=2/5 epoch=2/3 loss=0.2963 l2=0.2000 label_smoothing=0.000
D step=2/5 epoch=3/3 loss=0.2934 l2=0.2000 label_smoothing=0.000
D step=3/5 epoch=1/3 loss=0.3081 l2=0.2000 label_smoothing=0.000
D step=3/5 epoch=2/3 loss=0.2949 l2=0.2000 label_smoothing=0.000
D step=3/5 epoch=3/3 loss=0.2931 l2=0.2000 label_smoothing=0.000
D step=4/5 epoch=1/3 loss=0.3039 l2=0.2000 label_smoothing=0.000
D step=4/5 epoch=2/3 loss=0.2938 l2=0.2000 label_smoothing=0.000
D step=4/5 epoch=3/3 loss=0.2917 l2=0.2000 label_smoothing=0.000
D step=5/5 epoch=1/3 loss=0.3052 l2=0.2000 label_smoothing=0.000
D step=5/5 epoch=2/3 loss=0.2954 l2=0.2000 label_smoothing=0.000
D step=5/5 epoch=3/3 loss=0.2924 l2=0.2000 label_smoothing=0.000
ADV epoch=36/60 g_loss=0.0612 d_loss=0.2982 reward=0.2141 reward_var=0.0209 unique=0.7400
D step=1/5 epoch=1/3 loss=0.3070 l2=0.2000 label_smoothing=0.000
D step=1/5 epoch=2/3 loss=0.2981 l2=0.2000 label_smoothing=0.000
D step=1/5 epoch=3/3 loss=0.2963 l2=0.2000 label_smoothing=0.000
D step=2/5 epoch=1/3 loss=0.3081 l2=0.2000 label_smoothing=0.000
D step=2/5 epoch=2/3 loss=0.2990 l2=0.2000 label_smoothing=0.000
D step=2/5 epoch=3/3 loss=0.2956 l2=0.2000 label_smoothing=0.000
D step=3/5 epoch=1/3 loss=0.3051 l2=0.2000 label_smoothing=0.000
D step=3/5 epoch=2/3 loss=0.2960 l2=0.2000 label_smoothing=0.000
D step=3/5 epoch=3/3 loss=0.2934 l2=0.2000 label_smoothing=0.000
D step=4/5 epoch=1/3 loss=0.3073 l2=0.2000 label_smoothing=0.000
D step=4/5 epoch=2/3 loss=0.2969 l2=0.2000 label_smoothing=0.000
D step=4/5 epoch=3/3 loss=0.2948 l2=0.2000 label_smoothing=0.000
D step=5/5 epoch=1/3 loss=0.3106 l2=0.2000 label_smoothing=0.000
D step=5/5 epoch=2/3 loss=0.2989 l2=0.2000 label_smoothing=0.000
D step=5/5 epoch=3/3 loss=0.2986 l2=0.2000 label_smoothing=0.000
ADV epoch=37/60 g_loss=0.0584 d_loss=0.3004 reward=0.2005 reward_var=0.0127 unique=0.6800
D step=1/5 epoch=1/3 loss=0.3103 l2=0.2000 label_smoothing=0.000
D step=1/5 epoch=2/3 loss=0.3005 l2=0.2000 label_smoothing=0.000
D step=1/5 epoch=3/3 loss=0.2985 l2=0.2000 label_smoothing=0.000
D step=2/5 epoch=1/3 loss=0.3106 l2=0.2000 label_smoothing=0.000
D step=2/5 epoch=2/3 loss=0.3033 l2=0.2000 label_smoothing=0.000
D step=2/5 epoch=3/3 loss=0.3004 l2=0.2000 label_smoothing=0.000
D step=3/5 epoch=1/3 loss=0.3126 l2=0.2000 label_smoothing=0.000
D step=3/5 epoch=2/3 loss=0.3038 l2=0.2000 label_smoothing=0.000
D step=3/5 epoch=3/3 loss=0.2993 l2=0.2000 label_smoothing=0.000
D step=4/5 epoch=1/3 loss=0.3104 l2=0.2000 label_smoothing=0.000
D step=4/5 epoch=2/3 loss=0.3003 l2=0.2000 label_smoothing=0.000
D step=4/5 epoch=3/3 loss=0.2965 l2=0.2000 label_smoothing=0.000
D step=5/5 epoch=1/3 loss=0.3122 l2=0.2000 label_smoothing=0.000
D step=5/5 epoch=2/3 loss=0.3046 l2=0.2000 label_smoothing=0.000
D step=5/5 epoch=3/3 loss=0.3028 l2=0.2000 label_smoothing=0.000
ADV epoch=38/60 g_loss=0.0530 d_loss=0.3044 reward=0.2044 reward_var=0.0100 unique=0.6200
D step=1/5 epoch=1/3 loss=0.3058 l2=0.2000 label_smoothing=0.000
D step=1/5 epoch=2/3 loss=0.2954 l2=0.2000 label_smoothing=0.000
D step=1/5 epoch=3/3 loss=0.2945 l2=0.2000 label_smoothing=0.000
D step=2/5 epoch=1/3 loss=0.3052 l2=0.2000 label_smoothing=0.000
D step=2/5 epoch=2/3 loss=0.2962 l2=0.2000 label_smoothing=0.000
D step=2/5 epoch=3/3 loss=0.2943 l2=0.2000 label_smoothing=0.000
D step=3/5 epoch=1/3 loss=0.3055 l2=0.2000 label_smoothing=0.000
D step=3/5 epoch=2/3 loss=0.2978 l2=0.2000 label_smoothing=0.000
D step=3/5 epoch=3/3 loss=0.2933 l2=0.2000 label_smoothing=0.000
D step=4/5 epoch=1/3 loss=0.3060 l2=0.2000 label_smoothing=0.000
D step=4/5 epoch=2/3 loss=0.2981 l2=0.2000 label_smoothing=0.000
D step=4/5 epoch=3/3 loss=0.2957 l2=0.2000 label_smoothing=0.000
D step=5/5 epoch=1/3 loss=0.3094 l2=0.2000 label_smoothing=0.000
D step=5/5 epoch=2/3 loss=0.2979 l2=0.2000 label_smoothing=0.000
D step=5/5 epoch=3/3 loss=0.2953 l2=0.2000 label_smoothing=0.000
ADV epoch=39/60 g_loss=0.0523 d_loss=0.2993 reward=0.1781 reward_var=0.0124 unique=0.6200
D step=1/5 epoch=1/3 loss=0.3063 l2=0.2000 label_smoothing=0.000
D step=1/5 epoch=2/3 loss=0.2997 l2=0.2000 label_smoothing=0.000
D step=1/5 epoch=3/3 loss=0.2951 l2=0.2000 label_smoothing=0.000
D step=2/5 epoch=1/3 loss=0.3080 l2=0.2000 label_smoothing=0.000
D step=2/5 epoch=2/3 loss=0.2995 l2=0.2000 label_smoothing=0.000
D step=2/5 epoch=3/3 loss=0.2953 l2=0.2000 label_smoothing=0.000
D step=3/5 epoch=1/3 loss=0.3061 l2=0.2000 label_smoothing=0.000
D step=3/5 epoch=2/3 loss=0.2964 l2=0.2000 label_smoothing=0.000
D step=3/5 epoch=3/3 loss=0.2944 l2=0.2000 label_smoothing=0.000
D step=4/5 epoch=1/3 loss=0.3068 l2=0.2000 label_smoothing=0.000
D step=4/5 epoch=2/3 loss=0.2961 l2=0.2000 label_smoothing=0.000
D step=4/5 epoch=3/3 loss=0.2930 l2=0.2000 label_smoothing=0.000
D step=5/5 epoch=1/3 loss=0.3088 l2=0.2000 label_smoothing=0.000
D step=5/5 epoch=2/3 loss=0.3020 l2=0.2000 label_smoothing=0.000
D step=5/5 epoch=3/3 loss=0.2993 l2=0.2000 label_smoothing=0.000
ADV epoch=40/60 g_loss=0.0502 d_loss=0.3004 reward=0.2087 reward_var=0.0111 unique=0.6600
D step=1/5 epoch=1/3 loss=0.3077 l2=0.2000 label_smoothing=0.000
D step=1/5 epoch=2/3 loss=0.2978 l2=0.2000 label_smoothing=0.000
D step=1/5 epoch=3/3 loss=0.2962 l2=0.2000 label_smoothing=0.000
D step=2/5 epoch=1/3 loss=0.3067 l2=0.2000 label_smoothing=0.000
D step=2/5 epoch=2/3 loss=0.2980 l2=0.2000 label_smoothing=0.000
D step=2/5 epoch=3/3 loss=0.2929 l2=0.2000 label_smoothing=0.000
D step=3/5 epoch=1/3 loss=0.3092 l2=0.2000 label_smoothing=0.000
D step=3/5 epoch=2/3 loss=0.2992 l2=0.2000 label_smoothing=0.000
D step=3/5 epoch=3/3 loss=0.2972 l2=0.2000 label_smoothing=0.000
D step=4/5 epoch=1/3 loss=0.3098 l2=0.2000 label_smoothing=0.000
D step=4/5 epoch=2/3 loss=0.3024 l2=0.2000 label_smoothing=0.000
D step=4/5 epoch=3/3 loss=0.2996 l2=0.2000 label_smoothing=0.000
D step=5/5 epoch=1/3 loss=0.3094 l2=0.2000 label_smoothing=0.000
D step=5/5 epoch=2/3 loss=0.3002 l2=0.2000 label_smoothing=0.000
D step=5/5 epoch=3/3 loss=0.2966 l2=0.2000 label_smoothing=0.000
ADV epoch=41/60 g_loss=0.0491 d_loss=0.3015 reward=0.1975 reward_var=0.0108 unique=0.6600
D step=1/5 epoch=1/3 loss=0.3080 l2=0.2000 label_smoothing=0.000
D step=1/5 epoch=2/3 loss=0.3019 l2=0.2000 label_smoothing=0.000
D step=1/5 epoch=3/3 loss=0.2979 l2=0.2000 label_smoothing=0.000
D step=2/5 epoch=1/3 loss=0.3097 l2=0.2000 label_smoothing=0.000
D step=2/5 epoch=2/3 loss=0.3005 l2=0.2000 label_smoothing=0.000
D step=2/5 epoch=3/3 loss=0.2978 l2=0.2000 label_smoothing=0.000
D step=3/5 epoch=1/3 loss=0.3113 l2=0.2000 label_smoothing=0.000
D step=3/5 epoch=2/3 loss=0.3006 l2=0.2000 label_smoothing=0.000
D step=3/5 epoch=3/3 loss=0.2958 l2=0.2000 label_smoothing=0.000
D step=4/5 epoch=1/3 loss=0.3127 l2=0.2000 label_smoothing=0.000
D step=4/5 epoch=2/3 loss=0.3033 l2=0.2000 label_smoothing=0.000
D step=4/5 epoch=3/3 loss=0.2995 l2=0.2000 label_smoothing=0.000
D step=5/5 epoch=1/3 loss=0.3130 l2=0.2000 label_smoothing=0.000
D step=5/5 epoch=2/3 loss=0.3018 l2=0.2000 label_smoothing=0.000
D step=5/5 epoch=3/3 loss=0.2991 l2=0.2000 label_smoothing=0.000
ADV epoch=42/60 g_loss=0.0481 d_loss=0.3035 reward=0.2181 reward_var=0.0090 unique=0.5800
D step=1/5 epoch=1/3 loss=0.3135 l2=0.2000 label_smoothing=0.000
D step=1/5 epoch=2/3 loss=0.3020 l2=0.2000 label_smoothing=0.000
D step=1/5 epoch=3/3 loss=0.2999 l2=0.2000 label_smoothing=0.000
D step=2/5 epoch=1/3 loss=0.3067 l2=0.2000 label_smoothing=0.000
D step=2/5 epoch=2/3 loss=0.2967 l2=0.2000 label_smoothing=0.000
D step=2/5 epoch=3/3 loss=0.2965 l2=0.2000 label_smoothing=0.000
D step=3/5 epoch=1/3 loss=0.3149 l2=0.2000 label_smoothing=0.000
D step=3/5 epoch=2/3 loss=0.3050 l2=0.2000 label_smoothing=0.000
D step=3/5 epoch=3/3 loss=0.3013 l2=0.2000 label_smoothing=0.000
D step=4/5 epoch=1/3 loss=0.3084 l2=0.2000 label_smoothing=0.000
D step=4/5 epoch=2/3 loss=0.3005 l2=0.2000 label_smoothing=0.000
D step=4/5 epoch=3/3 loss=0.2995 l2=0.2000 label_smoothing=0.000
D step=5/5 epoch=1/3 loss=0.3031 l2=0.2000 label_smoothing=0.000
D step=5/5 epoch=2/3 loss=0.2971 l2=0.2000 label_smoothing=0.000
D step=5/5 epoch=3/3 loss=0.2941 l2=0.2000 label_smoothing=0.000
ADV epoch=43/60 g_loss=0.0522 d_loss=0.3026 reward=0.2108 reward_var=0.0124 unique=0.6800
D step=1/5 epoch=1/3 loss=0.3000 l2=0.2000 label_smoothing=0.000
D step=1/5 epoch=2/3 loss=0.2893 l2=0.2000 label_smoothing=0.000
D step=1/5 epoch=3/3 loss=0.2857 l2=0.2000 label_smoothing=0.000
D step=2/5 epoch=1/3 loss=0.3011 l2=0.2000 label_smoothing=0.000
D step=2/5 epoch=2/3 loss=0.2919 l2=0.2000 label_smoothing=0.000
D step=2/5 epoch=3/3 loss=0.2878 l2=0.2000 label_smoothing=0.000
D step=3/5 epoch=1/3 loss=0.3027 l2=0.2000 label_smoothing=0.000
D step=3/5 epoch=2/3 loss=0.2935 l2=0.2000 label_smoothing=0.000
D step=3/5 epoch=3/3 loss=0.2916 l2=0.2000 label_smoothing=0.000
D step=4/5 epoch=1/3 loss=0.2988 l2=0.2000 label_smoothing=0.000
D step=4/5 epoch=2/3 loss=0.2904 l2=0.2000 label_smoothing=0.000
D step=4/5 epoch=3/3 loss=0.2872 l2=0.2000 label_smoothing=0.000
D step=5/5 epoch=1/3 loss=0.3017 l2=0.2000 label_smoothing=0.000
D step=5/5 epoch=2/3 loss=0.2948 l2=0.2000 label_smoothing=0.000
D step=5/5 epoch=3/3 loss=0.2893 l2=0.2000 label_smoothing=0.000
ADV epoch=44/60 g_loss=0.0524 d_loss=0.2937 reward=0.2076 reward_var=0.0105 unique=0.7600
D step=1/5 epoch=1/3 loss=0.2925 l2=0.2000 label_smoothing=0.000
D step=1/5 epoch=2/3 loss=0.2833 l2=0.2000 label_smoothing=0.000
D step=1/5 epoch=3/3 loss=0.2810 l2=0.2000 label_smoothing=0.000
D step=2/5 epoch=1/3 loss=0.2929 l2=0.2000 label_smoothing=0.000
D step=2/5 epoch=2/3 loss=0.2814 l2=0.2000 label_smoothing=0.000
D step=2/5 epoch=3/3 loss=0.2776 l2=0.2000 label_smoothing=0.000
D step=3/5 epoch=1/3 loss=0.2925 l2=0.2000 label_smoothing=0.000
D step=3/5 epoch=2/3 loss=0.2853 l2=0.2000 label_smoothing=0.000
D step=3/5 epoch=3/3 loss=0.2802 l2=0.2000 label_smoothing=0.000
D step=4/5 epoch=1/3 loss=0.2923 l2=0.2000 label_smoothing=0.000
D step=4/5 epoch=2/3 loss=0.2832 l2=0.2000 label_smoothing=0.000
D step=4/5 epoch=3/3 loss=0.2819 l2=0.2000 label_smoothing=0.000
D step=5/5 epoch=1/3 loss=0.2939 l2=0.2000 label_smoothing=0.000
D step=5/5 epoch=2/3 loss=0.2830 l2=0.2000 label_smoothing=0.000
D step=5/5 epoch=3/3 loss=0.2797 l2=0.2000 label_smoothing=0.000
ADV epoch=45/60 g_loss=0.0496 d_loss=0.2854 reward=0.2154 reward_var=0.0133 unique=0.7400
D step=1/5 epoch=1/3 loss=0.2883 l2=0.2000 label_smoothing=0.000
D step=1/5 epoch=2/3 loss=0.2803 l2=0.2000 label_smoothing=0.000
D step=1/5 epoch=3/3 loss=0.2781 l2=0.2000 label_smoothing=0.000
D step=2/5 epoch=1/3 loss=0.2878 l2=0.2000 label_smoothing=0.000
D step=2/5 epoch=2/3 loss=0.2779 l2=0.2000 label_smoothing=0.000
D step=2/5 epoch=3/3 loss=0.2769 l2=0.2000 label_smoothing=0.000
D step=3/5 epoch=1/3 loss=0.2919 l2=0.2000 label_smoothing=0.000
D step=3/5 epoch=2/3 loss=0.2811 l2=0.2000 label_smoothing=0.000
D step=3/5 epoch=3/3 loss=0.2779 l2=0.2000 label_smoothing=0.000
D step=4/5 epoch=1/3 loss=0.2851 l2=0.2000 label_smoothing=0.000
D step=4/5 epoch=2/3 loss=0.2763 l2=0.2000 label_smoothing=0.000
D step=4/5 epoch=3/3 loss=0.2736 l2=0.2000 label_smoothing=0.000
D step=5/5 epoch=1/3 loss=0.2908 l2=0.2000 label_smoothing=0.000
D step=5/5 epoch=2/3 loss=0.2823 l2=0.2000 label_smoothing=0.000
D step=5/5 epoch=3/3 loss=0.2778 l2=0.2000 label_smoothing=0.000
ADV epoch=46/60 g_loss=0.0475 d_loss=0.2817 reward=0.2075 reward_var=0.0137 unique=0.6600
D step=1/5 epoch=1/3 loss=0.2882 l2=0.2000 label_smoothing=0.000
D step=1/5 epoch=2/3 loss=0.2790 l2=0.2000 label_smoothing=0.000
D step=1/5 epoch=3/3 loss=0.2764 l2=0.2000 label_smoothing=0.000
D step=2/5 epoch=1/3 loss=0.2888 l2=0.2000 label_smoothing=0.000
D step=2/5 epoch=2/3 loss=0.2803 l2=0.2000 label_smoothing=0.000
D step=2/5 epoch=3/3 loss=0.2777 l2=0.2000 label_smoothing=0.000
D step=3/5 epoch=1/3 loss=0.2868 l2=0.2000 label_smoothing=0.000
D step=3/5 epoch=2/3 loss=0.2784 l2=0.2000 label_smoothing=0.000
D step=3/5 epoch=3/3 loss=0.2772 l2=0.2000 label_smoothing=0.000
D step=4/5 epoch=1/3 loss=0.2901 l2=0.2000 label_smoothing=0.000
D step=4/5 epoch=2/3 loss=0.2825 l2=0.2000 label_smoothing=0.000
D step=4/5 epoch=3/3 loss=0.2787 l2=0.2000 label_smoothing=0.000
D step=5/5 epoch=1/3 loss=0.2870 l2=0.2000 label_smoothing=0.000
D step=5/5 epoch=2/3 loss=0.2812 l2=0.2000 label_smoothing=0.000
D step=5/5 epoch=3/3 loss=0.2761 l2=0.2000 label_smoothing=0.000
ADV epoch=47/60 g_loss=0.0547 d_loss=0.2819 reward=0.2030 reward_var=0.0175 unique=0.8000
D step=1/5 epoch=1/3 loss=0.2968 l2=0.2000 label_smoothing=0.000
D step=1/5 epoch=2/3 loss=0.2855 l2=0.2000 label_smoothing=0.000
D step=1/5 epoch=3/3 loss=0.2822 l2=0.2000 label_smoothing=0.000
D step=2/5 epoch=1/3 loss=0.2922 l2=0.2000 label_smoothing=0.000
D step=2/5 epoch=2/3 loss=0.2832 l2=0.2000 label_smoothing=0.000
D step=2/5 epoch=3/3 loss=0.2804 l2=0.2000 label_smoothing=0.000
D step=3/5 epoch=1/3 loss=0.2898 l2=0.2000 label_smoothing=0.000
D step=3/5 epoch=2/3 loss=0.2836 l2=0.2000 label_smoothing=0.000
D step=3/5 epoch=3/3 loss=0.2806 l2=0.2000 label_smoothing=0.000
D step=4/5 epoch=1/3 loss=0.2910 l2=0.2000 label_smoothing=0.000
D step=4/5 epoch=2/3 loss=0.2806 l2=0.2000 label_smoothing=0.000
D step=4/5 epoch=3/3 loss=0.2803 l2=0.2000 label_smoothing=0.000
D step=5/5 epoch=1/3 loss=0.2893 l2=0.2000 label_smoothing=0.000
D step=5/5 epoch=2/3 loss=0.2794 l2=0.2000 label_smoothing=0.000
D step=5/5 epoch=3/3 loss=0.2780 l2=0.2000 label_smoothing=0.000
ADV epoch=48/60 g_loss=0.0715 d_loss=0.2849 reward=0.2555 reward_var=0.0229 unique=0.6800
D step=1/5 epoch=1/3 loss=0.2954 l2=0.2000 label_smoothing=0.000
D step=1/5 epoch=2/3 loss=0.2896 l2=0.2000 label_smoothing=0.000
D step=1/5 epoch=3/3 loss=0.2884 l2=0.2000 label_smoothing=0.000
D step=2/5 epoch=1/3 loss=0.2966 l2=0.2000 label_smoothing=0.000
D step=2/5 epoch=2/3 loss=0.2866 l2=0.2000 label_smoothing=0.000
D step=2/5 epoch=3/3 loss=0.2831 l2=0.2000 label_smoothing=0.000
D step=3/5 epoch=1/3 loss=0.2941 l2=0.2000 label_smoothing=0.000
D step=3/5 epoch=2/3 loss=0.2876 l2=0.2000 label_smoothing=0.000
D step=3/5 epoch=3/3 loss=0.2821 l2=0.2000 label_smoothing=0.000
D step=4/5 epoch=1/3 loss=0.2974 l2=0.2000 label_smoothing=0.000
D step=4/5 epoch=2/3 loss=0.2856 l2=0.2000 label_smoothing=0.000
D step=4/5 epoch=3/3 loss=0.2816 l2=0.2000 label_smoothing=0.000
D step=5/5 epoch=1/3 loss=0.2944 l2=0.2000 label_smoothing=0.000
D step=5/5 epoch=2/3 loss=0.2843 l2=0.2000 label_smoothing=0.000
D step=5/5 epoch=3/3 loss=0.2828 l2=0.2000 label_smoothing=0.000
ADV epoch=49/60 g_loss=0.0558 d_loss=0.2886 reward=0.2153 reward_var=0.0122 unique=0.7800
D step=1/5 epoch=1/3 loss=0.3002 l2=0.2000 label_smoothing=0.000
D step=1/5 epoch=2/3 loss=0.2923 l2=0.2000 label_smoothing=0.000
D step=1/5 epoch=3/3 loss=0.2894 l2=0.2000 label_smoothing=0.000
D step=2/5 epoch=1/3 loss=0.3000 l2=0.2000 label_smoothing=0.000
D step=2/5 epoch=2/3 loss=0.2892 l2=0.2000 label_smoothing=0.000
D step=2/5 epoch=3/3 loss=0.2877 l2=0.2000 label_smoothing=0.000
D step=3/5 epoch=1/3 loss=0.2989 l2=0.2000 label_smoothing=0.000
D step=3/5 epoch=2/3 loss=0.2898 l2=0.2000 label_smoothing=0.000
D step=3/5 epoch=3/3 loss=0.2879 l2=0.2000 label_smoothing=0.000
D step=4/5 epoch=1/3 loss=0.2995 l2=0.2000 label_smoothing=0.000
D step=4/5 epoch=2/3 loss=0.2931 l2=0.2000 label_smoothing=0.000
D step=4/5 epoch=3/3 loss=0.2887 l2=0.2000 label_smoothing=0.000
D step=5/5 epoch=1/3 loss=0.2976 l2=0.2000 label_smoothing=0.000
D step=5/5 epoch=2/3 loss=0.2900 l2=0.2000 label_smoothing=0.000
D step=5/5 epoch=3/3 loss=0.2878 l2=0.2000 label_smoothing=0.000
ADV epoch=50/60 g_loss=0.0474 d_loss=0.2928 reward=0.1877 reward_var=0.0115 unique=0.7400
D step=1/5 epoch=1/3 loss=0.2989 l2=0.2000 label_smoothing=0.000
D step=1/5 epoch=2/3 loss=0.2925 l2=0.2000 label_smoothing=0.000
D step=1/5 epoch=3/3 loss=0.2914 l2=0.2000 label_smoothing=0.000
D step=2/5 epoch=1/3 loss=0.3004 l2=0.2000 label_smoothing=0.000
D step=2/5 epoch=2/3 loss=0.2898 l2=0.2000 label_smoothing=0.000
D step=2/5 epoch=3/3 loss=0.2886 l2=0.2000 label_smoothing=0.000
D step=3/5 epoch=1/3 loss=0.3064 l2=0.2000 label_smoothing=0.000
D step=3/5 epoch=2/3 loss=0.2956 l2=0.2000 label_smoothing=0.000
D step=3/5 epoch=3/3 loss=0.2942 l2=0.2000 label_smoothing=0.000
D step=4/5 epoch=1/3 loss=0.3028 l2=0.2000 label_smoothing=0.000
D step=4/5 epoch=2/3 loss=0.2948 l2=0.2000 label_smoothing=0.000
D step=4/5 epoch=3/3 loss=0.2920 l2=0.2000 label_smoothing=0.000
D step=5/5 epoch=1/3 loss=0.3048 l2=0.2000 label_smoothing=0.000
D step=5/5 epoch=2/3 loss=0.2943 l2=0.2000 label_smoothing=0.000
D step=5/5 epoch=3/3 loss=0.2922 l2=0.2000 label_smoothing=0.000
ADV epoch=51/60 g_loss=0.0483 d_loss=0.2959 reward=0.1901 reward_var=0.0164 unique=0.7400
D step=1/5 epoch=1/3 loss=0.3031 l2=0.2000 label_smoothing=0.000
D step=1/5 epoch=2/3 loss=0.2975 l2=0.2000 label_smoothing=0.000
D step=1/5 epoch=3/3 loss=0.2956 l2=0.2000 label_smoothing=0.000
D step=2/5 epoch=1/3 loss=0.3029 l2=0.2000 label_smoothing=0.000
D step=2/5 epoch=2/3 loss=0.2945 l2=0.2000 label_smoothing=0.000
D step=2/5 epoch=3/3 loss=0.2918 l2=0.2000 label_smoothing=0.000
D step=3/5 epoch=1/3 loss=0.3022 l2=0.2000 label_smoothing=0.000
D step=3/5 epoch=2/3 loss=0.2965 l2=0.2000 label_smoothing=0.000
D step=3/5 epoch=3/3 loss=0.2949 l2=0.2000 label_smoothing=0.000
D step=4/5 epoch=1/3 loss=0.3109 l2=0.2000 label_smoothing=0.000
D step=4/5 epoch=2/3 loss=0.3015 l2=0.2000 label_smoothing=0.000
D step=4/5 epoch=3/3 loss=0.2986 l2=0.2000 label_smoothing=0.000
D step=5/5 epoch=1/3 loss=0.3070 l2=0.2000 label_smoothing=0.000
D step=5/5 epoch=2/3 loss=0.2963 l2=0.2000 label_smoothing=0.000
D step=5/5 epoch=3/3 loss=0.2936 l2=0.2000 label_smoothing=0.000
ADV epoch=52/60 g_loss=0.0544 d_loss=0.2991 reward=0.2160 reward_var=0.0164 unique=0.6200
D step=1/5 epoch=1/3 loss=0.3071 l2=0.2000 label_smoothing=0.000
D step=1/5 epoch=2/3 loss=0.3000 l2=0.2000 label_smoothing=0.000
D step=1/5 epoch=3/3 loss=0.2959 l2=0.2000 label_smoothing=0.000
D step=2/5 epoch=1/3 loss=0.3103 l2=0.2000 label_smoothing=0.000
D step=2/5 epoch=2/3 loss=0.2991 l2=0.2000 label_smoothing=0.000
D step=2/5 epoch=3/3 loss=0.2989 l2=0.2000 label_smoothing=0.000
D step=3/5 epoch=1/3 loss=0.3109 l2=0.2000 label_smoothing=0.000
D step=3/5 epoch=2/3 loss=0.3005 l2=0.2000 label_smoothing=0.000
D step=3/5 epoch=3/3 loss=0.2984 l2=0.2000 label_smoothing=0.000
D step=4/5 epoch=1/3 loss=0.3072 l2=0.2000 label_smoothing=0.000
D step=4/5 epoch=2/3 loss=0.2986 l2=0.2000 label_smoothing=0.000
D step=4/5 epoch=3/3 loss=0.2970 l2=0.2000 label_smoothing=0.000
D step=5/5 epoch=1/3 loss=0.3069 l2=0.2000 label_smoothing=0.000
D step=5/5 epoch=2/3 loss=0.2990 l2=0.2000 label_smoothing=0.000
D step=5/5 epoch=3/3 loss=0.2970 l2=0.2000 label_smoothing=0.000
ADV epoch=53/60 g_loss=0.0507 d_loss=0.3018 reward=0.2045 reward_var=0.0149 unique=0.5800
D step=1/5 epoch=1/3 loss=0.3067 l2=0.2000 label_smoothing=0.000
D step=1/5 epoch=2/3 loss=0.2980 l2=0.2000 label_smoothing=0.000
D step=1/5 epoch=3/3 loss=0.2974 l2=0.2000 label_smoothing=0.000
D step=2/5 epoch=1/3 loss=0.3056 l2=0.2000 label_smoothing=0.000
D step=2/5 epoch=2/3 loss=0.2980 l2=0.2000 label_smoothing=0.000
D step=2/5 epoch=3/3 loss=0.2953 l2=0.2000 label_smoothing=0.000
D step=3/5 epoch=1/3 loss=0.3066 l2=0.2000 label_smoothing=0.000
D step=3/5 epoch=2/3 loss=0.2977 l2=0.2000 label_smoothing=0.000
D step=3/5 epoch=3/3 loss=0.2954 l2=0.2000 label_smoothing=0.000
D step=4/5 epoch=1/3 loss=0.3080 l2=0.2000 label_smoothing=0.000
D step=4/5 epoch=2/3 loss=0.3004 l2=0.2000 label_smoothing=0.000
D step=4/5 epoch=3/3 loss=0.2983 l2=0.2000 label_smoothing=0.000
D step=5/5 epoch=1/3 loss=0.3083 l2=0.2000 label_smoothing=0.000
D step=5/5 epoch=2/3 loss=0.3000 l2=0.2000 label_smoothing=0.000
D step=5/5 epoch=3/3 loss=0.2981 l2=0.2000 label_smoothing=0.000
ADV epoch=54/60 g_loss=0.0471 d_loss=0.3009 reward=0.1724 reward_var=0.0084 unique=0.6000
D step=1/5 epoch=1/3 loss=0.3068 l2=0.2000 label_smoothing=0.000
D step=1/5 epoch=2/3 loss=0.2991 l2=0.2000 label_smoothing=0.000
D step=1/5 epoch=3/3 loss=0.2968 l2=0.2000 label_smoothing=0.000
D step=2/5 epoch=1/3 loss=0.3106 l2=0.2000 label_smoothing=0.000
D step=2/5 epoch=2/3 loss=0.3010 l2=0.2000 label_smoothing=0.000
D step=2/5 epoch=3/3 loss=0.2973 l2=0.2000 label_smoothing=0.000
D step=3/5 epoch=1/3 loss=0.3067 l2=0.2000 label_smoothing=0.000
D step=3/5 epoch=2/3 loss=0.2976 l2=0.2000 label_smoothing=0.000
D step=3/5 epoch=3/3 loss=0.2947 l2=0.2000 label_smoothing=0.000
D step=4/5 epoch=1/3 loss=0.3060 l2=0.2000 label_smoothing=0.000
D step=4/5 epoch=2/3 loss=0.2991 l2=0.2000 label_smoothing=0.000
D step=4/5 epoch=3/3 loss=0.2961 l2=0.2000 label_smoothing=0.000
D step=5/5 epoch=1/3 loss=0.3077 l2=0.2000 label_smoothing=0.000
D step=5/5 epoch=2/3 loss=0.2999 l2=0.2000 label_smoothing=0.000
D step=5/5 epoch=3/3 loss=0.2974 l2=0.2000 label_smoothing=0.000
ADV epoch=55/60 g_loss=0.0569 d_loss=0.3011 reward=0.2030 reward_var=0.0128 unique=0.6200
D step=1/5 epoch=1/3 loss=0.3100 l2=0.2000 label_smoothing=0.000
D step=1/5 epoch=2/3 loss=0.3020 l2=0.2000 label_smoothing=0.000
D step=1/5 epoch=3/3 loss=0.3012 l2=0.2000 label_smoothing=0.000
D step=2/5 epoch=1/3 loss=0.3098 l2=0.2000 label_smoothing=0.000
D step=2/5 epoch=2/3 loss=0.3029 l2=0.2000 label_smoothing=0.000
D step=2/5 epoch=3/3 loss=0.2991 l2=0.2000 label_smoothing=0.000
D step=3/5 epoch=1/3 loss=0.3090 l2=0.2000 label_smoothing=0.000
D step=3/5 epoch=2/3 loss=0.2988 l2=0.2000 label_smoothing=0.000
D step=3/5 epoch=3/3 loss=0.2968 l2=0.2000 label_smoothing=0.000
D step=4/5 epoch=1/3 loss=0.3108 l2=0.2000 label_smoothing=0.000
D step=4/5 epoch=2/3 loss=0.3030 l2=0.2000 label_smoothing=0.000
D step=4/5 epoch=3/3 loss=0.3003 l2=0.2000 label_smoothing=0.000
D step=5/5 epoch=1/3 loss=0.3096 l2=0.2000 label_smoothing=0.000
D step=5/5 epoch=2/3 loss=0.3008 l2=0.2000 label_smoothing=0.000
D step=5/5 epoch=3/3 loss=0.2957 l2=0.2000 label_smoothing=0.000
ADV epoch=56/60 g_loss=0.0569 d_loss=0.3033 reward=0.2227 reward_var=0.0133 unique=0.4400
D step=1/5 epoch=1/3 loss=0.3103 l2=0.2000 label_smoothing=0.000
D step=1/5 epoch=2/3 loss=0.3027 l2=0.2000 label_smoothing=0.000
D step=1/5 epoch=3/3 loss=0.2989 l2=0.2000 label_smoothing=0.000
D step=2/5 epoch=1/3 loss=0.3102 l2=0.2000 label_smoothing=0.000
D step=2/5 epoch=2/3 loss=0.3027 l2=0.2000 label_smoothing=0.000
D step=2/5 epoch=3/3 loss=0.3005 l2=0.2000 label_smoothing=0.000
D step=3/5 epoch=1/3 loss=0.3109 l2=0.2000 label_smoothing=0.000
D step=3/5 epoch=2/3 loss=0.3037 l2=0.2000 label_smoothing=0.000
D step=3/5 epoch=3/3 loss=0.3031 l2=0.2000 label_smoothing=0.000
D step=4/5 epoch=1/3 loss=0.3092 l2=0.2000 label_smoothing=0.000
D step=4/5 epoch=2/3 loss=0.3027 l2=0.2000 label_smoothing=0.000
D step=4/5 epoch=3/3 loss=0.3000 l2=0.2000 label_smoothing=0.000
D step=5/5 epoch=1/3 loss=0.3061 l2=0.2000 label_smoothing=0.000
D step=5/5 epoch=2/3 loss=0.2998 l2=0.2000 label_smoothing=0.000
D step=5/5 epoch=3/3 loss=0.2990 l2=0.2000 label_smoothing=0.000
ADV epoch=57/60 g_loss=0.0462 d_loss=0.3040 reward=0.2039 reward_var=0.0107 unique=0.7000
D step=1/5 epoch=1/3 loss=0.3113 l2=0.2000 label_smoothing=0.000
D step=1/5 epoch=2/3 loss=0.3045 l2=0.2000 label_smoothing=0.000
D step=1/5 epoch=3/3 loss=0.3014 l2=0.2000 label_smoothing=0.000
D step=2/5 epoch=1/3 loss=0.3053 l2=0.2000 label_smoothing=0.000
D step=2/5 epoch=2/3 loss=0.2987 l2=0.2000 label_smoothing=0.000
D step=2/5 epoch=3/3 loss=0.2959 l2=0.2000 label_smoothing=0.000
D step=3/5 epoch=1/3 loss=0.3113 l2=0.2000 label_smoothing=0.000
D step=3/5 epoch=2/3 loss=0.3053 l2=0.2000 label_smoothing=0.000
D step=3/5 epoch=3/3 loss=0.3011 l2=0.2000 label_smoothing=0.000
D step=4/5 epoch=1/3 loss=0.3101 l2=0.2000 label_smoothing=0.000
D step=4/5 epoch=2/3 loss=0.3029 l2=0.2000 label_smoothing=0.000
D step=4/5 epoch=3/3 loss=0.2996 l2=0.2000 label_smoothing=0.000
D step=5/5 epoch=1/3 loss=0.3086 l2=0.2000 label_smoothing=0.000
D step=5/5 epoch=2/3 loss=0.3042 l2=0.2000 label_smoothing=0.000
D step=5/5 epoch=3/3 loss=0.3001 l2=0.2000 label_smoothing=0.000
ADV epoch=58/60 g_loss=0.0556 d_loss=0.3040 reward=0.2291 reward_var=0.0100 unique=0.6000
D step=1/5 epoch=1/3 loss=0.3100 l2=0.2000 label_smoothing=0.000
D step=1/5 epoch=2/3 loss=0.3022 l2=0.2000 label_smoothing=0.000
D step=1/5 epoch=3/3 loss=0.3014 l2=0.2000 label_smoothing=0.000
D step=2/5 epoch=1/3 loss=0.3094 l2=0.2000 label_smoothing=0.000
D step=2/5 epoch=2/3 loss=0.3009 l2=0.2000 label_smoothing=0.000
D step=2/5 epoch=3/3 loss=0.2980 l2=0.2000 label_smoothing=0.000
D step=3/5 epoch=1/3 loss=0.3104 l2=0.2000 label_smoothing=0.000
D step=3/5 epoch=2/3 loss=0.3023 l2=0.2000 label_smoothing=0.000
D step=3/5 epoch=3/3 loss=0.3002 l2=0.2000 label_smoothing=0.000
D step=4/5 epoch=1/3 loss=0.3086 l2=0.2000 label_smoothing=0.000
D step=4/5 epoch=2/3 loss=0.2999 l2=0.2000 label_smoothing=0.000
D step=4/5 epoch=3/3 loss=0.2999 l2=0.2000 label_smoothing=0.000
D step=5/5 epoch=1/3 loss=0.3070 l2=0.2000 label_smoothing=0.000
D step=5/5 epoch=2/3 loss=0.2974 l2=0.2000 label_smoothing=0.000
D step=5/5 epoch=3/3 loss=0.2936 l2=0.2000 label_smoothing=0.000
ADV epoch=59/60 g_loss=0.0482 d_loss=0.3028 reward=0.1811 reward_var=0.0089 unique=0.6400
D step=1/5 epoch=1/3 loss=0.3115 l2=0.2000 label_smoothing=0.000
D step=1/5 epoch=2/3 loss=0.3031 l2=0.2000 label_smoothing=0.000
D step=1/5 epoch=3/3 loss=0.3002 l2=0.2000 label_smoothing=0.000
D step=2/5 epoch=1/3 loss=0.3065 l2=0.2000 label_smoothing=0.000
D step=2/5 epoch=2/3 loss=0.2994 l2=0.2000 label_smoothing=0.000
D step=2/5 epoch=3/3 loss=0.2977 l2=0.2000 label_smoothing=0.000
D step=3/5 epoch=1/3 loss=0.3093 l2=0.2000 label_smoothing=0.000
D step=3/5 epoch=2/3 loss=0.3023 l2=0.2000 label_smoothing=0.000
D step=3/5 epoch=3/3 loss=0.3005 l2=0.2000 label_smoothing=0.000
D step=4/5 epoch=1/3 loss=0.3041 l2=0.2000 label_smoothing=0.000
D step=4/5 epoch=2/3 loss=0.2984 l2=0.2000 label_smoothing=0.000
D step=4/5 epoch=3/3 loss=0.2961 l2=0.2000 label_smoothing=0.000
D step=5/5 epoch=1/3 loss=0.3087 l2=0.2000 label_smoothing=0.000
D step=5/5 epoch=2/3 loss=0.3010 l2=0.2000 label_smoothing=0.000
D step=5/5 epoch=3/3 loss=0.3002 l2=0.2000 label_smoothing=0.000
ADV epoch=60/60 g_loss=0.0511 d_loss=0.3026 reward=0.2090 reward_var=0.0160 unique=0.5600
saved 500 raw samples to /content/drive/MyDrive/GAN/GAN_SQLi_Colab/results_seqgan_phase2b_phase3/phase1/seqgan_master/all/raw/Rfull/generated_payloads.csv
