{
  "metric_schema_version": "quality-metrics-v3",
  "normalization_version": "nfkc_html_percent1_casefold_ws_quotes_v1",
  "seed": 88,
  "method": "seqgan_master",
  "family": "time",
  "scenario": "A",
  "ratio": "50",
  "generation_kind": "direct",
  "schema_valid": true,
  "stop_reason": "n/a",
  "n_generated": 200,
  "unique_rate": 1.0,
  "normalized_unique_rate": 0.98,
  "duplicate_rate": 0.0,
  "model_collapse_rate": 0.0,
  "dominant_payload_share": 0.005,
  "normalized_dominant_payload_share": 0.015,
  "sql_parse_rate": 1.0,
  "sql_structure_rate": 0.03,
  "family_motif_coverage": 0.0,
  "family_motif_hit_rate": 0.0,
  "garbage_rate": 0.97,
  "wellformed_rate": 1.0,
  "shaped_rate": 0.03,
  "family_motif_coverage_by_family": {
    "time": 0.0
  },
  "family_motif_hit_rate_by_family": {
    "time": 0.0
  },
  "inferred_family_distribution": {
    "boolean": 0.0,
    "union": 0.0,
    "time": 0.0,
    "error": 0.0,
    "other": 1.0
  },
  "train_reference_count": 312,
  "holdout_reference_count": 296,
  "exact_input_overlap": 0.0,
  "normalized_input_overlap": 0.0,
  "holdout_overlap": 0.0,
  "normalized_holdout_overlap": 0.0,
  "nearest_input_similarity_mean": 0.12700038447427117,
  "nearest_input_similarity_median": 0.12861869313482216,
  "nearest_input_similarity_p90": 0.19065934065934065,
  "nearest_char3_jaccard_mean": 0.12700038447427117,
  "nearest_char3_jaccard_median": 0.12861869313482216,
  "nearest_char3_jaccard_p90": 0.19065934065934065,
  "nearest_token_jaccard_mean": 0.23233407564657566,
  "nearest_token_jaccard_median": 0.25,
  "nearest_token_jaccard_p90": 0.37749999999999984,
  "nearest_edit_similarity_mean": 0.2905803584672405,
  "nearest_edit_similarity_median": 0.30000000000000004,
  "nearest_edit_similarity_p90": 0.40909090909090906,
  "nearest_feature_cosine_mean": 0.8285135457458871,
  "nearest_feature_cosine_median": 0.869530351659197,
  "nearest_feature_cosine_p90": 0.952922377630225,
  "nearest_input_distance_mean": 0.8729996155257288,
  "nearest_input_distance_median": 0.8713813068651779,
  "nearest_input_distance_p90": 0.937689393939394,
  "mean_nearest_similarity": 0.12700038447427117,
  "median_nearest_similarity": 0.12861869313482216,
  "p90_nearest_similarity": 0.19065934065934065,
  "unique_nearest_payload_rate": 0.225,
  "dominant_retrieved_payload_share": 0.245,
  "nearest_reference_count": 312,
  "distinct_1": 0.22459893048128343,
  "distinct_2": 0.4993197278911565,
  "distinct_3": 0.7102803738317757,
  "lexical_diversity": 0.22459893048128343,
  "character_diversity": 0.6979323036234811,
  "token_diversity": 0.5913093504809425,
  "keyword_diversity": 0.8699155297736259,
  "operator_diversity": 0.6696966025119319,
  "function_diversity": 0.991631570286522,
  "comment_style_diversity": 0.0,
  "length_zone_diversity": 0.2,
  "self_bleu": 0.753920284841816,
  "self_bleu_char": 0.753920284841816,
  "requested_count": 200,
  "generated_count_fraction": 1.0
}
