
[1/3] pretrain G
G epoch=1/60 loss=4.5317
G epoch=2/60 loss=4.1773
G epoch=3/60 loss=3.7102
G epoch=4/60 loss=3.1580
G epoch=5/60 loss=2.8875
G epoch=6/60 loss=2.6593
G epoch=7/60 loss=2.5560
G epoch=8/60 loss=2.4528
G epoch=9/60 loss=2.3215
G epoch=10/60 loss=2.2209
G epoch=11/60 loss=2.0983
G epoch=12/60 loss=1.9927
G epoch=13/60 loss=1.9106
G epoch=14/60 loss=1.8367
G epoch=15/60 loss=1.7473
G epoch=16/60 loss=1.6728
G epoch=17/60 loss=1.6352
G epoch=18/60 loss=1.5739
G epoch=19/60 loss=1.5001
G epoch=20/60 loss=1.4401
G epoch=21/60 loss=1.4339
G epoch=22/60 loss=1.3881
G epoch=23/60 loss=1.3423
G epoch=24/60 loss=1.2652
G epoch=25/60 loss=1.2504
G epoch=26/60 loss=1.2091
G epoch=27/60 loss=1.1776
G epoch=28/60 loss=1.1300
G epoch=29/60 loss=1.0741
G epoch=30/60 loss=1.0508
G epoch=31/60 loss=1.0402
G epoch=32/60 loss=0.9972
G epoch=33/60 loss=0.9511
G epoch=34/60 loss=0.9458
G epoch=35/60 loss=0.9329
G epoch=36/60 loss=0.9101
G epoch=37/60 loss=0.8858
G epoch=38/60 loss=0.8557
G epoch=39/60 loss=0.8376
G epoch=40/60 loss=0.8247
G epoch=41/60 loss=0.8375
G epoch=42/60 loss=0.7947
G epoch=43/60 loss=0.7561
G epoch=44/60 loss=0.7937
G epoch=45/60 loss=0.7814
G epoch=46/60 loss=0.7632
G epoch=47/60 loss=0.7702
G epoch=48/60 loss=0.7404
G epoch=49/60 loss=0.7186
G epoch=50/60 loss=0.7146
G epoch=51/60 loss=0.7203
G epoch=52/60 loss=0.7367
G epoch=53/60 loss=0.7192
G epoch=54/60 loss=0.6900
G epoch=55/60 loss=0.6695
G epoch=56/60 loss=0.7060
G epoch=57/60 loss=0.6793
G epoch=58/60 loss=0.7104
G epoch=59/60 loss=0.6891
G epoch=60/60 loss=0.6689

[2/3] pretrain D
D step=1/30 epoch=1/3 loss=0.7724 l2=0.2000 label_smoothing=0.000
D step=1/30 epoch=2/3 loss=0.7125 l2=0.2000 label_smoothing=0.000
D step=1/30 epoch=3/3 loss=0.6681 l2=0.2000 label_smoothing=0.000
D step=2/30 epoch=1/3 loss=0.6671 l2=0.2000 label_smoothing=0.000
D step=2/30 epoch=2/3 loss=0.6608 l2=0.2000 label_smoothing=0.000
D step=2/30 epoch=3/3 loss=0.6027 l2=0.2000 label_smoothing=0.000
D step=3/30 epoch=1/3 loss=0.6059 l2=0.2000 label_smoothing=0.000
D step=3/30 epoch=2/3 loss=0.5455 l2=0.2000 label_smoothing=0.000
D step=3/30 epoch=3/3 loss=0.5238 l2=0.2000 label_smoothing=0.000
D step=4/30 epoch=1/3 loss=0.5478 l2=0.2000 label_smoothing=0.000
D step=4/30 epoch=2/3 loss=0.5059 l2=0.2000 label_smoothing=0.000
D step=4/30 epoch=3/3 loss=0.4695 l2=0.2000 label_smoothing=0.000
D step=5/30 epoch=1/3 loss=0.4837 l2=0.2000 label_smoothing=0.000
D step=5/30 epoch=2/3 loss=0.4430 l2=0.2000 label_smoothing=0.000
D step=5/30 epoch=3/3 loss=0.4067 l2=0.2000 label_smoothing=0.000
D step=6/30 epoch=1/3 loss=0.3991 l2=0.2000 label_smoothing=0.000
D step=6/30 epoch=2/3 loss=0.3611 l2=0.2000 label_smoothing=0.000
D step=6/30 epoch=3/3 loss=0.3297 l2=0.2000 label_smoothing=0.000
D step=7/30 epoch=1/3 loss=0.3697 l2=0.2000 label_smoothing=0.000
D step=7/30 epoch=2/3 loss=0.3214 l2=0.2000 label_smoothing=0.000
D step=7/30 epoch=3/3 loss=0.2828 l2=0.2000 label_smoothing=0.000
D step=8/30 epoch=1/3 loss=0.3260 l2=0.2000 label_smoothing=0.000
D step=8/30 epoch=2/3 loss=0.2966 l2=0.2000 label_smoothing=0.000
D step=8/30 epoch=3/3 loss=0.2829 l2=0.2000 label_smoothing=0.000
D step=9/30 epoch=1/3 loss=0.2748 l2=0.2000 label_smoothing=0.000
D step=9/30 epoch=2/3 loss=0.2502 l2=0.2000 label_smoothing=0.000
D step=9/30 epoch=3/3 loss=0.2346 l2=0.2000 label_smoothing=0.000
D step=10/30 epoch=1/3 loss=0.2716 l2=0.2000 label_smoothing=0.000
D step=10/30 epoch=2/3 loss=0.2584 l2=0.2000 label_smoothing=0.000
D step=10/30 epoch=3/3 loss=0.2361 l2=0.2000 label_smoothing=0.000
D step=11/30 epoch=1/3 loss=0.2530 l2=0.2000 label_smoothing=0.000
D step=11/30 epoch=2/3 loss=0.2294 l2=0.2000 label_smoothing=0.000
D step=11/30 epoch=3/3 loss=0.2082 l2=0.2000 label_smoothing=0.000
D step=12/30 epoch=1/3 loss=0.2973 l2=0.2000 label_smoothing=0.000
D step=12/30 epoch=2/3 loss=0.2890 l2=0.2000 label_smoothing=0.000
D step=12/30 epoch=3/3 loss=0.2481 l2=0.2000 label_smoothing=0.000
D step=13/30 epoch=1/3 loss=0.2320 l2=0.2000 label_smoothing=0.000
D step=13/30 epoch=2/3 loss=0.2165 l2=0.2000 label_smoothing=0.000
D step=13/30 epoch=3/3 loss=0.2053 l2=0.2000 label_smoothing=0.000
D step=14/30 epoch=1/3 loss=0.2186 l2=0.2000 label_smoothing=0.000
D step=14/30 epoch=2/3 loss=0.1922 l2=0.2000 label_smoothing=0.000
D step=14/30 epoch=3/3 loss=0.1713 l2=0.2000 label_smoothing=0.000
D step=15/30 epoch=1/3 loss=0.2451 l2=0.2000 label_smoothing=0.000
D step=15/30 epoch=2/3 loss=0.2087 l2=0.2000 label_smoothing=0.000
D step=15/30 epoch=3/3 loss=0.2046 l2=0.2000 label_smoothing=0.000
D step=16/30 epoch=1/3 loss=0.2138 l2=0.2000 label_smoothing=0.000
D step=16/30 epoch=2/3 loss=0.1964 l2=0.2000 label_smoothing=0.000
D step=16/30 epoch=3/3 loss=0.1877 l2=0.2000 label_smoothing=0.000
D step=17/30 epoch=1/3 loss=0.2468 l2=0.2000 label_smoothing=0.000
D step=17/30 epoch=2/3 loss=0.2533 l2=0.2000 label_smoothing=0.000
D step=17/30 epoch=3/3 loss=0.2128 l2=0.2000 label_smoothing=0.000
D step=18/30 epoch=1/3 loss=0.2329 l2=0.2000 label_smoothing=0.000
D step=18/30 epoch=2/3 loss=0.1897 l2=0.2000 label_smoothing=0.000
D step=18/30 epoch=3/3 loss=0.1893 l2=0.2000 label_smoothing=0.000
D step=19/30 epoch=1/3 loss=0.2317 l2=0.2000 label_smoothing=0.000
D step=19/30 epoch=2/3 loss=0.2188 l2=0.2000 label_smoothing=0.000
D step=19/30 epoch=3/3 loss=0.1912 l2=0.2000 label_smoothing=0.000
D step=20/30 epoch=1/3 loss=0.2074 l2=0.2000 label_smoothing=0.000
D step=20/30 epoch=2/3 loss=0.2009 l2=0.2000 label_smoothing=0.000
D step=20/30 epoch=3/3 loss=0.1712 l2=0.2000 label_smoothing=0.000
D step=21/30 epoch=1/3 loss=0.2041 l2=0.2000 label_smoothing=0.000
D step=21/30 epoch=2/3 loss=0.1881 l2=0.2000 label_smoothing=0.000
D step=21/30 epoch=3/3 loss=0.1707 l2=0.2000 label_smoothing=0.000
D step=22/30 epoch=1/3 loss=0.1974 l2=0.2000 label_smoothing=0.000
D step=22/30 epoch=2/3 loss=0.1934 l2=0.2000 label_smoothing=0.000
D step=22/30 epoch=3/3 loss=0.1692 l2=0.2000 label_smoothing=0.000
D step=23/30 epoch=1/3 loss=0.2306 l2=0.2000 label_smoothing=0.000
D step=23/30 epoch=2/3 loss=0.1778 l2=0.2000 label_smoothing=0.000
D step=23/30 epoch=3/3 loss=0.1918 l2=0.2000 label_smoothing=0.000
D step=24/30 epoch=1/3 loss=0.1998 l2=0.2000 label_smoothing=0.000
D step=24/30 epoch=2/3 loss=0.1669 l2=0.2000 label_smoothing=0.000
D step=24/30 epoch=3/3 loss=0.1895 l2=0.2000 label_smoothing=0.000
D step=25/30 epoch=1/3 loss=0.2063 l2=0.2000 label_smoothing=0.000
D step=25/30 epoch=2/3 loss=0.1685 l2=0.2000 label_smoothing=0.000
D step=25/30 epoch=3/3 loss=0.1571 l2=0.2000 label_smoothing=0.000
D step=26/30 epoch=1/3 loss=0.1357 l2=0.2000 label_smoothing=0.000
D step=26/30 epoch=2/3 loss=0.1189 l2=0.2000 label_smoothing=0.000
D step=26/30 epoch=3/3 loss=0.1166 l2=0.2000 label_smoothing=0.000
D step=27/30 epoch=1/3 loss=0.1769 l2=0.2000 label_smoothing=0.000
D step=27/30 epoch=2/3 loss=0.1498 l2=0.2000 label_smoothing=0.000
D step=27/30 epoch=3/3 loss=0.1373 l2=0.2000 label_smoothing=0.000
D step=28/30 epoch=1/3 loss=0.2016 l2=0.2000 label_smoothing=0.000
D step=28/30 epoch=2/3 loss=0.1818 l2=0.2000 label_smoothing=0.000
D step=28/30 epoch=3/3 loss=0.1515 l2=0.2000 label_smoothing=0.000
D step=29/30 epoch=1/3 loss=0.1750 l2=0.2000 label_smoothing=0.000
D step=29/30 epoch=2/3 loss=0.1371 l2=0.2000 label_smoothing=0.000
D step=29/30 epoch=3/3 loss=0.1242 l2=0.2000 label_smoothing=0.000
D step=30/30 epoch=1/3 loss=0.1641 l2=0.2000 label_smoothing=0.000
D step=30/30 epoch=2/3 loss=0.1319 l2=0.2000 label_smoothing=0.000
D step=30/30 epoch=3/3 loss=0.1361 l2=0.2000 label_smoothing=0.000

[3/3] adversarial
generator_reward_mode=off reward_alpha=1.000 d_steps=5 d_epochs=3
D step=1/5 epoch=1/3 loss=0.3348 l2=0.2000 label_smoothing=0.000
D step=1/5 epoch=2/3 loss=0.3247 l2=0.2000 label_smoothing=0.000
D step=1/5 epoch=3/3 loss=0.2643 l2=0.2000 label_smoothing=0.000
D step=2/5 epoch=1/3 loss=0.2715 l2=0.2000 label_smoothing=0.000
D step=2/5 epoch=2/3 loss=0.3080 l2=0.2000 label_smoothing=0.000
D step=2/5 epoch=3/3 loss=0.2494 l2=0.2000 label_smoothing=0.000
D step=3/5 epoch=1/3 loss=0.2162 l2=0.2000 label_smoothing=0.000
D step=3/5 epoch=2/3 loss=0.1981 l2=0.2000 label_smoothing=0.000
D step=3/5 epoch=3/3 loss=0.1822 l2=0.2000 label_smoothing=0.000
D step=4/5 epoch=1/3 loss=0.1907 l2=0.2000 label_smoothing=0.000
D step=4/5 epoch=2/3 loss=0.1866 l2=0.2000 label_smoothing=0.000
D step=4/5 epoch=3/3 loss=0.1695 l2=0.2000 label_smoothing=0.000
D step=5/5 epoch=1/3 loss=0.1938 l2=0.2000 label_smoothing=0.000
D step=5/5 epoch=2/3 loss=0.1781 l2=0.2000 label_smoothing=0.000
D step=5/5 epoch=3/3 loss=0.1860 l2=0.2000 label_smoothing=0.000
ADV epoch=1/60 g_loss=0.0389 d_loss=0.2303 reward=0.0710 reward_var=0.0249 unique=0.9600
D step=1/5 epoch=1/3 loss=0.2695 l2=0.2000 label_smoothing=0.000
D step=1/5 epoch=2/3 loss=0.2464 l2=0.2000 label_smoothing=0.000
D step=1/5 epoch=3/3 loss=0.1977 l2=0.2000 label_smoothing=0.000
D step=2/5 epoch=1/3 loss=0.2115 l2=0.2000 label_smoothing=0.000
D step=2/5 epoch=2/3 loss=0.1887 l2=0.2000 label_smoothing=0.000
D step=2/5 epoch=3/3 loss=0.2019 l2=0.2000 label_smoothing=0.000
D step=3/5 epoch=1/3 loss=0.2112 l2=0.2000 label_smoothing=0.000
D step=3/5 epoch=2/3 loss=0.1984 l2=0.2000 label_smoothing=0.000
D step=3/5 epoch=3/3 loss=0.1809 l2=0.2000 label_smoothing=0.000
D step=4/5 epoch=1/3 loss=0.2120 l2=0.2000 label_smoothing=0.000
D step=4/5 epoch=2/3 loss=0.1995 l2=0.2000 label_smoothing=0.000
D step=4/5 epoch=3/3 loss=0.1791 l2=0.2000 label_smoothing=0.000
D step=5/5 epoch=1/3 loss=0.2264 l2=0.2000 label_smoothing=0.000
D step=5/5 epoch=2/3 loss=0.1969 l2=0.2000 label_smoothing=0.000
D step=5/5 epoch=3/3 loss=0.1920 l2=0.2000 label_smoothing=0.000
ADV epoch=2/60 g_loss=0.0381 d_loss=0.2075 reward=0.0861 reward_var=0.0302 unique=0.9600
D step=1/5 epoch=1/3 loss=0.2320 l2=0.2000 label_smoothing=0.000
D step=1/5 epoch=2/3 loss=0.2352 l2=0.2000 label_smoothing=0.000
D step=1/5 epoch=3/3 loss=0.2066 l2=0.2000 label_smoothing=0.000
D step=2/5 epoch=1/3 loss=0.1927 l2=0.2000 label_smoothing=0.000
D step=2/5 epoch=2/3 loss=0.1780 l2=0.2000 label_smoothing=0.000
D step=2/5 epoch=3/3 loss=0.1667 l2=0.2000 label_smoothing=0.000
D step=3/5 epoch=1/3 loss=0.2254 l2=0.2000 label_smoothing=0.000
D step=3/5 epoch=2/3 loss=0.1995 l2=0.2000 label_smoothing=0.000
D step=3/5 epoch=3/3 loss=0.1833 l2=0.2000 label_smoothing=0.000
D step=4/5 epoch=1/3 loss=0.1987 l2=0.2000 label_smoothing=0.000
D step=4/5 epoch=2/3 loss=0.1762 l2=0.2000 label_smoothing=0.000
D step=4/5 epoch=3/3 loss=0.1748 l2=0.2000 label_smoothing=0.000
D step=5/5 epoch=1/3 loss=0.1552 l2=0.2000 label_smoothing=0.000
D step=5/5 epoch=2/3 loss=0.1403 l2=0.2000 label_smoothing=0.000
D step=5/5 epoch=3/3 loss=0.1479 l2=0.2000 label_smoothing=0.000
ADV epoch=3/60 g_loss=0.0305 d_loss=0.1875 reward=0.0817 reward_var=0.0211 unique=0.9400
D step=1/5 epoch=1/3 loss=0.2501 l2=0.2000 label_smoothing=0.000
D step=1/5 epoch=2/3 loss=0.2573 l2=0.2000 label_smoothing=0.000
D step=1/5 epoch=3/3 loss=0.2141 l2=0.2000 label_smoothing=0.000
D step=2/5 epoch=1/3 loss=0.2651 l2=0.2000 label_smoothing=0.000
D step=2/5 epoch=2/3 loss=0.2451 l2=0.2000 label_smoothing=0.000
D step=2/5 epoch=3/3 loss=0.2234 l2=0.2000 label_smoothing=0.000
D step=3/5 epoch=1/3 loss=0.2173 l2=0.2000 label_smoothing=0.000
D step=3/5 epoch=2/3 loss=0.1906 l2=0.2000 label_smoothing=0.000
D step=3/5 epoch=3/3 loss=0.2004 l2=0.2000 label_smoothing=0.000
D step=4/5 epoch=1/3 loss=0.1879 l2=0.2000 label_smoothing=0.000
D step=4/5 epoch=2/3 loss=0.1764 l2=0.2000 label_smoothing=0.000
D step=4/5 epoch=3/3 loss=0.1715 l2=0.2000 label_smoothing=0.000
D step=5/5 epoch=1/3 loss=0.1673 l2=0.2000 label_smoothing=0.000
D step=5/5 epoch=2/3 loss=0.1593 l2=0.2000 label_smoothing=0.000
D step=5/5 epoch=3/3 loss=0.1490 l2=0.2000 label_smoothing=0.000
ADV epoch=4/60 g_loss=0.0473 d_loss=0.2050 reward=0.0969 reward_var=0.0262 unique=0.7800
D step=1/5 epoch=1/3 loss=0.2831 l2=0.2000 label_smoothing=0.000
D step=1/5 epoch=2/3 loss=0.2629 l2=0.2000 label_smoothing=0.000
D step=1/5 epoch=3/3 loss=0.2064 l2=0.2000 label_smoothing=0.000
D step=2/5 epoch=1/3 loss=0.2063 l2=0.2000 label_smoothing=0.000
D step=2/5 epoch=2/3 loss=0.1990 l2=0.2000 label_smoothing=0.000
D step=2/5 epoch=3/3 loss=0.1842 l2=0.2000 label_smoothing=0.000
D step=3/5 epoch=1/3 loss=0.2016 l2=0.2000 label_smoothing=0.000
D step=3/5 epoch=2/3 loss=0.1983 l2=0.2000 label_smoothing=0.000
D step=3/5 epoch=3/3 loss=0.1868 l2=0.2000 label_smoothing=0.000
D step=4/5 epoch=1/3 loss=0.2392 l2=0.2000 label_smoothing=0.000
D step=4/5 epoch=2/3 loss=0.1927 l2=0.2000 label_smoothing=0.000
D step=4/5 epoch=3/3 loss=0.2083 l2=0.2000 label_smoothing=0.000
D step=5/5 epoch=1/3 loss=0.1750 l2=0.2000 label_smoothing=0.000
D step=5/5 epoch=2/3 loss=0.1711 l2=0.2000 label_smoothing=0.000
D step=5/5 epoch=3/3 loss=0.1702 l2=0.2000 label_smoothing=0.000
ADV epoch=5/60 g_loss=0.0345 d_loss=0.2057 reward=0.1253 reward_var=0.0410 unique=0.8800
D step=1/5 epoch=1/3 loss=0.2359 l2=0.2000 label_smoothing=0.000
D step=1/5 epoch=2/3 loss=0.2334 l2=0.2000 label_smoothing=0.000
D step=1/5 epoch=3/3 loss=0.2061 l2=0.2000 label_smoothing=0.000
D step=2/5 epoch=1/3 loss=0.2279 l2=0.2000 label_smoothing=0.000
D step=2/5 epoch=2/3 loss=0.2074 l2=0.2000 label_smoothing=0.000
D step=2/5 epoch=3/3 loss=0.1956 l2=0.2000 label_smoothing=0.000
D step=3/5 epoch=1/3 loss=0.1961 l2=0.2000 label_smoothing=0.000
D step=3/5 epoch=2/3 loss=0.1888 l2=0.2000 label_smoothing=0.000
D step=3/5 epoch=3/3 loss=0.1897 l2=0.2000 label_smoothing=0.000
D step=4/5 epoch=1/3 loss=0.2146 l2=0.2000 label_smoothing=0.000
D step=4/5 epoch=2/3 loss=0.2197 l2=0.2000 label_smoothing=0.000
D step=4/5 epoch=3/3 loss=0.1987 l2=0.2000 label_smoothing=0.000
D step=5/5 epoch=1/3 loss=0.1891 l2=0.2000 label_smoothing=0.000
D step=5/5 epoch=2/3 loss=0.1878 l2=0.2000 label_smoothing=0.000
D step=5/5 epoch=3/3 loss=0.1787 l2=0.2000 label_smoothing=0.000
ADV epoch=6/60 g_loss=0.0338 d_loss=0.2046 reward=0.1087 reward_var=0.0252 unique=0.8200
D step=1/5 epoch=1/3 loss=0.3458 l2=0.2000 label_smoothing=0.000
D step=1/5 epoch=2/3 loss=0.3276 l2=0.2000 label_smoothing=0.000
D step=1/5 epoch=3/3 loss=0.2660 l2=0.2000 label_smoothing=0.000
D step=2/5 epoch=1/3 loss=0.2581 l2=0.2000 label_smoothing=0.000
D step=2/5 epoch=2/3 loss=0.2126 l2=0.2000 label_smoothing=0.000
D step=2/5 epoch=3/3 loss=0.2224 l2=0.2000 label_smoothing=0.000
D step=3/5 epoch=1/3 loss=0.2278 l2=0.2000 label_smoothing=0.000
D step=3/5 epoch=2/3 loss=0.2245 l2=0.2000 label_smoothing=0.000
D step=3/5 epoch=3/3 loss=0.2285 l2=0.2000 label_smoothing=0.000
D step=4/5 epoch=1/3 loss=0.2352 l2=0.2000 label_smoothing=0.000
D step=4/5 epoch=2/3 loss=0.2215 l2=0.2000 label_smoothing=0.000
D step=4/5 epoch=3/3 loss=0.2135 l2=0.2000 label_smoothing=0.000
D step=5/5 epoch=1/3 loss=0.2376 l2=0.2000 label_smoothing=0.000
D step=5/5 epoch=2/3 loss=0.2117 l2=0.2000 label_smoothing=0.000
D step=5/5 epoch=3/3 loss=0.2195 l2=0.2000 label_smoothing=0.000
ADV epoch=7/60 g_loss=0.0206 d_loss=0.2435 reward=0.0849 reward_var=0.0153 unique=0.7400
D step=1/5 epoch=1/3 loss=0.2614 l2=0.2000 label_smoothing=0.000
D step=1/5 epoch=2/3 loss=0.2452 l2=0.2000 label_smoothing=0.000
D step=1/5 epoch=3/3 loss=0.2206 l2=0.2000 label_smoothing=0.000
D step=2/5 epoch=1/3 loss=0.2401 l2=0.2000 label_smoothing=0.000
D step=2/5 epoch=2/3 loss=0.2253 l2=0.2000 label_smoothing=0.000
D step=2/5 epoch=3/3 loss=0.2174 l2=0.2000 label_smoothing=0.000
D step=3/5 epoch=1/3 loss=0.2088 l2=0.2000 label_smoothing=0.000
D step=3/5 epoch=2/3 loss=0.2162 l2=0.2000 label_smoothing=0.000
D step=3/5 epoch=3/3 loss=0.2063 l2=0.2000 label_smoothing=0.000
D step=4/5 epoch=1/3 loss=0.2331 l2=0.2000 label_smoothing=0.000
D step=4/5 epoch=2/3 loss=0.2167 l2=0.2000 label_smoothing=0.000
D step=4/5 epoch=3/3 loss=0.2089 l2=0.2000 label_smoothing=0.000
D step=5/5 epoch=1/3 loss=0.2431 l2=0.2000 label_smoothing=0.000
D step=5/5 epoch=2/3 loss=0.2295 l2=0.2000 label_smoothing=0.000
D step=5/5 epoch=3/3 loss=0.2152 l2=0.2000 label_smoothing=0.000
ADV epoch=8/60 g_loss=0.0297 d_loss=0.2258 reward=0.1268 reward_var=0.0224 unique=0.7400
D step=1/5 epoch=1/3 loss=0.2920 l2=0.2000 label_smoothing=0.000
D step=1/5 epoch=2/3 loss=0.2130 l2=0.2000 label_smoothing=0.000
D step=1/5 epoch=3/3 loss=0.2099 l2=0.2000 label_smoothing=0.000
D step=2/5 epoch=1/3 loss=0.2204 l2=0.2000 label_smoothing=0.000
D step=2/5 epoch=2/3 loss=0.2297 l2=0.2000 label_smoothing=0.000
D step=2/5 epoch=3/3 loss=0.2255 l2=0.2000 label_smoothing=0.000
D step=3/5 epoch=1/3 loss=0.2546 l2=0.2000 label_smoothing=0.000
D step=3/5 epoch=2/3 loss=0.1933 l2=0.2000 label_smoothing=0.000
D step=3/5 epoch=3/3 loss=0.2223 l2=0.2000 label_smoothing=0.000
D step=4/5 epoch=1/3 loss=0.2492 l2=0.2000 label_smoothing=0.000
D step=4/5 epoch=2/3 loss=0.2534 l2=0.2000 label_smoothing=0.000
D step=4/5 epoch=3/3 loss=0.2305 l2=0.2000 label_smoothing=0.000
D step=5/5 epoch=1/3 loss=0.2352 l2=0.2000 label_smoothing=0.000
D step=5/5 epoch=2/3 loss=0.2238 l2=0.2000 label_smoothing=0.000
D step=5/5 epoch=3/3 loss=0.2321 l2=0.2000 label_smoothing=0.000
ADV epoch=9/60 g_loss=0.0209 d_loss=0.2323 reward=0.1382 reward_var=0.0243 unique=0.6000
D step=1/5 epoch=1/3 loss=0.3125 l2=0.2000 label_smoothing=0.000
D step=1/5 epoch=2/3 loss=0.2832 l2=0.2000 label_smoothing=0.000
D step=1/5 epoch=3/3 loss=0.2512 l2=0.2000 label_smoothing=0.000
D step=2/5 epoch=1/3 loss=0.2218 l2=0.2000 label_smoothing=0.000
D step=2/5 epoch=2/3 loss=0.2339 l2=0.2000 label_smoothing=0.000
D step=2/5 epoch=3/3 loss=0.2220 l2=0.2000 label_smoothing=0.000
D step=3/5 epoch=1/3 loss=0.2468 l2=0.2000 label_smoothing=0.000
D step=3/5 epoch=2/3 loss=0.2264 l2=0.2000 label_smoothing=0.000
D step=3/5 epoch=3/3 loss=0.2284 l2=0.2000 label_smoothing=0.000
D step=4/5 epoch=1/3 loss=0.2632 l2=0.2000 label_smoothing=0.000
D step=4/5 epoch=2/3 loss=0.2559 l2=0.2000 label_smoothing=0.000
D step=4/5 epoch=3/3 loss=0.2397 l2=0.2000 label_smoothing=0.000
D step=5/5 epoch=1/3 loss=0.2334 l2=0.2000 label_smoothing=0.000
D step=5/5 epoch=2/3 loss=0.2128 l2=0.2000 label_smoothing=0.000
D step=5/5 epoch=3/3 loss=0.2242 l2=0.2000 label_smoothing=0.000
ADV epoch=10/60 g_loss=0.0142 d_loss=0.2437 reward=0.1275 reward_var=0.0222 unique=0.5600
D step=1/5 epoch=1/3 loss=0.3247 l2=0.2000 label_smoothing=0.000
D step=1/5 epoch=2/3 loss=0.2470 l2=0.2000 label_smoothing=0.000
D step=1/5 epoch=3/3 loss=0.2407 l2=0.2000 label_smoothing=0.000
D step=2/5 epoch=1/3 loss=0.2798 l2=0.2000 label_smoothing=0.000
D step=2/5 epoch=2/3 loss=0.2504 l2=0.2000 label_smoothing=0.000
D step=2/5 epoch=3/3 loss=0.2234 l2=0.2000 label_smoothing=0.000
D step=3/5 epoch=1/3 loss=0.2367 l2=0.2000 label_smoothing=0.000
D step=3/5 epoch=2/3 loss=0.2298 l2=0.2000 label_smoothing=0.000
D step=3/5 epoch=3/3 loss=0.2282 l2=0.2000 label_smoothing=0.000
D step=4/5 epoch=1/3 loss=0.2430 l2=0.2000 label_smoothing=0.000
D step=4/5 epoch=2/3 loss=0.2267 l2=0.2000 label_smoothing=0.000
D step=4/5 epoch=3/3 loss=0.2341 l2=0.2000 label_smoothing=0.000
D step=5/5 epoch=1/3 loss=0.2110 l2=0.2000 label_smoothing=0.000
D step=5/5 epoch=2/3 loss=0.2126 l2=0.2000 label_smoothing=0.000
D step=5/5 epoch=3/3 loss=0.1991 l2=0.2000 label_smoothing=0.000
ADV epoch=11/60 g_loss=0.0140 d_loss=0.2391 reward=0.1388 reward_var=0.0186 unique=0.6400
D step=1/5 epoch=1/3 loss=0.2540 l2=0.2000 label_smoothing=0.000
D step=1/5 epoch=2/3 loss=0.2519 l2=0.2000 label_smoothing=0.000
D step=1/5 epoch=3/3 loss=0.2420 l2=0.2000 label_smoothing=0.000
D step=2/5 epoch=1/3 loss=0.2568 l2=0.2000 label_smoothing=0.000
D step=2/5 epoch=2/3 loss=0.2324 l2=0.2000 label_smoothing=0.000
D step=2/5 epoch=3/3 loss=0.2247 l2=0.2000 label_smoothing=0.000
D step=3/5 epoch=1/3 loss=0.2633 l2=0.2000 label_smoothing=0.000
D step=3/5 epoch=2/3 loss=0.2463 l2=0.2000 label_smoothing=0.000
D step=3/5 epoch=3/3 loss=0.2494 l2=0.2000 label_smoothing=0.000
D step=4/5 epoch=1/3 loss=0.2418 l2=0.2000 label_smoothing=0.000
D step=4/5 epoch=2/3 loss=0.2330 l2=0.2000 label_smoothing=0.000
D step=4/5 epoch=3/3 loss=0.2288 l2=0.2000 label_smoothing=0.000
D step=5/5 epoch=1/3 loss=0.2564 l2=0.2000 label_smoothing=0.000
D step=5/5 epoch=2/3 loss=0.2463 l2=0.2000 label_smoothing=0.000
D step=5/5 epoch=3/3 loss=0.2417 l2=0.2000 label_smoothing=0.000
ADV epoch=12/60 g_loss=0.0251 d_loss=0.2446 reward=0.1547 reward_var=0.0255 unique=0.5000
D step=1/5 epoch=1/3 loss=0.3044 l2=0.2000 label_smoothing=0.000
D step=1/5 epoch=2/3 loss=0.2475 l2=0.2000 label_smoothing=0.000
D step=1/5 epoch=3/3 loss=0.2506 l2=0.2000 label_smoothing=0.000
D step=2/5 epoch=1/3 loss=0.2624 l2=0.2000 label_smoothing=0.000
D step=2/5 epoch=2/3 loss=0.2524 l2=0.2000 label_smoothing=0.000
D step=2/5 epoch=3/3 loss=0.2478 l2=0.2000 label_smoothing=0.000
D step=3/5 epoch=1/3 loss=0.2608 l2=0.2000 label_smoothing=0.000
D step=3/5 epoch=2/3 loss=0.2516 l2=0.2000 label_smoothing=0.000
D step=3/5 epoch=3/3 loss=0.2380 l2=0.2000 label_smoothing=0.000
D step=4/5 epoch=1/3 loss=0.2391 l2=0.2000 label_smoothing=0.000
D step=4/5 epoch=2/3 loss=0.2460 l2=0.2000 label_smoothing=0.000
D step=4/5 epoch=3/3 loss=0.2435 l2=0.2000 label_smoothing=0.000
D step=5/5 epoch=1/3 loss=0.2625 l2=0.2000 label_smoothing=0.000
D step=5/5 epoch=2/3 loss=0.2524 l2=0.2000 label_smoothing=0.000
D step=5/5 epoch=3/3 loss=0.2534 l2=0.2000 label_smoothing=0.000
ADV epoch=13/60 g_loss=0.0160 d_loss=0.2542 reward=0.1338 reward_var=0.0190 unique=0.3400
D step=1/5 epoch=1/3 loss=0.3107 l2=0.2000 label_smoothing=0.000
D step=1/5 epoch=2/3 loss=0.2864 l2=0.2000 label_smoothing=0.000
D step=1/5 epoch=3/3 loss=0.2722 l2=0.2000 label_smoothing=0.000
D step=2/5 epoch=1/3 loss=0.3074 l2=0.2000 label_smoothing=0.000
D step=2/5 epoch=2/3 loss=0.2732 l2=0.2000 label_smoothing=0.000
D step=2/5 epoch=3/3 loss=0.2657 l2=0.2000 label_smoothing=0.000
D step=3/5 epoch=1/3 loss=0.2138 l2=0.2000 label_smoothing=0.000
D step=3/5 epoch=2/3 loss=0.2281 l2=0.2000 label_smoothing=0.000
D step=3/5 epoch=3/3 loss=0.2131 l2=0.2000 label_smoothing=0.000
D step=4/5 epoch=1/3 loss=0.2600 l2=0.2000 label_smoothing=0.000
D step=4/5 epoch=2/3 loss=0.2523 l2=0.2000 label_smoothing=0.000
D step=4/5 epoch=3/3 loss=0.2362 l2=0.2000 label_smoothing=0.000
D step=5/5 epoch=1/3 loss=0.2607 l2=0.2000 label_smoothing=0.000
D step=5/5 epoch=2/3 loss=0.2661 l2=0.2000 label_smoothing=0.000
D step=5/5 epoch=3/3 loss=0.2440 l2=0.2000 label_smoothing=0.000
ADV epoch=14/60 g_loss=0.0139 d_loss=0.2593 reward=0.1395 reward_var=0.0099 unique=0.5000
D step=1/5 epoch=1/3 loss=0.2976 l2=0.2000 label_smoothing=0.000
D step=1/5 epoch=2/3 loss=0.2525 l2=0.2000 label_smoothing=0.000
D step=1/5 epoch=3/3 loss=0.2571 l2=0.2000 label_smoothing=0.000
D step=2/5 epoch=1/3 loss=0.2673 l2=0.2000 label_smoothing=0.000
D step=2/5 epoch=2/3 loss=0.2670 l2=0.2000 label_smoothing=0.000
D step=2/5 epoch=3/3 loss=0.2596 l2=0.2000 label_smoothing=0.000
D step=3/5 epoch=1/3 loss=0.3042 l2=0.2000 label_smoothing=0.000
D step=3/5 epoch=2/3 loss=0.2821 l2=0.2000 label_smoothing=0.000
D step=3/5 epoch=3/3 loss=0.2636 l2=0.2000 label_smoothing=0.000
D step=4/5 epoch=1/3 loss=0.2507 l2=0.2000 label_smoothing=0.000
D step=4/5 epoch=2/3 loss=0.2566 l2=0.2000 label_smoothing=0.000
D step=4/5 epoch=3/3 loss=0.2379 l2=0.2000 label_smoothing=0.000
D step=5/5 epoch=1/3 loss=0.2474 l2=0.2000 label_smoothing=0.000
D step=5/5 epoch=2/3 loss=0.2384 l2=0.2000 label_smoothing=0.000
D step=5/5 epoch=3/3 loss=0.2363 l2=0.2000 label_smoothing=0.000
ADV epoch=15/60 g_loss=0.0102 d_loss=0.2612 reward=0.1583 reward_var=0.0084 unique=0.3800
D step=1/5 epoch=1/3 loss=0.2396 l2=0.2000 label_smoothing=0.000
D step=1/5 epoch=2/3 loss=0.2262 l2=0.2000 label_smoothing=0.000
D step=1/5 epoch=3/3 loss=0.2216 l2=0.2000 label_smoothing=0.000
D step=2/5 epoch=1/3 loss=0.2729 l2=0.2000 label_smoothing=0.000
D step=2/5 epoch=2/3 loss=0.2543 l2=0.2000 label_smoothing=0.000
D step=2/5 epoch=3/3 loss=0.2576 l2=0.2000 label_smoothing=0.000
D step=3/5 epoch=1/3 loss=0.2826 l2=0.2000 label_smoothing=0.000
D step=3/5 epoch=2/3 loss=0.2661 l2=0.2000 label_smoothing=0.000
D step=3/5 epoch=3/3 loss=0.2588 l2=0.2000 label_smoothing=0.000
D step=4/5 epoch=1/3 loss=0.2665 l2=0.2000 label_smoothing=0.000
D step=4/5 epoch=2/3 loss=0.2531 l2=0.2000 label_smoothing=0.000
D step=4/5 epoch=3/3 loss=0.2426 l2=0.2000 label_smoothing=0.000
D step=5/5 epoch=1/3 loss=0.2648 l2=0.2000 label_smoothing=0.000
D step=5/5 epoch=2/3 loss=0.2602 l2=0.2000 label_smoothing=0.000
D step=5/5 epoch=3/3 loss=0.2469 l2=0.2000 label_smoothing=0.000
ADV epoch=16/60 g_loss=0.0182 d_loss=0.2542 reward=0.1550 reward_var=0.0147 unique=0.3800
D step=1/5 epoch=1/3 loss=0.2639 l2=0.2000 label_smoothing=0.000
D step=1/5 epoch=2/3 loss=0.2431 l2=0.2000 label_smoothing=0.000
D step=1/5 epoch=3/3 loss=0.2563 l2=0.2000 label_smoothing=0.000
D step=2/5 epoch=1/3 loss=0.2767 l2=0.2000 label_smoothing=0.000
D step=2/5 epoch=2/3 loss=0.2529 l2=0.2000 label_smoothing=0.000
D step=2/5 epoch=3/3 loss=0.2523 l2=0.2000 label_smoothing=0.000
D step=3/5 epoch=1/3 loss=0.2770 l2=0.2000 label_smoothing=0.000
D step=3/5 epoch=2/3 loss=0.2702 l2=0.2000 label_smoothing=0.000
D step=3/5 epoch=3/3 loss=0.2727 l2=0.2000 label_smoothing=0.000
D step=4/5 epoch=1/3 loss=0.2513 l2=0.2000 label_smoothing=0.000
D step=4/5 epoch=2/3 loss=0.2509 l2=0.2000 label_smoothing=0.000
D step=4/5 epoch=3/3 loss=0.2462 l2=0.2000 label_smoothing=0.000
D step=5/5 epoch=1/3 loss=0.2572 l2=0.2000 label_smoothing=0.000
D step=5/5 epoch=2/3 loss=0.2526 l2=0.2000 label_smoothing=0.000
D step=5/5 epoch=3/3 loss=0.2437 l2=0.2000 label_smoothing=0.000
ADV epoch=17/60 g_loss=0.0185 d_loss=0.2578 reward=0.1931 reward_var=0.0358 unique=0.2800
D step=1/5 epoch=1/3 loss=0.2880 l2=0.2000 label_smoothing=0.000
D step=1/5 epoch=2/3 loss=0.2627 l2=0.2000 label_smoothing=0.000
D step=1/5 epoch=3/3 loss=0.2613 l2=0.2000 label_smoothing=0.000
D step=2/5 epoch=1/3 loss=0.2463 l2=0.2000 label_smoothing=0.000
D step=2/5 epoch=2/3 loss=0.2400 l2=0.2000 label_smoothing=0.000
D step=2/5 epoch=3/3 loss=0.2388 l2=0.2000 label_smoothing=0.000
D step=3/5 epoch=1/3 loss=0.2571 l2=0.2000 label_smoothing=0.000
D step=3/5 epoch=2/3 loss=0.2507 l2=0.2000 label_smoothing=0.000
D step=3/5 epoch=3/3 loss=0.2513 l2=0.2000 label_smoothing=0.000
D step=4/5 epoch=1/3 loss=0.2976 l2=0.2000 label_smoothing=0.000
D step=4/5 epoch=2/3 loss=0.2772 l2=0.2000 label_smoothing=0.000
D step=4/5 epoch=3/3 loss=0.2860 l2=0.2000 label_smoothing=0.000
D step=5/5 epoch=1/3 loss=0.2688 l2=0.2000 label_smoothing=0.000
D step=5/5 epoch=2/3 loss=0.2669 l2=0.2000 label_smoothing=0.000
D step=5/5 epoch=3/3 loss=0.2516 l2=0.2000 label_smoothing=0.000
ADV epoch=18/60 g_loss=0.0108 d_loss=0.2630 reward=0.1702 reward_var=0.0128 unique=0.3200
D step=1/5 epoch=1/3 loss=0.2646 l2=0.2000 label_smoothing=0.000
D step=1/5 epoch=2/3 loss=0.2486 l2=0.2000 label_smoothing=0.000
D step=1/5 epoch=3/3 loss=0.2365 l2=0.2000 label_smoothing=0.000
D step=2/5 epoch=1/3 loss=0.2889 l2=0.2000 label_smoothing=0.000
D step=2/5 epoch=2/3 loss=0.2830 l2=0.2000 label_smoothing=0.000
D step=2/5 epoch=3/3 loss=0.2752 l2=0.2000 label_smoothing=0.000
D step=3/5 epoch=1/3 loss=0.2731 l2=0.2000 label_smoothing=0.000
D step=3/5 epoch=2/3 loss=0.2688 l2=0.2000 label_smoothing=0.000
D step=3/5 epoch=3/3 loss=0.2578 l2=0.2000 label_smoothing=0.000
D step=4/5 epoch=1/3 loss=0.2776 l2=0.2000 label_smoothing=0.000
D step=4/5 epoch=2/3 loss=0.2799 l2=0.2000 label_smoothing=0.000
D step=4/5 epoch=3/3 loss=0.2689 l2=0.2000 label_smoothing=0.000
D step=5/5 epoch=1/3 loss=0.2656 l2=0.2000 label_smoothing=0.000
D step=5/5 epoch=2/3 loss=0.2638 l2=0.2000 label_smoothing=0.000
D step=5/5 epoch=3/3 loss=0.2633 l2=0.2000 label_smoothing=0.000
ADV epoch=19/60 g_loss=0.0123 d_loss=0.2677 reward=0.1684 reward_var=0.0113 unique=0.4000
D step=1/5 epoch=1/3 loss=0.2729 l2=0.2000 label_smoothing=0.000
D step=1/5 epoch=2/3 loss=0.2430 l2=0.2000 label_smoothing=0.000
D step=1/5 epoch=3/3 loss=0.2386 l2=0.2000 label_smoothing=0.000
D step=2/5 epoch=1/3 loss=0.2725 l2=0.2000 label_smoothing=0.000
D step=2/5 epoch=2/3 loss=0.2590 l2=0.2000 label_smoothing=0.000
D step=2/5 epoch=3/3 loss=0.2658 l2=0.2000 label_smoothing=0.000
D step=3/5 epoch=1/3 loss=0.2750 l2=0.2000 label_smoothing=0.000
D step=3/5 epoch=2/3 loss=0.2671 l2=0.2000 label_smoothing=0.000
D step=3/5 epoch=3/3 loss=0.2559 l2=0.2000 label_smoothing=0.000
D step=4/5 epoch=1/3 loss=0.2694 l2=0.2000 label_smoothing=0.000
D step=4/5 epoch=2/3 loss=0.2665 l2=0.2000 label_smoothing=0.000
D step=4/5 epoch=3/3 loss=0.2650 l2=0.2000 label_smoothing=0.000
D step=5/5 epoch=1/3 loss=0.2539 l2=0.2000 label_smoothing=0.000
D step=5/5 epoch=2/3 loss=0.2541 l2=0.2000 label_smoothing=0.000
D step=5/5 epoch=3/3 loss=0.2444 l2=0.2000 label_smoothing=0.000
ADV epoch=20/60 g_loss=0.0112 d_loss=0.2602 reward=0.1485 reward_var=0.0075 unique=0.3000
D step=1/5 epoch=1/3 loss=0.2652 l2=0.2000 label_smoothing=0.000
D step=1/5 epoch=2/3 loss=0.2604 l2=0.2000 label_smoothing=0.000
D step=1/5 epoch=3/3 loss=0.2567 l2=0.2000 label_smoothing=0.000
D step=2/5 epoch=1/3 loss=0.2547 l2=0.2000 label_smoothing=0.000
D step=2/5 epoch=2/3 loss=0.2386 l2=0.2000 label_smoothing=0.000
D step=2/5 epoch=3/3 loss=0.2384 l2=0.2000 label_smoothing=0.000
D step=3/5 epoch=1/3 loss=0.2967 l2=0.2000 label_smoothing=0.000
D step=3/5 epoch=2/3 loss=0.2818 l2=0.2000 label_smoothing=0.000
D step=3/5 epoch=3/3 loss=0.2789 l2=0.2000 label_smoothing=0.000
D step=4/5 epoch=1/3 loss=0.2546 l2=0.2000 label_smoothing=0.000
D step=4/5 epoch=2/3 loss=0.2473 l2=0.2000 label_smoothing=0.000
D step=4/5 epoch=3/3 loss=0.2526 l2=0.2000 label_smoothing=0.000
D step=5/5 epoch=1/3 loss=0.2785 l2=0.2000 label_smoothing=0.000
D step=5/5 epoch=2/3 loss=0.2748 l2=0.2000 label_smoothing=0.000
D step=5/5 epoch=3/3 loss=0.2646 l2=0.2000 label_smoothing=0.000
ADV epoch=21/60 g_loss=0.0046 d_loss=0.2629 reward=0.1138 reward_var=0.0028 unique=0.3200
D step=1/5 epoch=1/3 loss=0.2859 l2=0.2000 label_smoothing=0.000
D step=1/5 epoch=2/3 loss=0.2877 l2=0.2000 label_smoothing=0.000
D step=1/5 epoch=3/3 loss=0.2785 l2=0.2000 label_smoothing=0.000
D step=2/5 epoch=1/3 loss=0.2378 l2=0.2000 label_smoothing=0.000
D step=2/5 epoch=2/3 loss=0.2427 l2=0.2000 label_smoothing=0.000
D step=2/5 epoch=3/3 loss=0.2322 l2=0.2000 label_smoothing=0.000
D step=3/5 epoch=1/3 loss=0.2964 l2=0.2000 label_smoothing=0.000
D step=3/5 epoch=2/3 loss=0.2795 l2=0.2000 label_smoothing=0.000
D step=3/5 epoch=3/3 loss=0.2854 l2=0.2000 label_smoothing=0.000
D step=4/5 epoch=1/3 loss=0.2845 l2=0.2000 label_smoothing=0.000
D step=4/5 epoch=2/3 loss=0.2645 l2=0.2000 label_smoothing=0.000
D step=4/5 epoch=3/3 loss=0.2694 l2=0.2000 label_smoothing=0.000
D step=5/5 epoch=1/3 loss=0.2522 l2=0.2000 label_smoothing=0.000
D step=5/5 epoch=2/3 loss=0.2539 l2=0.2000 label_smoothing=0.000
D step=5/5 epoch=3/3 loss=0.2530 l2=0.2000 label_smoothing=0.000
ADV epoch=22/60 g_loss=0.0088 d_loss=0.2669 reward=0.1747 reward_var=0.0083 unique=0.3200
D step=1/5 epoch=1/3 loss=0.2682 l2=0.2000 label_smoothing=0.000
D step=1/5 epoch=2/3 loss=0.2573 l2=0.2000 label_smoothing=0.000
D step=1/5 epoch=3/3 loss=0.2537 l2=0.2000 label_smoothing=0.000
D step=2/5 epoch=1/3 loss=0.2669 l2=0.2000 label_smoothing=0.000
D step=2/5 epoch=2/3 loss=0.2619 l2=0.2000 label_smoothing=0.000
D step=2/5 epoch=3/3 loss=0.2604 l2=0.2000 label_smoothing=0.000
D step=3/5 epoch=1/3 loss=0.2490 l2=0.2000 label_smoothing=0.000
D step=3/5 epoch=2/3 loss=0.2424 l2=0.2000 label_smoothing=0.000
D step=3/5 epoch=3/3 loss=0.2425 l2=0.2000 label_smoothing=0.000
D step=4/5 epoch=1/3 loss=0.2348 l2=0.2000 label_smoothing=0.000
D step=4/5 epoch=2/3 loss=0.2291 l2=0.2000 label_smoothing=0.000
D step=4/5 epoch=3/3 loss=0.2258 l2=0.2000 label_smoothing=0.000
D step=5/5 epoch=1/3 loss=0.2775 l2=0.2000 label_smoothing=0.000
D step=5/5 epoch=2/3 loss=0.2758 l2=0.2000 label_smoothing=0.000
D step=5/5 epoch=3/3 loss=0.2764 l2=0.2000 label_smoothing=0.000
ADV epoch=23/60 g_loss=0.0118 d_loss=0.2548 reward=0.1447 reward_var=0.0077 unique=0.2200
D step=1/5 epoch=1/3 loss=0.2987 l2=0.2000 label_smoothing=0.000
D step=1/5 epoch=2/3 loss=0.2851 l2=0.2000 label_smoothing=0.000
D step=1/5 epoch=3/3 loss=0.2885 l2=0.2000 label_smoothing=0.000
D step=2/5 epoch=1/3 loss=0.3103 l2=0.2000 label_smoothing=0.000
D step=2/5 epoch=2/3 loss=0.2756 l2=0.2000 label_smoothing=0.000
D step=2/5 epoch=3/3 loss=0.2749 l2=0.2000 label_smoothing=0.000
D step=3/5 epoch=1/3 loss=0.2991 l2=0.2000 label_smoothing=0.000
D step=3/5 epoch=2/3 loss=0.2841 l2=0.2000 label_smoothing=0.000
D step=3/5 epoch=3/3 loss=0.2767 l2=0.2000 label_smoothing=0.000
D step=4/5 epoch=1/3 loss=0.2649 l2=0.2000 label_smoothing=0.000
D step=4/5 epoch=2/3 loss=0.2625 l2=0.2000 label_smoothing=0.000
D step=4/5 epoch=3/3 loss=0.2610 l2=0.2000 label_smoothing=0.000
D step=5/5 epoch=1/3 loss=0.2887 l2=0.2000 label_smoothing=0.000
D step=5/5 epoch=2/3 loss=0.2790 l2=0.2000 label_smoothing=0.000
D step=5/5 epoch=3/3 loss=0.2773 l2=0.2000 label_smoothing=0.000
ADV epoch=24/60 g_loss=0.0109 d_loss=0.2818 reward=0.1487 reward_var=0.0098 unique=0.2600
D step=1/5 epoch=1/3 loss=0.2582 l2=0.2000 label_smoothing=0.000
D step=1/5 epoch=2/3 loss=0.2493 l2=0.2000 label_smoothing=0.000
D step=1/5 epoch=3/3 loss=0.2523 l2=0.2000 label_smoothing=0.000
D step=2/5 epoch=1/3 loss=0.2660 l2=0.2000 label_smoothing=0.000
D step=2/5 epoch=2/3 loss=0.2518 l2=0.2000 label_smoothing=0.000
D step=2/5 epoch=3/3 loss=0.2563 l2=0.2000 label_smoothing=0.000
D step=3/5 epoch=1/3 loss=0.2259 l2=0.2000 label_smoothing=0.000
D step=3/5 epoch=2/3 loss=0.2305 l2=0.2000 label_smoothing=0.000
D step=3/5 epoch=3/3 loss=0.2208 l2=0.2000 label_smoothing=0.000
D step=4/5 epoch=1/3 loss=0.2745 l2=0.2000 label_smoothing=0.000
D step=4/5 epoch=2/3 loss=0.2564 l2=0.2000 label_smoothing=0.000
D step=4/5 epoch=3/3 loss=0.2593 l2=0.2000 label_smoothing=0.000
D step=5/5 epoch=1/3 loss=0.3022 l2=0.2000 label_smoothing=0.000
D step=5/5 epoch=2/3 loss=0.2949 l2=0.2000 label_smoothing=0.000
D step=5/5 epoch=3/3 loss=0.2860 l2=0.2000 label_smoothing=0.000
ADV epoch=25/60 g_loss=0.0075 d_loss=0.2590 reward=0.1659 reward_var=0.0037 unique=0.2400
D step=1/5 epoch=1/3 loss=0.2683 l2=0.2000 label_smoothing=0.000
D step=1/5 epoch=2/3 loss=0.2561 l2=0.2000 label_smoothing=0.000
D step=1/5 epoch=3/3 loss=0.2517 l2=0.2000 label_smoothing=0.000
D step=2/5 epoch=1/3 loss=0.2726 l2=0.2000 label_smoothing=0.000
D step=2/5 epoch=2/3 loss=0.2794 l2=0.2000 label_smoothing=0.000
D step=2/5 epoch=3/3 loss=0.2746 l2=0.2000 label_smoothing=0.000
D step=3/5 epoch=1/3 loss=0.2531 l2=0.2000 label_smoothing=0.000
D step=3/5 epoch=2/3 loss=0.2501 l2=0.2000 label_smoothing=0.000
D step=3/5 epoch=3/3 loss=0.2550 l2=0.2000 label_smoothing=0.000
D step=4/5 epoch=1/3 loss=0.2604 l2=0.2000 label_smoothing=0.000
D step=4/5 epoch=2/3 loss=0.2588 l2=0.2000 label_smoothing=0.000
D step=4/5 epoch=3/3 loss=0.2625 l2=0.2000 label_smoothing=0.000
D step=5/5 epoch=1/3 loss=0.2875 l2=0.2000 label_smoothing=0.000
D step=5/5 epoch=2/3 loss=0.2855 l2=0.2000 label_smoothing=0.000
D step=5/5 epoch=3/3 loss=0.2727 l2=0.2000 label_smoothing=0.000
ADV epoch=26/60 g_loss=0.0133 d_loss=0.2659 reward=0.1625 reward_var=0.0058 unique=0.2000
D step=1/5 epoch=1/3 loss=0.2578 l2=0.2000 label_smoothing=0.000
D step=1/5 epoch=2/3 loss=0.2570 l2=0.2000 label_smoothing=0.000
D step=1/5 epoch=3/3 loss=0.2517 l2=0.2000 label_smoothing=0.000
D step=2/5 epoch=1/3 loss=0.2694 l2=0.2000 label_smoothing=0.000
D step=2/5 epoch=2/3 loss=0.2687 l2=0.2000 label_smoothing=0.000
D step=2/5 epoch=3/3 loss=0.2616 l2=0.2000 label_smoothing=0.000
D step=3/5 epoch=1/3 loss=0.2712 l2=0.2000 label_smoothing=0.000
D step=3/5 epoch=2/3 loss=0.2435 l2=0.2000 label_smoothing=0.000
D step=3/5 epoch=3/3 loss=0.2475 l2=0.2000 label_smoothing=0.000
D step=4/5 epoch=1/3 loss=0.2781 l2=0.2000 label_smoothing=0.000
D step=4/5 epoch=2/3 loss=0.2678 l2=0.2000 label_smoothing=0.000
D step=4/5 epoch=3/3 loss=0.2563 l2=0.2000 label_smoothing=0.000
D step=5/5 epoch=1/3 loss=0.2832 l2=0.2000 label_smoothing=0.000
D step=5/5 epoch=2/3 loss=0.2750 l2=0.2000 label_smoothing=0.000
D step=5/5 epoch=3/3 loss=0.2717 l2=0.2000 label_smoothing=0.000
ADV epoch=27/60 g_loss=0.0108 d_loss=0.2640 reward=0.1372 reward_var=0.0062 unique=0.2800
D step=1/5 epoch=1/3 loss=0.2853 l2=0.2000 label_smoothing=0.000
D step=1/5 epoch=2/3 loss=0.2722 l2=0.2000 label_smoothing=0.000
D step=1/5 epoch=3/3 loss=0.2675 l2=0.2000 label_smoothing=0.000
D step=2/5 epoch=1/3 loss=0.2703 l2=0.2000 label_smoothing=0.000
D step=2/5 epoch=2/3 loss=0.2671 l2=0.2000 label_smoothing=0.000
D step=2/5 epoch=3/3 loss=0.2673 l2=0.2000 label_smoothing=0.000
D step=3/5 epoch=1/3 loss=0.2571 l2=0.2000 label_smoothing=0.000
D step=3/5 epoch=2/3 loss=0.2378 l2=0.2000 label_smoothing=0.000
D step=3/5 epoch=3/3 loss=0.2418 l2=0.2000 label_smoothing=0.000
D step=4/5 epoch=1/3 loss=0.2468 l2=0.2000 label_smoothing=0.000
D step=4/5 epoch=2/3 loss=0.2439 l2=0.2000 label_smoothing=0.000
D step=4/5 epoch=3/3 loss=0.2369 l2=0.2000 label_smoothing=0.000
D step=5/5 epoch=1/3 loss=0.2523 l2=0.2000 label_smoothing=0.000
D step=5/5 epoch=2/3 loss=0.2506 l2=0.2000 label_smoothing=0.000
D step=5/5 epoch=3/3 loss=0.2498 l2=0.2000 label_smoothing=0.000
ADV epoch=28/60 g_loss=0.0086 d_loss=0.2564 reward=0.1481 reward_var=0.0039 unique=0.1400
D step=1/5 epoch=1/3 loss=0.2665 l2=0.2000 label_smoothing=0.000
D step=1/5 epoch=2/3 loss=0.2558 l2=0.2000 label_smoothing=0.000
D step=1/5 epoch=3/3 loss=0.2566 l2=0.2000 label_smoothing=0.000
D step=2/5 epoch=1/3 loss=0.2667 l2=0.2000 label_smoothing=0.000
D step=2/5 epoch=2/3 loss=0.2737 l2=0.2000 label_smoothing=0.000
D step=2/5 epoch=3/3 loss=0.2726 l2=0.2000 label_smoothing=0.000
D step=3/5 epoch=1/3 loss=0.2473 l2=0.2000 label_smoothing=0.000
D step=3/5 epoch=2/3 loss=0.2433 l2=0.2000 label_smoothing=0.000
D step=3/5 epoch=3/3 loss=0.2449 l2=0.2000 label_smoothing=0.000
D step=4/5 epoch=1/3 loss=0.2613 l2=0.2000 label_smoothing=0.000
D step=4/5 epoch=2/3 loss=0.2641 l2=0.2000 label_smoothing=0.000
D step=4/5 epoch=3/3 loss=0.2541 l2=0.2000 label_smoothing=0.000
D step=5/5 epoch=1/3 loss=0.2483 l2=0.2000 label_smoothing=0.000
D step=5/5 epoch=2/3 loss=0.2560 l2=0.2000 label_smoothing=0.000
D step=5/5 epoch=3/3 loss=0.2546 l2=0.2000 label_smoothing=0.000
ADV epoch=29/60 g_loss=0.0259 d_loss=0.2577 reward=0.1824 reward_var=0.0171 unique=0.1400
D step=1/5 epoch=1/3 loss=0.3022 l2=0.2000 label_smoothing=0.000
D step=1/5 epoch=2/3 loss=0.2748 l2=0.2000 label_smoothing=0.000
D step=1/5 epoch=3/3 loss=0.2867 l2=0.2000 label_smoothing=0.000
D step=2/5 epoch=1/3 loss=0.3013 l2=0.2000 label_smoothing=0.000
D step=2/5 epoch=2/3 loss=0.2788 l2=0.2000 label_smoothing=0.000
D step=2/5 epoch=3/3 loss=0.2703 l2=0.2000 label_smoothing=0.000
D step=3/5 epoch=1/3 loss=0.2661 l2=0.2000 label_smoothing=0.000
D step=3/5 epoch=2/3 loss=0.2700 l2=0.2000 label_smoothing=0.000
D step=3/5 epoch=3/3 loss=0.2622 l2=0.2000 label_smoothing=0.000
D step=4/5 epoch=1/3 loss=0.2829 l2=0.2000 label_smoothing=0.000
D step=4/5 epoch=2/3 loss=0.2722 l2=0.2000 label_smoothing=0.000
D step=4/5 epoch=3/3 loss=0.2759 l2=0.2000 label_smoothing=0.000
D step=5/5 epoch=1/3 loss=0.2628 l2=0.2000 label_smoothing=0.000
D step=5/5 epoch=2/3 loss=0.2566 l2=0.2000 label_smoothing=0.000
D step=5/5 epoch=3/3 loss=0.2608 l2=0.2000 label_smoothing=0.000
ADV epoch=30/60 g_loss=0.0076 d_loss=0.2749 reward=0.1673 reward_var=0.0037 unique=0.2000
D step=1/5 epoch=1/3 loss=0.2754 l2=0.2000 label_smoothing=0.000
D step=1/5 epoch=2/3 loss=0.2660 l2=0.2000 label_smoothing=0.000
D step=1/5 epoch=3/3 loss=0.2643 l2=0.2000 label_smoothing=0.000
D step=2/5 epoch=1/3 loss=0.2530 l2=0.2000 label_smoothing=0.000
D step=2/5 epoch=2/3 loss=0.2515 l2=0.2000 label_smoothing=0.000
D step=2/5 epoch=3/3 loss=0.2559 l2=0.2000 label_smoothing=0.000
D step=3/5 epoch=1/3 loss=0.2846 l2=0.2000 label_smoothing=0.000
D step=3/5 epoch=2/3 loss=0.2646 l2=0.2000 label_smoothing=0.000
D step=3/5 epoch=3/3 loss=0.2577 l2=0.2000 label_smoothing=0.000
D step=4/5 epoch=1/3 loss=0.2701 l2=0.2000 label_smoothing=0.000
D step=4/5 epoch=2/3 loss=0.2551 l2=0.2000 label_smoothing=0.000
D step=4/5 epoch=3/3 loss=0.2550 l2=0.2000 label_smoothing=0.000
D step=5/5 epoch=1/3 loss=0.2703 l2=0.2000 label_smoothing=0.000
D step=5/5 epoch=2/3 loss=0.2709 l2=0.2000 label_smoothing=0.000
D step=5/5 epoch=3/3 loss=0.2631 l2=0.2000 label_smoothing=0.000
ADV epoch=31/60 g_loss=0.0114 d_loss=0.2638 reward=0.1277 reward_var=0.0048 unique=0.1800
D step=1/5 epoch=1/3 loss=0.2736 l2=0.2000 label_smoothing=0.000
D step=1/5 epoch=2/3 loss=0.2639 l2=0.2000 label_smoothing=0.000
D step=1/5 epoch=3/3 loss=0.2631 l2=0.2000 label_smoothing=0.000
D step=2/5 epoch=1/3 loss=0.2725 l2=0.2000 label_smoothing=0.000
D step=2/5 epoch=2/3 loss=0.2549 l2=0.2000 label_smoothing=0.000
D step=2/5 epoch=3/3 loss=0.2499 l2=0.2000 label_smoothing=0.000
D step=3/5 epoch=1/3 loss=0.2703 l2=0.2000 label_smoothing=0.000
D step=3/5 epoch=2/3 loss=0.2669 l2=0.2000 label_smoothing=0.000
D step=3/5 epoch=3/3 loss=0.2611 l2=0.2000 label_smoothing=0.000
D step=4/5 epoch=1/3 loss=0.2596 l2=0.2000 label_smoothing=0.000
D step=4/5 epoch=2/3 loss=0.2604 l2=0.2000 label_smoothing=0.000
D step=4/5 epoch=3/3 loss=0.2581 l2=0.2000 label_smoothing=0.000
D step=5/5 epoch=1/3 loss=0.2490 l2=0.2000 label_smoothing=0.000
D step=5/5 epoch=2/3 loss=0.2447 l2=0.2000 label_smoothing=0.000
D step=5/5 epoch=3/3 loss=0.2447 l2=0.2000 label_smoothing=0.000
ADV epoch=32/60 g_loss=0.0068 d_loss=0.2595 reward=0.1563 reward_var=0.0038 unique=0.2800
D step=1/5 epoch=1/3 loss=0.2672 l2=0.2000 label_smoothing=0.000
D step=1/5 epoch=2/3 loss=0.2641 l2=0.2000 label_smoothing=0.000
D step=1/5 epoch=3/3 loss=0.2600 l2=0.2000 label_smoothing=0.000
D step=2/5 epoch=1/3 loss=0.2659 l2=0.2000 label_smoothing=0.000
D step=2/5 epoch=2/3 loss=0.2559 l2=0.2000 label_smoothing=0.000
D step=2/5 epoch=3/3 loss=0.2557 l2=0.2000 label_smoothing=0.000
D step=3/5 epoch=1/3 loss=0.2708 l2=0.2000 label_smoothing=0.000
D step=3/5 epoch=2/3 loss=0.2637 l2=0.2000 label_smoothing=0.000
D step=3/5 epoch=3/3 loss=0.2675 l2=0.2000 label_smoothing=0.000
D step=4/5 epoch=1/3 loss=0.2912 l2=0.2000 label_smoothing=0.000
D step=4/5 epoch=2/3 loss=0.2683 l2=0.2000 label_smoothing=0.000
D step=4/5 epoch=3/3 loss=0.2642 l2=0.2000 label_smoothing=0.000
D step=5/5 epoch=1/3 loss=0.2752 l2=0.2000 label_smoothing=0.000
D step=5/5 epoch=2/3 loss=0.2709 l2=0.2000 label_smoothing=0.000
D step=5/5 epoch=3/3 loss=0.2644 l2=0.2000 label_smoothing=0.000
ADV epoch=33/60 g_loss=0.0070 d_loss=0.2670 reward=0.1611 reward_var=0.0065 unique=0.2400
D step=1/5 epoch=1/3 loss=0.2921 l2=0.2000 label_smoothing=0.000
D step=1/5 epoch=2/3 loss=0.2826 l2=0.2000 label_smoothing=0.000
D step=1/5 epoch=3/3 loss=0.2746 l2=0.2000 label_smoothing=0.000
D step=2/5 epoch=1/3 loss=0.2667 l2=0.2000 label_smoothing=0.000
D step=2/5 epoch=2/3 loss=0.2634 l2=0.2000 label_smoothing=0.000
D step=2/5 epoch=3/3 loss=0.2618 l2=0.2000 label_smoothing=0.000
D step=3/5 epoch=1/3 loss=0.2563 l2=0.2000 label_smoothing=0.000
D step=3/5 epoch=2/3 loss=0.2574 l2=0.2000 label_smoothing=0.000
D step=3/5 epoch=3/3 loss=0.2544 l2=0.2000 label_smoothing=0.000
D step=4/5 epoch=1/3 loss=0.2573 l2=0.2000 label_smoothing=0.000
D step=4/5 epoch=2/3 loss=0.2619 l2=0.2000 label_smoothing=0.000
D step=4/5 epoch=3/3 loss=0.2567 l2=0.2000 label_smoothing=0.000
D step=5/5 epoch=1/3 loss=0.2473 l2=0.2000 label_smoothing=0.000
D step=5/5 epoch=2/3 loss=0.2466 l2=0.2000 label_smoothing=0.000
D step=5/5 epoch=3/3 loss=0.2481 l2=0.2000 label_smoothing=0.000
ADV epoch=34/60 g_loss=0.0131 d_loss=0.2618 reward=0.1903 reward_var=0.0127 unique=0.2000
D step=1/5 epoch=1/3 loss=0.2561 l2=0.2000 label_smoothing=0.000
D step=1/5 epoch=2/3 loss=0.2476 l2=0.2000 label_smoothing=0.000
D step=1/5 epoch=3/3 loss=0.2428 l2=0.2000 label_smoothing=0.000
D step=2/5 epoch=1/3 loss=0.2531 l2=0.2000 label_smoothing=0.000
D step=2/5 epoch=2/3 loss=0.2554 l2=0.2000 label_smoothing=0.000
D step=2/5 epoch=3/3 loss=0.2537 l2=0.2000 label_smoothing=0.000
D step=3/5 epoch=1/3 loss=0.2741 l2=0.2000 label_smoothing=0.000
D step=3/5 epoch=2/3 loss=0.2712 l2=0.2000 label_smoothing=0.000
D step=3/5 epoch=3/3 loss=0.2714 l2=0.2000 label_smoothing=0.000
D step=4/5 epoch=1/3 loss=0.2433 l2=0.2000 label_smoothing=0.000
D step=4/5 epoch=2/3 loss=0.2465 l2=0.2000 label_smoothing=0.000
D step=4/5 epoch=3/3 loss=0.2483 l2=0.2000 label_smoothing=0.000
D step=5/5 epoch=1/3 loss=0.2586 l2=0.2000 label_smoothing=0.000
D step=5/5 epoch=2/3 loss=0.2564 l2=0.2000 label_smoothing=0.000
D step=5/5 epoch=3/3 loss=0.2551 l2=0.2000 label_smoothing=0.000
ADV epoch=35/60 g_loss=0.0045 d_loss=0.2556 reward=0.1319 reward_var=0.0026 unique=0.3000
D step=1/5 epoch=1/3 loss=0.2572 l2=0.2000 label_smoothing=0.000
D step=1/5 epoch=2/3 loss=0.2500 l2=0.2000 label_smoothing=0.000
D step=1/5 epoch=3/3 loss=0.2467 l2=0.2000 label_smoothing=0.000
D step=2/5 epoch=1/3 loss=0.2852 l2=0.2000 label_smoothing=0.000
D step=2/5 epoch=2/3 loss=0.2767 l2=0.2000 label_smoothing=0.000
D step=2/5 epoch=3/3 loss=0.2690 l2=0.2000 label_smoothing=0.000
D step=3/5 epoch=1/3 loss=0.2369 l2=0.2000 label_smoothing=0.000
D step=3/5 epoch=2/3 loss=0.2355 l2=0.2000 label_smoothing=0.000
D step=3/5 epoch=3/3 loss=0.2328 l2=0.2000 label_smoothing=0.000
D step=4/5 epoch=1/3 loss=0.2462 l2=0.2000 label_smoothing=0.000
D step=4/5 epoch=2/3 loss=0.2409 l2=0.2000 label_smoothing=0.000
D step=4/5 epoch=3/3 loss=0.2349 l2=0.2000 label_smoothing=0.000
D step=5/5 epoch=1/3 loss=0.2779 l2=0.2000 label_smoothing=0.000
D step=5/5 epoch=2/3 loss=0.2689 l2=0.2000 label_smoothing=0.000
D step=5/5 epoch=3/3 loss=0.2593 l2=0.2000 label_smoothing=0.000
ADV epoch=36/60 g_loss=0.0159 d_loss=0.2545 reward=0.2015 reward_var=0.0150 unique=0.2400
D step=1/5 epoch=1/3 loss=0.2728 l2=0.2000 label_smoothing=0.000
D step=1/5 epoch=2/3 loss=0.2343 l2=0.2000 label_smoothing=0.000
D step=1/5 epoch=3/3 loss=0.2379 l2=0.2000 label_smoothing=0.000
D step=2/5 epoch=1/3 loss=0.2200 l2=0.2000 label_smoothing=0.000
D step=2/5 epoch=2/3 loss=0.2201 l2=0.2000 label_smoothing=0.000
D step=2/5 epoch=3/3 loss=0.2198 l2=0.2000 label_smoothing=0.000
D step=3/5 epoch=1/3 loss=0.2681 l2=0.2000 label_smoothing=0.000
D step=3/5 epoch=2/3 loss=0.2639 l2=0.2000 label_smoothing=0.000
D step=3/5 epoch=3/3 loss=0.2566 l2=0.2000 label_smoothing=0.000
D step=4/5 epoch=1/3 loss=0.2488 l2=0.2000 label_smoothing=0.000
D step=4/5 epoch=2/3 loss=0.2372 l2=0.2000 label_smoothing=0.000
D step=4/5 epoch=3/3 loss=0.2431 l2=0.2000 label_smoothing=0.000
D step=5/5 epoch=1/3 loss=0.2611 l2=0.2000 label_smoothing=0.000
D step=5/5 epoch=2/3 loss=0.2499 l2=0.2000 label_smoothing=0.000
D step=5/5 epoch=3/3 loss=0.2485 l2=0.2000 label_smoothing=0.000
ADV epoch=37/60 g_loss=0.0098 d_loss=0.2455 reward=0.1685 reward_var=0.0026 unique=0.2600
D step=1/5 epoch=1/3 loss=0.2720 l2=0.2000 label_smoothing=0.000
D step=1/5 epoch=2/3 loss=0.2633 l2=0.2000 label_smoothing=0.000
D step=1/5 epoch=3/3 loss=0.2663 l2=0.2000 label_smoothing=0.000
D step=2/5 epoch=1/3 loss=0.2558 l2=0.2000 label_smoothing=0.000
D step=2/5 epoch=2/3 loss=0.2489 l2=0.2000 label_smoothing=0.000
D step=2/5 epoch=3/3 loss=0.2434 l2=0.2000 label_smoothing=0.000
D step=3/5 epoch=1/3 loss=0.2552 l2=0.2000 label_smoothing=0.000
D step=3/5 epoch=2/3 loss=0.2421 l2=0.2000 label_smoothing=0.000
D step=3/5 epoch=3/3 loss=0.2377 l2=0.2000 label_smoothing=0.000
D step=4/5 epoch=1/3 loss=0.2731 l2=0.2000 label_smoothing=0.000
D step=4/5 epoch=2/3 loss=0.2661 l2=0.2000 label_smoothing=0.000
D step=4/5 epoch=3/3 loss=0.2622 l2=0.2000 label_smoothing=0.000
D step=5/5 epoch=1/3 loss=0.2756 l2=0.2000 label_smoothing=0.000
D step=5/5 epoch=2/3 loss=0.2750 l2=0.2000 label_smoothing=0.000
D step=5/5 epoch=3/3 loss=0.2701 l2=0.2000 label_smoothing=0.000
ADV epoch=38/60 g_loss=0.0117 d_loss=0.2605 reward=0.1651 reward_var=0.0050 unique=0.1400
D step=1/5 epoch=1/3 loss=0.3206 l2=0.2000 label_smoothing=0.000
D step=1/5 epoch=2/3 loss=0.2878 l2=0.2000 label_smoothing=0.000
D step=1/5 epoch=3/3 loss=0.2879 l2=0.2000 label_smoothing=0.000
D step=2/5 epoch=1/3 loss=0.2630 l2=0.2000 label_smoothing=0.000
D step=2/5 epoch=2/3 loss=0.2524 l2=0.2000 label_smoothing=0.000
D step=2/5 epoch=3/3 loss=0.2522 l2=0.2000 label_smoothing=0.000
D step=3/5 epoch=1/3 loss=0.2552 l2=0.2000 label_smoothing=0.000
D step=3/5 epoch=2/3 loss=0.2569 l2=0.2000 label_smoothing=0.000
D step=3/5 epoch=3/3 loss=0.2520 l2=0.2000 label_smoothing=0.000
D step=4/5 epoch=1/3 loss=0.2857 l2=0.2000 label_smoothing=0.000
D step=4/5 epoch=2/3 loss=0.2837 l2=0.2000 label_smoothing=0.000
D step=4/5 epoch=3/3 loss=0.2828 l2=0.2000 label_smoothing=0.000
D step=5/5 epoch=1/3 loss=0.2517 l2=0.2000 label_smoothing=0.000
D step=5/5 epoch=2/3 loss=0.2514 l2=0.2000 label_smoothing=0.000
D step=5/5 epoch=3/3 loss=0.2474 l2=0.2000 label_smoothing=0.000
ADV epoch=39/60 g_loss=0.0129 d_loss=0.2687 reward=0.1786 reward_var=0.0056 unique=0.2200
D step=1/5 epoch=1/3 loss=0.2775 l2=0.2000 label_smoothing=0.000
D step=1/5 epoch=2/3 loss=0.2727 l2=0.2000 label_smoothing=0.000
D step=1/5 epoch=3/3 loss=0.2663 l2=0.2000 label_smoothing=0.000
D step=2/5 epoch=1/3 loss=0.2577 l2=0.2000 label_smoothing=0.000
D step=2/5 epoch=2/3 loss=0.2523 l2=0.2000 label_smoothing=0.000
D step=2/5 epoch=3/3 loss=0.2518 l2=0.2000 label_smoothing=0.000
D step=3/5 epoch=1/3 loss=0.2711 l2=0.2000 label_smoothing=0.000
D step=3/5 epoch=2/3 loss=0.2733 l2=0.2000 label_smoothing=0.000
D step=3/5 epoch=3/3 loss=0.2751 l2=0.2000 label_smoothing=0.000
D step=4/5 epoch=1/3 loss=0.2601 l2=0.2000 label_smoothing=0.000
D step=4/5 epoch=2/3 loss=0.2572 l2=0.2000 label_smoothing=0.000
D step=4/5 epoch=3/3 loss=0.2539 l2=0.2000 label_smoothing=0.000
D step=5/5 epoch=1/3 loss=0.2734 l2=0.2000 label_smoothing=0.000
D step=5/5 epoch=2/3 loss=0.2673 l2=0.2000 label_smoothing=0.000
D step=5/5 epoch=3/3 loss=0.2644 l2=0.2000 label_smoothing=0.000
ADV epoch=40/60 g_loss=0.0069 d_loss=0.2649 reward=0.1644 reward_var=0.0071 unique=0.2200
D step=1/5 epoch=1/3 loss=0.2649 l2=0.2000 label_smoothing=0.000
D step=1/5 epoch=2/3 loss=0.2533 l2=0.2000 label_smoothing=0.000
D step=1/5 epoch=3/3 loss=0.2583 l2=0.2000 label_smoothing=0.000
D step=2/5 epoch=1/3 loss=0.2656 l2=0.2000 label_smoothing=0.000
D step=2/5 epoch=2/3 loss=0.2648 l2=0.2000 label_smoothing=0.000
D step=2/5 epoch=3/3 loss=0.2682 l2=0.2000 label_smoothing=0.000
D step=3/5 epoch=1/3 loss=0.2481 l2=0.2000 label_smoothing=0.000
D step=3/5 epoch=2/3 loss=0.2489 l2=0.2000 label_smoothing=0.000
D step=3/5 epoch=3/3 loss=0.2464 l2=0.2000 label_smoothing=0.000
D step=4/5 epoch=1/3 loss=0.2700 l2=0.2000 label_smoothing=0.000
D step=4/5 epoch=2/3 loss=0.2684 l2=0.2000 label_smoothing=0.000
D step=4/5 epoch=3/3 loss=0.2653 l2=0.2000 label_smoothing=0.000
D step=5/5 epoch=1/3 loss=0.2712 l2=0.2000 label_smoothing=0.000
D step=5/5 epoch=2/3 loss=0.2653 l2=0.2000 label_smoothing=0.000
D step=5/5 epoch=3/3 loss=0.2662 l2=0.2000 label_smoothing=0.000
ADV epoch=41/60 g_loss=0.0094 d_loss=0.2617 reward=0.1583 reward_var=0.0100 unique=0.2200
D step=1/5 epoch=1/3 loss=0.2493 l2=0.2000 label_smoothing=0.000
D step=1/5 epoch=2/3 loss=0.2468 l2=0.2000 label_smoothing=0.000
D step=1/5 epoch=3/3 loss=0.2476 l2=0.2000 label_smoothing=0.000
D step=2/5 epoch=1/3 loss=0.2836 l2=0.2000 label_smoothing=0.000
D step=2/5 epoch=2/3 loss=0.2690 l2=0.2000 label_smoothing=0.000
D step=2/5 epoch=3/3 loss=0.2673 l2=0.2000 label_smoothing=0.000
D step=3/5 epoch=1/3 loss=0.2832 l2=0.2000 label_smoothing=0.000
D step=3/5 epoch=2/3 loss=0.2842 l2=0.2000 label_smoothing=0.000
D step=3/5 epoch=3/3 loss=0.2768 l2=0.2000 label_smoothing=0.000
D step=4/5 epoch=1/3 loss=0.2518 l2=0.2000 label_smoothing=0.000
D step=4/5 epoch=2/3 loss=0.2521 l2=0.2000 label_smoothing=0.000
D step=4/5 epoch=3/3 loss=0.2497 l2=0.2000 label_smoothing=0.000
D step=5/5 epoch=1/3 loss=0.2589 l2=0.2000 label_smoothing=0.000
D step=5/5 epoch=2/3 loss=0.2564 l2=0.2000 label_smoothing=0.000
D step=5/5 epoch=3/3 loss=0.2572 l2=0.2000 label_smoothing=0.000
ADV epoch=42/60 g_loss=0.0057 d_loss=0.2623 reward=0.1681 reward_var=0.0020 unique=0.2400
D step=1/5 epoch=1/3 loss=0.2963 l2=0.2000 label_smoothing=0.000
D step=1/5 epoch=2/3 loss=0.2792 l2=0.2000 label_smoothing=0.000
D step=1/5 epoch=3/3 loss=0.2705 l2=0.2000 label_smoothing=0.000
D step=2/5 epoch=1/3 loss=0.2614 l2=0.2000 label_smoothing=0.000
D step=2/5 epoch=2/3 loss=0.2559 l2=0.2000 label_smoothing=0.000
D step=2/5 epoch=3/3 loss=0.2583 l2=0.2000 label_smoothing=0.000
D step=3/5 epoch=1/3 loss=0.2536 l2=0.2000 label_smoothing=0.000
D step=3/5 epoch=2/3 loss=0.2525 l2=0.2000 label_smoothing=0.000
D step=3/5 epoch=3/3 loss=0.2543 l2=0.2000 label_smoothing=0.000
D step=4/5 epoch=1/3 loss=0.2408 l2=0.2000 label_smoothing=0.000
D step=4/5 epoch=2/3 loss=0.2377 l2=0.2000 label_smoothing=0.000
D step=4/5 epoch=3/3 loss=0.2344 l2=0.2000 label_smoothing=0.000
D step=5/5 epoch=1/3 loss=0.2594 l2=0.2000 label_smoothing=0.000
D step=5/5 epoch=2/3 loss=0.2540 l2=0.2000 label_smoothing=0.000
D step=5/5 epoch=3/3 loss=0.2563 l2=0.2000 label_smoothing=0.000
ADV epoch=43/60 g_loss=0.0064 d_loss=0.2576 reward=0.1807 reward_var=0.0057 unique=0.2600
D step=1/5 epoch=1/3 loss=0.2531 l2=0.2000 label_smoothing=0.000
D step=1/5 epoch=2/3 loss=0.2404 l2=0.2000 label_smoothing=0.000
D step=1/5 epoch=3/3 loss=0.2431 l2=0.2000 label_smoothing=0.000
D step=2/5 epoch=1/3 loss=0.2455 l2=0.2000 label_smoothing=0.000
D step=2/5 epoch=2/3 loss=0.2348 l2=0.2000 label_smoothing=0.000
D step=2/5 epoch=3/3 loss=0.2336 l2=0.2000 label_smoothing=0.000
D step=3/5 epoch=1/3 loss=0.2307 l2=0.2000 label_smoothing=0.000
D step=3/5 epoch=2/3 loss=0.2250 l2=0.2000 label_smoothing=0.000
D step=3/5 epoch=3/3 loss=0.2259 l2=0.2000 label_smoothing=0.000
D step=4/5 epoch=1/3 loss=0.2450 l2=0.2000 label_smoothing=0.000
D step=4/5 epoch=2/3 loss=0.2426 l2=0.2000 label_smoothing=0.000
D step=4/5 epoch=3/3 loss=0.2387 l2=0.2000 label_smoothing=0.000
D step=5/5 epoch=1/3 loss=0.3110 l2=0.2000 label_smoothing=0.000
D step=5/5 epoch=2/3 loss=0.2904 l2=0.2000 label_smoothing=0.000
D step=5/5 epoch=3/3 loss=0.2829 l2=0.2000 label_smoothing=0.000
ADV epoch=44/60 g_loss=0.0074 d_loss=0.2495 reward=0.1518 reward_var=0.0041 unique=0.2200
D step=1/5 epoch=1/3 loss=0.2897 l2=0.2000 label_smoothing=0.000
D step=1/5 epoch=2/3 loss=0.2673 l2=0.2000 label_smoothing=0.000
D step=1/5 epoch=3/3 loss=0.2702 l2=0.2000 label_smoothing=0.000
D step=2/5 epoch=1/3 loss=0.2637 l2=0.2000 label_smoothing=0.000
D step=2/5 epoch=2/3 loss=0.2559 l2=0.2000 label_smoothing=0.000
D step=2/5 epoch=3/3 loss=0.2603 l2=0.2000 label_smoothing=0.000
D step=3/5 epoch=1/3 loss=0.2734 l2=0.2000 label_smoothing=0.000
D step=3/5 epoch=2/3 loss=0.2714 l2=0.2000 label_smoothing=0.000
D step=3/5 epoch=3/3 loss=0.2747 l2=0.2000 label_smoothing=0.000
D step=4/5 epoch=1/3 loss=0.2591 l2=0.2000 label_smoothing=0.000
D step=4/5 epoch=2/3 loss=0.2475 l2=0.2000 label_smoothing=0.000
D step=4/5 epoch=3/3 loss=0.2556 l2=0.2000 label_smoothing=0.000
D step=5/5 epoch=1/3 loss=0.2474 l2=0.2000 label_smoothing=0.000
D step=5/5 epoch=2/3 loss=0.2427 l2=0.2000 label_smoothing=0.000
D step=5/5 epoch=3/3 loss=0.2448 l2=0.2000 label_smoothing=0.000
ADV epoch=45/60 g_loss=0.0079 d_loss=0.2616 reward=0.2085 reward_var=0.0054 unique=0.1000
D step=1/5 epoch=1/3 loss=0.3083 l2=0.2000 label_smoothing=0.000
D step=1/5 epoch=2/3 loss=0.2826 l2=0.2000 label_smoothing=0.000
D step=1/5 epoch=3/3 loss=0.2790 l2=0.2000 label_smoothing=0.000
D step=2/5 epoch=1/3 loss=0.2789 l2=0.2000 label_smoothing=0.000
D step=2/5 epoch=2/3 loss=0.2773 l2=0.2000 label_smoothing=0.000
D step=2/5 epoch=3/3 loss=0.2762 l2=0.2000 label_smoothing=0.000
D step=3/5 epoch=1/3 loss=0.2579 l2=0.2000 label_smoothing=0.000
D step=3/5 epoch=2/3 loss=0.2523 l2=0.2000 label_smoothing=0.000
D step=3/5 epoch=3/3 loss=0.2581 l2=0.2000 label_smoothing=0.000
D step=4/5 epoch=1/3 loss=0.2659 l2=0.2000 label_smoothing=0.000
D step=4/5 epoch=2/3 loss=0.2503 l2=0.2000 label_smoothing=0.000
D step=4/5 epoch=3/3 loss=0.2405 l2=0.2000 label_smoothing=0.000
D step=5/5 epoch=1/3 loss=0.2705 l2=0.2000 label_smoothing=0.000
D step=5/5 epoch=2/3 loss=0.2722 l2=0.2000 label_smoothing=0.000
D step=5/5 epoch=3/3 loss=0.2672 l2=0.2000 label_smoothing=0.000
ADV epoch=46/60 g_loss=0.0049 d_loss=0.2692 reward=0.1551 reward_var=0.0018 unique=0.0800
D step=1/5 epoch=1/3 loss=0.2599 l2=0.2000 label_smoothing=0.000
D step=1/5 epoch=2/3 loss=0.2562 l2=0.2000 label_smoothing=0.000
D step=1/5 epoch=3/3 loss=0.2524 l2=0.2000 label_smoothing=0.000
D step=2/5 epoch=1/3 loss=0.2898 l2=0.2000 label_smoothing=0.000
D step=2/5 epoch=2/3 loss=0.2895 l2=0.2000 label_smoothing=0.000
D step=2/5 epoch=3/3 loss=0.2846 l2=0.2000 label_smoothing=0.000
D step=3/5 epoch=1/3 loss=0.2541 l2=0.2000 label_smoothing=0.000
D step=3/5 epoch=2/3 loss=0.2463 l2=0.2000 label_smoothing=0.000
D step=3/5 epoch=3/3 loss=0.2498 l2=0.2000 label_smoothing=0.000
D step=4/5 epoch=1/3 loss=0.2606 l2=0.2000 label_smoothing=0.000
D step=4/5 epoch=2/3 loss=0.2548 l2=0.2000 label_smoothing=0.000
D step=4/5 epoch=3/3 loss=0.2510 l2=0.2000 label_smoothing=0.000
D step=5/5 epoch=1/3 loss=0.2756 l2=0.2000 label_smoothing=0.000
D step=5/5 epoch=2/3 loss=0.2739 l2=0.2000 label_smoothing=0.000
D step=5/5 epoch=3/3 loss=0.2712 l2=0.2000 label_smoothing=0.000
ADV epoch=47/60 g_loss=0.0073 d_loss=0.2647 reward=0.1746 reward_var=0.0022 unique=0.1400
D step=1/5 epoch=1/3 loss=0.2831 l2=0.2000 label_smoothing=0.000
D step=1/5 epoch=2/3 loss=0.2647 l2=0.2000 label_smoothing=0.000
D step=1/5 epoch=3/3 loss=0.2653 l2=0.2000 label_smoothing=0.000
D step=2/5 epoch=1/3 loss=0.2618 l2=0.2000 label_smoothing=0.000
D step=2/5 epoch=2/3 loss=0.2641 l2=0.2000 label_smoothing=0.000
D step=2/5 epoch=3/3 loss=0.2627 l2=0.2000 label_smoothing=0.000
D step=3/5 epoch=1/3 loss=0.2535 l2=0.2000 label_smoothing=0.000
D step=3/5 epoch=2/3 loss=0.2547 l2=0.2000 label_smoothing=0.000
D step=3/5 epoch=3/3 loss=0.2560 l2=0.2000 label_smoothing=0.000
D step=4/5 epoch=1/3 loss=0.2485 l2=0.2000 label_smoothing=0.000
D step=4/5 epoch=2/3 loss=0.2423 l2=0.2000 label_smoothing=0.000
D step=4/5 epoch=3/3 loss=0.2466 l2=0.2000 label_smoothing=0.000
D step=5/5 epoch=1/3 loss=0.2451 l2=0.2000 label_smoothing=0.000
D step=5/5 epoch=2/3 loss=0.2394 l2=0.2000 label_smoothing=0.000
D step=5/5 epoch=3/3 loss=0.2392 l2=0.2000 label_smoothing=0.000
ADV epoch=48/60 g_loss=0.0092 d_loss=0.2551 reward=0.1820 reward_var=0.0039 unique=0.2200
D step=1/5 epoch=1/3 loss=0.2480 l2=0.2000 label_smoothing=0.000
D step=1/5 epoch=2/3 loss=0.2459 l2=0.2000 label_smoothing=0.000
D step=1/5 epoch=3/3 loss=0.2459 l2=0.2000 label_smoothing=0.000
D step=2/5 epoch=1/3 loss=0.2748 l2=0.2000 label_smoothing=0.000
D step=2/5 epoch=2/3 loss=0.2671 l2=0.2000 label_smoothing=0.000
D step=2/5 epoch=3/3 loss=0.2654 l2=0.2000 label_smoothing=0.000
D step=3/5 epoch=1/3 loss=0.2530 l2=0.2000 label_smoothing=0.000
D step=3/5 epoch=2/3 loss=0.2523 l2=0.2000 label_smoothing=0.000
D step=3/5 epoch=3/3 loss=0.2564 l2=0.2000 label_smoothing=0.000
D step=4/5 epoch=1/3 loss=0.2650 l2=0.2000 label_smoothing=0.000
D step=4/5 epoch=2/3 loss=0.2608 l2=0.2000 label_smoothing=0.000
D step=4/5 epoch=3/3 loss=0.2594 l2=0.2000 label_smoothing=0.000
D step=5/5 epoch=1/3 loss=0.2464 l2=0.2000 label_smoothing=0.000
D step=5/5 epoch=2/3 loss=0.2451 l2=0.2000 label_smoothing=0.000
D step=5/5 epoch=3/3 loss=0.2465 l2=0.2000 label_smoothing=0.000
ADV epoch=49/60 g_loss=0.0067 d_loss=0.2555 reward=0.1476 reward_var=0.0024 unique=0.1200
D step=1/5 epoch=1/3 loss=0.2707 l2=0.2000 label_smoothing=0.000
D step=1/5 epoch=2/3 loss=0.2725 l2=0.2000 label_smoothing=0.000
D step=1/5 epoch=3/3 loss=0.2722 l2=0.2000 label_smoothing=0.000
D step=2/5 epoch=1/3 loss=0.2696 l2=0.2000 label_smoothing=0.000
D step=2/5 epoch=2/3 loss=0.2683 l2=0.2000 label_smoothing=0.000
D step=2/5 epoch=3/3 loss=0.2700 l2=0.2000 label_smoothing=0.000
D step=3/5 epoch=1/3 loss=0.2719 l2=0.2000 label_smoothing=0.000
D step=3/5 epoch=2/3 loss=0.2628 l2=0.2000 label_smoothing=0.000
D step=3/5 epoch=3/3 loss=0.2581 l2=0.2000 label_smoothing=0.000
D step=4/5 epoch=1/3 loss=0.2688 l2=0.2000 label_smoothing=0.000
D step=4/5 epoch=2/3 loss=0.2672 l2=0.2000 label_smoothing=0.000
D step=4/5 epoch=3/3 loss=0.2712 l2=0.2000 label_smoothing=0.000
D step=5/5 epoch=1/3 loss=0.2830 l2=0.2000 label_smoothing=0.000
D step=5/5 epoch=2/3 loss=0.2847 l2=0.2000 label_smoothing=0.000
D step=5/5 epoch=3/3 loss=0.2844 l2=0.2000 label_smoothing=0.000
ADV epoch=50/60 g_loss=0.0050 d_loss=0.2717 reward=0.1443 reward_var=0.0022 unique=0.2200
D step=1/5 epoch=1/3 loss=0.2736 l2=0.2000 label_smoothing=0.000
D step=1/5 epoch=2/3 loss=0.2643 l2=0.2000 label_smoothing=0.000
D step=1/5 epoch=3/3 loss=0.2637 l2=0.2000 label_smoothing=0.000
D step=2/5 epoch=1/3 loss=0.2751 l2=0.2000 label_smoothing=0.000
D step=2/5 epoch=2/3 loss=0.2682 l2=0.2000 label_smoothing=0.000
D step=2/5 epoch=3/3 loss=0.2640 l2=0.2000 label_smoothing=0.000
D step=3/5 epoch=1/3 loss=0.2517 l2=0.2000 label_smoothing=0.000
D step=3/5 epoch=2/3 loss=0.2514 l2=0.2000 label_smoothing=0.000
D step=3/5 epoch=3/3 loss=0.2493 l2=0.2000 label_smoothing=0.000
D step=4/5 epoch=1/3 loss=0.2602 l2=0.2000 label_smoothing=0.000
D step=4/5 epoch=2/3 loss=0.2603 l2=0.2000 label_smoothing=0.000
D step=4/5 epoch=3/3 loss=0.2598 l2=0.2000 label_smoothing=0.000
D step=5/5 epoch=1/3 loss=0.2655 l2=0.2000 label_smoothing=0.000
D step=5/5 epoch=2/3 loss=0.2650 l2=0.2000 label_smoothing=0.000
D step=5/5 epoch=3/3 loss=0.2669 l2=0.2000 label_smoothing=0.000
ADV epoch=51/60 g_loss=0.0074 d_loss=0.2626 reward=0.1723 reward_var=0.0022 unique=0.1600
D step=1/5 epoch=1/3 loss=0.2505 l2=0.2000 label_smoothing=0.000
D step=1/5 epoch=2/3 loss=0.2392 l2=0.2000 label_smoothing=0.000
D step=1/5 epoch=3/3 loss=0.2396 l2=0.2000 label_smoothing=0.000
D step=2/5 epoch=1/3 loss=0.2536 l2=0.2000 label_smoothing=0.000
D step=2/5 epoch=2/3 loss=0.2510 l2=0.2000 label_smoothing=0.000
D step=2/5 epoch=3/3 loss=0.2511 l2=0.2000 label_smoothing=0.000
D step=3/5 epoch=1/3 loss=0.2423 l2=0.2000 label_smoothing=0.000
D step=3/5 epoch=2/3 loss=0.2279 l2=0.2000 label_smoothing=0.000
D step=3/5 epoch=3/3 loss=0.2281 l2=0.2000 label_smoothing=0.000
D step=4/5 epoch=1/3 loss=0.2684 l2=0.2000 label_smoothing=0.000
D step=4/5 epoch=2/3 loss=0.2600 l2=0.2000 label_smoothing=0.000
D step=4/5 epoch=3/3 loss=0.2581 l2=0.2000 label_smoothing=0.000
D step=5/5 epoch=1/3 loss=0.2659 l2=0.2000 label_smoothing=0.000
D step=5/5 epoch=2/3 loss=0.2696 l2=0.2000 label_smoothing=0.000
D step=5/5 epoch=3/3 loss=0.2688 l2=0.2000 label_smoothing=0.000
ADV epoch=52/60 g_loss=0.0078 d_loss=0.2516 reward=0.1559 reward_var=0.0028 unique=0.1600
D step=1/5 epoch=1/3 loss=0.2589 l2=0.2000 label_smoothing=0.000
D step=1/5 epoch=2/3 loss=0.2515 l2=0.2000 label_smoothing=0.000
D step=1/5 epoch=3/3 loss=0.2504 l2=0.2000 label_smoothing=0.000
D step=2/5 epoch=1/3 loss=0.2716 l2=0.2000 label_smoothing=0.000
D step=2/5 epoch=2/3 loss=0.2618 l2=0.2000 label_smoothing=0.000
D step=2/5 epoch=3/3 loss=0.2601 l2=0.2000 label_smoothing=0.000
D step=3/5 epoch=1/3 loss=0.2492 l2=0.2000 label_smoothing=0.000
D step=3/5 epoch=2/3 loss=0.2469 l2=0.2000 label_smoothing=0.000
D step=3/5 epoch=3/3 loss=0.2450 l2=0.2000 label_smoothing=0.000
D step=4/5 epoch=1/3 loss=0.2228 l2=0.2000 label_smoothing=0.000
D step=4/5 epoch=2/3 loss=0.2203 l2=0.2000 label_smoothing=0.000
D step=4/5 epoch=3/3 loss=0.2184 l2=0.2000 label_smoothing=0.000
D step=5/5 epoch=1/3 loss=0.2552 l2=0.2000 label_smoothing=0.000
D step=5/5 epoch=2/3 loss=0.2503 l2=0.2000 label_smoothing=0.000
D step=5/5 epoch=3/3 loss=0.2486 l2=0.2000 label_smoothing=0.000
ADV epoch=53/60 g_loss=0.0050 d_loss=0.2474 reward=0.1704 reward_var=0.0015 unique=0.1200
D step=1/5 epoch=1/3 loss=0.2751 l2=0.2000 label_smoothing=0.000
D step=1/5 epoch=2/3 loss=0.2672 l2=0.2000 label_smoothing=0.000
D step=1/5 epoch=3/3 loss=0.2666 l2=0.2000 label_smoothing=0.000
D step=2/5 epoch=1/3 loss=0.2737 l2=0.2000 label_smoothing=0.000
D step=2/5 epoch=2/3 loss=0.2705 l2=0.2000 label_smoothing=0.000
D step=2/5 epoch=3/3 loss=0.2647 l2=0.2000 label_smoothing=0.000
D step=3/5 epoch=1/3 loss=0.2939 l2=0.2000 label_smoothing=0.000
D step=3/5 epoch=2/3 loss=0.2731 l2=0.2000 label_smoothing=0.000
D step=3/5 epoch=3/3 loss=0.2751 l2=0.2000 label_smoothing=0.000
D step=4/5 epoch=1/3 loss=0.2526 l2=0.2000 label_smoothing=0.000
D step=4/5 epoch=2/3 loss=0.2462 l2=0.2000 label_smoothing=0.000
D step=4/5 epoch=3/3 loss=0.2497 l2=0.2000 label_smoothing=0.000
D step=5/5 epoch=1/3 loss=0.2515 l2=0.2000 label_smoothing=0.000
D step=5/5 epoch=2/3 loss=0.2467 l2=0.2000 label_smoothing=0.000
D step=5/5 epoch=3/3 loss=0.2494 l2=0.2000 label_smoothing=0.000
ADV epoch=54/60 g_loss=0.0097 d_loss=0.2637 reward=0.1744 reward_var=0.0121 unique=0.1400
D step=1/5 epoch=1/3 loss=0.2876 l2=0.2000 label_smoothing=0.000
D step=1/5 epoch=2/3 loss=0.2793 l2=0.2000 label_smoothing=0.000
D step=1/5 epoch=3/3 loss=0.2723 l2=0.2000 label_smoothing=0.000
D step=2/5 epoch=1/3 loss=0.2602 l2=0.2000 label_smoothing=0.000
D step=2/5 epoch=2/3 loss=0.2599 l2=0.2000 label_smoothing=0.000
D step=2/5 epoch=3/3 loss=0.2584 l2=0.2000 label_smoothing=0.000
D step=3/5 epoch=1/3 loss=0.2501 l2=0.2000 label_smoothing=0.000
D step=3/5 epoch=2/3 loss=0.2450 l2=0.2000 label_smoothing=0.000
D step=3/5 epoch=3/3 loss=0.2438 l2=0.2000 label_smoothing=0.000
D step=4/5 epoch=1/3 loss=0.2727 l2=0.2000 label_smoothing=0.000
D step=4/5 epoch=2/3 loss=0.2735 l2=0.2000 label_smoothing=0.000
D step=4/5 epoch=3/3 loss=0.2687 l2=0.2000 label_smoothing=0.000
D step=5/5 epoch=1/3 loss=0.2312 l2=0.2000 label_smoothing=0.000
D step=5/5 epoch=2/3 loss=0.2247 l2=0.2000 label_smoothing=0.000
D step=5/5 epoch=3/3 loss=0.2267 l2=0.2000 label_smoothing=0.000
ADV epoch=55/60 g_loss=0.0049 d_loss=0.2570 reward=0.1521 reward_var=0.0042 unique=0.1000
D step=1/5 epoch=1/3 loss=0.2818 l2=0.2000 label_smoothing=0.000
D step=1/5 epoch=2/3 loss=0.2742 l2=0.2000 label_smoothing=0.000
D step=1/5 epoch=3/3 loss=0.2712 l2=0.2000 label_smoothing=0.000
D step=2/5 epoch=1/3 loss=0.2821 l2=0.2000 label_smoothing=0.000
D step=2/5 epoch=2/3 loss=0.2795 l2=0.2000 label_smoothing=0.000
D step=2/5 epoch=3/3 loss=0.2820 l2=0.2000 label_smoothing=0.000
D step=3/5 epoch=1/3 loss=0.3079 l2=0.2000 label_smoothing=0.000
D step=3/5 epoch=2/3 loss=0.2924 l2=0.2000 label_smoothing=0.000
D step=3/5 epoch=3/3 loss=0.2669 l2=0.2000 label_smoothing=0.000
D step=4/5 epoch=1/3 loss=0.2737 l2=0.2000 label_smoothing=0.000
D step=4/5 epoch=2/3 loss=0.2748 l2=0.2000 label_smoothing=0.000
D step=4/5 epoch=3/3 loss=0.2691 l2=0.2000 label_smoothing=0.000
D step=5/5 epoch=1/3 loss=0.2941 l2=0.2000 label_smoothing=0.000
D step=5/5 epoch=2/3 loss=0.2937 l2=0.2000 label_smoothing=0.000
D step=5/5 epoch=3/3 loss=0.2966 l2=0.2000 label_smoothing=0.000
ADV epoch=56/60 g_loss=0.0051 d_loss=0.2827 reward=0.1001 reward_var=0.0016 unique=0.1000
D step=1/5 epoch=1/3 loss=0.2863 l2=0.2000 label_smoothing=0.000
D step=1/5 epoch=2/3 loss=0.2698 l2=0.2000 label_smoothing=0.000
D step=1/5 epoch=3/3 loss=0.2658 l2=0.2000 label_smoothing=0.000
D step=2/5 epoch=1/3 loss=0.2975 l2=0.2000 label_smoothing=0.000
D step=2/5 epoch=2/3 loss=0.2991 l2=0.2000 label_smoothing=0.000
D step=2/5 epoch=3/3 loss=0.2944 l2=0.2000 label_smoothing=0.000
D step=3/5 epoch=1/3 loss=0.2626 l2=0.2000 label_smoothing=0.000
D step=3/5 epoch=2/3 loss=0.2619 l2=0.2000 label_smoothing=0.000
D step=3/5 epoch=3/3 loss=0.2613 l2=0.2000 label_smoothing=0.000
D step=4/5 epoch=1/3 loss=0.2470 l2=0.2000 label_smoothing=0.000
D step=4/5 epoch=2/3 loss=0.2448 l2=0.2000 label_smoothing=0.000
D step=4/5 epoch=3/3 loss=0.2376 l2=0.2000 label_smoothing=0.000
D step=5/5 epoch=1/3 loss=0.2712 l2=0.2000 label_smoothing=0.000
D step=5/5 epoch=2/3 loss=0.2685 l2=0.2000 label_smoothing=0.000
D step=5/5 epoch=3/3 loss=0.2667 l2=0.2000 label_smoothing=0.000
ADV epoch=57/60 g_loss=0.0044 d_loss=0.2690 reward=0.1854 reward_var=0.0023 unique=0.0800
D step=1/5 epoch=1/3 loss=0.2822 l2=0.2000 label_smoothing=0.000
D step=1/5 epoch=2/3 loss=0.2818 l2=0.2000 label_smoothing=0.000
D step=1/5 epoch=3/3 loss=0.2851 l2=0.2000 label_smoothing=0.000
D step=2/5 epoch=1/3 loss=0.3062 l2=0.2000 label_smoothing=0.000
D step=2/5 epoch=2/3 loss=0.2936 l2=0.2000 label_smoothing=0.000
D step=2/5 epoch=3/3 loss=0.2837 l2=0.2000 label_smoothing=0.000
D step=3/5 epoch=1/3 loss=0.2543 l2=0.2000 label_smoothing=0.000
D step=3/5 epoch=2/3 loss=0.2338 l2=0.2000 label_smoothing=0.000
D step=3/5 epoch=3/3 loss=0.2279 l2=0.2000 label_smoothing=0.000
D step=4/5 epoch=1/3 loss=0.2737 l2=0.2000 label_smoothing=0.000
D step=4/5 epoch=2/3 loss=0.2699 l2=0.2000 label_smoothing=0.000
D step=4/5 epoch=3/3 loss=0.2694 l2=0.2000 label_smoothing=0.000
D step=5/5 epoch=1/3 loss=0.2601 l2=0.2000 label_smoothing=0.000
D step=5/5 epoch=2/3 loss=0.2559 l2=0.2000 label_smoothing=0.000
D step=5/5 epoch=3/3 loss=0.2606 l2=0.2000 label_smoothing=0.000
ADV epoch=58/60 g_loss=0.0042 d_loss=0.2692 reward=0.1753 reward_var=0.0022 unique=0.1400
D step=1/5 epoch=1/3 loss=0.2569 l2=0.2000 label_smoothing=0.000
D step=1/5 epoch=2/3 loss=0.2512 l2=0.2000 label_smoothing=0.000
D step=1/5 epoch=3/3 loss=0.2519 l2=0.2000 label_smoothing=0.000
D step=2/5 epoch=1/3 loss=0.2459 l2=0.2000 label_smoothing=0.000
D step=2/5 epoch=2/3 loss=0.2522 l2=0.2000 label_smoothing=0.000
D step=2/5 epoch=3/3 loss=0.2442 l2=0.2000 label_smoothing=0.000
D step=3/5 epoch=1/3 loss=0.2892 l2=0.2000 label_smoothing=0.000
D step=3/5 epoch=2/3 loss=0.2789 l2=0.2000 label_smoothing=0.000
D step=3/5 epoch=3/3 loss=0.2779 l2=0.2000 label_smoothing=0.000
D step=4/5 epoch=1/3 loss=0.2946 l2=0.2000 label_smoothing=0.000
D step=4/5 epoch=2/3 loss=0.2832 l2=0.2000 label_smoothing=0.000
D step=4/5 epoch=3/3 loss=0.2629 l2=0.2000 label_smoothing=0.000
D step=5/5 epoch=1/3 loss=0.2990 l2=0.2000 label_smoothing=0.000
D step=5/5 epoch=2/3 loss=0.2921 l2=0.2000 label_smoothing=0.000
D step=5/5 epoch=3/3 loss=0.2847 l2=0.2000 label_smoothing=0.000
ADV epoch=59/60 g_loss=0.0042 d_loss=0.2710 reward=0.1438 reward_var=0.0017 unique=0.1400
D step=1/5 epoch=1/3 loss=0.2571 l2=0.2000 label_smoothing=0.000
D step=1/5 epoch=2/3 loss=0.2551 l2=0.2000 label_smoothing=0.000
D step=1/5 epoch=3/3 loss=0.2549 l2=0.2000 label_smoothing=0.000
D step=2/5 epoch=1/3 loss=0.2183 l2=0.2000 label_smoothing=0.000
D step=2/5 epoch=2/3 loss=0.2166 l2=0.2000 label_smoothing=0.000
D step=2/5 epoch=3/3 loss=0.2168 l2=0.2000 label_smoothing=0.000
D step=3/5 epoch=1/3 loss=0.2598 l2=0.2000 label_smoothing=0.000
D step=3/5 epoch=2/3 loss=0.2552 l2=0.2000 label_smoothing=0.000
D step=3/5 epoch=3/3 loss=0.2516 l2=0.2000 label_smoothing=0.000
D step=4/5 epoch=1/3 loss=0.2617 l2=0.2000 label_smoothing=0.000
D step=4/5 epoch=2/3 loss=0.2556 l2=0.2000 label_smoothing=0.000
D step=4/5 epoch=3/3 loss=0.2571 l2=0.2000 label_smoothing=0.000
D step=5/5 epoch=1/3 loss=0.2659 l2=0.2000 label_smoothing=0.000
D step=5/5 epoch=2/3 loss=0.2695 l2=0.2000 label_smoothing=0.000
D step=5/5 epoch=3/3 loss=0.2671 l2=0.2000 label_smoothing=0.000
ADV epoch=60/60 g_loss=0.0030 d_loss=0.2508 reward=0.1956 reward_var=0.0010 unique=0.1400
saved 500 raw samples to /content/drive/MyDrive/GAN/GAN_SQLi_Colab/results_seqgan_phase2b_phase3/phase2b/seqgan_master/union/D/R100/generated_payloads.csv
