{
  "metric_schema_version": "quality-metrics-v3",
  "normalization_version": "nfkc_html_percent1_casefold_ws_quotes_v1",
  "seed": 88,
  "method": "ctgan",
  "family": "time",
  "scenario": "A",
  "ratio": "20",
  "generation_kind": "retrieval",
  "schema_valid": true,
  "stop_reason": "n/a",
  "n_generated": 500,
  "unique_rate": 0.424,
  "normalized_unique_rate": 0.424,
  "duplicate_rate": 0.5760000000000001,
  "model_collapse_rate": 0.5760000000000001,
  "dominant_payload_share": 0.038,
  "normalized_dominant_payload_share": 0.038,
  "sql_parse_rate": 1.0,
  "sql_structure_rate": 1.0,
  "family_motif_coverage": 1.0,
  "family_motif_hit_rate": 1.0,
  "garbage_rate": 0.0,
  "wellformed_rate": 1.0,
  "shaped_rate": 1.0,
  "family_motif_coverage_by_family": {
    "time": 1.0
  },
  "family_motif_hit_rate_by_family": {
    "time": 1.0
  },
  "inferred_family_distribution": {
    "boolean": 0.0,
    "union": 0.0,
    "time": 1.0,
    "error": 0.0,
    "other": 0.0
  },
  "train_reference_count": 780,
  "holdout_reference_count": 296,
  "exact_input_overlap": 1.0,
  "normalized_input_overlap": 1.0,
  "holdout_overlap": 0.0,
  "normalized_holdout_overlap": 0.0,
  "nearest_input_similarity_mean": 1.0,
  "nearest_input_similarity_median": 1.0,
  "nearest_input_similarity_p90": 1.0,
  "nearest_char3_jaccard_mean": 1.0,
  "nearest_char3_jaccard_median": 1.0,
  "nearest_char3_jaccard_p90": 1.0,
  "nearest_token_jaccard_mean": 1.0,
  "nearest_token_jaccard_median": 1.0,
  "nearest_token_jaccard_p90": 1.0,
  "nearest_edit_similarity_mean": 0.9969488473931157,
  "nearest_edit_similarity_median": 1.0,
  "nearest_edit_similarity_p90": 1.0,
  "nearest_feature_cosine_mean": 0.999858965193061,
  "nearest_feature_cosine_median": 1.0,
  "nearest_feature_cosine_p90": 1.0000000000000002,
  "nearest_input_distance_mean": 0.0,
  "nearest_input_distance_median": 0.0,
  "nearest_input_distance_p90": 0.0,
  "mean_nearest_similarity": 1.0,
  "median_nearest_similarity": 1.0,
  "p90_nearest_similarity": 1.0,
  "unique_nearest_payload_rate": 0.41,
  "dominant_retrieved_payload_share": 0.038,
  "nearest_reference_count": 780,
  "distinct_1": 0.04869565217391304,
  "distinct_2": 0.11776824034334764,
  "distinct_3": 0.13926426426426428,
  "lexical_diversity": 0.04869565217391304,
  "character_diversity": 0.8024155457276465,
  "token_diversity": 0.6434507867815676,
  "keyword_diversity": 0.8797840744245149,
  "operator_diversity": 0.49674393437473974,
  "function_diversity": 0.7621405214111361,
  "comment_style_diversity": 0.6666666666666666,
  "length_zone_diversity": 0.6,
  "self_bleu": 0.9799568913692799,
  "self_bleu_char": 0.9799568913692799,
  "requested_count": 500,
  "generated_count_fraction": 1.0
}
