{
  "metric_schema_version": "quality-metrics-v3",
  "normalization_version": "nfkc_html_percent1_casefold_ws_quotes_v1",
  "seed": 88,
  "method": "seqgan_improved",
  "family": "error",
  "scenario": "D",
  "ratio": "100",
  "generation_kind": "direct",
  "schema_valid": true,
  "stop_reason": "n/a",
  "n_generated": 2000,
  "unique_rate": 1.0,
  "normalized_unique_rate": 1.0,
  "duplicate_rate": 0.0,
  "model_collapse_rate": 0.0,
  "dominant_payload_share": 0.0005,
  "normalized_dominant_payload_share": 0.0005,
  "sql_parse_rate": 1.0,
  "sql_structure_rate": 0.8325,
  "family_motif_coverage": 0.25,
  "family_motif_hit_rate": 0.0055,
  "garbage_rate": 0.16749999999999998,
  "wellformed_rate": 1.0,
  "shaped_rate": 0.8325,
  "family_motif_coverage_by_family": {
    "error": 0.25
  },
  "family_motif_hit_rate_by_family": {
    "error": 0.0055
  },
  "inferred_family_distribution": {
    "boolean": 0.1375,
    "union": 0.057,
    "time": 0.0,
    "error": 0.0055,
    "other": 0.8
  },
  "train_reference_count": 156,
  "holdout_reference_count": 259,
  "exact_input_overlap": 0.0,
  "normalized_input_overlap": 0.0,
  "holdout_overlap": 0.0,
  "normalized_holdout_overlap": 0.0,
  "nearest_input_similarity_mean": 0.1629449966667988,
  "nearest_input_similarity_median": 0.16159410700895416,
  "nearest_input_similarity_p90": 0.20224719101123595,
  "nearest_char3_jaccard_mean": 0.1629449966667988,
  "nearest_char3_jaccard_median": 0.16159410700895416,
  "nearest_char3_jaccard_p90": 0.20224719101123595,
  "nearest_token_jaccard_mean": 0.13680270568645017,
  "nearest_token_jaccard_median": 0.1388888888888889,
  "nearest_token_jaccard_p90": 0.23404255319148937,
  "nearest_edit_similarity_mean": 0.2315672028571566,
  "nearest_edit_similarity_median": 0.2294157524959941,
  "nearest_edit_similarity_p90": 0.2830302341441237,
  "nearest_feature_cosine_mean": 0.9338449628185506,
  "nearest_feature_cosine_median": 0.9426373415030754,
  "nearest_feature_cosine_p90": 0.9900494756752205,
  "nearest_input_distance_mean": 0.8370550033332012,
  "nearest_input_distance_median": 0.8384058929910458,
  "nearest_input_distance_p90": 0.8766013684506515,
  "mean_nearest_similarity": 0.1629449966667988,
  "median_nearest_similarity": 0.16159410700895416,
  "p90_nearest_similarity": 0.20224719101123595,
  "unique_nearest_payload_rate": 0.054,
  "dominant_retrieved_payload_share": 0.0925,
  "nearest_reference_count": 156,
  "distinct_1": 0.22907185215832299,
  "distinct_2": 0.4918047421796886,
  "distinct_3": 0.7032901923753448,
  "lexical_diversity": 0.22907185215832299,
  "character_diversity": 0.7659875774869176,
  "token_diversity": 0.5737150687387498,
  "keyword_diversity": 0.7948385412863836,
  "operator_diversity": 0.6280038818964656,
  "function_diversity": 0.768737999413971,
  "comment_style_diversity": 0.6666666666666666,
  "length_zone_diversity": 0.4,
  "self_bleu": 0.9616770909307145,
  "self_bleu_char": 0.9616770909307145,
  "requested_count": 2000,
  "generated_count_fraction": 1.0
}
