
[1/3] pretrain G
G epoch=1/120 loss=4.5510
G epoch=2/120 loss=4.3870
G epoch=3/120 loss=4.2115
G epoch=4/120 loss=4.0003
G epoch=5/120 loss=3.7455
G epoch=6/120 loss=3.4559
G epoch=7/120 loss=3.1629
G epoch=8/120 loss=2.9120
G epoch=9/120 loss=2.7334
G epoch=10/120 loss=2.6240
G epoch=11/120 loss=2.5579
G epoch=12/120 loss=2.5073
G epoch=13/120 loss=2.4583
G epoch=14/120 loss=2.4095
G epoch=15/120 loss=2.3640
G epoch=16/120 loss=2.3228
G epoch=17/120 loss=2.2841
G epoch=18/120 loss=2.2443
G epoch=19/120 loss=2.2017
G epoch=20/120 loss=2.1577
G epoch=21/120 loss=2.1150
G epoch=22/120 loss=2.0753
G epoch=23/120 loss=2.0385
G epoch=24/120 loss=2.0038
G epoch=25/120 loss=1.9700
G epoch=26/120 loss=1.9368
G epoch=27/120 loss=1.9040
G epoch=28/120 loss=1.8717
G epoch=29/120 loss=1.8401
G epoch=30/120 loss=1.8101
G epoch=31/120 loss=1.7818
G epoch=32/120 loss=1.7543
G epoch=33/120 loss=1.7270
G epoch=34/120 loss=1.7010
G epoch=35/120 loss=1.6769
G epoch=36/120 loss=1.6533
G epoch=37/120 loss=1.6293
G epoch=38/120 loss=1.6062
G epoch=39/120 loss=1.5845
G epoch=40/120 loss=1.5627
G epoch=41/120 loss=1.5412
G epoch=42/120 loss=1.5212
G epoch=43/120 loss=1.5004
G epoch=44/120 loss=1.4800
G epoch=45/120 loss=1.4593
G epoch=46/120 loss=1.4384
G epoch=47/120 loss=1.4171
G epoch=48/120 loss=1.3967
G epoch=49/120 loss=1.3764
G epoch=50/120 loss=1.3571
G epoch=51/120 loss=1.3375
G epoch=52/120 loss=1.3186
G epoch=53/120 loss=1.2996
G epoch=54/120 loss=1.2808
G epoch=55/120 loss=1.2625
G epoch=56/120 loss=1.2450
G epoch=57/120 loss=1.2289
G epoch=58/120 loss=1.2131
G epoch=59/120 loss=1.1970
G epoch=60/120 loss=1.1810
G epoch=61/120 loss=1.1656
G epoch=62/120 loss=1.1509
G epoch=63/120 loss=1.1367
G epoch=64/120 loss=1.1224
G epoch=65/120 loss=1.1081
G epoch=66/120 loss=1.0938
G epoch=67/120 loss=1.0800
G epoch=68/120 loss=1.0669
G epoch=69/120 loss=1.0543
G epoch=70/120 loss=1.0425
G epoch=71/120 loss=1.0316
G epoch=72/120 loss=1.0241
G epoch=73/120 loss=1.0087
G epoch=74/120 loss=0.9953
G epoch=75/120 loss=0.9849
G epoch=76/120 loss=0.9754
G epoch=77/120 loss=0.9659
G epoch=78/120 loss=0.9517
G epoch=79/120 loss=0.9431
G epoch=80/120 loss=0.9402
G epoch=81/120 loss=0.9205
G epoch=82/120 loss=0.9201
G epoch=83/120 loss=0.9289
G epoch=84/120 loss=0.9107
G epoch=85/120 loss=0.8925
G epoch=86/120 loss=0.8900
G epoch=87/120 loss=0.8738
G epoch=88/120 loss=0.8764
G epoch=89/120 loss=0.8573
G epoch=90/120 loss=0.8528
G epoch=91/120 loss=0.8459
G epoch=92/120 loss=0.8322
G epoch=93/120 loss=0.8323
G epoch=94/120 loss=0.8182
G epoch=95/120 loss=0.8132
G epoch=96/120 loss=0.8055
G epoch=97/120 loss=0.7959
G epoch=98/120 loss=0.7925
G epoch=99/120 loss=0.7795
G epoch=100/120 loss=0.7779
G epoch=101/120 loss=0.7654
G epoch=102/120 loss=0.7622
G epoch=103/120 loss=0.7555
G epoch=104/120 loss=0.7443
G epoch=105/120 loss=0.7419
G epoch=106/120 loss=0.7351
G epoch=107/120 loss=0.7259
G epoch=108/120 loss=0.7177
G epoch=109/120 loss=0.7145
G epoch=110/120 loss=0.7213
G epoch=111/120 loss=0.7069
G epoch=112/120 loss=0.6970
G epoch=113/120 loss=0.6916
G epoch=114/120 loss=0.6873
G epoch=115/120 loss=0.6787
G epoch=116/120 loss=0.6742
G epoch=117/120 loss=0.6695
G epoch=118/120 loss=0.6646
G epoch=119/120 loss=0.6565
G epoch=120/120 loss=0.6502

[2/3] pretrain D

[3/3] adversarial
generator_reward_mode=off reward_alpha=1.000 d_steps=5 d_epochs=3
ADV epoch=1/200 g_loss=0.5831 d_loss=0.0000 reward=0.5247 reward_var=0.0004 unique=1.0000
ADV epoch=2/200 g_loss=0.5589 d_loss=0.0000 reward=0.5276 reward_var=0.0004 unique=0.9800
ADV epoch=3/200 g_loss=0.4113 d_loss=0.0000 reward=0.5211 reward_var=0.0004 unique=1.0000
ADV epoch=4/200 g_loss=0.5446 d_loss=0.0000 reward=0.5231 reward_var=0.0004 unique=1.0000
ADV epoch=5/200 g_loss=0.5393 d_loss=0.0000 reward=0.5240 reward_var=0.0005 unique=1.0000
ADV epoch=6/200 g_loss=0.5583 d_loss=0.0000 reward=0.5230 reward_var=0.0004 unique=1.0000
ADV epoch=7/200 g_loss=0.5187 d_loss=0.0000 reward=0.5247 reward_var=0.0003 unique=1.0000
ADV epoch=8/200 g_loss=0.4531 d_loss=0.0000 reward=0.5201 reward_var=0.0003 unique=1.0000
ADV epoch=9/200 g_loss=0.3763 d_loss=0.0000 reward=0.5161 reward_var=0.0003 unique=0.9800
ADV epoch=10/200 g_loss=0.3721 d_loss=0.0000 reward=0.5161 reward_var=0.0003 unique=0.9600
ADV epoch=11/200 g_loss=0.2121 d_loss=0.0000 reward=0.5090 reward_var=0.0003 unique=0.6000
ADV epoch=12/200 g_loss=0.1952 d_loss=0.0000 reward=0.5069 reward_var=0.0003 unique=0.6600
ADV epoch=13/200 g_loss=0.1671 d_loss=0.0000 reward=0.4992 reward_var=0.0003 unique=0.5800
ADV epoch=14/200 g_loss=0.1608 d_loss=0.0000 reward=0.4959 reward_var=0.0003 unique=0.5200
ADV epoch=15/200 g_loss=0.1443 d_loss=0.0000 reward=0.4863 reward_var=0.0003 unique=0.6200
ADV epoch=16/200 g_loss=0.1865 d_loss=0.0000 reward=0.4855 reward_var=0.0004 unique=0.6200
ADV epoch=17/200 g_loss=0.1595 d_loss=0.0000 reward=0.4849 reward_var=0.0002 unique=0.6600
ADV epoch=18/200 g_loss=0.1480 d_loss=0.0000 reward=0.4845 reward_var=0.0002 unique=0.7400
ADV epoch=19/200 g_loss=0.1441 d_loss=0.0000 reward=0.4861 reward_var=0.0002 unique=0.6400
ADV epoch=20/200 g_loss=0.1610 d_loss=0.0000 reward=0.4871 reward_var=0.0002 unique=0.7600
ADV epoch=21/200 g_loss=0.1996 d_loss=0.0000 reward=0.4925 reward_var=0.0004 unique=0.7600
ADV epoch=22/200 g_loss=0.1673 d_loss=0.0000 reward=0.4884 reward_var=0.0002 unique=0.7200
ADV epoch=23/200 g_loss=0.2215 d_loss=0.0000 reward=0.4900 reward_var=0.0002 unique=0.9200
ADV epoch=24/200 g_loss=0.2156 d_loss=0.0000 reward=0.4894 reward_var=0.0002 unique=0.9800
ADV epoch=25/200 g_loss=0.2078 d_loss=0.0000 reward=0.4909 reward_var=0.0002 unique=0.9200
ADV epoch=26/200 g_loss=0.2158 d_loss=0.0000 reward=0.4910 reward_var=0.0002 unique=0.8600
ADV epoch=27/200 g_loss=0.2182 d_loss=0.0000 reward=0.4924 reward_var=0.0003 unique=0.8600
ADV epoch=28/200 g_loss=0.1779 d_loss=0.0000 reward=0.4933 reward_var=0.0003 unique=0.8200
ADV epoch=29/200 g_loss=0.1988 d_loss=0.0000 reward=0.4940 reward_var=0.0002 unique=0.8800
ADV epoch=30/200 g_loss=0.1672 d_loss=0.0000 reward=0.4948 reward_var=0.0003 unique=0.7200
ADV epoch=31/200 g_loss=0.1808 d_loss=0.0000 reward=0.4954 reward_var=0.0003 unique=0.5800
ADV epoch=32/200 g_loss=0.1644 d_loss=0.0000 reward=0.4922 reward_var=0.0001 unique=0.6800
ADV epoch=33/200 g_loss=0.1419 d_loss=0.0000 reward=0.4904 reward_var=0.0001 unique=0.6000
ADV epoch=34/200 g_loss=0.1526 d_loss=0.0000 reward=0.4908 reward_var=0.0003 unique=0.7000
ADV epoch=35/200 g_loss=0.1972 d_loss=0.0000 reward=0.4925 reward_var=0.0003 unique=0.7200
ADV epoch=36/200 g_loss=0.1905 d_loss=0.0000 reward=0.4934 reward_var=0.0002 unique=0.8600
ADV epoch=37/200 g_loss=0.2090 d_loss=0.0000 reward=0.4943 reward_var=0.0003 unique=0.9400
ADV epoch=38/200 g_loss=0.2253 d_loss=0.0000 reward=0.4961 reward_var=0.0003 unique=0.8600
ADV epoch=39/200 g_loss=0.2592 d_loss=0.0000 reward=0.4990 reward_var=0.0003 unique=0.9800
ADV epoch=40/200 g_loss=0.2963 d_loss=0.0000 reward=0.5005 reward_var=0.0003 unique=1.0000
ADV epoch=41/200 g_loss=0.2918 d_loss=0.0000 reward=0.5030 reward_var=0.0004 unique=1.0000
ADV epoch=42/200 g_loss=0.3148 d_loss=0.0000 reward=0.5024 reward_var=0.0003 unique=1.0000
ADV epoch=43/200 g_loss=0.3364 d_loss=0.0000 reward=0.5066 reward_var=0.0004 unique=1.0000
ADV epoch=44/200 g_loss=0.3572 d_loss=0.0000 reward=0.5073 reward_var=0.0003 unique=1.0000
ADV epoch=45/200 g_loss=0.3630 d_loss=0.0000 reward=0.5054 reward_var=0.0002 unique=1.0000
ADV epoch=46/200 g_loss=0.3960 d_loss=0.0000 reward=0.5075 reward_var=0.0003 unique=1.0000
ADV epoch=47/200 g_loss=0.4036 d_loss=0.0000 reward=0.5070 reward_var=0.0003 unique=1.0000
ADV epoch=48/200 g_loss=0.4089 d_loss=0.0000 reward=0.5151 reward_var=0.0003 unique=1.0000
ADV epoch=49/200 g_loss=0.3981 d_loss=0.0000 reward=0.5107 reward_var=0.0003 unique=1.0000
ADV epoch=50/200 g_loss=0.3958 d_loss=0.0000 reward=0.5137 reward_var=0.0004 unique=1.0000
ADV epoch=51/200 g_loss=0.3941 d_loss=0.0000 reward=0.5129 reward_var=0.0004 unique=1.0000
ADV epoch=52/200 g_loss=0.3542 d_loss=0.0000 reward=0.5137 reward_var=0.0003 unique=1.0000
ADV epoch=53/200 g_loss=0.3294 d_loss=0.0000 reward=0.5169 reward_var=0.0005 unique=0.9800
ADV epoch=54/200 g_loss=0.2879 d_loss=0.0000 reward=0.5177 reward_var=0.0003 unique=0.9200
ADV epoch=55/200 g_loss=0.2813 d_loss=0.0000 reward=0.5177 reward_var=0.0003 unique=0.9000
ADV epoch=56/200 g_loss=0.2703 d_loss=0.0000 reward=0.5147 reward_var=0.0005 unique=0.8400
ADV epoch=57/200 g_loss=0.2099 d_loss=0.0000 reward=0.5158 reward_var=0.0003 unique=0.8800
ADV epoch=58/200 g_loss=0.2339 d_loss=0.0000 reward=0.5181 reward_var=0.0004 unique=0.8800
ADV epoch=59/200 g_loss=0.2189 d_loss=0.0000 reward=0.5168 reward_var=0.0004 unique=0.7000
ADV epoch=60/200 g_loss=0.2294 d_loss=0.0000 reward=0.5194 reward_var=0.0004 unique=0.8200
ADV epoch=61/200 g_loss=0.2406 d_loss=0.0000 reward=0.5204 reward_var=0.0005 unique=0.9200
ADV epoch=62/200 g_loss=0.2574 d_loss=0.0000 reward=0.5182 reward_var=0.0004 unique=0.9400
ADV epoch=63/200 g_loss=0.3047 d_loss=0.0000 reward=0.5232 reward_var=0.0004 unique=0.9600
ADV epoch=64/200 g_loss=0.2968 d_loss=0.0000 reward=0.5208 reward_var=0.0003 unique=1.0000
ADV epoch=65/200 g_loss=0.3491 d_loss=0.0000 reward=0.5188 reward_var=0.0004 unique=1.0000
ADV epoch=66/200 g_loss=0.4190 d_loss=0.0000 reward=0.5251 reward_var=0.0005 unique=1.0000
ADV epoch=67/200 g_loss=0.4541 d_loss=0.0000 reward=0.5275 reward_var=0.0004 unique=1.0000
ADV epoch=68/200 g_loss=0.4638 d_loss=0.0000 reward=0.5311 reward_var=0.0004 unique=1.0000
ADV epoch=69/200 g_loss=0.4944 d_loss=0.0000 reward=0.5345 reward_var=0.0006 unique=1.0000
ADV epoch=70/200 g_loss=0.4901 d_loss=0.0000 reward=0.5413 reward_var=0.0004 unique=1.0000
ADV epoch=71/200 g_loss=0.5157 d_loss=0.0000 reward=0.5442 reward_var=0.0005 unique=1.0000
ADV epoch=72/200 g_loss=0.4983 d_loss=0.0000 reward=0.5556 reward_var=0.0005 unique=1.0000
ADV epoch=73/200 g_loss=0.4758 d_loss=0.0000 reward=0.5584 reward_var=0.0004 unique=1.0000
ADV epoch=74/200 g_loss=0.4483 d_loss=0.0000 reward=0.5651 reward_var=0.0005 unique=1.0000
ADV epoch=75/200 g_loss=0.4516 d_loss=0.0000 reward=0.5712 reward_var=0.0003 unique=1.0000
ADV epoch=76/200 g_loss=0.4223 d_loss=0.0000 reward=0.5725 reward_var=0.0003 unique=1.0000
ADV epoch=77/200 g_loss=0.4526 d_loss=0.0000 reward=0.5762 reward_var=0.0003 unique=1.0000
ADV epoch=78/200 g_loss=0.4487 d_loss=0.0000 reward=0.5764 reward_var=0.0002 unique=1.0000
ADV epoch=79/200 g_loss=0.4489 d_loss=0.0000 reward=0.5777 reward_var=0.0003 unique=1.0000
ADV epoch=80/200 g_loss=0.4436 d_loss=0.0000 reward=0.5799 reward_var=0.0002 unique=1.0000
ADV epoch=81/200 g_loss=0.4335 d_loss=0.0000 reward=0.5777 reward_var=0.0003 unique=1.0000
ADV epoch=82/200 g_loss=0.4471 d_loss=0.0000 reward=0.5788 reward_var=0.0003 unique=1.0000
ADV epoch=83/200 g_loss=0.4239 d_loss=0.0000 reward=0.5791 reward_var=0.0002 unique=1.0000
ADV epoch=84/200 g_loss=0.4055 d_loss=0.0000 reward=0.5776 reward_var=0.0002 unique=1.0000
ADV epoch=85/200 g_loss=0.4297 d_loss=0.0000 reward=0.5811 reward_var=0.0002 unique=1.0000
ADV epoch=86/200 g_loss=0.4007 d_loss=0.0000 reward=0.5800 reward_var=0.0002 unique=1.0000
ADV epoch=87/200 g_loss=0.4079 d_loss=0.0000 reward=0.5790 reward_var=0.0003 unique=1.0000
ADV epoch=88/200 g_loss=0.3933 d_loss=0.0000 reward=0.5789 reward_var=0.0002 unique=1.0000
ADV epoch=89/200 g_loss=0.3439 d_loss=0.0000 reward=0.5791 reward_var=0.0003 unique=1.0000
ADV epoch=90/200 g_loss=0.3502 d_loss=0.0000 reward=0.5789 reward_var=0.0003 unique=0.9800
ADV epoch=91/200 g_loss=0.3616 d_loss=0.0000 reward=0.5840 reward_var=0.0002 unique=0.9800
ADV epoch=92/200 g_loss=0.3240 d_loss=0.0000 reward=0.5830 reward_var=0.0003 unique=1.0000
ADV epoch=93/200 g_loss=0.3210 d_loss=0.0000 reward=0.5792 reward_var=0.0002 unique=0.9800
ADV epoch=94/200 g_loss=0.3061 d_loss=0.0000 reward=0.5828 reward_var=0.0002 unique=0.9800
ADV epoch=95/200 g_loss=0.2598 d_loss=0.0000 reward=0.5869 reward_var=0.0003 unique=0.9800
ADV epoch=96/200 g_loss=0.2874 d_loss=0.0000 reward=0.5840 reward_var=0.0003 unique=0.8400
ADV epoch=97/200 g_loss=0.2825 d_loss=0.0000 reward=0.5866 reward_var=0.0002 unique=0.8800
ADV epoch=98/200 g_loss=0.2667 d_loss=0.0000 reward=0.5865 reward_var=0.0003 unique=0.8400
ADV epoch=99/200 g_loss=0.2648 d_loss=0.0000 reward=0.5886 reward_var=0.0002 unique=0.8600
ADV epoch=100/200 g_loss=0.2248 d_loss=0.0000 reward=0.5854 reward_var=0.0002 unique=0.8200
ADV epoch=101/200 g_loss=0.2712 d_loss=0.0000 reward=0.5870 reward_var=0.0002 unique=0.9200
ADV epoch=102/200 g_loss=0.2630 d_loss=0.0000 reward=0.5845 reward_var=0.0002 unique=0.7600
ADV epoch=103/200 g_loss=0.2726 d_loss=0.0000 reward=0.5893 reward_var=0.0002 unique=0.8600
ADV epoch=104/200 g_loss=0.2528 d_loss=0.0000 reward=0.5887 reward_var=0.0001 unique=0.9800
ADV epoch=105/200 g_loss=0.2549 d_loss=0.0000 reward=0.5903 reward_var=0.0002 unique=0.8600
ADV epoch=106/200 g_loss=0.2432 d_loss=0.0000 reward=0.5876 reward_var=0.0002 unique=0.7800
ADV epoch=107/200 g_loss=0.2095 d_loss=0.0000 reward=0.5875 reward_var=0.0002 unique=0.7600
ADV epoch=108/200 g_loss=0.2272 d_loss=0.0000 reward=0.5892 reward_var=0.0002 unique=0.7800
ADV epoch=109/200 g_loss=0.1833 d_loss=0.0000 reward=0.5872 reward_var=0.0002 unique=0.6200
ADV epoch=110/200 g_loss=0.1729 d_loss=0.0000 reward=0.5901 reward_var=0.0002 unique=0.5000
ADV epoch=111/200 g_loss=0.1498 d_loss=0.0000 reward=0.5886 reward_var=0.0002 unique=0.6200
ADV epoch=112/200 g_loss=0.1630 d_loss=0.0000 reward=0.5884 reward_var=0.0001 unique=0.4800
ADV epoch=113/200 g_loss=0.1106 d_loss=0.0000 reward=0.5906 reward_var=0.0001 unique=0.6200
ADV epoch=114/200 g_loss=0.1340 d_loss=0.0000 reward=0.5868 reward_var=0.0002 unique=0.4000
ADV epoch=115/200 g_loss=0.1041 d_loss=0.0000 reward=0.5921 reward_var=0.0001 unique=0.4200
ADV epoch=116/200 g_loss=0.1024 d_loss=0.0000 reward=0.5904 reward_var=0.0001 unique=0.3600
ADV epoch=117/200 g_loss=0.0894 d_loss=0.0000 reward=0.5914 reward_var=0.0001 unique=0.3600
ADV epoch=118/200 g_loss=0.1150 d_loss=0.0000 reward=0.5895 reward_var=0.0002 unique=0.3400
ADV epoch=119/200 g_loss=0.1052 d_loss=0.0000 reward=0.5907 reward_var=0.0001 unique=0.3000
ADV epoch=120/200 g_loss=0.0809 d_loss=0.0000 reward=0.5915 reward_var=0.0002 unique=0.3000
ADV epoch=121/200 g_loss=0.0986 d_loss=0.0000 reward=0.5913 reward_var=0.0001 unique=0.3600
ADV epoch=122/200 g_loss=0.0883 d_loss=0.0000 reward=0.5924 reward_var=0.0001 unique=0.2600
ADV epoch=123/200 g_loss=0.0796 d_loss=0.0000 reward=0.5914 reward_var=0.0001 unique=0.3000
ADV epoch=124/200 g_loss=0.0917 d_loss=0.0000 reward=0.5932 reward_var=0.0001 unique=0.3000
ADV epoch=125/200 g_loss=0.0752 d_loss=0.0000 reward=0.5922 reward_var=0.0001 unique=0.2800
ADV epoch=126/200 g_loss=0.0767 d_loss=0.0000 reward=0.5934 reward_var=0.0001 unique=0.3000
ADV epoch=127/200 g_loss=0.0694 d_loss=0.0000 reward=0.5944 reward_var=0.0001 unique=0.2600
ADV epoch=128/200 g_loss=0.0644 d_loss=0.0000 reward=0.5947 reward_var=0.0000 unique=0.2800
ADV epoch=129/200 g_loss=0.0693 d_loss=0.0000 reward=0.5944 reward_var=0.0001 unique=0.2600
ADV epoch=130/200 g_loss=0.0721 d_loss=0.0000 reward=0.5950 reward_var=0.0001 unique=0.2200
ADV epoch=131/200 g_loss=0.0897 d_loss=0.0000 reward=0.5961 reward_var=0.0001 unique=0.1800
ADV epoch=132/200 g_loss=0.0588 d_loss=0.0000 reward=0.5958 reward_var=0.0001 unique=0.2000
ADV epoch=133/200 g_loss=0.0706 d_loss=0.0000 reward=0.5966 reward_var=0.0001 unique=0.1800
ADV epoch=134/200 g_loss=0.0557 d_loss=0.0000 reward=0.5952 reward_var=0.0001 unique=0.2000
ADV epoch=135/200 g_loss=0.0807 d_loss=0.0000 reward=0.5953 reward_var=0.0001 unique=0.2600
ADV epoch=136/200 g_loss=0.0511 d_loss=0.0000 reward=0.5964 reward_var=0.0001 unique=0.1600
ADV epoch=137/200 g_loss=0.0577 d_loss=0.0000 reward=0.5962 reward_var=0.0001 unique=0.1400
ADV epoch=138/200 g_loss=0.0648 d_loss=0.0000 reward=0.5966 reward_var=0.0001 unique=0.2000
ADV epoch=139/200 g_loss=0.0581 d_loss=0.0000 reward=0.5950 reward_var=0.0001 unique=0.1800
ADV epoch=140/200 g_loss=0.0439 d_loss=0.0000 reward=0.5958 reward_var=0.0001 unique=0.2200
ADV epoch=141/200 g_loss=0.0397 d_loss=0.0000 reward=0.5963 reward_var=0.0001 unique=0.2200
ADV epoch=142/200 g_loss=0.0549 d_loss=0.0000 reward=0.5953 reward_var=0.0001 unique=0.2200
ADV epoch=143/200 g_loss=0.0604 d_loss=0.0000 reward=0.5949 reward_var=0.0001 unique=0.1800
ADV epoch=144/200 g_loss=0.0550 d_loss=0.0000 reward=0.5948 reward_var=0.0001 unique=0.2200
ADV epoch=145/200 g_loss=0.0490 d_loss=0.0000 reward=0.5937 reward_var=0.0001 unique=0.2000
ADV epoch=146/200 g_loss=0.0452 d_loss=0.0000 reward=0.5967 reward_var=0.0001 unique=0.1800
ADV epoch=147/200 g_loss=0.0653 d_loss=0.0000 reward=0.5947 reward_var=0.0001 unique=0.1800
ADV epoch=148/200 g_loss=0.0492 d_loss=0.0000 reward=0.5944 reward_var=0.0001 unique=0.1200
ADV epoch=149/200 g_loss=0.0489 d_loss=0.0000 reward=0.5961 reward_var=0.0000 unique=0.1000
ADV epoch=150/200 g_loss=0.0605 d_loss=0.0000 reward=0.5933 reward_var=0.0001 unique=0.1400
ADV epoch=151/200 g_loss=0.0521 d_loss=0.0000 reward=0.5951 reward_var=0.0001 unique=0.1600
ADV epoch=152/200 g_loss=0.0628 d_loss=0.0000 reward=0.5919 reward_var=0.0001 unique=0.1600
ADV epoch=153/200 g_loss=0.0474 d_loss=0.0000 reward=0.5955 reward_var=0.0001 unique=0.1400
ADV epoch=154/200 g_loss=0.0588 d_loss=0.0000 reward=0.5945 reward_var=0.0001 unique=0.2400
ADV epoch=155/200 g_loss=0.0485 d_loss=0.0000 reward=0.5946 reward_var=0.0001 unique=0.1400
ADV epoch=156/200 g_loss=0.0348 d_loss=0.0000 reward=0.5966 reward_var=0.0000 unique=0.1400
ADV epoch=157/200 g_loss=0.0412 d_loss=0.0000 reward=0.5952 reward_var=0.0000 unique=0.1800
ADV epoch=158/200 g_loss=0.0407 d_loss=0.0000 reward=0.5956 reward_var=0.0001 unique=0.2000
ADV epoch=159/200 g_loss=0.0498 d_loss=0.0000 reward=0.5941 reward_var=0.0001 unique=0.1400
ADV epoch=160/200 g_loss=0.0526 d_loss=0.0000 reward=0.5966 reward_var=0.0000 unique=0.1000
ADV epoch=161/200 g_loss=0.0473 d_loss=0.0000 reward=0.5930 reward_var=0.0001 unique=0.2400
ADV epoch=162/200 g_loss=0.0402 d_loss=0.0000 reward=0.5963 reward_var=0.0000 unique=0.2400
ADV epoch=163/200 g_loss=0.0612 d_loss=0.0000 reward=0.5977 reward_var=0.0001 unique=0.2000
ADV epoch=164/200 g_loss=0.0502 d_loss=0.0000 reward=0.5961 reward_var=0.0000 unique=0.1400
ADV epoch=165/200 g_loss=0.0475 d_loss=0.0000 reward=0.5956 reward_var=0.0001 unique=0.1800
ADV epoch=166/200 g_loss=0.0417 d_loss=0.0000 reward=0.5975 reward_var=0.0001 unique=0.1800
ADV epoch=167/200 g_loss=0.0487 d_loss=0.0000 reward=0.5957 reward_var=0.0001 unique=0.1400
ADV epoch=168/200 g_loss=0.0382 d_loss=0.0000 reward=0.5969 reward_var=0.0001 unique=0.2000
ADV epoch=169/200 g_loss=0.0383 d_loss=0.0000 reward=0.5974 reward_var=0.0000 unique=0.1800
ADV epoch=170/200 g_loss=0.0508 d_loss=0.0000 reward=0.5988 reward_var=0.0000 unique=0.1000
ADV epoch=171/200 g_loss=0.0499 d_loss=0.0000 reward=0.5963 reward_var=0.0001 unique=0.1400
ADV epoch=172/200 g_loss=0.0498 d_loss=0.0000 reward=0.5977 reward_var=0.0001 unique=0.2000
ADV epoch=173/200 g_loss=0.0412 d_loss=0.0000 reward=0.5987 reward_var=0.0000 unique=0.1200
ADV epoch=174/200 g_loss=0.0531 d_loss=0.0000 reward=0.5980 reward_var=0.0001 unique=0.1600
ADV epoch=175/200 g_loss=0.0546 d_loss=0.0000 reward=0.5984 reward_var=0.0001 unique=0.1400
ADV epoch=176/200 g_loss=0.0506 d_loss=0.0000 reward=0.5991 reward_var=0.0001 unique=0.1200
ADV epoch=177/200 g_loss=0.0355 d_loss=0.0000 reward=0.5997 reward_var=0.0001 unique=0.1200
ADV epoch=178/200 g_loss=0.0314 d_loss=0.0000 reward=0.5994 reward_var=0.0000 unique=0.1400
ADV epoch=179/200 g_loss=0.0485 d_loss=0.0000 reward=0.5989 reward_var=0.0001 unique=0.1000
ADV epoch=180/200 g_loss=0.0343 d_loss=0.0000 reward=0.5992 reward_var=0.0001 unique=0.1600
ADV epoch=181/200 g_loss=0.0325 d_loss=0.0000 reward=0.5996 reward_var=0.0000 unique=0.1200
ADV epoch=182/200 g_loss=0.0365 d_loss=0.0000 reward=0.6006 reward_var=0.0000 unique=0.0800
ADV epoch=183/200 g_loss=0.0437 d_loss=0.0000 reward=0.6003 reward_var=0.0000 unique=0.1600
ADV epoch=184/200 g_loss=0.0341 d_loss=0.0000 reward=0.6002 reward_var=0.0000 unique=0.1800
ADV epoch=185/200 g_loss=0.0350 d_loss=0.0000 reward=0.6003 reward_var=0.0001 unique=0.1000
ADV epoch=186/200 g_loss=0.0210 d_loss=0.0000 reward=0.6015 reward_var=0.0000 unique=0.1800
ADV epoch=187/200 g_loss=0.0331 d_loss=0.0000 reward=0.6010 reward_var=0.0000 unique=0.0800
ADV epoch=188/200 g_loss=0.0452 d_loss=0.0000 reward=0.6007 reward_var=0.0001 unique=0.1000
ADV epoch=189/200 g_loss=0.0348 d_loss=0.0000 reward=0.6005 reward_var=0.0001 unique=0.1800
ADV epoch=190/200 g_loss=0.0287 d_loss=0.0000 reward=0.6014 reward_var=0.0000 unique=0.2000
ADV epoch=191/200 g_loss=0.0276 d_loss=0.0000 reward=0.6012 reward_var=0.0001 unique=0.1200
ADV epoch=192/200 g_loss=0.0285 d_loss=0.0000 reward=0.6001 reward_var=0.0001 unique=0.1400
ADV epoch=193/200 g_loss=0.0213 d_loss=0.0000 reward=0.6012 reward_var=0.0001 unique=0.1200
ADV epoch=194/200 g_loss=0.0252 d_loss=0.0000 reward=0.6017 reward_var=0.0000 unique=0.1400
ADV epoch=195/200 g_loss=0.0285 d_loss=0.0000 reward=0.6019 reward_var=0.0000 unique=0.1800
ADV epoch=196/200 g_loss=0.0317 d_loss=0.0000 reward=0.6019 reward_var=0.0000 unique=0.0800
ADV epoch=197/200 g_loss=0.0216 d_loss=0.0000 reward=0.6014 reward_var=0.0000 unique=0.1400
ADV epoch=198/200 g_loss=0.0216 d_loss=0.0000 reward=0.6024 reward_var=0.0000 unique=0.1800
ADV epoch=199/200 g_loss=0.0270 d_loss=0.0000 reward=0.6011 reward_var=0.0000 unique=0.1200
ADV epoch=200/200 g_loss=0.0264 d_loss=0.0000 reward=0.6026 reward_var=0.0000 unique=0.1800
saved 2000 raw samples to /content/drive/MyDrive/GAN_for_SQLi - 4/result/final/seqgan_master/time/D/R500/generated_payloads.csv
