
[1/3] pretrain G
G epoch=1/60 loss=4.5994
G epoch=2/60 loss=4.4600
G epoch=3/60 loss=4.3027
G epoch=4/60 loss=4.0960
G epoch=5/60 loss=3.8411
G epoch=6/60 loss=3.5740
G epoch=7/60 loss=3.3142
G epoch=8/60 loss=3.1651
G epoch=9/60 loss=3.0412
G epoch=10/60 loss=3.0076
G epoch=11/60 loss=2.9651
G epoch=12/60 loss=2.9486
G epoch=13/60 loss=2.9087
G epoch=14/60 loss=2.8570
G epoch=15/60 loss=2.8269
G epoch=16/60 loss=2.8259
G epoch=17/60 loss=2.7629
G epoch=18/60 loss=2.7642
G epoch=19/60 loss=2.7173
G epoch=20/60 loss=2.7071
G epoch=21/60 loss=2.6589
G epoch=22/60 loss=2.6332
G epoch=23/60 loss=2.5876
G epoch=24/60 loss=2.5501
G epoch=25/60 loss=2.5200
G epoch=26/60 loss=2.5346
G epoch=27/60 loss=2.4752
G epoch=28/60 loss=2.4664
G epoch=29/60 loss=2.4462
G epoch=30/60 loss=2.3832
G epoch=31/60 loss=2.3660
G epoch=32/60 loss=2.3028
G epoch=33/60 loss=2.3346
G epoch=34/60 loss=2.2764
G epoch=35/60 loss=2.2724
G epoch=36/60 loss=2.2662
G epoch=37/60 loss=2.2051
G epoch=38/60 loss=2.1747
G epoch=39/60 loss=2.1671
G epoch=40/60 loss=2.1268
G epoch=41/60 loss=2.0946
G epoch=42/60 loss=2.0851
G epoch=43/60 loss=2.0741
G epoch=44/60 loss=2.0362
G epoch=45/60 loss=2.0541
G epoch=46/60 loss=1.9791
G epoch=47/60 loss=1.9614
G epoch=48/60 loss=1.9653
G epoch=49/60 loss=1.9448
G epoch=50/60 loss=1.9196
G epoch=51/60 loss=1.8904
G epoch=52/60 loss=1.8815
G epoch=53/60 loss=1.8804
G epoch=54/60 loss=1.8540
G epoch=55/60 loss=1.8458
G epoch=56/60 loss=1.8245
G epoch=57/60 loss=1.7967
G epoch=58/60 loss=1.7762
G epoch=59/60 loss=1.7633
G epoch=60/60 loss=1.7526

[2/3] pretrain D
D step=1/30 epoch=1/3 loss=0.8107 l2=0.2000 label_smoothing=0.050
D step=1/30 epoch=2/3 loss=0.7407 l2=0.2000 label_smoothing=0.050
D step=1/30 epoch=3/3 loss=0.7272 l2=0.2000 label_smoothing=0.050
D step=2/30 epoch=1/3 loss=0.7271 l2=0.2000 label_smoothing=0.050
D step=2/30 epoch=2/3 loss=0.7071 l2=0.2000 label_smoothing=0.050
D step=2/30 epoch=3/3 loss=0.6881 l2=0.2000 label_smoothing=0.050
D step=3/30 epoch=1/3 loss=0.6584 l2=0.2000 label_smoothing=0.050
D step=3/30 epoch=2/3 loss=0.6606 l2=0.2000 label_smoothing=0.050
D step=3/30 epoch=3/3 loss=0.6342 l2=0.2000 label_smoothing=0.050
D step=4/30 epoch=1/3 loss=0.6191 l2=0.2000 label_smoothing=0.050
D step=4/30 epoch=2/3 loss=0.5940 l2=0.2000 label_smoothing=0.050
D step=4/30 epoch=3/3 loss=0.5745 l2=0.2000 label_smoothing=0.050
D step=5/30 epoch=1/3 loss=0.5753 l2=0.2000 label_smoothing=0.050
D step=5/30 epoch=2/3 loss=0.5300 l2=0.2000 label_smoothing=0.050
D step=5/30 epoch=3/3 loss=0.5258 l2=0.2000 label_smoothing=0.050
D step=6/30 epoch=1/3 loss=0.5013 l2=0.2000 label_smoothing=0.050
D step=6/30 epoch=2/3 loss=0.5065 l2=0.2000 label_smoothing=0.050
D step=6/30 epoch=3/3 loss=0.4670 l2=0.2000 label_smoothing=0.050
D step=7/30 epoch=1/3 loss=0.4717 l2=0.2000 label_smoothing=0.050
D step=7/30 epoch=2/3 loss=0.4542 l2=0.2000 label_smoothing=0.050
D step=7/30 epoch=3/3 loss=0.4170 l2=0.2000 label_smoothing=0.050
D step=8/30 epoch=1/3 loss=0.4276 l2=0.2000 label_smoothing=0.050
D step=8/30 epoch=2/3 loss=0.3878 l2=0.2000 label_smoothing=0.050
D step=8/30 epoch=3/3 loss=0.4006 l2=0.2000 label_smoothing=0.050
D step=9/30 epoch=1/3 loss=0.3729 l2=0.2000 label_smoothing=0.050
D step=9/30 epoch=2/3 loss=0.3503 l2=0.2000 label_smoothing=0.050
D step=9/30 epoch=3/3 loss=0.3487 l2=0.2000 label_smoothing=0.050
D step=10/30 epoch=1/3 loss=0.3154 l2=0.2000 label_smoothing=0.050
D step=10/30 epoch=2/3 loss=0.3221 l2=0.2000 label_smoothing=0.050
D step=10/30 epoch=3/3 loss=0.2865 l2=0.2000 label_smoothing=0.050
D step=11/30 epoch=1/3 loss=0.2920 l2=0.2000 label_smoothing=0.050
D step=11/30 epoch=2/3 loss=0.2989 l2=0.2000 label_smoothing=0.050
D step=11/30 epoch=3/3 loss=0.2839 l2=0.2000 label_smoothing=0.050
D step=12/30 epoch=1/3 loss=0.2708 l2=0.2000 label_smoothing=0.050
D step=12/30 epoch=2/3 loss=0.2613 l2=0.2000 label_smoothing=0.050
D step=12/30 epoch=3/3 loss=0.2556 l2=0.2000 label_smoothing=0.050
D step=13/30 epoch=1/3 loss=0.2510 l2=0.2000 label_smoothing=0.050
D step=13/30 epoch=2/3 loss=0.2513 l2=0.2000 label_smoothing=0.050
D step=13/30 epoch=3/3 loss=0.2382 l2=0.2000 label_smoothing=0.050
D step=14/30 epoch=1/3 loss=0.2396 l2=0.2000 label_smoothing=0.050
D step=14/30 epoch=2/3 loss=0.2364 l2=0.2000 label_smoothing=0.050
D step=14/30 epoch=3/3 loss=0.2328 l2=0.2000 label_smoothing=0.050
D step=15/30 epoch=1/3 loss=0.2142 l2=0.2000 label_smoothing=0.050
D step=15/30 epoch=2/3 loss=0.2084 l2=0.2000 label_smoothing=0.050
D step=15/30 epoch=3/3 loss=0.2064 l2=0.2000 label_smoothing=0.050
D step=16/30 epoch=1/3 loss=0.2051 l2=0.2000 label_smoothing=0.050
D step=16/30 epoch=2/3 loss=0.2047 l2=0.2000 label_smoothing=0.050
D step=16/30 epoch=3/3 loss=0.2042 l2=0.2000 label_smoothing=0.050
D step=17/30 epoch=1/3 loss=0.2088 l2=0.2000 label_smoothing=0.050
D step=17/30 epoch=2/3 loss=0.2062 l2=0.2000 label_smoothing=0.050
D step=17/30 epoch=3/3 loss=0.2040 l2=0.2000 label_smoothing=0.050
D step=18/30 epoch=1/3 loss=0.2126 l2=0.2000 label_smoothing=0.050
D step=18/30 epoch=2/3 loss=0.2084 l2=0.2000 label_smoothing=0.050
D step=18/30 epoch=3/3 loss=0.2063 l2=0.2000 label_smoothing=0.050
D step=19/30 epoch=1/3 loss=0.2006 l2=0.2000 label_smoothing=0.050
D step=19/30 epoch=2/3 loss=0.1981 l2=0.2000 label_smoothing=0.050
D step=19/30 epoch=3/3 loss=0.1992 l2=0.2000 label_smoothing=0.050
D step=20/30 epoch=1/3 loss=0.2050 l2=0.2000 label_smoothing=0.050
D step=20/30 epoch=2/3 loss=0.2043 l2=0.2000 label_smoothing=0.050
D step=20/30 epoch=3/3 loss=0.2015 l2=0.2000 label_smoothing=0.050
D step=21/30 epoch=1/3 loss=0.2003 l2=0.2000 label_smoothing=0.050
D step=21/30 epoch=2/3 loss=0.1976 l2=0.2000 label_smoothing=0.050
D step=21/30 epoch=3/3 loss=0.1978 l2=0.2000 label_smoothing=0.050
D step=22/30 epoch=1/3 loss=0.1935 l2=0.2000 label_smoothing=0.050
D step=22/30 epoch=2/3 loss=0.1931 l2=0.2000 label_smoothing=0.050
D step=22/30 epoch=3/3 loss=0.1910 l2=0.2000 label_smoothing=0.050
D step=23/30 epoch=1/3 loss=0.1948 l2=0.2000 label_smoothing=0.050
D step=23/30 epoch=2/3 loss=0.1948 l2=0.2000 label_smoothing=0.050
D step=23/30 epoch=3/3 loss=0.1960 l2=0.2000 label_smoothing=0.050
D step=24/30 epoch=1/3 loss=0.1927 l2=0.2000 label_smoothing=0.050
D step=24/30 epoch=2/3 loss=0.1948 l2=0.2000 label_smoothing=0.050
D step=24/30 epoch=3/3 loss=0.1927 l2=0.2000 label_smoothing=0.050
D step=25/30 epoch=1/3 loss=0.1905 l2=0.2000 label_smoothing=0.050
D step=25/30 epoch=2/3 loss=0.1900 l2=0.2000 label_smoothing=0.050
D step=25/30 epoch=3/3 loss=0.1893 l2=0.2000 label_smoothing=0.050
D step=26/30 epoch=1/3 loss=0.1856 l2=0.2000 label_smoothing=0.050
D step=26/30 epoch=2/3 loss=0.1864 l2=0.2000 label_smoothing=0.050
D step=26/30 epoch=3/3 loss=0.1851 l2=0.2000 label_smoothing=0.050
D step=27/30 epoch=1/3 loss=0.1875 l2=0.2000 label_smoothing=0.050
D step=27/30 epoch=2/3 loss=0.1906 l2=0.2000 label_smoothing=0.050
D step=27/30 epoch=3/3 loss=0.1895 l2=0.2000 label_smoothing=0.050
D step=28/30 epoch=1/3 loss=0.1887 l2=0.2000 label_smoothing=0.050
D step=28/30 epoch=2/3 loss=0.1865 l2=0.2000 label_smoothing=0.050
D step=28/30 epoch=3/3 loss=0.1845 l2=0.2000 label_smoothing=0.050
D step=29/30 epoch=1/3 loss=0.1864 l2=0.2000 label_smoothing=0.050
D step=29/30 epoch=2/3 loss=0.1872 l2=0.2000 label_smoothing=0.050
D step=29/30 epoch=3/3 loss=0.1863 l2=0.2000 label_smoothing=0.050
D step=30/30 epoch=1/3 loss=0.1883 l2=0.2000 label_smoothing=0.050
D step=30/30 epoch=2/3 loss=0.1858 l2=0.2000 label_smoothing=0.050
D step=30/30 epoch=3/3 loss=0.1877 l2=0.2000 label_smoothing=0.050

[3/3] adversarial
generator_reward_mode=on reward_alpha=0.700 d_steps=5 d_epochs=3
D step=1/5 epoch=1/3 loss=0.1870 l2=0.2000 label_smoothing=0.050
D step=1/5 epoch=2/3 loss=0.1828 l2=0.2000 label_smoothing=0.050
D step=1/5 epoch=3/3 loss=0.1821 l2=0.2000 label_smoothing=0.050
D step=2/5 epoch=1/3 loss=0.1836 l2=0.2000 label_smoothing=0.050
D step=2/5 epoch=2/3 loss=0.1815 l2=0.2000 label_smoothing=0.050
D step=2/5 epoch=3/3 loss=0.1820 l2=0.2000 label_smoothing=0.050
D step=3/5 epoch=1/3 loss=0.1797 l2=0.2000 label_smoothing=0.050
D step=3/5 epoch=2/3 loss=0.1806 l2=0.2000 label_smoothing=0.050
D step=3/5 epoch=3/3 loss=0.1771 l2=0.2000 label_smoothing=0.050
D step=4/5 epoch=1/3 loss=0.1787 l2=0.2000 label_smoothing=0.050
D step=4/5 epoch=2/3 loss=0.1753 l2=0.2000 label_smoothing=0.050
D step=4/5 epoch=3/3 loss=0.1742 l2=0.2000 label_smoothing=0.050
D step=5/5 epoch=1/3 loss=0.1739 l2=0.2000 label_smoothing=0.050
D step=5/5 epoch=2/3 loss=0.1746 l2=0.2000 label_smoothing=0.050
D step=5/5 epoch=3/3 loss=0.1731 l2=0.2000 label_smoothing=0.050
ADV epoch=1/60 g_loss=0.2503 d_loss=0.1791 reward=0.1120 reward_var=0.0053 unique=1.0000
D step=1/5 epoch=1/3 loss=0.1724 l2=0.2000 label_smoothing=0.050
D step=1/5 epoch=2/3 loss=0.1712 l2=0.2000 label_smoothing=0.050
D step=1/5 epoch=3/3 loss=0.1709 l2=0.2000 label_smoothing=0.050
D step=2/5 epoch=1/3 loss=0.1712 l2=0.2000 label_smoothing=0.050
D step=2/5 epoch=2/3 loss=0.1702 l2=0.2000 label_smoothing=0.050
D step=2/5 epoch=3/3 loss=0.1687 l2=0.2000 label_smoothing=0.050
D step=3/5 epoch=1/3 loss=0.1700 l2=0.2000 label_smoothing=0.050
D step=3/5 epoch=2/3 loss=0.1690 l2=0.2000 label_smoothing=0.050
D step=3/5 epoch=3/3 loss=0.1672 l2=0.2000 label_smoothing=0.050
D step=4/5 epoch=1/3 loss=0.1670 l2=0.2000 label_smoothing=0.050
D step=4/5 epoch=2/3 loss=0.1662 l2=0.2000 label_smoothing=0.050
D step=4/5 epoch=3/3 loss=0.1658 l2=0.2000 label_smoothing=0.050
D step=5/5 epoch=1/3 loss=0.1667 l2=0.2000 label_smoothing=0.050
D step=5/5 epoch=2/3 loss=0.1657 l2=0.2000 label_smoothing=0.050
D step=5/5 epoch=3/3 loss=0.1639 l2=0.2000 label_smoothing=0.050
ADV epoch=2/60 g_loss=0.3206 d_loss=0.1684 reward=0.1397 reward_var=0.0079 unique=0.9800
D step=1/5 epoch=1/3 loss=0.1652 l2=0.2000 label_smoothing=0.050
D step=1/5 epoch=2/3 loss=0.1643 l2=0.2000 label_smoothing=0.050
D step=1/5 epoch=3/3 loss=0.1623 l2=0.2000 label_smoothing=0.050
D step=2/5 epoch=1/3 loss=0.1622 l2=0.2000 label_smoothing=0.050
D step=2/5 epoch=2/3 loss=0.1612 l2=0.2000 label_smoothing=0.050
D step=2/5 epoch=3/3 loss=0.1613 l2=0.2000 label_smoothing=0.050
D step=3/5 epoch=1/3 loss=0.1623 l2=0.2000 label_smoothing=0.050
D step=3/5 epoch=2/3 loss=0.1605 l2=0.2000 label_smoothing=0.050
D step=3/5 epoch=3/3 loss=0.1612 l2=0.2000 label_smoothing=0.050
D step=4/5 epoch=1/3 loss=0.1599 l2=0.2000 label_smoothing=0.050
D step=4/5 epoch=2/3 loss=0.1600 l2=0.2000 label_smoothing=0.050
D step=4/5 epoch=3/3 loss=0.1590 l2=0.2000 label_smoothing=0.050
D step=5/5 epoch=1/3 loss=0.1623 l2=0.2000 label_smoothing=0.050
D step=5/5 epoch=2/3 loss=0.1610 l2=0.2000 label_smoothing=0.050
D step=5/5 epoch=3/3 loss=0.1591 l2=0.2000 label_smoothing=0.050
ADV epoch=3/60 g_loss=0.3971 d_loss=0.1615 reward=0.1649 reward_var=0.0115 unique=0.9800
saved 500 raw samples to /content/drive/MyDrive/GAN/GAN_SQLi_Colab/results_seqgan_phase2b_phase3/phase3/seqgan_improved/boolean/E/R200/V6/generated_payloads.csv
