{
  "metric_schema_version": "quality-metrics-v3",
  "normalization_version": "nfkc_html_percent1_casefold_ws_quotes_v1",
  "seed": 88,
  "method": "seqgan_master",
  "family": "boolean",
  "scenario": "E",
  "ratio": "100",
  "generation_kind": "direct",
  "schema_valid": true,
  "stop_reason": "n/a",
  "n_generated": 2000,
  "unique_rate": 0.35,
  "normalized_unique_rate": 0.291,
  "duplicate_rate": 0.65,
  "model_collapse_rate": 0.65,
  "dominant_payload_share": 0.1455,
  "normalized_dominant_payload_share": 0.2485,
  "sql_parse_rate": 1.0,
  "sql_structure_rate": 0.037,
  "family_motif_coverage": 0.25,
  "family_motif_hit_rate": 0.008,
  "garbage_rate": 0.963,
  "wellformed_rate": 1.0,
  "shaped_rate": 0.037,
  "family_motif_coverage_by_family": {
    "boolean": 0.25
  },
  "family_motif_hit_rate_by_family": {
    "boolean": 0.008
  },
  "inferred_family_distribution": {
    "boolean": 0.008,
    "union": 0.0,
    "time": 0.0,
    "error": 0.0,
    "other": 0.992
  },
  "train_reference_count": 156,
  "holdout_reference_count": 917,
  "exact_input_overlap": 0.0,
  "normalized_input_overlap": 0.0,
  "holdout_overlap": 0.0,
  "normalized_holdout_overlap": 0.0,
  "nearest_input_similarity_mean": 0.09762367495156911,
  "nearest_input_similarity_median": 0.09523809523809523,
  "nearest_input_similarity_p90": 0.1510005717552888,
  "nearest_char3_jaccard_mean": 0.09762367495156911,
  "nearest_char3_jaccard_median": 0.09523809523809523,
  "nearest_char3_jaccard_p90": 0.1510005717552888,
  "nearest_token_jaccard_mean": 0.2306411047800594,
  "nearest_token_jaccard_median": 0.2,
  "nearest_token_jaccard_p90": 0.375,
  "nearest_edit_similarity_mean": 0.16781087243972148,
  "nearest_edit_similarity_median": 0.15000000000000002,
  "nearest_edit_similarity_p90": 0.25,
  "nearest_feature_cosine_mean": 0.7022635503794988,
  "nearest_feature_cosine_median": 0.6709626586329939,
  "nearest_feature_cosine_p90": 0.8520335712581768,
  "nearest_input_distance_mean": 0.9023763250484309,
  "nearest_input_distance_median": 0.9047619047619048,
  "nearest_input_distance_p90": 0.95,
  "mean_nearest_similarity": 0.09762367495156911,
  "median_nearest_similarity": 0.09523809523809523,
  "p90_nearest_similarity": 0.1510005717552888,
  "unique_nearest_payload_rate": 0.0275,
  "dominant_retrieved_payload_share": 0.339,
  "nearest_reference_count": 156,
  "distinct_1": 0.0810403316999623,
  "distinct_2": 0.24924379915305506,
  "distinct_3": 0.5581039755351682,
  "lexical_diversity": 0.0810403316999623,
  "character_diversity": 0.6692578888570899,
  "token_diversity": 0.4283229834538846,
  "keyword_diversity": 0.9491514391216084,
  "operator_diversity": 0.4683699196880167,
  "function_diversity": 0.9351738115714401,
  "comment_style_diversity": 0.0,
  "length_zone_diversity": 0.2,
  "self_bleu": 0.7249903101573785,
  "self_bleu_char": 0.7249903101573785,
  "requested_count": 2000,
  "generated_count_fraction": 1.0
}
