
[1/3] pretrain G
G epoch=1/160 loss=4.5884
G epoch=2/160 loss=4.4280
G epoch=3/160 loss=4.2255
G epoch=4/160 loss=3.9945
G epoch=5/160 loss=3.7358
G epoch=6/160 loss=3.4344
G epoch=7/160 loss=3.2283
G epoch=8/160 loss=2.9443
G epoch=9/160 loss=2.8336
G epoch=10/160 loss=2.8435
G epoch=11/160 loss=2.6976
G epoch=12/160 loss=2.7423
G epoch=13/160 loss=2.6403
G epoch=14/160 loss=2.5318
G epoch=15/160 loss=2.5584
G epoch=16/160 loss=2.5053
G epoch=17/160 loss=2.4412
G epoch=18/160 loss=2.4644
G epoch=19/160 loss=2.3740
G epoch=20/160 loss=2.3058
G epoch=21/160 loss=2.3470
G epoch=22/160 loss=2.2346
G epoch=23/160 loss=2.2521
G epoch=24/160 loss=2.2071
G epoch=25/160 loss=2.1756
G epoch=26/160 loss=2.1049
G epoch=27/160 loss=2.0518
G epoch=28/160 loss=2.0258
G epoch=29/160 loss=1.9991
G epoch=30/160 loss=1.9626
G epoch=31/160 loss=1.8683
G epoch=32/160 loss=1.8878
G epoch=33/160 loss=1.8807
G epoch=34/160 loss=1.8299
G epoch=35/160 loss=1.8297
G epoch=36/160 loss=1.8022
G epoch=37/160 loss=1.7526
G epoch=38/160 loss=1.7329
G epoch=39/160 loss=1.7486
G epoch=40/160 loss=1.7281
G epoch=41/160 loss=1.6973
G epoch=42/160 loss=1.6473
G epoch=43/160 loss=1.6732
G epoch=44/160 loss=1.6066
G epoch=45/160 loss=1.5972
G epoch=46/160 loss=1.5339
G epoch=47/160 loss=1.5581
G epoch=48/160 loss=1.4977
G epoch=49/160 loss=1.5359
G epoch=50/160 loss=1.4966
G epoch=51/160 loss=1.4904
G epoch=52/160 loss=1.4547
G epoch=53/160 loss=1.4801
G epoch=54/160 loss=1.4273
G epoch=55/160 loss=1.3762
G epoch=56/160 loss=1.4117
G epoch=57/160 loss=1.3814
G epoch=58/160 loss=1.3750
G epoch=59/160 loss=1.3541
G epoch=60/160 loss=1.3328
G epoch=61/160 loss=1.3383
G epoch=62/160 loss=1.3323
G epoch=63/160 loss=1.2943
G epoch=64/160 loss=1.2754
G epoch=65/160 loss=1.2783
G epoch=66/160 loss=1.2971
G epoch=67/160 loss=1.2325
G epoch=68/160 loss=1.2305
G epoch=69/160 loss=1.2034
G epoch=70/160 loss=1.2253
G epoch=71/160 loss=1.1837
G epoch=72/160 loss=1.1826
G epoch=73/160 loss=1.1545
G epoch=74/160 loss=1.1487
G epoch=75/160 loss=1.1185
G epoch=76/160 loss=1.1311
G epoch=77/160 loss=1.0970
G epoch=78/160 loss=1.0911
G epoch=79/160 loss=1.0947
G epoch=80/160 loss=1.1074
G epoch=81/160 loss=1.0546
G epoch=82/160 loss=1.0509
G epoch=83/160 loss=1.0584
G epoch=84/160 loss=1.0401
G epoch=85/160 loss=1.0362
G epoch=86/160 loss=1.0258
G epoch=87/160 loss=1.0394
G epoch=88/160 loss=1.0077
G epoch=89/160 loss=0.9766
G epoch=90/160 loss=1.0014
G epoch=91/160 loss=0.9812
G epoch=92/160 loss=0.9748
G epoch=93/160 loss=1.0023
G epoch=94/160 loss=0.9674
G epoch=95/160 loss=0.9463
G epoch=96/160 loss=0.9393
G epoch=97/160 loss=0.9192
G epoch=98/160 loss=0.9490
G epoch=99/160 loss=0.9148
G epoch=100/160 loss=0.9107
G epoch=101/160 loss=0.9190
G epoch=102/160 loss=0.8853
G epoch=103/160 loss=0.8942
G epoch=104/160 loss=0.8760
G epoch=105/160 loss=0.9080
G epoch=106/160 loss=0.8632
G epoch=107/160 loss=0.8299
G epoch=108/160 loss=0.8538
G epoch=109/160 loss=0.8446
G epoch=110/160 loss=0.8549
G epoch=111/160 loss=0.8414
G epoch=112/160 loss=0.8480
G epoch=113/160 loss=0.8338
G epoch=114/160 loss=0.8353
G epoch=115/160 loss=0.8147
G epoch=116/160 loss=0.7880
G epoch=117/160 loss=0.8053
G epoch=118/160 loss=0.8074
G epoch=119/160 loss=0.7849
G epoch=120/160 loss=0.7739
G epoch=121/160 loss=0.7664
G epoch=122/160 loss=0.7254
G epoch=123/160 loss=0.7576
G epoch=124/160 loss=0.7601
G epoch=125/160 loss=0.7310
G epoch=126/160 loss=0.7457
G epoch=127/160 loss=0.7298
G epoch=128/160 loss=0.7328
G epoch=129/160 loss=0.7357
G epoch=130/160 loss=0.7668
G epoch=131/160 loss=0.7265
G epoch=132/160 loss=0.7191
G epoch=133/160 loss=0.7275
G epoch=134/160 loss=0.7052
G epoch=135/160 loss=0.7051
G epoch=136/160 loss=0.7278
G epoch=137/160 loss=0.7060
G epoch=138/160 loss=0.7067
G epoch=139/160 loss=0.7029
G epoch=140/160 loss=0.6832
G epoch=141/160 loss=0.6882
G epoch=142/160 loss=0.6673
G epoch=143/160 loss=0.6726
G epoch=144/160 loss=0.6541
G epoch=145/160 loss=0.6662
G epoch=146/160 loss=0.6897
G epoch=147/160 loss=0.6880
G epoch=148/160 loss=0.6542
G epoch=149/160 loss=0.6615
G epoch=150/160 loss=0.6515
G epoch=151/160 loss=0.6384
G epoch=152/160 loss=0.6452
G epoch=153/160 loss=0.6409
G epoch=154/160 loss=0.6518
G epoch=155/160 loss=0.6324
G epoch=156/160 loss=0.6176
G epoch=157/160 loss=0.6492
G epoch=158/160 loss=0.6272
G epoch=159/160 loss=0.6325
G epoch=160/160 loss=0.6174

[2/3] pretrain D
D step=1/50 epoch=1/3 loss=0.7820 l2=0.2000 label_smoothing=0.050
D step=1/50 epoch=2/3 loss=0.7652 l2=0.2000 label_smoothing=0.050
D step=1/50 epoch=3/3 loss=0.7371 l2=0.2000 label_smoothing=0.050
D step=2/50 epoch=1/3 loss=0.7513 l2=0.2000 label_smoothing=0.050
D step=2/50 epoch=2/3 loss=0.7563 l2=0.2000 label_smoothing=0.050
D step=2/50 epoch=3/3 loss=0.7530 l2=0.2000 label_smoothing=0.050
D step=3/50 epoch=1/3 loss=0.7366 l2=0.2000 label_smoothing=0.050
D step=3/50 epoch=2/3 loss=0.7369 l2=0.2000 label_smoothing=0.050
D step=3/50 epoch=3/3 loss=0.7103 l2=0.2000 label_smoothing=0.050
D step=4/50 epoch=1/3 loss=0.6976 l2=0.2000 label_smoothing=0.050
D step=4/50 epoch=2/3 loss=0.7113 l2=0.2000 label_smoothing=0.050
D step=4/50 epoch=3/3 loss=0.6902 l2=0.2000 label_smoothing=0.050
D step=5/50 epoch=1/3 loss=0.6818 l2=0.2000 label_smoothing=0.050
D step=5/50 epoch=2/3 loss=0.6877 l2=0.2000 label_smoothing=0.050
D step=5/50 epoch=3/3 loss=0.6776 l2=0.2000 label_smoothing=0.050
D step=6/50 epoch=1/3 loss=0.6832 l2=0.2000 label_smoothing=0.050
D step=6/50 epoch=2/3 loss=0.6845 l2=0.2000 label_smoothing=0.050
D step=6/50 epoch=3/3 loss=0.6614 l2=0.2000 label_smoothing=0.050
D step=7/50 epoch=1/3 loss=0.6469 l2=0.2000 label_smoothing=0.050
D step=7/50 epoch=2/3 loss=0.6444 l2=0.2000 label_smoothing=0.050
D step=7/50 epoch=3/3 loss=0.6502 l2=0.2000 label_smoothing=0.050
D step=8/50 epoch=1/3 loss=0.6158 l2=0.2000 label_smoothing=0.050
D step=8/50 epoch=2/3 loss=0.6064 l2=0.2000 label_smoothing=0.050
D step=8/50 epoch=3/3 loss=0.5965 l2=0.2000 label_smoothing=0.050
D step=9/50 epoch=1/3 loss=0.6448 l2=0.2000 label_smoothing=0.050
D step=9/50 epoch=2/3 loss=0.6182 l2=0.2000 label_smoothing=0.050
D step=9/50 epoch=3/3 loss=0.6120 l2=0.2000 label_smoothing=0.050
D step=10/50 epoch=1/3 loss=0.6053 l2=0.2000 label_smoothing=0.050
D step=10/50 epoch=2/3 loss=0.5761 l2=0.2000 label_smoothing=0.050
D step=10/50 epoch=3/3 loss=0.5653 l2=0.2000 label_smoothing=0.050
D step=11/50 epoch=1/3 loss=0.5691 l2=0.2000 label_smoothing=0.050
D step=11/50 epoch=2/3 loss=0.5572 l2=0.2000 label_smoothing=0.050
D step=11/50 epoch=3/3 loss=0.5433 l2=0.2000 label_smoothing=0.050
D step=12/50 epoch=1/3 loss=0.5385 l2=0.2000 label_smoothing=0.050
D step=12/50 epoch=2/3 loss=0.5292 l2=0.2000 label_smoothing=0.050
D step=12/50 epoch=3/3 loss=0.5153 l2=0.2000 label_smoothing=0.050
D step=13/50 epoch=1/3 loss=0.5287 l2=0.2000 label_smoothing=0.050
D step=13/50 epoch=2/3 loss=0.5053 l2=0.2000 label_smoothing=0.050
D step=13/50 epoch=3/3 loss=0.5210 l2=0.2000 label_smoothing=0.050
D step=14/50 epoch=1/3 loss=0.4908 l2=0.2000 label_smoothing=0.050
D step=14/50 epoch=2/3 loss=0.4907 l2=0.2000 label_smoothing=0.050
D step=14/50 epoch=3/3 loss=0.4685 l2=0.2000 label_smoothing=0.050
D step=15/50 epoch=1/3 loss=0.4637 l2=0.2000 label_smoothing=0.050
D step=15/50 epoch=2/3 loss=0.4559 l2=0.2000 label_smoothing=0.050
D step=15/50 epoch=3/3 loss=0.4496 l2=0.2000 label_smoothing=0.050
D step=16/50 epoch=1/3 loss=0.4418 l2=0.2000 label_smoothing=0.050
D step=16/50 epoch=2/3 loss=0.4654 l2=0.2000 label_smoothing=0.050
D step=16/50 epoch=3/3 loss=0.4398 l2=0.2000 label_smoothing=0.050
D step=17/50 epoch=1/3 loss=0.4722 l2=0.2000 label_smoothing=0.050
D step=17/50 epoch=2/3 loss=0.4427 l2=0.2000 label_smoothing=0.050
D step=17/50 epoch=3/3 loss=0.4405 l2=0.2000 label_smoothing=0.050
D step=18/50 epoch=1/3 loss=0.4061 l2=0.2000 label_smoothing=0.050
D step=18/50 epoch=2/3 loss=0.3921 l2=0.2000 label_smoothing=0.050
D step=18/50 epoch=3/3 loss=0.3634 l2=0.2000 label_smoothing=0.050
D step=19/50 epoch=1/3 loss=0.4186 l2=0.2000 label_smoothing=0.050
D step=19/50 epoch=2/3 loss=0.4073 l2=0.2000 label_smoothing=0.050
D step=19/50 epoch=3/3 loss=0.4007 l2=0.2000 label_smoothing=0.050
D step=20/50 epoch=1/3 loss=0.3766 l2=0.2000 label_smoothing=0.050
D step=20/50 epoch=2/3 loss=0.3590 l2=0.2000 label_smoothing=0.050
D step=20/50 epoch=3/3 loss=0.3495 l2=0.2000 label_smoothing=0.050
D step=21/50 epoch=1/3 loss=0.3502 l2=0.2000 label_smoothing=0.050
D step=21/50 epoch=2/3 loss=0.3221 l2=0.2000 label_smoothing=0.050
D step=21/50 epoch=3/3 loss=0.3310 l2=0.2000 label_smoothing=0.050
D step=22/50 epoch=1/3 loss=0.3407 l2=0.2000 label_smoothing=0.050
D step=22/50 epoch=2/3 loss=0.3331 l2=0.2000 label_smoothing=0.050
D step=22/50 epoch=3/3 loss=0.3105 l2=0.2000 label_smoothing=0.050
D step=23/50 epoch=1/3 loss=0.3209 l2=0.2000 label_smoothing=0.050
D step=23/50 epoch=2/3 loss=0.3075 l2=0.2000 label_smoothing=0.050
D step=23/50 epoch=3/3 loss=0.3042 l2=0.2000 label_smoothing=0.050
D step=24/50 epoch=1/3 loss=0.3036 l2=0.2000 label_smoothing=0.050
D step=24/50 epoch=2/3 loss=0.3046 l2=0.2000 label_smoothing=0.050
D step=24/50 epoch=3/3 loss=0.3025 l2=0.2000 label_smoothing=0.050
D step=25/50 epoch=1/3 loss=0.3506 l2=0.2000 label_smoothing=0.050
D step=25/50 epoch=2/3 loss=0.3440 l2=0.2000 label_smoothing=0.050
D step=25/50 epoch=3/3 loss=0.3375 l2=0.2000 label_smoothing=0.050
D step=26/50 epoch=1/3 loss=0.3281 l2=0.2000 label_smoothing=0.050
D step=26/50 epoch=2/3 loss=0.3128 l2=0.2000 label_smoothing=0.050
D step=26/50 epoch=3/3 loss=0.3045 l2=0.2000 label_smoothing=0.050
D step=27/50 epoch=1/3 loss=0.3541 l2=0.2000 label_smoothing=0.050
D step=27/50 epoch=2/3 loss=0.3333 l2=0.2000 label_smoothing=0.050
D step=27/50 epoch=3/3 loss=0.3162 l2=0.2000 label_smoothing=0.050
D step=28/50 epoch=1/3 loss=0.2814 l2=0.2000 label_smoothing=0.050
D step=28/50 epoch=2/3 loss=0.2679 l2=0.2000 label_smoothing=0.050
D step=28/50 epoch=3/3 loss=0.2704 l2=0.2000 label_smoothing=0.050
D step=29/50 epoch=1/3 loss=0.2977 l2=0.2000 label_smoothing=0.050
D step=29/50 epoch=2/3 loss=0.2797 l2=0.2000 label_smoothing=0.050
D step=29/50 epoch=3/3 loss=0.2700 l2=0.2000 label_smoothing=0.050
D step=30/50 epoch=1/3 loss=0.2696 l2=0.2000 label_smoothing=0.050
D step=30/50 epoch=2/3 loss=0.2701 l2=0.2000 label_smoothing=0.050
D step=30/50 epoch=3/3 loss=0.2610 l2=0.2000 label_smoothing=0.050
D step=31/50 epoch=1/3 loss=0.3328 l2=0.2000 label_smoothing=0.050
D step=31/50 epoch=2/3 loss=0.3234 l2=0.2000 label_smoothing=0.050
D step=31/50 epoch=3/3 loss=0.3180 l2=0.2000 label_smoothing=0.050
D step=32/50 epoch=1/3 loss=0.2863 l2=0.2000 label_smoothing=0.050
D step=32/50 epoch=2/3 loss=0.2786 l2=0.2000 label_smoothing=0.050
D step=32/50 epoch=3/3 loss=0.2742 l2=0.2000 label_smoothing=0.050
D step=33/50 epoch=1/3 loss=0.2610 l2=0.2000 label_smoothing=0.050
D step=33/50 epoch=2/3 loss=0.2654 l2=0.2000 label_smoothing=0.050
D step=33/50 epoch=3/3 loss=0.2602 l2=0.2000 label_smoothing=0.050
D step=34/50 epoch=1/3 loss=0.2668 l2=0.2000 label_smoothing=0.050
D step=34/50 epoch=2/3 loss=0.2617 l2=0.2000 label_smoothing=0.050
D step=34/50 epoch=3/3 loss=0.2551 l2=0.2000 label_smoothing=0.050
D step=35/50 epoch=1/3 loss=0.2496 l2=0.2000 label_smoothing=0.050
D step=35/50 epoch=2/3 loss=0.2358 l2=0.2000 label_smoothing=0.050
D step=35/50 epoch=3/3 loss=0.2390 l2=0.2000 label_smoothing=0.050
D step=36/50 epoch=1/3 loss=0.2452 l2=0.2000 label_smoothing=0.050
D step=36/50 epoch=2/3 loss=0.2359 l2=0.2000 label_smoothing=0.050
D step=36/50 epoch=3/3 loss=0.2401 l2=0.2000 label_smoothing=0.050
D step=37/50 epoch=1/3 loss=0.2464 l2=0.2000 label_smoothing=0.050
D step=37/50 epoch=2/3 loss=0.2488 l2=0.2000 label_smoothing=0.050
D step=37/50 epoch=3/3 loss=0.2484 l2=0.2000 label_smoothing=0.050
D step=38/50 epoch=1/3 loss=0.2668 l2=0.2000 label_smoothing=0.050
D step=38/50 epoch=2/3 loss=0.2548 l2=0.2000 label_smoothing=0.050
D step=38/50 epoch=3/3 loss=0.2586 l2=0.2000 label_smoothing=0.050
D step=39/50 epoch=1/3 loss=0.2506 l2=0.2000 label_smoothing=0.050
D step=39/50 epoch=2/3 loss=0.2342 l2=0.2000 label_smoothing=0.050
D step=39/50 epoch=3/3 loss=0.2408 l2=0.2000 label_smoothing=0.050
D step=40/50 epoch=1/3 loss=0.2820 l2=0.2000 label_smoothing=0.050
D step=40/50 epoch=2/3 loss=0.2739 l2=0.2000 label_smoothing=0.050
D step=40/50 epoch=3/3 loss=0.2695 l2=0.2000 label_smoothing=0.050
D step=41/50 epoch=1/3 loss=0.2367 l2=0.2000 label_smoothing=0.050
D step=41/50 epoch=2/3 loss=0.2359 l2=0.2000 label_smoothing=0.050
D step=41/50 epoch=3/3 loss=0.2282 l2=0.2000 label_smoothing=0.050
D step=42/50 epoch=1/3 loss=0.2518 l2=0.2000 label_smoothing=0.050
D step=42/50 epoch=2/3 loss=0.2415 l2=0.2000 label_smoothing=0.050
D step=42/50 epoch=3/3 loss=0.2461 l2=0.2000 label_smoothing=0.050
D step=43/50 epoch=1/3 loss=0.2881 l2=0.2000 label_smoothing=0.050
D step=43/50 epoch=2/3 loss=0.2809 l2=0.2000 label_smoothing=0.050
D step=43/50 epoch=3/3 loss=0.2818 l2=0.2000 label_smoothing=0.050
D step=44/50 epoch=1/3 loss=0.2295 l2=0.2000 label_smoothing=0.050
D step=44/50 epoch=2/3 loss=0.2187 l2=0.2000 label_smoothing=0.050
D step=44/50 epoch=3/3 loss=0.2232 l2=0.2000 label_smoothing=0.050
D step=45/50 epoch=1/3 loss=0.2503 l2=0.2000 label_smoothing=0.050
D step=45/50 epoch=2/3 loss=0.2364 l2=0.2000 label_smoothing=0.050
D step=45/50 epoch=3/3 loss=0.2330 l2=0.2000 label_smoothing=0.050
D step=46/50 epoch=1/3 loss=0.2276 l2=0.2000 label_smoothing=0.050
D step=46/50 epoch=2/3 loss=0.2213 l2=0.2000 label_smoothing=0.050
D step=46/50 epoch=3/3 loss=0.2228 l2=0.2000 label_smoothing=0.050
D step=47/50 epoch=1/3 loss=0.2267 l2=0.2000 label_smoothing=0.050
D step=47/50 epoch=2/3 loss=0.2187 l2=0.2000 label_smoothing=0.050
D step=47/50 epoch=3/3 loss=0.2124 l2=0.2000 label_smoothing=0.050
D step=48/50 epoch=1/3 loss=0.2185 l2=0.2000 label_smoothing=0.050
D step=48/50 epoch=2/3 loss=0.2084 l2=0.2000 label_smoothing=0.050
D step=48/50 epoch=3/3 loss=0.2152 l2=0.2000 label_smoothing=0.050
D step=49/50 epoch=1/3 loss=0.2518 l2=0.2000 label_smoothing=0.050
D step=49/50 epoch=2/3 loss=0.2466 l2=0.2000 label_smoothing=0.050
D step=49/50 epoch=3/3 loss=0.2469 l2=0.2000 label_smoothing=0.050
D step=50/50 epoch=1/3 loss=0.2254 l2=0.2000 label_smoothing=0.050
D step=50/50 epoch=2/3 loss=0.2197 l2=0.2000 label_smoothing=0.050
D step=50/50 epoch=3/3 loss=0.2192 l2=0.2000 label_smoothing=0.050

[3/3] adversarial
generator_reward_mode=on reward_alpha=0.700 d_steps=5 d_epochs=3
D step=1/5 epoch=1/3 loss=0.2092 l2=0.2000 label_smoothing=0.050
D step=1/5 epoch=2/3 loss=0.1947 l2=0.2000 label_smoothing=0.050
D step=1/5 epoch=3/3 loss=0.1961 l2=0.2000 label_smoothing=0.050
D step=2/5 epoch=1/3 loss=0.2271 l2=0.2000 label_smoothing=0.050
D step=2/5 epoch=2/3 loss=0.2063 l2=0.2000 label_smoothing=0.050
D step=2/5 epoch=3/3 loss=0.2072 l2=0.2000 label_smoothing=0.050
D step=3/5 epoch=1/3 loss=0.1974 l2=0.2000 label_smoothing=0.050
D step=3/5 epoch=2/3 loss=0.1950 l2=0.2000 label_smoothing=0.050
D step=3/5 epoch=3/3 loss=0.1955 l2=0.2000 label_smoothing=0.050
D step=4/5 epoch=1/3 loss=0.2066 l2=0.2000 label_smoothing=0.050
D step=4/5 epoch=2/3 loss=0.2010 l2=0.2000 label_smoothing=0.050
D step=4/5 epoch=3/3 loss=0.1956 l2=0.2000 label_smoothing=0.050
D step=5/5 epoch=1/3 loss=0.2091 l2=0.2000 label_smoothing=0.050
D step=5/5 epoch=2/3 loss=0.2010 l2=0.2000 label_smoothing=0.050
D step=5/5 epoch=3/3 loss=0.1942 l2=0.2000 label_smoothing=0.050
ADV epoch=1/200 g_loss=0.1437 d_loss=0.2024 reward=0.1511 reward_var=0.0117 unique=1.0000
D step=1/5 epoch=1/3 loss=0.2200 l2=0.2000 label_smoothing=0.050
D step=1/5 epoch=2/3 loss=0.2112 l2=0.2000 label_smoothing=0.050
D step=1/5 epoch=3/3 loss=0.2027 l2=0.2000 label_smoothing=0.050
D step=2/5 epoch=1/3 loss=0.2320 l2=0.2000 label_smoothing=0.050
D step=2/5 epoch=2/3 loss=0.2207 l2=0.2000 label_smoothing=0.050
D step=2/5 epoch=3/3 loss=0.2111 l2=0.2000 label_smoothing=0.050
D step=3/5 epoch=1/3 loss=0.2233 l2=0.2000 label_smoothing=0.050
D step=3/5 epoch=2/3 loss=0.2227 l2=0.2000 label_smoothing=0.050
D step=3/5 epoch=3/3 loss=0.2109 l2=0.2000 label_smoothing=0.050
D step=4/5 epoch=1/3 loss=0.1904 l2=0.2000 label_smoothing=0.050
D step=4/5 epoch=2/3 loss=0.1947 l2=0.2000 label_smoothing=0.050
D step=4/5 epoch=3/3 loss=0.1900 l2=0.2000 label_smoothing=0.050
D step=5/5 epoch=1/3 loss=0.1856 l2=0.2000 label_smoothing=0.050
D step=5/5 epoch=2/3 loss=0.1864 l2=0.2000 label_smoothing=0.050
D step=5/5 epoch=3/3 loss=0.1822 l2=0.2000 label_smoothing=0.050
ADV epoch=2/200 g_loss=0.1700 d_loss=0.2056 reward=0.1784 reward_var=0.0129 unique=1.0000
D step=1/5 epoch=1/3 loss=0.1885 l2=0.2000 label_smoothing=0.050
D step=1/5 epoch=2/3 loss=0.1784 l2=0.2000 label_smoothing=0.050
D step=1/5 epoch=3/3 loss=0.1806 l2=0.2000 label_smoothing=0.050
D step=2/5 epoch=1/3 loss=0.1864 l2=0.2000 label_smoothing=0.050
D step=2/5 epoch=2/3 loss=0.1831 l2=0.2000 label_smoothing=0.050
D step=2/5 epoch=3/3 loss=0.1777 l2=0.2000 label_smoothing=0.050
D step=3/5 epoch=1/3 loss=0.1806 l2=0.2000 label_smoothing=0.050
D step=3/5 epoch=2/3 loss=0.1813 l2=0.2000 label_smoothing=0.050
D step=3/5 epoch=3/3 loss=0.1803 l2=0.2000 label_smoothing=0.050
D step=4/5 epoch=1/3 loss=0.1832 l2=0.2000 label_smoothing=0.050
D step=4/5 epoch=2/3 loss=0.1831 l2=0.2000 label_smoothing=0.050
D step=4/5 epoch=3/3 loss=0.1785 l2=0.2000 label_smoothing=0.050
D step=5/5 epoch=1/3 loss=0.1740 l2=0.2000 label_smoothing=0.050
D step=5/5 epoch=2/3 loss=0.1734 l2=0.2000 label_smoothing=0.050
D step=5/5 epoch=3/3 loss=0.1734 l2=0.2000 label_smoothing=0.050
ADV epoch=3/200 g_loss=0.1868 d_loss=0.1802 reward=0.1875 reward_var=0.0125 unique=1.0000
D step=1/5 epoch=1/3 loss=0.1773 l2=0.2000 label_smoothing=0.050
D step=1/5 epoch=2/3 loss=0.1737 l2=0.2000 label_smoothing=0.050
D step=1/5 epoch=3/3 loss=0.1704 l2=0.2000 label_smoothing=0.050
D step=2/5 epoch=1/3 loss=0.1879 l2=0.2000 label_smoothing=0.050
D step=2/5 epoch=2/3 loss=0.1851 l2=0.2000 label_smoothing=0.050
D step=2/5 epoch=3/3 loss=0.1863 l2=0.2000 label_smoothing=0.050
D step=3/5 epoch=1/3 loss=0.1816 l2=0.2000 label_smoothing=0.050
D step=3/5 epoch=2/3 loss=0.1781 l2=0.2000 label_smoothing=0.050
D step=3/5 epoch=3/3 loss=0.1787 l2=0.2000 label_smoothing=0.050
D step=4/5 epoch=1/3 loss=0.1704 l2=0.2000 label_smoothing=0.050
D step=4/5 epoch=2/3 loss=0.1700 l2=0.2000 label_smoothing=0.050
D step=4/5 epoch=3/3 loss=0.1677 l2=0.2000 label_smoothing=0.050
D step=5/5 epoch=1/3 loss=0.1689 l2=0.2000 label_smoothing=0.050
D step=5/5 epoch=2/3 loss=0.1665 l2=0.2000 label_smoothing=0.050
D step=5/5 epoch=3/3 loss=0.1671 l2=0.2000 label_smoothing=0.050
ADV epoch=4/200 g_loss=0.1697 d_loss=0.1753 reward=0.1885 reward_var=0.0130 unique=1.0000
D step=1/5 epoch=1/3 loss=0.1646 l2=0.2000 label_smoothing=0.050
D step=1/5 epoch=2/3 loss=0.1619 l2=0.2000 label_smoothing=0.050
D step=1/5 epoch=3/3 loss=0.1617 l2=0.2000 label_smoothing=0.050
D step=2/5 epoch=1/3 loss=0.1875 l2=0.2000 label_smoothing=0.050
D step=2/5 epoch=2/3 loss=0.1838 l2=0.2000 label_smoothing=0.050
D step=2/5 epoch=3/3 loss=0.1821 l2=0.2000 label_smoothing=0.050
D step=3/5 epoch=1/3 loss=0.1673 l2=0.2000 label_smoothing=0.050
D step=3/5 epoch=2/3 loss=0.1660 l2=0.2000 label_smoothing=0.050
D step=3/5 epoch=3/3 loss=0.1681 l2=0.2000 label_smoothing=0.050
D step=4/5 epoch=1/3 loss=0.1832 l2=0.2000 label_smoothing=0.050
D step=4/5 epoch=2/3 loss=0.1820 l2=0.2000 label_smoothing=0.050
D step=4/5 epoch=3/3 loss=0.1770 l2=0.2000 label_smoothing=0.050
D step=5/5 epoch=1/3 loss=0.1657 l2=0.2000 label_smoothing=0.050
D step=5/5 epoch=2/3 loss=0.1612 l2=0.2000 label_smoothing=0.050
D step=5/5 epoch=3/3 loss=0.1592 l2=0.2000 label_smoothing=0.050
ADV epoch=5/200 g_loss=0.1714 d_loss=0.1714 reward=0.1975 reward_var=0.0126 unique=1.0000
D step=1/5 epoch=1/3 loss=0.1657 l2=0.2000 label_smoothing=0.050
D step=1/5 epoch=2/3 loss=0.1682 l2=0.2000 label_smoothing=0.050
D step=1/5 epoch=3/3 loss=0.1615 l2=0.2000 label_smoothing=0.050
D step=2/5 epoch=1/3 loss=0.1556 l2=0.2000 label_smoothing=0.050
D step=2/5 epoch=2/3 loss=0.1548 l2=0.2000 label_smoothing=0.050
D step=2/5 epoch=3/3 loss=0.1549 l2=0.2000 label_smoothing=0.050
D step=3/5 epoch=1/3 loss=0.1577 l2=0.2000 label_smoothing=0.050
D step=3/5 epoch=2/3 loss=0.1580 l2=0.2000 label_smoothing=0.050
D step=3/5 epoch=3/3 loss=0.1559 l2=0.2000 label_smoothing=0.050
D step=4/5 epoch=1/3 loss=0.1577 l2=0.2000 label_smoothing=0.050
D step=4/5 epoch=2/3 loss=0.1565 l2=0.2000 label_smoothing=0.050
D step=4/5 epoch=3/3 loss=0.1546 l2=0.2000 label_smoothing=0.050
D step=5/5 epoch=1/3 loss=0.1610 l2=0.2000 label_smoothing=0.050
D step=5/5 epoch=2/3 loss=0.1575 l2=0.2000 label_smoothing=0.050
D step=5/5 epoch=3/3 loss=0.1569 l2=0.2000 label_smoothing=0.050
ADV epoch=6/200 g_loss=0.1951 d_loss=0.1584 reward=0.2166 reward_var=0.0116 unique=1.0000
D step=1/5 epoch=1/3 loss=0.1904 l2=0.2000 label_smoothing=0.050
D step=1/5 epoch=2/3 loss=0.1753 l2=0.2000 label_smoothing=0.050
D step=1/5 epoch=3/3 loss=0.1719 l2=0.2000 label_smoothing=0.050
D step=2/5 epoch=1/3 loss=0.1639 l2=0.2000 label_smoothing=0.050
D step=2/5 epoch=2/3 loss=0.1573 l2=0.2000 label_smoothing=0.050
D step=2/5 epoch=3/3 loss=0.1552 l2=0.2000 label_smoothing=0.050
D step=3/5 epoch=1/3 loss=0.1585 l2=0.2000 label_smoothing=0.050
D step=3/5 epoch=2/3 loss=0.1539 l2=0.2000 label_smoothing=0.050
D step=3/5 epoch=3/3 loss=0.1548 l2=0.2000 label_smoothing=0.050
D step=4/5 epoch=1/3 loss=0.1567 l2=0.2000 label_smoothing=0.050
D step=4/5 epoch=2/3 loss=0.1526 l2=0.2000 label_smoothing=0.050
D step=4/5 epoch=3/3 loss=0.1518 l2=0.2000 label_smoothing=0.050
D step=5/5 epoch=1/3 loss=0.1529 l2=0.2000 label_smoothing=0.050
D step=5/5 epoch=2/3 loss=0.1505 l2=0.2000 label_smoothing=0.050
D step=5/5 epoch=3/3 loss=0.1503 l2=0.2000 label_smoothing=0.050
ADV epoch=7/200 g_loss=0.1919 d_loss=0.1597 reward=0.2063 reward_var=0.0096 unique=1.0000
D step=1/5 epoch=1/3 loss=0.1503 l2=0.2000 label_smoothing=0.050
D step=1/5 epoch=2/3 loss=0.1472 l2=0.2000 label_smoothing=0.050
D step=1/5 epoch=3/3 loss=0.1467 l2=0.2000 label_smoothing=0.050
D step=2/5 epoch=1/3 loss=0.1484 l2=0.2000 label_smoothing=0.050
D step=2/5 epoch=2/3 loss=0.1476 l2=0.2000 label_smoothing=0.050
D step=2/5 epoch=3/3 loss=0.1473 l2=0.2000 label_smoothing=0.050
D step=3/5 epoch=1/3 loss=0.1498 l2=0.2000 label_smoothing=0.050
D step=3/5 epoch=2/3 loss=0.1480 l2=0.2000 label_smoothing=0.050
D step=3/5 epoch=3/3 loss=0.1471 l2=0.2000 label_smoothing=0.050
D step=4/5 epoch=1/3 loss=0.1499 l2=0.2000 label_smoothing=0.050
D step=4/5 epoch=2/3 loss=0.1473 l2=0.2000 label_smoothing=0.050
D step=4/5 epoch=3/3 loss=0.1455 l2=0.2000 label_smoothing=0.050
D step=5/5 epoch=1/3 loss=0.1457 l2=0.2000 label_smoothing=0.050
D step=5/5 epoch=2/3 loss=0.1451 l2=0.2000 label_smoothing=0.050
D step=5/5 epoch=3/3 loss=0.1440 l2=0.2000 label_smoothing=0.050
ADV epoch=8/200 g_loss=0.2200 d_loss=0.1473 reward=0.2664 reward_var=0.0088 unique=1.0000
D step=1/5 epoch=1/3 loss=0.1441 l2=0.2000 label_smoothing=0.050
D step=1/5 epoch=2/3 loss=0.1417 l2=0.2000 label_smoothing=0.050
D step=1/5 epoch=3/3 loss=0.1414 l2=0.2000 label_smoothing=0.050
D step=2/5 epoch=1/3 loss=0.1443 l2=0.2000 label_smoothing=0.050
D step=2/5 epoch=2/3 loss=0.1435 l2=0.2000 label_smoothing=0.050
D step=2/5 epoch=3/3 loss=0.1422 l2=0.2000 label_smoothing=0.050
D step=3/5 epoch=1/3 loss=0.1433 l2=0.2000 label_smoothing=0.050
D step=3/5 epoch=2/3 loss=0.1416 l2=0.2000 label_smoothing=0.050
D step=3/5 epoch=3/3 loss=0.1406 l2=0.2000 label_smoothing=0.050
D step=4/5 epoch=1/3 loss=0.1407 l2=0.2000 label_smoothing=0.050
D step=4/5 epoch=2/3 loss=0.1406 l2=0.2000 label_smoothing=0.050
D step=4/5 epoch=3/3 loss=0.1399 l2=0.2000 label_smoothing=0.050
D step=5/5 epoch=1/3 loss=0.1445 l2=0.2000 label_smoothing=0.050
D step=5/5 epoch=2/3 loss=0.1415 l2=0.2000 label_smoothing=0.050
D step=5/5 epoch=3/3 loss=0.1424 l2=0.2000 label_smoothing=0.050
ADV epoch=9/200 g_loss=0.2432 d_loss=0.1422 reward=0.2798 reward_var=0.0061 unique=1.0000
saved 2000 raw samples to /content/drive/MyDrive/GAN/GAN_for_SQLi/result/phase3/seqgan_improved/boolean/D/R200/V7/generated_payloads.csv
