{
  "metric_schema_version": "quality-metrics-v3",
  "normalization_version": "nfkc_html_percent1_casefold_ws_quotes_v1",
  "seed": 88,
  "method": "seqgan_master",
  "family": "time",
  "scenario": "A",
  "ratio": "full",
  "generation_kind": "direct",
  "schema_valid": true,
  "stop_reason": "n/a",
  "n_generated": 500,
  "unique_rate": 0.124,
  "normalized_unique_rate": 0.12,
  "duplicate_rate": 0.876,
  "model_collapse_rate": 0.876,
  "dominant_payload_share": 0.178,
  "normalized_dominant_payload_share": 0.224,
  "sql_parse_rate": 1.0,
  "sql_structure_rate": 0.922,
  "family_motif_coverage": 0.8,
  "family_motif_hit_rate": 0.578,
  "garbage_rate": 0.07799999999999996,
  "wellformed_rate": 1.0,
  "shaped_rate": 0.922,
  "family_motif_coverage_by_family": {
    "time": 0.8
  },
  "family_motif_hit_rate_by_family": {
    "time": 0.578
  },
  "inferred_family_distribution": {
    "boolean": 0.0,
    "union": 0.226,
    "time": 0.578,
    "error": 0.0,
    "other": 0.196
  },
  "train_reference_count": 1186,
  "holdout_reference_count": 296,
  "exact_input_overlap": 0.0,
  "normalized_input_overlap": 0.0,
  "holdout_overlap": 0.0,
  "normalized_holdout_overlap": 0.0,
  "nearest_input_similarity_mean": 0.5925678985820542,
  "nearest_input_similarity_median": 0.3902439024390244,
  "nearest_input_similarity_p90": 0.9473684210526315,
  "nearest_char3_jaccard_mean": 0.5925678985820542,
  "nearest_char3_jaccard_median": 0.3902439024390244,
  "nearest_char3_jaccard_p90": 0.9473684210526315,
  "nearest_token_jaccard_mean": 0.46535152625152626,
  "nearest_token_jaccard_median": 0.5,
  "nearest_token_jaccard_p90": 0.6,
  "nearest_edit_similarity_mean": 0.5794733762792704,
  "nearest_edit_similarity_median": 0.3829787234042553,
  "nearest_edit_similarity_p90": 0.9523809523809523,
  "nearest_feature_cosine_mean": 0.9423626047858547,
  "nearest_feature_cosine_median": 0.9646791905829895,
  "nearest_feature_cosine_p90": 0.9853582780888146,
  "nearest_input_distance_mean": 0.4074321014179459,
  "nearest_input_distance_median": 0.6097560975609756,
  "nearest_input_distance_p90": 0.6585365853658536,
  "mean_nearest_similarity": 0.5925678985820542,
  "median_nearest_similarity": 0.3902439024390244,
  "p90_nearest_similarity": 0.9473684210526315,
  "unique_nearest_payload_rate": 0.05,
  "dominant_retrieved_payload_share": 0.238,
  "nearest_reference_count": 1186,
  "distinct_1": 0.034975369458128076,
  "distinct_2": 0.06470588235294118,
  "distinct_3": 0.08640776699029126,
  "lexical_diversity": 0.034975369458128076,
  "character_diversity": 0.8193791158307522,
  "token_diversity": 0.6234383203379377,
  "keyword_diversity": 0.7238296438407853,
  "operator_diversity": 0.4654471014676449,
  "function_diversity": 0.6105704163554881,
  "comment_style_diversity": 0.0,
  "length_zone_diversity": 0.2,
  "self_bleu": 0.9948057000310773,
  "self_bleu_char": 0.9948057000310773,
  "requested_count": 500,
  "generated_count_fraction": 1.0
}
