{
  "metric_schema_version": "quality-metrics-v3",
  "normalization_version": "nfkc_html_percent1_casefold_ws_quotes_v1",
  "seed": 88,
  "method": "seqgan_master",
  "family": "error",
  "scenario": "B",
  "ratio": "500",
  "generation_kind": "direct",
  "schema_valid": true,
  "stop_reason": "n/a",
  "n_generated": 2000,
  "unique_rate": 0.999,
  "normalized_unique_rate": 0.999,
  "duplicate_rate": 0.0010000000000000009,
  "model_collapse_rate": 0.0010000000000000009,
  "dominant_payload_share": 0.001,
  "normalized_dominant_payload_share": 0.001,
  "sql_parse_rate": 1.0,
  "sql_structure_rate": 0.008,
  "family_motif_coverage": 0.0,
  "family_motif_hit_rate": 0.0,
  "garbage_rate": 0.992,
  "wellformed_rate": 1.0,
  "shaped_rate": 0.008,
  "family_motif_coverage_by_family": {
    "error": 0.0
  },
  "family_motif_hit_rate_by_family": {
    "error": 0.0
  },
  "inferred_family_distribution": {
    "boolean": 0.002,
    "union": 0.0,
    "time": 0.0,
    "error": 0.0,
    "other": 0.998
  },
  "train_reference_count": 31,
  "holdout_reference_count": 259,
  "exact_input_overlap": 0.0,
  "normalized_input_overlap": 0.0,
  "holdout_overlap": 0.0,
  "normalized_holdout_overlap": 0.0,
  "nearest_input_similarity_mean": 0.013930474732715827,
  "nearest_input_similarity_median": 0.011764705882352941,
  "nearest_input_similarity_p90": 0.03409090909090909,
  "nearest_char3_jaccard_mean": 0.013930474732715827,
  "nearest_char3_jaccard_median": 0.011764705882352941,
  "nearest_char3_jaccard_p90": 0.03409090909090909,
  "nearest_token_jaccard_mean": 0.04298353586387962,
  "nearest_token_jaccard_median": 0.047619047619047616,
  "nearest_token_jaccard_p90": 0.11764705882352941,
  "nearest_edit_similarity_mean": 0.10018385020106478,
  "nearest_edit_similarity_median": 0.09890109890109888,
  "nearest_edit_similarity_p90": 0.13043478260869568,
  "nearest_feature_cosine_mean": 0.8904855788883724,
  "nearest_feature_cosine_median": 0.9120992531446026,
  "nearest_feature_cosine_p90": 0.9287666618306244,
  "nearest_input_distance_mean": 0.9860695252672841,
  "nearest_input_distance_median": 0.9882352941176471,
  "nearest_input_distance_p90": 1.0,
  "mean_nearest_similarity": 0.013930474732715827,
  "median_nearest_similarity": 0.011764705882352941,
  "p90_nearest_similarity": 0.03409090909090909,
  "unique_nearest_payload_rate": 0.0075,
  "dominant_retrieved_payload_share": 0.515,
  "nearest_reference_count": 31,
  "distinct_1": 0.38748019017432644,
  "distinct_2": 0.7809417040358745,
  "distinct_3": 0.9757820383451059,
  "lexical_diversity": 0.38748019017432644,
  "character_diversity": 0.7846318744442518,
  "token_diversity": 0.7512729383596845,
  "keyword_diversity": 0.5293608652873644,
  "operator_diversity": 0.7124466074857702,
  "function_diversity": 0.9516980685882329,
  "comment_style_diversity": 0.6666666666666666,
  "length_zone_diversity": 0.2,
  "self_bleu": 0.6541315610019701,
  "self_bleu_char": 0.6541315610019701,
  "requested_count": 2000,
  "generated_count_fraction": 1.0
}
