
[1/3] pretrain G
G epoch=1/120 loss=4.6246
G epoch=2/120 loss=4.4513
G epoch=3/120 loss=4.2551
G epoch=4/120 loss=4.0125
G epoch=5/120 loss=3.7143
G epoch=6/120 loss=3.3780
G epoch=7/120 loss=3.0410
G epoch=8/120 loss=2.7399
G epoch=9/120 loss=2.4989
G epoch=10/120 loss=2.3181
G epoch=11/120 loss=2.1827
G epoch=12/120 loss=2.0811
G epoch=13/120 loss=2.0023
G epoch=14/120 loss=1.9343
G epoch=15/120 loss=1.8686
G epoch=16/120 loss=1.8019
G epoch=17/120 loss=1.7334
G epoch=18/120 loss=1.6650
G epoch=19/120 loss=1.5994
G epoch=20/120 loss=1.5384
G epoch=21/120 loss=1.4799
G epoch=22/120 loss=1.4244
G epoch=23/120 loss=1.3703
G epoch=24/120 loss=1.3188
G epoch=25/120 loss=1.2703
G epoch=26/120 loss=1.2240
G epoch=27/120 loss=1.1791
G epoch=28/120 loss=1.1346
G epoch=29/120 loss=1.0911
G epoch=30/120 loss=1.0503
G epoch=31/120 loss=1.0126
G epoch=32/120 loss=0.9768
G epoch=33/120 loss=0.9432
G epoch=34/120 loss=0.9110
G epoch=35/120 loss=0.8797
G epoch=36/120 loss=0.8495
G epoch=37/120 loss=0.8205
G epoch=38/120 loss=0.7925
G epoch=39/120 loss=0.7660
G epoch=40/120 loss=0.7409
G epoch=41/120 loss=0.7170
G epoch=42/120 loss=0.6940
G epoch=43/120 loss=0.6721
G epoch=44/120 loss=0.6514
G epoch=45/120 loss=0.6318
G epoch=46/120 loss=0.6125
G epoch=47/120 loss=0.5931
G epoch=48/120 loss=0.5747
G epoch=49/120 loss=0.5578
G epoch=50/120 loss=0.5408
G epoch=51/120 loss=0.5251
G epoch=52/120 loss=0.5104
G epoch=53/120 loss=0.4959
G epoch=54/120 loss=0.4822
G epoch=55/120 loss=0.4695
G epoch=56/120 loss=0.4571
G epoch=57/120 loss=0.4451
G epoch=58/120 loss=0.4338
G epoch=59/120 loss=0.4223
G epoch=60/120 loss=0.4109
G epoch=61/120 loss=0.4005
G epoch=62/120 loss=0.3908
G epoch=63/120 loss=0.3814
G epoch=64/120 loss=0.3724
G epoch=65/120 loss=0.3637
G epoch=66/120 loss=0.3552
G epoch=67/120 loss=0.3468
G epoch=68/120 loss=0.3387
G epoch=69/120 loss=0.3311
G epoch=70/120 loss=0.3236
G epoch=71/120 loss=0.3163
G epoch=72/120 loss=0.3094
G epoch=73/120 loss=0.3028
G epoch=74/120 loss=0.2965
G epoch=75/120 loss=0.2906
G epoch=76/120 loss=0.2850
G epoch=77/120 loss=0.2796
G epoch=78/120 loss=0.2744
G epoch=79/120 loss=0.2692
G epoch=80/120 loss=0.2642
G epoch=81/120 loss=0.2594
G epoch=82/120 loss=0.2546
G epoch=83/120 loss=0.2500
G epoch=84/120 loss=0.2455
G epoch=85/120 loss=0.2411
G epoch=86/120 loss=0.2368
G epoch=87/120 loss=0.2326
G epoch=88/120 loss=0.2285
G epoch=89/120 loss=0.2246
G epoch=90/120 loss=0.2208
G epoch=91/120 loss=0.2171
G epoch=92/120 loss=0.2134
G epoch=93/120 loss=0.2099
G epoch=94/120 loss=0.2064
G epoch=95/120 loss=0.2029
G epoch=96/120 loss=0.1994
G epoch=97/120 loss=0.1960
G epoch=98/120 loss=0.1927
G epoch=99/120 loss=0.1895
G epoch=100/120 loss=0.1862
G epoch=101/120 loss=0.1830
G epoch=102/120 loss=0.1797
G epoch=103/120 loss=0.1766
G epoch=104/120 loss=0.1736
G epoch=105/120 loss=0.1703
G epoch=106/120 loss=0.1684
G epoch=107/120 loss=0.1671
G epoch=108/120 loss=0.1641
G epoch=109/120 loss=0.1593
G epoch=110/120 loss=0.1596
G epoch=111/120 loss=0.1557
G epoch=112/120 loss=0.1544
G epoch=113/120 loss=0.1516
G epoch=114/120 loss=0.1487
G epoch=115/120 loss=0.1441
G epoch=116/120 loss=0.1439
G epoch=117/120 loss=0.1392
G epoch=118/120 loss=0.1377
G epoch=119/120 loss=0.1340
G epoch=120/120 loss=0.1327

[2/3] pretrain D

[3/3] adversarial
generator_reward_mode=off reward_alpha=1.000 d_steps=5 d_epochs=3
ADV epoch=1/200 g_loss=0.2072 d_loss=0.0000 reward=0.5026 reward_var=0.0004 unique=0.8000
ADV epoch=2/200 g_loss=0.2252 d_loss=0.0000 reward=0.5049 reward_var=0.0004 unique=0.9600
ADV epoch=3/200 g_loss=0.2283 d_loss=0.0000 reward=0.5104 reward_var=0.0006 unique=0.9200
ADV epoch=4/200 g_loss=0.2933 d_loss=0.0000 reward=0.5073 reward_var=0.0003 unique=1.0000
ADV epoch=5/200 g_loss=0.3163 d_loss=0.0000 reward=0.5059 reward_var=0.0004 unique=0.9000
ADV epoch=6/200 g_loss=0.3063 d_loss=0.0000 reward=0.5114 reward_var=0.0005 unique=0.9600
ADV epoch=7/200 g_loss=0.2889 d_loss=0.0000 reward=0.5103 reward_var=0.0004 unique=0.9200
ADV epoch=8/200 g_loss=0.3001 d_loss=0.0000 reward=0.5100 reward_var=0.0005 unique=0.9800
ADV epoch=9/200 g_loss=0.3258 d_loss=0.0000 reward=0.5109 reward_var=0.0004 unique=1.0000
ADV epoch=10/200 g_loss=0.3438 d_loss=0.0000 reward=0.5161 reward_var=0.0005 unique=0.9800
ADV epoch=11/200 g_loss=0.3518 d_loss=0.0000 reward=0.5114 reward_var=0.0005 unique=1.0000
ADV epoch=12/200 g_loss=0.3842 d_loss=0.0000 reward=0.5143 reward_var=0.0004 unique=0.9800
ADV epoch=13/200 g_loss=0.3677 d_loss=0.0000 reward=0.5146 reward_var=0.0005 unique=1.0000
ADV epoch=14/200 g_loss=0.4071 d_loss=0.0000 reward=0.5180 reward_var=0.0006 unique=1.0000
ADV epoch=15/200 g_loss=0.4153 d_loss=0.0000 reward=0.5158 reward_var=0.0005 unique=1.0000
ADV epoch=16/200 g_loss=0.4538 d_loss=0.0000 reward=0.5174 reward_var=0.0005 unique=1.0000
ADV epoch=17/200 g_loss=0.3992 d_loss=0.0000 reward=0.5169 reward_var=0.0006 unique=1.0000
ADV epoch=18/200 g_loss=0.4714 d_loss=0.0000 reward=0.5176 reward_var=0.0005 unique=1.0000
ADV epoch=19/200 g_loss=0.4315 d_loss=0.0000 reward=0.5165 reward_var=0.0004 unique=1.0000
ADV epoch=20/200 g_loss=0.4657 d_loss=0.0000 reward=0.5233 reward_var=0.0004 unique=1.0000
ADV epoch=21/200 g_loss=0.4251 d_loss=0.0000 reward=0.5130 reward_var=0.0007 unique=1.0000
ADV epoch=22/200 g_loss=0.4309 d_loss=0.0000 reward=0.5153 reward_var=0.0006 unique=1.0000
ADV epoch=23/200 g_loss=0.4543 d_loss=0.0000 reward=0.5229 reward_var=0.0007 unique=1.0000
ADV epoch=24/200 g_loss=0.4537 d_loss=0.0000 reward=0.5221 reward_var=0.0007 unique=1.0000
ADV epoch=25/200 g_loss=0.4466 d_loss=0.0000 reward=0.5203 reward_var=0.0007 unique=1.0000
ADV epoch=26/200 g_loss=0.4379 d_loss=0.0000 reward=0.5208 reward_var=0.0007 unique=1.0000
ADV epoch=27/200 g_loss=0.4847 d_loss=0.0000 reward=0.5269 reward_var=0.0008 unique=0.9800
ADV epoch=28/200 g_loss=0.4170 d_loss=0.0000 reward=0.5249 reward_var=0.0007 unique=1.0000
ADV epoch=29/200 g_loss=0.4649 d_loss=0.0000 reward=0.5306 reward_var=0.0009 unique=1.0000
ADV epoch=30/200 g_loss=0.4840 d_loss=0.0000 reward=0.5330 reward_var=0.0008 unique=1.0000
ADV epoch=31/200 g_loss=0.4844 d_loss=0.0000 reward=0.5266 reward_var=0.0009 unique=1.0000
ADV epoch=32/200 g_loss=0.5088 d_loss=0.0000 reward=0.5375 reward_var=0.0008 unique=1.0000
ADV epoch=33/200 g_loss=0.4825 d_loss=0.0000 reward=0.5374 reward_var=0.0009 unique=1.0000
ADV epoch=34/200 g_loss=0.5057 d_loss=0.0000 reward=0.5446 reward_var=0.0006 unique=1.0000
ADV epoch=35/200 g_loss=0.5200 d_loss=0.0000 reward=0.5425 reward_var=0.0010 unique=1.0000
ADV epoch=36/200 g_loss=0.5161 d_loss=0.0000 reward=0.5438 reward_var=0.0007 unique=1.0000
ADV epoch=37/200 g_loss=0.5131 d_loss=0.0000 reward=0.5442 reward_var=0.0008 unique=1.0000
ADV epoch=38/200 g_loss=0.6135 d_loss=0.0000 reward=0.5467 reward_var=0.0006 unique=1.0000
ADV epoch=39/200 g_loss=0.6035 d_loss=0.0000 reward=0.5510 reward_var=0.0006 unique=1.0000
ADV epoch=40/200 g_loss=0.6311 d_loss=0.0000 reward=0.5487 reward_var=0.0007 unique=1.0000
ADV epoch=41/200 g_loss=0.6147 d_loss=0.0000 reward=0.5508 reward_var=0.0006 unique=1.0000
ADV epoch=42/200 g_loss=0.6681 d_loss=0.0000 reward=0.5528 reward_var=0.0007 unique=1.0000
ADV epoch=43/200 g_loss=0.6708 d_loss=0.0000 reward=0.5526 reward_var=0.0008 unique=1.0000
ADV epoch=44/200 g_loss=0.7191 d_loss=0.0000 reward=0.5502 reward_var=0.0011 unique=1.0000
ADV epoch=45/200 g_loss=0.7108 d_loss=0.0000 reward=0.5546 reward_var=0.0007 unique=1.0000
ADV epoch=46/200 g_loss=0.6673 d_loss=0.0000 reward=0.5523 reward_var=0.0007 unique=1.0000
ADV epoch=47/200 g_loss=0.6965 d_loss=0.0000 reward=0.5469 reward_var=0.0007 unique=1.0000
ADV epoch=48/200 g_loss=0.7274 d_loss=0.0000 reward=0.5552 reward_var=0.0007 unique=1.0000
ADV epoch=49/200 g_loss=0.7319 d_loss=0.0000 reward=0.5498 reward_var=0.0008 unique=1.0000
ADV epoch=50/200 g_loss=0.7304 d_loss=0.0000 reward=0.5546 reward_var=0.0005 unique=1.0000
ADV epoch=51/200 g_loss=0.7299 d_loss=0.0000 reward=0.5488 reward_var=0.0007 unique=1.0000
ADV epoch=52/200 g_loss=0.7375 d_loss=0.0000 reward=0.5499 reward_var=0.0007 unique=1.0000
ADV epoch=53/200 g_loss=0.7378 d_loss=0.0000 reward=0.5539 reward_var=0.0005 unique=1.0000
ADV epoch=54/200 g_loss=0.8162 d_loss=0.0000 reward=0.5502 reward_var=0.0007 unique=1.0000
ADV epoch=55/200 g_loss=0.8238 d_loss=0.0000 reward=0.5465 reward_var=0.0009 unique=1.0000
ADV epoch=56/200 g_loss=0.8935 d_loss=0.0000 reward=0.5500 reward_var=0.0008 unique=1.0000
ADV epoch=57/200 g_loss=0.8311 d_loss=0.0000 reward=0.5455 reward_var=0.0008 unique=1.0000
ADV epoch=58/200 g_loss=0.8743 d_loss=0.0000 reward=0.5517 reward_var=0.0009 unique=1.0000
ADV epoch=59/200 g_loss=0.8378 d_loss=0.0000 reward=0.5476 reward_var=0.0008 unique=1.0000
ADV epoch=60/200 g_loss=0.8219 d_loss=0.0000 reward=0.5446 reward_var=0.0009 unique=1.0000
ADV epoch=61/200 g_loss=0.8114 d_loss=0.0000 reward=0.5422 reward_var=0.0010 unique=1.0000
ADV epoch=62/200 g_loss=0.8738 d_loss=0.0000 reward=0.5464 reward_var=0.0010 unique=1.0000
ADV epoch=63/200 g_loss=0.8587 d_loss=0.0000 reward=0.5460 reward_var=0.0006 unique=1.0000
ADV epoch=64/200 g_loss=0.7505 d_loss=0.0000 reward=0.5441 reward_var=0.0010 unique=1.0000
ADV epoch=65/200 g_loss=0.7688 d_loss=0.0000 reward=0.5378 reward_var=0.0009 unique=1.0000
ADV epoch=66/200 g_loss=0.8391 d_loss=0.0000 reward=0.5410 reward_var=0.0008 unique=1.0000
ADV epoch=67/200 g_loss=0.8124 d_loss=0.0000 reward=0.5381 reward_var=0.0011 unique=1.0000
ADV epoch=68/200 g_loss=0.8742 d_loss=0.0000 reward=0.5413 reward_var=0.0010 unique=1.0000
ADV epoch=69/200 g_loss=0.8349 d_loss=0.0000 reward=0.5384 reward_var=0.0011 unique=1.0000
ADV epoch=70/200 g_loss=0.7876 d_loss=0.0000 reward=0.5321 reward_var=0.0011 unique=1.0000
ADV epoch=71/200 g_loss=0.7886 d_loss=0.0000 reward=0.5321 reward_var=0.0014 unique=1.0000
ADV epoch=72/200 g_loss=0.7507 d_loss=0.0000 reward=0.5344 reward_var=0.0008 unique=1.0000
ADV epoch=73/200 g_loss=0.7468 d_loss=0.0000 reward=0.5353 reward_var=0.0012 unique=1.0000
ADV epoch=74/200 g_loss=0.7359 d_loss=0.0000 reward=0.5298 reward_var=0.0010 unique=1.0000
ADV epoch=75/200 g_loss=0.7681 d_loss=0.0000 reward=0.5307 reward_var=0.0010 unique=0.9600
ADV epoch=76/200 g_loss=0.7224 d_loss=0.0000 reward=0.5309 reward_var=0.0012 unique=1.0000
ADV epoch=77/200 g_loss=0.7302 d_loss=0.0000 reward=0.5316 reward_var=0.0009 unique=1.0000
ADV epoch=78/200 g_loss=0.6963 d_loss=0.0000 reward=0.5343 reward_var=0.0007 unique=1.0000
ADV epoch=79/200 g_loss=0.6562 d_loss=0.0000 reward=0.5317 reward_var=0.0008 unique=1.0000
ADV epoch=80/200 g_loss=0.7774 d_loss=0.0000 reward=0.5350 reward_var=0.0010 unique=1.0000
ADV epoch=81/200 g_loss=0.7636 d_loss=0.0000 reward=0.5330 reward_var=0.0008 unique=1.0000
ADV epoch=82/200 g_loss=0.6736 d_loss=0.0000 reward=0.5335 reward_var=0.0008 unique=1.0000
ADV epoch=83/200 g_loss=0.7996 d_loss=0.0000 reward=0.5326 reward_var=0.0009 unique=1.0000
ADV epoch=84/200 g_loss=0.7441 d_loss=0.0000 reward=0.5355 reward_var=0.0007 unique=1.0000
ADV epoch=85/200 g_loss=0.7333 d_loss=0.0000 reward=0.5350 reward_var=0.0008 unique=1.0000
ADV epoch=86/200 g_loss=0.7959 d_loss=0.0000 reward=0.5396 reward_var=0.0006 unique=1.0000
ADV epoch=87/200 g_loss=0.7530 d_loss=0.0000 reward=0.5388 reward_var=0.0008 unique=1.0000
ADV epoch=88/200 g_loss=0.7669 d_loss=0.0000 reward=0.5397 reward_var=0.0005 unique=1.0000
ADV epoch=89/200 g_loss=0.8116 d_loss=0.0000 reward=0.5364 reward_var=0.0006 unique=1.0000
ADV epoch=90/200 g_loss=0.8377 d_loss=0.0000 reward=0.5404 reward_var=0.0008 unique=1.0000
ADV epoch=91/200 g_loss=0.7951 d_loss=0.0000 reward=0.5380 reward_var=0.0007 unique=1.0000
ADV epoch=92/200 g_loss=0.8929 d_loss=0.0000 reward=0.5464 reward_var=0.0006 unique=1.0000
ADV epoch=93/200 g_loss=0.7903 d_loss=0.0000 reward=0.5458 reward_var=0.0005 unique=1.0000
ADV epoch=94/200 g_loss=0.8735 d_loss=0.0000 reward=0.5403 reward_var=0.0007 unique=1.0000
ADV epoch=95/200 g_loss=0.8225 d_loss=0.0000 reward=0.5427 reward_var=0.0005 unique=1.0000
ADV epoch=96/200 g_loss=0.8834 d_loss=0.0000 reward=0.5429 reward_var=0.0006 unique=1.0000
ADV epoch=97/200 g_loss=0.9376 d_loss=0.0000 reward=0.5418 reward_var=0.0007 unique=1.0000
ADV epoch=98/200 g_loss=0.9291 d_loss=0.0000 reward=0.5416 reward_var=0.0007 unique=1.0000
ADV epoch=99/200 g_loss=0.9361 d_loss=0.0000 reward=0.5474 reward_var=0.0008 unique=1.0000
ADV epoch=100/200 g_loss=0.9101 d_loss=0.0000 reward=0.5460 reward_var=0.0006 unique=1.0000
ADV epoch=101/200 g_loss=0.9182 d_loss=0.0000 reward=0.5429 reward_var=0.0006 unique=1.0000
ADV epoch=102/200 g_loss=0.8809 d_loss=0.0000 reward=0.5418 reward_var=0.0007 unique=1.0000
ADV epoch=103/200 g_loss=0.9777 d_loss=0.0000 reward=0.5494 reward_var=0.0006 unique=1.0000
ADV epoch=104/200 g_loss=0.9503 d_loss=0.0000 reward=0.5421 reward_var=0.0007 unique=1.0000
ADV epoch=105/200 g_loss=0.9650 d_loss=0.0000 reward=0.5466 reward_var=0.0006 unique=1.0000
ADV epoch=106/200 g_loss=0.9744 d_loss=0.0000 reward=0.5455 reward_var=0.0008 unique=1.0000
ADV epoch=107/200 g_loss=1.1230 d_loss=0.0000 reward=0.5498 reward_var=0.0007 unique=1.0000
ADV epoch=108/200 g_loss=1.0374 d_loss=0.0000 reward=0.5483 reward_var=0.0005 unique=1.0000
ADV epoch=109/200 g_loss=0.9883 d_loss=0.0000 reward=0.5433 reward_var=0.0007 unique=1.0000
ADV epoch=110/200 g_loss=1.0113 d_loss=0.0000 reward=0.5427 reward_var=0.0007 unique=1.0000
ADV epoch=111/200 g_loss=1.0937 d_loss=0.0000 reward=0.5459 reward_var=0.0007 unique=1.0000
ADV epoch=112/200 g_loss=1.0503 d_loss=0.0000 reward=0.5437 reward_var=0.0006 unique=1.0000
ADV epoch=113/200 g_loss=1.0159 d_loss=0.0000 reward=0.5454 reward_var=0.0009 unique=1.0000
ADV epoch=114/200 g_loss=0.9573 d_loss=0.0000 reward=0.5449 reward_var=0.0007 unique=1.0000
ADV epoch=115/200 g_loss=0.9503 d_loss=0.0000 reward=0.5432 reward_var=0.0006 unique=1.0000
ADV epoch=116/200 g_loss=1.1059 d_loss=0.0000 reward=0.5459 reward_var=0.0006 unique=1.0000
ADV epoch=117/200 g_loss=0.9685 d_loss=0.0000 reward=0.5396 reward_var=0.0007 unique=1.0000
ADV epoch=118/200 g_loss=0.9743 d_loss=0.0000 reward=0.5395 reward_var=0.0008 unique=1.0000
ADV epoch=119/200 g_loss=0.9921 d_loss=0.0000 reward=0.5424 reward_var=0.0007 unique=1.0000
ADV epoch=120/200 g_loss=0.9390 d_loss=0.0000 reward=0.5428 reward_var=0.0005 unique=1.0000
ADV epoch=121/200 g_loss=0.9744 d_loss=0.0000 reward=0.5403 reward_var=0.0006 unique=1.0000
ADV epoch=122/200 g_loss=1.0388 d_loss=0.0000 reward=0.5447 reward_var=0.0007 unique=1.0000
ADV epoch=123/200 g_loss=1.0205 d_loss=0.0000 reward=0.5402 reward_var=0.0007 unique=1.0000
ADV epoch=124/200 g_loss=1.0370 d_loss=0.0000 reward=0.5404 reward_var=0.0006 unique=1.0000
ADV epoch=125/200 g_loss=0.9869 d_loss=0.0000 reward=0.5428 reward_var=0.0007 unique=1.0000
ADV epoch=126/200 g_loss=0.9926 d_loss=0.0000 reward=0.5398 reward_var=0.0009 unique=1.0000
ADV epoch=127/200 g_loss=0.9830 d_loss=0.0000 reward=0.5345 reward_var=0.0008 unique=1.0000
ADV epoch=128/200 g_loss=1.0241 d_loss=0.0000 reward=0.5422 reward_var=0.0007 unique=1.0000
ADV epoch=129/200 g_loss=0.9399 d_loss=0.0000 reward=0.5323 reward_var=0.0007 unique=1.0000
ADV epoch=130/200 g_loss=0.9577 d_loss=0.0000 reward=0.5370 reward_var=0.0006 unique=1.0000
ADV epoch=131/200 g_loss=1.0625 d_loss=0.0000 reward=0.5399 reward_var=0.0007 unique=1.0000
ADV epoch=132/200 g_loss=1.1437 d_loss=0.0000 reward=0.5446 reward_var=0.0006 unique=1.0000
ADV epoch=133/200 g_loss=1.0277 d_loss=0.0000 reward=0.5325 reward_var=0.0008 unique=0.9800
ADV epoch=134/200 g_loss=1.0350 d_loss=0.0000 reward=0.5367 reward_var=0.0005 unique=1.0000
ADV epoch=135/200 g_loss=1.0499 d_loss=0.0000 reward=0.5330 reward_var=0.0007 unique=1.0000
ADV epoch=136/200 g_loss=1.0950 d_loss=0.0000 reward=0.5408 reward_var=0.0006 unique=1.0000
ADV epoch=137/200 g_loss=1.1381 d_loss=0.0000 reward=0.5316 reward_var=0.0009 unique=1.0000
ADV epoch=138/200 g_loss=0.9497 d_loss=0.0000 reward=0.5319 reward_var=0.0007 unique=1.0000
ADV epoch=139/200 g_loss=1.1254 d_loss=0.0000 reward=0.5341 reward_var=0.0010 unique=1.0000
ADV epoch=140/200 g_loss=1.0700 d_loss=0.0000 reward=0.5349 reward_var=0.0008 unique=1.0000
ADV epoch=141/200 g_loss=1.1371 d_loss=0.0000 reward=0.5371 reward_var=0.0010 unique=1.0000
ADV epoch=142/200 g_loss=1.0548 d_loss=0.0000 reward=0.5342 reward_var=0.0006 unique=0.9800
ADV epoch=143/200 g_loss=1.1594 d_loss=0.0000 reward=0.5354 reward_var=0.0008 unique=1.0000
ADV epoch=144/200 g_loss=1.1659 d_loss=0.0000 reward=0.5423 reward_var=0.0008 unique=0.9800
ADV epoch=145/200 g_loss=1.1983 d_loss=0.0000 reward=0.5425 reward_var=0.0005 unique=1.0000
ADV epoch=146/200 g_loss=1.2764 d_loss=0.0000 reward=0.5437 reward_var=0.0008 unique=1.0000
ADV epoch=147/200 g_loss=1.0821 d_loss=0.0000 reward=0.5423 reward_var=0.0009 unique=1.0000
ADV epoch=148/200 g_loss=1.3075 d_loss=0.0000 reward=0.5423 reward_var=0.0008 unique=1.0000
ADV epoch=149/200 g_loss=1.2010 d_loss=0.0000 reward=0.5435 reward_var=0.0007 unique=1.0000
ADV epoch=150/200 g_loss=1.2141 d_loss=0.0000 reward=0.5381 reward_var=0.0010 unique=1.0000
ADV epoch=151/200 g_loss=1.3320 d_loss=0.0000 reward=0.5460 reward_var=0.0006 unique=1.0000
ADV epoch=152/200 g_loss=1.2503 d_loss=0.0000 reward=0.5430 reward_var=0.0009 unique=1.0000
ADV epoch=153/200 g_loss=1.3035 d_loss=0.0000 reward=0.5435 reward_var=0.0007 unique=1.0000
ADV epoch=154/200 g_loss=1.3481 d_loss=0.0000 reward=0.5468 reward_var=0.0007 unique=1.0000
ADV epoch=155/200 g_loss=1.2558 d_loss=0.0000 reward=0.5439 reward_var=0.0008 unique=0.9800
ADV epoch=156/200 g_loss=1.4309 d_loss=0.0000 reward=0.5472 reward_var=0.0008 unique=1.0000
ADV epoch=157/200 g_loss=1.2965 d_loss=0.0000 reward=0.5467 reward_var=0.0008 unique=1.0000
ADV epoch=158/200 g_loss=1.4086 d_loss=0.0000 reward=0.5544 reward_var=0.0010 unique=1.0000
ADV epoch=159/200 g_loss=1.3805 d_loss=0.0000 reward=0.5455 reward_var=0.0007 unique=1.0000
ADV epoch=160/200 g_loss=1.4230 d_loss=0.0000 reward=0.5500 reward_var=0.0006 unique=1.0000
ADV epoch=161/200 g_loss=1.3896 d_loss=0.0000 reward=0.5464 reward_var=0.0008 unique=1.0000
ADV epoch=162/200 g_loss=1.4542 d_loss=0.0000 reward=0.5496 reward_var=0.0009 unique=1.0000
ADV epoch=163/200 g_loss=1.4074 d_loss=0.0000 reward=0.5485 reward_var=0.0007 unique=1.0000
ADV epoch=164/200 g_loss=1.4555 d_loss=0.0000 reward=0.5524 reward_var=0.0006 unique=1.0000
ADV epoch=165/200 g_loss=1.3786 d_loss=0.0000 reward=0.5520 reward_var=0.0008 unique=1.0000
ADV epoch=166/200 g_loss=1.4526 d_loss=0.0000 reward=0.5524 reward_var=0.0009 unique=1.0000
ADV epoch=167/200 g_loss=1.4207 d_loss=0.0000 reward=0.5533 reward_var=0.0009 unique=1.0000
ADV epoch=168/200 g_loss=1.4919 d_loss=0.0000 reward=0.5492 reward_var=0.0009 unique=1.0000
ADV epoch=169/200 g_loss=1.4572 d_loss=0.0000 reward=0.5535 reward_var=0.0008 unique=1.0000
ADV epoch=170/200 g_loss=1.3940 d_loss=0.0000 reward=0.5489 reward_var=0.0007 unique=1.0000
ADV epoch=171/200 g_loss=1.4217 d_loss=0.0000 reward=0.5554 reward_var=0.0008 unique=1.0000
ADV epoch=172/200 g_loss=1.3909 d_loss=0.0000 reward=0.5475 reward_var=0.0007 unique=1.0000
ADV epoch=173/200 g_loss=1.3512 d_loss=0.0000 reward=0.5515 reward_var=0.0007 unique=1.0000
ADV epoch=174/200 g_loss=1.3755 d_loss=0.0000 reward=0.5484 reward_var=0.0007 unique=1.0000
ADV epoch=175/200 g_loss=1.5219 d_loss=0.0000 reward=0.5532 reward_var=0.0007 unique=1.0000
ADV epoch=176/200 g_loss=1.3620 d_loss=0.0000 reward=0.5480 reward_var=0.0008 unique=1.0000
ADV epoch=177/200 g_loss=1.3914 d_loss=0.0000 reward=0.5508 reward_var=0.0007 unique=1.0000
ADV epoch=178/200 g_loss=1.4727 d_loss=0.0000 reward=0.5558 reward_var=0.0009 unique=1.0000
ADV epoch=179/200 g_loss=1.3055 d_loss=0.0000 reward=0.5530 reward_var=0.0008 unique=1.0000
ADV epoch=180/200 g_loss=1.3622 d_loss=0.0000 reward=0.5477 reward_var=0.0010 unique=1.0000
ADV epoch=181/200 g_loss=1.3776 d_loss=0.0000 reward=0.5574 reward_var=0.0008 unique=1.0000
ADV epoch=182/200 g_loss=1.4075 d_loss=0.0000 reward=0.5530 reward_var=0.0008 unique=1.0000
ADV epoch=183/200 g_loss=1.3938 d_loss=0.0000 reward=0.5556 reward_var=0.0006 unique=1.0000
ADV epoch=184/200 g_loss=1.3392 d_loss=0.0000 reward=0.5498 reward_var=0.0009 unique=1.0000
ADV epoch=185/200 g_loss=1.3525 d_loss=0.0000 reward=0.5557 reward_var=0.0007 unique=1.0000
ADV epoch=186/200 g_loss=1.2752 d_loss=0.0000 reward=0.5544 reward_var=0.0006 unique=1.0000
ADV epoch=187/200 g_loss=1.3040 d_loss=0.0000 reward=0.5606 reward_var=0.0008 unique=1.0000
ADV epoch=188/200 g_loss=1.3399 d_loss=0.0000 reward=0.5534 reward_var=0.0008 unique=1.0000
ADV epoch=189/200 g_loss=1.3715 d_loss=0.0000 reward=0.5505 reward_var=0.0008 unique=1.0000
ADV epoch=190/200 g_loss=1.3343 d_loss=0.0000 reward=0.5529 reward_var=0.0008 unique=1.0000
ADV epoch=191/200 g_loss=1.2462 d_loss=0.0000 reward=0.5516 reward_var=0.0008 unique=1.0000
ADV epoch=192/200 g_loss=1.3277 d_loss=0.0000 reward=0.5564 reward_var=0.0007 unique=1.0000
ADV epoch=193/200 g_loss=1.3372 d_loss=0.0000 reward=0.5521 reward_var=0.0010 unique=1.0000
ADV epoch=194/200 g_loss=1.2614 d_loss=0.0000 reward=0.5544 reward_var=0.0008 unique=1.0000
ADV epoch=195/200 g_loss=1.2636 d_loss=0.0000 reward=0.5511 reward_var=0.0007 unique=1.0000
ADV epoch=196/200 g_loss=1.2481 d_loss=0.0000 reward=0.5538 reward_var=0.0009 unique=1.0000
ADV epoch=197/200 g_loss=1.1595 d_loss=0.0000 reward=0.5507 reward_var=0.0009 unique=1.0000
ADV epoch=198/200 g_loss=1.3345 d_loss=0.0000 reward=0.5538 reward_var=0.0008 unique=1.0000
ADV epoch=199/200 g_loss=1.2238 d_loss=0.0000 reward=0.5551 reward_var=0.0011 unique=1.0000
ADV epoch=200/200 g_loss=1.2464 d_loss=0.0000 reward=0.5558 reward_var=0.0009 unique=1.0000
saved 2000 raw samples to /content/drive/MyDrive/GAN_for_SQLi - 4/result/final/seqgan_master/error/B/R500/generated_payloads.csv
