{
  "metric_schema_version": "quality-metrics-v3",
  "normalization_version": "nfkc_html_percent1_casefold_ws_quotes_v1",
  "seed": 88,
  "method": "seqgan_master",
  "family": "error",
  "scenario": "D",
  "ratio": "50",
  "generation_kind": "direct",
  "schema_valid": true,
  "stop_reason": "n/a",
  "n_generated": 500,
  "unique_rate": 0.212,
  "normalized_unique_rate": 0.174,
  "duplicate_rate": 0.788,
  "model_collapse_rate": 0.788,
  "dominant_payload_share": 0.31,
  "normalized_dominant_payload_share": 0.31,
  "sql_parse_rate": 1.0,
  "sql_structure_rate": 0.014,
  "family_motif_coverage": 0.0,
  "family_motif_hit_rate": 0.0,
  "garbage_rate": 0.986,
  "wellformed_rate": 1.0,
  "shaped_rate": 0.014,
  "family_motif_coverage_by_family": {
    "error": 0.0
  },
  "family_motif_hit_rate_by_family": {
    "error": 0.0
  },
  "inferred_family_distribution": {
    "boolean": 0.0,
    "union": 0.0,
    "time": 0.0,
    "error": 0.0,
    "other": 1.0
  },
  "train_reference_count": 312,
  "holdout_reference_count": 259,
  "exact_input_overlap": 0.0,
  "normalized_input_overlap": 0.0,
  "holdout_overlap": 0.0,
  "normalized_holdout_overlap": 0.0,
  "nearest_input_similarity_mean": 0.015603583070515396,
  "nearest_input_similarity_median": 0.012345679012345678,
  "nearest_input_similarity_p90": 0.03296703296703297,
  "nearest_char3_jaccard_mean": 0.015603583070515396,
  "nearest_char3_jaccard_median": 0.012345679012345678,
  "nearest_char3_jaccard_p90": 0.03296703296703297,
  "nearest_token_jaccard_mean": 0.1507259920678877,
  "nearest_token_jaccard_median": 0.2,
  "nearest_token_jaccard_p90": 0.2,
  "nearest_edit_similarity_mean": 0.02392354381465712,
  "nearest_edit_similarity_median": 0.02687387626374277,
  "nearest_edit_similarity_p90": 0.0385216346153846,
  "nearest_feature_cosine_mean": 0.3312655416460976,
  "nearest_feature_cosine_median": 0.4040534572524567,
  "nearest_feature_cosine_p90": 0.5686546318219889,
  "nearest_input_distance_mean": 0.9843964169294847,
  "nearest_input_distance_median": 0.9876543209876543,
  "nearest_input_distance_p90": 1.0,
  "mean_nearest_similarity": 0.015603583070515396,
  "median_nearest_similarity": 0.012345679012345678,
  "p90_nearest_similarity": 0.03296703296703297,
  "unique_nearest_payload_rate": 0.076,
  "dominant_retrieved_payload_share": 0.314,
  "nearest_reference_count": 312,
  "distinct_1": 0.07829534192269574,
  "distinct_2": 0.2730844793713163,
  "distinct_3": 0.6686746987951807,
  "lexical_diversity": 0.07829534192269574,
  "character_diversity": 0.6358808493439652,
  "token_diversity": 0.4086573444942919,
  "keyword_diversity": 0.8527924884900404,
  "operator_diversity": 0.6953405503489754,
  "function_diversity": 0.0,
  "comment_style_diversity": 0.0,
  "length_zone_diversity": 0.2,
  "self_bleu": 0.4374514954882934,
  "self_bleu_char": 0.4374514954882934,
  "requested_count": 500,
  "generated_count_fraction": 1.0
}
