{
  "metric_schema_version": "quality-metrics-v3",
  "normalization_version": "nfkc_html_percent1_casefold_ws_quotes_v1",
  "seed": 88,
  "method": "seqgan_improved",
  "family": "error",
  "scenario": "B",
  "ratio": "200",
  "generation_kind": "direct",
  "schema_valid": true,
  "stop_reason": "n/a",
  "n_generated": 500,
  "unique_rate": 0.996,
  "normalized_unique_rate": 0.996,
  "duplicate_rate": 0.0040000000000000036,
  "model_collapse_rate": 0.0040000000000000036,
  "dominant_payload_share": 0.006,
  "normalized_dominant_payload_share": 0.006,
  "sql_parse_rate": 1.0,
  "sql_structure_rate": 0.762,
  "family_motif_coverage": 0.25,
  "family_motif_hit_rate": 0.346,
  "garbage_rate": 0.238,
  "wellformed_rate": 1.0,
  "shaped_rate": 0.762,
  "family_motif_coverage_by_family": {
    "error": 0.25
  },
  "family_motif_hit_rate_by_family": {
    "error": 0.346
  },
  "inferred_family_distribution": {
    "boolean": 0.058,
    "union": 0.0,
    "time": 0.0,
    "error": 0.346,
    "other": 0.596
  },
  "train_reference_count": 78,
  "holdout_reference_count": 259,
  "exact_input_overlap": 0.0,
  "normalized_input_overlap": 0.0,
  "holdout_overlap": 0.0,
  "normalized_holdout_overlap": 0.0,
  "nearest_input_similarity_mean": 0.2701612792509832,
  "nearest_input_similarity_median": 0.25806451612903225,
  "nearest_input_similarity_p90": 0.4044943820224719,
  "nearest_char3_jaccard_mean": 0.2701612792509832,
  "nearest_char3_jaccard_median": 0.25806451612903225,
  "nearest_char3_jaccard_p90": 0.4044943820224719,
  "nearest_token_jaccard_mean": 0.34378391390186513,
  "nearest_token_jaccard_median": 0.35294117647058826,
  "nearest_token_jaccard_p90": 0.5,
  "nearest_edit_similarity_mean": 0.2757687007759289,
  "nearest_edit_similarity_median": 0.2777777777777778,
  "nearest_edit_similarity_p90": 0.36936936936936937,
  "nearest_feature_cosine_mean": 0.8792483190911191,
  "nearest_feature_cosine_median": 0.9069437363594074,
  "nearest_feature_cosine_p90": 0.9361654767221754,
  "nearest_input_distance_mean": 0.7298387207490167,
  "nearest_input_distance_median": 0.7419354838709677,
  "nearest_input_distance_p90": 0.8461538461538461,
  "mean_nearest_similarity": 0.2701612792509832,
  "median_nearest_similarity": 0.25806451612903225,
  "p90_nearest_similarity": 0.4044943820224719,
  "unique_nearest_payload_rate": 0.104,
  "dominant_retrieved_payload_share": 0.15,
  "nearest_reference_count": 78,
  "distinct_1": 0.03871439006574142,
  "distinct_2": 0.15655144694533762,
  "distinct_3": 0.3436103663985702,
  "lexical_diversity": 0.03871439006574142,
  "character_diversity": 0.8462843232553879,
  "token_diversity": 0.5809644189471075,
  "keyword_diversity": 0.7692000219260542,
  "operator_diversity": 0.0,
  "function_diversity": 0.5424302838989847,
  "comment_style_diversity": 0.3333333333333333,
  "length_zone_diversity": 0.6,
  "self_bleu": 0.9767411524909381,
  "self_bleu_char": 0.9767411524909381,
  "requested_count": 500,
  "generated_count_fraction": 1.0
}
