
[1/3] pretrain G
G epoch=1/120 loss=1.8853
G epoch=2/120 loss=1.0928
G epoch=3/120 loss=0.9268
G epoch=4/120 loss=0.8502
G epoch=5/120 loss=0.8050
G epoch=6/120 loss=0.7773
G epoch=7/120 loss=0.7767
G epoch=8/120 loss=0.7402
G epoch=9/120 loss=0.7265
G epoch=10/120 loss=0.7215
G epoch=11/120 loss=0.7122
G epoch=12/120 loss=0.7056
G epoch=13/120 loss=0.6996
G epoch=14/120 loss=0.6938
G epoch=15/120 loss=0.6889
G epoch=16/120 loss=0.6871
G epoch=17/120 loss=0.6833
G epoch=18/120 loss=0.6828
G epoch=19/120 loss=0.6764
G epoch=20/120 loss=0.6770
G epoch=21/120 loss=0.6756
G epoch=22/120 loss=0.6705
G epoch=23/120 loss=0.6662
G epoch=24/120 loss=0.6644
G epoch=25/120 loss=0.6629
G epoch=26/120 loss=0.6630
G epoch=27/120 loss=0.6638
G epoch=28/120 loss=0.6600
G epoch=29/120 loss=0.6594
G epoch=30/120 loss=0.6629
G epoch=31/120 loss=0.6553
G epoch=32/120 loss=0.6523
G epoch=33/120 loss=0.6567
G epoch=34/120 loss=0.6814
G epoch=35/120 loss=0.6669
G epoch=36/120 loss=0.6508
G epoch=37/120 loss=0.6499
G epoch=38/120 loss=0.6478
G epoch=39/120 loss=0.6461
G epoch=40/120 loss=0.6473
G epoch=41/120 loss=0.6440
G epoch=42/120 loss=0.6539
G epoch=43/120 loss=0.6506
G epoch=44/120 loss=0.6480
G epoch=45/120 loss=0.6422
G epoch=46/120 loss=0.6407
G epoch=47/120 loss=0.6470
G epoch=48/120 loss=0.6422
G epoch=49/120 loss=0.6513
G epoch=50/120 loss=0.6446
G epoch=51/120 loss=0.6411
G epoch=52/120 loss=0.6400
G epoch=53/120 loss=0.6461
G epoch=54/120 loss=0.6413
G epoch=55/120 loss=0.6401
G epoch=56/120 loss=0.6462
G epoch=57/120 loss=0.6523
G epoch=58/120 loss=0.6392
G epoch=59/120 loss=0.6362
G epoch=60/120 loss=0.6380
G epoch=61/120 loss=0.6383
G epoch=62/120 loss=0.6351
G epoch=63/120 loss=0.6380
G epoch=64/120 loss=0.6404
G epoch=65/120 loss=0.6384
G epoch=66/120 loss=0.6417
G epoch=67/120 loss=0.6370
G epoch=68/120 loss=0.6386
G epoch=69/120 loss=0.6418
G epoch=70/120 loss=0.6413
G epoch=71/120 loss=0.6355
G epoch=72/120 loss=0.6729
G epoch=73/120 loss=0.6440
G epoch=74/120 loss=0.6400
G epoch=75/120 loss=0.6421
G epoch=76/120 loss=0.6353
G epoch=77/120 loss=0.6354
G epoch=78/120 loss=0.6355
G epoch=79/120 loss=0.6346
G epoch=80/120 loss=0.6383
G epoch=81/120 loss=0.6388
G epoch=82/120 loss=0.6367
G epoch=83/120 loss=0.6309
G epoch=84/120 loss=0.6349
G epoch=85/120 loss=0.6334
G epoch=86/120 loss=0.6329
G epoch=87/120 loss=0.6340
G epoch=88/120 loss=0.6293
G epoch=89/120 loss=0.6329
G epoch=90/120 loss=0.6334
G epoch=91/120 loss=0.6337
G epoch=92/120 loss=0.6411
G epoch=93/120 loss=0.6600
G epoch=94/120 loss=0.6392
G epoch=95/120 loss=0.6550
G epoch=96/120 loss=0.6501
G epoch=97/120 loss=0.6412
G epoch=98/120 loss=0.6529
G epoch=99/120 loss=0.6415
G epoch=100/120 loss=0.6377
G epoch=101/120 loss=0.6350
G epoch=102/120 loss=0.6326
G epoch=103/120 loss=0.6339
G epoch=104/120 loss=0.6350
G epoch=105/120 loss=0.6350
G epoch=106/120 loss=0.6344
G epoch=107/120 loss=0.6323
G epoch=108/120 loss=0.6269
G epoch=109/120 loss=0.6304
G epoch=110/120 loss=0.6339
G epoch=111/120 loss=0.6286
G epoch=112/120 loss=0.6667
G epoch=113/120 loss=0.6519
G epoch=114/120 loss=0.6386
G epoch=115/120 loss=0.6346
G epoch=116/120 loss=0.6461
G epoch=117/120 loss=0.6623
G epoch=118/120 loss=0.6420
G epoch=119/120 loss=0.6362
G epoch=120/120 loss=0.6399

[2/3] pretrain D
D step=1/50 epoch=1/3 loss=0.7528 l2=0.2000 label_smoothing=0.000
D step=1/50 epoch=2/3 loss=0.7046 l2=0.2000 label_smoothing=0.000
D step=1/50 epoch=3/3 loss=0.6797 l2=0.2000 label_smoothing=0.000
D step=2/50 epoch=1/3 loss=0.6726 l2=0.2000 label_smoothing=0.000
D step=2/50 epoch=2/3 loss=0.6502 l2=0.2000 label_smoothing=0.000
D step=2/50 epoch=3/3 loss=0.6316 l2=0.2000 label_smoothing=0.000
D step=3/50 epoch=1/3 loss=0.6328 l2=0.2000 label_smoothing=0.000
D step=3/50 epoch=2/3 loss=0.6088 l2=0.2000 label_smoothing=0.000
D step=3/50 epoch=3/3 loss=0.5871 l2=0.2000 label_smoothing=0.000
D step=4/50 epoch=1/3 loss=0.5929 l2=0.2000 label_smoothing=0.000
D step=4/50 epoch=2/3 loss=0.5662 l2=0.2000 label_smoothing=0.000
D step=4/50 epoch=3/3 loss=0.5422 l2=0.2000 label_smoothing=0.000
D step=5/50 epoch=1/3 loss=0.5604 l2=0.2000 label_smoothing=0.000
D step=5/50 epoch=2/3 loss=0.5312 l2=0.2000 label_smoothing=0.000
D step=5/50 epoch=3/3 loss=0.5082 l2=0.2000 label_smoothing=0.000
D step=6/50 epoch=1/3 loss=0.5329 l2=0.2000 label_smoothing=0.000
D step=6/50 epoch=2/3 loss=0.5045 l2=0.2000 label_smoothing=0.000
D step=6/50 epoch=3/3 loss=0.4826 l2=0.2000 label_smoothing=0.000
D step=7/50 epoch=1/3 loss=0.5086 l2=0.2000 label_smoothing=0.000
D step=7/50 epoch=2/3 loss=0.4748 l2=0.2000 label_smoothing=0.000
D step=7/50 epoch=3/3 loss=0.4526 l2=0.2000 label_smoothing=0.000
D step=8/50 epoch=1/3 loss=0.4956 l2=0.2000 label_smoothing=0.000
D step=8/50 epoch=2/3 loss=0.4621 l2=0.2000 label_smoothing=0.000
D step=8/50 epoch=3/3 loss=0.4430 l2=0.2000 label_smoothing=0.000
D step=9/50 epoch=1/3 loss=0.4733 l2=0.2000 label_smoothing=0.000
D step=9/50 epoch=2/3 loss=0.4363 l2=0.2000 label_smoothing=0.000
D step=9/50 epoch=3/3 loss=0.4162 l2=0.2000 label_smoothing=0.000
D step=10/50 epoch=1/3 loss=0.4581 l2=0.2000 label_smoothing=0.000
D step=10/50 epoch=2/3 loss=0.4236 l2=0.2000 label_smoothing=0.000
D step=10/50 epoch=3/3 loss=0.4016 l2=0.2000 label_smoothing=0.000
D step=11/50 epoch=1/3 loss=0.4548 l2=0.2000 label_smoothing=0.000
D step=11/50 epoch=2/3 loss=0.4171 l2=0.2000 label_smoothing=0.000
D step=11/50 epoch=3/3 loss=0.3965 l2=0.2000 label_smoothing=0.000
D step=12/50 epoch=1/3 loss=0.4382 l2=0.2000 label_smoothing=0.000
D step=12/50 epoch=2/3 loss=0.3993 l2=0.2000 label_smoothing=0.000
D step=12/50 epoch=3/3 loss=0.3797 l2=0.2000 label_smoothing=0.000
D step=13/50 epoch=1/3 loss=0.4208 l2=0.2000 label_smoothing=0.000
D step=13/50 epoch=2/3 loss=0.3828 l2=0.2000 label_smoothing=0.000
D step=13/50 epoch=3/3 loss=0.3622 l2=0.2000 label_smoothing=0.000
D step=14/50 epoch=1/3 loss=0.4255 l2=0.2000 label_smoothing=0.000
D step=14/50 epoch=2/3 loss=0.3883 l2=0.2000 label_smoothing=0.000
D step=14/50 epoch=3/3 loss=0.3723 l2=0.2000 label_smoothing=0.000
D step=15/50 epoch=1/3 loss=0.4070 l2=0.2000 label_smoothing=0.000
D step=15/50 epoch=2/3 loss=0.3680 l2=0.2000 label_smoothing=0.000
D step=15/50 epoch=3/3 loss=0.3551 l2=0.2000 label_smoothing=0.000
D step=16/50 epoch=1/3 loss=0.4033 l2=0.2000 label_smoothing=0.000
D step=16/50 epoch=2/3 loss=0.3644 l2=0.2000 label_smoothing=0.000
D step=16/50 epoch=3/3 loss=0.3514 l2=0.2000 label_smoothing=0.000
D step=17/50 epoch=1/3 loss=0.3924 l2=0.2000 label_smoothing=0.000
D step=17/50 epoch=2/3 loss=0.3550 l2=0.2000 label_smoothing=0.000
D step=17/50 epoch=3/3 loss=0.3418 l2=0.2000 label_smoothing=0.000
D step=18/50 epoch=1/3 loss=0.3925 l2=0.2000 label_smoothing=0.000
D step=18/50 epoch=2/3 loss=0.3592 l2=0.2000 label_smoothing=0.000
D step=18/50 epoch=3/3 loss=0.3447 l2=0.2000 label_smoothing=0.000
D step=19/50 epoch=1/3 loss=0.3924 l2=0.2000 label_smoothing=0.000
D step=19/50 epoch=2/3 loss=0.3634 l2=0.2000 label_smoothing=0.000
D step=19/50 epoch=3/3 loss=0.3443 l2=0.2000 label_smoothing=0.000
D step=20/50 epoch=1/3 loss=0.3811 l2=0.2000 label_smoothing=0.000
D step=20/50 epoch=2/3 loss=0.3401 l2=0.2000 label_smoothing=0.000
D step=20/50 epoch=3/3 loss=0.3294 l2=0.2000 label_smoothing=0.000
D step=21/50 epoch=1/3 loss=0.3762 l2=0.2000 label_smoothing=0.000
D step=21/50 epoch=2/3 loss=0.3415 l2=0.2000 label_smoothing=0.000
D step=21/50 epoch=3/3 loss=0.3274 l2=0.2000 label_smoothing=0.000
D step=22/50 epoch=1/3 loss=0.3714 l2=0.2000 label_smoothing=0.000
D step=22/50 epoch=2/3 loss=0.3363 l2=0.2000 label_smoothing=0.000
D step=22/50 epoch=3/3 loss=0.3247 l2=0.2000 label_smoothing=0.000
D step=23/50 epoch=1/3 loss=0.3762 l2=0.2000 label_smoothing=0.000
D step=23/50 epoch=2/3 loss=0.3345 l2=0.2000 label_smoothing=0.000
D step=23/50 epoch=3/3 loss=0.3269 l2=0.2000 label_smoothing=0.000
D step=24/50 epoch=1/3 loss=0.3621 l2=0.2000 label_smoothing=0.000
D step=24/50 epoch=2/3 loss=0.3275 l2=0.2000 label_smoothing=0.000
D step=24/50 epoch=3/3 loss=0.3113 l2=0.2000 label_smoothing=0.000
D step=25/50 epoch=1/3 loss=0.3635 l2=0.2000 label_smoothing=0.000
D step=25/50 epoch=2/3 loss=0.3314 l2=0.2000 label_smoothing=0.000
D step=25/50 epoch=3/3 loss=0.3232 l2=0.2000 label_smoothing=0.000
D step=26/50 epoch=1/3 loss=0.3547 l2=0.2000 label_smoothing=0.000
D step=26/50 epoch=2/3 loss=0.3204 l2=0.2000 label_smoothing=0.000
D step=26/50 epoch=3/3 loss=0.3137 l2=0.2000 label_smoothing=0.000
D step=27/50 epoch=1/3 loss=0.3533 l2=0.2000 label_smoothing=0.000
D step=27/50 epoch=2/3 loss=0.3225 l2=0.2000 label_smoothing=0.000
D step=27/50 epoch=3/3 loss=0.3049 l2=0.2000 label_smoothing=0.000
D step=28/50 epoch=1/3 loss=0.3444 l2=0.2000 label_smoothing=0.000
D step=28/50 epoch=2/3 loss=0.3121 l2=0.2000 label_smoothing=0.000
D step=28/50 epoch=3/3 loss=0.3027 l2=0.2000 label_smoothing=0.000
D step=29/50 epoch=1/3 loss=0.3519 l2=0.2000 label_smoothing=0.000
D step=29/50 epoch=2/3 loss=0.3158 l2=0.2000 label_smoothing=0.000
D step=29/50 epoch=3/3 loss=0.3060 l2=0.2000 label_smoothing=0.000
D step=30/50 epoch=1/3 loss=0.3551 l2=0.2000 label_smoothing=0.000
D step=30/50 epoch=2/3 loss=0.3235 l2=0.2000 label_smoothing=0.000
D step=30/50 epoch=3/3 loss=0.3143 l2=0.2000 label_smoothing=0.000
D step=31/50 epoch=1/3 loss=0.3471 l2=0.2000 label_smoothing=0.000
D step=31/50 epoch=2/3 loss=0.3118 l2=0.2000 label_smoothing=0.000
D step=31/50 epoch=3/3 loss=0.2999 l2=0.2000 label_smoothing=0.000
D step=32/50 epoch=1/3 loss=0.3434 l2=0.2000 label_smoothing=0.000
D step=32/50 epoch=2/3 loss=0.3084 l2=0.2000 label_smoothing=0.000
D step=32/50 epoch=3/3 loss=0.2970 l2=0.2000 label_smoothing=0.000
D step=33/50 epoch=1/3 loss=0.3425 l2=0.2000 label_smoothing=0.000
D step=33/50 epoch=2/3 loss=0.3135 l2=0.2000 label_smoothing=0.000
D step=33/50 epoch=3/3 loss=0.3049 l2=0.2000 label_smoothing=0.000
D step=34/50 epoch=1/3 loss=0.3421 l2=0.2000 label_smoothing=0.000
D step=34/50 epoch=2/3 loss=0.3101 l2=0.2000 label_smoothing=0.000
D step=34/50 epoch=3/3 loss=0.3027 l2=0.2000 label_smoothing=0.000
D step=35/50 epoch=1/3 loss=0.3347 l2=0.2000 label_smoothing=0.000
D step=35/50 epoch=2/3 loss=0.3002 l2=0.2000 label_smoothing=0.000
D step=35/50 epoch=3/3 loss=0.2911 l2=0.2000 label_smoothing=0.000
D step=36/50 epoch=1/3 loss=0.3419 l2=0.2000 label_smoothing=0.000
D step=36/50 epoch=2/3 loss=0.3070 l2=0.2000 label_smoothing=0.000
D step=36/50 epoch=3/3 loss=0.2968 l2=0.2000 label_smoothing=0.000
D step=37/50 epoch=1/3 loss=0.3345 l2=0.2000 label_smoothing=0.000
D step=37/50 epoch=2/3 loss=0.3032 l2=0.2000 label_smoothing=0.000
D step=37/50 epoch=3/3 loss=0.2955 l2=0.2000 label_smoothing=0.000
D step=38/50 epoch=1/3 loss=0.3386 l2=0.2000 label_smoothing=0.000
D step=38/50 epoch=2/3 loss=0.3080 l2=0.2000 label_smoothing=0.000
D step=38/50 epoch=3/3 loss=0.3029 l2=0.2000 label_smoothing=0.000
D step=39/50 epoch=1/3 loss=0.3362 l2=0.2000 label_smoothing=0.000
D step=39/50 epoch=2/3 loss=0.3054 l2=0.2000 label_smoothing=0.000
D step=39/50 epoch=3/3 loss=0.2954 l2=0.2000 label_smoothing=0.000
D step=40/50 epoch=1/3 loss=0.3242 l2=0.2000 label_smoothing=0.000
D step=40/50 epoch=2/3 loss=0.2986 l2=0.2000 label_smoothing=0.000
D step=40/50 epoch=3/3 loss=0.2979 l2=0.2000 label_smoothing=0.000
D step=41/50 epoch=1/3 loss=0.3297 l2=0.2000 label_smoothing=0.000
D step=41/50 epoch=2/3 loss=0.3022 l2=0.2000 label_smoothing=0.000
D step=41/50 epoch=3/3 loss=0.2882 l2=0.2000 label_smoothing=0.000
D step=42/50 epoch=1/3 loss=0.3313 l2=0.2000 label_smoothing=0.000
D step=42/50 epoch=2/3 loss=0.3007 l2=0.2000 label_smoothing=0.000
D step=42/50 epoch=3/3 loss=0.2917 l2=0.2000 label_smoothing=0.000
D step=43/50 epoch=1/3 loss=0.3385 l2=0.2000 label_smoothing=0.000
D step=43/50 epoch=2/3 loss=0.3058 l2=0.2000 label_smoothing=0.000
D step=43/50 epoch=3/3 loss=0.2957 l2=0.2000 label_smoothing=0.000
D step=44/50 epoch=1/3 loss=0.3247 l2=0.2000 label_smoothing=0.000
D step=44/50 epoch=2/3 loss=0.2936 l2=0.2000 label_smoothing=0.000
D step=44/50 epoch=3/3 loss=0.2865 l2=0.2000 label_smoothing=0.000
D step=45/50 epoch=1/3 loss=0.3243 l2=0.2000 label_smoothing=0.000
D step=45/50 epoch=2/3 loss=0.2916 l2=0.2000 label_smoothing=0.000
D step=45/50 epoch=3/3 loss=0.2870 l2=0.2000 label_smoothing=0.000
D step=46/50 epoch=1/3 loss=0.3332 l2=0.2000 label_smoothing=0.000
D step=46/50 epoch=2/3 loss=0.3013 l2=0.2000 label_smoothing=0.000
D step=46/50 epoch=3/3 loss=0.2895 l2=0.2000 label_smoothing=0.000
D step=47/50 epoch=1/3 loss=0.3182 l2=0.2000 label_smoothing=0.000
D step=47/50 epoch=2/3 loss=0.2895 l2=0.2000 label_smoothing=0.000
D step=47/50 epoch=3/3 loss=0.2792 l2=0.2000 label_smoothing=0.000
D step=48/50 epoch=1/3 loss=0.3242 l2=0.2000 label_smoothing=0.000
D step=48/50 epoch=2/3 loss=0.2891 l2=0.2000 label_smoothing=0.000
D step=48/50 epoch=3/3 loss=0.2858 l2=0.2000 label_smoothing=0.000
D step=49/50 epoch=1/3 loss=0.3257 l2=0.2000 label_smoothing=0.000
D step=49/50 epoch=2/3 loss=0.2938 l2=0.2000 label_smoothing=0.000
D step=49/50 epoch=3/3 loss=0.2850 l2=0.2000 label_smoothing=0.000
D step=50/50 epoch=1/3 loss=0.3240 l2=0.2000 label_smoothing=0.000
D step=50/50 epoch=2/3 loss=0.2955 l2=0.2000 label_smoothing=0.000
D step=50/50 epoch=3/3 loss=0.2859 l2=0.2000 label_smoothing=0.000

[3/3] adversarial
generator_reward_mode=off reward_alpha=1.000 d_steps=5 d_epochs=3
D step=1/5 epoch=1/3 loss=0.3365 l2=0.2000 label_smoothing=0.000
D step=1/5 epoch=2/3 loss=0.3089 l2=0.2000 label_smoothing=0.000
D step=1/5 epoch=3/3 loss=0.3006 l2=0.2000 label_smoothing=0.000
D step=2/5 epoch=1/3 loss=0.3282 l2=0.2000 label_smoothing=0.000
D step=2/5 epoch=2/3 loss=0.3056 l2=0.2000 label_smoothing=0.000
D step=2/5 epoch=3/3 loss=0.2984 l2=0.2000 label_smoothing=0.000
D step=3/5 epoch=1/3 loss=0.3310 l2=0.2000 label_smoothing=0.000
D step=3/5 epoch=2/3 loss=0.3034 l2=0.2000 label_smoothing=0.000
D step=3/5 epoch=3/3 loss=0.2972 l2=0.2000 label_smoothing=0.000
D step=4/5 epoch=1/3 loss=0.3361 l2=0.2000 label_smoothing=0.000
D step=4/5 epoch=2/3 loss=0.3092 l2=0.2000 label_smoothing=0.000
D step=4/5 epoch=3/3 loss=0.3023 l2=0.2000 label_smoothing=0.000
D step=5/5 epoch=1/3 loss=0.3257 l2=0.2000 label_smoothing=0.000
D step=5/5 epoch=2/3 loss=0.3059 l2=0.2000 label_smoothing=0.000
D step=5/5 epoch=3/3 loss=0.2967 l2=0.2000 label_smoothing=0.000
ADV epoch=1/200 g_loss=0.1009 d_loss=0.3124 reward=0.2336 reward_var=0.0419 unique=0.8200
D step=1/5 epoch=1/3 loss=0.3247 l2=0.2000 label_smoothing=0.000
D step=1/5 epoch=2/3 loss=0.3041 l2=0.2000 label_smoothing=0.000
D step=1/5 epoch=3/3 loss=0.2979 l2=0.2000 label_smoothing=0.000
D step=2/5 epoch=1/3 loss=0.3263 l2=0.2000 label_smoothing=0.000
D step=2/5 epoch=2/3 loss=0.3070 l2=0.2000 label_smoothing=0.000
D step=2/5 epoch=3/3 loss=0.3015 l2=0.2000 label_smoothing=0.000
D step=3/5 epoch=1/3 loss=0.3276 l2=0.2000 label_smoothing=0.000
D step=3/5 epoch=2/3 loss=0.3055 l2=0.2000 label_smoothing=0.000
D step=3/5 epoch=3/3 loss=0.3006 l2=0.2000 label_smoothing=0.000
D step=4/5 epoch=1/3 loss=0.3227 l2=0.2000 label_smoothing=0.000
D step=4/5 epoch=2/3 loss=0.2985 l2=0.2000 label_smoothing=0.000
D step=4/5 epoch=3/3 loss=0.2956 l2=0.2000 label_smoothing=0.000
D step=5/5 epoch=1/3 loss=0.3202 l2=0.2000 label_smoothing=0.000
D step=5/5 epoch=2/3 loss=0.2971 l2=0.2000 label_smoothing=0.000
D step=5/5 epoch=3/3 loss=0.2913 l2=0.2000 label_smoothing=0.000
ADV epoch=2/200 g_loss=0.0747 d_loss=0.3080 reward=0.2387 reward_var=0.0420 unique=0.7800
D step=1/5 epoch=1/3 loss=0.3231 l2=0.2000 label_smoothing=0.000
D step=1/5 epoch=2/3 loss=0.3021 l2=0.2000 label_smoothing=0.000
D step=1/5 epoch=3/3 loss=0.2959 l2=0.2000 label_smoothing=0.000
D step=2/5 epoch=1/3 loss=0.3248 l2=0.2000 label_smoothing=0.000
