
[1/3] pretrain G
G epoch=1/80 loss=4.6244
G epoch=2/80 loss=4.5271
G epoch=3/80 loss=4.4239
G epoch=4/80 loss=4.3029
G epoch=5/80 loss=4.1355
G epoch=6/80 loss=3.9350
G epoch=7/80 loss=3.7027
G epoch=8/80 loss=3.5210
G epoch=9/80 loss=3.4086
G epoch=10/80 loss=3.3304
G epoch=11/80 loss=3.2627
G epoch=12/80 loss=3.1982
G epoch=13/80 loss=3.1364
G epoch=14/80 loss=3.0665
G epoch=15/80 loss=3.0082
G epoch=16/80 loss=2.9521
G epoch=17/80 loss=2.9301
G epoch=18/80 loss=2.8864
G epoch=19/80 loss=2.8090
G epoch=20/80 loss=2.7745
G epoch=21/80 loss=2.7155
G epoch=22/80 loss=2.6916
G epoch=23/80 loss=2.6336
G epoch=24/80 loss=2.6031
G epoch=25/80 loss=2.5758
G epoch=26/80 loss=2.4995
G epoch=27/80 loss=2.4892
G epoch=28/80 loss=2.4617
G epoch=29/80 loss=2.4295
G epoch=30/80 loss=2.3936
G epoch=31/80 loss=2.3276
G epoch=32/80 loss=2.3181
G epoch=33/80 loss=2.2851
G epoch=34/80 loss=2.2334
G epoch=35/80 loss=2.2452
G epoch=36/80 loss=2.2252
G epoch=37/80 loss=2.1867
G epoch=38/80 loss=2.1349
G epoch=39/80 loss=2.1312
G epoch=40/80 loss=2.1152
G epoch=41/80 loss=2.0839
G epoch=42/80 loss=2.0614
G epoch=43/80 loss=2.0464
G epoch=44/80 loss=1.9974
G epoch=45/80 loss=1.9996
G epoch=46/80 loss=1.9755
G epoch=47/80 loss=1.9444
G epoch=48/80 loss=1.9033
G epoch=49/80 loss=1.9084
G epoch=50/80 loss=1.8577
G epoch=51/80 loss=1.8502
G epoch=52/80 loss=1.8486
G epoch=53/80 loss=1.8367
G epoch=54/80 loss=1.8149
G epoch=55/80 loss=1.8001
G epoch=56/80 loss=1.7659
G epoch=57/80 loss=1.7565
G epoch=58/80 loss=1.7150
G epoch=59/80 loss=1.7084
G epoch=60/80 loss=1.7086
G epoch=61/80 loss=1.6774
G epoch=62/80 loss=1.6228
G epoch=63/80 loss=1.6316
G epoch=64/80 loss=1.6177
G epoch=65/80 loss=1.6256
G epoch=66/80 loss=1.6030
G epoch=67/80 loss=1.5910
G epoch=68/80 loss=1.5392
G epoch=69/80 loss=1.5313
G epoch=70/80 loss=1.5149
G epoch=71/80 loss=1.5464
G epoch=72/80 loss=1.5088
G epoch=73/80 loss=1.4398
G epoch=74/80 loss=1.4800
G epoch=75/80 loss=1.4493
G epoch=76/80 loss=1.4617
G epoch=77/80 loss=1.4224
G epoch=78/80 loss=1.4123
G epoch=79/80 loss=1.4251
G epoch=80/80 loss=1.4196

[2/3] pretrain D
D step=1/30 epoch=1/3 loss=0.8113 l2=0.2000 label_smoothing=0.050
D step=1/30 epoch=2/3 loss=0.7226 l2=0.2000 label_smoothing=0.050
D step=1/30 epoch=3/3 loss=0.6913 l2=0.2000 label_smoothing=0.050
D step=2/30 epoch=1/3 loss=0.6756 l2=0.2000 label_smoothing=0.050
D step=2/30 epoch=2/3 loss=0.6423 l2=0.2000 label_smoothing=0.050
D step=2/30 epoch=3/3 loss=0.6068 l2=0.2000 label_smoothing=0.050
D step=3/30 epoch=1/3 loss=0.5660 l2=0.2000 label_smoothing=0.050
D step=3/30 epoch=2/3 loss=0.5620 l2=0.2000 label_smoothing=0.050
D step=3/30 epoch=3/3 loss=0.5205 l2=0.2000 label_smoothing=0.050
D step=4/30 epoch=1/3 loss=0.5116 l2=0.2000 label_smoothing=0.050
D step=4/30 epoch=2/3 loss=0.4902 l2=0.2000 label_smoothing=0.050
D step=4/30 epoch=3/3 loss=0.4601 l2=0.2000 label_smoothing=0.050
D step=5/30 epoch=1/3 loss=0.4433 l2=0.2000 label_smoothing=0.050
D step=5/30 epoch=2/3 loss=0.4009 l2=0.2000 label_smoothing=0.050
D step=5/30 epoch=3/3 loss=0.3983 l2=0.2000 label_smoothing=0.050
D step=6/30 epoch=1/3 loss=0.3728 l2=0.2000 label_smoothing=0.050
D step=6/30 epoch=2/3 loss=0.3780 l2=0.2000 label_smoothing=0.050
D step=6/30 epoch=3/3 loss=0.3447 l2=0.2000 label_smoothing=0.050
D step=7/30 epoch=1/3 loss=0.3431 l2=0.2000 label_smoothing=0.050
D step=7/30 epoch=2/3 loss=0.3309 l2=0.2000 label_smoothing=0.050
D step=7/30 epoch=3/3 loss=0.3105 l2=0.2000 label_smoothing=0.050
D step=8/30 epoch=1/3 loss=0.3135 l2=0.2000 label_smoothing=0.050
D step=8/30 epoch=2/3 loss=0.2759 l2=0.2000 label_smoothing=0.050
D step=8/30 epoch=3/3 loss=0.2957 l2=0.2000 label_smoothing=0.050
D step=9/30 epoch=1/3 loss=0.2708 l2=0.2000 label_smoothing=0.050
D step=9/30 epoch=2/3 loss=0.2608 l2=0.2000 label_smoothing=0.050
D step=9/30 epoch=3/3 loss=0.2622 l2=0.2000 label_smoothing=0.050
D step=10/30 epoch=1/3 loss=0.2781 l2=0.2000 label_smoothing=0.050
D step=10/30 epoch=2/3 loss=0.2900 l2=0.2000 label_smoothing=0.050
D step=10/30 epoch=3/3 loss=0.2655 l2=0.2000 label_smoothing=0.050
D step=11/30 epoch=1/3 loss=0.2223 l2=0.2000 label_smoothing=0.050
D step=11/30 epoch=2/3 loss=0.2175 l2=0.2000 label_smoothing=0.050
D step=11/30 epoch=3/3 loss=0.2105 l2=0.2000 label_smoothing=0.050
D step=12/30 epoch=1/3 loss=0.2395 l2=0.2000 label_smoothing=0.050
D step=12/30 epoch=2/3 loss=0.2251 l2=0.2000 label_smoothing=0.050
D step=12/30 epoch=3/3 loss=0.2308 l2=0.2000 label_smoothing=0.050
D step=13/30 epoch=1/3 loss=0.2254 l2=0.2000 label_smoothing=0.050
D step=13/30 epoch=2/3 loss=0.2305 l2=0.2000 label_smoothing=0.050
D step=13/30 epoch=3/3 loss=0.2227 l2=0.2000 label_smoothing=0.050
D step=14/30 epoch=1/3 loss=0.2309 l2=0.2000 label_smoothing=0.050
D step=14/30 epoch=2/3 loss=0.2298 l2=0.2000 label_smoothing=0.050
D step=14/30 epoch=3/3 loss=0.2282 l2=0.2000 label_smoothing=0.050
D step=15/30 epoch=1/3 loss=0.2053 l2=0.2000 label_smoothing=0.050
D step=15/30 epoch=2/3 loss=0.2016 l2=0.2000 label_smoothing=0.050
D step=15/30 epoch=3/3 loss=0.2006 l2=0.2000 label_smoothing=0.050
D step=16/30 epoch=1/3 loss=0.2018 l2=0.2000 label_smoothing=0.050
D step=16/30 epoch=2/3 loss=0.2031 l2=0.2000 label_smoothing=0.050
D step=16/30 epoch=3/3 loss=0.1973 l2=0.2000 label_smoothing=0.050
D step=17/30 epoch=1/3 loss=0.2145 l2=0.2000 label_smoothing=0.050
D step=17/30 epoch=2/3 loss=0.2079 l2=0.2000 label_smoothing=0.050
D step=17/30 epoch=3/3 loss=0.2052 l2=0.2000 label_smoothing=0.050
D step=18/30 epoch=1/3 loss=0.2035 l2=0.2000 label_smoothing=0.050
D step=18/30 epoch=2/3 loss=0.2005 l2=0.2000 label_smoothing=0.050
D step=18/30 epoch=3/3 loss=0.1976 l2=0.2000 label_smoothing=0.050
D step=19/30 epoch=1/3 loss=0.1913 l2=0.2000 label_smoothing=0.050
D step=19/30 epoch=2/3 loss=0.1946 l2=0.2000 label_smoothing=0.050
D step=19/30 epoch=3/3 loss=0.1919 l2=0.2000 label_smoothing=0.050
D step=20/30 epoch=1/3 loss=0.2001 l2=0.2000 label_smoothing=0.050
D step=20/30 epoch=2/3 loss=0.1988 l2=0.2000 label_smoothing=0.050
D step=20/30 epoch=3/3 loss=0.1988 l2=0.2000 label_smoothing=0.050
D step=21/30 epoch=1/3 loss=0.1954 l2=0.2000 label_smoothing=0.050
D step=21/30 epoch=2/3 loss=0.1913 l2=0.2000 label_smoothing=0.050
D step=21/30 epoch=3/3 loss=0.1960 l2=0.2000 label_smoothing=0.050
D step=22/30 epoch=1/3 loss=0.1872 l2=0.2000 label_smoothing=0.050
D step=22/30 epoch=2/3 loss=0.1881 l2=0.2000 label_smoothing=0.050
D step=22/30 epoch=3/3 loss=0.1863 l2=0.2000 label_smoothing=0.050
D step=23/30 epoch=1/3 loss=0.1865 l2=0.2000 label_smoothing=0.050
D step=23/30 epoch=2/3 loss=0.1852 l2=0.2000 label_smoothing=0.050
D step=23/30 epoch=3/3 loss=0.1849 l2=0.2000 label_smoothing=0.050
D step=24/30 epoch=1/3 loss=0.1907 l2=0.2000 label_smoothing=0.050
D step=24/30 epoch=2/3 loss=0.1934 l2=0.2000 label_smoothing=0.050
D step=24/30 epoch=3/3 loss=0.1897 l2=0.2000 label_smoothing=0.050
D step=25/30 epoch=1/3 loss=0.1873 l2=0.2000 label_smoothing=0.050
D step=25/30 epoch=2/3 loss=0.1870 l2=0.2000 label_smoothing=0.050
D step=25/30 epoch=3/3 loss=0.1869 l2=0.2000 label_smoothing=0.050
D step=26/30 epoch=1/3 loss=0.1878 l2=0.2000 label_smoothing=0.050
D step=26/30 epoch=2/3 loss=0.1903 l2=0.2000 label_smoothing=0.050
D step=26/30 epoch=3/3 loss=0.1858 l2=0.2000 label_smoothing=0.050
D step=27/30 epoch=1/3 loss=0.1836 l2=0.2000 label_smoothing=0.050
D step=27/30 epoch=2/3 loss=0.1824 l2=0.2000 label_smoothing=0.050
D step=27/30 epoch=3/3 loss=0.1865 l2=0.2000 label_smoothing=0.050
D step=28/30 epoch=1/3 loss=0.1864 l2=0.2000 label_smoothing=0.050
D step=28/30 epoch=2/3 loss=0.1862 l2=0.2000 label_smoothing=0.050
D step=28/30 epoch=3/3 loss=0.1842 l2=0.2000 label_smoothing=0.050
D step=29/30 epoch=1/3 loss=0.1826 l2=0.2000 label_smoothing=0.050
D step=29/30 epoch=2/3 loss=0.1843 l2=0.2000 label_smoothing=0.050
D step=29/30 epoch=3/3 loss=0.1835 l2=0.2000 label_smoothing=0.050
D step=30/30 epoch=1/3 loss=0.1900 l2=0.2000 label_smoothing=0.050
D step=30/30 epoch=2/3 loss=0.1854 l2=0.2000 label_smoothing=0.050
D step=30/30 epoch=3/3 loss=0.1925 l2=0.2000 label_smoothing=0.050

[3/3] adversarial
generator_reward_mode=off reward_alpha=1.000 d_steps=5 d_epochs=3
D step=1/5 epoch=1/3 loss=0.1927 l2=0.2000 label_smoothing=0.050
D step=1/5 epoch=2/3 loss=0.1861 l2=0.2000 label_smoothing=0.050
D step=1/5 epoch=3/3 loss=0.1829 l2=0.2000 label_smoothing=0.050
D step=2/5 epoch=1/3 loss=0.1845 l2=0.2000 label_smoothing=0.050
D step=2/5 epoch=2/3 loss=0.1864 l2=0.2000 label_smoothing=0.050
D step=2/5 epoch=3/3 loss=0.1814 l2=0.2000 label_smoothing=0.050
D step=3/5 epoch=1/3 loss=0.1792 l2=0.2000 label_smoothing=0.050
D step=3/5 epoch=2/3 loss=0.1781 l2=0.2000 label_smoothing=0.050
D step=3/5 epoch=3/3 loss=0.1778 l2=0.2000 label_smoothing=0.050
D step=4/5 epoch=1/3 loss=0.1791 l2=0.2000 label_smoothing=0.050
D step=4/5 epoch=2/3 loss=0.1782 l2=0.2000 label_smoothing=0.050
D step=4/5 epoch=3/3 loss=0.1760 l2=0.2000 label_smoothing=0.050
D step=5/5 epoch=1/3 loss=0.1743 l2=0.2000 label_smoothing=0.050
D step=5/5 epoch=2/3 loss=0.1715 l2=0.2000 label_smoothing=0.050
D step=5/5 epoch=3/3 loss=0.1723 l2=0.2000 label_smoothing=0.050
ADV epoch=1/60 g_loss=0.0399 d_loss=0.1800 reward=0.0211 reward_var=0.0003 unique=1.0000
D step=1/5 epoch=1/3 loss=0.1842 l2=0.2000 label_smoothing=0.050
D step=1/5 epoch=2/3 loss=0.1756 l2=0.2000 label_smoothing=0.050
D step=1/5 epoch=3/3 loss=0.1736 l2=0.2000 label_smoothing=0.050
D step=2/5 epoch=1/3 loss=0.1726 l2=0.2000 label_smoothing=0.050
D step=2/5 epoch=2/3 loss=0.1719 l2=0.2000 label_smoothing=0.050
D step=2/5 epoch=3/3 loss=0.1705 l2=0.2000 label_smoothing=0.050
D step=3/5 epoch=1/3 loss=0.1711 l2=0.2000 label_smoothing=0.050
D step=3/5 epoch=2/3 loss=0.1697 l2=0.2000 label_smoothing=0.050
D step=3/5 epoch=3/3 loss=0.1697 l2=0.2000 label_smoothing=0.050
D step=4/5 epoch=1/3 loss=0.1905 l2=0.2000 label_smoothing=0.050
D step=4/5 epoch=2/3 loss=0.1782 l2=0.2000 label_smoothing=0.050
D step=4/5 epoch=3/3 loss=0.1790 l2=0.2000 label_smoothing=0.050
D step=5/5 epoch=1/3 loss=0.1704 l2=0.2000 label_smoothing=0.050
D step=5/5 epoch=2/3 loss=0.1688 l2=0.2000 label_smoothing=0.050
D step=5/5 epoch=3/3 loss=0.1688 l2=0.2000 label_smoothing=0.050
ADV epoch=2/60 g_loss=0.0583 d_loss=0.1743 reward=0.0327 reward_var=0.0004 unique=0.9600
D step=1/5 epoch=1/3 loss=0.1671 l2=0.2000 label_smoothing=0.050
D step=1/5 epoch=2/3 loss=0.1668 l2=0.2000 label_smoothing=0.050
D step=1/5 epoch=3/3 loss=0.1659 l2=0.2000 label_smoothing=0.050
D step=2/5 epoch=1/3 loss=0.1732 l2=0.2000 label_smoothing=0.050
D step=2/5 epoch=2/3 loss=0.1709 l2=0.2000 label_smoothing=0.050
D step=2/5 epoch=3/3 loss=0.1697 l2=0.2000 label_smoothing=0.050
D step=3/5 epoch=1/3 loss=0.1689 l2=0.2000 label_smoothing=0.050
D step=3/5 epoch=2/3 loss=0.1680 l2=0.2000 label_smoothing=0.050
D step=3/5 epoch=3/3 loss=0.1674 l2=0.2000 label_smoothing=0.050
D step=4/5 epoch=1/3 loss=0.1659 l2=0.2000 label_smoothing=0.050
D step=4/5 epoch=2/3 loss=0.1638 l2=0.2000 label_smoothing=0.050
D step=4/5 epoch=3/3 loss=0.1631 l2=0.2000 label_smoothing=0.050
D step=5/5 epoch=1/3 loss=0.1658 l2=0.2000 label_smoothing=0.050
D step=5/5 epoch=2/3 loss=0.1641 l2=0.2000 label_smoothing=0.050
D step=5/5 epoch=3/3 loss=0.1634 l2=0.2000 label_smoothing=0.050
ADV epoch=3/60 g_loss=0.1106 d_loss=0.1669 reward=0.0644 reward_var=0.0052 unique=0.8200
D step=1/5 epoch=1/3 loss=0.1656 l2=0.2000 label_smoothing=0.050
D step=1/5 epoch=2/3 loss=0.1641 l2=0.2000 label_smoothing=0.050
D step=1/5 epoch=3/3 loss=0.1642 l2=0.2000 label_smoothing=0.050
D step=2/5 epoch=1/3 loss=0.1662 l2=0.2000 label_smoothing=0.050
D step=2/5 epoch=2/3 loss=0.1642 l2=0.2000 label_smoothing=0.050
D step=2/5 epoch=3/3 loss=0.1628 l2=0.2000 label_smoothing=0.050
D step=3/5 epoch=1/3 loss=0.1619 l2=0.2000 label_smoothing=0.050
D step=3/5 epoch=2/3 loss=0.1607 l2=0.2000 label_smoothing=0.050
D step=3/5 epoch=3/3 loss=0.1593 l2=0.2000 label_smoothing=0.050
D step=4/5 epoch=1/3 loss=0.1605 l2=0.2000 label_smoothing=0.050
D step=4/5 epoch=2/3 loss=0.1589 l2=0.2000 label_smoothing=0.050
D step=4/5 epoch=3/3 loss=0.1576 l2=0.2000 label_smoothing=0.050
D step=5/5 epoch=1/3 loss=0.1580 l2=0.2000 label_smoothing=0.050
D step=5/5 epoch=2/3 loss=0.1585 l2=0.2000 label_smoothing=0.050
D step=5/5 epoch=3/3 loss=0.1572 l2=0.2000 label_smoothing=0.050
ADV epoch=4/60 g_loss=0.0526 d_loss=0.1613 reward=0.0308 reward_var=0.0004 unique=0.9000
D step=1/5 epoch=1/3 loss=0.1590 l2=0.2000 label_smoothing=0.050
D step=1/5 epoch=2/3 loss=0.1586 l2=0.2000 label_smoothing=0.050
D step=1/5 epoch=3/3 loss=0.1571 l2=0.2000 label_smoothing=0.050
D step=2/5 epoch=1/3 loss=0.1566 l2=0.2000 label_smoothing=0.050
D step=2/5 epoch=2/3 loss=0.1563 l2=0.2000 label_smoothing=0.050
D step=2/5 epoch=3/3 loss=0.1550 l2=0.2000 label_smoothing=0.050
D step=3/5 epoch=1/3 loss=0.1579 l2=0.2000 label_smoothing=0.050
D step=3/5 epoch=2/3 loss=0.1575 l2=0.2000 label_smoothing=0.050
D step=3/5 epoch=3/3 loss=0.1556 l2=0.2000 label_smoothing=0.050
D step=4/5 epoch=1/3 loss=0.1526 l2=0.2000 label_smoothing=0.050
D step=4/5 epoch=2/3 loss=0.1526 l2=0.2000 label_smoothing=0.050
D step=4/5 epoch=3/3 loss=0.1516 l2=0.2000 label_smoothing=0.050
D step=5/5 epoch=1/3 loss=0.1526 l2=0.2000 label_smoothing=0.050
D step=5/5 epoch=2/3 loss=0.1528 l2=0.2000 label_smoothing=0.050
D step=5/5 epoch=3/3 loss=0.1508 l2=0.2000 label_smoothing=0.050
ADV epoch=5/60 g_loss=0.0529 d_loss=0.1551 reward=0.0312 reward_var=0.0006 unique=0.9400
D step=1/5 epoch=1/3 loss=0.1538 l2=0.2000 label_smoothing=0.050
D step=1/5 epoch=2/3 loss=0.1515 l2=0.2000 label_smoothing=0.050
D step=1/5 epoch=3/3 loss=0.1514 l2=0.2000 label_smoothing=0.050
D step=2/5 epoch=1/3 loss=0.1567 l2=0.2000 label_smoothing=0.050
D step=2/5 epoch=2/3 loss=0.1536 l2=0.2000 label_smoothing=0.050
D step=2/5 epoch=3/3 loss=0.1548 l2=0.2000 label_smoothing=0.050
D step=3/5 epoch=1/3 loss=0.1538 l2=0.2000 label_smoothing=0.050
D step=3/5 epoch=2/3 loss=0.1504 l2=0.2000 label_smoothing=0.050
D step=3/5 epoch=3/3 loss=0.1520 l2=0.2000 label_smoothing=0.050
D step=4/5 epoch=1/3 loss=0.1492 l2=0.2000 label_smoothing=0.050
D step=4/5 epoch=2/3 loss=0.1481 l2=0.2000 label_smoothing=0.050
D step=4/5 epoch=3/3 loss=0.1488 l2=0.2000 label_smoothing=0.050
D step=5/5 epoch=1/3 loss=0.1498 l2=0.2000 label_smoothing=0.050
D step=5/5 epoch=2/3 loss=0.1488 l2=0.2000 label_smoothing=0.050
D step=5/5 epoch=3/3 loss=0.1477 l2=0.2000 label_smoothing=0.050
ADV epoch=6/60 g_loss=0.0451 d_loss=0.1514 reward=0.0274 reward_var=0.0003 unique=0.8800
saved 500 raw samples to /content/drive/MyDrive/GAN_for_SQLi - 5/result/phase3/seqgan_improved/union/F/R200/V4/generated_payloads.csv
