
[1/3] pretrain G
G epoch=1/15 loss=4.3569
G epoch=2/15 loss=3.5042
G epoch=3/15 loss=2.9890
G epoch=4/15 loss=2.7643
G epoch=5/15 loss=2.5619
G epoch=6/15 loss=2.3834
G epoch=7/15 loss=2.2434
G epoch=8/15 loss=2.1020
G epoch=9/15 loss=1.9633
G epoch=10/15 loss=1.8853
G epoch=11/15 loss=1.7736
G epoch=12/15 loss=1.6871
G epoch=13/15 loss=1.6124
G epoch=14/15 loss=1.5370
G epoch=15/15 loss=1.4856

[2/3] pretrain D
D step=1/8 epoch=1/2 loss=0.9059 l2=0.2000 label_smoothing=0.000
D step=1/8 epoch=2/2 loss=0.6816 l2=0.2000 label_smoothing=0.000
D step=2/8 epoch=1/2 loss=0.5730 l2=0.2000 label_smoothing=0.000
D step=2/8 epoch=2/2 loss=0.4864 l2=0.2000 label_smoothing=0.000
D step=3/8 epoch=1/2 loss=0.4100 l2=0.2000 label_smoothing=0.000
D step=3/8 epoch=2/2 loss=0.3226 l2=0.2000 label_smoothing=0.000
D step=4/8 epoch=1/2 loss=0.2695 l2=0.2000 label_smoothing=0.000
D step=4/8 epoch=2/2 loss=0.2347 l2=0.2000 label_smoothing=0.000
D step=5/8 epoch=1/2 loss=0.1824 l2=0.2000 label_smoothing=0.000
D step=5/8 epoch=2/2 loss=0.1632 l2=0.2000 label_smoothing=0.000
D step=6/8 epoch=1/2 loss=0.1427 l2=0.2000 label_smoothing=0.000
D step=6/8 epoch=2/2 loss=0.1250 l2=0.2000 label_smoothing=0.000
D step=7/8 epoch=1/2 loss=0.1199 l2=0.2000 label_smoothing=0.000
D step=7/8 epoch=2/2 loss=0.1058 l2=0.2000 label_smoothing=0.000
D step=8/8 epoch=1/2 loss=0.0987 l2=0.2000 label_smoothing=0.000
D step=8/8 epoch=2/2 loss=0.0910 l2=0.2000 label_smoothing=0.000

[3/3] adversarial
generator_reward_mode=off reward_alpha=1.000 d_steps=3 d_epochs=1
D step=1/3 epoch=1/1 loss=0.1070 l2=0.2000 label_smoothing=0.000
D step=2/3 epoch=1/1 loss=0.1011 l2=0.2000 label_smoothing=0.000
D step=3/3 epoch=1/1 loss=0.0939 l2=0.2000 label_smoothing=0.000
ADV epoch=1/6 g_loss=0.0425 d_loss=0.1007 reward=0.0237 reward_var=0.0021 unique=1.0000
D step=1/3 epoch=1/1 loss=0.0900 l2=0.2000 label_smoothing=0.000
D step=2/3 epoch=1/1 loss=0.0803 l2=0.2000 label_smoothing=0.000
D step=3/3 epoch=1/1 loss=0.0712 l2=0.2000 label_smoothing=0.000
ADV epoch=2/6 g_loss=0.0083 d_loss=0.0805 reward=0.0049 reward_var=0.0003 unique=1.0000
D step=1/3 epoch=1/1 loss=0.0933 l2=0.2000 label_smoothing=0.000
D step=2/3 epoch=1/1 loss=0.0725 l2=0.2000 label_smoothing=0.000
D step=3/3 epoch=1/1 loss=0.0725 l2=0.2000 label_smoothing=0.000
ADV epoch=3/6 g_loss=0.0086 d_loss=0.0794 reward=0.0045 reward_var=0.0002 unique=1.0000
saved 200 raw samples to /content/drive/MyDrive/GAN/GAN_SQLi_Colab/results_seqgan_only_mini/phase2a/seqgan_master/error/F/R50/generated_payloads.csv
