{
  "metric_schema_version": "quality-metrics-v3",
  "normalization_version": "nfkc_html_percent1_casefold_ws_quotes_v1",
  "seed": 88,
  "method": "smote",
  "family": "boolean",
  "scenario": "D",
  "ratio": "50",
  "generation_kind": "retrieval",
  "schema_valid": true,
  "stop_reason": "n/a",
  "n_generated": 500,
  "unique_rate": 0.482,
  "normalized_unique_rate": 0.482,
  "duplicate_rate": 0.518,
  "model_collapse_rate": 0.518,
  "dominant_payload_share": 0.016,
  "normalized_dominant_payload_share": 0.016,
  "sql_parse_rate": 1.0,
  "sql_structure_rate": 1.0,
  "family_motif_coverage": 0.75,
  "family_motif_hit_rate": 1.0,
  "garbage_rate": 0.0,
  "wellformed_rate": 1.0,
  "shaped_rate": 1.0,
  "family_motif_coverage_by_family": {
    "boolean": 0.75
  },
  "family_motif_hit_rate_by_family": {
    "boolean": 1.0
  },
  "inferred_family_distribution": {
    "boolean": 0.542,
    "union": 0.458,
    "time": 0.0,
    "error": 0.0,
    "other": 0.0
  },
  "train_reference_count": 312,
  "holdout_reference_count": 917,
  "exact_input_overlap": 1.0,
  "normalized_input_overlap": 1.0,
  "holdout_overlap": 0.0,
  "normalized_holdout_overlap": 0.0,
  "nearest_input_similarity_mean": 1.0,
  "nearest_input_similarity_median": 1.0,
  "nearest_input_similarity_p90": 1.0,
  "nearest_char3_jaccard_mean": 1.0,
  "nearest_char3_jaccard_median": 1.0,
  "nearest_char3_jaccard_p90": 1.0,
  "nearest_token_jaccard_mean": 1.0,
  "nearest_token_jaccard_median": 1.0,
  "nearest_token_jaccard_p90": 1.0,
  "nearest_edit_similarity_mean": 0.9997595581988105,
  "nearest_edit_similarity_median": 1.0,
  "nearest_edit_similarity_p90": 1.0,
  "nearest_feature_cosine_mean": 0.9999961875985722,
  "nearest_feature_cosine_median": 1.0,
  "nearest_feature_cosine_p90": 1.0000000000000002,
  "nearest_input_distance_mean": 0.0,
  "nearest_input_distance_median": 0.0,
  "nearest_input_distance_p90": 0.0,
  "mean_nearest_similarity": 1.0,
  "median_nearest_similarity": 1.0,
  "p90_nearest_similarity": 1.0,
  "unique_nearest_payload_rate": 0.478,
  "dominant_retrieved_payload_share": 0.016,
  "nearest_reference_count": 312,
  "distinct_1": 0.05825982794293804,
  "distinct_2": 0.1375100771622711,
  "distinct_3": 0.16106562385433215,
  "lexical_diversity": 0.05825982794293804,
  "character_diversity": 0.8409857265234639,
  "token_diversity": 0.6945979675123944,
  "keyword_diversity": 0.9879175002170961,
  "operator_diversity": 0.812992490813727,
  "function_diversity": 0.7902769133382544,
  "comment_style_diversity": 0.6666666666666666,
  "length_zone_diversity": 0.6,
  "self_bleu": 0.9875337442835326,
  "self_bleu_char": 0.9875337442835326,
  "requested_count": 500,
  "generated_count_fraction": 1.0
}
