
[1/3] pretrain G
G epoch=1/15 loss=4.3401
G epoch=2/15 loss=3.4493
G epoch=3/15 loss=2.7945
G epoch=4/15 loss=2.5054
G epoch=5/15 loss=2.3198
G epoch=6/15 loss=2.0951
G epoch=7/15 loss=1.9492
G epoch=8/15 loss=1.8213
G epoch=9/15 loss=1.7217
G epoch=10/15 loss=1.6017
G epoch=11/15 loss=1.4980
G epoch=12/15 loss=1.3996
G epoch=13/15 loss=1.3545
G epoch=14/15 loss=1.2726
G epoch=15/15 loss=1.1846

[2/3] pretrain D
D step=1/8 epoch=1/2 loss=0.8975 l2=0.2000 label_smoothing=0.000
D step=1/8 epoch=2/2 loss=0.6629 l2=0.2000 label_smoothing=0.000
D step=2/8 epoch=1/2 loss=0.5528 l2=0.2000 label_smoothing=0.000
D step=2/8 epoch=2/2 loss=0.4746 l2=0.2000 label_smoothing=0.000
D step=3/8 epoch=1/2 loss=0.4010 l2=0.2000 label_smoothing=0.000
D step=3/8 epoch=2/2 loss=0.3180 l2=0.2000 label_smoothing=0.000
D step=4/8 epoch=1/2 loss=0.2632 l2=0.2000 label_smoothing=0.000
D step=4/8 epoch=2/2 loss=0.2252 l2=0.2000 label_smoothing=0.000
D step=5/8 epoch=1/2 loss=0.1979 l2=0.2000 label_smoothing=0.000
D step=5/8 epoch=2/2 loss=0.1633 l2=0.2000 label_smoothing=0.000
D step=6/8 epoch=1/2 loss=0.1574 l2=0.2000 label_smoothing=0.000
D step=6/8 epoch=2/2 loss=0.1360 l2=0.2000 label_smoothing=0.000
D step=7/8 epoch=1/2 loss=0.1360 l2=0.2000 label_smoothing=0.000
D step=7/8 epoch=2/2 loss=0.1183 l2=0.2000 label_smoothing=0.000
D step=8/8 epoch=1/2 loss=0.1143 l2=0.2000 label_smoothing=0.000
D step=8/8 epoch=2/2 loss=0.1033 l2=0.2000 label_smoothing=0.000

[3/3] adversarial
generator_reward_mode=off reward_alpha=1.000 d_steps=3 d_epochs=1
D step=1/3 epoch=1/1 loss=0.1211 l2=0.2000 label_smoothing=0.000
D step=2/3 epoch=1/1 loss=0.0990 l2=0.2000 label_smoothing=0.000
D step=3/3 epoch=1/1 loss=0.0817 l2=0.2000 label_smoothing=0.000
ADV epoch=1/6 g_loss=0.0435 d_loss=0.1006 reward=0.0319 reward_var=0.0061 unique=1.0000
D step=1/3 epoch=1/1 loss=0.0998 l2=0.2000 label_smoothing=0.000
D step=2/3 epoch=1/1 loss=0.0908 l2=0.2000 label_smoothing=0.000
D step=3/3 epoch=1/1 loss=0.0796 l2=0.2000 label_smoothing=0.000
ADV epoch=2/6 g_loss=0.0504 d_loss=0.0901 reward=0.0358 reward_var=0.0088 unique=1.0000
D step=1/3 epoch=1/1 loss=0.0799 l2=0.2000 label_smoothing=0.000
D step=2/3 epoch=1/1 loss=0.0819 l2=0.2000 label_smoothing=0.000
D step=3/3 epoch=1/1 loss=0.0755 l2=0.2000 label_smoothing=0.000
ADV epoch=3/6 g_loss=0.0389 d_loss=0.0791 reward=0.0266 reward_var=0.0036 unique=1.0000
saved 200 raw samples to /content/drive/MyDrive/GAN/GAN_SQLi_Colab/results_seqgan_only_mini/phase2a/seqgan_master/union/E/R50/generated_payloads.csv
