
[1/3] pretrain G
G epoch=1/60 loss=5.5392
G epoch=2/60 loss=5.4322
G epoch=3/60 loss=5.3097
G epoch=4/60 loss=5.1623
G epoch=5/60 loss=4.9675
G epoch=6/60 loss=4.7106
G epoch=7/60 loss=4.3982
G epoch=8/60 loss=4.1794
G epoch=9/60 loss=3.9484
G epoch=10/60 loss=3.7390
G epoch=11/60 loss=3.6471
G epoch=12/60 loss=3.5824
G epoch=13/60 loss=3.4926
G epoch=14/60 loss=3.3955
G epoch=15/60 loss=3.3093
G epoch=16/60 loss=3.2333
G epoch=17/60 loss=3.1736
G epoch=18/60 loss=3.0979
G epoch=19/60 loss=3.0111
G epoch=20/60 loss=2.9954
G epoch=21/60 loss=2.8757
G epoch=22/60 loss=2.8113
G epoch=23/60 loss=2.7516
G epoch=24/60 loss=2.7519
G epoch=25/60 loss=2.6788
G epoch=26/60 loss=2.5489
G epoch=27/60 loss=2.5876
G epoch=28/60 loss=2.5002
G epoch=29/60 loss=2.5100
G epoch=30/60 loss=2.3428
G epoch=31/60 loss=2.3598
G epoch=32/60 loss=2.2457
G epoch=33/60 loss=2.2471
G epoch=34/60 loss=2.2287
G epoch=35/60 loss=2.1878
G epoch=36/60 loss=2.0968
G epoch=37/60 loss=2.0834
G epoch=38/60 loss=1.9662
G epoch=39/60 loss=2.0329
G epoch=40/60 loss=1.9509
G epoch=41/60 loss=1.9023
G epoch=42/60 loss=1.8273
G epoch=43/60 loss=1.8294
G epoch=44/60 loss=1.7893
G epoch=45/60 loss=1.7886
G epoch=46/60 loss=1.7190
G epoch=47/60 loss=1.6169
G epoch=48/60 loss=1.6162
G epoch=49/60 loss=1.6324
G epoch=50/60 loss=1.5796
G epoch=51/60 loss=1.5361
G epoch=52/60 loss=1.5267
G epoch=53/60 loss=1.4976
G epoch=54/60 loss=1.4828
G epoch=55/60 loss=1.4733
G epoch=56/60 loss=1.4365
G epoch=57/60 loss=1.3840
G epoch=58/60 loss=1.3704
G epoch=59/60 loss=1.3301
G epoch=60/60 loss=1.3632

[2/3] pretrain D
D step=1/30 epoch=1/3 loss=0.7681 l2=0.2000 label_smoothing=0.050
D step=1/30 epoch=2/3 loss=0.7476 l2=0.2000 label_smoothing=0.050
D step=1/30 epoch=3/3 loss=0.7027 l2=0.2000 label_smoothing=0.050
D step=2/30 epoch=1/3 loss=0.6880 l2=0.2000 label_smoothing=0.050
D step=2/30 epoch=2/3 loss=0.7048 l2=0.2000 label_smoothing=0.050
D step=2/30 epoch=3/3 loss=0.6700 l2=0.2000 label_smoothing=0.050
D step=3/30 epoch=1/3 loss=0.6499 l2=0.2000 label_smoothing=0.050
D step=3/30 epoch=2/3 loss=0.6362 l2=0.2000 label_smoothing=0.050
D step=3/30 epoch=3/3 loss=0.6121 l2=0.2000 label_smoothing=0.050
D step=4/30 epoch=1/3 loss=0.6147 l2=0.2000 label_smoothing=0.050
D step=4/30 epoch=2/3 loss=0.6012 l2=0.2000 label_smoothing=0.050
D step=4/30 epoch=3/3 loss=0.5795 l2=0.2000 label_smoothing=0.050
D step=5/30 epoch=1/3 loss=0.5598 l2=0.2000 label_smoothing=0.050
D step=5/30 epoch=2/3 loss=0.5318 l2=0.2000 label_smoothing=0.050
D step=5/30 epoch=3/3 loss=0.5331 l2=0.2000 label_smoothing=0.050
D step=6/30 epoch=1/3 loss=0.5167 l2=0.2000 label_smoothing=0.050
D step=6/30 epoch=2/3 loss=0.4876 l2=0.2000 label_smoothing=0.050
D step=6/30 epoch=3/3 loss=0.4766 l2=0.2000 label_smoothing=0.050
D step=7/30 epoch=1/3 loss=0.4671 l2=0.2000 label_smoothing=0.050
D step=7/30 epoch=2/3 loss=0.4468 l2=0.2000 label_smoothing=0.050
D step=7/30 epoch=3/3 loss=0.4437 l2=0.2000 label_smoothing=0.050
D step=8/30 epoch=1/3 loss=0.4153 l2=0.2000 label_smoothing=0.050
D step=8/30 epoch=2/3 loss=0.3919 l2=0.2000 label_smoothing=0.050
D step=8/30 epoch=3/3 loss=0.3819 l2=0.2000 label_smoothing=0.050
D step=9/30 epoch=1/3 loss=0.3754 l2=0.2000 label_smoothing=0.050
D step=9/30 epoch=2/3 loss=0.3791 l2=0.2000 label_smoothing=0.050
D step=9/30 epoch=3/3 loss=0.3338 l2=0.2000 label_smoothing=0.050
D step=10/30 epoch=1/3 loss=0.3370 l2=0.2000 label_smoothing=0.050
D step=10/30 epoch=2/3 loss=0.3292 l2=0.2000 label_smoothing=0.050
D step=10/30 epoch=3/3 loss=0.3266 l2=0.2000 label_smoothing=0.050
D step=11/30 epoch=1/3 loss=0.3195 l2=0.2000 label_smoothing=0.050
D step=11/30 epoch=2/3 loss=0.3007 l2=0.2000 label_smoothing=0.050
D step=11/30 epoch=3/3 loss=0.3020 l2=0.2000 label_smoothing=0.050
D step=12/30 epoch=1/3 loss=0.2884 l2=0.2000 label_smoothing=0.050
D step=12/30 epoch=2/3 loss=0.2779 l2=0.2000 label_smoothing=0.050
D step=12/30 epoch=3/3 loss=0.2652 l2=0.2000 label_smoothing=0.050
D step=13/30 epoch=1/3 loss=0.2766 l2=0.2000 label_smoothing=0.050
D step=13/30 epoch=2/3 loss=0.2714 l2=0.2000 label_smoothing=0.050
D step=13/30 epoch=3/3 loss=0.2731 l2=0.2000 label_smoothing=0.050
D step=14/30 epoch=1/3 loss=0.2469 l2=0.2000 label_smoothing=0.050
D step=14/30 epoch=2/3 loss=0.2413 l2=0.2000 label_smoothing=0.050
D step=14/30 epoch=3/3 loss=0.2379 l2=0.2000 label_smoothing=0.050
D step=15/30 epoch=1/3 loss=0.2420 l2=0.2000 label_smoothing=0.050
D step=15/30 epoch=2/3 loss=0.2341 l2=0.2000 label_smoothing=0.050
D step=15/30 epoch=3/3 loss=0.2261 l2=0.2000 label_smoothing=0.050
D step=16/30 epoch=1/3 loss=0.2217 l2=0.2000 label_smoothing=0.050
D step=16/30 epoch=2/3 loss=0.2154 l2=0.2000 label_smoothing=0.050
D step=16/30 epoch=3/3 loss=0.2106 l2=0.2000 label_smoothing=0.050
D step=17/30 epoch=1/3 loss=0.2195 l2=0.2000 label_smoothing=0.050
D step=17/30 epoch=2/3 loss=0.2191 l2=0.2000 label_smoothing=0.050
D step=17/30 epoch=3/3 loss=0.2211 l2=0.2000 label_smoothing=0.050
D step=18/30 epoch=1/3 loss=0.2287 l2=0.2000 label_smoothing=0.050
D step=18/30 epoch=2/3 loss=0.2284 l2=0.2000 label_smoothing=0.050
D step=18/30 epoch=3/3 loss=0.2168 l2=0.2000 label_smoothing=0.050
D step=19/30 epoch=1/3 loss=0.2128 l2=0.2000 label_smoothing=0.050
D step=19/30 epoch=2/3 loss=0.2097 l2=0.2000 label_smoothing=0.050
D step=19/30 epoch=3/3 loss=0.2132 l2=0.2000 label_smoothing=0.050
D step=20/30 epoch=1/3 loss=0.2091 l2=0.2000 label_smoothing=0.050
D step=20/30 epoch=2/3 loss=0.2026 l2=0.2000 label_smoothing=0.050
D step=20/30 epoch=3/3 loss=0.1992 l2=0.2000 label_smoothing=0.050
D step=21/30 epoch=1/3 loss=0.2241 l2=0.2000 label_smoothing=0.050
D step=21/30 epoch=2/3 loss=0.2276 l2=0.2000 label_smoothing=0.050
D step=21/30 epoch=3/3 loss=0.2240 l2=0.2000 label_smoothing=0.050
D step=22/30 epoch=1/3 loss=0.2012 l2=0.2000 label_smoothing=0.050
D step=22/30 epoch=2/3 loss=0.2026 l2=0.2000 label_smoothing=0.050
D step=22/30 epoch=3/3 loss=0.2011 l2=0.2000 label_smoothing=0.050
D step=23/30 epoch=1/3 loss=0.2049 l2=0.2000 label_smoothing=0.050
D step=23/30 epoch=2/3 loss=0.2052 l2=0.2000 label_smoothing=0.050
D step=23/30 epoch=3/3 loss=0.2019 l2=0.2000 label_smoothing=0.050
D step=24/30 epoch=1/3 loss=0.2040 l2=0.2000 label_smoothing=0.050
D step=24/30 epoch=2/3 loss=0.2010 l2=0.2000 label_smoothing=0.050
D step=24/30 epoch=3/3 loss=0.2042 l2=0.2000 label_smoothing=0.050
D step=25/30 epoch=1/3 loss=0.1955 l2=0.2000 label_smoothing=0.050
D step=25/30 epoch=2/3 loss=0.1941 l2=0.2000 label_smoothing=0.050
D step=25/30 epoch=3/3 loss=0.1933 l2=0.2000 label_smoothing=0.050
D step=26/30 epoch=1/3 loss=0.2108 l2=0.2000 label_smoothing=0.050
D step=26/30 epoch=2/3 loss=0.2049 l2=0.2000 label_smoothing=0.050
D step=26/30 epoch=3/3 loss=0.2007 l2=0.2000 label_smoothing=0.050
D step=27/30 epoch=1/3 loss=0.1986 l2=0.2000 label_smoothing=0.050
D step=27/30 epoch=2/3 loss=0.1965 l2=0.2000 label_smoothing=0.050
D step=27/30 epoch=3/3 loss=0.1948 l2=0.2000 label_smoothing=0.050
D step=28/30 epoch=1/3 loss=0.1932 l2=0.2000 label_smoothing=0.050
D step=28/30 epoch=2/3 loss=0.1938 l2=0.2000 label_smoothing=0.050
D step=28/30 epoch=3/3 loss=0.1931 l2=0.2000 label_smoothing=0.050
D step=29/30 epoch=1/3 loss=0.2071 l2=0.2000 label_smoothing=0.050
D step=29/30 epoch=2/3 loss=0.2001 l2=0.2000 label_smoothing=0.050
D step=29/30 epoch=3/3 loss=0.1997 l2=0.2000 label_smoothing=0.050
D step=30/30 epoch=1/3 loss=0.1953 l2=0.2000 label_smoothing=0.050
D step=30/30 epoch=2/3 loss=0.1932 l2=0.2000 label_smoothing=0.050
D step=30/30 epoch=3/3 loss=0.1913 l2=0.2000 label_smoothing=0.050

[3/3] adversarial
generator_reward_mode=on reward_alpha=0.700 d_steps=5 d_epochs=3
D step=1/5 epoch=1/3 loss=0.1920 l2=0.2000 label_smoothing=0.050
D step=1/5 epoch=2/3 loss=0.1895 l2=0.2000 label_smoothing=0.050
D step=1/5 epoch=3/3 loss=0.1877 l2=0.2000 label_smoothing=0.050
D step=2/5 epoch=1/3 loss=0.1953 l2=0.2000 label_smoothing=0.050
D step=2/5 epoch=2/3 loss=0.1920 l2=0.2000 label_smoothing=0.050
D step=2/5 epoch=3/3 loss=0.1895 l2=0.2000 label_smoothing=0.050
D step=3/5 epoch=1/3 loss=0.1860 l2=0.2000 label_smoothing=0.050
D step=3/5 epoch=2/3 loss=0.1842 l2=0.2000 label_smoothing=0.050
D step=3/5 epoch=3/3 loss=0.1856 l2=0.2000 label_smoothing=0.050
D step=4/5 epoch=1/3 loss=0.1910 l2=0.2000 label_smoothing=0.050
D step=4/5 epoch=2/3 loss=0.1884 l2=0.2000 label_smoothing=0.050
D step=4/5 epoch=3/3 loss=0.1853 l2=0.2000 label_smoothing=0.050
D step=5/5 epoch=1/3 loss=0.1843 l2=0.2000 label_smoothing=0.050
D step=5/5 epoch=2/3 loss=0.1816 l2=0.2000 label_smoothing=0.050
D step=5/5 epoch=3/3 loss=0.1796 l2=0.2000 label_smoothing=0.050
ADV epoch=1/60 g_loss=0.3898 d_loss=0.1875 reward=0.1731 reward_var=0.0056 unique=1.0000
D step=1/5 epoch=1/3 loss=0.1790 l2=0.2000 label_smoothing=0.050
D step=1/5 epoch=2/3 loss=0.1782 l2=0.2000 label_smoothing=0.050
D step=1/5 epoch=3/3 loss=0.1769 l2=0.2000 label_smoothing=0.050
D step=2/5 epoch=1/3 loss=0.1809 l2=0.2000 label_smoothing=0.050
D step=2/5 epoch=2/3 loss=0.1800 l2=0.2000 label_smoothing=0.050
D step=2/5 epoch=3/3 loss=0.1767 l2=0.2000 label_smoothing=0.050
D step=3/5 epoch=1/3 loss=0.1852 l2=0.2000 label_smoothing=0.050
D step=3/5 epoch=2/3 loss=0.1806 l2=0.2000 label_smoothing=0.050
D step=3/5 epoch=3/3 loss=0.1784 l2=0.2000 label_smoothing=0.050
D step=4/5 epoch=1/3 loss=0.1743 l2=0.2000 label_smoothing=0.050
D step=4/5 epoch=2/3 loss=0.1732 l2=0.2000 label_smoothing=0.050
D step=4/5 epoch=3/3 loss=0.1728 l2=0.2000 label_smoothing=0.050
D step=5/5 epoch=1/3 loss=0.1718 l2=0.2000 label_smoothing=0.050
D step=5/5 epoch=2/3 loss=0.1717 l2=0.2000 label_smoothing=0.050
D step=5/5 epoch=3/3 loss=0.1700 l2=0.2000 label_smoothing=0.050
ADV epoch=2/60 g_loss=0.4379 d_loss=0.1766 reward=0.1873 reward_var=0.0061 unique=1.0000
D step=1/5 epoch=1/3 loss=0.1712 l2=0.2000 label_smoothing=0.050
D step=1/5 epoch=2/3 loss=0.1694 l2=0.2000 label_smoothing=0.050
D step=1/5 epoch=3/3 loss=0.1679 l2=0.2000 label_smoothing=0.050
D step=2/5 epoch=1/3 loss=0.1730 l2=0.2000 label_smoothing=0.050
D step=2/5 epoch=2/3 loss=0.1704 l2=0.2000 label_smoothing=0.050
D step=2/5 epoch=3/3 loss=0.1678 l2=0.2000 label_smoothing=0.050
D step=3/5 epoch=1/3 loss=0.1667 l2=0.2000 label_smoothing=0.050
D step=3/5 epoch=2/3 loss=0.1668 l2=0.2000 label_smoothing=0.050
D step=3/5 epoch=3/3 loss=0.1659 l2=0.2000 label_smoothing=0.050
D step=4/5 epoch=1/3 loss=0.1713 l2=0.2000 label_smoothing=0.050
D step=4/5 epoch=2/3 loss=0.1676 l2=0.2000 label_smoothing=0.050
D step=4/5 epoch=3/3 loss=0.1686 l2=0.2000 label_smoothing=0.050
D step=5/5 epoch=1/3 loss=0.1698 l2=0.2000 label_smoothing=0.050
D step=5/5 epoch=2/3 loss=0.1657 l2=0.2000 label_smoothing=0.050
D step=5/5 epoch=3/3 loss=0.1648 l2=0.2000 label_smoothing=0.050
ADV epoch=3/60 g_loss=0.4150 d_loss=0.1685 reward=0.1856 reward_var=0.0040 unique=1.0000
saved 500 raw samples to /content/drive/MyDrive/GAN_for_SQLi - 5/result/phase3/seqgan_improved/union/F/R200/V5/generated_payloads.csv
