{
  "metric_schema_version": "quality-metrics-v3",
  "normalization_version": "nfkc_html_percent1_casefold_ws_quotes_v1",
  "seed": 88,
  "method": "seqgan_master",
  "family": "union",
  "scenario": "F",
  "ratio": "50",
  "generation_kind": "direct",
  "schema_valid": true,
  "stop_reason": "n/a",
  "n_generated": 200,
  "unique_rate": 1.0,
  "normalized_unique_rate": 1.0,
  "duplicate_rate": 0.0,
  "model_collapse_rate": 0.0,
  "dominant_payload_share": 0.005,
  "normalized_dominant_payload_share": 0.005,
  "sql_parse_rate": 1.0,
  "sql_structure_rate": 0.035,
  "family_motif_coverage": 0.25,
  "family_motif_hit_rate": 0.005,
  "garbage_rate": 0.965,
  "wellformed_rate": 1.0,
  "shaped_rate": 0.035,
  "family_motif_coverage_by_family": {
    "union": 0.25
  },
  "family_motif_hit_rate_by_family": {
    "union": 0.005
  },
  "inferred_family_distribution": {
    "boolean": 0.0,
    "union": 0.005,
    "time": 0.0,
    "error": 0.0,
    "other": 0.995
  },
  "train_reference_count": 312,
  "holdout_reference_count": 419,
  "exact_input_overlap": 0.0,
  "normalized_input_overlap": 0.0,
  "holdout_overlap": 0.0,
  "normalized_holdout_overlap": 0.0,
  "nearest_input_similarity_mean": 0.08384208683122439,
  "nearest_input_similarity_median": 0.075,
  "nearest_input_similarity_p90": 0.15,
  "nearest_char3_jaccard_mean": 0.08384208683122439,
  "nearest_char3_jaccard_median": 0.075,
  "nearest_char3_jaccard_p90": 0.15,
  "nearest_token_jaccard_mean": 0.1351565478939705,
  "nearest_token_jaccard_median": 0.13333333333333333,
  "nearest_token_jaccard_p90": 0.25,
  "nearest_edit_similarity_mean": 0.14320074169690256,
  "nearest_edit_similarity_median": 0.12951612903225806,
  "nearest_edit_similarity_p90": 0.2299342105263157,
  "nearest_feature_cosine_mean": 0.8008544910122997,
  "nearest_feature_cosine_median": 0.8291150186672995,
  "nearest_feature_cosine_p90": 0.9463619915805835,
  "nearest_input_distance_mean": 0.9161579131687756,
  "nearest_input_distance_median": 0.925,
  "nearest_input_distance_p90": 0.96497277676951,
  "mean_nearest_similarity": 0.08384208683122439,
  "median_nearest_similarity": 0.075,
  "p90_nearest_similarity": 0.15,
  "unique_nearest_payload_rate": 0.455,
  "dominant_retrieved_payload_share": 0.12,
  "nearest_reference_count": 312,
  "distinct_1": 0.345926800472255,
  "distinct_2": 0.8268933539412674,
  "distinct_3": 0.970917225950783,
  "lexical_diversity": 0.345926800472255,
  "character_diversity": 0.8331520186911328,
  "token_diversity": 0.6880103629653889,
  "keyword_diversity": 0.7854070171411122,
  "operator_diversity": 0.5051941000924932,
  "function_diversity": 1.0,
  "comment_style_diversity": 0.0,
  "length_zone_diversity": 0.2,
  "self_bleu": 0.7082115582900487,
  "self_bleu_char": 0.7082115582900487,
  "requested_count": 200,
  "generated_count_fraction": 1.0
}
