
[1/3] pretrain G
G epoch=1/60 loss=4.4742
G epoch=2/60 loss=4.1127
G epoch=3/60 loss=3.6220
G epoch=4/60 loss=3.0900
G epoch=5/60 loss=2.7701
G epoch=6/60 loss=2.6085
G epoch=7/60 loss=2.4990
G epoch=8/60 loss=2.4274
G epoch=9/60 loss=2.3398
G epoch=10/60 loss=2.2615
G epoch=11/60 loss=2.2224
G epoch=12/60 loss=2.1573
G epoch=13/60 loss=2.0371
G epoch=14/60 loss=2.0410
G epoch=15/60 loss=1.9471
G epoch=16/60 loss=1.9063
G epoch=17/60 loss=1.8208
G epoch=18/60 loss=1.8344
G epoch=19/60 loss=1.7637
G epoch=20/60 loss=1.7920
G epoch=21/60 loss=1.7204
G epoch=22/60 loss=1.6933
G epoch=23/60 loss=1.6490
G epoch=24/60 loss=1.5984
G epoch=25/60 loss=1.5798
G epoch=26/60 loss=1.5396
G epoch=27/60 loss=1.5423
G epoch=28/60 loss=1.4948
G epoch=29/60 loss=1.4907
G epoch=30/60 loss=1.4459
G epoch=31/60 loss=1.3992
G epoch=32/60 loss=1.4273
G epoch=33/60 loss=1.3999
G epoch=34/60 loss=1.3778
G epoch=35/60 loss=1.3435
G epoch=36/60 loss=1.3305
G epoch=37/60 loss=1.3144
G epoch=38/60 loss=1.2695
G epoch=39/60 loss=1.3051
G epoch=40/60 loss=1.2531
G epoch=41/60 loss=1.2491
G epoch=42/60 loss=1.2318
G epoch=43/60 loss=1.2112
G epoch=44/60 loss=1.1802
G epoch=45/60 loss=1.1733
G epoch=46/60 loss=1.1409
G epoch=47/60 loss=1.0954
G epoch=48/60 loss=1.0977
G epoch=49/60 loss=1.0753
G epoch=50/60 loss=1.0945
G epoch=51/60 loss=1.0396
G epoch=52/60 loss=1.0431
G epoch=53/60 loss=1.0051
G epoch=54/60 loss=0.9948
G epoch=55/60 loss=0.9938
G epoch=56/60 loss=0.9797
G epoch=57/60 loss=0.9520
G epoch=58/60 loss=0.9457
G epoch=59/60 loss=0.9142
G epoch=60/60 loss=0.9161

[2/3] pretrain D
D step=1/30 epoch=1/3 loss=0.7818 l2=0.2000 label_smoothing=0.000
D step=1/30 epoch=2/3 loss=0.6933 l2=0.2000 label_smoothing=0.000
D step=1/30 epoch=3/3 loss=0.6450 l2=0.2000 label_smoothing=0.000
D step=2/30 epoch=1/3 loss=0.6260 l2=0.2000 label_smoothing=0.000
D step=2/30 epoch=2/3 loss=0.5515 l2=0.2000 label_smoothing=0.000
D step=2/30 epoch=3/3 loss=0.4917 l2=0.2000 label_smoothing=0.000
D step=3/30 epoch=1/3 loss=0.5137 l2=0.2000 label_smoothing=0.000
D step=3/30 epoch=2/3 loss=0.4638 l2=0.2000 label_smoothing=0.000
D step=3/30 epoch=3/3 loss=0.4065 l2=0.2000 label_smoothing=0.000
D step=4/30 epoch=1/3 loss=0.3990 l2=0.2000 label_smoothing=0.000
D step=4/30 epoch=2/3 loss=0.3457 l2=0.2000 label_smoothing=0.000
D step=4/30 epoch=3/3 loss=0.3067 l2=0.2000 label_smoothing=0.000
D step=5/30 epoch=1/3 loss=0.2749 l2=0.2000 label_smoothing=0.000
D step=5/30 epoch=2/3 loss=0.2409 l2=0.2000 label_smoothing=0.000
D step=5/30 epoch=3/3 loss=0.2126 l2=0.2000 label_smoothing=0.000
D step=6/30 epoch=1/3 loss=0.1945 l2=0.2000 label_smoothing=0.000
D step=6/30 epoch=2/3 loss=0.1761 l2=0.2000 label_smoothing=0.000
D step=6/30 epoch=3/3 loss=0.1527 l2=0.2000 label_smoothing=0.000
D step=7/30 epoch=1/3 loss=0.1724 l2=0.2000 label_smoothing=0.000
D step=7/30 epoch=2/3 loss=0.1500 l2=0.2000 label_smoothing=0.000
D step=7/30 epoch=3/3 loss=0.1357 l2=0.2000 label_smoothing=0.000
D step=8/30 epoch=1/3 loss=0.1329 l2=0.2000 label_smoothing=0.000
D step=8/30 epoch=2/3 loss=0.1229 l2=0.2000 label_smoothing=0.000
D step=8/30 epoch=3/3 loss=0.1101 l2=0.2000 label_smoothing=0.000
D step=9/30 epoch=1/3 loss=0.1302 l2=0.2000 label_smoothing=0.000
D step=9/30 epoch=2/3 loss=0.1255 l2=0.2000 label_smoothing=0.000
D step=9/30 epoch=3/3 loss=0.1044 l2=0.2000 label_smoothing=0.000
D step=10/30 epoch=1/3 loss=0.1065 l2=0.2000 label_smoothing=0.000
D step=10/30 epoch=2/3 loss=0.0942 l2=0.2000 label_smoothing=0.000
D step=10/30 epoch=3/3 loss=0.0869 l2=0.2000 label_smoothing=0.000
D step=11/30 epoch=1/3 loss=0.1073 l2=0.2000 label_smoothing=0.000
D step=11/30 epoch=2/3 loss=0.0971 l2=0.2000 label_smoothing=0.000
D step=11/30 epoch=3/3 loss=0.0897 l2=0.2000 label_smoothing=0.000
D step=12/30 epoch=1/3 loss=0.1287 l2=0.2000 label_smoothing=0.000
D step=12/30 epoch=2/3 loss=0.1115 l2=0.2000 label_smoothing=0.000
D step=12/30 epoch=3/3 loss=0.1055 l2=0.2000 label_smoothing=0.000
D step=13/30 epoch=1/3 loss=0.0847 l2=0.2000 label_smoothing=0.000
D step=13/30 epoch=2/3 loss=0.0800 l2=0.2000 label_smoothing=0.000
D step=13/30 epoch=3/3 loss=0.0771 l2=0.2000 label_smoothing=0.000
D step=14/30 epoch=1/3 loss=0.0863 l2=0.2000 label_smoothing=0.000
D step=14/30 epoch=2/3 loss=0.0807 l2=0.2000 label_smoothing=0.000
D step=14/30 epoch=3/3 loss=0.0760 l2=0.2000 label_smoothing=0.000
D step=15/30 epoch=1/3 loss=0.0831 l2=0.2000 label_smoothing=0.000
D step=15/30 epoch=2/3 loss=0.0785 l2=0.2000 label_smoothing=0.000
D step=15/30 epoch=3/3 loss=0.0742 l2=0.2000 label_smoothing=0.000
D step=16/30 epoch=1/3 loss=0.0823 l2=0.2000 label_smoothing=0.000
D step=16/30 epoch=2/3 loss=0.0787 l2=0.2000 label_smoothing=0.000
D step=16/30 epoch=3/3 loss=0.0761 l2=0.2000 label_smoothing=0.000
D step=17/30 epoch=1/3 loss=0.0730 l2=0.2000 label_smoothing=0.000
D step=17/30 epoch=2/3 loss=0.0703 l2=0.2000 label_smoothing=0.000
D step=17/30 epoch=3/3 loss=0.0681 l2=0.2000 label_smoothing=0.000
D step=18/30 epoch=1/3 loss=0.0882 l2=0.2000 label_smoothing=0.000
D step=18/30 epoch=2/3 loss=0.0826 l2=0.2000 label_smoothing=0.000
D step=18/30 epoch=3/3 loss=0.0785 l2=0.2000 label_smoothing=0.000
D step=19/30 epoch=1/3 loss=0.0829 l2=0.2000 label_smoothing=0.000
D step=19/30 epoch=2/3 loss=0.0766 l2=0.2000 label_smoothing=0.000
D step=19/30 epoch=3/3 loss=0.0706 l2=0.2000 label_smoothing=0.000
D step=20/30 epoch=1/3 loss=0.0895 l2=0.2000 label_smoothing=0.000
D step=20/30 epoch=2/3 loss=0.0752 l2=0.2000 label_smoothing=0.000
D step=20/30 epoch=3/3 loss=0.0730 l2=0.2000 label_smoothing=0.000
D step=21/30 epoch=1/3 loss=0.0700 l2=0.2000 label_smoothing=0.000
D step=21/30 epoch=2/3 loss=0.0614 l2=0.2000 label_smoothing=0.000
D step=21/30 epoch=3/3 loss=0.0602 l2=0.2000 label_smoothing=0.000
D step=22/30 epoch=1/3 loss=0.0704 l2=0.2000 label_smoothing=0.000
D step=22/30 epoch=2/3 loss=0.0650 l2=0.2000 label_smoothing=0.000
D step=22/30 epoch=3/3 loss=0.0623 l2=0.2000 label_smoothing=0.000
D step=23/30 epoch=1/3 loss=0.0676 l2=0.2000 label_smoothing=0.000
D step=23/30 epoch=2/3 loss=0.0682 l2=0.2000 label_smoothing=0.000
D step=23/30 epoch=3/3 loss=0.0624 l2=0.2000 label_smoothing=0.000
D step=24/30 epoch=1/3 loss=0.0606 l2=0.2000 label_smoothing=0.000
D step=24/30 epoch=2/3 loss=0.0574 l2=0.2000 label_smoothing=0.000
D step=24/30 epoch=3/3 loss=0.0541 l2=0.2000 label_smoothing=0.000
D step=25/30 epoch=1/3 loss=0.0696 l2=0.2000 label_smoothing=0.000
D step=25/30 epoch=2/3 loss=0.0596 l2=0.2000 label_smoothing=0.000
D step=25/30 epoch=3/3 loss=0.0532 l2=0.2000 label_smoothing=0.000
D step=26/30 epoch=1/3 loss=0.0930 l2=0.2000 label_smoothing=0.000
D step=26/30 epoch=2/3 loss=0.0717 l2=0.2000 label_smoothing=0.000
D step=26/30 epoch=3/3 loss=0.0609 l2=0.2000 label_smoothing=0.000
D step=27/30 epoch=1/3 loss=0.0575 l2=0.2000 label_smoothing=0.000
D step=27/30 epoch=2/3 loss=0.0552 l2=0.2000 label_smoothing=0.000
D step=27/30 epoch=3/3 loss=0.0522 l2=0.2000 label_smoothing=0.000
D step=28/30 epoch=1/3 loss=0.0514 l2=0.2000 label_smoothing=0.000
D step=28/30 epoch=2/3 loss=0.0494 l2=0.2000 label_smoothing=0.000
D step=28/30 epoch=3/3 loss=0.0479 l2=0.2000 label_smoothing=0.000
D step=29/30 epoch=1/3 loss=0.0498 l2=0.2000 label_smoothing=0.000
D step=29/30 epoch=2/3 loss=0.0469 l2=0.2000 label_smoothing=0.000
D step=29/30 epoch=3/3 loss=0.0461 l2=0.2000 label_smoothing=0.000
D step=30/30 epoch=1/3 loss=0.0493 l2=0.2000 label_smoothing=0.000
D step=30/30 epoch=2/3 loss=0.0459 l2=0.2000 label_smoothing=0.000
D step=30/30 epoch=3/3 loss=0.0441 l2=0.2000 label_smoothing=0.000

[3/3] adversarial
generator_reward_mode=off reward_alpha=1.000 d_steps=5 d_epochs=3
D step=1/5 epoch=1/3 loss=0.0437 l2=0.2000 label_smoothing=0.000
D step=1/5 epoch=2/3 loss=0.0394 l2=0.2000 label_smoothing=0.000
D step=1/5 epoch=3/3 loss=0.0370 l2=0.2000 label_smoothing=0.000
D step=2/5 epoch=1/3 loss=0.0360 l2=0.2000 label_smoothing=0.000
D step=2/5 epoch=2/3 loss=0.0331 l2=0.2000 label_smoothing=0.000
D step=2/5 epoch=3/3 loss=0.0311 l2=0.2000 label_smoothing=0.000
D step=3/5 epoch=1/3 loss=0.0311 l2=0.2000 label_smoothing=0.000
D step=3/5 epoch=2/3 loss=0.0290 l2=0.2000 label_smoothing=0.000
D step=3/5 epoch=3/3 loss=0.0264 l2=0.2000 label_smoothing=0.000
D step=4/5 epoch=1/3 loss=0.0247 l2=0.2000 label_smoothing=0.000
D step=4/5 epoch=2/3 loss=0.0233 l2=0.2000 label_smoothing=0.000
D step=4/5 epoch=3/3 loss=0.0220 l2=0.2000 label_smoothing=0.000
D step=5/5 epoch=1/3 loss=0.0211 l2=0.2000 label_smoothing=0.000
D step=5/5 epoch=2/3 loss=0.0198 l2=0.2000 label_smoothing=0.000
D step=5/5 epoch=3/3 loss=0.0183 l2=0.2000 label_smoothing=0.000
ADV epoch=1/60 g_loss=0.0178 d_loss=0.0291 reward=0.0239 reward_var=0.0076 unique=0.7400
D step=1/5 epoch=1/3 loss=0.0227 l2=0.2000 label_smoothing=0.000
D step=1/5 epoch=2/3 loss=0.0188 l2=0.2000 label_smoothing=0.000
D step=1/5 epoch=3/3 loss=0.0179 l2=0.2000 label_smoothing=0.000
D step=2/5 epoch=1/3 loss=0.0182 l2=0.2000 label_smoothing=0.000
D step=2/5 epoch=2/3 loss=0.0173 l2=0.2000 label_smoothing=0.000
D step=2/5 epoch=3/3 loss=0.0160 l2=0.2000 label_smoothing=0.000
D step=3/5 epoch=1/3 loss=0.0158 l2=0.2000 label_smoothing=0.000
D step=3/5 epoch=2/3 loss=0.0146 l2=0.2000 label_smoothing=0.000
D step=3/5 epoch=3/3 loss=0.0138 l2=0.2000 label_smoothing=0.000
D step=4/5 epoch=1/3 loss=0.0140 l2=0.2000 label_smoothing=0.000
D step=4/5 epoch=2/3 loss=0.0126 l2=0.2000 label_smoothing=0.000
D step=4/5 epoch=3/3 loss=0.0121 l2=0.2000 label_smoothing=0.000
D step=5/5 epoch=1/3 loss=0.0127 l2=0.2000 label_smoothing=0.000
D step=5/5 epoch=2/3 loss=0.0112 l2=0.2000 label_smoothing=0.000
D step=5/5 epoch=3/3 loss=0.0107 l2=0.2000 label_smoothing=0.000
ADV epoch=2/60 g_loss=0.0098 d_loss=0.0152 reward=0.0151 reward_var=0.0013 unique=0.8000
D step=1/5 epoch=1/3 loss=0.0105 l2=0.2000 label_smoothing=0.000
D step=1/5 epoch=2/3 loss=0.0097 l2=0.2000 label_smoothing=0.000
D step=1/5 epoch=3/3 loss=0.0089 l2=0.2000 label_smoothing=0.000
D step=2/5 epoch=1/3 loss=0.0089 l2=0.2000 label_smoothing=0.000
D step=2/5 epoch=2/3 loss=0.0081 l2=0.2000 label_smoothing=0.000
D step=2/5 epoch=3/3 loss=0.0074 l2=0.2000 label_smoothing=0.000
D step=3/5 epoch=1/3 loss=0.0078 l2=0.2000 label_smoothing=0.000
D step=3/5 epoch=2/3 loss=0.0072 l2=0.2000 label_smoothing=0.000
D step=3/5 epoch=3/3 loss=0.0062 l2=0.2000 label_smoothing=0.000
D step=4/5 epoch=1/3 loss=0.0062 l2=0.2000 label_smoothing=0.000
D step=4/5 epoch=2/3 loss=0.0055 l2=0.2000 label_smoothing=0.000
D step=4/5 epoch=3/3 loss=0.0052 l2=0.2000 label_smoothing=0.000
D step=5/5 epoch=1/3 loss=0.0052 l2=0.2000 label_smoothing=0.000
D step=5/5 epoch=2/3 loss=0.0047 l2=0.2000 label_smoothing=0.000
D step=5/5 epoch=3/3 loss=0.0044 l2=0.2000 label_smoothing=0.000
ADV epoch=3/60 g_loss=0.0040 d_loss=0.0071 reward=0.0051 reward_var=0.0002 unique=0.8200
saved 500 raw samples to /content/drive/MyDrive/GAN/GAN_SQLi_Colab/results_seqgan_phase2b_phase3/phase2b/seqgan_master/time/D/R100/generated_payloads.csv
