
[1/3] pretrain G
G epoch=1/60 loss=3.0887
G epoch=2/60 loss=2.0028
G epoch=3/60 loss=1.6393
G epoch=4/60 loss=1.3814
G epoch=5/60 loss=1.1886
G epoch=6/60 loss=1.0490
G epoch=7/60 loss=0.9414
G epoch=8/60 loss=0.8701
G epoch=9/60 loss=0.8106
G epoch=10/60 loss=0.7624
G epoch=11/60 loss=0.7305
G epoch=12/60 loss=0.6872
G epoch=13/60 loss=0.6577
G epoch=14/60 loss=0.6360
G epoch=15/60 loss=0.6104
G epoch=16/60 loss=0.6046
G epoch=17/60 loss=0.6105
G epoch=18/60 loss=0.5769
G epoch=19/60 loss=0.5615
G epoch=20/60 loss=0.5520
G epoch=21/60 loss=0.5349
G epoch=22/60 loss=0.5559
G epoch=23/60 loss=0.5361
G epoch=24/60 loss=0.5219
G epoch=25/60 loss=0.5122
G epoch=26/60 loss=0.5072
G epoch=27/60 loss=0.5025
G epoch=28/60 loss=0.4981
G epoch=29/60 loss=0.4906
G epoch=30/60 loss=0.4840
G epoch=31/60 loss=0.4789
G epoch=32/60 loss=0.4791
G epoch=33/60 loss=0.4738
G epoch=34/60 loss=0.4742
G epoch=35/60 loss=0.4678
G epoch=36/60 loss=0.4682
G epoch=37/60 loss=0.4589
G epoch=38/60 loss=0.4540
G epoch=39/60 loss=0.4553
G epoch=40/60 loss=0.4511
G epoch=41/60 loss=0.4519
G epoch=42/60 loss=0.4477
G epoch=43/60 loss=0.4432
G epoch=44/60 loss=0.4363
G epoch=45/60 loss=0.4362
G epoch=46/60 loss=0.4360
G epoch=47/60 loss=0.4341
G epoch=48/60 loss=0.4332
G epoch=49/60 loss=0.4322
G epoch=50/60 loss=0.4333
G epoch=51/60 loss=0.4277
G epoch=52/60 loss=0.4261
G epoch=53/60 loss=0.4250
G epoch=54/60 loss=0.4244
G epoch=55/60 loss=0.4224
G epoch=56/60 loss=0.4190
G epoch=57/60 loss=0.4178
G epoch=58/60 loss=0.4178
G epoch=59/60 loss=0.4161
G epoch=60/60 loss=0.4158

[2/3] pretrain D
D step=1/30 epoch=1/3 loss=0.7911 l2=0.2000 label_smoothing=0.000
D step=1/30 epoch=2/3 loss=0.7503 l2=0.2000 label_smoothing=0.000
D step=1/30 epoch=3/3 loss=0.7347 l2=0.2000 label_smoothing=0.000
D step=2/30 epoch=1/3 loss=0.7315 l2=0.2000 label_smoothing=0.000
D step=2/30 epoch=2/3 loss=0.7104 l2=0.2000 label_smoothing=0.000
D step=2/30 epoch=3/3 loss=0.6943 l2=0.2000 label_smoothing=0.000
D step=3/30 epoch=1/3 loss=0.6954 l2=0.2000 label_smoothing=0.000
D step=3/30 epoch=2/3 loss=0.6771 l2=0.2000 label_smoothing=0.000
D step=3/30 epoch=3/3 loss=0.6602 l2=0.2000 label_smoothing=0.000
D step=4/30 epoch=1/3 loss=0.6859 l2=0.2000 label_smoothing=0.000
D step=4/30 epoch=2/3 loss=0.6584 l2=0.2000 label_smoothing=0.000
D step=4/30 epoch=3/3 loss=0.6423 l2=0.2000 label_smoothing=0.000
D step=5/30 epoch=1/3 loss=0.6617 l2=0.2000 label_smoothing=0.000
D step=5/30 epoch=2/3 loss=0.6360 l2=0.2000 label_smoothing=0.000
D step=5/30 epoch=3/3 loss=0.6217 l2=0.2000 label_smoothing=0.000
D step=6/30 epoch=1/3 loss=0.6384 l2=0.2000 label_smoothing=0.000
D step=6/30 epoch=2/3 loss=0.6227 l2=0.2000 label_smoothing=0.000
D step=6/30 epoch=3/3 loss=0.6014 l2=0.2000 label_smoothing=0.000
D step=7/30 epoch=1/3 loss=0.6432 l2=0.2000 label_smoothing=0.000
D step=7/30 epoch=2/3 loss=0.6127 l2=0.2000 label_smoothing=0.000
D step=7/30 epoch=3/3 loss=0.5945 l2=0.2000 label_smoothing=0.000
D step=8/30 epoch=1/3 loss=0.6238 l2=0.2000 label_smoothing=0.000
D step=8/30 epoch=2/3 loss=0.5930 l2=0.2000 label_smoothing=0.000
D step=8/30 epoch=3/3 loss=0.5804 l2=0.2000 label_smoothing=0.000
D step=9/30 epoch=1/3 loss=0.6091 l2=0.2000 label_smoothing=0.000
D step=9/30 epoch=2/3 loss=0.5915 l2=0.2000 label_smoothing=0.000
D step=9/30 epoch=3/3 loss=0.5820 l2=0.2000 label_smoothing=0.000
D step=10/30 epoch=1/3 loss=0.6001 l2=0.2000 label_smoothing=0.000
D step=10/30 epoch=2/3 loss=0.5812 l2=0.2000 label_smoothing=0.000
D step=10/30 epoch=3/3 loss=0.5694 l2=0.2000 label_smoothing=0.000
D step=11/30 epoch=1/3 loss=0.5857 l2=0.2000 label_smoothing=0.000
D step=11/30 epoch=2/3 loss=0.5687 l2=0.2000 label_smoothing=0.000
D step=11/30 epoch=3/3 loss=0.5501 l2=0.2000 label_smoothing=0.000
D step=12/30 epoch=1/3 loss=0.5800 l2=0.2000 label_smoothing=0.000
D step=12/30 epoch=2/3 loss=0.5797 l2=0.2000 label_smoothing=0.000
D step=12/30 epoch=3/3 loss=0.5559 l2=0.2000 label_smoothing=0.000
D step=13/30 epoch=1/3 loss=0.5669 l2=0.2000 label_smoothing=0.000
D step=13/30 epoch=2/3 loss=0.5527 l2=0.2000 label_smoothing=0.000
D step=13/30 epoch=3/3 loss=0.5361 l2=0.2000 label_smoothing=0.000
D step=14/30 epoch=1/3 loss=0.5642 l2=0.2000 label_smoothing=0.000
D step=14/30 epoch=2/3 loss=0.5430 l2=0.2000 label_smoothing=0.000
D step=14/30 epoch=3/3 loss=0.5285 l2=0.2000 label_smoothing=0.000
D step=15/30 epoch=1/3 loss=0.5666 l2=0.2000 label_smoothing=0.000
D step=15/30 epoch=2/3 loss=0.5490 l2=0.2000 label_smoothing=0.000
D step=15/30 epoch=3/3 loss=0.5342 l2=0.2000 label_smoothing=0.000
D step=16/30 epoch=1/3 loss=0.5578 l2=0.2000 label_smoothing=0.000
D step=16/30 epoch=2/3 loss=0.5361 l2=0.2000 label_smoothing=0.000
D step=16/30 epoch=3/3 loss=0.5283 l2=0.2000 label_smoothing=0.000
D step=17/30 epoch=1/3 loss=0.5396 l2=0.2000 label_smoothing=0.000
D step=17/30 epoch=2/3 loss=0.5172 l2=0.2000 label_smoothing=0.000
D step=17/30 epoch=3/3 loss=0.5079 l2=0.2000 label_smoothing=0.000
D step=18/30 epoch=1/3 loss=0.5345 l2=0.2000 label_smoothing=0.000
D step=18/30 epoch=2/3 loss=0.5166 l2=0.2000 label_smoothing=0.000
D step=18/30 epoch=3/3 loss=0.5034 l2=0.2000 label_smoothing=0.000
D step=19/30 epoch=1/3 loss=0.5304 l2=0.2000 label_smoothing=0.000
D step=19/30 epoch=2/3 loss=0.5108 l2=0.2000 label_smoothing=0.000
D step=19/30 epoch=3/3 loss=0.4996 l2=0.2000 label_smoothing=0.000
D step=20/30 epoch=1/3 loss=0.5349 l2=0.2000 label_smoothing=0.000
D step=20/30 epoch=2/3 loss=0.5121 l2=0.2000 label_smoothing=0.000
D step=20/30 epoch=3/3 loss=0.4992 l2=0.2000 label_smoothing=0.000
D step=21/30 epoch=1/3 loss=0.5324 l2=0.2000 label_smoothing=0.000
D step=21/30 epoch=2/3 loss=0.5077 l2=0.2000 label_smoothing=0.000
D step=21/30 epoch=3/3 loss=0.4969 l2=0.2000 label_smoothing=0.000
D step=22/30 epoch=1/3 loss=0.5278 l2=0.2000 label_smoothing=0.000
D step=22/30 epoch=2/3 loss=0.4995 l2=0.2000 label_smoothing=0.000
D step=22/30 epoch=3/3 loss=0.4886 l2=0.2000 label_smoothing=0.000
D step=23/30 epoch=1/3 loss=0.5061 l2=0.2000 label_smoothing=0.000
D step=23/30 epoch=2/3 loss=0.4792 l2=0.2000 label_smoothing=0.000
D step=23/30 epoch=3/3 loss=0.4674 l2=0.2000 label_smoothing=0.000
D step=24/30 epoch=1/3 loss=0.5013 l2=0.2000 label_smoothing=0.000
D step=24/30 epoch=2/3 loss=0.4942 l2=0.2000 label_smoothing=0.000
D step=24/30 epoch=3/3 loss=0.4784 l2=0.2000 label_smoothing=0.000
D step=25/30 epoch=1/3 loss=0.5117 l2=0.2000 label_smoothing=0.000
D step=25/30 epoch=2/3 loss=0.4925 l2=0.2000 label_smoothing=0.000
D step=25/30 epoch=3/3 loss=0.4779 l2=0.2000 label_smoothing=0.000
D step=26/30 epoch=1/3 loss=0.5067 l2=0.2000 label_smoothing=0.000
D step=26/30 epoch=2/3 loss=0.4860 l2=0.2000 label_smoothing=0.000
D step=26/30 epoch=3/3 loss=0.4699 l2=0.2000 label_smoothing=0.000
D step=27/30 epoch=1/3 loss=0.5061 l2=0.2000 label_smoothing=0.000
D step=27/30 epoch=2/3 loss=0.4802 l2=0.2000 label_smoothing=0.000
D step=27/30 epoch=3/3 loss=0.4685 l2=0.2000 label_smoothing=0.000
D step=28/30 epoch=1/3 loss=0.5010 l2=0.2000 label_smoothing=0.000
D step=28/30 epoch=2/3 loss=0.4772 l2=0.2000 label_smoothing=0.000
D step=28/30 epoch=3/3 loss=0.4647 l2=0.2000 label_smoothing=0.000
D step=29/30 epoch=1/3 loss=0.4973 l2=0.2000 label_smoothing=0.000
D step=29/30 epoch=2/3 loss=0.4702 l2=0.2000 label_smoothing=0.000
D step=29/30 epoch=3/3 loss=0.4609 l2=0.2000 label_smoothing=0.000
D step=30/30 epoch=1/3 loss=0.4750 l2=0.2000 label_smoothing=0.000
D step=30/30 epoch=2/3 loss=0.4562 l2=0.2000 label_smoothing=0.000
D step=30/30 epoch=3/3 loss=0.4450 l2=0.2000 label_smoothing=0.000

[3/3] adversarial
generator_reward_mode=off reward_alpha=1.000 d_steps=5 d_epochs=3
D step=1/5 epoch=1/3 loss=0.2948 l2=0.2000 label_smoothing=0.000
D step=1/5 epoch=2/3 loss=0.2425 l2=0.2000 label_smoothing=0.000
D step=1/5 epoch=3/3 loss=0.2304 l2=0.2000 label_smoothing=0.000
D step=2/5 epoch=1/3 loss=0.2672 l2=0.2000 label_smoothing=0.000
D step=2/5 epoch=2/3 loss=0.2557 l2=0.2000 label_smoothing=0.000
D step=2/5 epoch=3/3 loss=0.2585 l2=0.2000 label_smoothing=0.000
D step=3/5 epoch=1/3 loss=0.2636 l2=0.2000 label_smoothing=0.000
D step=3/5 epoch=2/3 loss=0.2402 l2=0.2000 label_smoothing=0.000
D step=3/5 epoch=3/3 loss=0.2354 l2=0.2000 label_smoothing=0.000
D step=4/5 epoch=1/3 loss=0.2472 l2=0.2000 label_smoothing=0.000
D step=4/5 epoch=2/3 loss=0.2305 l2=0.2000 label_smoothing=0.000
D step=4/5 epoch=3/3 loss=0.2259 l2=0.2000 label_smoothing=0.000
D step=5/5 epoch=1/3 loss=0.2394 l2=0.2000 label_smoothing=0.000
D step=5/5 epoch=2/3 loss=0.2225 l2=0.2000 label_smoothing=0.000
D step=5/5 epoch=3/3 loss=0.2184 l2=0.2000 label_smoothing=0.000
ADV epoch=1/60 g_loss=0.1118 d_loss=0.2448 reward=0.2964 reward_var=0.0349 unique=0.6000
D step=1/5 epoch=1/3 loss=0.1814 l2=0.2000 label_smoothing=0.000
D step=1/5 epoch=2/3 loss=0.1518 l2=0.2000 label_smoothing=0.000
D step=1/5 epoch=3/3 loss=0.1444 l2=0.2000 label_smoothing=0.000
D step=2/5 epoch=1/3 loss=0.1632 l2=0.2000 label_smoothing=0.000
D step=2/5 epoch=2/3 loss=0.1524 l2=0.2000 label_smoothing=0.000
D step=2/5 epoch=3/3 loss=0.1457 l2=0.2000 label_smoothing=0.000
D step=3/5 epoch=1/3 loss=0.1707 l2=0.2000 label_smoothing=0.000
D step=3/5 epoch=2/3 loss=0.1509 l2=0.2000 label_smoothing=0.000
D step=3/5 epoch=3/3 loss=0.1465 l2=0.2000 label_smoothing=0.000
D step=4/5 epoch=1/3 loss=0.1682 l2=0.2000 label_smoothing=0.000
D step=4/5 epoch=2/3 loss=0.1612 l2=0.2000 label_smoothing=0.000
D step=4/5 epoch=3/3 loss=0.1579 l2=0.2000 label_smoothing=0.000
D step=5/5 epoch=1/3 loss=0.1649 l2=0.2000 label_smoothing=0.000
D step=5/5 epoch=2/3 loss=0.1517 l2=0.2000 label_smoothing=0.000
D step=5/5 epoch=3/3 loss=0.1438 l2=0.2000 label_smoothing=0.000
ADV epoch=2/60 g_loss=0.0969 d_loss=0.1570 reward=0.3365 reward_var=0.0990 unique=0.7600
D step=1/5 epoch=1/3 loss=0.1065 l2=0.2000 label_smoothing=0.000
D step=1/5 epoch=2/3 loss=0.0890 l2=0.2000 label_smoothing=0.000
D step=1/5 epoch=3/3 loss=0.0864 l2=0.2000 label_smoothing=0.000
D step=2/5 epoch=1/3 loss=0.0987 l2=0.2000 label_smoothing=0.000
D step=2/5 epoch=2/3 loss=0.0909 l2=0.2000 label_smoothing=0.000
D step=2/5 epoch=3/3 loss=0.0858 l2=0.2000 label_smoothing=0.000
D step=3/5 epoch=1/3 loss=0.0980 l2=0.2000 label_smoothing=0.000
D step=3/5 epoch=2/3 loss=0.0920 l2=0.2000 label_smoothing=0.000
D step=3/5 epoch=3/3 loss=0.0870 l2=0.2000 label_smoothing=0.000
D step=4/5 epoch=1/3 loss=0.1019 l2=0.2000 label_smoothing=0.000
D step=4/5 epoch=2/3 loss=0.0927 l2=0.2000 label_smoothing=0.000
D step=4/5 epoch=3/3 loss=0.0898 l2=0.2000 label_smoothing=0.000
D step=5/5 epoch=1/3 loss=0.1035 l2=0.2000 label_smoothing=0.000
D step=5/5 epoch=2/3 loss=0.0909 l2=0.2000 label_smoothing=0.000
D step=5/5 epoch=3/3 loss=0.0879 l2=0.2000 label_smoothing=0.000
ADV epoch=3/60 g_loss=0.0934 d_loss=0.0934 reward=0.3771 reward_var=0.1266 unique=0.8600
D step=1/5 epoch=1/3 loss=0.0985 l2=0.2000 label_smoothing=0.000
D step=1/5 epoch=2/3 loss=0.0855 l2=0.2000 label_smoothing=0.000
D step=1/5 epoch=3/3 loss=0.0851 l2=0.2000 label_smoothing=0.000
D step=2/5 epoch=1/3 loss=0.1074 l2=0.2000 label_smoothing=0.000
D step=2/5 epoch=2/3 loss=0.0933 l2=0.2000 label_smoothing=0.000
D step=2/5 epoch=3/3 loss=0.0930 l2=0.2000 label_smoothing=0.000
D step=3/5 epoch=1/3 loss=0.0990 l2=0.2000 label_smoothing=0.000
D step=3/5 epoch=2/3 loss=0.0927 l2=0.2000 label_smoothing=0.000
D step=3/5 epoch=3/3 loss=0.0905 l2=0.2000 label_smoothing=0.000
D step=4/5 epoch=1/3 loss=0.0963 l2=0.2000 label_smoothing=0.000
D step=4/5 epoch=2/3 loss=0.0888 l2=0.2000 label_smoothing=0.000
D step=4/5 epoch=3/3 loss=0.0864 l2=0.2000 label_smoothing=0.000
D step=5/5 epoch=1/3 loss=0.1007 l2=0.2000 label_smoothing=0.000
D step=5/5 epoch=2/3 loss=0.0907 l2=0.2000 label_smoothing=0.000
D step=5/5 epoch=3/3 loss=0.0897 l2=0.2000 label_smoothing=0.000
ADV epoch=4/60 g_loss=0.0515 d_loss=0.0932 reward=0.1817 reward_var=0.0458 unique=0.6600
D step=1/5 epoch=1/3 loss=0.1075 l2=0.2000 label_smoothing=0.000
D step=1/5 epoch=2/3 loss=0.0974 l2=0.2000 label_smoothing=0.000
D step=1/5 epoch=3/3 loss=0.0948 l2=0.2000 label_smoothing=0.000
D step=2/5 epoch=1/3 loss=0.1067 l2=0.2000 label_smoothing=0.000
D step=2/5 epoch=2/3 loss=0.0980 l2=0.2000 label_smoothing=0.000
D step=2/5 epoch=3/3 loss=0.0952 l2=0.2000 label_smoothing=0.000
D step=3/5 epoch=1/3 loss=0.1107 l2=0.2000 label_smoothing=0.000
D step=3/5 epoch=2/3 loss=0.1027 l2=0.2000 label_smoothing=0.000
D step=3/5 epoch=3/3 loss=0.1024 l2=0.2000 label_smoothing=0.000
D step=4/5 epoch=1/3 loss=0.1039 l2=0.2000 label_smoothing=0.000
D step=4/5 epoch=2/3 loss=0.0933 l2=0.2000 label_smoothing=0.000
D step=4/5 epoch=3/3 loss=0.0931 l2=0.2000 label_smoothing=0.000
D step=5/5 epoch=1/3 loss=0.0963 l2=0.2000 label_smoothing=0.000
D step=5/5 epoch=2/3 loss=0.0921 l2=0.2000 label_smoothing=0.000
D step=5/5 epoch=3/3 loss=0.0885 l2=0.2000 label_smoothing=0.000
ADV epoch=5/60 g_loss=0.0457 d_loss=0.0988 reward=0.1422 reward_var=0.0519 unique=0.9200
D step=1/5 epoch=1/3 loss=0.1108 l2=0.2000 label_smoothing=0.000
D step=1/5 epoch=2/3 loss=0.1015 l2=0.2000 label_smoothing=0.000
D step=1/5 epoch=3/3 loss=0.1001 l2=0.2000 label_smoothing=0.000
D step=2/5 epoch=1/3 loss=0.1141 l2=0.2000 label_smoothing=0.000
D step=2/5 epoch=2/3 loss=0.1058 l2=0.2000 label_smoothing=0.000
D step=2/5 epoch=3/3 loss=0.1026 l2=0.2000 label_smoothing=0.000
D step=3/5 epoch=1/3 loss=0.1119 l2=0.2000 label_smoothing=0.000
D step=3/5 epoch=2/3 loss=0.1031 l2=0.2000 label_smoothing=0.000
D step=3/5 epoch=3/3 loss=0.1029 l2=0.2000 label_smoothing=0.000
D step=4/5 epoch=1/3 loss=0.1153 l2=0.2000 label_smoothing=0.000
D step=4/5 epoch=2/3 loss=0.1058 l2=0.2000 label_smoothing=0.000
D step=4/5 epoch=3/3 loss=0.1047 l2=0.2000 label_smoothing=0.000
D step=5/5 epoch=1/3 loss=0.1018 l2=0.2000 label_smoothing=0.000
D step=5/5 epoch=2/3 loss=0.0971 l2=0.2000 label_smoothing=0.000
D step=5/5 epoch=3/3 loss=0.0957 l2=0.2000 label_smoothing=0.000
ADV epoch=6/60 g_loss=0.0375 d_loss=0.1049 reward=0.1340 reward_var=0.0427 unique=0.8200
D step=1/5 epoch=1/3 loss=0.1335 l2=0.2000 label_smoothing=0.000
D step=1/5 epoch=2/3 loss=0.1239 l2=0.2000 label_smoothing=0.000
D step=1/5 epoch=3/3 loss=0.1235 l2=0.2000 label_smoothing=0.000
D step=2/5 epoch=1/3 loss=0.1263 l2=0.2000 label_smoothing=0.000
D step=2/5 epoch=2/3 loss=0.1158 l2=0.2000 label_smoothing=0.000
D step=2/5 epoch=3/3 loss=0.1150 l2=0.2000 label_smoothing=0.000
D step=3/5 epoch=1/3 loss=0.1284 l2=0.2000 label_smoothing=0.000
D step=3/5 epoch=2/3 loss=0.1193 l2=0.2000 label_smoothing=0.000
D step=3/5 epoch=3/3 loss=0.1183 l2=0.2000 label_smoothing=0.000
D step=4/5 epoch=1/3 loss=0.1172 l2=0.2000 label_smoothing=0.000
D step=4/5 epoch=2/3 loss=0.1201 l2=0.2000 label_smoothing=0.000
D step=4/5 epoch=3/3 loss=0.1165 l2=0.2000 label_smoothing=0.000
D step=5/5 epoch=1/3 loss=0.1275 l2=0.2000 label_smoothing=0.000
D step=5/5 epoch=2/3 loss=0.1185 l2=0.2000 label_smoothing=0.000
D step=5/5 epoch=3/3 loss=0.1178 l2=0.2000 label_smoothing=0.000
ADV epoch=7/60 g_loss=0.0333 d_loss=0.1214 reward=0.1211 reward_var=0.0446 unique=0.6800
D step=1/5 epoch=1/3 loss=0.1393 l2=0.2000 label_smoothing=0.000
D step=1/5 epoch=2/3 loss=0.1327 l2=0.2000 label_smoothing=0.000
D step=1/5 epoch=3/3 loss=0.1346 l2=0.2000 label_smoothing=0.000
D step=2/5 epoch=1/3 loss=0.1433 l2=0.2000 label_smoothing=0.000
D step=2/5 epoch=2/3 loss=0.1338 l2=0.2000 label_smoothing=0.000
D step=2/5 epoch=3/3 loss=0.1324 l2=0.2000 label_smoothing=0.000
D step=3/5 epoch=1/3 loss=0.1362 l2=0.2000 label_smoothing=0.000
D step=3/5 epoch=2/3 loss=0.1290 l2=0.2000 label_smoothing=0.000
D step=3/5 epoch=3/3 loss=0.1265 l2=0.2000 label_smoothing=0.000
D step=4/5 epoch=1/3 loss=0.1371 l2=0.2000 label_smoothing=0.000
D step=4/5 epoch=2/3 loss=0.1303 l2=0.2000 label_smoothing=0.000
D step=4/5 epoch=3/3 loss=0.1264 l2=0.2000 label_smoothing=0.000
D step=5/5 epoch=1/3 loss=0.1470 l2=0.2000 label_smoothing=0.000
D step=5/5 epoch=2/3 loss=0.1383 l2=0.2000 label_smoothing=0.000
D step=5/5 epoch=3/3 loss=0.1370 l2=0.2000 label_smoothing=0.000
ADV epoch=8/60 g_loss=0.0295 d_loss=0.1349 reward=0.1259 reward_var=0.0401 unique=0.7000
D step=1/5 epoch=1/3 loss=0.1457 l2=0.2000 label_smoothing=0.000
D step=1/5 epoch=2/3 loss=0.1400 l2=0.2000 label_smoothing=0.000
D step=1/5 epoch=3/3 loss=0.1374 l2=0.2000 label_smoothing=0.000
D step=2/5 epoch=1/3 loss=0.1486 l2=0.2000 label_smoothing=0.000
D step=2/5 epoch=2/3 loss=0.1335 l2=0.2000 label_smoothing=0.000
D step=2/5 epoch=3/3 loss=0.1346 l2=0.2000 label_smoothing=0.000
D step=3/5 epoch=1/3 loss=0.1470 l2=0.2000 label_smoothing=0.000
D step=3/5 epoch=2/3 loss=0.1384 l2=0.2000 label_smoothing=0.000
D step=3/5 epoch=3/3 loss=0.1376 l2=0.2000 label_smoothing=0.000
D step=4/5 epoch=1/3 loss=0.1423 l2=0.2000 label_smoothing=0.000
D step=4/5 epoch=2/3 loss=0.1402 l2=0.2000 label_smoothing=0.000
D step=4/5 epoch=3/3 loss=0.1382 l2=0.2000 label_smoothing=0.000
D step=5/5 epoch=1/3 loss=0.1538 l2=0.2000 label_smoothing=0.000
D step=5/5 epoch=2/3 loss=0.1453 l2=0.2000 label_smoothing=0.000
D step=5/5 epoch=3/3 loss=0.1436 l2=0.2000 label_smoothing=0.000
ADV epoch=9/60 g_loss=0.0207 d_loss=0.1418 reward=0.0887 reward_var=0.0258 unique=0.8600
D step=1/5 epoch=1/3 loss=0.1504 l2=0.2000 label_smoothing=0.000
D step=1/5 epoch=2/3 loss=0.1432 l2=0.2000 label_smoothing=0.000
D step=1/5 epoch=3/3 loss=0.1400 l2=0.2000 label_smoothing=0.000
D step=2/5 epoch=1/3 loss=0.1351 l2=0.2000 label_smoothing=0.000
D step=2/5 epoch=2/3 loss=0.1314 l2=0.2000 label_smoothing=0.000
D step=2/5 epoch=3/3 loss=0.1288 l2=0.2000 label_smoothing=0.000
D step=3/5 epoch=1/3 loss=0.1473 l2=0.2000 label_smoothing=0.000
D step=3/5 epoch=2/3 loss=0.1407 l2=0.2000 label_smoothing=0.000
D step=3/5 epoch=3/3 loss=0.1373 l2=0.2000 label_smoothing=0.000
D step=4/5 epoch=1/3 loss=0.1462 l2=0.2000 label_smoothing=0.000
D step=4/5 epoch=2/3 loss=0.1412 l2=0.2000 label_smoothing=0.000
D step=4/5 epoch=3/3 loss=0.1380 l2=0.2000 label_smoothing=0.000
D step=5/5 epoch=1/3 loss=0.1554 l2=0.2000 label_smoothing=0.000
D step=5/5 epoch=2/3 loss=0.1439 l2=0.2000 label_smoothing=0.000
D step=5/5 epoch=3/3 loss=0.1457 l2=0.2000 label_smoothing=0.000
ADV epoch=10/60 g_loss=0.0213 d_loss=0.1416 reward=0.0949 reward_var=0.0126 unique=0.7800
D step=1/5 epoch=1/3 loss=0.1483 l2=0.2000 label_smoothing=0.000
D step=1/5 epoch=2/3 loss=0.1407 l2=0.2000 label_smoothing=0.000
D step=1/5 epoch=3/3 loss=0.1403 l2=0.2000 label_smoothing=0.000
D step=2/5 epoch=1/3 loss=0.1537 l2=0.2000 label_smoothing=0.000
D step=2/5 epoch=2/3 loss=0.1487 l2=0.2000 label_smoothing=0.000
D step=2/5 epoch=3/3 loss=0.1492 l2=0.2000 label_smoothing=0.000
D step=3/5 epoch=1/3 loss=0.1503 l2=0.2000 label_smoothing=0.000
D step=3/5 epoch=2/3 loss=0.1457 l2=0.2000 label_smoothing=0.000
D step=3/5 epoch=3/3 loss=0.1435 l2=0.2000 label_smoothing=0.000
D step=4/5 epoch=1/3 loss=0.1583 l2=0.2000 label_smoothing=0.000
D step=4/5 epoch=2/3 loss=0.1480 l2=0.2000 label_smoothing=0.000
D step=4/5 epoch=3/3 loss=0.1489 l2=0.2000 label_smoothing=0.000
D step=5/5 epoch=1/3 loss=0.1524 l2=0.2000 label_smoothing=0.000
D step=5/5 epoch=2/3 loss=0.1465 l2=0.2000 label_smoothing=0.000
D step=5/5 epoch=3/3 loss=0.1463 l2=0.2000 label_smoothing=0.000
ADV epoch=11/60 g_loss=0.0401 d_loss=0.1480 reward=0.1753 reward_var=0.0299 unique=0.6600
D step=1/5 epoch=1/3 loss=0.1660 l2=0.2000 label_smoothing=0.000
D step=1/5 epoch=2/3 loss=0.1571 l2=0.2000 label_smoothing=0.000
D step=1/5 epoch=3/3 loss=0.1560 l2=0.2000 label_smoothing=0.000
D step=2/5 epoch=1/3 loss=0.1669 l2=0.2000 label_smoothing=0.000
D step=2/5 epoch=2/3 loss=0.1534 l2=0.2000 label_smoothing=0.000
D step=2/5 epoch=3/3 loss=0.1526 l2=0.2000 label_smoothing=0.000
D step=3/5 epoch=1/3 loss=0.1551 l2=0.2000 label_smoothing=0.000
D step=3/5 epoch=2/3 loss=0.1477 l2=0.2000 label_smoothing=0.000
D step=3/5 epoch=3/3 loss=0.1484 l2=0.2000 label_smoothing=0.000
D step=4/5 epoch=1/3 loss=0.1556 l2=0.2000 label_smoothing=0.000
D step=4/5 epoch=2/3 loss=0.1482 l2=0.2000 label_smoothing=0.000
D step=4/5 epoch=3/3 loss=0.1463 l2=0.2000 label_smoothing=0.000
D step=5/5 epoch=1/3 loss=0.1572 l2=0.2000 label_smoothing=0.000
D step=5/5 epoch=2/3 loss=0.1519 l2=0.2000 label_smoothing=0.000
D step=5/5 epoch=3/3 loss=0.1513 l2=0.2000 label_smoothing=0.000
ADV epoch=12/60 g_loss=0.0271 d_loss=0.1542 reward=0.1235 reward_var=0.0162 unique=0.5600
D step=1/5 epoch=1/3 loss=0.1583 l2=0.2000 label_smoothing=0.000
D step=1/5 epoch=2/3 loss=0.1510 l2=0.2000 label_smoothing=0.000
D step=1/5 epoch=3/3 loss=0.1513 l2=0.2000 label_smoothing=0.000
D step=2/5 epoch=1/3 loss=0.1623 l2=0.2000 label_smoothing=0.000
D step=2/5 epoch=2/3 loss=0.1535 l2=0.2000 label_smoothing=0.000
D step=2/5 epoch=3/3 loss=0.1534 l2=0.2000 label_smoothing=0.000
D step=3/5 epoch=1/3 loss=0.1700 l2=0.2000 label_smoothing=0.000
D step=3/5 epoch=2/3 loss=0.1627 l2=0.2000 label_smoothing=0.000
D step=3/5 epoch=3/3 loss=0.1597 l2=0.2000 label_smoothing=0.000
D step=4/5 epoch=1/3 loss=0.1590 l2=0.2000 label_smoothing=0.000
D step=4/5 epoch=2/3 loss=0.1511 l2=0.2000 label_smoothing=0.000
D step=4/5 epoch=3/3 loss=0.1528 l2=0.2000 label_smoothing=0.000
D step=5/5 epoch=1/3 loss=0.1554 l2=0.2000 label_smoothing=0.000
D step=5/5 epoch=2/3 loss=0.1486 l2=0.2000 label_smoothing=0.000
D step=5/5 epoch=3/3 loss=0.1476 l2=0.2000 label_smoothing=0.000
ADV epoch=13/60 g_loss=0.0257 d_loss=0.1558 reward=0.1307 reward_var=0.0142 unique=0.4600
D step=1/5 epoch=1/3 loss=0.1655 l2=0.2000 label_smoothing=0.000
D step=1/5 epoch=2/3 loss=0.1630 l2=0.2000 label_smoothing=0.000
D step=1/5 epoch=3/3 loss=0.1616 l2=0.2000 label_smoothing=0.000
D step=2/5 epoch=1/3 loss=0.1650 l2=0.2000 label_smoothing=0.000
D step=2/5 epoch=2/3 loss=0.1604 l2=0.2000 label_smoothing=0.000
D step=2/5 epoch=3/3 loss=0.1623 l2=0.2000 label_smoothing=0.000
D step=3/5 epoch=1/3 loss=0.1717 l2=0.2000 label_smoothing=0.000
D step=3/5 epoch=2/3 loss=0.1644 l2=0.2000 label_smoothing=0.000
D step=3/5 epoch=3/3 loss=0.1615 l2=0.2000 label_smoothing=0.000
D step=4/5 epoch=1/3 loss=0.1608 l2=0.2000 label_smoothing=0.000
D step=4/5 epoch=2/3 loss=0.1549 l2=0.2000 label_smoothing=0.000
D step=4/5 epoch=3/3 loss=0.1549 l2=0.2000 label_smoothing=0.000
D step=5/5 epoch=1/3 loss=0.1728 l2=0.2000 label_smoothing=0.000
D step=5/5 epoch=2/3 loss=0.1660 l2=0.2000 label_smoothing=0.000
D step=5/5 epoch=3/3 loss=0.1655 l2=0.2000 label_smoothing=0.000
ADV epoch=14/60 g_loss=0.0300 d_loss=0.1633 reward=0.1318 reward_var=0.0192 unique=0.4200
D step=1/5 epoch=1/3 loss=0.1716 l2=0.2000 label_smoothing=0.000
D step=1/5 epoch=2/3 loss=0.1671 l2=0.2000 label_smoothing=0.000
D step=1/5 epoch=3/3 loss=0.1653 l2=0.2000 label_smoothing=0.000
D step=2/5 epoch=1/3 loss=0.1696 l2=0.2000 label_smoothing=0.000
D step=2/5 epoch=2/3 loss=0.1630 l2=0.2000 label_smoothing=0.000
D step=2/5 epoch=3/3 loss=0.1634 l2=0.2000 label_smoothing=0.000
D step=3/5 epoch=1/3 loss=0.1795 l2=0.2000 label_smoothing=0.000
D step=3/5 epoch=2/3 loss=0.1713 l2=0.2000 label_smoothing=0.000
D step=3/5 epoch=3/3 loss=0.1712 l2=0.2000 label_smoothing=0.000
D step=4/5 epoch=1/3 loss=0.1719 l2=0.2000 label_smoothing=0.000
D step=4/5 epoch=2/3 loss=0.1674 l2=0.2000 label_smoothing=0.000
D step=4/5 epoch=3/3 loss=0.1671 l2=0.2000 label_smoothing=0.000
D step=5/5 epoch=1/3 loss=0.1716 l2=0.2000 label_smoothing=0.000
D step=5/5 epoch=2/3 loss=0.1684 l2=0.2000 label_smoothing=0.000
D step=5/5 epoch=3/3 loss=0.1664 l2=0.2000 label_smoothing=0.000
ADV epoch=15/60 g_loss=0.0177 d_loss=0.1690 reward=0.1206 reward_var=0.0120 unique=0.4000
D step=1/5 epoch=1/3 loss=0.1759 l2=0.2000 label_smoothing=0.000
D step=1/5 epoch=2/3 loss=0.1703 l2=0.2000 label_smoothing=0.000
D step=1/5 epoch=3/3 loss=0.1701 l2=0.2000 label_smoothing=0.000
D step=2/5 epoch=1/3 loss=0.1791 l2=0.2000 label_smoothing=0.000
D step=2/5 epoch=2/3 loss=0.1754 l2=0.2000 label_smoothing=0.000
D step=2/5 epoch=3/3 loss=0.1759 l2=0.2000 label_smoothing=0.000
D step=3/5 epoch=1/3 loss=0.1700 l2=0.2000 label_smoothing=0.000
D step=3/5 epoch=2/3 loss=0.1699 l2=0.2000 label_smoothing=0.000
D step=3/5 epoch=3/3 loss=0.1692 l2=0.2000 label_smoothing=0.000
D step=4/5 epoch=1/3 loss=0.1717 l2=0.2000 label_smoothing=0.000
D step=4/5 epoch=2/3 loss=0.1683 l2=0.2000 label_smoothing=0.000
D step=4/5 epoch=3/3 loss=0.1693 l2=0.2000 label_smoothing=0.000
D step=5/5 epoch=1/3 loss=0.1789 l2=0.2000 label_smoothing=0.000
D step=5/5 epoch=2/3 loss=0.1747 l2=0.2000 label_smoothing=0.000
D step=5/5 epoch=3/3 loss=0.1751 l2=0.2000 label_smoothing=0.000
ADV epoch=16/60 g_loss=0.0174 d_loss=0.1729 reward=0.1208 reward_var=0.0133 unique=0.4200
D step=1/5 epoch=1/3 loss=0.1791 l2=0.2000 label_smoothing=0.000
D step=1/5 epoch=2/3 loss=0.1732 l2=0.2000 label_smoothing=0.000
D step=1/5 epoch=3/3 loss=0.1727 l2=0.2000 label_smoothing=0.000
D step=2/5 epoch=1/3 loss=0.1752 l2=0.2000 label_smoothing=0.000
D step=2/5 epoch=2/3 loss=0.1719 l2=0.2000 label_smoothing=0.000
D step=2/5 epoch=3/3 loss=0.1709 l2=0.2000 label_smoothing=0.000
D step=3/5 epoch=1/3 loss=0.1692 l2=0.2000 label_smoothing=0.000
D step=3/5 epoch=2/3 loss=0.1668 l2=0.2000 label_smoothing=0.000
D step=3/5 epoch=3/3 loss=0.1677 l2=0.2000 label_smoothing=0.000
D step=4/5 epoch=1/3 loss=0.1724 l2=0.2000 label_smoothing=0.000
D step=4/5 epoch=2/3 loss=0.1714 l2=0.2000 label_smoothing=0.000
D step=4/5 epoch=3/3 loss=0.1693 l2=0.2000 label_smoothing=0.000
D step=5/5 epoch=1/3 loss=0.1728 l2=0.2000 label_smoothing=0.000
D step=5/5 epoch=2/3 loss=0.1705 l2=0.2000 label_smoothing=0.000
D step=5/5 epoch=3/3 loss=0.1700 l2=0.2000 label_smoothing=0.000
ADV epoch=17/60 g_loss=0.0205 d_loss=0.1715 reward=0.0898 reward_var=0.0094 unique=0.4000
D step=1/5 epoch=1/3 loss=0.1719 l2=0.2000 label_smoothing=0.000
D step=1/5 epoch=2/3 loss=0.1677 l2=0.2000 label_smoothing=0.000
D step=1/5 epoch=3/3 loss=0.1674 l2=0.2000 label_smoothing=0.000
D step=2/5 epoch=1/3 loss=0.1777 l2=0.2000 label_smoothing=0.000
D step=2/5 epoch=2/3 loss=0.1760 l2=0.2000 label_smoothing=0.000
D step=2/5 epoch=3/3 loss=0.1747 l2=0.2000 label_smoothing=0.000
D step=3/5 epoch=1/3 loss=0.1699 l2=0.2000 label_smoothing=0.000
D step=3/5 epoch=2/3 loss=0.1665 l2=0.2000 label_smoothing=0.000
D step=3/5 epoch=3/3 loss=0.1659 l2=0.2000 label_smoothing=0.000
D step=4/5 epoch=1/3 loss=0.1768 l2=0.2000 label_smoothing=0.000
D step=4/5 epoch=2/3 loss=0.1763 l2=0.2000 label_smoothing=0.000
D step=4/5 epoch=3/3 loss=0.1752 l2=0.2000 label_smoothing=0.000
D step=5/5 epoch=1/3 loss=0.1782 l2=0.2000 label_smoothing=0.000
D step=5/5 epoch=2/3 loss=0.1788 l2=0.2000 label_smoothing=0.000
D step=5/5 epoch=3/3 loss=0.1719 l2=0.2000 label_smoothing=0.000
ADV epoch=18/60 g_loss=0.0157 d_loss=0.1730 reward=0.1094 reward_var=0.0102 unique=0.4400
D step=1/5 epoch=1/3 loss=0.1827 l2=0.2000 label_smoothing=0.000
D step=1/5 epoch=2/3 loss=0.1736 l2=0.2000 label_smoothing=0.000
D step=1/5 epoch=3/3 loss=0.1722 l2=0.2000 label_smoothing=0.000
D step=2/5 epoch=1/3 loss=0.1729 l2=0.2000 label_smoothing=0.000
D step=2/5 epoch=2/3 loss=0.1685 l2=0.2000 label_smoothing=0.000
D step=2/5 epoch=3/3 loss=0.1681 l2=0.2000 label_smoothing=0.000
D step=3/5 epoch=1/3 loss=0.1752 l2=0.2000 label_smoothing=0.000
D step=3/5 epoch=2/3 loss=0.1738 l2=0.2000 label_smoothing=0.000
D step=3/5 epoch=3/3 loss=0.1719 l2=0.2000 label_smoothing=0.000
D step=4/5 epoch=1/3 loss=0.1786 l2=0.2000 label_smoothing=0.000
D step=4/5 epoch=2/3 loss=0.1721 l2=0.2000 label_smoothing=0.000
D step=4/5 epoch=3/3 loss=0.1697 l2=0.2000 label_smoothing=0.000
D step=5/5 epoch=1/3 loss=0.1783 l2=0.2000 label_smoothing=0.000
D step=5/5 epoch=2/3 loss=0.1738 l2=0.2000 label_smoothing=0.000
D step=5/5 epoch=3/3 loss=0.1694 l2=0.2000 label_smoothing=0.000
ADV epoch=19/60 g_loss=0.0142 d_loss=0.1734 reward=0.1151 reward_var=0.0093 unique=0.4600
D step=1/5 epoch=1/3 loss=0.1826 l2=0.2000 label_smoothing=0.000
D step=1/5 epoch=2/3 loss=0.1784 l2=0.2000 label_smoothing=0.000
D step=1/5 epoch=3/3 loss=0.1783 l2=0.2000 label_smoothing=0.000
D step=2/5 epoch=1/3 loss=0.1759 l2=0.2000 label_smoothing=0.000
D step=2/5 epoch=2/3 loss=0.1743 l2=0.2000 label_smoothing=0.000
D step=2/5 epoch=3/3 loss=0.1735 l2=0.2000 label_smoothing=0.000
D step=3/5 epoch=1/3 loss=0.1820 l2=0.2000 label_smoothing=0.000
D step=3/5 epoch=2/3 loss=0.1773 l2=0.2000 label_smoothing=0.000
D step=3/5 epoch=3/3 loss=0.1765 l2=0.2000 label_smoothing=0.000
D step=4/5 epoch=1/3 loss=0.1788 l2=0.2000 label_smoothing=0.000
D step=4/5 epoch=2/3 loss=0.1772 l2=0.2000 label_smoothing=0.000
D step=4/5 epoch=3/3 loss=0.1762 l2=0.2000 label_smoothing=0.000
D step=5/5 epoch=1/3 loss=0.1766 l2=0.2000 label_smoothing=0.000
D step=5/5 epoch=2/3 loss=0.1762 l2=0.2000 label_smoothing=0.000
D step=5/5 epoch=3/3 loss=0.1761 l2=0.2000 label_smoothing=0.000
ADV epoch=20/60 g_loss=0.0118 d_loss=0.1773 reward=0.0933 reward_var=0.0094 unique=0.4200
D step=1/5 epoch=1/3 loss=0.1790 l2=0.2000 label_smoothing=0.000
D step=1/5 epoch=2/3 loss=0.1734 l2=0.2000 label_smoothing=0.000
D step=1/5 epoch=3/3 loss=0.1745 l2=0.2000 label_smoothing=0.000
D step=2/5 epoch=1/3 loss=0.1803 l2=0.2000 label_smoothing=0.000
D step=2/5 epoch=2/3 loss=0.1800 l2=0.2000 label_smoothing=0.000
D step=2/5 epoch=3/3 loss=0.1777 l2=0.2000 label_smoothing=0.000
D step=3/5 epoch=1/3 loss=0.1755 l2=0.2000 label_smoothing=0.000
D step=3/5 epoch=2/3 loss=0.1750 l2=0.2000 label_smoothing=0.000
D step=3/5 epoch=3/3 loss=0.1746 l2=0.2000 label_smoothing=0.000
D step=4/5 epoch=1/3 loss=0.1792 l2=0.2000 label_smoothing=0.000
D step=4/5 epoch=2/3 loss=0.1765 l2=0.2000 label_smoothing=0.000
D step=4/5 epoch=3/3 loss=0.1768 l2=0.2000 label_smoothing=0.000
D step=5/5 epoch=1/3 loss=0.1778 l2=0.2000 label_smoothing=0.000
D step=5/5 epoch=2/3 loss=0.1747 l2=0.2000 label_smoothing=0.000
D step=5/5 epoch=3/3 loss=0.1742 l2=0.2000 label_smoothing=0.000
ADV epoch=21/60 g_loss=0.0148 d_loss=0.1766 reward=0.1182 reward_var=0.0120 unique=0.5000
D step=1/5 epoch=1/3 loss=0.1841 l2=0.2000 label_smoothing=0.000
D step=1/5 epoch=2/3 loss=0.1781 l2=0.2000 label_smoothing=0.000
D step=1/5 epoch=3/3 loss=0.1769 l2=0.2000 label_smoothing=0.000
D step=2/5 epoch=1/3 loss=0.1785 l2=0.2000 label_smoothing=0.000
D step=2/5 epoch=2/3 loss=0.1748 l2=0.2000 label_smoothing=0.000
D step=2/5 epoch=3/3 loss=0.1731 l2=0.2000 label_smoothing=0.000
D step=3/5 epoch=1/3 loss=0.1831 l2=0.2000 label_smoothing=0.000
D step=3/5 epoch=2/3 loss=0.1781 l2=0.2000 label_smoothing=0.000
D step=3/5 epoch=3/3 loss=0.1781 l2=0.2000 label_smoothing=0.000
D step=4/5 epoch=1/3 loss=0.1867 l2=0.2000 label_smoothing=0.000
D step=4/5 epoch=2/3 loss=0.1836 l2=0.2000 label_smoothing=0.000
D step=4/5 epoch=3/3 loss=0.1827 l2=0.2000 label_smoothing=0.000
D step=5/5 epoch=1/3 loss=0.1796 l2=0.2000 label_smoothing=0.000
D step=5/5 epoch=2/3 loss=0.1781 l2=0.2000 label_smoothing=0.000
D step=5/5 epoch=3/3 loss=0.1781 l2=0.2000 label_smoothing=0.000
ADV epoch=22/60 g_loss=0.0165 d_loss=0.1796 reward=0.1155 reward_var=0.0123 unique=0.3800
D step=1/5 epoch=1/3 loss=0.1849 l2=0.2000 label_smoothing=0.000
D step=1/5 epoch=2/3 loss=0.1784 l2=0.2000 label_smoothing=0.000
D step=1/5 epoch=3/3 loss=0.1765 l2=0.2000 label_smoothing=0.000
D step=2/5 epoch=1/3 loss=0.1876 l2=0.2000 label_smoothing=0.000
D step=2/5 epoch=2/3 loss=0.1841 l2=0.2000 label_smoothing=0.000
D step=2/5 epoch=3/3 loss=0.1832 l2=0.2000 label_smoothing=0.000
D step=3/5 epoch=1/3 loss=0.1846 l2=0.2000 label_smoothing=0.000
D step=3/5 epoch=2/3 loss=0.1829 l2=0.2000 label_smoothing=0.000
D step=3/5 epoch=3/3 loss=0.1802 l2=0.2000 label_smoothing=0.000
D step=4/5 epoch=1/3 loss=0.1838 l2=0.2000 label_smoothing=0.000
D step=4/5 epoch=2/3 loss=0.1799 l2=0.2000 label_smoothing=0.000
D step=4/5 epoch=3/3 loss=0.1798 l2=0.2000 label_smoothing=0.000
D step=5/5 epoch=1/3 loss=0.1799 l2=0.2000 label_smoothing=0.000
D step=5/5 epoch=2/3 loss=0.1796 l2=0.2000 label_smoothing=0.000
D step=5/5 epoch=3/3 loss=0.1784 l2=0.2000 label_smoothing=0.000
ADV epoch=23/60 g_loss=0.0159 d_loss=0.1816 reward=0.1182 reward_var=0.0060 unique=0.2800
D step=1/5 epoch=1/3 loss=0.1885 l2=0.2000 label_smoothing=0.000
D step=1/5 epoch=2/3 loss=0.1852 l2=0.2000 label_smoothing=0.000
D step=1/5 epoch=3/3 loss=0.1834 l2=0.2000 label_smoothing=0.000
D step=2/5 epoch=1/3 loss=0.1820 l2=0.2000 label_smoothing=0.000
D step=2/5 epoch=2/3 loss=0.1823 l2=0.2000 label_smoothing=0.000
D step=2/5 epoch=3/3 loss=0.1824 l2=0.2000 label_smoothing=0.000
D step=3/5 epoch=1/3 loss=0.1950 l2=0.2000 label_smoothing=0.000
D step=3/5 epoch=2/3 loss=0.1906 l2=0.2000 label_smoothing=0.000
D step=3/5 epoch=3/3 loss=0.1886 l2=0.2000 label_smoothing=0.000
D step=4/5 epoch=1/3 loss=0.1781 l2=0.2000 label_smoothing=0.000
D step=4/5 epoch=2/3 loss=0.1761 l2=0.2000 label_smoothing=0.000
D step=4/5 epoch=3/3 loss=0.1753 l2=0.2000 label_smoothing=0.000
D step=5/5 epoch=1/3 loss=0.1764 l2=0.2000 label_smoothing=0.000
D step=5/5 epoch=2/3 loss=0.1731 l2=0.2000 label_smoothing=0.000
D step=5/5 epoch=3/3 loss=0.1728 l2=0.2000 label_smoothing=0.000
ADV epoch=24/60 g_loss=0.0149 d_loss=0.1820 reward=0.1130 reward_var=0.0074 unique=0.3800
D step=1/5 epoch=1/3 loss=0.1895 l2=0.2000 label_smoothing=0.000
D step=1/5 epoch=2/3 loss=0.1861 l2=0.2000 label_smoothing=0.000
D step=1/5 epoch=3/3 loss=0.1855 l2=0.2000 label_smoothing=0.000
D step=2/5 epoch=1/3 loss=0.1904 l2=0.2000 label_smoothing=0.000
D step=2/5 epoch=2/3 loss=0.1888 l2=0.2000 label_smoothing=0.000
D step=2/5 epoch=3/3 loss=0.1869 l2=0.2000 label_smoothing=0.000
D step=3/5 epoch=1/3 loss=0.1821 l2=0.2000 label_smoothing=0.000
D step=3/5 epoch=2/3 loss=0.1786 l2=0.2000 label_smoothing=0.000
D step=3/5 epoch=3/3 loss=0.1782 l2=0.2000 label_smoothing=0.000
D step=4/5 epoch=1/3 loss=0.1827 l2=0.2000 label_smoothing=0.000
D step=4/5 epoch=2/3 loss=0.1800 l2=0.2000 label_smoothing=0.000
D step=4/5 epoch=3/3 loss=0.1801 l2=0.2000 label_smoothing=0.000
D step=5/5 epoch=1/3 loss=0.1873 l2=0.2000 label_smoothing=0.000
D step=5/5 epoch=2/3 loss=0.1784 l2=0.2000 label_smoothing=0.000
D step=5/5 epoch=3/3 loss=0.1772 l2=0.2000 label_smoothing=0.000
ADV epoch=25/60 g_loss=0.0133 d_loss=0.1834 reward=0.1044 reward_var=0.0064 unique=0.4000
D step=1/5 epoch=1/3 loss=0.1877 l2=0.2000 label_smoothing=0.000
D step=1/5 epoch=2/3 loss=0.1840 l2=0.2000 label_smoothing=0.000
D step=1/5 epoch=3/3 loss=0.1825 l2=0.2000 label_smoothing=0.000
D step=2/5 epoch=1/3 loss=0.1804 l2=0.2000 label_smoothing=0.000
D step=2/5 epoch=2/3 loss=0.1793 l2=0.2000 label_smoothing=0.000
D step=2/5 epoch=3/3 loss=0.1792 l2=0.2000 label_smoothing=0.000
D step=3/5 epoch=1/3 loss=0.1940 l2=0.2000 label_smoothing=0.000
D step=3/5 epoch=2/3 loss=0.1888 l2=0.2000 label_smoothing=0.000
D step=3/5 epoch=3/3 loss=0.1838 l2=0.2000 label_smoothing=0.000
D step=4/5 epoch=1/3 loss=0.1927 l2=0.2000 label_smoothing=0.000
D step=4/5 epoch=2/3 loss=0.1890 l2=0.2000 label_smoothing=0.000
D step=4/5 epoch=3/3 loss=0.1871 l2=0.2000 label_smoothing=0.000
D step=5/5 epoch=1/3 loss=0.1855 l2=0.2000 label_smoothing=0.000
D step=5/5 epoch=2/3 loss=0.1857 l2=0.2000 label_smoothing=0.000
D step=5/5 epoch=3/3 loss=0.1826 l2=0.2000 label_smoothing=0.000
ADV epoch=26/60 g_loss=0.0158 d_loss=0.1855 reward=0.1197 reward_var=0.0103 unique=0.4200
D step=1/5 epoch=1/3 loss=0.1846 l2=0.2000 label_smoothing=0.000
D step=1/5 epoch=2/3 loss=0.1829 l2=0.2000 label_smoothing=0.000
D step=1/5 epoch=3/3 loss=0.1821 l2=0.2000 label_smoothing=0.000
D step=2/5 epoch=1/3 loss=0.1947 l2=0.2000 label_smoothing=0.000
D step=2/5 epoch=2/3 loss=0.1887 l2=0.2000 label_smoothing=0.000
D step=2/5 epoch=3/3 loss=0.1865 l2=0.2000 label_smoothing=0.000
D step=3/5 epoch=1/3 loss=0.1812 l2=0.2000 label_smoothing=0.000
D step=3/5 epoch=2/3 loss=0.1829 l2=0.2000 label_smoothing=0.000
D step=3/5 epoch=3/3 loss=0.1818 l2=0.2000 label_smoothing=0.000
D step=4/5 epoch=1/3 loss=0.1819 l2=0.2000 label_smoothing=0.000
D step=4/5 epoch=2/3 loss=0.1792 l2=0.2000 label_smoothing=0.000
D step=4/5 epoch=3/3 loss=0.1790 l2=0.2000 label_smoothing=0.000
D step=5/5 epoch=1/3 loss=0.1884 l2=0.2000 label_smoothing=0.000
D step=5/5 epoch=2/3 loss=0.1869 l2=0.2000 label_smoothing=0.000
D step=5/5 epoch=3/3 loss=0.1875 l2=0.2000 label_smoothing=0.000
ADV epoch=27/60 g_loss=0.0118 d_loss=0.1846 reward=0.0931 reward_var=0.0028 unique=0.3000
D step=1/5 epoch=1/3 loss=0.1911 l2=0.2000 label_smoothing=0.000
D step=1/5 epoch=2/3 loss=0.1881 l2=0.2000 label_smoothing=0.000
D step=1/5 epoch=3/3 loss=0.1861 l2=0.2000 label_smoothing=0.000
D step=2/5 epoch=1/3 loss=0.1940 l2=0.2000 label_smoothing=0.000
D step=2/5 epoch=2/3 loss=0.1888 l2=0.2000 label_smoothing=0.000
D step=2/5 epoch=3/3 loss=0.1877 l2=0.2000 label_smoothing=0.000
D step=3/5 epoch=1/3 loss=0.1867 l2=0.2000 label_smoothing=0.000
D step=3/5 epoch=2/3 loss=0.1849 l2=0.2000 label_smoothing=0.000
D step=3/5 epoch=3/3 loss=0.1836 l2=0.2000 label_smoothing=0.000
D step=4/5 epoch=1/3 loss=0.1833 l2=0.2000 label_smoothing=0.000
D step=4/5 epoch=2/3 loss=0.1825 l2=0.2000 label_smoothing=0.000
D step=4/5 epoch=3/3 loss=0.1809 l2=0.2000 label_smoothing=0.000
D step=5/5 epoch=1/3 loss=0.1836 l2=0.2000 label_smoothing=0.000
D step=5/5 epoch=2/3 loss=0.1872 l2=0.2000 label_smoothing=0.000
D step=5/5 epoch=3/3 loss=0.1841 l2=0.2000 label_smoothing=0.000
ADV epoch=28/60 g_loss=0.0155 d_loss=0.1862 reward=0.1160 reward_var=0.0074 unique=0.4800
D step=1/5 epoch=1/3 loss=0.1836 l2=0.2000 label_smoothing=0.000
D step=1/5 epoch=2/3 loss=0.1826 l2=0.2000 label_smoothing=0.000
D step=1/5 epoch=3/3 loss=0.1813 l2=0.2000 label_smoothing=0.000
D step=2/5 epoch=1/3 loss=0.1879 l2=0.2000 label_smoothing=0.000
D step=2/5 epoch=2/3 loss=0.1847 l2=0.2000 label_smoothing=0.000
D step=2/5 epoch=3/3 loss=0.1840 l2=0.2000 label_smoothing=0.000
D step=3/5 epoch=1/3 loss=0.1861 l2=0.2000 label_smoothing=0.000
D step=3/5 epoch=2/3 loss=0.1851 l2=0.2000 label_smoothing=0.000
D step=3/5 epoch=3/3 loss=0.1834 l2=0.2000 label_smoothing=0.000
D step=4/5 epoch=1/3 loss=0.1985 l2=0.2000 label_smoothing=0.000
D step=4/5 epoch=2/3 loss=0.1896 l2=0.2000 label_smoothing=0.000
D step=4/5 epoch=3/3 loss=0.1919 l2=0.2000 label_smoothing=0.000
D step=5/5 epoch=1/3 loss=0.1906 l2=0.2000 label_smoothing=0.000
D step=5/5 epoch=2/3 loss=0.1898 l2=0.2000 label_smoothing=0.000
D step=5/5 epoch=3/3 loss=0.1880 l2=0.2000 label_smoothing=0.000
ADV epoch=29/60 g_loss=0.0165 d_loss=0.1871 reward=0.1143 reward_var=0.0053 unique=0.3400
D step=1/5 epoch=1/3 loss=0.1836 l2=0.2000 label_smoothing=0.000
D step=1/5 epoch=2/3 loss=0.1832 l2=0.2000 label_smoothing=0.000
D step=1/5 epoch=3/3 loss=0.1806 l2=0.2000 label_smoothing=0.000
D step=2/5 epoch=1/3 loss=0.1880 l2=0.2000 label_smoothing=0.000
D step=2/5 epoch=2/3 loss=0.1878 l2=0.2000 label_smoothing=0.000
D step=2/5 epoch=3/3 loss=0.1821 l2=0.2000 label_smoothing=0.000
D step=3/5 epoch=1/3 loss=0.1894 l2=0.2000 label_smoothing=0.000
D step=3/5 epoch=2/3 loss=0.1843 l2=0.2000 label_smoothing=0.000
D step=3/5 epoch=3/3 loss=0.1809 l2=0.2000 label_smoothing=0.000
D step=4/5 epoch=1/3 loss=0.1889 l2=0.2000 label_smoothing=0.000
D step=4/5 epoch=2/3 loss=0.1849 l2=0.2000 label_smoothing=0.000
D step=4/5 epoch=3/3 loss=0.1847 l2=0.2000 label_smoothing=0.000
D step=5/5 epoch=1/3 loss=0.1896 l2=0.2000 label_smoothing=0.000
D step=5/5 epoch=2/3 loss=0.1877 l2=0.2000 label_smoothing=0.000
D step=5/5 epoch=3/3 loss=0.1852 l2=0.2000 label_smoothing=0.000
ADV epoch=30/60 g_loss=0.0136 d_loss=0.1854 reward=0.1009 reward_var=0.0035 unique=0.3200
D step=1/5 epoch=1/3 loss=0.1840 l2=0.2000 label_smoothing=0.000
D step=1/5 epoch=2/3 loss=0.1830 l2=0.2000 label_smoothing=0.000
D step=1/5 epoch=3/3 loss=0.1837 l2=0.2000 label_smoothing=0.000
D step=2/5 epoch=1/3 loss=0.1849 l2=0.2000 label_smoothing=0.000
D step=2/5 epoch=2/3 loss=0.1867 l2=0.2000 label_smoothing=0.000
D step=2/5 epoch=3/3 loss=0.1860 l2=0.2000 label_smoothing=0.000
D step=3/5 epoch=1/3 loss=0.1885 l2=0.2000 label_smoothing=0.000
D step=3/5 epoch=2/3 loss=0.1835 l2=0.2000 label_smoothing=0.000
D step=3/5 epoch=3/3 loss=0.1816 l2=0.2000 label_smoothing=0.000
D step=4/5 epoch=1/3 loss=0.1866 l2=0.2000 label_smoothing=0.000
D step=4/5 epoch=2/3 loss=0.1853 l2=0.2000 label_smoothing=0.000
D step=4/5 epoch=3/3 loss=0.1826 l2=0.2000 label_smoothing=0.000
D step=5/5 epoch=1/3 loss=0.1894 l2=0.2000 label_smoothing=0.000
D step=5/5 epoch=2/3 loss=0.1884 l2=0.2000 label_smoothing=0.000
D step=5/5 epoch=3/3 loss=0.1884 l2=0.2000 label_smoothing=0.000
ADV epoch=31/60 g_loss=0.0150 d_loss=0.1855 reward=0.1072 reward_var=0.0043 unique=0.4000
D step=1/5 epoch=1/3 loss=0.1894 l2=0.2000 label_smoothing=0.000
D step=1/5 epoch=2/3 loss=0.1845 l2=0.2000 label_smoothing=0.000
D step=1/5 epoch=3/3 loss=0.1837 l2=0.2000 label_smoothing=0.000
D step=2/5 epoch=1/3 loss=0.1913 l2=0.2000 label_smoothing=0.000
D step=2/5 epoch=2/3 loss=0.1895 l2=0.2000 label_smoothing=0.000
D step=2/5 epoch=3/3 loss=0.1892 l2=0.2000 label_smoothing=0.000
D step=3/5 epoch=1/3 loss=0.1914 l2=0.2000 label_smoothing=0.000
D step=3/5 epoch=2/3 loss=0.1904 l2=0.2000 label_smoothing=0.000
D step=3/5 epoch=3/3 loss=0.1895 l2=0.2000 label_smoothing=0.000
D step=4/5 epoch=1/3 loss=0.1874 l2=0.2000 label_smoothing=0.000
D step=4/5 epoch=2/3 loss=0.1865 l2=0.2000 label_smoothing=0.000
D step=4/5 epoch=3/3 loss=0.1845 l2=0.2000 label_smoothing=0.000
D step=5/5 epoch=1/3 loss=0.1908 l2=0.2000 label_smoothing=0.000
D step=5/5 epoch=2/3 loss=0.1852 l2=0.2000 label_smoothing=0.000
D step=5/5 epoch=3/3 loss=0.1850 l2=0.2000 label_smoothing=0.000
ADV epoch=32/60 g_loss=0.0141 d_loss=0.1879 reward=0.0932 reward_var=0.0029 unique=0.3000
D step=1/5 epoch=1/3 loss=0.1927 l2=0.2000 label_smoothing=0.000
D step=1/5 epoch=2/3 loss=0.1886 l2=0.2000 label_smoothing=0.000
D step=1/5 epoch=3/3 loss=0.1887 l2=0.2000 label_smoothing=0.000
D step=2/5 epoch=1/3 loss=0.1893 l2=0.2000 label_smoothing=0.000
D step=2/5 epoch=2/3 loss=0.1860 l2=0.2000 label_smoothing=0.000
D step=2/5 epoch=3/3 loss=0.1857 l2=0.2000 label_smoothing=0.000
D step=3/5 epoch=1/3 loss=0.1900 l2=0.2000 label_smoothing=0.000
D step=3/5 epoch=2/3 loss=0.1864 l2=0.2000 label_smoothing=0.000
D step=3/5 epoch=3/3 loss=0.1845 l2=0.2000 label_smoothing=0.000
D step=4/5 epoch=1/3 loss=0.1924 l2=0.2000 label_smoothing=0.000
D step=4/5 epoch=2/3 loss=0.1894 l2=0.2000 label_smoothing=0.000
D step=4/5 epoch=3/3 loss=0.1884 l2=0.2000 label_smoothing=0.000
D step=5/5 epoch=1/3 loss=0.1930 l2=0.2000 label_smoothing=0.000
D step=5/5 epoch=2/3 loss=0.1881 l2=0.2000 label_smoothing=0.000
D step=5/5 epoch=3/3 loss=0.1874 l2=0.2000 label_smoothing=0.000
ADV epoch=33/60 g_loss=0.0152 d_loss=0.1887 reward=0.1176 reward_var=0.0028 unique=0.3400
D step=1/5 epoch=1/3 loss=0.1904 l2=0.2000 label_smoothing=0.000
D step=1/5 epoch=2/3 loss=0.1868 l2=0.2000 label_smoothing=0.000
D step=1/5 epoch=3/3 loss=0.1874 l2=0.2000 label_smoothing=0.000
D step=2/5 epoch=1/3 loss=0.1896 l2=0.2000 label_smoothing=0.000
D step=2/5 epoch=2/3 loss=0.1899 l2=0.2000 label_smoothing=0.000
D step=2/5 epoch=3/3 loss=0.1878 l2=0.2000 label_smoothing=0.000
D step=3/5 epoch=1/3 loss=0.1920 l2=0.2000 label_smoothing=0.000
D step=3/5 epoch=2/3 loss=0.1896 l2=0.2000 label_smoothing=0.000
D step=3/5 epoch=3/3 loss=0.1886 l2=0.2000 label_smoothing=0.000
D step=4/5 epoch=1/3 loss=0.1981 l2=0.2000 label_smoothing=0.000
D step=4/5 epoch=2/3 loss=0.1926 l2=0.2000 label_smoothing=0.000
D step=4/5 epoch=3/3 loss=0.1920 l2=0.2000 label_smoothing=0.000
D step=5/5 epoch=1/3 loss=0.1898 l2=0.2000 label_smoothing=0.000
D step=5/5 epoch=2/3 loss=0.1880 l2=0.2000 label_smoothing=0.000
D step=5/5 epoch=3/3 loss=0.1877 l2=0.2000 label_smoothing=0.000
ADV epoch=34/60 g_loss=0.0187 d_loss=0.1900 reward=0.1262 reward_var=0.0101 unique=0.3200
D step=1/5 epoch=1/3 loss=0.1933 l2=0.2000 label_smoothing=0.000
D step=1/5 epoch=2/3 loss=0.1891 l2=0.2000 label_smoothing=0.000
D step=1/5 epoch=3/3 loss=0.1895 l2=0.2000 label_smoothing=0.000
D step=2/5 epoch=1/3 loss=0.1973 l2=0.2000 label_smoothing=0.000
D step=2/5 epoch=2/3 loss=0.1939 l2=0.2000 label_smoothing=0.000
D step=2/5 epoch=3/3 loss=0.1929 l2=0.2000 label_smoothing=0.000
D step=3/5 epoch=1/3 loss=0.1874 l2=0.2000 label_smoothing=0.000
D step=3/5 epoch=2/3 loss=0.1884 l2=0.2000 label_smoothing=0.000
D step=3/5 epoch=3/3 loss=0.1858 l2=0.2000 label_smoothing=0.000
D step=4/5 epoch=1/3 loss=0.1970 l2=0.2000 label_smoothing=0.000
D step=4/5 epoch=2/3 loss=0.1897 l2=0.2000 label_smoothing=0.000
D step=4/5 epoch=3/3 loss=0.1893 l2=0.2000 label_smoothing=0.000
D step=5/5 epoch=1/3 loss=0.1891 l2=0.2000 label_smoothing=0.000
D step=5/5 epoch=2/3 loss=0.1884 l2=0.2000 label_smoothing=0.000
D step=5/5 epoch=3/3 loss=0.1875 l2=0.2000 label_smoothing=0.000
ADV epoch=35/60 g_loss=0.0142 d_loss=0.1906 reward=0.1042 reward_var=0.0026 unique=0.3400
D step=1/5 epoch=1/3 loss=0.1977 l2=0.2000 label_smoothing=0.000
D step=1/5 epoch=2/3 loss=0.1911 l2=0.2000 label_smoothing=0.000
D step=1/5 epoch=3/3 loss=0.1898 l2=0.2000 label_smoothing=0.000
D step=2/5 epoch=1/3 loss=0.1927 l2=0.2000 label_smoothing=0.000
D step=2/5 epoch=2/3 loss=0.1905 l2=0.2000 label_smoothing=0.000
D step=2/5 epoch=3/3 loss=0.1909 l2=0.2000 label_smoothing=0.000
D step=3/5 epoch=1/3 loss=0.1882 l2=0.2000 label_smoothing=0.000
D step=3/5 epoch=2/3 loss=0.1872 l2=0.2000 label_smoothing=0.000
D step=3/5 epoch=3/3 loss=0.1858 l2=0.2000 label_smoothing=0.000
D step=4/5 epoch=1/3 loss=0.1993 l2=0.2000 label_smoothing=0.000
D step=4/5 epoch=2/3 loss=0.1925 l2=0.2000 label_smoothing=0.000
D step=4/5 epoch=3/3 loss=0.1890 l2=0.2000 label_smoothing=0.000
D step=5/5 epoch=1/3 loss=0.1943 l2=0.2000 label_smoothing=0.000
D step=5/5 epoch=2/3 loss=0.1914 l2=0.2000 label_smoothing=0.000
D step=5/5 epoch=3/3 loss=0.1876 l2=0.2000 label_smoothing=0.000
ADV epoch=36/60 g_loss=0.0124 d_loss=0.1912 reward=0.1074 reward_var=0.0016 unique=0.3600
D step=1/5 epoch=1/3 loss=0.1941 l2=0.2000 label_smoothing=0.000
D step=1/5 epoch=2/3 loss=0.1898 l2=0.2000 label_smoothing=0.000
D step=1/5 epoch=3/3 loss=0.1885 l2=0.2000 label_smoothing=0.000
D step=2/5 epoch=1/3 loss=0.1858 l2=0.2000 label_smoothing=0.000
D step=2/5 epoch=2/3 loss=0.1857 l2=0.2000 label_smoothing=0.000
D step=2/5 epoch=3/3 loss=0.1860 l2=0.2000 label_smoothing=0.000
D step=3/5 epoch=1/3 loss=0.1960 l2=0.2000 label_smoothing=0.000
D step=3/5 epoch=2/3 loss=0.1938 l2=0.2000 label_smoothing=0.000
D step=3/5 epoch=3/3 loss=0.1908 l2=0.2000 label_smoothing=0.000
D step=4/5 epoch=1/3 loss=0.1943 l2=0.2000 label_smoothing=0.000
D step=4/5 epoch=2/3 loss=0.1918 l2=0.2000 label_smoothing=0.000
D step=4/5 epoch=3/3 loss=0.1908 l2=0.2000 label_smoothing=0.000
D step=5/5 epoch=1/3 loss=0.1918 l2=0.2000 label_smoothing=0.000
D step=5/5 epoch=2/3 loss=0.1919 l2=0.2000 label_smoothing=0.000
D step=5/5 epoch=3/3 loss=0.1900 l2=0.2000 label_smoothing=0.000
ADV epoch=37/60 g_loss=0.0134 d_loss=0.1907 reward=0.1085 reward_var=0.0025 unique=0.2600
D step=1/5 epoch=1/3 loss=0.1967 l2=0.2000 label_smoothing=0.000
D step=1/5 epoch=2/3 loss=0.1919 l2=0.2000 label_smoothing=0.000
D step=1/5 epoch=3/3 loss=0.1891 l2=0.2000 label_smoothing=0.000
D step=2/5 epoch=1/3 loss=0.1903 l2=0.2000 label_smoothing=0.000
D step=2/5 epoch=2/3 loss=0.1882 l2=0.2000 label_smoothing=0.000
D step=2/5 epoch=3/3 loss=0.1895 l2=0.2000 label_smoothing=0.000
D step=3/5 epoch=1/3 loss=0.1950 l2=0.2000 label_smoothing=0.000
D step=3/5 epoch=2/3 loss=0.1835 l2=0.2000 label_smoothing=0.000
D step=3/5 epoch=3/3 loss=0.1827 l2=0.2000 label_smoothing=0.000
D step=4/5 epoch=1/3 loss=0.1966 l2=0.2000 label_smoothing=0.000
D step=4/5 epoch=2/3 loss=0.1935 l2=0.2000 label_smoothing=0.000
D step=4/5 epoch=3/3 loss=0.1907 l2=0.2000 label_smoothing=0.000
D step=5/5 epoch=1/3 loss=0.1978 l2=0.2000 label_smoothing=0.000
D step=5/5 epoch=2/3 loss=0.1950 l2=0.2000 label_smoothing=0.000
D step=5/5 epoch=3/3 loss=0.1954 l2=0.2000 label_smoothing=0.000
ADV epoch=38/60 g_loss=0.0162 d_loss=0.1917 reward=0.1141 reward_var=0.0027 unique=0.3000
D step=1/5 epoch=1/3 loss=0.1937 l2=0.2000 label_smoothing=0.000
D step=1/5 epoch=2/3 loss=0.1855 l2=0.2000 label_smoothing=0.000
D step=1/5 epoch=3/3 loss=0.1852 l2=0.2000 label_smoothing=0.000
D step=2/5 epoch=1/3 loss=0.1921 l2=0.2000 label_smoothing=0.000
D step=2/5 epoch=2/3 loss=0.1902 l2=0.2000 label_smoothing=0.000
D step=2/5 epoch=3/3 loss=0.1892 l2=0.2000 label_smoothing=0.000
D step=3/5 epoch=1/3 loss=0.1975 l2=0.2000 label_smoothing=0.000
D step=3/5 epoch=2/3 loss=0.1946 l2=0.2000 label_smoothing=0.000
D step=3/5 epoch=3/3 loss=0.1928 l2=0.2000 label_smoothing=0.000
D step=4/5 epoch=1/3 loss=0.1919 l2=0.2000 label_smoothing=0.000
D step=4/5 epoch=2/3 loss=0.1862 l2=0.2000 label_smoothing=0.000
D step=4/5 epoch=3/3 loss=0.1857 l2=0.2000 label_smoothing=0.000
D step=5/5 epoch=1/3 loss=0.1964 l2=0.2000 label_smoothing=0.000
D step=5/5 epoch=2/3 loss=0.1905 l2=0.2000 label_smoothing=0.000
D step=5/5 epoch=3/3 loss=0.1888 l2=0.2000 label_smoothing=0.000
ADV epoch=39/60 g_loss=0.0159 d_loss=0.1907 reward=0.1241 reward_var=0.0063 unique=0.4000
D step=1/5 epoch=1/3 loss=0.1997 l2=0.2000 label_smoothing=0.000
D step=1/5 epoch=2/3 loss=0.1973 l2=0.2000 label_smoothing=0.000
D step=1/5 epoch=3/3 loss=0.1931 l2=0.2000 label_smoothing=0.000
D step=2/5 epoch=1/3 loss=0.1924 l2=0.2000 label_smoothing=0.000
D step=2/5 epoch=2/3 loss=0.1918 l2=0.2000 label_smoothing=0.000
D step=2/5 epoch=3/3 loss=0.1918 l2=0.2000 label_smoothing=0.000
D step=3/5 epoch=1/3 loss=0.2003 l2=0.2000 label_smoothing=0.000
D step=3/5 epoch=2/3 loss=0.1900 l2=0.2000 label_smoothing=0.000
D step=3/5 epoch=3/3 loss=0.1891 l2=0.2000 label_smoothing=0.000
D step=4/5 epoch=1/3 loss=0.1993 l2=0.2000 label_smoothing=0.000
D step=4/5 epoch=2/3 loss=0.1956 l2=0.2000 label_smoothing=0.000
D step=4/5 epoch=3/3 loss=0.1950 l2=0.2000 label_smoothing=0.000
D step=5/5 epoch=1/3 loss=0.1905 l2=0.2000 label_smoothing=0.000
D step=5/5 epoch=2/3 loss=0.1892 l2=0.2000 label_smoothing=0.000
D step=5/5 epoch=3/3 loss=0.1868 l2=0.2000 label_smoothing=0.000
ADV epoch=40/60 g_loss=0.0150 d_loss=0.1935 reward=0.1209 reward_var=0.0059 unique=0.3800
D step=1/5 epoch=1/3 loss=0.1977 l2=0.2000 label_smoothing=0.000
D step=1/5 epoch=2/3 loss=0.1926 l2=0.2000 label_smoothing=0.000
D step=1/5 epoch=3/3 loss=0.1909 l2=0.2000 label_smoothing=0.000
D step=2/5 epoch=1/3 loss=0.1935 l2=0.2000 label_smoothing=0.000
D step=2/5 epoch=2/3 loss=0.1926 l2=0.2000 label_smoothing=0.000
D step=2/5 epoch=3/3 loss=0.1910 l2=0.2000 label_smoothing=0.000
D step=3/5 epoch=1/3 loss=0.2020 l2=0.2000 label_smoothing=0.000
D step=3/5 epoch=2/3 loss=0.1976 l2=0.2000 label_smoothing=0.000
D step=3/5 epoch=3/3 loss=0.1962 l2=0.2000 label_smoothing=0.000
D step=4/5 epoch=1/3 loss=0.1968 l2=0.2000 label_smoothing=0.000
D step=4/5 epoch=2/3 loss=0.1915 l2=0.2000 label_smoothing=0.000
D step=4/5 epoch=3/3 loss=0.1915 l2=0.2000 label_smoothing=0.000
D step=5/5 epoch=1/3 loss=0.1950 l2=0.2000 label_smoothing=0.000
D step=5/5 epoch=2/3 loss=0.1910 l2=0.2000 label_smoothing=0.000
D step=5/5 epoch=3/3 loss=0.1917 l2=0.2000 label_smoothing=0.000
ADV epoch=41/60 g_loss=0.0131 d_loss=0.1941 reward=0.1095 reward_var=0.0027 unique=0.3400
D step=1/5 epoch=1/3 loss=0.1973 l2=0.2000 label_smoothing=0.000
D step=1/5 epoch=2/3 loss=0.1955 l2=0.2000 label_smoothing=0.000
D step=1/5 epoch=3/3 loss=0.1920 l2=0.2000 label_smoothing=0.000
D step=2/5 epoch=1/3 loss=0.2023 l2=0.2000 label_smoothing=0.000
D step=2/5 epoch=2/3 loss=0.1965 l2=0.2000 label_smoothing=0.000
D step=2/5 epoch=3/3 loss=0.1963 l2=0.2000 label_smoothing=0.000
D step=3/5 epoch=1/3 loss=0.1896 l2=0.2000 label_smoothing=0.000
D step=3/5 epoch=2/3 loss=0.1873 l2=0.2000 label_smoothing=0.000
D step=3/5 epoch=3/3 loss=0.1875 l2=0.2000 label_smoothing=0.000
D step=4/5 epoch=1/3 loss=0.1912 l2=0.2000 label_smoothing=0.000
D step=4/5 epoch=2/3 loss=0.1924 l2=0.2000 label_smoothing=0.000
D step=4/5 epoch=3/3 loss=0.1910 l2=0.2000 label_smoothing=0.000
D step=5/5 epoch=1/3 loss=0.2029 l2=0.2000 label_smoothing=0.000
D step=5/5 epoch=2/3 loss=0.2014 l2=0.2000 label_smoothing=0.000
D step=5/5 epoch=3/3 loss=0.1995 l2=0.2000 label_smoothing=0.000
ADV epoch=42/60 g_loss=0.0122 d_loss=0.1949 reward=0.1004 reward_var=0.0028 unique=0.3200
D step=1/5 epoch=1/3 loss=0.1942 l2=0.2000 label_smoothing=0.000
D step=1/5 epoch=2/3 loss=0.1926 l2=0.2000 label_smoothing=0.000
D step=1/5 epoch=3/3 loss=0.1923 l2=0.2000 label_smoothing=0.000
D step=2/5 epoch=1/3 loss=0.1997 l2=0.2000 label_smoothing=0.000
D step=2/5 epoch=2/3 loss=0.1944 l2=0.2000 label_smoothing=0.000
D step=2/5 epoch=3/3 loss=0.1921 l2=0.2000 label_smoothing=0.000
D step=3/5 epoch=1/3 loss=0.1983 l2=0.2000 label_smoothing=0.000
D step=3/5 epoch=2/3 loss=0.1918 l2=0.2000 label_smoothing=0.000
D step=3/5 epoch=3/3 loss=0.1946 l2=0.2000 label_smoothing=0.000
D step=4/5 epoch=1/3 loss=0.1908 l2=0.2000 label_smoothing=0.000
D step=4/5 epoch=2/3 loss=0.1898 l2=0.2000 label_smoothing=0.000
D step=4/5 epoch=3/3 loss=0.1888 l2=0.2000 label_smoothing=0.000
D step=5/5 epoch=1/3 loss=0.2079 l2=0.2000 label_smoothing=0.000
D step=5/5 epoch=2/3 loss=0.2029 l2=0.2000 label_smoothing=0.000
D step=5/5 epoch=3/3 loss=0.2048 l2=0.2000 label_smoothing=0.000
ADV epoch=43/60 g_loss=0.0154 d_loss=0.1957 reward=0.1191 reward_var=0.0029 unique=0.3600
D step=1/5 epoch=1/3 loss=0.2030 l2=0.2000 label_smoothing=0.000
D step=1/5 epoch=2/3 loss=0.1950 l2=0.2000 label_smoothing=0.000
D step=1/5 epoch=3/3 loss=0.1937 l2=0.2000 label_smoothing=0.000
D step=2/5 epoch=1/3 loss=0.1980 l2=0.2000 label_smoothing=0.000
D step=2/5 epoch=2/3 loss=0.1960 l2=0.2000 label_smoothing=0.000
D step=2/5 epoch=3/3 loss=0.1957 l2=0.2000 label_smoothing=0.000
D step=3/5 epoch=1/3 loss=0.1962 l2=0.2000 label_smoothing=0.000
D step=3/5 epoch=2/3 loss=0.1933 l2=0.2000 label_smoothing=0.000
D step=3/5 epoch=3/3 loss=0.1913 l2=0.2000 label_smoothing=0.000
D step=4/5 epoch=1/3 loss=0.1934 l2=0.2000 label_smoothing=0.000
D step=4/5 epoch=2/3 loss=0.1920 l2=0.2000 label_smoothing=0.000
D step=4/5 epoch=3/3 loss=0.1913 l2=0.2000 label_smoothing=0.000
D step=5/5 epoch=1/3 loss=0.2004 l2=0.2000 label_smoothing=0.000
D step=5/5 epoch=2/3 loss=0.1960 l2=0.2000 label_smoothing=0.000
D step=5/5 epoch=3/3 loss=0.1940 l2=0.2000 label_smoothing=0.000
ADV epoch=44/60 g_loss=0.0131 d_loss=0.1953 reward=0.1155 reward_var=0.0019 unique=0.3000
D step=1/5 epoch=1/3 loss=0.2095 l2=0.2000 label_smoothing=0.000
D step=1/5 epoch=2/3 loss=0.2014 l2=0.2000 label_smoothing=0.000
D step=1/5 epoch=3/3 loss=0.2018 l2=0.2000 label_smoothing=0.000
D step=2/5 epoch=1/3 loss=0.1977 l2=0.2000 label_smoothing=0.000
D step=2/5 epoch=2/3 loss=0.1947 l2=0.2000 label_smoothing=0.000
D step=2/5 epoch=3/3 loss=0.1951 l2=0.2000 label_smoothing=0.000
D step=3/5 epoch=1/3 loss=0.2019 l2=0.2000 label_smoothing=0.000
D step=3/5 epoch=2/3 loss=0.1949 l2=0.2000 label_smoothing=0.000
D step=3/5 epoch=3/3 loss=0.1924 l2=0.2000 label_smoothing=0.000
D step=4/5 epoch=1/3 loss=0.1947 l2=0.2000 label_smoothing=0.000
D step=4/5 epoch=2/3 loss=0.1931 l2=0.2000 label_smoothing=0.000
D step=4/5 epoch=3/3 loss=0.1928 l2=0.2000 label_smoothing=0.000
D step=5/5 epoch=1/3 loss=0.2053 l2=0.2000 label_smoothing=0.000
D step=5/5 epoch=2/3 loss=0.2053 l2=0.2000 label_smoothing=0.000
D step=5/5 epoch=3/3 loss=0.2046 l2=0.2000 label_smoothing=0.000
ADV epoch=45/60 g_loss=0.0125 d_loss=0.1990 reward=0.1180 reward_var=0.0020 unique=0.3400
D step=1/5 epoch=1/3 loss=0.2020 l2=0.2000 label_smoothing=0.000
D step=1/5 epoch=2/3 loss=0.1990 l2=0.2000 label_smoothing=0.000
D step=1/5 epoch=3/3 loss=0.1975 l2=0.2000 label_smoothing=0.000
D step=2/5 epoch=1/3 loss=0.1927 l2=0.2000 label_smoothing=0.000
D step=2/5 epoch=2/3 loss=0.1937 l2=0.2000 label_smoothing=0.000
D step=2/5 epoch=3/3 loss=0.1941 l2=0.2000 label_smoothing=0.000
D step=3/5 epoch=1/3 loss=0.2019 l2=0.2000 label_smoothing=0.000
D step=3/5 epoch=2/3 loss=0.1967 l2=0.2000 label_smoothing=0.000
D step=3/5 epoch=3/3 loss=0.1956 l2=0.2000 label_smoothing=0.000
D step=4/5 epoch=1/3 loss=0.1953 l2=0.2000 label_smoothing=0.000
D step=4/5 epoch=2/3 loss=0.1919 l2=0.2000 label_smoothing=0.000
D step=4/5 epoch=3/3 loss=0.1894 l2=0.2000 label_smoothing=0.000
D step=5/5 epoch=1/3 loss=0.2004 l2=0.2000 label_smoothing=0.000
D step=5/5 epoch=2/3 loss=0.1959 l2=0.2000 label_smoothing=0.000
D step=5/5 epoch=3/3 loss=0.1940 l2=0.2000 label_smoothing=0.000
ADV epoch=46/60 g_loss=0.0135 d_loss=0.1960 reward=0.1125 reward_var=0.0039 unique=0.3000
D step=1/5 epoch=1/3 loss=0.1921 l2=0.2000 label_smoothing=0.000
D step=1/5 epoch=2/3 loss=0.1900 l2=0.2000 label_smoothing=0.000
D step=1/5 epoch=3/3 loss=0.1902 l2=0.2000 label_smoothing=0.000
D step=2/5 epoch=1/3 loss=0.1979 l2=0.2000 label_smoothing=0.000
D step=2/5 epoch=2/3 loss=0.1979 l2=0.2000 label_smoothing=0.000
D step=2/5 epoch=3/3 loss=0.1946 l2=0.2000 label_smoothing=0.000
D step=3/5 epoch=1/3 loss=0.1906 l2=0.2000 label_smoothing=0.000
D step=3/5 epoch=2/3 loss=0.1899 l2=0.2000 label_smoothing=0.000
D step=3/5 epoch=3/3 loss=0.1902 l2=0.2000 label_smoothing=0.000
D step=4/5 epoch=1/3 loss=0.1991 l2=0.2000 label_smoothing=0.000
D step=4/5 epoch=2/3 loss=0.1983 l2=0.2000 label_smoothing=0.000
D step=4/5 epoch=3/3 loss=0.1964 l2=0.2000 label_smoothing=0.000
D step=5/5 epoch=1/3 loss=0.2002 l2=0.2000 label_smoothing=0.000
D step=5/5 epoch=2/3 loss=0.1972 l2=0.2000 label_smoothing=0.000
D step=5/5 epoch=3/3 loss=0.1943 l2=0.2000 label_smoothing=0.000
ADV epoch=47/60 g_loss=0.0110 d_loss=0.1946 reward=0.1044 reward_var=0.0019 unique=0.3600
D step=1/5 epoch=1/3 loss=0.1974 l2=0.2000 label_smoothing=0.000
D step=1/5 epoch=2/3 loss=0.1952 l2=0.2000 label_smoothing=0.000
D step=1/5 epoch=3/3 loss=0.1920 l2=0.2000 label_smoothing=0.000
D step=2/5 epoch=1/3 loss=0.2016 l2=0.2000 label_smoothing=0.000
D step=2/5 epoch=2/3 loss=0.1992 l2=0.2000 label_smoothing=0.000
D step=2/5 epoch=3/3 loss=0.1977 l2=0.2000 label_smoothing=0.000
D step=3/5 epoch=1/3 loss=0.1988 l2=0.2000 label_smoothing=0.000
D step=3/5 epoch=2/3 loss=0.2002 l2=0.2000 label_smoothing=0.000
D step=3/5 epoch=3/3 loss=0.1946 l2=0.2000 label_smoothing=0.000
D step=4/5 epoch=1/3 loss=0.1959 l2=0.2000 label_smoothing=0.000
D step=4/5 epoch=2/3 loss=0.1942 l2=0.2000 label_smoothing=0.000
D step=4/5 epoch=3/3 loss=0.1942 l2=0.2000 label_smoothing=0.000
D step=5/5 epoch=1/3 loss=0.1978 l2=0.2000 label_smoothing=0.000
D step=5/5 epoch=2/3 loss=0.1966 l2=0.2000 label_smoothing=0.000
D step=5/5 epoch=3/3 loss=0.1955 l2=0.2000 label_smoothing=0.000
ADV epoch=48/60 g_loss=0.0118 d_loss=0.1967 reward=0.1060 reward_var=0.0019 unique=0.2400
D step=1/5 epoch=1/3 loss=0.1980 l2=0.2000 label_smoothing=0.000
D step=1/5 epoch=2/3 loss=0.1963 l2=0.2000 label_smoothing=0.000
D step=1/5 epoch=3/3 loss=0.1962 l2=0.2000 label_smoothing=0.000
D step=2/5 epoch=1/3 loss=0.2009 l2=0.2000 label_smoothing=0.000
D step=2/5 epoch=2/3 loss=0.2007 l2=0.2000 label_smoothing=0.000
D step=2/5 epoch=3/3 loss=0.1923 l2=0.2000 label_smoothing=0.000
D step=3/5 epoch=1/3 loss=0.1896 l2=0.2000 label_smoothing=0.000
D step=3/5 epoch=2/3 loss=0.1893 l2=0.2000 label_smoothing=0.000
D step=3/5 epoch=3/3 loss=0.1907 l2=0.2000 label_smoothing=0.000
D step=4/5 epoch=1/3 loss=0.1998 l2=0.2000 label_smoothing=0.000
D step=4/5 epoch=2/3 loss=0.1970 l2=0.2000 label_smoothing=0.000
D step=4/5 epoch=3/3 loss=0.1930 l2=0.2000 label_smoothing=0.000
D step=5/5 epoch=1/3 loss=0.2045 l2=0.2000 label_smoothing=0.000
D step=5/5 epoch=2/3 loss=0.1967 l2=0.2000 label_smoothing=0.000
D step=5/5 epoch=3/3 loss=0.1943 l2=0.2000 label_smoothing=0.000
ADV epoch=49/60 g_loss=0.0146 d_loss=0.1959 reward=0.1191 reward_var=0.0104 unique=0.3400
D step=1/5 epoch=1/3 loss=0.1898 l2=0.2000 label_smoothing=0.000
D step=1/5 epoch=2/3 loss=0.1878 l2=0.2000 label_smoothing=0.000
D step=1/5 epoch=3/3 loss=0.1878 l2=0.2000 label_smoothing=0.000
D step=2/5 epoch=1/3 loss=0.1995 l2=0.2000 label_smoothing=0.000
D step=2/5 epoch=2/3 loss=0.1936 l2=0.2000 label_smoothing=0.000
D step=2/5 epoch=3/3 loss=0.1941 l2=0.2000 label_smoothing=0.000
D step=3/5 epoch=1/3 loss=0.1961 l2=0.2000 label_smoothing=0.000
D step=3/5 epoch=2/3 loss=0.1955 l2=0.2000 label_smoothing=0.000
D step=3/5 epoch=3/3 loss=0.1942 l2=0.2000 label_smoothing=0.000
D step=4/5 epoch=1/3 loss=0.1958 l2=0.2000 label_smoothing=0.000
D step=4/5 epoch=2/3 loss=0.1945 l2=0.2000 label_smoothing=0.000
D step=4/5 epoch=3/3 loss=0.1938 l2=0.2000 label_smoothing=0.000
D step=5/5 epoch=1/3 loss=0.2061 l2=0.2000 label_smoothing=0.000
D step=5/5 epoch=2/3 loss=0.1983 l2=0.2000 label_smoothing=0.000
D step=5/5 epoch=3/3 loss=0.2004 l2=0.2000 label_smoothing=0.000
ADV epoch=50/60 g_loss=0.0143 d_loss=0.1952 reward=0.1096 reward_var=0.0035 unique=0.3000
D step=1/5 epoch=1/3 loss=0.1989 l2=0.2000 label_smoothing=0.000
D step=1/5 epoch=2/3 loss=0.1933 l2=0.2000 label_smoothing=0.000
D step=1/5 epoch=3/3 loss=0.1938 l2=0.2000 label_smoothing=0.000
D step=2/5 epoch=1/3 loss=0.1967 l2=0.2000 label_smoothing=0.000
D step=2/5 epoch=2/3 loss=0.1969 l2=0.2000 label_smoothing=0.000
D step=2/5 epoch=3/3 loss=0.1930 l2=0.2000 label_smoothing=0.000
D step=3/5 epoch=1/3 loss=0.1991 l2=0.2000 label_smoothing=0.000
D step=3/5 epoch=2/3 loss=0.1930 l2=0.2000 label_smoothing=0.000
D step=3/5 epoch=3/3 loss=0.1930 l2=0.2000 label_smoothing=0.000
D step=4/5 epoch=1/3 loss=0.1961 l2=0.2000 label_smoothing=0.000
D step=4/5 epoch=2/3 loss=0.1952 l2=0.2000 label_smoothing=0.000
D step=4/5 epoch=3/3 loss=0.1952 l2=0.2000 label_smoothing=0.000
D step=5/5 epoch=1/3 loss=0.2029 l2=0.2000 label_smoothing=0.000
D step=5/5 epoch=2/3 loss=0.1992 l2=0.2000 label_smoothing=0.000
D step=5/5 epoch=3/3 loss=0.1987 l2=0.2000 label_smoothing=0.000
ADV epoch=51/60 g_loss=0.0134 d_loss=0.1963 reward=0.1103 reward_var=0.0032 unique=0.3200
D step=1/5 epoch=1/3 loss=0.2008 l2=0.2000 label_smoothing=0.000
D step=1/5 epoch=2/3 loss=0.1976 l2=0.2000 label_smoothing=0.000
D step=1/5 epoch=3/3 loss=0.1960 l2=0.2000 label_smoothing=0.000
D step=2/5 epoch=1/3 loss=0.1934 l2=0.2000 label_smoothing=0.000
D step=2/5 epoch=2/3 loss=0.1932 l2=0.2000 label_smoothing=0.000
D step=2/5 epoch=3/3 loss=0.1911 l2=0.2000 label_smoothing=0.000
D step=3/5 epoch=1/3 loss=0.1976 l2=0.2000 label_smoothing=0.000
D step=3/5 epoch=2/3 loss=0.1978 l2=0.2000 label_smoothing=0.000
D step=3/5 epoch=3/3 loss=0.1953 l2=0.2000 label_smoothing=0.000
D step=4/5 epoch=1/3 loss=0.1999 l2=0.2000 label_smoothing=0.000
D step=4/5 epoch=2/3 loss=0.1991 l2=0.2000 label_smoothing=0.000
D step=4/5 epoch=3/3 loss=0.1998 l2=0.2000 label_smoothing=0.000
D step=5/5 epoch=1/3 loss=0.2016 l2=0.2000 label_smoothing=0.000
D step=5/5 epoch=2/3 loss=0.2000 l2=0.2000 label_smoothing=0.000
D step=5/5 epoch=3/3 loss=0.1971 l2=0.2000 label_smoothing=0.000
ADV epoch=52/60 g_loss=0.0132 d_loss=0.1973 reward=0.0984 reward_var=0.0034 unique=0.2800
D step=1/5 epoch=1/3 loss=0.2066 l2=0.2000 label_smoothing=0.000
D step=1/5 epoch=2/3 loss=0.1992 l2=0.2000 label_smoothing=0.000
D step=1/5 epoch=3/3 loss=0.1995 l2=0.2000 label_smoothing=0.000
D step=2/5 epoch=1/3 loss=0.2044 l2=0.2000 label_smoothing=0.000
D step=2/5 epoch=2/3 loss=0.2015 l2=0.2000 label_smoothing=0.000
D step=2/5 epoch=3/3 loss=0.2017 l2=0.2000 label_smoothing=0.000
D step=3/5 epoch=1/3 loss=0.2025 l2=0.2000 label_smoothing=0.000
D step=3/5 epoch=2/3 loss=0.2034 l2=0.2000 label_smoothing=0.000
D step=3/5 epoch=3/3 loss=0.1979 l2=0.2000 label_smoothing=0.000
D step=4/5 epoch=1/3 loss=0.1995 l2=0.2000 label_smoothing=0.000
D step=4/5 epoch=2/3 loss=0.1990 l2=0.2000 label_smoothing=0.000
D step=4/5 epoch=3/3 loss=0.1983 l2=0.2000 label_smoothing=0.000
D step=5/5 epoch=1/3 loss=0.2040 l2=0.2000 label_smoothing=0.000
D step=5/5 epoch=2/3 loss=0.2001 l2=0.2000 label_smoothing=0.000
D step=5/5 epoch=3/3 loss=0.1992 l2=0.2000 label_smoothing=0.000
ADV epoch=53/60 g_loss=0.0170 d_loss=0.2011 reward=0.1282 reward_var=0.0042 unique=0.2600
D step=1/5 epoch=1/3 loss=0.2089 l2=0.2000 label_smoothing=0.000
D step=1/5 epoch=2/3 loss=0.2011 l2=0.2000 label_smoothing=0.000
D step=1/5 epoch=3/3 loss=0.2029 l2=0.2000 label_smoothing=0.000
D step=2/5 epoch=1/3 loss=0.1979 l2=0.2000 label_smoothing=0.000
D step=2/5 epoch=2/3 loss=0.1989 l2=0.2000 label_smoothing=0.000
D step=2/5 epoch=3/3 loss=0.1972 l2=0.2000 label_smoothing=0.000
D step=3/5 epoch=1/3 loss=0.2065 l2=0.2000 label_smoothing=0.000
D step=3/5 epoch=2/3 loss=0.2021 l2=0.2000 label_smoothing=0.000
D step=3/5 epoch=3/3 loss=0.2010 l2=0.2000 label_smoothing=0.000
D step=4/5 epoch=1/3 loss=0.2096 l2=0.2000 label_smoothing=0.000
D step=4/5 epoch=2/3 loss=0.2055 l2=0.2000 label_smoothing=0.000
D step=4/5 epoch=3/3 loss=0.2052 l2=0.2000 label_smoothing=0.000
D step=5/5 epoch=1/3 loss=0.2050 l2=0.2000 label_smoothing=0.000
D step=5/5 epoch=2/3 loss=0.2026 l2=0.2000 label_smoothing=0.000
D step=5/5 epoch=3/3 loss=0.2014 l2=0.2000 label_smoothing=0.000
ADV epoch=54/60 g_loss=0.0137 d_loss=0.2031 reward=0.1112 reward_var=0.0025 unique=0.3200
D step=1/5 epoch=1/3 loss=0.2056 l2=0.2000 label_smoothing=0.000
D step=1/5 epoch=2/3 loss=0.2039 l2=0.2000 label_smoothing=0.000
D step=1/5 epoch=3/3 loss=0.2011 l2=0.2000 label_smoothing=0.000
D step=2/5 epoch=1/3 loss=0.2042 l2=0.2000 label_smoothing=0.000
D step=2/5 epoch=2/3 loss=0.2016 l2=0.2000 label_smoothing=0.000
D step=2/5 epoch=3/3 loss=0.2023 l2=0.2000 label_smoothing=0.000
D step=3/5 epoch=1/3 loss=0.2096 l2=0.2000 label_smoothing=0.000
D step=3/5 epoch=2/3 loss=0.2071 l2=0.2000 label_smoothing=0.000
D step=3/5 epoch=3/3 loss=0.2046 l2=0.2000 label_smoothing=0.000
D step=4/5 epoch=1/3 loss=0.2024 l2=0.2000 label_smoothing=0.000
D step=4/5 epoch=2/3 loss=0.2010 l2=0.2000 label_smoothing=0.000
D step=4/5 epoch=3/3 loss=0.1993 l2=0.2000 label_smoothing=0.000
D step=5/5 epoch=1/3 loss=0.2019 l2=0.2000 label_smoothing=0.000
D step=5/5 epoch=2/3 loss=0.1993 l2=0.2000 label_smoothing=0.000
D step=5/5 epoch=3/3 loss=0.1974 l2=0.2000 label_smoothing=0.000
ADV epoch=55/60 g_loss=0.0141 d_loss=0.2028 reward=0.1179 reward_var=0.0020 unique=0.2600
D step=1/5 epoch=1/3 loss=0.2023 l2=0.2000 label_smoothing=0.000
D step=1/5 epoch=2/3 loss=0.2005 l2=0.2000 label_smoothing=0.000
D step=1/5 epoch=3/3 loss=0.1999 l2=0.2000 label_smoothing=0.000
D step=2/5 epoch=1/3 loss=0.2123 l2=0.2000 label_smoothing=0.000
D step=2/5 epoch=2/3 loss=0.2125 l2=0.2000 label_smoothing=0.000
D step=2/5 epoch=3/3 loss=0.2058 l2=0.2000 label_smoothing=0.000
D step=3/5 epoch=1/3 loss=0.2078 l2=0.2000 label_smoothing=0.000
D step=3/5 epoch=2/3 loss=0.2021 l2=0.2000 label_smoothing=0.000
D step=3/5 epoch=3/3 loss=0.2028 l2=0.2000 label_smoothing=0.000
D step=4/5 epoch=1/3 loss=0.2059 l2=0.2000 label_smoothing=0.000
D step=4/5 epoch=2/3 loss=0.2023 l2=0.2000 label_smoothing=0.000
D step=4/5 epoch=3/3 loss=0.2037 l2=0.2000 label_smoothing=0.000
D step=5/5 epoch=1/3 loss=0.2041 l2=0.2000 label_smoothing=0.000
D step=5/5 epoch=2/3 loss=0.2023 l2=0.2000 label_smoothing=0.000
D step=5/5 epoch=3/3 loss=0.1999 l2=0.2000 label_smoothing=0.000
ADV epoch=56/60 g_loss=0.0137 d_loss=0.2043 reward=0.1050 reward_var=0.0021 unique=0.3600
D step=1/5 epoch=1/3 loss=0.2012 l2=0.2000 label_smoothing=0.000
D step=1/5 epoch=2/3 loss=0.1975 l2=0.2000 label_smoothing=0.000
D step=1/5 epoch=3/3 loss=0.1966 l2=0.2000 label_smoothing=0.000
D step=2/5 epoch=1/3 loss=0.1956 l2=0.2000 label_smoothing=0.000
D step=2/5 epoch=2/3 loss=0.1958 l2=0.2000 label_smoothing=0.000
D step=2/5 epoch=3/3 loss=0.1944 l2=0.2000 label_smoothing=0.000
D step=3/5 epoch=1/3 loss=0.2104 l2=0.2000 label_smoothing=0.000
D step=3/5 epoch=2/3 loss=0.2073 l2=0.2000 label_smoothing=0.000
D step=3/5 epoch=3/3 loss=0.2073 l2=0.2000 label_smoothing=0.000
D step=4/5 epoch=1/3 loss=0.2007 l2=0.2000 label_smoothing=0.000
D step=4/5 epoch=2/3 loss=0.1983 l2=0.2000 label_smoothing=0.000
D step=4/5 epoch=3/3 loss=0.1988 l2=0.2000 label_smoothing=0.000
D step=5/5 epoch=1/3 loss=0.2062 l2=0.2000 label_smoothing=0.000
D step=5/5 epoch=2/3 loss=0.2043 l2=0.2000 label_smoothing=0.000
D step=5/5 epoch=3/3 loss=0.2036 l2=0.2000 label_smoothing=0.000
ADV epoch=57/60 g_loss=0.0175 d_loss=0.2012 reward=0.1186 reward_var=0.0021 unique=0.3600
D step=1/5 epoch=1/3 loss=0.2069 l2=0.2000 label_smoothing=0.000
D step=1/5 epoch=2/3 loss=0.2020 l2=0.2000 label_smoothing=0.000
D step=1/5 epoch=3/3 loss=0.2021 l2=0.2000 label_smoothing=0.000
D step=2/5 epoch=1/3 loss=0.2081 l2=0.2000 label_smoothing=0.000
D step=2/5 epoch=2/3 loss=0.2062 l2=0.2000 label_smoothing=0.000
D step=2/5 epoch=3/3 loss=0.2043 l2=0.2000 label_smoothing=0.000
D step=3/5 epoch=1/3 loss=0.2047 l2=0.2000 label_smoothing=0.000
D step=3/5 epoch=2/3 loss=0.2031 l2=0.2000 label_smoothing=0.000
D step=3/5 epoch=3/3 loss=0.2025 l2=0.2000 label_smoothing=0.000
D step=4/5 epoch=1/3 loss=0.2066 l2=0.2000 label_smoothing=0.000
D step=4/5 epoch=2/3 loss=0.2052 l2=0.2000 label_smoothing=0.000
D step=4/5 epoch=3/3 loss=0.2023 l2=0.2000 label_smoothing=0.000
D step=5/5 epoch=1/3 loss=0.2142 l2=0.2000 label_smoothing=0.000
D step=5/5 epoch=2/3 loss=0.2070 l2=0.2000 label_smoothing=0.000
D step=5/5 epoch=3/3 loss=0.2034 l2=0.2000 label_smoothing=0.000
ADV epoch=58/60 g_loss=0.0157 d_loss=0.2052 reward=0.1042 reward_var=0.0023 unique=0.3200
D step=1/5 epoch=1/3 loss=0.2093 l2=0.2000 label_smoothing=0.000
D step=1/5 epoch=2/3 loss=0.2033 l2=0.2000 label_smoothing=0.000
D step=1/5 epoch=3/3 loss=0.2046 l2=0.2000 label_smoothing=0.000
D step=2/5 epoch=1/3 loss=0.2009 l2=0.2000 label_smoothing=0.000
D step=2/5 epoch=2/3 loss=0.1998 l2=0.2000 label_smoothing=0.000
D step=2/5 epoch=3/3 loss=0.1989 l2=0.2000 label_smoothing=0.000
D step=3/5 epoch=1/3 loss=0.2049 l2=0.2000 label_smoothing=0.000
D step=3/5 epoch=2/3 loss=0.2038 l2=0.2000 label_smoothing=0.000
D step=3/5 epoch=3/3 loss=0.2016 l2=0.2000 label_smoothing=0.000
D step=4/5 epoch=1/3 loss=0.2063 l2=0.2000 label_smoothing=0.000
D step=4/5 epoch=2/3 loss=0.1986 l2=0.2000 label_smoothing=0.000
D step=4/5 epoch=3/3 loss=0.1999 l2=0.2000 label_smoothing=0.000
D step=5/5 epoch=1/3 loss=0.2031 l2=0.2000 label_smoothing=0.000
D step=5/5 epoch=2/3 loss=0.2021 l2=0.2000 label_smoothing=0.000
D step=5/5 epoch=3/3 loss=0.2019 l2=0.2000 label_smoothing=0.000
ADV epoch=59/60 g_loss=0.0125 d_loss=0.2026 reward=0.1063 reward_var=0.0017 unique=0.3600
D step=1/5 epoch=1/3 loss=0.2098 l2=0.2000 label_smoothing=0.000
D step=1/5 epoch=2/3 loss=0.2054 l2=0.2000 label_smoothing=0.000
D step=1/5 epoch=3/3 loss=0.2063 l2=0.2000 label_smoothing=0.000
D step=2/5 epoch=1/3 loss=0.1999 l2=0.2000 label_smoothing=0.000
D step=2/5 epoch=2/3 loss=0.1973 l2=0.2000 label_smoothing=0.000
D step=2/5 epoch=3/3 loss=0.1975 l2=0.2000 label_smoothing=0.000
D step=3/5 epoch=1/3 loss=0.2134 l2=0.2000 label_smoothing=0.000
D step=3/5 epoch=2/3 loss=0.2080 l2=0.2000 label_smoothing=0.000
D step=3/5 epoch=3/3 loss=0.2112 l2=0.2000 label_smoothing=0.000
D step=4/5 epoch=1/3 loss=0.2016 l2=0.2000 label_smoothing=0.000
D step=4/5 epoch=2/3 loss=0.1989 l2=0.2000 label_smoothing=0.000
D step=4/5 epoch=3/3 loss=0.1993 l2=0.2000 label_smoothing=0.000
D step=5/5 epoch=1/3 loss=0.2030 l2=0.2000 label_smoothing=0.000
D step=5/5 epoch=2/3 loss=0.2022 l2=0.2000 label_smoothing=0.000
D step=5/5 epoch=3/3 loss=0.2008 l2=0.2000 label_smoothing=0.000
ADV epoch=60/60 g_loss=0.0148 d_loss=0.2036 reward=0.1121 reward_var=0.0029 unique=0.3000
saved 500 raw samples to /content/drive/MyDrive/GAN/GAN_SQLi_Colab/results_seqgan_phase2b_phase3/phase2b/seqgan_master/time/D/Rfull/generated_payloads.csv
