
[1/3] pretrain G
G epoch=1/15 loss=4.4495
G epoch=2/15 loss=3.6279
G epoch=3/15 loss=2.8681
G epoch=4/15 loss=2.6046
G epoch=5/15 loss=2.4824
G epoch=6/15 loss=2.4268
G epoch=7/15 loss=2.2760
G epoch=8/15 loss=2.2209
G epoch=9/15 loss=2.0886
G epoch=10/15 loss=2.0701
G epoch=11/15 loss=1.9510
G epoch=12/15 loss=1.8817
G epoch=13/15 loss=1.8191
G epoch=14/15 loss=1.7831
G epoch=15/15 loss=1.7123

[2/3] pretrain D
D step=1/8 epoch=1/2 loss=0.7864 l2=0.2000 label_smoothing=0.000
D step=1/8 epoch=2/2 loss=0.6852 l2=0.2000 label_smoothing=0.000
D step=2/8 epoch=1/2 loss=0.6129 l2=0.2000 label_smoothing=0.000
D step=2/8 epoch=2/2 loss=0.5038 l2=0.2000 label_smoothing=0.000
D step=3/8 epoch=1/2 loss=0.4335 l2=0.2000 label_smoothing=0.000
D step=3/8 epoch=2/2 loss=0.3424 l2=0.2000 label_smoothing=0.000
D step=4/8 epoch=1/2 loss=0.2926 l2=0.2000 label_smoothing=0.000
D step=4/8 epoch=2/2 loss=0.2280 l2=0.2000 label_smoothing=0.000
D step=5/8 epoch=1/2 loss=0.1976 l2=0.2000 label_smoothing=0.000
D step=5/8 epoch=2/2 loss=0.1648 l2=0.2000 label_smoothing=0.000
D step=6/8 epoch=1/2 loss=0.1529 l2=0.2000 label_smoothing=0.000
D step=6/8 epoch=2/2 loss=0.1264 l2=0.2000 label_smoothing=0.000
D step=7/8 epoch=1/2 loss=0.1152 l2=0.2000 label_smoothing=0.000
D step=7/8 epoch=2/2 loss=0.1053 l2=0.2000 label_smoothing=0.000
D step=8/8 epoch=1/2 loss=0.1021 l2=0.2000 label_smoothing=0.000
D step=8/8 epoch=2/2 loss=0.1004 l2=0.2000 label_smoothing=0.000

[3/3] adversarial
generator_reward_mode=off reward_alpha=1.000 d_steps=3 d_epochs=1
D step=1/3 epoch=1/1 loss=0.1262 l2=0.2000 label_smoothing=0.000
D step=2/3 epoch=1/1 loss=0.0995 l2=0.2000 label_smoothing=0.000
D step=3/3 epoch=1/1 loss=0.0955 l2=0.2000 label_smoothing=0.000
ADV epoch=1/6 g_loss=0.0305 d_loss=0.1071 reward=0.0171 reward_var=0.0011 unique=1.0000
D step=1/3 epoch=1/1 loss=0.1123 l2=0.2000 label_smoothing=0.000
D step=2/3 epoch=1/1 loss=0.0963 l2=0.2000 label_smoothing=0.000
D step=3/3 epoch=1/1 loss=0.0932 l2=0.2000 label_smoothing=0.000
ADV epoch=2/6 g_loss=0.0277 d_loss=0.1006 reward=0.0190 reward_var=0.0017 unique=1.0000
D step=1/3 epoch=1/1 loss=0.0806 l2=0.2000 label_smoothing=0.000
D step=2/3 epoch=1/1 loss=0.0701 l2=0.2000 label_smoothing=0.000
D step=3/3 epoch=1/1 loss=0.0676 l2=0.2000 label_smoothing=0.000
ADV epoch=3/6 g_loss=0.0066 d_loss=0.0728 reward=0.0033 reward_var=0.0001 unique=1.0000
saved 200 raw samples to /content/drive/MyDrive/GAN/GAN_SQLi_Colab/results_seqgan_only_mini/phase2a/seqgan_master/boolean/E/R50/generated_payloads.csv
