
[1/3] pretrain G
G epoch=1/80 loss=5.5392
G epoch=2/80 loss=5.4322
G epoch=3/80 loss=5.3097
G epoch=4/80 loss=5.1623
G epoch=5/80 loss=4.9675
G epoch=6/80 loss=4.7106
G epoch=7/80 loss=4.3982
G epoch=8/80 loss=4.1794
G epoch=9/80 loss=3.9484
G epoch=10/80 loss=3.7390
G epoch=11/80 loss=3.6471
G epoch=12/80 loss=3.5824
G epoch=13/80 loss=3.4926
G epoch=14/80 loss=3.3955
G epoch=15/80 loss=3.3093
G epoch=16/80 loss=3.2333
G epoch=17/80 loss=3.1736
G epoch=18/80 loss=3.0979
G epoch=19/80 loss=3.0111
G epoch=20/80 loss=2.9954
G epoch=21/80 loss=2.8757
G epoch=22/80 loss=2.8113
G epoch=23/80 loss=2.7516
G epoch=24/80 loss=2.7519
G epoch=25/80 loss=2.6788
G epoch=26/80 loss=2.5489
G epoch=27/80 loss=2.5876
G epoch=28/80 loss=2.5002
G epoch=29/80 loss=2.5100
G epoch=30/80 loss=2.3428
G epoch=31/80 loss=2.3598
G epoch=32/80 loss=2.2457
G epoch=33/80 loss=2.2471
G epoch=34/80 loss=2.2287
G epoch=35/80 loss=2.1878
G epoch=36/80 loss=2.0968
G epoch=37/80 loss=2.0834
G epoch=38/80 loss=1.9662
G epoch=39/80 loss=2.0329
G epoch=40/80 loss=1.9509
G epoch=41/80 loss=1.9023
G epoch=42/80 loss=1.8273
G epoch=43/80 loss=1.8294
G epoch=44/80 loss=1.7893
G epoch=45/80 loss=1.7886
G epoch=46/80 loss=1.7190
G epoch=47/80 loss=1.6169
G epoch=48/80 loss=1.6162
G epoch=49/80 loss=1.6324
G epoch=50/80 loss=1.5796
G epoch=51/80 loss=1.5361
G epoch=52/80 loss=1.5267
G epoch=53/80 loss=1.4976
G epoch=54/80 loss=1.4828
G epoch=55/80 loss=1.4733
G epoch=56/80 loss=1.4365
G epoch=57/80 loss=1.3840
G epoch=58/80 loss=1.3704
G epoch=59/80 loss=1.3301
G epoch=60/80 loss=1.3632
G epoch=61/80 loss=1.3597
G epoch=62/80 loss=1.2796
G epoch=63/80 loss=1.2291
G epoch=64/80 loss=1.2825
G epoch=65/80 loss=1.2248
G epoch=66/80 loss=1.1838
G epoch=67/80 loss=1.1954
G epoch=68/80 loss=1.1607
G epoch=69/80 loss=1.1224
G epoch=70/80 loss=1.0968
G epoch=71/80 loss=1.1491
G epoch=72/80 loss=1.1158
G epoch=73/80 loss=1.0943
G epoch=74/80 loss=1.0741
G epoch=75/80 loss=1.0027
G epoch=76/80 loss=1.0232
G epoch=77/80 loss=1.0076
G epoch=78/80 loss=0.9829
G epoch=79/80 loss=1.0110
G epoch=80/80 loss=0.9703

[2/3] pretrain D
D step=1/30 epoch=1/3 loss=0.7652 l2=0.2000 label_smoothing=0.050
D step=1/30 epoch=2/3 loss=0.7479 l2=0.2000 label_smoothing=0.050
D step=1/30 epoch=3/3 loss=0.7077 l2=0.2000 label_smoothing=0.050
D step=2/30 epoch=1/3 loss=0.6984 l2=0.2000 label_smoothing=0.050
D step=2/30 epoch=2/3 loss=0.7148 l2=0.2000 label_smoothing=0.050
D step=2/30 epoch=3/3 loss=0.6872 l2=0.2000 label_smoothing=0.050
D step=3/30 epoch=1/3 loss=0.6518 l2=0.2000 label_smoothing=0.050
D step=3/30 epoch=2/3 loss=0.6456 l2=0.2000 label_smoothing=0.050
D step=3/30 epoch=3/3 loss=0.6225 l2=0.2000 label_smoothing=0.050
D step=4/30 epoch=1/3 loss=0.6369 l2=0.2000 label_smoothing=0.050
D step=4/30 epoch=2/3 loss=0.6277 l2=0.2000 label_smoothing=0.050
D step=4/30 epoch=3/3 loss=0.5978 l2=0.2000 label_smoothing=0.050
D step=5/30 epoch=1/3 loss=0.5939 l2=0.2000 label_smoothing=0.050
D step=5/30 epoch=2/3 loss=0.5756 l2=0.2000 label_smoothing=0.050
D step=5/30 epoch=3/3 loss=0.5765 l2=0.2000 label_smoothing=0.050
D step=6/30 epoch=1/3 loss=0.5469 l2=0.2000 label_smoothing=0.050
D step=6/30 epoch=2/3 loss=0.5131 l2=0.2000 label_smoothing=0.050
D step=6/30 epoch=3/3 loss=0.4963 l2=0.2000 label_smoothing=0.050
D step=7/30 epoch=1/3 loss=0.4998 l2=0.2000 label_smoothing=0.050
D step=7/30 epoch=2/3 loss=0.4854 l2=0.2000 label_smoothing=0.050
D step=7/30 epoch=3/3 loss=0.4808 l2=0.2000 label_smoothing=0.050
D step=8/30 epoch=1/3 loss=0.4678 l2=0.2000 label_smoothing=0.050
D step=8/30 epoch=2/3 loss=0.4417 l2=0.2000 label_smoothing=0.050
D step=8/30 epoch=3/3 loss=0.4326 l2=0.2000 label_smoothing=0.050
D step=9/30 epoch=1/3 loss=0.4160 l2=0.2000 label_smoothing=0.050
D step=9/30 epoch=2/3 loss=0.4161 l2=0.2000 label_smoothing=0.050
D step=9/30 epoch=3/3 loss=0.3779 l2=0.2000 label_smoothing=0.050
D step=10/30 epoch=1/3 loss=0.3982 l2=0.2000 label_smoothing=0.050
D step=10/30 epoch=2/3 loss=0.3932 l2=0.2000 label_smoothing=0.050
D step=10/30 epoch=3/3 loss=0.4012 l2=0.2000 label_smoothing=0.050
D step=11/30 epoch=1/3 loss=0.3512 l2=0.2000 label_smoothing=0.050
D step=11/30 epoch=2/3 loss=0.3324 l2=0.2000 label_smoothing=0.050
D step=11/30 epoch=3/3 loss=0.3231 l2=0.2000 label_smoothing=0.050
D step=12/30 epoch=1/3 loss=0.3391 l2=0.2000 label_smoothing=0.050
D step=12/30 epoch=2/3 loss=0.3240 l2=0.2000 label_smoothing=0.050
D step=12/30 epoch=3/3 loss=0.3254 l2=0.2000 label_smoothing=0.050
D step=13/30 epoch=1/3 loss=0.3131 l2=0.2000 label_smoothing=0.050
D step=13/30 epoch=2/3 loss=0.2928 l2=0.2000 label_smoothing=0.050
D step=13/30 epoch=3/3 loss=0.3015 l2=0.2000 label_smoothing=0.050
D step=14/30 epoch=1/3 loss=0.3127 l2=0.2000 label_smoothing=0.050
D step=14/30 epoch=2/3 loss=0.2996 l2=0.2000 label_smoothing=0.050
D step=14/30 epoch=3/3 loss=0.3008 l2=0.2000 label_smoothing=0.050
D step=15/30 epoch=1/3 loss=0.2924 l2=0.2000 label_smoothing=0.050
D step=15/30 epoch=2/3 loss=0.2886 l2=0.2000 label_smoothing=0.050
D step=15/30 epoch=3/3 loss=0.2799 l2=0.2000 label_smoothing=0.050
D step=16/30 epoch=1/3 loss=0.2479 l2=0.2000 label_smoothing=0.050
D step=16/30 epoch=2/3 loss=0.2443 l2=0.2000 label_smoothing=0.050
D step=16/30 epoch=3/3 loss=0.2396 l2=0.2000 label_smoothing=0.050
D step=17/30 epoch=1/3 loss=0.2576 l2=0.2000 label_smoothing=0.050
D step=17/30 epoch=2/3 loss=0.2511 l2=0.2000 label_smoothing=0.050
D step=17/30 epoch=3/3 loss=0.2484 l2=0.2000 label_smoothing=0.050
D step=18/30 epoch=1/3 loss=0.2610 l2=0.2000 label_smoothing=0.050
D step=18/30 epoch=2/3 loss=0.2593 l2=0.2000 label_smoothing=0.050
D step=18/30 epoch=3/3 loss=0.2496 l2=0.2000 label_smoothing=0.050
D step=19/30 epoch=1/3 loss=0.2504 l2=0.2000 label_smoothing=0.050
D step=19/30 epoch=2/3 loss=0.2495 l2=0.2000 label_smoothing=0.050
D step=19/30 epoch=3/3 loss=0.2475 l2=0.2000 label_smoothing=0.050
D step=20/30 epoch=1/3 loss=0.2327 l2=0.2000 label_smoothing=0.050
D step=20/30 epoch=2/3 loss=0.2273 l2=0.2000 label_smoothing=0.050
D step=20/30 epoch=3/3 loss=0.2168 l2=0.2000 label_smoothing=0.050
D step=21/30 epoch=1/3 loss=0.2418 l2=0.2000 label_smoothing=0.050
D step=21/30 epoch=2/3 loss=0.2419 l2=0.2000 label_smoothing=0.050
D step=21/30 epoch=3/3 loss=0.2336 l2=0.2000 label_smoothing=0.050
D step=22/30 epoch=1/3 loss=0.2208 l2=0.2000 label_smoothing=0.050
D step=22/30 epoch=2/3 loss=0.2235 l2=0.2000 label_smoothing=0.050
D step=22/30 epoch=3/3 loss=0.2196 l2=0.2000 label_smoothing=0.050
D step=23/30 epoch=1/3 loss=0.2133 l2=0.2000 label_smoothing=0.050
D step=23/30 epoch=2/3 loss=0.2092 l2=0.2000 label_smoothing=0.050
D step=23/30 epoch=3/3 loss=0.2076 l2=0.2000 label_smoothing=0.050
D step=24/30 epoch=1/3 loss=0.2222 l2=0.2000 label_smoothing=0.050
D step=24/30 epoch=2/3 loss=0.2222 l2=0.2000 label_smoothing=0.050
D step=24/30 epoch=3/3 loss=0.2158 l2=0.2000 label_smoothing=0.050
D step=25/30 epoch=1/3 loss=0.2300 l2=0.2000 label_smoothing=0.050
D step=25/30 epoch=2/3 loss=0.2217 l2=0.2000 label_smoothing=0.050
D step=25/30 epoch=3/3 loss=0.2205 l2=0.2000 label_smoothing=0.050
D step=26/30 epoch=1/3 loss=0.2271 l2=0.2000 label_smoothing=0.050
D step=26/30 epoch=2/3 loss=0.2218 l2=0.2000 label_smoothing=0.050
D step=26/30 epoch=3/3 loss=0.2147 l2=0.2000 label_smoothing=0.050
D step=27/30 epoch=1/3 loss=0.2514 l2=0.2000 label_smoothing=0.050
D step=27/30 epoch=2/3 loss=0.2440 l2=0.2000 label_smoothing=0.050
D step=27/30 epoch=3/3 loss=0.2362 l2=0.2000 label_smoothing=0.050
D step=28/30 epoch=1/3 loss=0.2143 l2=0.2000 label_smoothing=0.050
D step=28/30 epoch=2/3 loss=0.2113 l2=0.2000 label_smoothing=0.050
D step=28/30 epoch=3/3 loss=0.2076 l2=0.2000 label_smoothing=0.050
D step=29/30 epoch=1/3 loss=0.2063 l2=0.2000 label_smoothing=0.050
D step=29/30 epoch=2/3 loss=0.2045 l2=0.2000 label_smoothing=0.050
D step=29/30 epoch=3/3 loss=0.2027 l2=0.2000 label_smoothing=0.050
D step=30/30 epoch=1/3 loss=0.2215 l2=0.2000 label_smoothing=0.050
D step=30/30 epoch=2/3 loss=0.2208 l2=0.2000 label_smoothing=0.050
D step=30/30 epoch=3/3 loss=0.2184 l2=0.2000 label_smoothing=0.050

[3/3] adversarial
generator_reward_mode=off reward_alpha=1.000 d_steps=5 d_epochs=3
D step=1/5 epoch=1/3 loss=0.2274 l2=0.2000 label_smoothing=0.050
D step=1/5 epoch=2/3 loss=0.2166 l2=0.2000 label_smoothing=0.050
D step=1/5 epoch=3/3 loss=0.2197 l2=0.2000 label_smoothing=0.050
D step=2/5 epoch=1/3 loss=0.2183 l2=0.2000 label_smoothing=0.050
D step=2/5 epoch=2/3 loss=0.2129 l2=0.2000 label_smoothing=0.050
D step=2/5 epoch=3/3 loss=0.2074 l2=0.2000 label_smoothing=0.050
D step=3/5 epoch=1/3 loss=0.1937 l2=0.2000 label_smoothing=0.050
D step=3/5 epoch=2/3 loss=0.1898 l2=0.2000 label_smoothing=0.050
D step=3/5 epoch=3/3 loss=0.1879 l2=0.2000 label_smoothing=0.050
D step=4/5 epoch=1/3 loss=0.2074 l2=0.2000 label_smoothing=0.050
D step=4/5 epoch=2/3 loss=0.2051 l2=0.2000 label_smoothing=0.050
D step=4/5 epoch=3/3 loss=0.1943 l2=0.2000 label_smoothing=0.050
D step=5/5 epoch=1/3 loss=0.2027 l2=0.2000 label_smoothing=0.050
D step=5/5 epoch=2/3 loss=0.2029 l2=0.2000 label_smoothing=0.050
D step=5/5 epoch=3/3 loss=0.2052 l2=0.2000 label_smoothing=0.050
ADV epoch=1/60 g_loss=0.0581 d_loss=0.2061 reward=0.0379 reward_var=0.0035 unique=1.0000
D step=1/5 epoch=1/3 loss=0.2056 l2=0.2000 label_smoothing=0.050
D step=1/5 epoch=2/3 loss=0.1986 l2=0.2000 label_smoothing=0.050
D step=1/5 epoch=3/3 loss=0.1973 l2=0.2000 label_smoothing=0.050
D step=2/5 epoch=1/3 loss=0.1916 l2=0.2000 label_smoothing=0.050
D step=2/5 epoch=2/3 loss=0.1946 l2=0.2000 label_smoothing=0.050
D step=2/5 epoch=3/3 loss=0.1893 l2=0.2000 label_smoothing=0.050
D step=3/5 epoch=1/3 loss=0.2100 l2=0.2000 label_smoothing=0.050
D step=3/5 epoch=2/3 loss=0.2003 l2=0.2000 label_smoothing=0.050
D step=3/5 epoch=3/3 loss=0.1945 l2=0.2000 label_smoothing=0.050
D step=4/5 epoch=1/3 loss=0.1961 l2=0.2000 label_smoothing=0.050
D step=4/5 epoch=2/3 loss=0.1988 l2=0.2000 label_smoothing=0.050
D step=4/5 epoch=3/3 loss=0.1911 l2=0.2000 label_smoothing=0.050
D step=5/5 epoch=1/3 loss=0.1905 l2=0.2000 label_smoothing=0.050
D step=5/5 epoch=2/3 loss=0.1873 l2=0.2000 label_smoothing=0.050
D step=5/5 epoch=3/3 loss=0.1859 l2=0.2000 label_smoothing=0.050
ADV epoch=2/60 g_loss=0.0637 d_loss=0.1954 reward=0.0375 reward_var=0.0029 unique=1.0000
D step=1/5 epoch=1/3 loss=0.1979 l2=0.2000 label_smoothing=0.050
D step=1/5 epoch=2/3 loss=0.1903 l2=0.2000 label_smoothing=0.050
D step=1/5 epoch=3/3 loss=0.1838 l2=0.2000 label_smoothing=0.050
D step=2/5 epoch=1/3 loss=0.1974 l2=0.2000 label_smoothing=0.050
D step=2/5 epoch=2/3 loss=0.1929 l2=0.2000 label_smoothing=0.050
D step=2/5 epoch=3/3 loss=0.1867 l2=0.2000 label_smoothing=0.050
D step=3/5 epoch=1/3 loss=0.1824 l2=0.2000 label_smoothing=0.050
D step=3/5 epoch=2/3 loss=0.1808 l2=0.2000 label_smoothing=0.050
D step=3/5 epoch=3/3 loss=0.1802 l2=0.2000 label_smoothing=0.050
D step=4/5 epoch=1/3 loss=0.1899 l2=0.2000 label_smoothing=0.050
D step=4/5 epoch=2/3 loss=0.1809 l2=0.2000 label_smoothing=0.050
D step=4/5 epoch=3/3 loss=0.1807 l2=0.2000 label_smoothing=0.050
D step=5/5 epoch=1/3 loss=0.1844 l2=0.2000 label_smoothing=0.050
D step=5/5 epoch=2/3 loss=0.1805 l2=0.2000 label_smoothing=0.050
D step=5/5 epoch=3/3 loss=0.1815 l2=0.2000 label_smoothing=0.050
ADV epoch=3/60 g_loss=0.0775 d_loss=0.1860 reward=0.0489 reward_var=0.0058 unique=1.0000
saved 500 raw samples to /content/drive/MyDrive/GAN_for_SQLi - 4/result/phase3/seqgan_improved/union/F/R200/V3/generated_payloads.csv
