
[1/3] pretrain G
G epoch=1/80 loss=4.5994
G epoch=2/80 loss=4.4600
G epoch=3/80 loss=4.3027
G epoch=4/80 loss=4.0960
G epoch=5/80 loss=3.8411
G epoch=6/80 loss=3.5740
G epoch=7/80 loss=3.3142
G epoch=8/80 loss=3.1651
G epoch=9/80 loss=3.0412
G epoch=10/80 loss=3.0076
G epoch=11/80 loss=2.9651
G epoch=12/80 loss=2.9486
G epoch=13/80 loss=2.9087
G epoch=14/80 loss=2.8570
G epoch=15/80 loss=2.8269
G epoch=16/80 loss=2.8259
G epoch=17/80 loss=2.7629
G epoch=18/80 loss=2.7642
G epoch=19/80 loss=2.7173
G epoch=20/80 loss=2.7071
G epoch=21/80 loss=2.6589
G epoch=22/80 loss=2.6332
G epoch=23/80 loss=2.5876
G epoch=24/80 loss=2.5501
G epoch=25/80 loss=2.5200
G epoch=26/80 loss=2.5346
G epoch=27/80 loss=2.4752
G epoch=28/80 loss=2.4664
G epoch=29/80 loss=2.4462
G epoch=30/80 loss=2.3832
G epoch=31/80 loss=2.3660
G epoch=32/80 loss=2.3028
G epoch=33/80 loss=2.3346
G epoch=34/80 loss=2.2764
G epoch=35/80 loss=2.2724
G epoch=36/80 loss=2.2662
G epoch=37/80 loss=2.2051
G epoch=38/80 loss=2.1747
G epoch=39/80 loss=2.1671
G epoch=40/80 loss=2.1268
G epoch=41/80 loss=2.0946
G epoch=42/80 loss=2.0851
G epoch=43/80 loss=2.0741
G epoch=44/80 loss=2.0362
G epoch=45/80 loss=2.0541
G epoch=46/80 loss=1.9791
G epoch=47/80 loss=1.9614
G epoch=48/80 loss=1.9653
G epoch=49/80 loss=1.9448
G epoch=50/80 loss=1.9196
G epoch=51/80 loss=1.8904
G epoch=52/80 loss=1.8815
G epoch=53/80 loss=1.8804
G epoch=54/80 loss=1.8540
G epoch=55/80 loss=1.8458
G epoch=56/80 loss=1.8245
G epoch=57/80 loss=1.7967
G epoch=58/80 loss=1.7762
G epoch=59/80 loss=1.7633
G epoch=60/80 loss=1.7526
G epoch=61/80 loss=1.7712
G epoch=62/80 loss=1.7513
G epoch=63/80 loss=1.7124
G epoch=64/80 loss=1.6762
G epoch=65/80 loss=1.6703
G epoch=66/80 loss=1.6771
G epoch=67/80 loss=1.7021
G epoch=68/80 loss=1.6672
G epoch=69/80 loss=1.6284
G epoch=70/80 loss=1.6538
G epoch=71/80 loss=1.6432
G epoch=72/80 loss=1.6355
G epoch=73/80 loss=1.6093
G epoch=74/80 loss=1.6236
G epoch=75/80 loss=1.5888
G epoch=76/80 loss=1.5765
G epoch=77/80 loss=1.5542
G epoch=78/80 loss=1.5724
G epoch=79/80 loss=1.5701
G epoch=80/80 loss=1.5072

[2/3] pretrain D
D step=1/30 epoch=1/3 loss=0.8047 l2=0.2000 label_smoothing=0.050
D step=1/30 epoch=2/3 loss=0.7274 l2=0.2000 label_smoothing=0.050
D step=1/30 epoch=3/3 loss=0.7184 l2=0.2000 label_smoothing=0.050
D step=2/30 epoch=1/3 loss=0.7146 l2=0.2000 label_smoothing=0.050
D step=2/30 epoch=2/3 loss=0.7119 l2=0.2000 label_smoothing=0.050
D step=2/30 epoch=3/3 loss=0.6909 l2=0.2000 label_smoothing=0.050
D step=3/30 epoch=1/3 loss=0.6537 l2=0.2000 label_smoothing=0.050
D step=3/30 epoch=2/3 loss=0.6662 l2=0.2000 label_smoothing=0.050
D step=3/30 epoch=3/3 loss=0.6399 l2=0.2000 label_smoothing=0.050
D step=4/30 epoch=1/3 loss=0.6329 l2=0.2000 label_smoothing=0.050
D step=4/30 epoch=2/3 loss=0.6099 l2=0.2000 label_smoothing=0.050
D step=4/30 epoch=3/3 loss=0.5832 l2=0.2000 label_smoothing=0.050
D step=5/30 epoch=1/3 loss=0.5899 l2=0.2000 label_smoothing=0.050
D step=5/30 epoch=2/3 loss=0.5376 l2=0.2000 label_smoothing=0.050
D step=5/30 epoch=3/3 loss=0.5421 l2=0.2000 label_smoothing=0.050
D step=6/30 epoch=1/3 loss=0.5026 l2=0.2000 label_smoothing=0.050
D step=6/30 epoch=2/3 loss=0.5015 l2=0.2000 label_smoothing=0.050
D step=6/30 epoch=3/3 loss=0.4610 l2=0.2000 label_smoothing=0.050
D step=7/30 epoch=1/3 loss=0.4807 l2=0.2000 label_smoothing=0.050
D step=7/30 epoch=2/3 loss=0.4549 l2=0.2000 label_smoothing=0.050
D step=7/30 epoch=3/3 loss=0.4304 l2=0.2000 label_smoothing=0.050
D step=8/30 epoch=1/3 loss=0.4388 l2=0.2000 label_smoothing=0.050
D step=8/30 epoch=2/3 loss=0.3959 l2=0.2000 label_smoothing=0.050
D step=8/30 epoch=3/3 loss=0.4057 l2=0.2000 label_smoothing=0.050
D step=9/30 epoch=1/3 loss=0.3816 l2=0.2000 label_smoothing=0.050
D step=9/30 epoch=2/3 loss=0.3552 l2=0.2000 label_smoothing=0.050
D step=9/30 epoch=3/3 loss=0.3571 l2=0.2000 label_smoothing=0.050
D step=10/30 epoch=1/3 loss=0.3233 l2=0.2000 label_smoothing=0.050
D step=10/30 epoch=2/3 loss=0.3342 l2=0.2000 label_smoothing=0.050
D step=10/30 epoch=3/3 loss=0.3054 l2=0.2000 label_smoothing=0.050
D step=11/30 epoch=1/3 loss=0.3015 l2=0.2000 label_smoothing=0.050
D step=11/30 epoch=2/3 loss=0.3047 l2=0.2000 label_smoothing=0.050
D step=11/30 epoch=3/3 loss=0.2938 l2=0.2000 label_smoothing=0.050
D step=12/30 epoch=1/3 loss=0.2715 l2=0.2000 label_smoothing=0.050
D step=12/30 epoch=2/3 loss=0.2642 l2=0.2000 label_smoothing=0.050
D step=12/30 epoch=3/3 loss=0.2627 l2=0.2000 label_smoothing=0.050
D step=13/30 epoch=1/3 loss=0.2614 l2=0.2000 label_smoothing=0.050
D step=13/30 epoch=2/3 loss=0.2596 l2=0.2000 label_smoothing=0.050
D step=13/30 epoch=3/3 loss=0.2495 l2=0.2000 label_smoothing=0.050
D step=14/30 epoch=1/3 loss=0.2383 l2=0.2000 label_smoothing=0.050
D step=14/30 epoch=2/3 loss=0.2378 l2=0.2000 label_smoothing=0.050
D step=14/30 epoch=3/3 loss=0.2330 l2=0.2000 label_smoothing=0.050
D step=15/30 epoch=1/3 loss=0.2344 l2=0.2000 label_smoothing=0.050
D step=15/30 epoch=2/3 loss=0.2299 l2=0.2000 label_smoothing=0.050
D step=15/30 epoch=3/3 loss=0.2208 l2=0.2000 label_smoothing=0.050
D step=16/30 epoch=1/3 loss=0.2194 l2=0.2000 label_smoothing=0.050
D step=16/30 epoch=2/3 loss=0.2100 l2=0.2000 label_smoothing=0.050
D step=16/30 epoch=3/3 loss=0.2136 l2=0.2000 label_smoothing=0.050
D step=17/30 epoch=1/3 loss=0.2212 l2=0.2000 label_smoothing=0.050
D step=17/30 epoch=2/3 loss=0.2155 l2=0.2000 label_smoothing=0.050
D step=17/30 epoch=3/3 loss=0.2110 l2=0.2000 label_smoothing=0.050
D step=18/30 epoch=1/3 loss=0.2124 l2=0.2000 label_smoothing=0.050
D step=18/30 epoch=2/3 loss=0.2089 l2=0.2000 label_smoothing=0.050
D step=18/30 epoch=3/3 loss=0.2098 l2=0.2000 label_smoothing=0.050
D step=19/30 epoch=1/3 loss=0.2044 l2=0.2000 label_smoothing=0.050
D step=19/30 epoch=2/3 loss=0.2044 l2=0.2000 label_smoothing=0.050
D step=19/30 epoch=3/3 loss=0.2029 l2=0.2000 label_smoothing=0.050
D step=20/30 epoch=1/3 loss=0.2060 l2=0.2000 label_smoothing=0.050
D step=20/30 epoch=2/3 loss=0.2062 l2=0.2000 label_smoothing=0.050
D step=20/30 epoch=3/3 loss=0.2019 l2=0.2000 label_smoothing=0.050
D step=21/30 epoch=1/3 loss=0.2017 l2=0.2000 label_smoothing=0.050
D step=21/30 epoch=2/3 loss=0.1950 l2=0.2000 label_smoothing=0.050
D step=21/30 epoch=3/3 loss=0.2002 l2=0.2000 label_smoothing=0.050
D step=22/30 epoch=1/3 loss=0.1931 l2=0.2000 label_smoothing=0.050
D step=22/30 epoch=2/3 loss=0.1940 l2=0.2000 label_smoothing=0.050
D step=22/30 epoch=3/3 loss=0.1918 l2=0.2000 label_smoothing=0.050
D step=23/30 epoch=1/3 loss=0.1951 l2=0.2000 label_smoothing=0.050
D step=23/30 epoch=2/3 loss=0.1953 l2=0.2000 label_smoothing=0.050
D step=23/30 epoch=3/3 loss=0.1933 l2=0.2000 label_smoothing=0.050
D step=24/30 epoch=1/3 loss=0.1941 l2=0.2000 label_smoothing=0.050
D step=24/30 epoch=2/3 loss=0.1923 l2=0.2000 label_smoothing=0.050
D step=24/30 epoch=3/3 loss=0.1931 l2=0.2000 label_smoothing=0.050
D step=25/30 epoch=1/3 loss=0.1897 l2=0.2000 label_smoothing=0.050
D step=25/30 epoch=2/3 loss=0.1882 l2=0.2000 label_smoothing=0.050
D step=25/30 epoch=3/3 loss=0.1888 l2=0.2000 label_smoothing=0.050
D step=26/30 epoch=1/3 loss=0.1942 l2=0.2000 label_smoothing=0.050
D step=26/30 epoch=2/3 loss=0.1923 l2=0.2000 label_smoothing=0.050
D step=26/30 epoch=3/3 loss=0.1924 l2=0.2000 label_smoothing=0.050
D step=27/30 epoch=1/3 loss=0.1888 l2=0.2000 label_smoothing=0.050
D step=27/30 epoch=2/3 loss=0.1876 l2=0.2000 label_smoothing=0.050
D step=27/30 epoch=3/3 loss=0.1892 l2=0.2000 label_smoothing=0.050
D step=28/30 epoch=1/3 loss=0.1877 l2=0.2000 label_smoothing=0.050
D step=28/30 epoch=2/3 loss=0.1869 l2=0.2000 label_smoothing=0.050
D step=28/30 epoch=3/3 loss=0.1851 l2=0.2000 label_smoothing=0.050
D step=29/30 epoch=1/3 loss=0.1932 l2=0.2000 label_smoothing=0.050
D step=29/30 epoch=2/3 loss=0.1888 l2=0.2000 label_smoothing=0.050
D step=29/30 epoch=3/3 loss=0.1894 l2=0.2000 label_smoothing=0.050
D step=30/30 epoch=1/3 loss=0.1874 l2=0.2000 label_smoothing=0.050
D step=30/30 epoch=2/3 loss=0.1836 l2=0.2000 label_smoothing=0.050
D step=30/30 epoch=3/3 loss=0.1846 l2=0.2000 label_smoothing=0.050

[3/3] adversarial
generator_reward_mode=off reward_alpha=1.000 d_steps=5 d_epochs=3
D step=1/5 epoch=1/3 loss=0.1921 l2=0.2000 label_smoothing=0.050
D step=1/5 epoch=2/3 loss=0.1898 l2=0.2000 label_smoothing=0.050
D step=1/5 epoch=3/3 loss=0.1866 l2=0.2000 label_smoothing=0.050
D step=2/5 epoch=1/3 loss=0.1905 l2=0.2000 label_smoothing=0.050
D step=2/5 epoch=2/3 loss=0.1880 l2=0.2000 label_smoothing=0.050
D step=2/5 epoch=3/3 loss=0.1871 l2=0.2000 label_smoothing=0.050
D step=3/5 epoch=1/3 loss=0.1854 l2=0.2000 label_smoothing=0.050
D step=3/5 epoch=2/3 loss=0.1850 l2=0.2000 label_smoothing=0.050
D step=3/5 epoch=3/3 loss=0.1835 l2=0.2000 label_smoothing=0.050
D step=4/5 epoch=1/3 loss=0.1828 l2=0.2000 label_smoothing=0.050
D step=4/5 epoch=2/3 loss=0.1806 l2=0.2000 label_smoothing=0.050
D step=4/5 epoch=3/3 loss=0.1813 l2=0.2000 label_smoothing=0.050
D step=5/5 epoch=1/3 loss=0.1781 l2=0.2000 label_smoothing=0.050
D step=5/5 epoch=2/3 loss=0.1792 l2=0.2000 label_smoothing=0.050
D step=5/5 epoch=3/3 loss=0.1780 l2=0.2000 label_smoothing=0.050
ADV epoch=1/60 g_loss=0.0612 d_loss=0.1845 reward=0.0314 reward_var=0.0002 unique=1.0000
D step=1/5 epoch=1/3 loss=0.1780 l2=0.2000 label_smoothing=0.050
D step=1/5 epoch=2/3 loss=0.1802 l2=0.2000 label_smoothing=0.050
D step=1/5 epoch=3/3 loss=0.1760 l2=0.2000 label_smoothing=0.050
D step=2/5 epoch=1/3 loss=0.1788 l2=0.2000 label_smoothing=0.050
D step=2/5 epoch=2/3 loss=0.1784 l2=0.2000 label_smoothing=0.050
D step=2/5 epoch=3/3 loss=0.1744 l2=0.2000 label_smoothing=0.050
D step=3/5 epoch=1/3 loss=0.1786 l2=0.2000 label_smoothing=0.050
D step=3/5 epoch=2/3 loss=0.1760 l2=0.2000 label_smoothing=0.050
D step=3/5 epoch=3/3 loss=0.1745 l2=0.2000 label_smoothing=0.050
D step=4/5 epoch=1/3 loss=0.1746 l2=0.2000 label_smoothing=0.050
D step=4/5 epoch=2/3 loss=0.1748 l2=0.2000 label_smoothing=0.050
D step=4/5 epoch=3/3 loss=0.1743 l2=0.2000 label_smoothing=0.050
D step=5/5 epoch=1/3 loss=0.1746 l2=0.2000 label_smoothing=0.050
D step=5/5 epoch=2/3 loss=0.1752 l2=0.2000 label_smoothing=0.050
D step=5/5 epoch=3/3 loss=0.1729 l2=0.2000 label_smoothing=0.050
ADV epoch=2/60 g_loss=0.0438 d_loss=0.1761 reward=0.0240 reward_var=0.0003 unique=0.9400
D step=1/5 epoch=1/3 loss=0.1718 l2=0.2000 label_smoothing=0.050
D step=1/5 epoch=2/3 loss=0.1709 l2=0.2000 label_smoothing=0.050
D step=1/5 epoch=3/3 loss=0.1689 l2=0.2000 label_smoothing=0.050
D step=2/5 epoch=1/3 loss=0.1700 l2=0.2000 label_smoothing=0.050
D step=2/5 epoch=2/3 loss=0.1694 l2=0.2000 label_smoothing=0.050
D step=2/5 epoch=3/3 loss=0.1686 l2=0.2000 label_smoothing=0.050
D step=3/5 epoch=1/3 loss=0.1679 l2=0.2000 label_smoothing=0.050
D step=3/5 epoch=2/3 loss=0.1671 l2=0.2000 label_smoothing=0.050
D step=3/5 epoch=3/3 loss=0.1671 l2=0.2000 label_smoothing=0.050
D step=4/5 epoch=1/3 loss=0.1672 l2=0.2000 label_smoothing=0.050
D step=4/5 epoch=2/3 loss=0.1658 l2=0.2000 label_smoothing=0.050
D step=4/5 epoch=3/3 loss=0.1657 l2=0.2000 label_smoothing=0.050
D step=5/5 epoch=1/3 loss=0.1673 l2=0.2000 label_smoothing=0.050
D step=5/5 epoch=2/3 loss=0.1645 l2=0.2000 label_smoothing=0.050
D step=5/5 epoch=3/3 loss=0.1653 l2=0.2000 label_smoothing=0.050
ADV epoch=3/60 g_loss=0.0367 d_loss=0.1678 reward=0.0203 reward_var=0.0001 unique=0.9400
saved 500 raw samples to /content/drive/MyDrive/GAN/GAN_SQLi_Colab/results_seqgan_phase2b_phase3/phase3/seqgan_improved/boolean/E/R200/V4/generated_payloads.csv
