{
  "metric_schema_version": "quality-metrics-v3",
  "normalization_version": "nfkc_html_percent1_casefold_ws_quotes_v1",
  "seed": 88,
  "method": "seqgan_master",
  "family": "error",
  "scenario": "B",
  "ratio": "200",
  "generation_kind": "direct",
  "schema_valid": true,
  "stop_reason": "n/a",
  "n_generated": 2000,
  "unique_rate": 0.0055,
  "normalized_unique_rate": 0.0045,
  "duplicate_rate": 0.9945,
  "model_collapse_rate": 0.9945,
  "dominant_payload_share": 0.995,
  "normalized_dominant_payload_share": 0.995,
  "sql_parse_rate": 1.0,
  "sql_structure_rate": 0.0,
  "family_motif_coverage": 0.0,
  "family_motif_hit_rate": 0.0,
  "garbage_rate": 1.0,
  "wellformed_rate": 1.0,
  "shaped_rate": 0.0,
  "family_motif_coverage_by_family": {
    "error": 0.0
  },
  "family_motif_hit_rate_by_family": {
    "error": 0.0
  },
  "inferred_family_distribution": {
    "boolean": 0.0,
    "union": 0.0,
    "time": 0.0,
    "error": 0.0,
    "other": 1.0
  },
  "train_reference_count": 78,
  "holdout_reference_count": 259,
  "exact_input_overlap": 0.0,
  "normalized_input_overlap": 0.0,
  "holdout_overlap": 0.0,
  "normalized_holdout_overlap": 0.0,
  "nearest_input_similarity_mean": 0.20524870904078546,
  "nearest_input_similarity_median": 0.2054794520547945,
  "nearest_input_similarity_p90": 0.2054794520547945,
  "nearest_char3_jaccard_mean": 0.20524870904078546,
  "nearest_char3_jaccard_median": 0.2054794520547945,
  "nearest_char3_jaccard_p90": 0.2054794520547945,
  "nearest_token_jaccard_mean": 0.15770701754385966,
  "nearest_token_jaccard_median": 0.15789473684210525,
  "nearest_token_jaccard_p90": 0.15789473684210525,
  "nearest_edit_similarity_mean": 0.1559036697247706,
  "nearest_edit_similarity_median": 0.15596330275229353,
  "nearest_edit_similarity_p90": 0.15596330275229353,
  "nearest_feature_cosine_mean": 0.8530480436519889,
  "nearest_feature_cosine_median": 0.8530974627590913,
  "nearest_feature_cosine_p90": 0.8530974627590913,
  "nearest_input_distance_mean": 0.7947512909592147,
  "nearest_input_distance_median": 0.7945205479452055,
  "nearest_input_distance_p90": 0.7945205479452055,
  "mean_nearest_similarity": 0.20524870904078546,
  "median_nearest_similarity": 0.2054794520547945,
  "p90_nearest_similarity": 0.2054794520547945,
  "unique_nearest_payload_rate": 0.0005,
  "dominant_retrieved_payload_share": 1.0,
  "nearest_reference_count": 78,
  "distinct_1": 0.001375687843921961,
  "distinct_2": 0.0023348899266177454,
  "distinct_3": 0.0032532532532532532,
  "lexical_diversity": 0.001375687843921961,
  "character_diversity": 0.8386334028485111,
  "token_diversity": 0.5830500857705505,
  "keyword_diversity": 0.0,
  "operator_diversity": 0.0,
  "function_diversity": 0.010696290587954906,
  "comment_style_diversity": 0.0,
  "length_zone_diversity": 0.2,
  "self_bleu": 1.0,
  "self_bleu_char": 1.0,
  "requested_count": 2000,
  "generated_count_fraction": 1.0
}
