
[1/3] pretrain G
G epoch=1/60 loss=4.4937
G epoch=2/60 loss=4.0846
G epoch=3/60 loss=3.5301
G epoch=4/60 loss=3.0104
G epoch=5/60 loss=2.8225
G epoch=6/60 loss=2.6900
G epoch=7/60 loss=2.5894
G epoch=8/60 loss=2.5329
G epoch=9/60 loss=2.4330
G epoch=10/60 loss=2.3918
G epoch=11/60 loss=2.3375
G epoch=12/60 loss=2.2902
G epoch=13/60 loss=2.1547
G epoch=14/60 loss=2.1013
G epoch=15/60 loss=2.0188
G epoch=16/60 loss=2.0015
G epoch=17/60 loss=1.9045
G epoch=18/60 loss=1.8704
G epoch=19/60 loss=1.8369
G epoch=20/60 loss=1.8210
G epoch=21/60 loss=1.7989
G epoch=22/60 loss=1.7317
G epoch=23/60 loss=1.6571
G epoch=24/60 loss=1.6746
G epoch=25/60 loss=1.5680
G epoch=26/60 loss=1.5571
G epoch=27/60 loss=1.5442
G epoch=28/60 loss=1.4925
G epoch=29/60 loss=1.4518
G epoch=30/60 loss=1.4629
G epoch=31/60 loss=1.3809
G epoch=32/60 loss=1.4094
G epoch=33/60 loss=1.3445
G epoch=34/60 loss=1.3482
G epoch=35/60 loss=1.3240
G epoch=36/60 loss=1.2716
G epoch=37/60 loss=1.2758
G epoch=38/60 loss=1.2312
G epoch=39/60 loss=1.2276
G epoch=40/60 loss=1.2173
G epoch=41/60 loss=1.2014
G epoch=42/60 loss=1.1530
G epoch=43/60 loss=1.1279
G epoch=44/60 loss=1.1389
G epoch=45/60 loss=1.1012
G epoch=46/60 loss=1.0749
G epoch=47/60 loss=1.0851
G epoch=48/60 loss=1.0612
G epoch=49/60 loss=1.0537
G epoch=50/60 loss=1.0306
G epoch=51/60 loss=1.0170
G epoch=52/60 loss=1.0229
G epoch=53/60 loss=1.0031
G epoch=54/60 loss=0.9869
G epoch=55/60 loss=0.9616
G epoch=56/60 loss=0.9656
G epoch=57/60 loss=0.9104
G epoch=58/60 loss=0.9152
G epoch=59/60 loss=0.9165
G epoch=60/60 loss=0.9154

[2/3] pretrain D
D step=1/30 epoch=1/3 loss=0.7663 l2=0.2000 label_smoothing=0.000
D step=1/30 epoch=2/3 loss=0.6932 l2=0.2000 label_smoothing=0.000
D step=1/30 epoch=3/3 loss=0.6501 l2=0.2000 label_smoothing=0.000
D step=2/30 epoch=1/3 loss=0.6452 l2=0.2000 label_smoothing=0.000
D step=2/30 epoch=2/3 loss=0.5846 l2=0.2000 label_smoothing=0.000
D step=2/30 epoch=3/3 loss=0.5435 l2=0.2000 label_smoothing=0.000
D step=3/30 epoch=1/3 loss=0.5487 l2=0.2000 label_smoothing=0.000
D step=3/30 epoch=2/3 loss=0.4934 l2=0.2000 label_smoothing=0.000
D step=3/30 epoch=3/3 loss=0.4414 l2=0.2000 label_smoothing=0.000
D step=4/30 epoch=1/3 loss=0.4418 l2=0.2000 label_smoothing=0.000
D step=4/30 epoch=2/3 loss=0.3829 l2=0.2000 label_smoothing=0.000
D step=4/30 epoch=3/3 loss=0.3329 l2=0.2000 label_smoothing=0.000
D step=5/30 epoch=1/3 loss=0.3159 l2=0.2000 label_smoothing=0.000
D step=5/30 epoch=2/3 loss=0.2736 l2=0.2000 label_smoothing=0.000
D step=5/30 epoch=3/3 loss=0.2410 l2=0.2000 label_smoothing=0.000
D step=6/30 epoch=1/3 loss=0.2515 l2=0.2000 label_smoothing=0.000
D step=6/30 epoch=2/3 loss=0.2259 l2=0.2000 label_smoothing=0.000
D step=6/30 epoch=3/3 loss=0.1966 l2=0.2000 label_smoothing=0.000
D step=7/30 epoch=1/3 loss=0.2179 l2=0.2000 label_smoothing=0.000
D step=7/30 epoch=2/3 loss=0.1931 l2=0.2000 label_smoothing=0.000
D step=7/30 epoch=3/3 loss=0.1664 l2=0.2000 label_smoothing=0.000
D step=8/30 epoch=1/3 loss=0.1568 l2=0.2000 label_smoothing=0.000
D step=8/30 epoch=2/3 loss=0.1409 l2=0.2000 label_smoothing=0.000
D step=8/30 epoch=3/3 loss=0.1298 l2=0.2000 label_smoothing=0.000
D step=9/30 epoch=1/3 loss=0.1320 l2=0.2000 label_smoothing=0.000
D step=9/30 epoch=2/3 loss=0.1214 l2=0.2000 label_smoothing=0.000
D step=9/30 epoch=3/3 loss=0.1124 l2=0.2000 label_smoothing=0.000
D step=10/30 epoch=1/3 loss=0.1100 l2=0.2000 label_smoothing=0.000
D step=10/30 epoch=2/3 loss=0.1020 l2=0.2000 label_smoothing=0.000
D step=10/30 epoch=3/3 loss=0.0972 l2=0.2000 label_smoothing=0.000
D step=11/30 epoch=1/3 loss=0.1372 l2=0.2000 label_smoothing=0.000
D step=11/30 epoch=2/3 loss=0.1328 l2=0.2000 label_smoothing=0.000
D step=11/30 epoch=3/3 loss=0.1128 l2=0.2000 label_smoothing=0.000
D step=12/30 epoch=1/3 loss=0.1144 l2=0.2000 label_smoothing=0.000
D step=12/30 epoch=2/3 loss=0.1119 l2=0.2000 label_smoothing=0.000
D step=12/30 epoch=3/3 loss=0.1014 l2=0.2000 label_smoothing=0.000
D step=13/30 epoch=1/3 loss=0.1080 l2=0.2000 label_smoothing=0.000
D step=13/30 epoch=2/3 loss=0.1047 l2=0.2000 label_smoothing=0.000
D step=13/30 epoch=3/3 loss=0.0960 l2=0.2000 label_smoothing=0.000
D step=14/30 epoch=1/3 loss=0.1303 l2=0.2000 label_smoothing=0.000
D step=14/30 epoch=2/3 loss=0.1109 l2=0.2000 label_smoothing=0.000
D step=14/30 epoch=3/3 loss=0.1041 l2=0.2000 label_smoothing=0.000
D step=15/30 epoch=1/3 loss=0.0888 l2=0.2000 label_smoothing=0.000
D step=15/30 epoch=2/3 loss=0.0805 l2=0.2000 label_smoothing=0.000
D step=15/30 epoch=3/3 loss=0.0772 l2=0.2000 label_smoothing=0.000
D step=16/30 epoch=1/3 loss=0.1610 l2=0.2000 label_smoothing=0.000
D step=16/30 epoch=2/3 loss=0.1344 l2=0.2000 label_smoothing=0.000
D step=16/30 epoch=3/3 loss=0.1268 l2=0.2000 label_smoothing=0.000
D step=17/30 epoch=1/3 loss=0.1076 l2=0.2000 label_smoothing=0.000
D step=17/30 epoch=2/3 loss=0.0904 l2=0.2000 label_smoothing=0.000
D step=17/30 epoch=3/3 loss=0.0726 l2=0.2000 label_smoothing=0.000
D step=18/30 epoch=1/3 loss=0.0890 l2=0.2000 label_smoothing=0.000
D step=18/30 epoch=2/3 loss=0.0806 l2=0.2000 label_smoothing=0.000
D step=18/30 epoch=3/3 loss=0.0727 l2=0.2000 label_smoothing=0.000
D step=19/30 epoch=1/3 loss=0.0742 l2=0.2000 label_smoothing=0.000
D step=19/30 epoch=2/3 loss=0.0732 l2=0.2000 label_smoothing=0.000
D step=19/30 epoch=3/3 loss=0.0695 l2=0.2000 label_smoothing=0.000
D step=20/30 epoch=1/3 loss=0.1344 l2=0.2000 label_smoothing=0.000
D step=20/30 epoch=2/3 loss=0.1226 l2=0.2000 label_smoothing=0.000
D step=20/30 epoch=3/3 loss=0.0983 l2=0.2000 label_smoothing=0.000
D step=21/30 epoch=1/3 loss=0.0987 l2=0.2000 label_smoothing=0.000
D step=21/30 epoch=2/3 loss=0.0894 l2=0.2000 label_smoothing=0.000
D step=21/30 epoch=3/3 loss=0.0884 l2=0.2000 label_smoothing=0.000
D step=22/30 epoch=1/3 loss=0.0818 l2=0.2000 label_smoothing=0.000
D step=22/30 epoch=2/3 loss=0.0795 l2=0.2000 label_smoothing=0.000
D step=22/30 epoch=3/3 loss=0.0764 l2=0.2000 label_smoothing=0.000
D step=23/30 epoch=1/3 loss=0.1074 l2=0.2000 label_smoothing=0.000
D step=23/30 epoch=2/3 loss=0.0855 l2=0.2000 label_smoothing=0.000
D step=23/30 epoch=3/3 loss=0.0785 l2=0.2000 label_smoothing=0.000
D step=24/30 epoch=1/3 loss=0.0894 l2=0.2000 label_smoothing=0.000
D step=24/30 epoch=2/3 loss=0.0831 l2=0.2000 label_smoothing=0.000
D step=24/30 epoch=3/3 loss=0.0774 l2=0.2000 label_smoothing=0.000
D step=25/30 epoch=1/3 loss=0.0701 l2=0.2000 label_smoothing=0.000
D step=25/30 epoch=2/3 loss=0.0661 l2=0.2000 label_smoothing=0.000
D step=25/30 epoch=3/3 loss=0.0631 l2=0.2000 label_smoothing=0.000
D step=26/30 epoch=1/3 loss=0.0923 l2=0.2000 label_smoothing=0.000
D step=26/30 epoch=2/3 loss=0.0821 l2=0.2000 label_smoothing=0.000
D step=26/30 epoch=3/3 loss=0.0746 l2=0.2000 label_smoothing=0.000
D step=27/30 epoch=1/3 loss=0.0568 l2=0.2000 label_smoothing=0.000
D step=27/30 epoch=2/3 loss=0.0561 l2=0.2000 label_smoothing=0.000
D step=27/30 epoch=3/3 loss=0.0545 l2=0.2000 label_smoothing=0.000
D step=28/30 epoch=1/3 loss=0.0686 l2=0.2000 label_smoothing=0.000
D step=28/30 epoch=2/3 loss=0.0563 l2=0.2000 label_smoothing=0.000
D step=28/30 epoch=3/3 loss=0.0546 l2=0.2000 label_smoothing=0.000
D step=29/30 epoch=1/3 loss=0.0729 l2=0.2000 label_smoothing=0.000
D step=29/30 epoch=2/3 loss=0.0628 l2=0.2000 label_smoothing=0.000
D step=29/30 epoch=3/3 loss=0.0587 l2=0.2000 label_smoothing=0.000
D step=30/30 epoch=1/3 loss=0.0790 l2=0.2000 label_smoothing=0.000
D step=30/30 epoch=2/3 loss=0.0748 l2=0.2000 label_smoothing=0.000
D step=30/30 epoch=3/3 loss=0.0688 l2=0.2000 label_smoothing=0.000

[3/3] adversarial
generator_reward_mode=off reward_alpha=1.000 d_steps=5 d_epochs=3
D step=1/5 epoch=1/3 loss=0.0523 l2=0.2000 label_smoothing=0.000
D step=1/5 epoch=2/3 loss=0.0473 l2=0.2000 label_smoothing=0.000
D step=1/5 epoch=3/3 loss=0.0463 l2=0.2000 label_smoothing=0.000
D step=2/5 epoch=1/3 loss=0.0475 l2=0.2000 label_smoothing=0.000
D step=2/5 epoch=2/3 loss=0.0426 l2=0.2000 label_smoothing=0.000
D step=2/5 epoch=3/3 loss=0.0429 l2=0.2000 label_smoothing=0.000
D step=3/5 epoch=1/3 loss=0.0491 l2=0.2000 label_smoothing=0.000
D step=3/5 epoch=2/3 loss=0.0445 l2=0.2000 label_smoothing=0.000
D step=3/5 epoch=3/3 loss=0.0397 l2=0.2000 label_smoothing=0.000
D step=4/5 epoch=1/3 loss=0.0567 l2=0.2000 label_smoothing=0.000
D step=4/5 epoch=2/3 loss=0.0440 l2=0.2000 label_smoothing=0.000
D step=4/5 epoch=3/3 loss=0.0375 l2=0.2000 label_smoothing=0.000
D step=5/5 epoch=1/3 loss=0.0366 l2=0.2000 label_smoothing=0.000
D step=5/5 epoch=2/3 loss=0.0342 l2=0.2000 label_smoothing=0.000
D step=5/5 epoch=3/3 loss=0.0325 l2=0.2000 label_smoothing=0.000
ADV epoch=1/60 g_loss=0.0114 d_loss=0.0436 reward=0.0117 reward_var=0.0011 unique=1.0000
D step=1/5 epoch=1/3 loss=0.0355 l2=0.2000 label_smoothing=0.000
D step=1/5 epoch=2/3 loss=0.0337 l2=0.2000 label_smoothing=0.000
D step=1/5 epoch=3/3 loss=0.0305 l2=0.2000 label_smoothing=0.000
D step=2/5 epoch=1/3 loss=0.0332 l2=0.2000 label_smoothing=0.000
D step=2/5 epoch=2/3 loss=0.0317 l2=0.2000 label_smoothing=0.000
D step=2/5 epoch=3/3 loss=0.0275 l2=0.2000 label_smoothing=0.000
D step=3/5 epoch=1/3 loss=0.0265 l2=0.2000 label_smoothing=0.000
D step=3/5 epoch=2/3 loss=0.0263 l2=0.2000 label_smoothing=0.000
D step=3/5 epoch=3/3 loss=0.0244 l2=0.2000 label_smoothing=0.000
D step=4/5 epoch=1/3 loss=0.0260 l2=0.2000 label_smoothing=0.000
D step=4/5 epoch=2/3 loss=0.0248 l2=0.2000 label_smoothing=0.000
D step=4/5 epoch=3/3 loss=0.0233 l2=0.2000 label_smoothing=0.000
D step=5/5 epoch=1/3 loss=0.0216 l2=0.2000 label_smoothing=0.000
D step=5/5 epoch=2/3 loss=0.0212 l2=0.2000 label_smoothing=0.000
D step=5/5 epoch=3/3 loss=0.0201 l2=0.2000 label_smoothing=0.000
ADV epoch=2/60 g_loss=0.0076 d_loss=0.0271 reward=0.0165 reward_var=0.0021 unique=0.9800
D step=1/5 epoch=1/3 loss=0.0206 l2=0.2000 label_smoothing=0.000
D step=1/5 epoch=2/3 loss=0.0188 l2=0.2000 label_smoothing=0.000
D step=1/5 epoch=3/3 loss=0.0174 l2=0.2000 label_smoothing=0.000
D step=2/5 epoch=1/3 loss=0.0180 l2=0.2000 label_smoothing=0.000
D step=2/5 epoch=2/3 loss=0.0154 l2=0.2000 label_smoothing=0.000
D step=2/5 epoch=3/3 loss=0.0157 l2=0.2000 label_smoothing=0.000
D step=3/5 epoch=1/3 loss=0.0143 l2=0.2000 label_smoothing=0.000
D step=3/5 epoch=2/3 loss=0.0136 l2=0.2000 label_smoothing=0.000
D step=3/5 epoch=3/3 loss=0.0127 l2=0.2000 label_smoothing=0.000
D step=4/5 epoch=1/3 loss=0.0126 l2=0.2000 label_smoothing=0.000
D step=4/5 epoch=2/3 loss=0.0115 l2=0.2000 label_smoothing=0.000
D step=4/5 epoch=3/3 loss=0.0105 l2=0.2000 label_smoothing=0.000
D step=5/5 epoch=1/3 loss=0.0109 l2=0.2000 label_smoothing=0.000
D step=5/5 epoch=2/3 loss=0.0099 l2=0.2000 label_smoothing=0.000
D step=5/5 epoch=3/3 loss=0.0093 l2=0.2000 label_smoothing=0.000
ADV epoch=3/60 g_loss=0.0054 d_loss=0.0141 reward=0.0110 reward_var=0.0009 unique=0.8800
saved 500 raw samples to /content/drive/MyDrive/GAN/GAN_SQLi_Colab/results_seqgan_phase2b_phase3/phase2b/seqgan_master/error/D/R100/generated_payloads.csv
