
[1/3] pretrain G
G epoch=1/80 loss=4.5562
G epoch=2/80 loss=4.3936
G epoch=3/80 loss=4.2221
G epoch=4/80 loss=4.0171
G epoch=5/80 loss=3.7457
G epoch=6/80 loss=3.4852
G epoch=7/80 loss=3.2520
G epoch=8/80 loss=2.9771
G epoch=9/80 loss=2.8984
G epoch=10/80 loss=2.8400
G epoch=11/80 loss=2.7951
G epoch=12/80 loss=2.7725
G epoch=13/80 loss=2.7372
G epoch=14/80 loss=2.6750
G epoch=15/80 loss=2.6414
G epoch=16/80 loss=2.5999
G epoch=17/80 loss=2.5711
G epoch=18/80 loss=2.5693
G epoch=19/80 loss=2.5201
G epoch=20/80 loss=2.4714
G epoch=21/80 loss=2.4478
G epoch=22/80 loss=2.4258
G epoch=23/80 loss=2.3884
G epoch=24/80 loss=2.3437
G epoch=25/80 loss=2.3361
G epoch=26/80 loss=2.3020
G epoch=27/80 loss=2.3041
G epoch=28/80 loss=2.2732
G epoch=29/80 loss=2.2116
G epoch=30/80 loss=2.2029
G epoch=31/80 loss=2.1624
G epoch=32/80 loss=2.1558
G epoch=33/80 loss=2.1074
G epoch=34/80 loss=2.1009
G epoch=35/80 loss=2.0381
G epoch=36/80 loss=2.0654
G epoch=37/80 loss=2.0416
G epoch=38/80 loss=2.0516
G epoch=39/80 loss=1.9841
G epoch=40/80 loss=1.9514
G epoch=41/80 loss=1.9300
G epoch=42/80 loss=1.9492
G epoch=43/80 loss=1.9271
G epoch=44/80 loss=1.8815
G epoch=45/80 loss=1.8769
G epoch=46/80 loss=1.8710
G epoch=47/80 loss=1.8259
G epoch=48/80 loss=1.8277
G epoch=49/80 loss=1.7978
G epoch=50/80 loss=1.7859
G epoch=51/80 loss=1.7835
G epoch=52/80 loss=1.7595
G epoch=53/80 loss=1.7136
G epoch=54/80 loss=1.7248
G epoch=55/80 loss=1.7287
G epoch=56/80 loss=1.6988
G epoch=57/80 loss=1.6817
G epoch=58/80 loss=1.6789
G epoch=59/80 loss=1.6200
G epoch=60/80 loss=1.6370
G epoch=61/80 loss=1.6165
G epoch=62/80 loss=1.5916
G epoch=63/80 loss=1.5535
G epoch=64/80 loss=1.5730
G epoch=65/80 loss=1.5738
G epoch=66/80 loss=1.5589
G epoch=67/80 loss=1.5470
G epoch=68/80 loss=1.5185
G epoch=69/80 loss=1.4979
G epoch=70/80 loss=1.4733
G epoch=71/80 loss=1.4628
G epoch=72/80 loss=1.4528
G epoch=73/80 loss=1.4669
G epoch=74/80 loss=1.4473
G epoch=75/80 loss=1.4107
G epoch=76/80 loss=1.4188
G epoch=77/80 loss=1.4172
G epoch=78/80 loss=1.3937
G epoch=79/80 loss=1.3780
G epoch=80/80 loss=1.3578

[2/3] pretrain D
D step=1/30 epoch=1/3 loss=0.8127 l2=0.2000 label_smoothing=0.050
D step=1/30 epoch=2/3 loss=0.7692 l2=0.2000 label_smoothing=0.050
D step=1/30 epoch=3/3 loss=0.7247 l2=0.2000 label_smoothing=0.050
D step=2/30 epoch=1/3 loss=0.6985 l2=0.2000 label_smoothing=0.050
D step=2/30 epoch=2/3 loss=0.6725 l2=0.2000 label_smoothing=0.050
D step=2/30 epoch=3/3 loss=0.6534 l2=0.2000 label_smoothing=0.050
D step=3/30 epoch=1/3 loss=0.6498 l2=0.2000 label_smoothing=0.050
D step=3/30 epoch=2/3 loss=0.6179 l2=0.2000 label_smoothing=0.050
D step=3/30 epoch=3/3 loss=0.5814 l2=0.2000 label_smoothing=0.050
D step=4/30 epoch=1/3 loss=0.5993 l2=0.2000 label_smoothing=0.050
D step=4/30 epoch=2/3 loss=0.5739 l2=0.2000 label_smoothing=0.050
D step=4/30 epoch=3/3 loss=0.5428 l2=0.2000 label_smoothing=0.050
D step=5/30 epoch=1/3 loss=0.5037 l2=0.2000 label_smoothing=0.050
D step=5/30 epoch=2/3 loss=0.4905 l2=0.2000 label_smoothing=0.050
D step=5/30 epoch=3/3 loss=0.4688 l2=0.2000 label_smoothing=0.050
D step=6/30 epoch=1/3 loss=0.4625 l2=0.2000 label_smoothing=0.050
D step=6/30 epoch=2/3 loss=0.4370 l2=0.2000 label_smoothing=0.050
D step=6/30 epoch=3/3 loss=0.4004 l2=0.2000 label_smoothing=0.050
D step=7/30 epoch=1/3 loss=0.4122 l2=0.2000 label_smoothing=0.050
D step=7/30 epoch=2/3 loss=0.3909 l2=0.2000 label_smoothing=0.050
D step=7/30 epoch=3/3 loss=0.3562 l2=0.2000 label_smoothing=0.050
D step=8/30 epoch=1/3 loss=0.3333 l2=0.2000 label_smoothing=0.050
D step=8/30 epoch=2/3 loss=0.3367 l2=0.2000 label_smoothing=0.050
D step=8/30 epoch=3/3 loss=0.3093 l2=0.2000 label_smoothing=0.050
D step=9/30 epoch=1/3 loss=0.2884 l2=0.2000 label_smoothing=0.050
D step=9/30 epoch=2/3 loss=0.2943 l2=0.2000 label_smoothing=0.050
D step=9/30 epoch=3/3 loss=0.2780 l2=0.2000 label_smoothing=0.050
D step=10/30 epoch=1/3 loss=0.2533 l2=0.2000 label_smoothing=0.050
D step=10/30 epoch=2/3 loss=0.2732 l2=0.2000 label_smoothing=0.050
D step=10/30 epoch=3/3 loss=0.2368 l2=0.2000 label_smoothing=0.050
D step=11/30 epoch=1/3 loss=0.2374 l2=0.2000 label_smoothing=0.050
D step=11/30 epoch=2/3 loss=0.2259 l2=0.2000 label_smoothing=0.050
D step=11/30 epoch=3/3 loss=0.2234 l2=0.2000 label_smoothing=0.050
D step=12/30 epoch=1/3 loss=0.2165 l2=0.2000 label_smoothing=0.050
D step=12/30 epoch=2/3 loss=0.2169 l2=0.2000 label_smoothing=0.050
D step=12/30 epoch=3/3 loss=0.2120 l2=0.2000 label_smoothing=0.050
D step=13/30 epoch=1/3 loss=0.2111 l2=0.2000 label_smoothing=0.050
D step=13/30 epoch=2/3 loss=0.2076 l2=0.2000 label_smoothing=0.050
D step=13/30 epoch=3/3 loss=0.2067 l2=0.2000 label_smoothing=0.050
D step=14/30 epoch=1/3 loss=0.2040 l2=0.2000 label_smoothing=0.050
D step=14/30 epoch=2/3 loss=0.2032 l2=0.2000 label_smoothing=0.050
D step=14/30 epoch=3/3 loss=0.2018 l2=0.2000 label_smoothing=0.050
D step=15/30 epoch=1/3 loss=0.1999 l2=0.2000 label_smoothing=0.050
D step=15/30 epoch=2/3 loss=0.1951 l2=0.2000 label_smoothing=0.050
D step=15/30 epoch=3/3 loss=0.1989 l2=0.2000 label_smoothing=0.050
D step=16/30 epoch=1/3 loss=0.1976 l2=0.2000 label_smoothing=0.050
D step=16/30 epoch=2/3 loss=0.1944 l2=0.2000 label_smoothing=0.050
D step=16/30 epoch=3/3 loss=0.1939 l2=0.2000 label_smoothing=0.050
D step=17/30 epoch=1/3 loss=0.1903 l2=0.2000 label_smoothing=0.050
D step=17/30 epoch=2/3 loss=0.1881 l2=0.2000 label_smoothing=0.050
D step=17/30 epoch=3/3 loss=0.1907 l2=0.2000 label_smoothing=0.050
D step=18/30 epoch=1/3 loss=0.1908 l2=0.2000 label_smoothing=0.050
D step=18/30 epoch=2/3 loss=0.1907 l2=0.2000 label_smoothing=0.050
D step=18/30 epoch=3/3 loss=0.1883 l2=0.2000 label_smoothing=0.050
D step=19/30 epoch=1/3 loss=0.1876 l2=0.2000 label_smoothing=0.050
D step=19/30 epoch=2/3 loss=0.1866 l2=0.2000 label_smoothing=0.050
D step=19/30 epoch=3/3 loss=0.1873 l2=0.2000 label_smoothing=0.050
D step=20/30 epoch=1/3 loss=0.1897 l2=0.2000 label_smoothing=0.050
D step=20/30 epoch=2/3 loss=0.1871 l2=0.2000 label_smoothing=0.050
D step=20/30 epoch=3/3 loss=0.1895 l2=0.2000 label_smoothing=0.050
D step=21/30 epoch=1/3 loss=0.1909 l2=0.2000 label_smoothing=0.050
D step=21/30 epoch=2/3 loss=0.1931 l2=0.2000 label_smoothing=0.050
D step=21/30 epoch=3/3 loss=0.1970 l2=0.2000 label_smoothing=0.050
D step=22/30 epoch=1/3 loss=0.1889 l2=0.2000 label_smoothing=0.050
D step=22/30 epoch=2/3 loss=0.1887 l2=0.2000 label_smoothing=0.050
D step=22/30 epoch=3/3 loss=0.1889 l2=0.2000 label_smoothing=0.050
D step=23/30 epoch=1/3 loss=0.1859 l2=0.2000 label_smoothing=0.050
D step=23/30 epoch=2/3 loss=0.1856 l2=0.2000 label_smoothing=0.050
D step=23/30 epoch=3/3 loss=0.1853 l2=0.2000 label_smoothing=0.050
D step=24/30 epoch=1/3 loss=0.1861 l2=0.2000 label_smoothing=0.050
D step=24/30 epoch=2/3 loss=0.1850 l2=0.2000 label_smoothing=0.050
D step=24/30 epoch=3/3 loss=0.1844 l2=0.2000 label_smoothing=0.050
D step=25/30 epoch=1/3 loss=0.1843 l2=0.2000 label_smoothing=0.050
D step=25/30 epoch=2/3 loss=0.1830 l2=0.2000 label_smoothing=0.050
D step=25/30 epoch=3/3 loss=0.1831 l2=0.2000 label_smoothing=0.050
D step=26/30 epoch=1/3 loss=0.1845 l2=0.2000 label_smoothing=0.050
D step=26/30 epoch=2/3 loss=0.1843 l2=0.2000 label_smoothing=0.050
D step=26/30 epoch=3/3 loss=0.1851 l2=0.2000 label_smoothing=0.050
D step=27/30 epoch=1/3 loss=0.1826 l2=0.2000 label_smoothing=0.050
D step=27/30 epoch=2/3 loss=0.1826 l2=0.2000 label_smoothing=0.050
D step=27/30 epoch=3/3 loss=0.1825 l2=0.2000 label_smoothing=0.050
D step=28/30 epoch=1/3 loss=0.1808 l2=0.2000 label_smoothing=0.050
D step=28/30 epoch=2/3 loss=0.1805 l2=0.2000 label_smoothing=0.050
D step=28/30 epoch=3/3 loss=0.1818 l2=0.2000 label_smoothing=0.050
D step=29/30 epoch=1/3 loss=0.1834 l2=0.2000 label_smoothing=0.050
D step=29/30 epoch=2/3 loss=0.1837 l2=0.2000 label_smoothing=0.050
D step=29/30 epoch=3/3 loss=0.1819 l2=0.2000 label_smoothing=0.050
D step=30/30 epoch=1/3 loss=0.1794 l2=0.2000 label_smoothing=0.050
D step=30/30 epoch=2/3 loss=0.1792 l2=0.2000 label_smoothing=0.050
D step=30/30 epoch=3/3 loss=0.1788 l2=0.2000 label_smoothing=0.050

[3/3] adversarial
generator_reward_mode=off reward_alpha=1.000 d_steps=5 d_epochs=3
D step=1/5 epoch=1/3 loss=0.1788 l2=0.2000 label_smoothing=0.050
D step=1/5 epoch=2/3 loss=0.1802 l2=0.2000 label_smoothing=0.050
D step=1/5 epoch=3/3 loss=0.1761 l2=0.2000 label_smoothing=0.050
D step=2/5 epoch=1/3 loss=0.1772 l2=0.2000 label_smoothing=0.050
D step=2/5 epoch=2/3 loss=0.1752 l2=0.2000 label_smoothing=0.050
D step=2/5 epoch=3/3 loss=0.1753 l2=0.2000 label_smoothing=0.050
D step=3/5 epoch=1/3 loss=0.1772 l2=0.2000 label_smoothing=0.050
D step=3/5 epoch=2/3 loss=0.1749 l2=0.2000 label_smoothing=0.050
D step=3/5 epoch=3/3 loss=0.1757 l2=0.2000 label_smoothing=0.050
D step=4/5 epoch=1/3 loss=0.1775 l2=0.2000 label_smoothing=0.050
D step=4/5 epoch=2/3 loss=0.1765 l2=0.2000 label_smoothing=0.050
D step=4/5 epoch=3/3 loss=0.1766 l2=0.2000 label_smoothing=0.050
D step=5/5 epoch=1/3 loss=0.1741 l2=0.2000 label_smoothing=0.050
D step=5/5 epoch=2/3 loss=0.1719 l2=0.2000 label_smoothing=0.050
D step=5/5 epoch=3/3 loss=0.1727 l2=0.2000 label_smoothing=0.050
ADV epoch=1/60 g_loss=0.0462 d_loss=0.1760 reward=0.0268 reward_var=0.0002 unique=1.0000
D step=1/5 epoch=1/3 loss=0.1770 l2=0.2000 label_smoothing=0.050
D step=1/5 epoch=2/3 loss=0.1755 l2=0.2000 label_smoothing=0.050
D step=1/5 epoch=3/3 loss=0.1757 l2=0.2000 label_smoothing=0.050
D step=2/5 epoch=1/3 loss=0.1693 l2=0.2000 label_smoothing=0.050
D step=2/5 epoch=2/3 loss=0.1692 l2=0.2000 label_smoothing=0.050
D step=2/5 epoch=3/3 loss=0.1675 l2=0.2000 label_smoothing=0.050
D step=3/5 epoch=1/3 loss=0.1684 l2=0.2000 label_smoothing=0.050
D step=3/5 epoch=2/3 loss=0.1678 l2=0.2000 label_smoothing=0.050
D step=3/5 epoch=3/3 loss=0.1670 l2=0.2000 label_smoothing=0.050
D step=4/5 epoch=1/3 loss=0.1704 l2=0.2000 label_smoothing=0.050
D step=4/5 epoch=2/3 loss=0.1683 l2=0.2000 label_smoothing=0.050
D step=4/5 epoch=3/3 loss=0.1680 l2=0.2000 label_smoothing=0.050
D step=5/5 epoch=1/3 loss=0.1645 l2=0.2000 label_smoothing=0.050
D step=5/5 epoch=2/3 loss=0.1655 l2=0.2000 label_smoothing=0.050
D step=5/5 epoch=3/3 loss=0.1644 l2=0.2000 label_smoothing=0.050
ADV epoch=2/60 g_loss=0.0582 d_loss=0.1692 reward=0.0319 reward_var=0.0001 unique=0.9800
D step=1/5 epoch=1/3 loss=0.1647 l2=0.2000 label_smoothing=0.050
D step=1/5 epoch=2/3 loss=0.1636 l2=0.2000 label_smoothing=0.050
D step=1/5 epoch=3/3 loss=0.1631 l2=0.2000 label_smoothing=0.050
D step=2/5 epoch=1/3 loss=0.1612 l2=0.2000 label_smoothing=0.050
D step=2/5 epoch=2/3 loss=0.1629 l2=0.2000 label_smoothing=0.050
D step=2/5 epoch=3/3 loss=0.1614 l2=0.2000 label_smoothing=0.050
D step=3/5 epoch=1/3 loss=0.1612 l2=0.2000 label_smoothing=0.050
D step=3/5 epoch=2/3 loss=0.1600 l2=0.2000 label_smoothing=0.050
D step=3/5 epoch=3/3 loss=0.1594 l2=0.2000 label_smoothing=0.050
D step=4/5 epoch=1/3 loss=0.1593 l2=0.2000 label_smoothing=0.050
D step=4/5 epoch=2/3 loss=0.1595 l2=0.2000 label_smoothing=0.050
D step=4/5 epoch=3/3 loss=0.1579 l2=0.2000 label_smoothing=0.050
D step=5/5 epoch=1/3 loss=0.1573 l2=0.2000 label_smoothing=0.050
D step=5/5 epoch=2/3 loss=0.1570 l2=0.2000 label_smoothing=0.050
D step=5/5 epoch=3/3 loss=0.1574 l2=0.2000 label_smoothing=0.050
ADV epoch=3/60 g_loss=0.0452 d_loss=0.1604 reward=0.0262 reward_var=0.0003 unique=1.0000
saved 500 raw samples to /content/drive/MyDrive/GAN/GAN_SQLi_Colab/results_seqgan_phase2b_phase3/phase3/seqgan_improved/time/D/R200/V4/generated_payloads.csv
