
[1/3] pretrain G
G epoch=1/160 loss=4.5574
G epoch=2/160 loss=4.4162
G epoch=3/160 loss=4.2585
G epoch=4/160 loss=4.0556
G epoch=5/160 loss=3.7964
G epoch=6/160 loss=3.5014
G epoch=7/160 loss=3.2315
G epoch=8/160 loss=3.0411
G epoch=9/160 loss=2.9380
G epoch=10/160 loss=2.8966
G epoch=11/160 loss=2.8747
G epoch=12/160 loss=2.8468
G epoch=13/160 loss=2.8120
G epoch=14/160 loss=2.7790
G epoch=15/160 loss=2.7522
G epoch=16/160 loss=2.7283
G epoch=17/160 loss=2.7023
G epoch=18/160 loss=2.6720
G epoch=19/160 loss=2.6387
G epoch=20/160 loss=2.6051
G epoch=21/160 loss=2.5724
G epoch=22/160 loss=2.5407
G epoch=23/160 loss=2.5108
G epoch=24/160 loss=2.4833
G epoch=25/160 loss=2.4573
G epoch=26/160 loss=2.4319
G epoch=27/160 loss=2.4068
G epoch=28/160 loss=2.3819
G epoch=29/160 loss=2.3567
G epoch=30/160 loss=2.3313
G epoch=31/160 loss=2.3057
G epoch=32/160 loss=2.2805
G epoch=33/160 loss=2.2557
G epoch=34/160 loss=2.2313
G epoch=35/160 loss=2.2072
G epoch=36/160 loss=2.1833
G epoch=37/160 loss=2.1596
G epoch=38/160 loss=2.1361
G epoch=39/160 loss=2.1130
G epoch=40/160 loss=2.0903
G epoch=41/160 loss=2.0676
G epoch=42/160 loss=2.0450
G epoch=43/160 loss=2.0231
G epoch=44/160 loss=2.0019
G epoch=45/160 loss=1.9809
G epoch=46/160 loss=1.9603
G epoch=47/160 loss=1.9407
G epoch=48/160 loss=1.9215
G epoch=49/160 loss=1.9024
G epoch=50/160 loss=1.8837
G epoch=51/160 loss=1.8650
G epoch=52/160 loss=1.8465
G epoch=53/160 loss=1.8288
G epoch=54/160 loss=1.8113
G epoch=55/160 loss=1.7940
G epoch=56/160 loss=1.7771
G epoch=57/160 loss=1.7604
G epoch=58/160 loss=1.7439
G epoch=59/160 loss=1.7278
G epoch=60/160 loss=1.7118
G epoch=61/160 loss=1.6961
G epoch=62/160 loss=1.6806
G epoch=63/160 loss=1.6653
G epoch=64/160 loss=1.6502
G epoch=65/160 loss=1.6352
G epoch=66/160 loss=1.6203
G epoch=67/160 loss=1.6055
G epoch=68/160 loss=1.5908
G epoch=69/160 loss=1.5764
G epoch=70/160 loss=1.5622
G epoch=71/160 loss=1.5481
G epoch=72/160 loss=1.5342
G epoch=73/160 loss=1.5204
G epoch=74/160 loss=1.5066
G epoch=75/160 loss=1.4928
G epoch=76/160 loss=1.4790
G epoch=77/160 loss=1.4655
G epoch=78/160 loss=1.4523
G epoch=79/160 loss=1.4399
G epoch=80/160 loss=1.4273
G epoch=81/160 loss=1.4134
G epoch=82/160 loss=1.4009
G epoch=83/160 loss=1.3881
G epoch=84/160 loss=1.3749
G epoch=85/160 loss=1.3633
G epoch=86/160 loss=1.3514
G epoch=87/160 loss=1.3385
G epoch=88/160 loss=1.3268
G epoch=89/160 loss=1.3151
G epoch=90/160 loss=1.3030
G epoch=91/160 loss=1.2922
G epoch=92/160 loss=1.2809
G epoch=93/160 loss=1.2696
G epoch=94/160 loss=1.2585
G epoch=95/160 loss=1.2472
G epoch=96/160 loss=1.2365
G epoch=97/160 loss=1.2254
G epoch=98/160 loss=1.2146
G epoch=99/160 loss=1.2043
G epoch=100/160 loss=1.1939
G epoch=101/160 loss=1.1840
G epoch=102/160 loss=1.1742
G epoch=103/160 loss=1.1644
G epoch=104/160 loss=1.1549
G epoch=105/160 loss=1.1456
G epoch=106/160 loss=1.1364
G epoch=107/160 loss=1.1273
G epoch=108/160 loss=1.1182
G epoch=109/160 loss=1.1093
G epoch=110/160 loss=1.1001
G epoch=111/160 loss=1.0912
G epoch=112/160 loss=1.0821
G epoch=113/160 loss=1.0732
G epoch=114/160 loss=1.0643
G epoch=115/160 loss=1.0558
G epoch=116/160 loss=1.0487
G epoch=117/160 loss=1.0437
G epoch=118/160 loss=1.0358
G epoch=119/160 loss=1.0230
G epoch=120/160 loss=1.0179
G epoch=121/160 loss=1.0097
G epoch=122/160 loss=0.9999
G epoch=123/160 loss=0.9948
G epoch=124/160 loss=0.9844
G epoch=125/160 loss=0.9785
G epoch=126/160 loss=0.9701
G epoch=127/160 loss=0.9630
G epoch=128/160 loss=0.9556
G epoch=129/160 loss=0.9487
G epoch=130/160 loss=0.9405
G epoch=131/160 loss=0.9345
G epoch=132/160 loss=0.9267
G epoch=133/160 loss=0.9200
G epoch=134/160 loss=0.9135
G epoch=135/160 loss=0.9072
G epoch=136/160 loss=0.9001
G epoch=137/160 loss=0.8935
G epoch=138/160 loss=0.8871
G epoch=139/160 loss=0.8814
G epoch=140/160 loss=0.8748
G epoch=141/160 loss=0.8682
G epoch=142/160 loss=0.8617
G epoch=143/160 loss=0.8554
G epoch=144/160 loss=0.8499
G epoch=145/160 loss=0.8442
G epoch=146/160 loss=0.8389
G epoch=147/160 loss=0.8360
G epoch=148/160 loss=0.8365
G epoch=149/160 loss=0.8237
G epoch=150/160 loss=0.8240
G epoch=151/160 loss=0.8167
G epoch=152/160 loss=0.8120
G epoch=153/160 loss=0.8034
G epoch=154/160 loss=0.8018
G epoch=155/160 loss=0.7915
G epoch=156/160 loss=0.7903
G epoch=157/160 loss=0.7815
G epoch=158/160 loss=0.7776
G epoch=159/160 loss=0.7715
G epoch=160/160 loss=0.7664

[2/3] pretrain D

[3/3] adversarial
generator_reward_mode=off reward_alpha=1.000 d_steps=5 d_epochs=3
ADV epoch=1/200 g_loss=0.7752 d_loss=0.0000 reward=0.6200 reward_var=0.0002 unique=1.0000
ADV epoch=2/200 g_loss=0.7989 d_loss=0.0000 reward=0.6214 reward_var=0.0003 unique=1.0000
ADV epoch=3/200 g_loss=0.7657 d_loss=0.0000 reward=0.6236 reward_var=0.0002 unique=1.0000
ADV epoch=4/200 g_loss=0.6978 d_loss=0.0000 reward=0.6236 reward_var=0.0002 unique=1.0000
ADV epoch=5/200 g_loss=0.7461 d_loss=0.0000 reward=0.6234 reward_var=0.0002 unique=1.0000
ADV epoch=6/200 g_loss=0.7547 d_loss=0.0000 reward=0.6255 reward_var=0.0002 unique=1.0000
ADV epoch=7/200 g_loss=0.7536 d_loss=0.0000 reward=0.6251 reward_var=0.0002 unique=1.0000
ADV epoch=8/200 g_loss=0.7386 d_loss=0.0000 reward=0.6255 reward_var=0.0002 unique=1.0000
ADV epoch=9/200 g_loss=0.7499 d_loss=0.0000 reward=0.6271 reward_var=0.0002 unique=1.0000
ADV epoch=10/200 g_loss=0.6936 d_loss=0.0000 reward=0.6270 reward_var=0.0002 unique=1.0000
ADV epoch=11/200 g_loss=0.6131 d_loss=0.0000 reward=0.6263 reward_var=0.0002 unique=1.0000
ADV epoch=12/200 g_loss=0.5829 d_loss=0.0000 reward=0.6255 reward_var=0.0002 unique=1.0000
ADV epoch=13/200 g_loss=0.5527 d_loss=0.0000 reward=0.6248 reward_var=0.0002 unique=1.0000
ADV epoch=14/200 g_loss=0.5342 d_loss=0.0000 reward=0.6237 reward_var=0.0003 unique=1.0000
ADV epoch=15/200 g_loss=0.5296 d_loss=0.0000 reward=0.6226 reward_var=0.0002 unique=1.0000
ADV epoch=16/200 g_loss=0.5278 d_loss=0.0000 reward=0.6229 reward_var=0.0002 unique=1.0000
ADV epoch=17/200 g_loss=0.5448 d_loss=0.0000 reward=0.6253 reward_var=0.0003 unique=1.0000
ADV epoch=18/200 g_loss=0.5574 d_loss=0.0000 reward=0.6268 reward_var=0.0003 unique=1.0000
ADV epoch=19/200 g_loss=0.5721 d_loss=0.0000 reward=0.6287 reward_var=0.0003 unique=1.0000
ADV epoch=20/200 g_loss=0.5980 d_loss=0.0000 reward=0.6323 reward_var=0.0003 unique=1.0000
ADV epoch=21/200 g_loss=0.6325 d_loss=0.0000 reward=0.6342 reward_var=0.0003 unique=1.0000
ADV epoch=22/200 g_loss=0.6741 d_loss=0.0000 reward=0.6371 reward_var=0.0003 unique=1.0000
ADV epoch=23/200 g_loss=0.7223 d_loss=0.0000 reward=0.6395 reward_var=0.0003 unique=1.0000
ADV epoch=24/200 g_loss=0.7661 d_loss=0.0000 reward=0.6416 reward_var=0.0003 unique=1.0000
ADV epoch=25/200 g_loss=0.8181 d_loss=0.0000 reward=0.6434 reward_var=0.0003 unique=1.0000
ADV epoch=26/200 g_loss=0.8763 d_loss=0.0000 reward=0.6433 reward_var=0.0003 unique=1.0000
ADV epoch=27/200 g_loss=0.9371 d_loss=0.0000 reward=0.6462 reward_var=0.0002 unique=1.0000
ADV epoch=28/200 g_loss=0.9849 d_loss=0.0000 reward=0.6458 reward_var=0.0002 unique=1.0000
ADV epoch=29/200 g_loss=1.0009 d_loss=0.0000 reward=0.6465 reward_var=0.0002 unique=1.0000
ADV epoch=30/200 g_loss=1.0095 d_loss=0.0000 reward=0.6474 reward_var=0.0002 unique=1.0000
ADV epoch=31/200 g_loss=1.0123 d_loss=0.0000 reward=0.6472 reward_var=0.0002 unique=1.0000
ADV epoch=32/200 g_loss=1.0087 d_loss=0.0000 reward=0.6477 reward_var=0.0002 unique=1.0000
ADV epoch=33/200 g_loss=1.0072 d_loss=0.0000 reward=0.6474 reward_var=0.0002 unique=1.0000
ADV epoch=34/200 g_loss=1.0071 d_loss=0.0000 reward=0.6465 reward_var=0.0002 unique=1.0000
ADV epoch=35/200 g_loss=1.0025 d_loss=0.0000 reward=0.6468 reward_var=0.0002 unique=1.0000
ADV epoch=36/200 g_loss=0.9981 d_loss=0.0000 reward=0.6463 reward_var=0.0002 unique=1.0000
ADV epoch=37/200 g_loss=0.9928 d_loss=0.0000 reward=0.6461 reward_var=0.0002 unique=1.0000
ADV epoch=38/200 g_loss=0.9862 d_loss=0.0000 reward=0.6461 reward_var=0.0002 unique=1.0000
ADV epoch=39/200 g_loss=0.9877 d_loss=0.0000 reward=0.6461 reward_var=0.0002 unique=1.0000
ADV epoch=40/200 g_loss=0.9828 d_loss=0.0000 reward=0.6444 reward_var=0.0002 unique=1.0000
ADV epoch=41/200 g_loss=0.9800 d_loss=0.0000 reward=0.6441 reward_var=0.0002 unique=1.0000
ADV epoch=42/200 g_loss=0.9652 d_loss=0.0000 reward=0.6419 reward_var=0.0002 unique=1.0000
ADV epoch=43/200 g_loss=0.9577 d_loss=0.0000 reward=0.6423 reward_var=0.0002 unique=1.0000
ADV epoch=44/200 g_loss=0.9580 d_loss=0.0000 reward=0.6410 reward_var=0.0002 unique=1.0000
ADV epoch=45/200 g_loss=0.9579 d_loss=0.0000 reward=0.6398 reward_var=0.0002 unique=1.0000
ADV epoch=46/200 g_loss=0.9477 d_loss=0.0000 reward=0.6388 reward_var=0.0002 unique=1.0000
ADV epoch=47/200 g_loss=0.9518 d_loss=0.0000 reward=0.6373 reward_var=0.0002 unique=1.0000
ADV epoch=48/200 g_loss=0.9426 d_loss=0.0000 reward=0.6375 reward_var=0.0002 unique=1.0000
ADV epoch=49/200 g_loss=0.9411 d_loss=0.0000 reward=0.6355 reward_var=0.0002 unique=1.0000
ADV epoch=50/200 g_loss=0.9436 d_loss=0.0000 reward=0.6348 reward_var=0.0002 unique=1.0000
ADV epoch=51/200 g_loss=0.9285 d_loss=0.0000 reward=0.6336 reward_var=0.0002 unique=1.0000
ADV epoch=52/200 g_loss=0.9335 d_loss=0.0000 reward=0.6338 reward_var=0.0002 unique=1.0000
ADV epoch=53/200 g_loss=0.9330 d_loss=0.0000 reward=0.6329 reward_var=0.0003 unique=1.0000
ADV epoch=54/200 g_loss=0.9203 d_loss=0.0000 reward=0.6315 reward_var=0.0002 unique=1.0000
ADV epoch=55/200 g_loss=0.9157 d_loss=0.0000 reward=0.6298 reward_var=0.0002 unique=1.0000
ADV epoch=56/200 g_loss=0.8953 d_loss=0.0000 reward=0.6291 reward_var=0.0002 unique=1.0000
ADV epoch=57/200 g_loss=0.8879 d_loss=0.0000 reward=0.6271 reward_var=0.0003 unique=1.0000
ADV epoch=58/200 g_loss=0.8761 d_loss=0.0000 reward=0.6261 reward_var=0.0003 unique=1.0000
ADV epoch=59/200 g_loss=0.8691 d_loss=0.0000 reward=0.6253 reward_var=0.0003 unique=1.0000
ADV epoch=60/200 g_loss=0.8528 d_loss=0.0000 reward=0.6245 reward_var=0.0003 unique=1.0000
ADV epoch=61/200 g_loss=0.8522 d_loss=0.0000 reward=0.6243 reward_var=0.0003 unique=1.0000
ADV epoch=62/200 g_loss=0.8676 d_loss=0.0000 reward=0.6247 reward_var=0.0003 unique=1.0000
ADV epoch=63/200 g_loss=0.8748 d_loss=0.0000 reward=0.6246 reward_var=0.0003 unique=1.0000
ADV epoch=64/200 g_loss=0.8894 d_loss=0.0000 reward=0.6259 reward_var=0.0003 unique=1.0000
ADV epoch=65/200 g_loss=0.9029 d_loss=0.0000 reward=0.6270 reward_var=0.0003 unique=1.0000
ADV epoch=66/200 g_loss=0.9131 d_loss=0.0000 reward=0.6290 reward_var=0.0003 unique=1.0000
ADV epoch=67/200 g_loss=0.9127 d_loss=0.0000 reward=0.6287 reward_var=0.0003 unique=1.0000
ADV epoch=68/200 g_loss=0.9220 d_loss=0.0000 reward=0.6294 reward_var=0.0002 unique=1.0000
ADV epoch=69/200 g_loss=0.9143 d_loss=0.0000 reward=0.6296 reward_var=0.0003 unique=1.0000
ADV epoch=70/200 g_loss=0.9168 d_loss=0.0000 reward=0.6298 reward_var=0.0003 unique=1.0000
ADV epoch=71/200 g_loss=0.9181 d_loss=0.0000 reward=0.6297 reward_var=0.0003 unique=1.0000
ADV epoch=72/200 g_loss=0.9103 d_loss=0.0000 reward=0.6292 reward_var=0.0002 unique=1.0000
ADV epoch=73/200 g_loss=0.8965 d_loss=0.0000 reward=0.6288 reward_var=0.0003 unique=1.0000
ADV epoch=74/200 g_loss=0.8919 d_loss=0.0000 reward=0.6288 reward_var=0.0003 unique=1.0000
ADV epoch=75/200 g_loss=0.8886 d_loss=0.0000 reward=0.6292 reward_var=0.0003 unique=1.0000
ADV epoch=76/200 g_loss=0.8882 d_loss=0.0000 reward=0.6281 reward_var=0.0003 unique=1.0000
ADV epoch=77/200 g_loss=0.8899 d_loss=0.0000 reward=0.6308 reward_var=0.0003 unique=1.0000
ADV epoch=78/200 g_loss=0.8663 d_loss=0.0000 reward=0.6284 reward_var=0.0003 unique=1.0000
ADV epoch=79/200 g_loss=0.8462 d_loss=0.0000 reward=0.6269 reward_var=0.0003 unique=1.0000
ADV epoch=80/200 g_loss=0.8273 d_loss=0.0000 reward=0.6257 reward_var=0.0003 unique=1.0000
ADV epoch=81/200 g_loss=0.8242 d_loss=0.0000 reward=0.6254 reward_var=0.0003 unique=1.0000
ADV epoch=82/200 g_loss=0.8257 d_loss=0.0000 reward=0.6277 reward_var=0.0003 unique=1.0000
ADV epoch=83/200 g_loss=0.8347 d_loss=0.0000 reward=0.6298 reward_var=0.0003 unique=1.0000
ADV epoch=84/200 g_loss=0.8286 d_loss=0.0000 reward=0.6293 reward_var=0.0003 unique=1.0000
ADV epoch=85/200 g_loss=0.8187 d_loss=0.0000 reward=0.6289 reward_var=0.0003 unique=1.0000
ADV epoch=86/200 g_loss=0.8358 d_loss=0.0000 reward=0.6294 reward_var=0.0003 unique=1.0000
ADV epoch=87/200 g_loss=0.8324 d_loss=0.0000 reward=0.6290 reward_var=0.0003 unique=1.0000
ADV epoch=88/200 g_loss=0.8317 d_loss=0.0000 reward=0.6301 reward_var=0.0003 unique=1.0000
ADV epoch=89/200 g_loss=0.8485 d_loss=0.0000 reward=0.6302 reward_var=0.0003 unique=1.0000
ADV epoch=90/200 g_loss=0.8544 d_loss=0.0000 reward=0.6335 reward_var=0.0003 unique=1.0000
ADV epoch=91/200 g_loss=0.8437 d_loss=0.0000 reward=0.6334 reward_var=0.0003 unique=1.0000
ADV epoch=92/200 g_loss=0.8609 d_loss=0.0000 reward=0.6350 reward_var=0.0003 unique=1.0000
ADV epoch=93/200 g_loss=0.8588 d_loss=0.0000 reward=0.6341 reward_var=0.0003 unique=1.0000
ADV epoch=94/200 g_loss=0.8575 d_loss=0.0000 reward=0.6350 reward_var=0.0003 unique=1.0000
ADV epoch=95/200 g_loss=0.8990 d_loss=0.0000 reward=0.6377 reward_var=0.0003 unique=1.0000
ADV epoch=96/200 g_loss=0.9077 d_loss=0.0000 reward=0.6387 reward_var=0.0003 unique=1.0000
ADV epoch=97/200 g_loss=0.9272 d_loss=0.0000 reward=0.6413 reward_var=0.0003 unique=1.0000
ADV epoch=98/200 g_loss=0.9447 d_loss=0.0000 reward=0.6410 reward_var=0.0003 unique=1.0000
ADV epoch=99/200 g_loss=0.9547 d_loss=0.0000 reward=0.6431 reward_var=0.0003 unique=1.0000
ADV epoch=100/200 g_loss=0.9685 d_loss=0.0000 reward=0.6444 reward_var=0.0003 unique=1.0000
ADV epoch=101/200 g_loss=0.9702 d_loss=0.0000 reward=0.6461 reward_var=0.0003 unique=1.0000
ADV epoch=102/200 g_loss=0.9972 d_loss=0.0000 reward=0.6486 reward_var=0.0003 unique=1.0000
ADV epoch=103/200 g_loss=1.0120 d_loss=0.0000 reward=0.6506 reward_var=0.0003 unique=1.0000
ADV epoch=104/200 g_loss=1.0254 d_loss=0.0000 reward=0.6530 reward_var=0.0003 unique=1.0000
ADV epoch=105/200 g_loss=1.0267 d_loss=0.0000 reward=0.6540 reward_var=0.0003 unique=1.0000
ADV epoch=106/200 g_loss=1.0438 d_loss=0.0000 reward=0.6570 reward_var=0.0003 unique=1.0000
ADV epoch=107/200 g_loss=1.0566 d_loss=0.0000 reward=0.6589 reward_var=0.0003 unique=1.0000
ADV epoch=108/200 g_loss=1.0703 d_loss=0.0000 reward=0.6598 reward_var=0.0003 unique=1.0000
ADV epoch=109/200 g_loss=1.0837 d_loss=0.0000 reward=0.6624 reward_var=0.0003 unique=1.0000
ADV epoch=110/200 g_loss=1.0967 d_loss=0.0000 reward=0.6645 reward_var=0.0003 unique=1.0000
ADV epoch=111/200 g_loss=1.1033 d_loss=0.0000 reward=0.6659 reward_var=0.0003 unique=1.0000
ADV epoch=112/200 g_loss=1.1056 d_loss=0.0000 reward=0.6681 reward_var=0.0003 unique=1.0000
ADV epoch=113/200 g_loss=1.1002 d_loss=0.0000 reward=0.6691 reward_var=0.0003 unique=1.0000
ADV epoch=114/200 g_loss=1.0991 d_loss=0.0000 reward=0.6705 reward_var=0.0003 unique=1.0000
ADV epoch=115/200 g_loss=1.1053 d_loss=0.0000 reward=0.6700 reward_var=0.0003 unique=1.0000
ADV epoch=116/200 g_loss=1.1162 d_loss=0.0000 reward=0.6712 reward_var=0.0003 unique=1.0000
ADV epoch=117/200 g_loss=1.1176 d_loss=0.0000 reward=0.6716 reward_var=0.0003 unique=1.0000
ADV epoch=118/200 g_loss=1.1242 d_loss=0.0000 reward=0.6714 reward_var=0.0004 unique=1.0000
ADV epoch=119/200 g_loss=1.1451 d_loss=0.0000 reward=0.6714 reward_var=0.0004 unique=1.0000
ADV epoch=120/200 g_loss=1.1683 d_loss=0.0000 reward=0.6706 reward_var=0.0003 unique=1.0000
ADV epoch=121/200 g_loss=1.1942 d_loss=0.0000 reward=0.6696 reward_var=0.0003 unique=1.0000
ADV epoch=122/200 g_loss=1.1984 d_loss=0.0000 reward=0.6689 reward_var=0.0003 unique=1.0000
ADV epoch=123/200 g_loss=1.1967 d_loss=0.0000 reward=0.6690 reward_var=0.0003 unique=1.0000
ADV epoch=124/200 g_loss=1.2037 d_loss=0.0000 reward=0.6675 reward_var=0.0003 unique=1.0000
ADV epoch=125/200 g_loss=1.2104 d_loss=0.0000 reward=0.6679 reward_var=0.0003 unique=1.0000
ADV epoch=126/200 g_loss=1.2145 d_loss=0.0000 reward=0.6669 reward_var=0.0003 unique=1.0000
ADV epoch=127/200 g_loss=1.2126 d_loss=0.0000 reward=0.6683 reward_var=0.0003 unique=1.0000
ADV epoch=128/200 g_loss=1.2176 d_loss=0.0000 reward=0.6690 reward_var=0.0003 unique=1.0000
ADV epoch=129/200 g_loss=1.2244 d_loss=0.0000 reward=0.6688 reward_var=0.0003 unique=1.0000
ADV epoch=130/200 g_loss=1.2027 d_loss=0.0000 reward=0.6689 reward_var=0.0003 unique=1.0000
ADV epoch=131/200 g_loss=1.1949 d_loss=0.0000 reward=0.6699 reward_var=0.0003 unique=1.0000
ADV epoch=132/200 g_loss=1.1727 d_loss=0.0000 reward=0.6711 reward_var=0.0003 unique=1.0000
ADV epoch=133/200 g_loss=1.1450 d_loss=0.0000 reward=0.6725 reward_var=0.0003 unique=1.0000
ADV epoch=134/200 g_loss=1.0934 d_loss=0.0000 reward=0.6727 reward_var=0.0002 unique=1.0000
ADV epoch=135/200 g_loss=1.0566 d_loss=0.0000 reward=0.6731 reward_var=0.0002 unique=1.0000
ADV epoch=136/200 g_loss=1.0146 d_loss=0.0000 reward=0.6726 reward_var=0.0003 unique=1.0000
ADV epoch=137/200 g_loss=1.0076 d_loss=0.0000 reward=0.6737 reward_var=0.0003 unique=1.0000
ADV epoch=138/200 g_loss=1.0169 d_loss=0.0000 reward=0.6723 reward_var=0.0002 unique=1.0000
ADV epoch=139/200 g_loss=1.0235 d_loss=0.0000 reward=0.6718 reward_var=0.0002 unique=1.0000
ADV epoch=140/200 g_loss=1.0266 d_loss=0.0000 reward=0.6695 reward_var=0.0002 unique=1.0000
ADV epoch=141/200 g_loss=1.0095 d_loss=0.0000 reward=0.6694 reward_var=0.0003 unique=1.0000
ADV epoch=142/200 g_loss=1.0113 d_loss=0.0000 reward=0.6675 reward_var=0.0003 unique=1.0000
ADV epoch=143/200 g_loss=0.9816 d_loss=0.0000 reward=0.6675 reward_var=0.0002 unique=1.0000
ADV epoch=144/200 g_loss=0.9574 d_loss=0.0000 reward=0.6657 reward_var=0.0003 unique=1.0000
ADV epoch=145/200 g_loss=0.9201 d_loss=0.0000 reward=0.6653 reward_var=0.0002 unique=1.0000
ADV epoch=146/200 g_loss=0.8891 d_loss=0.0000 reward=0.6640 reward_var=0.0003 unique=1.0000
ADV epoch=147/200 g_loss=0.8489 d_loss=0.0000 reward=0.6636 reward_var=0.0003 unique=1.0000
ADV epoch=148/200 g_loss=0.8118 d_loss=0.0000 reward=0.6613 reward_var=0.0003 unique=1.0000
ADV epoch=149/200 g_loss=0.7688 d_loss=0.0000 reward=0.6599 reward_var=0.0003 unique=1.0000
ADV epoch=150/200 g_loss=0.7252 d_loss=0.0000 reward=0.6579 reward_var=0.0003 unique=1.0000
ADV epoch=151/200 g_loss=0.6683 d_loss=0.0000 reward=0.6552 reward_var=0.0002 unique=1.0000
ADV epoch=152/200 g_loss=0.6390 d_loss=0.0000 reward=0.6528 reward_var=0.0002 unique=1.0000
ADV epoch=153/200 g_loss=0.6341 d_loss=0.0000 reward=0.6520 reward_var=0.0003 unique=1.0000
ADV epoch=154/200 g_loss=0.6290 d_loss=0.0000 reward=0.6498 reward_var=0.0003 unique=1.0000
ADV epoch=155/200 g_loss=0.6473 d_loss=0.0000 reward=0.6485 reward_var=0.0002 unique=1.0000
ADV epoch=156/200 g_loss=0.6726 d_loss=0.0000 reward=0.6485 reward_var=0.0002 unique=1.0000
ADV epoch=157/200 g_loss=0.7093 d_loss=0.0000 reward=0.6473 reward_var=0.0002 unique=1.0000
ADV epoch=158/200 g_loss=0.7519 d_loss=0.0000 reward=0.6505 reward_var=0.0002 unique=1.0000
ADV epoch=159/200 g_loss=0.7788 d_loss=0.0000 reward=0.6507 reward_var=0.0002 unique=1.0000
ADV epoch=160/200 g_loss=0.8023 d_loss=0.0000 reward=0.6534 reward_var=0.0002 unique=1.0000
ADV epoch=161/200 g_loss=0.8039 d_loss=0.0000 reward=0.6531 reward_var=0.0002 unique=1.0000
ADV epoch=162/200 g_loss=0.8026 d_loss=0.0000 reward=0.6542 reward_var=0.0002 unique=1.0000
ADV epoch=163/200 g_loss=0.7933 d_loss=0.0000 reward=0.6546 reward_var=0.0002 unique=1.0000
ADV epoch=164/200 g_loss=0.7837 d_loss=0.0000 reward=0.6543 reward_var=0.0002 unique=1.0000
ADV epoch=165/200 g_loss=0.7765 d_loss=0.0000 reward=0.6554 reward_var=0.0002 unique=1.0000
ADV epoch=166/200 g_loss=0.7591 d_loss=0.0000 reward=0.6541 reward_var=0.0002 unique=1.0000


===== NEW SESSION 2026-07-18T05:47:55.226995 =====

[1/3] pretrain G
G epoch=1/160 loss=4.5574
G epoch=2/160 loss=4.4162
G epoch=3/160 loss=4.2585
G epoch=4/160 loss=4.0556
G epoch=5/160 loss=3.7964
G epoch=6/160 loss=3.5014
G epoch=7/160 loss=3.2315
G epoch=8/160 loss=3.0411
G epoch=9/160 loss=2.9380
G epoch=10/160 loss=2.8966
G epoch=11/160 loss=2.8747
G epoch=12/160 loss=2.8468
G epoch=13/160 loss=2.8120
G epoch=14/160 loss=2.7790
G epoch=15/160 loss=2.7522
G epoch=16/160 loss=2.7283
G epoch=17/160 loss=2.7023
G epoch=18/160 loss=2.6720
G epoch=19/160 loss=2.6387
G epoch=20/160 loss=2.6051
G epoch=21/160 loss=2.5724
G epoch=22/160 loss=2.5407
G epoch=23/160 loss=2.5108
G epoch=24/160 loss=2.4833
G epoch=25/160 loss=2.4573
G epoch=26/160 loss=2.4319
G epoch=27/160 loss=2.4068
G epoch=28/160 loss=2.3819
G epoch=29/160 loss=2.3567
G epoch=30/160 loss=2.3313
G epoch=31/160 loss=2.3057
G epoch=32/160 loss=2.2805
G epoch=33/160 loss=2.2557
G epoch=34/160 loss=2.2313
G epoch=35/160 loss=2.2072
G epoch=36/160 loss=2.1833
G epoch=37/160 loss=2.1596
G epoch=38/160 loss=2.1361
G epoch=39/160 loss=2.1130
G epoch=40/160 loss=2.0903
G epoch=41/160 loss=2.0676
G epoch=42/160 loss=2.0450
G epoch=43/160 loss=2.0231
G epoch=44/160 loss=2.0019
G epoch=45/160 loss=1.9809
G epoch=46/160 loss=1.9603
G epoch=47/160 loss=1.9407
G epoch=48/160 loss=1.9215
G epoch=49/160 loss=1.9024
G epoch=50/160 loss=1.8837
G epoch=51/160 loss=1.8650
G epoch=52/160 loss=1.8465
G epoch=53/160 loss=1.8288
G epoch=54/160 loss=1.8113
G epoch=55/160 loss=1.7940
G epoch=56/160 loss=1.7771
G epoch=57/160 loss=1.7604
G epoch=58/160 loss=1.7439
G epoch=59/160 loss=1.7278
G epoch=60/160 loss=1.7118
G epoch=61/160 loss=1.6961
G epoch=62/160 loss=1.6806
G epoch=63/160 loss=1.6653
G epoch=64/160 loss=1.6502
G epoch=65/160 loss=1.6352
G epoch=66/160 loss=1.6203
G epoch=67/160 loss=1.6055
G epoch=68/160 loss=1.5908
G epoch=69/160 loss=1.5764
G epoch=70/160 loss=1.5622
G epoch=71/160 loss=1.5481
G epoch=72/160 loss=1.5342
G epoch=73/160 loss=1.5204
G epoch=74/160 loss=1.5066
G epoch=75/160 loss=1.4928
G epoch=76/160 loss=1.4790
G epoch=77/160 loss=1.4656
G epoch=78/160 loss=1.4524
G epoch=79/160 loss=1.4399
G epoch=80/160 loss=1.4272
G epoch=81/160 loss=1.4134
G epoch=82/160 loss=1.4009
G epoch=83/160 loss=1.3881
G epoch=84/160 loss=1.3749
G epoch=85/160 loss=1.3633
G epoch=86/160 loss=1.3514
G epoch=87/160 loss=1.3385
G epoch=88/160 loss=1.3268
G epoch=89/160 loss=1.3151
G epoch=90/160 loss=1.3030
G epoch=91/160 loss=1.2922
G epoch=92/160 loss=1.2809
G epoch=93/160 loss=1.2695
G epoch=94/160 loss=1.2585
G epoch=95/160 loss=1.2472
G epoch=96/160 loss=1.2364
G epoch=97/160 loss=1.2254
G epoch=98/160 loss=1.2146
G epoch=99/160 loss=1.2043
G epoch=100/160 loss=1.1939
G epoch=101/160 loss=1.1839
G epoch=102/160 loss=1.1742
G epoch=103/160 loss=1.1643
G epoch=104/160 loss=1.1549
G epoch=105/160 loss=1.1456
G epoch=106/160 loss=1.1364
G epoch=107/160 loss=1.1273
G epoch=108/160 loss=1.1182
G epoch=109/160 loss=1.1092
G epoch=110/160 loss=1.1001
G epoch=111/160 loss=1.0912
G epoch=112/160 loss=1.0822
G epoch=113/160 loss=1.0733
G epoch=114/160 loss=1.0646
G epoch=115/160 loss=1.0565
G epoch=116/160 loss=1.0496
G epoch=117/160 loss=1.0420
G epoch=118/160 loss=1.0317
G epoch=119/160 loss=1.0225
G epoch=120/160 loss=1.0157
G epoch=121/160 loss=1.0087
G epoch=122/160 loss=0.9992
G epoch=123/160 loss=0.9917
G epoch=124/160 loss=0.9855
G epoch=125/160 loss=0.9775
G epoch=126/160 loss=0.9690
G epoch=127/160 loss=0.9625
G epoch=128/160 loss=0.9565
G epoch=129/160 loss=0.9481
G epoch=130/160 loss=0.9399
G epoch=131/160 loss=0.9350
G epoch=132/160 loss=0.9275
G epoch=133/160 loss=0.9196
G epoch=134/160 loss=0.9134
G epoch=135/160 loss=0.9073
G epoch=136/160 loss=0.9008
G epoch=137/160 loss=0.8934
G epoch=138/160 loss=0.8870
G epoch=139/160 loss=0.8813
G epoch=140/160 loss=0.8738
G epoch=141/160 loss=0.8680
G epoch=142/160 loss=0.8612
G epoch=143/160 loss=0.8558
G epoch=144/160 loss=0.8493
G epoch=145/160 loss=0.8435
G epoch=146/160 loss=0.8375
G epoch=147/160 loss=0.8316
G epoch=148/160 loss=0.8260
G epoch=149/160 loss=0.8218
G epoch=150/160 loss=0.8188
G epoch=151/160 loss=0.8207
G epoch=152/160 loss=0.8155
G epoch=153/160 loss=0.8026
G epoch=154/160 loss=0.8015
G epoch=155/160 loss=0.7917
G epoch=156/160 loss=0.7913
G epoch=157/160 loss=0.7803
G epoch=158/160 loss=0.7798
G epoch=159/160 loss=0.7712
G epoch=160/160 loss=0.7677

[2/3] pretrain D

[3/3] adversarial
generator_reward_mode=off reward_alpha=1.000 d_steps=5 d_epochs=3
Traceback (most recent call last):
  File "<frozen runpy>", line 198, in _run_module_as_main
  File "<frozen runpy>", line 88, in _run_code
  File "/content/GAN_for_SQLi_rerun_13/models/seqgan_improved/runtime/train.py", line 452, in <module>
    main()
  File "/content/GAN_for_SQLi_rerun_13/models/seqgan_improved/runtime/train.py", line 448, in main
    run_training(build_parser().parse_args())
  File "/content/GAN_for_SQLi_rerun_13/models/seqgan_improved/runtime/train.py", line 266, in run_training
    adversarial_stats = adv_train(
                        ^^^^^^^^^^
  File "/content/GAN_for_SQLi_rerun_13/models/seqgan_improved/runtime/adversarial.py", line 224, in adv_train
    discriminator_reward = rollout.get_reward(sequences.detach(), mask=mask.detach())
                           ^^^^^^^^^^^^^^^^^^^^^^^^^^^^^^^^^^^^^^^^^^^^^^^^^^^^^^^^^^
  File "/usr/local/lib/python3.12/dist-packages/torch/utils/_contextlib.py", line 124, in decorate_context
    return func(*args, **kwargs)
           ^^^^^^^^^^^^^^^^^^^^^
  File "/content/GAN_for_SQLi_rerun_13/models/seqgan_improved/runtime/rollout.py", line 87, in get_reward
    scores = self.discriminator.prob_real(completed).view(B, rollout_num)
             ^^^^^^^^^^^^^^^^^^^^^^^^^^^^^^^^^^^^^^^
  File "/content/GAN_for_SQLi_rerun_13/models/seqgan_improved/runtime/discriminator.py", line 128, in prob_real
    return F.softmax(self.forward(input_ids), dim=1)[:, 1]
                     ^^^^^^^^^^^^^^^^^^^^^^^
  File "/content/GAN_for_SQLi_rerun_13/models/seqgan_improved/runtime/discriminator.py", line 121, in forward
    h = h.masked_fill(fill_mask.unsqueeze(1), torch.finfo(h.dtype).min)
                      ^^^^^^^^^^^^^^^^^^^^^^
KeyboardInterrupt


===== NEW SESSION 2026-07-18T05:51:50.516362 =====

[1/3] pretrain G
G epoch=1/160 loss=4.5574
G epoch=2/160 loss=4.4162
G epoch=3/160 loss=4.2585
G epoch=4/160 loss=4.0556
G epoch=5/160 loss=3.7964
G epoch=6/160 loss=3.5014
G epoch=7/160 loss=3.2315
G epoch=8/160 loss=3.0411
G epoch=9/160 loss=2.9380
G epoch=10/160 loss=2.8966
G epoch=11/160 loss=2.8747
G epoch=12/160 loss=2.8468
G epoch=13/160 loss=2.8120
G epoch=14/160 loss=2.7790
G epoch=15/160 loss=2.7522
G epoch=16/160 loss=2.7283
G epoch=17/160 loss=2.7023
G epoch=18/160 loss=2.6720
G epoch=19/160 loss=2.6387
G epoch=20/160 loss=2.6051
G epoch=21/160 loss=2.5724
G epoch=22/160 loss=2.5407
G epoch=23/160 loss=2.5108
G epoch=24/160 loss=2.4833
G epoch=25/160 loss=2.4573
G epoch=26/160 loss=2.4319
G epoch=27/160 loss=2.4068
G epoch=28/160 loss=2.3819
G epoch=29/160 loss=2.3567
G epoch=30/160 loss=2.3313
G epoch=31/160 loss=2.3057
G epoch=32/160 loss=2.2805
G epoch=33/160 loss=2.2557
G epoch=34/160 loss=2.2313
G epoch=35/160 loss=2.2072
G epoch=36/160 loss=2.1833
G epoch=37/160 loss=2.1596
G epoch=38/160 loss=2.1361
G epoch=39/160 loss=2.1130
G epoch=40/160 loss=2.0903
G epoch=41/160 loss=2.0676
G epoch=42/160 loss=2.0450
G epoch=43/160 loss=2.0231
G epoch=44/160 loss=2.0019
G epoch=45/160 loss=1.9809
G epoch=46/160 loss=1.9603
G epoch=47/160 loss=1.9407
G epoch=48/160 loss=1.9215
G epoch=49/160 loss=1.9024
G epoch=50/160 loss=1.8837
G epoch=51/160 loss=1.8650
G epoch=52/160 loss=1.8465
G epoch=53/160 loss=1.8288
G epoch=54/160 loss=1.8113
G epoch=55/160 loss=1.7940
G epoch=56/160 loss=1.7771
G epoch=57/160 loss=1.7604
G epoch=58/160 loss=1.7439
G epoch=59/160 loss=1.7278
G epoch=60/160 loss=1.7118
G epoch=61/160 loss=1.6961
G epoch=62/160 loss=1.6806
G epoch=63/160 loss=1.6653
G epoch=64/160 loss=1.6502
G epoch=65/160 loss=1.6352
G epoch=66/160 loss=1.6203
G epoch=67/160 loss=1.6055
G epoch=68/160 loss=1.5908
G epoch=69/160 loss=1.5764
G epoch=70/160 loss=1.5622
G epoch=71/160 loss=1.5481
G epoch=72/160 loss=1.5342
G epoch=73/160 loss=1.5204
G epoch=74/160 loss=1.5066
G epoch=75/160 loss=1.4928
G epoch=76/160 loss=1.4790
G epoch=77/160 loss=1.4656
G epoch=78/160 loss=1.4523
G epoch=79/160 loss=1.4399
G epoch=80/160 loss=1.4273
G epoch=81/160 loss=1.4134
G epoch=82/160 loss=1.4009
G epoch=83/160 loss=1.3882
G epoch=84/160 loss=1.3749
G epoch=85/160 loss=1.3633
G epoch=86/160 loss=1.3514
G epoch=87/160 loss=1.3385
G epoch=88/160 loss=1.3268
G epoch=89/160 loss=1.3151
G epoch=90/160 loss=1.3030
G epoch=91/160 loss=1.2922
G epoch=92/160 loss=1.2809
G epoch=93/160 loss=1.2696
G epoch=94/160 loss=1.2586
G epoch=95/160 loss=1.2472
G epoch=96/160 loss=1.2365
G epoch=97/160 loss=1.2255
G epoch=98/160 loss=1.2146
G epoch=99/160 loss=1.2043
G epoch=100/160 loss=1.1939
G epoch=101/160 loss=1.1840
G epoch=102/160 loss=1.1742
G epoch=103/160 loss=1.1644
G epoch=104/160 loss=1.1549
G epoch=105/160 loss=1.1455
G epoch=106/160 loss=1.1364
G epoch=107/160 loss=1.1273
G epoch=108/160 loss=1.1182
G epoch=109/160 loss=1.1092
G epoch=110/160 loss=1.1001
G epoch=111/160 loss=1.0912
G epoch=112/160 loss=1.0821
G epoch=113/160 loss=1.0732
G epoch=114/160 loss=1.0642
G epoch=115/160 loss=1.0557
G epoch=116/160 loss=1.0485
G epoch=117/160 loss=1.0444
G epoch=118/160 loss=1.0349
G epoch=119/160 loss=1.0228
G epoch=120/160 loss=1.0176
G epoch=121/160 loss=1.0095
G epoch=122/160 loss=1.0001
G epoch=123/160 loss=0.9941
G epoch=124/160 loss=0.9855
G epoch=125/160 loss=0.9777
G epoch=126/160 loss=0.9705
G epoch=127/160 loss=0.9620
G epoch=128/160 loss=0.9560
G epoch=129/160 loss=0.9482
G epoch=130/160 loss=0.9407
G epoch=131/160 loss=0.9344
G epoch=132/160 loss=0.9272
G epoch=133/160 loss=0.9200
G epoch=134/160 loss=0.9132
G epoch=135/160 loss=0.9071
G epoch=136/160 loss=0.9004
G epoch=137/160 loss=0.8932
G epoch=138/160 loss=0.8872
G epoch=139/160 loss=0.8807
G epoch=140/160 loss=0.8750
G epoch=141/160 loss=0.8683
G epoch=142/160 loss=0.8617
G epoch=143/160 loss=0.8555
G epoch=144/160 loss=0.8494
G epoch=145/160 loss=0.8433
G epoch=146/160 loss=0.8378
G epoch=147/160 loss=0.8330
G epoch=148/160 loss=0.8311
G epoch=149/160 loss=0.8345
G epoch=150/160 loss=0.8192
G epoch=151/160 loss=0.8182
G epoch=152/160 loss=0.8121
G epoch=153/160 loss=0.8088
G epoch=154/160 loss=0.7986
G epoch=155/160 loss=0.7968
G epoch=156/160 loss=0.7867
G epoch=157/160 loss=0.7852
G epoch=158/160 loss=0.7766
G epoch=159/160 loss=0.7732
G epoch=160/160 loss=0.7671

[2/3] pretrain D

[3/3] adversarial
generator_reward_mode=off reward_alpha=1.000 d_steps=5 d_epochs=3
ADV epoch=1/200 g_loss=0.7705 d_loss=0.0000 reward=0.6204 reward_var=0.0002 unique=1.0000
ADV epoch=2/200 g_loss=0.8093 d_loss=0.0000 reward=0.6213 reward_var=0.0003 unique=1.0000
ADV epoch=3/200 g_loss=0.8505 d_loss=0.0000 reward=0.6212 reward_var=0.0003 unique=1.0000
ADV epoch=4/200 g_loss=0.8834 d_loss=0.0000 reward=0.6225 reward_var=0.0003 unique=1.0000
ADV epoch=5/200 g_loss=0.9168 d_loss=0.0000 reward=0.6237 reward_var=0.0003 unique=1.0000
ADV epoch=6/200 g_loss=0.9283 d_loss=0.0000 reward=0.6248 reward_var=0.0003 unique=1.0000
ADV epoch=7/200 g_loss=0.9484 d_loss=0.0000 reward=0.6246 reward_var=0.0003 unique=1.0000
ADV epoch=8/200 g_loss=0.9665 d_loss=0.0000 reward=0.6265 reward_var=0.0003 unique=1.0000
ADV epoch=9/200 g_loss=0.9749 d_loss=0.0000 reward=0.6267 reward_var=0.0003 unique=1.0000
ADV epoch=10/200 g_loss=0.9740 d_loss=0.0000 reward=0.6276 reward_var=0.0003 unique=1.0000
ADV epoch=11/200 g_loss=0.9576 d_loss=0.0000 reward=0.6305 reward_var=0.0003 unique=1.0000
ADV epoch=12/200 g_loss=0.9338 d_loss=0.0000 reward=0.6314 reward_var=0.0003 unique=1.0000


===== NEW SESSION 2026-07-18T08:55:18.033032 =====

[3/3] adversarial
generator_reward_mode=off reward_alpha=1.000 d_steps=5 d_epochs=3
Resumed adversarial checkpoint /content/drive/MyDrive/GAN/GAN_for_SQLi/result/phase2b_batch6x/_checkpoints_rerun_13/error_D_R500_V4_B6X/latest_adversarial.pt at epoch 11
Traceback (most recent call last):
  File "<frozen runpy>", line 198, in _run_module_as_main
  File "<frozen runpy>", line 88, in _run_code
  File "/content/GAN_for_SQLi_rerun_13/models/seqgan_improved/runtime/train.py", line 452, in <module>
    main()
  File "/content/GAN_for_SQLi_rerun_13/models/seqgan_improved/runtime/train.py", line 448, in main
    run_training(build_parser().parse_args())
  File "/content/GAN_for_SQLi_rerun_13/models/seqgan_improved/runtime/train.py", line 266, in run_training
    adversarial_stats = adv_train(
                        ^^^^^^^^^^
  File "/content/GAN_for_SQLi_rerun_13/models/seqgan_improved/runtime/adversarial.py", line 224, in adv_train
    discriminator_reward = rollout.get_reward(sequences.detach(), mask=mask.detach())
                           ^^^^^^^^^^^^^^^^^^^^^^^^^^^^^^^^^^^^^^^^^^^^^^^^^^^^^^^^^^
  File "/usr/local/lib/python3.12/dist-packages/torch/utils/_contextlib.py", line 124, in decorate_context
    return func(*args, **kwargs)
           ^^^^^^^^^^^^^^^^^^^^^
  File "/content/GAN_for_SQLi_rerun_13/models/seqgan_improved/runtime/rollout.py", line 87, in get_reward
    scores = self.discriminator.prob_real(completed).view(B, rollout_num)
             ^^^^^^^^^^^^^^^^^^^^^^^^^^^^^^^^^^^^^^^
  File "/content/GAN_for_SQLi_rerun_13/models/seqgan_improved/runtime/discriminator.py", line 128, in prob_real
    return F.softmax(self.forward(input_ids), dim=1)[:, 1]
                     ^^^^^^^^^^^^^^^^^^^^^^^
  File "/content/GAN_for_SQLi_rerun_13/models/seqgan_improved/runtime/discriminator.py", line 121, in forward
    h = h.masked_fill(fill_mask.unsqueeze(1), torch.finfo(h.dtype).min)
                      ^^^^^^^^^^^^^^^^^^^^^^
KeyboardInterrupt


===== NEW SESSION 2026-07-18T08:57:49.424707 =====

[3/3] adversarial
generator_reward_mode=off reward_alpha=1.000 d_steps=5 d_epochs=3
Resumed adversarial checkpoint /content/drive/MyDrive/GAN/GAN_for_SQLi/result/phase2b_batch6x/_checkpoints_rerun_13/error_D_R500_V4_B6X/latest_adversarial.pt at epoch 11
ADV epoch=11/200 g_loss=0.9621 d_loss=0.0000 reward=0.6306 reward_var=0.0003 unique=1.0000
ADV epoch=12/200 g_loss=0.9535 d_loss=0.0000 reward=0.6315 reward_var=0.0003 unique=1.0000
ADV epoch=13/200 g_loss=0.9508 d_loss=0.0000 reward=0.6296 reward_var=0.0003 unique=1.0000
ADV epoch=14/200 g_loss=0.9451 d_loss=0.0000 reward=0.6310 reward_var=0.0002 unique=1.0000
ADV epoch=15/200 g_loss=0.9207 d_loss=0.0000 reward=0.6313 reward_var=0.0003 unique=1.0000
ADV epoch=16/200 g_loss=0.9227 d_loss=0.0000 reward=0.6337 reward_var=0.0003 unique=1.0000
ADV epoch=17/200 g_loss=0.9169 d_loss=0.0000 reward=0.6328 reward_var=0.0003 unique=1.0000
ADV epoch=18/200 g_loss=0.9219 d_loss=0.0000 reward=0.6341 reward_var=0.0003 unique=1.0000
ADV epoch=19/200 g_loss=0.9404 d_loss=0.0000 reward=0.6354 reward_var=0.0003 unique=1.0000
ADV epoch=20/200 g_loss=0.9546 d_loss=0.0000 reward=0.6338 reward_var=0.0003 unique=1.0000
ADV epoch=21/200 g_loss=0.9714 d_loss=0.0000 reward=0.6350 reward_var=0.0003 unique=1.0000
ADV epoch=22/200 g_loss=0.9726 d_loss=0.0000 reward=0.6364 reward_var=0.0003 unique=1.0000
ADV epoch=23/200 g_loss=0.9997 d_loss=0.0000 reward=0.6337 reward_var=0.0003 unique=1.0000
ADV epoch=24/200 g_loss=1.0111 d_loss=0.0000 reward=0.6328 reward_var=0.0003 unique=1.0000
ADV epoch=25/200 g_loss=1.0285 d_loss=0.0000 reward=0.6317 reward_var=0.0003 unique=1.0000
ADV epoch=26/200 g_loss=1.0422 d_loss=0.0000 reward=0.6287 reward_var=0.0003 unique=1.0000
ADV epoch=27/200 g_loss=1.0691 d_loss=0.0000 reward=0.6290 reward_var=0.0003 unique=1.0000
ADV epoch=28/200 g_loss=1.0771 d_loss=0.0000 reward=0.6259 reward_var=0.0003 unique=1.0000
ADV epoch=29/200 g_loss=1.1014 d_loss=0.0000 reward=0.6244 reward_var=0.0003 unique=1.0000
ADV epoch=30/200 g_loss=1.1181 d_loss=0.0000 reward=0.6232 reward_var=0.0004 unique=1.0000
ADV epoch=31/200 g_loss=1.1458 d_loss=0.0000 reward=0.6212 reward_var=0.0004 unique=1.0000
ADV epoch=32/200 g_loss=1.1484 d_loss=0.0000 reward=0.6171 reward_var=0.0003 unique=1.0000
ADV epoch=33/200 g_loss=1.1653 d_loss=0.0000 reward=0.6161 reward_var=0.0003 unique=1.0000
ADV epoch=34/200 g_loss=1.1729 d_loss=0.0000 reward=0.6148 reward_var=0.0003 unique=1.0000
ADV epoch=35/200 g_loss=1.1679 d_loss=0.0000 reward=0.6152 reward_var=0.0003 unique=1.0000
ADV epoch=36/200 g_loss=1.1699 d_loss=0.0000 reward=0.6146 reward_var=0.0003 unique=1.0000
ADV epoch=37/200 g_loss=1.1801 d_loss=0.0000 reward=0.6154 reward_var=0.0003 unique=1.0000
ADV epoch=38/200 g_loss=1.1647 d_loss=0.0000 reward=0.6163 reward_var=0.0003 unique=1.0000
ADV epoch=39/200 g_loss=1.1625 d_loss=0.0000 reward=0.6176 reward_var=0.0003 unique=1.0000
ADV epoch=40/200 g_loss=1.1598 d_loss=0.0000 reward=0.6180 reward_var=0.0003 unique=1.0000
ADV epoch=41/200 g_loss=1.1447 d_loss=0.0000 reward=0.6199 reward_var=0.0003 unique=1.0000
ADV epoch=42/200 g_loss=1.1609 d_loss=0.0000 reward=0.6194 reward_var=0.0003 unique=1.0000
ADV epoch=43/200 g_loss=1.1498 d_loss=0.0000 reward=0.6199 reward_var=0.0003 unique=1.0000
ADV epoch=44/200 g_loss=1.1660 d_loss=0.0000 reward=0.6205 reward_var=0.0003 unique=1.0000
ADV epoch=45/200 g_loss=1.1603 d_loss=0.0000 reward=0.6201 reward_var=0.0003 unique=1.0000
ADV epoch=46/200 g_loss=1.1667 d_loss=0.0000 reward=0.6191 reward_var=0.0003 unique=1.0000
ADV epoch=47/200 g_loss=1.1732 d_loss=0.0000 reward=0.6178 reward_var=0.0003 unique=1.0000
ADV epoch=48/200 g_loss=1.1748 d_loss=0.0000 reward=0.6181 reward_var=0.0004 unique=1.0000
ADV epoch=49/200 g_loss=1.1973 d_loss=0.0000 reward=0.6164 reward_var=0.0003 unique=1.0000
ADV epoch=50/200 g_loss=1.2207 d_loss=0.0000 reward=0.6157 reward_var=0.0003 unique=1.0000
ADV epoch=51/200 g_loss=1.2317 d_loss=0.0000 reward=0.6149 reward_var=0.0003 unique=1.0000
ADV epoch=52/200 g_loss=1.2562 d_loss=0.0000 reward=0.6133 reward_var=0.0003 unique=1.0000
ADV epoch=53/200 g_loss=1.2752 d_loss=0.0000 reward=0.6126 reward_var=0.0003 unique=1.0000
ADV epoch=54/200 g_loss=1.3011 d_loss=0.0000 reward=0.6113 reward_var=0.0003 unique=1.0000
ADV epoch=55/200 g_loss=1.3223 d_loss=0.0000 reward=0.6103 reward_var=0.0003 unique=1.0000
ADV epoch=56/200 g_loss=1.3417 d_loss=0.0000 reward=0.6101 reward_var=0.0003 unique=1.0000
ADV epoch=57/200 g_loss=1.3644 d_loss=0.0000 reward=0.6115 reward_var=0.0004 unique=1.0000
ADV epoch=58/200 g_loss=1.3806 d_loss=0.0000 reward=0.6111 reward_var=0.0003 unique=1.0000
ADV epoch=59/200 g_loss=1.3814 d_loss=0.0000 reward=0.6103 reward_var=0.0003 unique=1.0000
ADV epoch=60/200 g_loss=1.3944 d_loss=0.0000 reward=0.6105 reward_var=0.0003 unique=1.0000
ADV epoch=61/200 g_loss=1.3863 d_loss=0.0000 reward=0.6090 reward_var=0.0003 unique=1.0000
ADV epoch=62/200 g_loss=1.3831 d_loss=0.0000 reward=0.6103 reward_var=0.0003 unique=1.0000
ADV epoch=63/200 g_loss=1.3729 d_loss=0.0000 reward=0.6110 reward_var=0.0003 unique=1.0000
ADV epoch=64/200 g_loss=1.3597 d_loss=0.0000 reward=0.6106 reward_var=0.0003 unique=1.0000
ADV epoch=65/200 g_loss=1.3569 d_loss=0.0000 reward=0.6108 reward_var=0.0003 unique=1.0000
ADV epoch=66/200 g_loss=1.3667 d_loss=0.0000 reward=0.6123 reward_var=0.0003 unique=1.0000
ADV epoch=67/200 g_loss=1.3604 d_loss=0.0000 reward=0.6120 reward_var=0.0003 unique=1.0000
ADV epoch=68/200 g_loss=1.3588 d_loss=0.0000 reward=0.6137 reward_var=0.0003 unique=1.0000
ADV epoch=69/200 g_loss=1.3561 d_loss=0.0000 reward=0.6140 reward_var=0.0003 unique=1.0000
ADV epoch=70/200 g_loss=1.3667 d_loss=0.0000 reward=0.6157 reward_var=0.0003 unique=1.0000
ADV epoch=71/200 g_loss=1.3711 d_loss=0.0000 reward=0.6140 reward_var=0.0003 unique=1.0000
ADV epoch=72/200 g_loss=1.3665 d_loss=0.0000 reward=0.6164 reward_var=0.0003 unique=1.0000
ADV epoch=73/200 g_loss=1.3647 d_loss=0.0000 reward=0.6163 reward_var=0.0003 unique=1.0000
ADV epoch=74/200 g_loss=1.3714 d_loss=0.0000 reward=0.6155 reward_var=0.0003 unique=1.0000
ADV epoch=75/200 g_loss=1.3803 d_loss=0.0000 reward=0.6166 reward_var=0.0003 unique=1.0000
ADV epoch=76/200 g_loss=1.3734 d_loss=0.0000 reward=0.6175 reward_var=0.0003 unique=1.0000
ADV epoch=77/200 g_loss=1.3743 d_loss=0.0000 reward=0.6163 reward_var=0.0003 unique=1.0000
ADV epoch=78/200 g_loss=1.3708 d_loss=0.0000 reward=0.6161 reward_var=0.0003 unique=1.0000
ADV epoch=79/200 g_loss=1.3747 d_loss=0.0000 reward=0.6149 reward_var=0.0003 unique=1.0000
ADV epoch=80/200 g_loss=1.3687 d_loss=0.0000 reward=0.6160 reward_var=0.0003 unique=1.0000
ADV epoch=81/200 g_loss=1.3661 d_loss=0.0000 reward=0.6152 reward_var=0.0003 unique=1.0000
ADV epoch=82/200 g_loss=1.3670 d_loss=0.0000 reward=0.6150 reward_var=0.0003 unique=1.0000
ADV epoch=83/200 g_loss=1.3550 d_loss=0.0000 reward=0.6162 reward_var=0.0003 unique=1.0000
ADV epoch=84/200 g_loss=1.3607 d_loss=0.0000 reward=0.6145 reward_var=0.0003 unique=1.0000
ADV epoch=85/200 g_loss=1.3669 d_loss=0.0000 reward=0.6142 reward_var=0.0003 unique=1.0000
ADV epoch=86/200 g_loss=1.3671 d_loss=0.0000 reward=0.6138 reward_var=0.0003 unique=1.0000
ADV epoch=87/200 g_loss=1.3711 d_loss=0.0000 reward=0.6135 reward_var=0.0003 unique=1.0000
ADV epoch=88/200 g_loss=1.3658 d_loss=0.0000 reward=0.6124 reward_var=0.0003 unique=1.0000
ADV epoch=89/200 g_loss=1.3400 d_loss=0.0000 reward=0.6133 reward_var=0.0003 unique=1.0000
ADV epoch=90/200 g_loss=1.3126 d_loss=0.0000 reward=0.6148 reward_var=0.0003 unique=1.0000
ADV epoch=91/200 g_loss=1.3019 d_loss=0.0000 reward=0.6161 reward_var=0.0003 unique=1.0000
ADV epoch=92/200 g_loss=1.2960 d_loss=0.0000 reward=0.6158 reward_var=0.0003 unique=1.0000
ADV epoch=93/200 g_loss=1.2944 d_loss=0.0000 reward=0.6163 reward_var=0.0003 unique=1.0000
ADV epoch=94/200 g_loss=1.2853 d_loss=0.0000 reward=0.6170 reward_var=0.0003 unique=1.0000
ADV epoch=95/200 g_loss=1.2909 d_loss=0.0000 reward=0.6185 reward_var=0.0003 unique=1.0000
ADV epoch=96/200 g_loss=1.2870 d_loss=0.0000 reward=0.6189 reward_var=0.0003 unique=1.0000
ADV epoch=97/200 g_loss=1.2651 d_loss=0.0000 reward=0.6185 reward_var=0.0003 unique=1.0000
ADV epoch=98/200 g_loss=1.2629 d_loss=0.0000 reward=0.6202 reward_var=0.0003 unique=1.0000
ADV epoch=99/200 g_loss=1.2524 d_loss=0.0000 reward=0.6207 reward_var=0.0003 unique=1.0000
ADV epoch=100/200 g_loss=1.2262 d_loss=0.0000 reward=0.6205 reward_var=0.0003 unique=1.0000
ADV epoch=101/200 g_loss=1.2215 d_loss=0.0000 reward=0.6214 reward_var=0.0003 unique=1.0000
ADV epoch=102/200 g_loss=1.2156 d_loss=0.0000 reward=0.6219 reward_var=0.0003 unique=1.0000
ADV epoch=103/200 g_loss=1.1939 d_loss=0.0000 reward=0.6233 reward_var=0.0003 unique=1.0000
ADV epoch=104/200 g_loss=1.1949 d_loss=0.0000 reward=0.6223 reward_var=0.0003 unique=1.0000
ADV epoch=105/200 g_loss=1.1950 d_loss=0.0000 reward=0.6243 reward_var=0.0003 unique=1.0000
ADV epoch=106/200 g_loss=1.1815 d_loss=0.0000 reward=0.6248 reward_var=0.0003 unique=1.0000
ADV epoch=107/200 g_loss=1.1789 d_loss=0.0000 reward=0.6257 reward_var=0.0003 unique=1.0000
ADV epoch=108/200 g_loss=1.1698 d_loss=0.0000 reward=0.6260 reward_var=0.0003 unique=1.0000
ADV epoch=109/200 g_loss=1.1610 d_loss=0.0000 reward=0.6266 reward_var=0.0003 unique=1.0000
ADV epoch=110/200 g_loss=1.1580 d_loss=0.0000 reward=0.6283 reward_var=0.0003 unique=1.0000
ADV epoch=111/200 g_loss=1.1279 d_loss=0.0000 reward=0.6309 reward_var=0.0003 unique=1.0000
ADV epoch=112/200 g_loss=1.1100 d_loss=0.0000 reward=0.6315 reward_var=0.0003 unique=1.0000
ADV epoch=113/200 g_loss=1.1110 d_loss=0.0000 reward=0.6331 reward_var=0.0003 unique=1.0000
ADV epoch=114/200 g_loss=1.1279 d_loss=0.0000 reward=0.6328 reward_var=0.0003 unique=1.0000
ADV epoch=115/200 g_loss=1.1134 d_loss=0.0000 reward=0.6341 reward_var=0.0003 unique=1.0000
ADV epoch=116/200 g_loss=1.1164 d_loss=0.0000 reward=0.6333 reward_var=0.0003 unique=1.0000
ADV epoch=117/200 g_loss=1.1241 d_loss=0.0000 reward=0.6354 reward_var=0.0003 unique=1.0000
ADV epoch=118/200 g_loss=1.1401 d_loss=0.0000 reward=0.6329 reward_var=0.0003 unique=1.0000
ADV epoch=119/200 g_loss=1.1387 d_loss=0.0000 reward=0.6320 reward_var=0.0003 unique=1.0000
ADV epoch=120/200 g_loss=1.1507 d_loss=0.0000 reward=0.6315 reward_var=0.0003 unique=1.0000
ADV epoch=121/200 g_loss=1.1389 d_loss=0.0000 reward=0.6303 reward_var=0.0003 unique=1.0000
ADV epoch=122/200 g_loss=1.1271 d_loss=0.0000 reward=0.6318 reward_var=0.0002 unique=1.0000
ADV epoch=123/200 g_loss=1.1170 d_loss=0.0000 reward=0.6306 reward_var=0.0003 unique=1.0000
ADV epoch=124/200 g_loss=1.0965 d_loss=0.0000 reward=0.6323 reward_var=0.0003 unique=1.0000
ADV epoch=125/200 g_loss=1.0658 d_loss=0.0000 reward=0.6319 reward_var=0.0002 unique=1.0000
ADV epoch=126/200 g_loss=1.0401 d_loss=0.0000 reward=0.6343 reward_var=0.0003 unique=1.0000
ADV epoch=127/200 g_loss=1.0001 d_loss=0.0000 reward=0.6346 reward_var=0.0003 unique=1.0000
ADV epoch=128/200 g_loss=0.9676 d_loss=0.0000 reward=0.6355 reward_var=0.0002 unique=1.0000
ADV epoch=129/200 g_loss=0.9387 d_loss=0.0000 reward=0.6365 reward_var=0.0003 unique=1.0000
ADV epoch=130/200 g_loss=0.8953 d_loss=0.0000 reward=0.6381 reward_var=0.0002 unique=1.0000
ADV epoch=131/200 g_loss=0.8702 d_loss=0.0000 reward=0.6373 reward_var=0.0003 unique=1.0000
ADV epoch=132/200 g_loss=0.8606 d_loss=0.0000 reward=0.6373 reward_var=0.0003 unique=1.0000
ADV epoch=133/200 g_loss=0.8507 d_loss=0.0000 reward=0.6386 reward_var=0.0002 unique=1.0000
ADV epoch=134/200 g_loss=0.8501 d_loss=0.0000 reward=0.6392 reward_var=0.0003 unique=1.0000
ADV epoch=135/200 g_loss=0.8264 d_loss=0.0000 reward=0.6374 reward_var=0.0003 unique=1.0000
ADV epoch=136/200 g_loss=0.8355 d_loss=0.0000 reward=0.6403 reward_var=0.0003 unique=1.0000
ADV epoch=137/200 g_loss=0.8268 d_loss=0.0000 reward=0.6414 reward_var=0.0003 unique=1.0000
ADV epoch=138/200 g_loss=0.8195 d_loss=0.0000 reward=0.6425 reward_var=0.0003 unique=1.0000
ADV epoch=139/200 g_loss=0.8138 d_loss=0.0000 reward=0.6419 reward_var=0.0003 unique=1.0000
ADV epoch=140/200 g_loss=0.8050 d_loss=0.0000 reward=0.6441 reward_var=0.0003 unique=1.0000
ADV epoch=141/200 g_loss=0.7834 d_loss=0.0000 reward=0.6442 reward_var=0.0003 unique=1.0000
ADV epoch=142/200 g_loss=0.7410 d_loss=0.0000 reward=0.6450 reward_var=0.0002 unique=1.0000
ADV epoch=143/200 g_loss=0.7223 d_loss=0.0000 reward=0.6459 reward_var=0.0003 unique=1.0000
ADV epoch=144/200 g_loss=0.7005 d_loss=0.0000 reward=0.6463 reward_var=0.0002 unique=1.0000
ADV epoch=145/200 g_loss=0.6910 d_loss=0.0000 reward=0.6474 reward_var=0.0003 unique=1.0000
ADV epoch=146/200 g_loss=0.6741 d_loss=0.0000 reward=0.6494 reward_var=0.0003 unique=1.0000
ADV epoch=147/200 g_loss=0.6720 d_loss=0.0000 reward=0.6504 reward_var=0.0002 unique=1.0000
ADV epoch=148/200 g_loss=0.6765 d_loss=0.0000 reward=0.6515 reward_var=0.0002 unique=1.0000
ADV epoch=149/200 g_loss=0.6910 d_loss=0.0000 reward=0.6497 reward_var=0.0002 unique=1.0000
ADV epoch=150/200 g_loss=0.6780 d_loss=0.0000 reward=0.6496 reward_var=0.0002 unique=1.0000
ADV epoch=151/200 g_loss=0.6610 d_loss=0.0000 reward=0.6521 reward_var=0.0002 unique=1.0000
ADV epoch=152/200 g_loss=0.6689 d_loss=0.0000 reward=0.6518 reward_var=0.0002 unique=1.0000
ADV epoch=153/200 g_loss=0.6582 d_loss=0.0000 reward=0.6513 reward_var=0.0002 unique=1.0000
ADV epoch=154/200 g_loss=0.6530 d_loss=0.0000 reward=0.6503 reward_var=0.0002 unique=1.0000
ADV epoch=155/200 g_loss=0.6432 d_loss=0.0000 reward=0.6476 reward_var=0.0002 unique=1.0000
ADV epoch=156/200 g_loss=0.6201 d_loss=0.0000 reward=0.6461 reward_var=0.0002 unique=1.0000
ADV epoch=157/200 g_loss=0.5840 d_loss=0.0000 reward=0.6436 reward_var=0.0002 unique=1.0000
ADV epoch=158/200 g_loss=0.5622 d_loss=0.0000 reward=0.6395 reward_var=0.0002 unique=1.0000
ADV epoch=159/200 g_loss=0.5328 d_loss=0.0000 reward=0.6363 reward_var=0.0003 unique=1.0000
ADV epoch=160/200 g_loss=0.5384 d_loss=0.0000 reward=0.6337 reward_var=0.0002 unique=1.0000
ADV epoch=161/200 g_loss=0.5248 d_loss=0.0000 reward=0.6320 reward_var=0.0002 unique=1.0000
ADV epoch=162/200 g_loss=0.4958 d_loss=0.0000 reward=0.6319 reward_var=0.0002 unique=1.0000
ADV epoch=163/200 g_loss=0.4668 d_loss=0.0000 reward=0.6332 reward_var=0.0002 unique=1.0000
ADV epoch=164/200 g_loss=0.4742 d_loss=0.0000 reward=0.6342 reward_var=0.0002 unique=1.0000
ADV epoch=165/200 g_loss=0.4694 d_loss=0.0000 reward=0.6325 reward_var=0.0002 unique=1.0000
ADV epoch=166/200 g_loss=0.4588 d_loss=0.0000 reward=0.6328 reward_var=0.0002 unique=1.0000
ADV epoch=167/200 g_loss=0.4447 d_loss=0.0000 reward=0.6326 reward_var=0.0002 unique=1.0000
ADV epoch=168/200 g_loss=0.4333 d_loss=0.0000 reward=0.6304 reward_var=0.0002 unique=1.0000
ADV epoch=169/200 g_loss=0.4260 d_loss=0.0000 reward=0.6274 reward_var=0.0003 unique=1.0000
ADV epoch=170/200 g_loss=0.4017 d_loss=0.0000 reward=0.6244 reward_var=0.0003 unique=1.0000


===== NEW SESSION 2026-07-19T09:05:26.378100 =====

[3/3] adversarial
generator_reward_mode=off reward_alpha=1.000 d_steps=5 d_epochs=3
Traceback (most recent call last):
  File "<frozen runpy>", line 198, in _run_module_as_main
  File "<frozen runpy>", line 88, in _run_code
  File "/content/GAN_for_SQLi_rerun_13/models/seqgan_improved/runtime/train.py", line 452, in <module>
    main()
  File "/content/GAN_for_SQLi_rerun_13/models/seqgan_improved/runtime/train.py", line 448, in main
    run_training(build_parser().parse_args())
  File "/content/GAN_for_SQLi_rerun_13/models/seqgan_improved/runtime/train.py", line 266, in run_training
    adversarial_stats = adv_train(
                        ^^^^^^^^^^
  File "/content/GAN_for_SQLi_rerun_13/models/seqgan_improved/runtime/adversarial.py", line 181, in adv_train
    optimizer = optim.Adam(generator.parameters(), lr=gen_lr)
                ^^^^^^^^^^^^^^^^^^^^^^^^^^^^^^^^^^^^^^^^^^^^^
  File "/usr/local/lib/python3.12/dist-packages/torch/optim/adam.py", line 102, in __init__
    super().__init__(params, defaults)
  File "/usr/local/lib/python3.12/dist-packages/torch/optim/optimizer.py", line 408, in __init__
    self.add_param_group(cast(dict, param_group))
  File "/usr/local/lib/python3.12/dist-packages/torch/_compile.py", line 47, in inner
    import torch._dynamo
  File "/usr/local/lib/python3.12/dist-packages/torch/_dynamo/__init__.py", line 13, in <module>
    from . import (
  File "/usr/local/lib/python3.12/dist-packages/torch/_dynamo/aot_compile.py", line 15, in <module>
    from torch._dynamo.convert_frame import GraphRuntimeEnv
  File "/usr/local/lib/python3.12/dist-packages/torch/_dynamo/convert_frame.py", line 62, in <module>
    from torch._dynamo.symbolic_convert import TensorifyState
  File "/usr/local/lib/python3.12/dist-packages/torch/_dynamo/symbolic_convert.py", line 54, in <module>
    from torch._dynamo.exc import ObservedException, TensorifyScalarRestartAnalysis
  File "/usr/local/lib/python3.12/dist-packages/torch/_dynamo/exc.py", line 44, in <module>
    from .utils import counters
  File "/usr/local/lib/python3.12/dist-packages/torch/_dynamo/utils.py", line 70, in <module>
    import torch.fx.experimental.symbolic_shapes
  File "/usr/local/lib/python3.12/dist-packages/torch/fx/experimental/symbolic_shapes.py", line 3, in <module>
    import sympy
  File "/usr/local/lib/python3.12/dist-packages/sympy/__init__.py", line 77, in <module>
    from .polys import (Poly, PurePoly, poly_from_expr, parallel_poly_from_expr,
  File "/usr/local/lib/python3.12/dist-packages/sympy/polys/__init__.py", line 79, in <module>
    from .polyfuncs import (symmetrize, horner, interpolate,
  File "/usr/local/lib/python3.12/dist-packages/sympy/polys/polyfuncs.py", line 10, in <module>
    from sympy.polys.specialpolys import (
  File "/usr/local/lib/python3.12/dist-packages/sympy/polys/specialpolys.py", line 298, in <module>
    from sympy.polys.rings import ring
  File "/usr/local/lib/python3.12/dist-packages/sympy/polys/rings.py", line 31, in <module>
    from sympy.printing.defaults import DefaultPrinting
  File "/usr/local/lib/python3.12/dist-packages/sympy/printing/__init__.py", line 11, in <module>
    from .pycode import pycode
  File "/usr/local/lib/python3.12/dist-packages/sympy/printing/pycode.py", line 11, in <module>
    from .codeprinter import CodePrinter
  File "/usr/local/lib/python3.12/dist-packages/sympy/printing/codeprinter.py", line 13, in <module>
    from sympy.functions.elementary.complexes import re
  File "/usr/local/lib/python3.12/dist-packages/sympy/functions/__init__.py", line 19, in <module>
    from sympy.functions.elementary.trigonometric import (sin, cos, tan,
KeyboardInterrupt


===== NEW SESSION 2026-07-19T09:05:57.415486 =====

[3/3] adversarial
generator_reward_mode=off reward_alpha=1.000 d_steps=5 d_epochs=3
Resumed adversarial checkpoint /content/drive/MyDrive/GAN/GAN_for_SQLi/result/phase2b_batch6x/_checkpoints_rerun_13/error_D_R500_V4_B6X/latest_adversarial.pt at epoch 171
ADV epoch=171/200 g_loss=0.3943 d_loss=0.0000 reward=0.6218 reward_var=0.0003 unique=1.0000
ADV epoch=172/200 g_loss=0.3881 d_loss=0.0000 reward=0.6191 reward_var=0.0003 unique=1.0000
ADV epoch=173/200 g_loss=0.3831 d_loss=0.0000 reward=0.6191 reward_var=0.0003 unique=1.0000
ADV epoch=174/200 g_loss=0.3704 d_loss=0.0000 reward=0.6169 reward_var=0.0003 unique=1.0000
ADV epoch=175/200 g_loss=0.3601 d_loss=0.0000 reward=0.6169 reward_var=0.0003 unique=1.0000
ADV epoch=176/200 g_loss=0.3474 d_loss=0.0000 reward=0.6172 reward_var=0.0003 unique=1.0000
ADV epoch=177/200 g_loss=0.3385 d_loss=0.0000 reward=0.6182 reward_var=0.0003 unique=1.0000
ADV epoch=178/200 g_loss=0.3254 d_loss=0.0000 reward=0.6178 reward_var=0.0003 unique=1.0000
ADV epoch=179/200 g_loss=0.3178 d_loss=0.0000 reward=0.6181 reward_var=0.0003 unique=1.0000
ADV epoch=180/200 g_loss=0.3097 d_loss=0.0000 reward=0.6166 reward_var=0.0004 unique=1.0000
ADV epoch=181/200 g_loss=0.3034 d_loss=0.0000 reward=0.6206 reward_var=0.0003 unique=1.0000
ADV epoch=182/200 g_loss=0.2886 d_loss=0.0000 reward=0.6188 reward_var=0.0004 unique=1.0000
ADV epoch=183/200 g_loss=0.2713 d_loss=0.0000 reward=0.6195 reward_var=0.0003 unique=1.0000
ADV epoch=184/200 g_loss=0.2609 d_loss=0.0000 reward=0.6186 reward_var=0.0003 unique=1.0000
ADV epoch=185/200 g_loss=0.2550 d_loss=0.0000 reward=0.6196 reward_var=0.0004 unique=1.0000
ADV epoch=186/200 g_loss=0.2515 d_loss=0.0000 reward=0.6206 reward_var=0.0004 unique=1.0000
ADV epoch=187/200 g_loss=0.2420 d_loss=0.0000 reward=0.6189 reward_var=0.0003 unique=1.0000
ADV epoch=188/200 g_loss=0.2382 d_loss=0.0000 reward=0.6207 reward_var=0.0004 unique=1.0000
ADV epoch=189/200 g_loss=0.2275 d_loss=0.0000 reward=0.6203 reward_var=0.0004 unique=1.0000
ADV epoch=190/200 g_loss=0.2289 d_loss=0.0000 reward=0.6213 reward_var=0.0004 unique=1.0000
ADV epoch=191/200 g_loss=0.2227 d_loss=0.0000 reward=0.6223 reward_var=0.0004 unique=1.0000
ADV epoch=192/200 g_loss=0.2218 d_loss=0.0000 reward=0.6213 reward_var=0.0004 unique=1.0000
ADV epoch=193/200 g_loss=0.2095 d_loss=0.0000 reward=0.6212 reward_var=0.0004 unique=1.0000
ADV epoch=194/200 g_loss=0.2075 d_loss=0.0000 reward=0.6207 reward_var=0.0004 unique=1.0000
ADV epoch=195/200 g_loss=0.2047 d_loss=0.0000 reward=0.6227 reward_var=0.0004 unique=1.0000
ADV epoch=196/200 g_loss=0.2028 d_loss=0.0000 reward=0.6224 reward_var=0.0004 unique=1.0000
ADV epoch=197/200 g_loss=0.1996 d_loss=0.0000 reward=0.6211 reward_var=0.0004 unique=1.0000
ADV epoch=198/200 g_loss=0.1968 d_loss=0.0000 reward=0.6203 reward_var=0.0004 unique=1.0000
ADV epoch=199/200 g_loss=0.2018 d_loss=0.0000 reward=0.6205 reward_var=0.0004 unique=1.0000
ADV epoch=200/200 g_loss=0.2106 d_loss=0.0000 reward=0.6214 reward_var=0.0005 unique=1.0000
saved 2000 raw samples to /content/drive/MyDrive/GAN/GAN_for_SQLi/result/phase2b_batch6x/error/D/R500/V4_B6X/generated_payloads.csv
