
[1/3] pretrain G
G epoch=1/120 loss=5.0134
G epoch=2/120 loss=4.8916
G epoch=3/120 loss=4.7563
G epoch=4/120 loss=4.5918
G epoch=5/120 loss=4.3925
G epoch=6/120 loss=4.1635
G epoch=7/120 loss=3.9283
G epoch=8/120 loss=3.7251
G epoch=9/120 loss=3.5644
G epoch=10/120 loss=3.4264
G epoch=11/120 loss=3.2934
G epoch=12/120 loss=3.1627
G epoch=13/120 loss=3.0462
G epoch=14/120 loss=2.9459
G epoch=15/120 loss=2.8559
G epoch=16/120 loss=2.7723
G epoch=17/120 loss=2.6915
G epoch=18/120 loss=2.6119
G epoch=19/120 loss=2.5312
G epoch=20/120 loss=2.4514
G epoch=21/120 loss=2.3753
G epoch=22/120 loss=2.3024
G epoch=23/120 loss=2.2309
G epoch=24/120 loss=2.1618
G epoch=25/120 loss=2.0947
G epoch=26/120 loss=2.0268
G epoch=27/120 loss=1.9624
G epoch=28/120 loss=1.9033
G epoch=29/120 loss=1.8451
G epoch=30/120 loss=1.7873
G epoch=31/120 loss=1.7320
G epoch=32/120 loss=1.6801
G epoch=33/120 loss=1.6292
G epoch=34/120 loss=1.5794
G epoch=35/120 loss=1.5325
G epoch=36/120 loss=1.4871
G epoch=37/120 loss=1.4428
G epoch=38/120 loss=1.4015
G epoch=39/120 loss=1.3621
G epoch=40/120 loss=1.3226
G epoch=41/120 loss=1.2844
G epoch=42/120 loss=1.2488
G epoch=43/120 loss=1.2148
G epoch=44/120 loss=1.1815
G epoch=45/120 loss=1.1495
G epoch=46/120 loss=1.1189
G epoch=47/120 loss=1.0884
G epoch=48/120 loss=1.0604
G epoch=49/120 loss=1.0328
G epoch=50/120 loss=1.0071
G epoch=51/120 loss=0.9805
G epoch=52/120 loss=0.9563
G epoch=53/120 loss=0.9317
G epoch=54/120 loss=0.9099
G epoch=55/120 loss=0.8874
G epoch=56/120 loss=0.8664
G epoch=57/120 loss=0.8455
G epoch=58/120 loss=0.8262
G epoch=59/120 loss=0.8070
G epoch=60/120 loss=0.7889
G epoch=61/120 loss=0.7709
G epoch=62/120 loss=0.7542
G epoch=63/120 loss=0.7379
G epoch=64/120 loss=0.7218
G epoch=65/120 loss=0.7062
G epoch=66/120 loss=0.6909
G epoch=67/120 loss=0.6764
G epoch=68/120 loss=0.6622
G epoch=69/120 loss=0.6490
G epoch=70/120 loss=0.6354
G epoch=71/120 loss=0.6225
G epoch=72/120 loss=0.6110
G epoch=73/120 loss=0.5982
G epoch=74/120 loss=0.5864
G epoch=75/120 loss=0.5750
G epoch=76/120 loss=0.5641
G epoch=77/120 loss=0.5537
G epoch=78/120 loss=0.5427
G epoch=79/120 loss=0.5325
G epoch=80/120 loss=0.5227
G epoch=81/120 loss=0.5130
G epoch=82/120 loss=0.5041
G epoch=83/120 loss=0.4953
G epoch=84/120 loss=0.4864
G epoch=85/120 loss=0.4776
G epoch=86/120 loss=0.4709
G epoch=87/120 loss=0.4662
G epoch=88/120 loss=0.4579
G epoch=89/120 loss=0.4488
G epoch=90/120 loss=0.4482
G epoch=91/120 loss=0.4366
G epoch=92/120 loss=0.4324
G epoch=93/120 loss=0.4262
G epoch=94/120 loss=0.4191
G epoch=95/120 loss=0.4142
G epoch=96/120 loss=0.4096
G epoch=97/120 loss=0.4040
G epoch=98/120 loss=0.3982
G epoch=99/120 loss=0.3943
G epoch=100/120 loss=0.3890
G epoch=101/120 loss=0.3837
G epoch=102/120 loss=0.3801
G epoch=103/120 loss=0.3754
G epoch=104/120 loss=0.3715
G epoch=105/120 loss=0.3673
G epoch=106/120 loss=0.3628
G epoch=107/120 loss=0.3595
G epoch=108/120 loss=0.3553
G epoch=109/120 loss=0.3526
G epoch=110/120 loss=0.3488
G epoch=111/120 loss=0.3455
G epoch=112/120 loss=0.3414
G epoch=113/120 loss=0.3383
G epoch=114/120 loss=0.3358
G epoch=115/120 loss=0.3322
G epoch=116/120 loss=0.3319
G epoch=117/120 loss=0.3278
G epoch=118/120 loss=0.3252
G epoch=119/120 loss=0.3214
G epoch=120/120 loss=0.3183

[2/3] pretrain D

[3/3] adversarial
generator_reward_mode=off reward_alpha=1.000 d_steps=5 d_epochs=3
ADV epoch=1/200 g_loss=0.5342 d_loss=0.0000 reward=0.7162 reward_var=0.0006 unique=1.0000
ADV epoch=2/200 g_loss=0.5269 d_loss=0.0000 reward=0.7120 reward_var=0.0006 unique=1.0000
ADV epoch=3/200 g_loss=0.5828 d_loss=0.0000 reward=0.7107 reward_var=0.0005 unique=1.0000
ADV epoch=4/200 g_loss=0.6140 d_loss=0.0000 reward=0.7110 reward_var=0.0004 unique=1.0000
ADV epoch=5/200 g_loss=0.6338 d_loss=0.0000 reward=0.7117 reward_var=0.0004 unique=1.0000
ADV epoch=6/200 g_loss=0.6524 d_loss=0.0000 reward=0.7108 reward_var=0.0003 unique=1.0000
ADV epoch=7/200 g_loss=0.6682 d_loss=0.0000 reward=0.7122 reward_var=0.0003 unique=1.0000
ADV epoch=8/200 g_loss=0.6730 d_loss=0.0000 reward=0.7113 reward_var=0.0002 unique=1.0000
ADV epoch=9/200 g_loss=0.6663 d_loss=0.0000 reward=0.7123 reward_var=0.0002 unique=1.0000
ADV epoch=10/200 g_loss=0.6936 d_loss=0.0000 reward=0.7108 reward_var=0.0003 unique=1.0000
ADV epoch=11/200 g_loss=0.6610 d_loss=0.0000 reward=0.7103 reward_var=0.0002 unique=1.0000
ADV epoch=12/200 g_loss=0.6812 d_loss=0.0000 reward=0.7098 reward_var=0.0002 unique=1.0000
ADV epoch=13/200 g_loss=0.6811 d_loss=0.0000 reward=0.7106 reward_var=0.0003 unique=1.0000
ADV epoch=14/200 g_loss=0.6670 d_loss=0.0000 reward=0.7105 reward_var=0.0002 unique=1.0000
ADV epoch=15/200 g_loss=0.6598 d_loss=0.0000 reward=0.7133 reward_var=0.0003 unique=1.0000
ADV epoch=16/200 g_loss=0.6480 d_loss=0.0000 reward=0.7120 reward_var=0.0002 unique=1.0000
ADV epoch=17/200 g_loss=0.6574 d_loss=0.0000 reward=0.7139 reward_var=0.0003 unique=1.0000
ADV epoch=18/200 g_loss=0.6437 d_loss=0.0000 reward=0.7146 reward_var=0.0003 unique=1.0000
ADV epoch=19/200 g_loss=0.6685 d_loss=0.0000 reward=0.7164 reward_var=0.0003 unique=1.0000
ADV epoch=20/200 g_loss=0.6544 d_loss=0.0000 reward=0.7160 reward_var=0.0002 unique=1.0000
ADV epoch=21/200 g_loss=0.6923 d_loss=0.0000 reward=0.7183 reward_var=0.0003 unique=1.0000
ADV epoch=22/200 g_loss=0.6814 d_loss=0.0000 reward=0.7178 reward_var=0.0002 unique=1.0000
ADV epoch=23/200 g_loss=0.6674 d_loss=0.0000 reward=0.7192 reward_var=0.0002 unique=1.0000
ADV epoch=24/200 g_loss=0.6592 d_loss=0.0000 reward=0.7193 reward_var=0.0002 unique=1.0000
ADV epoch=25/200 g_loss=0.6509 d_loss=0.0000 reward=0.7197 reward_var=0.0003 unique=1.0000
ADV epoch=26/200 g_loss=0.6162 d_loss=0.0000 reward=0.7209 reward_var=0.0002 unique=1.0000
ADV epoch=27/200 g_loss=0.5791 d_loss=0.0000 reward=0.7185 reward_var=0.0002 unique=1.0000
ADV epoch=28/200 g_loss=0.5454 d_loss=0.0000 reward=0.7197 reward_var=0.0002 unique=1.0000
ADV epoch=29/200 g_loss=0.4913 d_loss=0.0000 reward=0.7185 reward_var=0.0002 unique=1.0000
ADV epoch=30/200 g_loss=0.4524 d_loss=0.0000 reward=0.7184 reward_var=0.0002 unique=1.0000
ADV epoch=31/200 g_loss=0.3730 d_loss=0.0000 reward=0.7196 reward_var=0.0002 unique=1.0000
ADV epoch=32/200 g_loss=0.2966 d_loss=0.0000 reward=0.7195 reward_var=0.0002 unique=1.0000
ADV epoch=33/200 g_loss=0.3212 d_loss=0.0000 reward=0.7192 reward_var=0.0002 unique=1.0000
ADV epoch=34/200 g_loss=0.3309 d_loss=0.0000 reward=0.7186 reward_var=0.0002 unique=1.0000
ADV epoch=35/200 g_loss=0.3390 d_loss=0.0000 reward=0.7167 reward_var=0.0002 unique=1.0000
ADV epoch=36/200 g_loss=0.3287 d_loss=0.0000 reward=0.7153 reward_var=0.0002 unique=1.0000
ADV epoch=37/200 g_loss=0.3130 d_loss=0.0000 reward=0.7131 reward_var=0.0002 unique=1.0000
ADV epoch=38/200 g_loss=0.3188 d_loss=0.0000 reward=0.7126 reward_var=0.0002 unique=1.0000
ADV epoch=39/200 g_loss=0.2990 d_loss=0.0000 reward=0.7134 reward_var=0.0002 unique=1.0000
ADV epoch=40/200 g_loss=0.2897 d_loss=0.0000 reward=0.7139 reward_var=0.0002 unique=1.0000
ADV epoch=41/200 g_loss=0.2941 d_loss=0.0000 reward=0.7150 reward_var=0.0002 unique=1.0000
ADV epoch=42/200 g_loss=0.2943 d_loss=0.0000 reward=0.7144 reward_var=0.0002 unique=1.0000
ADV epoch=43/200 g_loss=0.2971 d_loss=0.0000 reward=0.7160 reward_var=0.0002 unique=1.0000
ADV epoch=44/200 g_loss=0.3046 d_loss=0.0000 reward=0.7167 reward_var=0.0002 unique=1.0000
ADV epoch=45/200 g_loss=0.3176 d_loss=0.0000 reward=0.7186 reward_var=0.0002 unique=1.0000
ADV epoch=46/200 g_loss=0.3136 d_loss=0.0000 reward=0.7191 reward_var=0.0002 unique=1.0000
ADV epoch=47/200 g_loss=0.3168 d_loss=0.0000 reward=0.7217 reward_var=0.0002 unique=1.0000
ADV epoch=48/200 g_loss=0.3308 d_loss=0.0000 reward=0.7223 reward_var=0.0002 unique=1.0000
ADV epoch=49/200 g_loss=0.3385 d_loss=0.0000 reward=0.7231 reward_var=0.0002 unique=1.0000
ADV epoch=50/200 g_loss=0.3566 d_loss=0.0000 reward=0.7249 reward_var=0.0002 unique=1.0000
ADV epoch=51/200 g_loss=0.3775 d_loss=0.0000 reward=0.7262 reward_var=0.0002 unique=1.0000
ADV epoch=52/200 g_loss=0.4020 d_loss=0.0000 reward=0.7277 reward_var=0.0002 unique=1.0000
ADV epoch=53/200 g_loss=0.4295 d_loss=0.0000 reward=0.7286 reward_var=0.0002 unique=1.0000
ADV epoch=54/200 g_loss=0.4454 d_loss=0.0000 reward=0.7308 reward_var=0.0002 unique=1.0000
ADV epoch=55/200 g_loss=0.4390 d_loss=0.0000 reward=0.7296 reward_var=0.0002 unique=1.0000
ADV epoch=56/200 g_loss=0.4370 d_loss=0.0000 reward=0.7316 reward_var=0.0002 unique=1.0000
ADV epoch=57/200 g_loss=0.4459 d_loss=0.0000 reward=0.7340 reward_var=0.0002 unique=1.0000
ADV epoch=58/200 g_loss=0.4405 d_loss=0.0000 reward=0.7328 reward_var=0.0002 unique=1.0000
ADV epoch=59/200 g_loss=0.4374 d_loss=0.0000 reward=0.7348 reward_var=0.0002 unique=1.0000
ADV epoch=60/200 g_loss=0.4405 d_loss=0.0000 reward=0.7363 reward_var=0.0002 unique=1.0000
ADV epoch=61/200 g_loss=0.4484 d_loss=0.0000 reward=0.7379 reward_var=0.0002 unique=1.0000
ADV epoch=62/200 g_loss=0.4639 d_loss=0.0000 reward=0.7386 reward_var=0.0002 unique=0.9800
ADV epoch=63/200 g_loss=0.4801 d_loss=0.0000 reward=0.7410 reward_var=0.0002 unique=1.0000
ADV epoch=64/200 g_loss=0.5004 d_loss=0.0000 reward=0.7429 reward_var=0.0002 unique=1.0000
ADV epoch=65/200 g_loss=0.5302 d_loss=0.0000 reward=0.7435 reward_var=0.0002 unique=1.0000
ADV epoch=66/200 g_loss=0.5505 d_loss=0.0000 reward=0.7460 reward_var=0.0002 unique=1.0000
ADV epoch=67/200 g_loss=0.5666 d_loss=0.0000 reward=0.7469 reward_var=0.0002 unique=1.0000
ADV epoch=68/200 g_loss=0.5812 d_loss=0.0000 reward=0.7477 reward_var=0.0002 unique=1.0000
ADV epoch=69/200 g_loss=0.5914 d_loss=0.0000 reward=0.7486 reward_var=0.0002 unique=1.0000
ADV epoch=70/200 g_loss=0.5987 d_loss=0.0000 reward=0.7485 reward_var=0.0002 unique=1.0000
ADV epoch=71/200 g_loss=0.6111 d_loss=0.0000 reward=0.7494 reward_var=0.0001 unique=1.0000
ADV epoch=72/200 g_loss=0.6289 d_loss=0.0000 reward=0.7502 reward_var=0.0002 unique=1.0000
ADV epoch=73/200 g_loss=0.6473 d_loss=0.0000 reward=0.7499 reward_var=0.0002 unique=1.0000
ADV epoch=74/200 g_loss=0.6413 d_loss=0.0000 reward=0.7522 reward_var=0.0001 unique=1.0000
ADV epoch=75/200 g_loss=0.6331 d_loss=0.0000 reward=0.7510 reward_var=0.0002 unique=1.0000
ADV epoch=76/200 g_loss=0.6201 d_loss=0.0000 reward=0.7523 reward_var=0.0001 unique=1.0000
ADV epoch=77/200 g_loss=0.5917 d_loss=0.0000 reward=0.7523 reward_var=0.0001 unique=1.0000
ADV epoch=78/200 g_loss=0.5724 d_loss=0.0000 reward=0.7517 reward_var=0.0002 unique=1.0000
ADV epoch=79/200 g_loss=0.5515 d_loss=0.0000 reward=0.7526 reward_var=0.0001 unique=1.0000
ADV epoch=80/200 g_loss=0.5373 d_loss=0.0000 reward=0.7514 reward_var=0.0002 unique=1.0000
ADV epoch=81/200 g_loss=0.5262 d_loss=0.0000 reward=0.7511 reward_var=0.0001 unique=1.0000
ADV epoch=82/200 g_loss=0.5155 d_loss=0.0000 reward=0.7499 reward_var=0.0002 unique=1.0000
ADV epoch=83/200 g_loss=0.4941 d_loss=0.0000 reward=0.7506 reward_var=0.0001 unique=1.0000
ADV epoch=84/200 g_loss=0.4738 d_loss=0.0000 reward=0.7495 reward_var=0.0002 unique=1.0000
ADV epoch=85/200 g_loss=0.4386 d_loss=0.0000 reward=0.7482 reward_var=0.0001 unique=1.0000
ADV epoch=86/200 g_loss=0.4082 d_loss=0.0000 reward=0.7467 reward_var=0.0002 unique=1.0000
ADV epoch=87/200 g_loss=0.3783 d_loss=0.0000 reward=0.7455 reward_var=0.0002 unique=1.0000
ADV epoch=88/200 g_loss=0.3637 d_loss=0.0000 reward=0.7444 reward_var=0.0002 unique=1.0000
ADV epoch=89/200 g_loss=0.3568 d_loss=0.0000 reward=0.7443 reward_var=0.0002 unique=1.0000
ADV epoch=90/200 g_loss=0.3523 d_loss=0.0000 reward=0.7444 reward_var=0.0002 unique=1.0000
ADV epoch=91/200 g_loss=0.3542 d_loss=0.0000 reward=0.7436 reward_var=0.0002 unique=1.0000
ADV epoch=92/200 g_loss=0.3640 d_loss=0.0000 reward=0.7435 reward_var=0.0002 unique=1.0000
ADV epoch=93/200 g_loss=0.3792 d_loss=0.0000 reward=0.7445 reward_var=0.0002 unique=1.0000
ADV epoch=94/200 g_loss=0.4021 d_loss=0.0000 reward=0.7455 reward_var=0.0002 unique=1.0000
ADV epoch=95/200 g_loss=0.4142 d_loss=0.0000 reward=0.7465 reward_var=0.0002 unique=1.0000
ADV epoch=96/200 g_loss=0.4370 d_loss=0.0000 reward=0.7477 reward_var=0.0002 unique=1.0000
ADV epoch=97/200 g_loss=0.4620 d_loss=0.0000 reward=0.7486 reward_var=0.0002 unique=1.0000
ADV epoch=98/200 g_loss=0.4856 d_loss=0.0000 reward=0.7493 reward_var=0.0002 unique=1.0000
ADV epoch=99/200 g_loss=0.4999 d_loss=0.0000 reward=0.7505 reward_var=0.0002 unique=1.0000
ADV epoch=100/200 g_loss=0.5249 d_loss=0.0000 reward=0.7518 reward_var=0.0002 unique=1.0000
ADV epoch=101/200 g_loss=0.5387 d_loss=0.0000 reward=0.7524 reward_var=0.0002 unique=1.0000
ADV epoch=102/200 g_loss=0.5540 d_loss=0.0000 reward=0.7533 reward_var=0.0002 unique=1.0000
ADV epoch=103/200 g_loss=0.5699 d_loss=0.0000 reward=0.7539 reward_var=0.0001 unique=1.0000
ADV epoch=104/200 g_loss=0.5785 d_loss=0.0000 reward=0.7550 reward_var=0.0002 unique=1.0000
ADV epoch=105/200 g_loss=0.5729 d_loss=0.0000 reward=0.7550 reward_var=0.0002 unique=1.0000
ADV epoch=106/200 g_loss=0.5739 d_loss=0.0000 reward=0.7554 reward_var=0.0002 unique=1.0000
ADV epoch=107/200 g_loss=0.5685 d_loss=0.0000 reward=0.7569 reward_var=0.0002 unique=1.0000
ADV epoch=108/200 g_loss=0.5724 d_loss=0.0000 reward=0.7584 reward_var=0.0001 unique=1.0000
ADV epoch=109/200 g_loss=0.5756 d_loss=0.0000 reward=0.7597 reward_var=0.0001 unique=1.0000
ADV epoch=110/200 g_loss=0.5821 d_loss=0.0000 reward=0.7612 reward_var=0.0001 unique=1.0000
ADV epoch=111/200 g_loss=0.5904 d_loss=0.0000 reward=0.7637 reward_var=0.0002 unique=1.0000
ADV epoch=112/200 g_loss=0.6000 d_loss=0.0000 reward=0.7645 reward_var=0.0001 unique=1.0000
ADV epoch=113/200 g_loss=0.6222 d_loss=0.0000 reward=0.7670 reward_var=0.0001 unique=1.0000
ADV epoch=114/200 g_loss=0.6263 d_loss=0.0000 reward=0.7691 reward_var=0.0001 unique=1.0000
ADV epoch=115/200 g_loss=0.6389 d_loss=0.0000 reward=0.7694 reward_var=0.0001 unique=1.0000
ADV epoch=116/200 g_loss=0.6503 d_loss=0.0000 reward=0.7710 reward_var=0.0002 unique=1.0000
ADV epoch=117/200 g_loss=0.6572 d_loss=0.0000 reward=0.7727 reward_var=0.0002 unique=1.0000
ADV epoch=118/200 g_loss=0.6627 d_loss=0.0000 reward=0.7733 reward_var=0.0002 unique=1.0000
ADV epoch=119/200 g_loss=0.6644 d_loss=0.0000 reward=0.7737 reward_var=0.0002 unique=1.0000
ADV epoch=120/200 g_loss=0.6697 d_loss=0.0000 reward=0.7746 reward_var=0.0001 unique=1.0000
ADV epoch=121/200 g_loss=0.6708 d_loss=0.0000 reward=0.7735 reward_var=0.0002 unique=1.0000
ADV epoch=122/200 g_loss=0.6625 d_loss=0.0000 reward=0.7740 reward_var=0.0001 unique=1.0000
ADV epoch=123/200 g_loss=0.6523 d_loss=0.0000 reward=0.7731 reward_var=0.0002 unique=1.0000
ADV epoch=124/200 g_loss=0.6399 d_loss=0.0000 reward=0.7730 reward_var=0.0001 unique=1.0000
ADV epoch=125/200 g_loss=0.6220 d_loss=0.0000 reward=0.7728 reward_var=0.0002 unique=1.0000
ADV epoch=126/200 g_loss=0.6062 d_loss=0.0000 reward=0.7701 reward_var=0.0002 unique=1.0000
ADV epoch=127/200 g_loss=0.6023 d_loss=0.0000 reward=0.7711 reward_var=0.0001 unique=1.0000
ADV epoch=128/200 g_loss=0.5932 d_loss=0.0000 reward=0.7693 reward_var=0.0002 unique=1.0000
ADV epoch=129/200 g_loss=0.5901 d_loss=0.0000 reward=0.7692 reward_var=0.0001 unique=1.0000
ADV epoch=130/200 g_loss=0.5926 d_loss=0.0000 reward=0.7699 reward_var=0.0001 unique=1.0000
ADV epoch=131/200 g_loss=0.5910 d_loss=0.0000 reward=0.7683 reward_var=0.0001 unique=1.0000
ADV epoch=132/200 g_loss=0.5861 d_loss=0.0000 reward=0.7676 reward_var=0.0001 unique=1.0000
ADV epoch=133/200 g_loss=0.5835 d_loss=0.0000 reward=0.7681 reward_var=0.0001 unique=1.0000
ADV epoch=134/200 g_loss=0.5815 d_loss=0.0000 reward=0.7671 reward_var=0.0001 unique=1.0000
ADV epoch=135/200 g_loss=0.5706 d_loss=0.0000 reward=0.7663 reward_var=0.0001 unique=1.0000
ADV epoch=136/200 g_loss=0.5703 d_loss=0.0000 reward=0.7668 reward_var=0.0001 unique=1.0000
ADV epoch=137/200 g_loss=0.5700 d_loss=0.0000 reward=0.7661 reward_var=0.0001 unique=1.0000
ADV epoch=138/200 g_loss=0.5603 d_loss=0.0000 reward=0.7653 reward_var=0.0001 unique=1.0000
ADV epoch=139/200 g_loss=0.5549 d_loss=0.0000 reward=0.7648 reward_var=0.0001 unique=1.0000
ADV epoch=140/200 g_loss=0.5449 d_loss=0.0000 reward=0.7649 reward_var=0.0001 unique=1.0000
ADV epoch=141/200 g_loss=0.5457 d_loss=0.0000 reward=0.7640 reward_var=0.0001 unique=1.0000
ADV epoch=142/200 g_loss=0.5486 d_loss=0.0000 reward=0.7656 reward_var=0.0001 unique=1.0000
ADV epoch=143/200 g_loss=0.5398 d_loss=0.0000 reward=0.7646 reward_var=0.0002 unique=1.0000
ADV epoch=144/200 g_loss=0.5356 d_loss=0.0000 reward=0.7644 reward_var=0.0002 unique=1.0000
ADV epoch=145/200 g_loss=0.5369 d_loss=0.0000 reward=0.7641 reward_var=0.0002 unique=1.0000
ADV epoch=146/200 g_loss=0.5351 d_loss=0.0000 reward=0.7638 reward_var=0.0001 unique=1.0000
ADV epoch=147/200 g_loss=0.5280 d_loss=0.0000 reward=0.7634 reward_var=0.0001 unique=1.0000
ADV epoch=148/200 g_loss=0.5208 d_loss=0.0000 reward=0.7633 reward_var=0.0002 unique=1.0000
ADV epoch=149/200 g_loss=0.5137 d_loss=0.0000 reward=0.7631 reward_var=0.0001 unique=1.0000
ADV epoch=150/200 g_loss=0.5029 d_loss=0.0000 reward=0.7617 reward_var=0.0002 unique=1.0000
ADV epoch=151/200 g_loss=0.5044 d_loss=0.0000 reward=0.7603 reward_var=0.0002 unique=1.0000
ADV epoch=152/200 g_loss=0.4955 d_loss=0.0000 reward=0.7600 reward_var=0.0002 unique=1.0000
ADV epoch=153/200 g_loss=0.4926 d_loss=0.0000 reward=0.7599 reward_var=0.0002 unique=1.0000
ADV epoch=154/200 g_loss=0.4982 d_loss=0.0000 reward=0.7597 reward_var=0.0002 unique=1.0000
ADV epoch=155/200 g_loss=0.4991 d_loss=0.0000 reward=0.7585 reward_var=0.0002 unique=1.0000
ADV epoch=156/200 g_loss=0.4888 d_loss=0.0000 reward=0.7601 reward_var=0.0002 unique=1.0000
ADV epoch=157/200 g_loss=0.4848 d_loss=0.0000 reward=0.7581 reward_var=0.0002 unique=1.0000
ADV epoch=158/200 g_loss=0.4568 d_loss=0.0000 reward=0.7577 reward_var=0.0002 unique=1.0000
ADV epoch=159/200 g_loss=0.4416 d_loss=0.0000 reward=0.7568 reward_var=0.0002 unique=1.0000
ADV epoch=160/200 g_loss=0.4182 d_loss=0.0000 reward=0.7572 reward_var=0.0002 unique=1.0000
ADV epoch=161/200 g_loss=0.3943 d_loss=0.0000 reward=0.7558 reward_var=0.0002 unique=1.0000
ADV epoch=162/200 g_loss=0.3802 d_loss=0.0000 reward=0.7539 reward_var=0.0002 unique=1.0000
ADV epoch=163/200 g_loss=0.3766 d_loss=0.0000 reward=0.7537 reward_var=0.0002 unique=1.0000
ADV epoch=164/200 g_loss=0.3677 d_loss=0.0000 reward=0.7514 reward_var=0.0002 unique=1.0000


===== NEW SESSION 2026-07-18T05:47:55.277112 =====

[1/3] pretrain G
G epoch=1/120 loss=5.0134
G epoch=2/120 loss=4.8916
G epoch=3/120 loss=4.7563
G epoch=4/120 loss=4.5918
G epoch=5/120 loss=4.3925
G epoch=6/120 loss=4.1635
G epoch=7/120 loss=3.9283
G epoch=8/120 loss=3.7251
G epoch=9/120 loss=3.5644
G epoch=10/120 loss=3.4264
G epoch=11/120 loss=3.2934
G epoch=12/120 loss=3.1627
G epoch=13/120 loss=3.0462
G epoch=14/120 loss=2.9459
G epoch=15/120 loss=2.8559
G epoch=16/120 loss=2.7723
G epoch=17/120 loss=2.6915
G epoch=18/120 loss=2.6119
G epoch=19/120 loss=2.5312
G epoch=20/120 loss=2.4514
G epoch=21/120 loss=2.3753
G epoch=22/120 loss=2.3024
G epoch=23/120 loss=2.2309
G epoch=24/120 loss=2.1618
G epoch=25/120 loss=2.0947
G epoch=26/120 loss=2.0268
G epoch=27/120 loss=1.9624
G epoch=28/120 loss=1.9033
G epoch=29/120 loss=1.8451
G epoch=30/120 loss=1.7873
G epoch=31/120 loss=1.7320
G epoch=32/120 loss=1.6801
G epoch=33/120 loss=1.6292
G epoch=34/120 loss=1.5794
G epoch=35/120 loss=1.5325
G epoch=36/120 loss=1.4871
G epoch=37/120 loss=1.4428
G epoch=38/120 loss=1.4015
G epoch=39/120 loss=1.3621
G epoch=40/120 loss=1.3226
G epoch=41/120 loss=1.2844
G epoch=42/120 loss=1.2488
G epoch=43/120 loss=1.2148
G epoch=44/120 loss=1.1815
G epoch=45/120 loss=1.1495
G epoch=46/120 loss=1.1189
G epoch=47/120 loss=1.0884
G epoch=48/120 loss=1.0604
G epoch=49/120 loss=1.0328
G epoch=50/120 loss=1.0071
G epoch=51/120 loss=0.9806
G epoch=52/120 loss=0.9563
G epoch=53/120 loss=0.9317
G epoch=54/120 loss=0.9099
G epoch=55/120 loss=0.8874
G epoch=56/120 loss=0.8664
G epoch=57/120 loss=0.8457
G epoch=58/120 loss=0.8263
G epoch=59/120 loss=0.8074
G epoch=60/120 loss=0.7891
G epoch=61/120 loss=0.7716
G epoch=62/120 loss=0.7545
G epoch=63/120 loss=0.7377
G epoch=64/120 loss=0.7220
G epoch=65/120 loss=0.7064
G epoch=66/120 loss=0.6910
G epoch=67/120 loss=0.6769
G epoch=68/120 loss=0.6628
G epoch=69/120 loss=0.6487
G epoch=70/120 loss=0.6359
G epoch=71/120 loss=0.6231
G epoch=72/120 loss=0.6110
G epoch=73/120 loss=0.5994
G epoch=74/120 loss=0.5869
G epoch=75/120 loss=0.5761
G epoch=76/120 loss=0.5643
G epoch=77/120 loss=0.5542
G epoch=78/120 loss=0.5427
G epoch=79/120 loss=0.5337
G epoch=80/120 loss=0.5240
G epoch=81/120 loss=0.5135
G epoch=82/120 loss=0.5059
G epoch=83/120 loss=0.4961
G epoch=84/120 loss=0.4878
G epoch=85/120 loss=0.4787
G epoch=86/120 loss=0.4708
G epoch=87/120 loss=0.4674
G epoch=88/120 loss=0.4577
G epoch=89/120 loss=0.4525
G epoch=90/120 loss=0.4433
G epoch=91/120 loss=0.4374
G epoch=92/120 loss=0.4288
G epoch=93/120 loss=0.4242
G epoch=94/120 loss=0.4186
G epoch=95/120 loss=0.4117
G epoch=96/120 loss=0.4068
G epoch=97/120 loss=0.4019
G epoch=98/120 loss=0.3955
G epoch=99/120 loss=0.3906
G epoch=100/120 loss=0.3872
G epoch=101/120 loss=0.3835
G epoch=102/120 loss=0.3769
G epoch=103/120 loss=0.3760
G epoch=104/120 loss=0.3690
G epoch=105/120 loss=0.3659
G epoch=106/120 loss=0.3606
G epoch=107/120 loss=0.3581
G epoch=108/120 loss=0.3535
G epoch=109/120 loss=0.3502
G epoch=110/120 loss=0.3468
G epoch=111/120 loss=0.3429
G epoch=112/120 loss=0.3397
G epoch=113/120 loss=0.3360
G epoch=114/120 loss=0.3328
G epoch=115/120 loss=0.3298
G epoch=116/120 loss=0.3272
G epoch=117/120 loss=0.3262
G epoch=118/120 loss=0.3282
G epoch=119/120 loss=0.3225
G epoch=120/120 loss=0.3194

[2/3] pretrain D

[3/3] adversarial
generator_reward_mode=off reward_alpha=1.000 d_steps=5 d_epochs=3
Traceback (most recent call last):
  File "<frozen runpy>", line 198, in _run_module_as_main
  File "<frozen runpy>", line 88, in _run_code
  File "/content/GAN_for_SQLi_rerun_13/models/seqgan_improved/runtime/train.py", line 452, in <module>
    main()
  File "/content/GAN_for_SQLi_rerun_13/models/seqgan_improved/runtime/train.py", line 448, in main
    run_training(build_parser().parse_args())
  File "/content/GAN_for_SQLi_rerun_13/models/seqgan_improved/runtime/train.py", line 266, in run_training
    adversarial_stats = adv_train(
                        ^^^^^^^^^^
  File "/content/GAN_for_SQLi_rerun_13/models/seqgan_improved/runtime/adversarial.py", line 224, in adv_train
    discriminator_reward = rollout.get_reward(sequences.detach(), mask=mask.detach())
                           ^^^^^^^^^^^^^^^^^^^^^^^^^^^^^^^^^^^^^^^^^^^^^^^^^^^^^^^^^^
  File "/usr/local/lib/python3.12/dist-packages/torch/utils/_contextlib.py", line 124, in decorate_context
    return func(*args, **kwargs)
           ^^^^^^^^^^^^^^^^^^^^^
  File "/content/GAN_for_SQLi_rerun_13/models/seqgan_improved/runtime/rollout.py", line 87, in get_reward
    scores = self.discriminator.prob_real(completed).view(B, rollout_num)
             ^^^^^^^^^^^^^^^^^^^^^^^^^^^^^^^^^^^^^^^
  File "/content/GAN_for_SQLi_rerun_13/models/seqgan_improved/runtime/discriminator.py", line 128, in prob_real
    return F.softmax(self.forward(input_ids), dim=1)[:, 1]
                     ^^^^^^^^^^^^^^^^^^^^^^^
  File "/content/GAN_for_SQLi_rerun_13/models/seqgan_improved/runtime/discriminator.py", line 121, in forward
    h = h.masked_fill(fill_mask.unsqueeze(1), torch.finfo(h.dtype).min)
                      ^^^^^^^^^^^^^^^^^^^^^^
KeyboardInterrupt


===== NEW SESSION 2026-07-18T05:51:50.517492 =====

[1/3] pretrain G
G epoch=1/120 loss=5.0134
G epoch=2/120 loss=4.8916
G epoch=3/120 loss=4.7563
G epoch=4/120 loss=4.5918
G epoch=5/120 loss=4.3925
G epoch=6/120 loss=4.1635
G epoch=7/120 loss=3.9283
G epoch=8/120 loss=3.7251
G epoch=9/120 loss=3.5644
G epoch=10/120 loss=3.4264
G epoch=11/120 loss=3.2934
G epoch=12/120 loss=3.1627
G epoch=13/120 loss=3.0462
G epoch=14/120 loss=2.9459
G epoch=15/120 loss=2.8559
G epoch=16/120 loss=2.7723
G epoch=17/120 loss=2.6915
G epoch=18/120 loss=2.6119
G epoch=19/120 loss=2.5312
G epoch=20/120 loss=2.4514
G epoch=21/120 loss=2.3753
G epoch=22/120 loss=2.3024
G epoch=23/120 loss=2.2309
G epoch=24/120 loss=2.1618
G epoch=25/120 loss=2.0947
G epoch=26/120 loss=2.0268
G epoch=27/120 loss=1.9624
G epoch=28/120 loss=1.9033
G epoch=29/120 loss=1.8451
G epoch=30/120 loss=1.7873
G epoch=31/120 loss=1.7320
G epoch=32/120 loss=1.6801
G epoch=33/120 loss=1.6292
G epoch=34/120 loss=1.5794
G epoch=35/120 loss=1.5325
G epoch=36/120 loss=1.4871
G epoch=37/120 loss=1.4428
G epoch=38/120 loss=1.4015
G epoch=39/120 loss=1.3621
G epoch=40/120 loss=1.3226
G epoch=41/120 loss=1.2844
G epoch=42/120 loss=1.2488
G epoch=43/120 loss=1.2148
G epoch=44/120 loss=1.1815
G epoch=45/120 loss=1.1495
G epoch=46/120 loss=1.1189
G epoch=47/120 loss=1.0884
G epoch=48/120 loss=1.0604
G epoch=49/120 loss=1.0328
G epoch=50/120 loss=1.0071
G epoch=51/120 loss=0.9805
G epoch=52/120 loss=0.9563
G epoch=53/120 loss=0.9317
G epoch=54/120 loss=0.9099
G epoch=55/120 loss=0.8874
G epoch=56/120 loss=0.8664
G epoch=57/120 loss=0.8455
G epoch=58/120 loss=0.8262
G epoch=59/120 loss=0.8070
G epoch=60/120 loss=0.7889
G epoch=61/120 loss=0.7709
G epoch=62/120 loss=0.7542
G epoch=63/120 loss=0.7379
G epoch=64/120 loss=0.7218
G epoch=65/120 loss=0.7062
G epoch=66/120 loss=0.6909
G epoch=67/120 loss=0.6764
G epoch=68/120 loss=0.6622
G epoch=69/120 loss=0.6490
G epoch=70/120 loss=0.6354
G epoch=71/120 loss=0.6225
G epoch=72/120 loss=0.6110
G epoch=73/120 loss=0.5982
G epoch=74/120 loss=0.5864
G epoch=75/120 loss=0.5750
G epoch=76/120 loss=0.5641
G epoch=77/120 loss=0.5537
G epoch=78/120 loss=0.5427
G epoch=79/120 loss=0.5325
G epoch=80/120 loss=0.5227
G epoch=81/120 loss=0.5130
G epoch=82/120 loss=0.5041
G epoch=83/120 loss=0.4953
G epoch=84/120 loss=0.4864
G epoch=85/120 loss=0.4776
G epoch=86/120 loss=0.4709
G epoch=87/120 loss=0.4662
G epoch=88/120 loss=0.4579
G epoch=89/120 loss=0.4488
G epoch=90/120 loss=0.4482
G epoch=91/120 loss=0.4366
G epoch=92/120 loss=0.4324
G epoch=93/120 loss=0.4262
G epoch=94/120 loss=0.4191
G epoch=95/120 loss=0.4142
G epoch=96/120 loss=0.4096
G epoch=97/120 loss=0.4040
G epoch=98/120 loss=0.3982
G epoch=99/120 loss=0.3943
G epoch=100/120 loss=0.3890
G epoch=101/120 loss=0.3837
G epoch=102/120 loss=0.3801
G epoch=103/120 loss=0.3754
G epoch=104/120 loss=0.3715
G epoch=105/120 loss=0.3673
G epoch=106/120 loss=0.3628
G epoch=107/120 loss=0.3595
G epoch=108/120 loss=0.3553
G epoch=109/120 loss=0.3526
G epoch=110/120 loss=0.3488
G epoch=111/120 loss=0.3455
G epoch=112/120 loss=0.3414
G epoch=113/120 loss=0.3383
G epoch=114/120 loss=0.3358
G epoch=115/120 loss=0.3322
G epoch=116/120 loss=0.3319
G epoch=117/120 loss=0.3278
G epoch=118/120 loss=0.3252
G epoch=119/120 loss=0.3214
G epoch=120/120 loss=0.3183

[2/3] pretrain D

[3/3] adversarial
generator_reward_mode=off reward_alpha=1.000 d_steps=5 d_epochs=3
ADV epoch=1/200 g_loss=0.5342 d_loss=0.0000 reward=0.7162 reward_var=0.0006 unique=1.0000
ADV epoch=2/200 g_loss=0.5269 d_loss=0.0000 reward=0.7120 reward_var=0.0006 unique=1.0000
ADV epoch=3/200 g_loss=0.5828 d_loss=0.0000 reward=0.7107 reward_var=0.0005 unique=1.0000
ADV epoch=4/200 g_loss=0.6140 d_loss=0.0000 reward=0.7110 reward_var=0.0004 unique=1.0000
ADV epoch=5/200 g_loss=0.6338 d_loss=0.0000 reward=0.7117 reward_var=0.0004 unique=1.0000
ADV epoch=6/200 g_loss=0.6524 d_loss=0.0000 reward=0.7108 reward_var=0.0003 unique=1.0000
ADV epoch=7/200 g_loss=0.6682 d_loss=0.0000 reward=0.7122 reward_var=0.0003 unique=1.0000
ADV epoch=8/200 g_loss=0.6730 d_loss=0.0000 reward=0.7113 reward_var=0.0002 unique=1.0000
ADV epoch=9/200 g_loss=0.6663 d_loss=0.0000 reward=0.7123 reward_var=0.0002 unique=1.0000
ADV epoch=10/200 g_loss=0.6936 d_loss=0.0000 reward=0.7108 reward_var=0.0003 unique=1.0000
ADV epoch=11/200 g_loss=0.6610 d_loss=0.0000 reward=0.7103 reward_var=0.0002 unique=1.0000
ADV epoch=12/200 g_loss=0.6812 d_loss=0.0000 reward=0.7098 reward_var=0.0002 unique=1.0000
Traceback (most recent call last):
  File "<frozen runpy>", line 198, in _run_module_as_main
  File "<frozen runpy>", line 88, in _run_code
  File "/content/GAN_for_SQLi_rerun_13/models/seqgan_improved/runtime/train.py", line 452, in <module>
    main()
  File "/content/GAN_for_SQLi_rerun_13/models/seqgan_improved/runtime/train.py", line 448, in main
    run_training(build_parser().parse_args())
  File "/content/GAN_for_SQLi_rerun_13/models/seqgan_improved/runtime/train.py", line 266, in run_training
    adversarial_stats = adv_train(
                        ^^^^^^^^^^
  File "/content/GAN_for_SQLi_rerun_13/models/seqgan_improved/runtime/adversarial.py", line 224, in adv_train
    discriminator_reward = rollout.get_reward(sequences.detach(), mask=mask.detach())
                           ^^^^^^^^^^^^^^^^^^^^^^^^^^^^^^^^^^^^^^^^^^^^^^^^^^^^^^^^^^
  File "/usr/local/lib/python3.12/dist-packages/torch/utils/_contextlib.py", line 124, in decorate_context
    return func(*args, **kwargs)
           ^^^^^^^^^^^^^^^^^^^^^
  File "/content/GAN_for_SQLi_rerun_13/models/seqgan_improved/runtime/rollout.py", line 79, in get_reward
    tails = self.beta.continue_batched(
            ^^^^^^^^^^^^^^^^^^^^^^^^^^^
  File "/usr/local/lib/python3.12/dist-packages/torch/utils/_contextlib.py", line 124, in decorate_context
    return func(*args, **kwargs)
           ^^^^^^^^^^^^^^^^^^^^^
  File "/content/GAN_for_SQLi_rerun_13/models/seqgan_improved/runtime/generator.py", line 174, in continue_batched
    logits, hidden = self.step(token, hidden)
                     ^^^^^^^^^^^^^^^^^^^^^^^^
  File "/content/GAN_for_SQLi_rerun_13/models/seqgan_improved/runtime/generator.py", line 48, in step
    out, hidden = self.lstm(emb, hidden)
                  ^^^^^^^^^^^^^^^^^^^^^^
  File "/usr/local/lib/python3.12/dist-packages/torch/nn/modules/module.py", line 1779, in _wrapped_call_impl
    return self._call_impl(*args, **kwargs)
           ^^^^^^^^^^^^^^^^^^^^^^^^^^^^^^^^
  File "/usr/local/lib/python3.12/dist-packages/torch/nn/modules/module.py", line 1790, in _call_impl
    return forward_call(*args, **kwargs)
           ^^^^^^^^^^^^^^^^^^^^^^^^^^^^^
  File "/usr/local/lib/python3.12/dist-packages/torch/nn/modules/rnn.py", line 1169, in forward


===== NEW SESSION 2026-07-18T08:55:18.033326 =====

[3/3] adversarial
generator_reward_mode=off reward_alpha=1.000 d_steps=5 d_epochs=3
Resumed adversarial checkpoint /content/drive/MyDrive/GAN/GAN_for_SQLi/result/phase2b_batch6x/_checkpoints_rerun_13/union_D_R500_V2_B6X/latest_adversarial.pt at epoch 11
Traceback (most recent call last):
  File "<frozen runpy>", line 198, in _run_module_as_main
  File "<frozen runpy>", line 88, in _run_code
  File "/content/GAN_for_SQLi_rerun_13/models/seqgan_improved/runtime/train.py", line 452, in <module>
    main()
  File "/content/GAN_for_SQLi_rerun_13/models/seqgan_improved/runtime/train.py", line 448, in main
    run_training(build_parser().parse_args())
  File "/content/GAN_for_SQLi_rerun_13/models/seqgan_improved/runtime/train.py", line 266, in run_training
    adversarial_stats = adv_train(
                        ^^^^^^^^^^
  File "/content/GAN_for_SQLi_rerun_13/models/seqgan_improved/runtime/adversarial.py", line 224, in adv_train
    discriminator_reward = rollout.get_reward(sequences.detach(), mask=mask.detach())
                           ^^^^^^^^^^^^^^^^^^^^^^^^^^^^^^^^^^^^^^^^^^^^^^^^^^^^^^^^^^
  File "/usr/local/lib/python3.12/dist-packages/torch/utils/_contextlib.py", line 124, in decorate_context
    return func(*args, **kwargs)
           ^^^^^^^^^^^^^^^^^^^^^
  File "/content/GAN_for_SQLi_rerun_13/models/seqgan_improved/runtime/rollout.py", line 87, in get_reward
    scores = self.discriminator.prob_real(completed).view(B, rollout_num)
             ^^^^^^^^^^^^^^^^^^^^^^^^^^^^^^^^^^^^^^^
  File "/content/GAN_for_SQLi_rerun_13/models/seqgan_improved/runtime/discriminator.py", line 128, in prob_real
    return F.softmax(self.forward(input_ids), dim=1)[:, 1]
                     ^^^^^^^^^^^^^^^^^^^^^^^
  File "/content/GAN_for_SQLi_rerun_13/models/seqgan_improved/runtime/discriminator.py", line 121, in forward
    h = h.masked_fill(fill_mask.unsqueeze(1), torch.finfo(h.dtype).min)
                      ^^^^^^^^^^^^^^^^^^^^^^
KeyboardInterrupt


===== NEW SESSION 2026-07-18T08:57:49.412079 =====

[3/3] adversarial
generator_reward_mode=off reward_alpha=1.000 d_steps=5 d_epochs=3
Resumed adversarial checkpoint /content/drive/MyDrive/GAN/GAN_for_SQLi/result/phase2b_batch6x/_checkpoints_rerun_13/union_D_R500_V2_B6X/latest_adversarial.pt at epoch 11
ADV epoch=11/200 g_loss=0.6868 d_loss=0.0000 reward=0.7101 reward_var=0.0002 unique=1.0000
ADV epoch=12/200 g_loss=0.6827 d_loss=0.0000 reward=0.7090 reward_var=0.0002 unique=1.0000
ADV epoch=13/200 g_loss=0.7039 d_loss=0.0000 reward=0.7095 reward_var=0.0003 unique=1.0000
ADV epoch=14/200 g_loss=0.7449 d_loss=0.0000 reward=0.7114 reward_var=0.0002 unique=1.0000
ADV epoch=15/200 g_loss=0.7143 d_loss=0.0000 reward=0.7105 reward_var=0.0002 unique=1.0000
ADV epoch=16/200 g_loss=0.7206 d_loss=0.0000 reward=0.7097 reward_var=0.0003 unique=1.0000
ADV epoch=17/200 g_loss=0.6876 d_loss=0.0000 reward=0.7069 reward_var=0.0002 unique=1.0000
ADV epoch=18/200 g_loss=0.7055 d_loss=0.0000 reward=0.7058 reward_var=0.0002 unique=1.0000
ADV epoch=19/200 g_loss=0.6926 d_loss=0.0000 reward=0.7035 reward_var=0.0003 unique=1.0000
ADV epoch=20/200 g_loss=0.7039 d_loss=0.0000 reward=0.7022 reward_var=0.0003 unique=1.0000
ADV epoch=21/200 g_loss=0.6855 d_loss=0.0000 reward=0.7000 reward_var=0.0003 unique=1.0000
ADV epoch=22/200 g_loss=0.6576 d_loss=0.0000 reward=0.6985 reward_var=0.0003 unique=1.0000
ADV epoch=23/200 g_loss=0.6663 d_loss=0.0000 reward=0.6941 reward_var=0.0004 unique=1.0000
ADV epoch=24/200 g_loss=0.6432 d_loss=0.0000 reward=0.6932 reward_var=0.0004 unique=1.0000
ADV epoch=25/200 g_loss=0.6633 d_loss=0.0000 reward=0.6911 reward_var=0.0003 unique=0.9800
ADV epoch=26/200 g_loss=0.6492 d_loss=0.0000 reward=0.6920 reward_var=0.0004 unique=1.0000
ADV epoch=27/200 g_loss=0.6882 d_loss=0.0000 reward=0.6919 reward_var=0.0003 unique=1.0000
ADV epoch=28/200 g_loss=0.7108 d_loss=0.0000 reward=0.6912 reward_var=0.0003 unique=1.0000
ADV epoch=29/200 g_loss=0.6846 d_loss=0.0000 reward=0.6915 reward_var=0.0003 unique=1.0000
ADV epoch=30/200 g_loss=0.6819 d_loss=0.0000 reward=0.6925 reward_var=0.0003 unique=1.0000
ADV epoch=31/200 g_loss=0.6673 d_loss=0.0000 reward=0.6940 reward_var=0.0003 unique=1.0000
ADV epoch=32/200 g_loss=0.6611 d_loss=0.0000 reward=0.6952 reward_var=0.0003 unique=1.0000
ADV epoch=33/200 g_loss=0.6914 d_loss=0.0000 reward=0.6957 reward_var=0.0003 unique=1.0000
ADV epoch=34/200 g_loss=0.6728 d_loss=0.0000 reward=0.6961 reward_var=0.0003 unique=1.0000
ADV epoch=35/200 g_loss=0.6703 d_loss=0.0000 reward=0.6976 reward_var=0.0002 unique=1.0000
ADV epoch=36/200 g_loss=0.7048 d_loss=0.0000 reward=0.6974 reward_var=0.0002 unique=1.0000
ADV epoch=37/200 g_loss=0.7020 d_loss=0.0000 reward=0.6984 reward_var=0.0002 unique=1.0000
ADV epoch=38/200 g_loss=0.6946 d_loss=0.0000 reward=0.6976 reward_var=0.0002 unique=1.0000
ADV epoch=39/200 g_loss=0.7226 d_loss=0.0000 reward=0.6971 reward_var=0.0002 unique=1.0000
ADV epoch=40/200 g_loss=0.7177 d_loss=0.0000 reward=0.6983 reward_var=0.0002 unique=1.0000
ADV epoch=41/200 g_loss=0.7179 d_loss=0.0000 reward=0.6987 reward_var=0.0002 unique=1.0000
ADV epoch=42/200 g_loss=0.7159 d_loss=0.0000 reward=0.6976 reward_var=0.0002 unique=1.0000
ADV epoch=43/200 g_loss=0.7286 d_loss=0.0000 reward=0.6985 reward_var=0.0003 unique=1.0000
ADV epoch=44/200 g_loss=0.7416 d_loss=0.0000 reward=0.6967 reward_var=0.0003 unique=1.0000
ADV epoch=45/200 g_loss=0.7237 d_loss=0.0000 reward=0.6951 reward_var=0.0003 unique=1.0000
ADV epoch=46/200 g_loss=0.7454 d_loss=0.0000 reward=0.6923 reward_var=0.0003 unique=1.0000
ADV epoch=47/200 g_loss=0.6947 d_loss=0.0000 reward=0.6888 reward_var=0.0004 unique=1.0000
ADV epoch=48/200 g_loss=0.6959 d_loss=0.0000 reward=0.6866 reward_var=0.0004 unique=1.0000
ADV epoch=49/200 g_loss=0.7121 d_loss=0.0000 reward=0.6875 reward_var=0.0004 unique=1.0000
ADV epoch=50/200 g_loss=0.6873 d_loss=0.0000 reward=0.6847 reward_var=0.0004 unique=1.0000
ADV epoch=51/200 g_loss=0.6943 d_loss=0.0000 reward=0.6844 reward_var=0.0004 unique=1.0000
ADV epoch=52/200 g_loss=0.6828 d_loss=0.0000 reward=0.6832 reward_var=0.0003 unique=1.0000
ADV epoch=53/200 g_loss=0.6881 d_loss=0.0000 reward=0.6830 reward_var=0.0004 unique=1.0000
ADV epoch=54/200 g_loss=0.6714 d_loss=0.0000 reward=0.6844 reward_var=0.0003 unique=1.0000
ADV epoch=55/200 g_loss=0.6780 d_loss=0.0000 reward=0.6863 reward_var=0.0003 unique=1.0000
ADV epoch=56/200 g_loss=0.6646 d_loss=0.0000 reward=0.6887 reward_var=0.0003 unique=1.0000
ADV epoch=57/200 g_loss=0.6613 d_loss=0.0000 reward=0.6898 reward_var=0.0003 unique=1.0000
ADV epoch=58/200 g_loss=0.6610 d_loss=0.0000 reward=0.6917 reward_var=0.0003 unique=1.0000
ADV epoch=59/200 g_loss=0.6211 d_loss=0.0000 reward=0.6921 reward_var=0.0003 unique=1.0000
ADV epoch=60/200 g_loss=0.6482 d_loss=0.0000 reward=0.6919 reward_var=0.0003 unique=1.0000
ADV epoch=61/200 g_loss=0.6192 d_loss=0.0000 reward=0.6923 reward_var=0.0003 unique=1.0000
ADV epoch=62/200 g_loss=0.6335 d_loss=0.0000 reward=0.6935 reward_var=0.0002 unique=1.0000
ADV epoch=63/200 g_loss=0.6135 d_loss=0.0000 reward=0.6949 reward_var=0.0003 unique=1.0000
ADV epoch=64/200 g_loss=0.6122 d_loss=0.0000 reward=0.6963 reward_var=0.0003 unique=1.0000
ADV epoch=65/200 g_loss=0.5780 d_loss=0.0000 reward=0.6961 reward_var=0.0003 unique=0.9800
ADV epoch=66/200 g_loss=0.6119 d_loss=0.0000 reward=0.6982 reward_var=0.0002 unique=0.9800
ADV epoch=67/200 g_loss=0.5951 d_loss=0.0000 reward=0.7005 reward_var=0.0003 unique=1.0000
ADV epoch=68/200 g_loss=0.6107 d_loss=0.0000 reward=0.7025 reward_var=0.0003 unique=0.9800
ADV epoch=69/200 g_loss=0.5955 d_loss=0.0000 reward=0.7038 reward_var=0.0002 unique=1.0000
ADV epoch=70/200 g_loss=0.6029 d_loss=0.0000 reward=0.7047 reward_var=0.0002 unique=1.0000
ADV epoch=71/200 g_loss=0.6079 d_loss=0.0000 reward=0.7061 reward_var=0.0003 unique=0.9800
ADV epoch=72/200 g_loss=0.6109 d_loss=0.0000 reward=0.7065 reward_var=0.0002 unique=1.0000
ADV epoch=73/200 g_loss=0.6203 d_loss=0.0000 reward=0.7078 reward_var=0.0002 unique=1.0000
ADV epoch=74/200 g_loss=0.6190 d_loss=0.0000 reward=0.7086 reward_var=0.0002 unique=1.0000
ADV epoch=75/200 g_loss=0.6021 d_loss=0.0000 reward=0.7083 reward_var=0.0002 unique=0.9800
ADV epoch=76/200 g_loss=0.6257 d_loss=0.0000 reward=0.7074 reward_var=0.0002 unique=1.0000
ADV epoch=77/200 g_loss=0.6198 d_loss=0.0000 reward=0.7070 reward_var=0.0002 unique=1.0000
ADV epoch=78/200 g_loss=0.6262 d_loss=0.0000 reward=0.7080 reward_var=0.0002 unique=1.0000
ADV epoch=79/200 g_loss=0.6150 d_loss=0.0000 reward=0.7077 reward_var=0.0002 unique=1.0000
ADV epoch=80/200 g_loss=0.5873 d_loss=0.0000 reward=0.7078 reward_var=0.0002 unique=1.0000
ADV epoch=81/200 g_loss=0.6390 d_loss=0.0000 reward=0.7068 reward_var=0.0002 unique=1.0000
ADV epoch=82/200 g_loss=0.6028 d_loss=0.0000 reward=0.7084 reward_var=0.0002 unique=1.0000
ADV epoch=83/200 g_loss=0.6009 d_loss=0.0000 reward=0.7080 reward_var=0.0002 unique=1.0000
ADV epoch=84/200 g_loss=0.5739 d_loss=0.0000 reward=0.7084 reward_var=0.0002 unique=1.0000
ADV epoch=85/200 g_loss=0.5762 d_loss=0.0000 reward=0.7099 reward_var=0.0002 unique=1.0000
ADV epoch=86/200 g_loss=0.5660 d_loss=0.0000 reward=0.7110 reward_var=0.0002 unique=1.0000
ADV epoch=87/200 g_loss=0.5618 d_loss=0.0000 reward=0.7112 reward_var=0.0002 unique=0.9800
ADV epoch=88/200 g_loss=0.5567 d_loss=0.0000 reward=0.7120 reward_var=0.0002 unique=0.9600
ADV epoch=89/200 g_loss=0.5368 d_loss=0.0000 reward=0.7116 reward_var=0.0002 unique=1.0000
ADV epoch=90/200 g_loss=0.5383 d_loss=0.0000 reward=0.7129 reward_var=0.0002 unique=1.0000
ADV epoch=91/200 g_loss=0.5303 d_loss=0.0000 reward=0.7140 reward_var=0.0002 unique=0.9800
ADV epoch=92/200 g_loss=0.5162 d_loss=0.0000 reward=0.7147 reward_var=0.0002 unique=1.0000
ADV epoch=93/200 g_loss=0.5254 d_loss=0.0000 reward=0.7157 reward_var=0.0003 unique=1.0000
ADV epoch=94/200 g_loss=0.5181 d_loss=0.0000 reward=0.7163 reward_var=0.0003 unique=1.0000
ADV epoch=95/200 g_loss=0.5199 d_loss=0.0000 reward=0.7164 reward_var=0.0002 unique=1.0000
ADV epoch=96/200 g_loss=0.5205 d_loss=0.0000 reward=0.7174 reward_var=0.0002 unique=1.0000
ADV epoch=97/200 g_loss=0.5224 d_loss=0.0000 reward=0.7177 reward_var=0.0002 unique=1.0000
ADV epoch=98/200 g_loss=0.5321 d_loss=0.0000 reward=0.7172 reward_var=0.0003 unique=1.0000
ADV epoch=99/200 g_loss=0.5607 d_loss=0.0000 reward=0.7180 reward_var=0.0002 unique=1.0000
ADV epoch=100/200 g_loss=0.5616 d_loss=0.0000 reward=0.7178 reward_var=0.0003 unique=1.0000
ADV epoch=101/200 g_loss=0.5868 d_loss=0.0000 reward=0.7184 reward_var=0.0003 unique=0.9800
ADV epoch=102/200 g_loss=0.5971 d_loss=0.0000 reward=0.7187 reward_var=0.0002 unique=1.0000
ADV epoch=103/200 g_loss=0.6356 d_loss=0.0000 reward=0.7188 reward_var=0.0002 unique=0.9800
ADV epoch=104/200 g_loss=0.6411 d_loss=0.0000 reward=0.7182 reward_var=0.0002 unique=1.0000
ADV epoch=105/200 g_loss=0.6592 d_loss=0.0000 reward=0.7188 reward_var=0.0002 unique=1.0000
ADV epoch=106/200 g_loss=0.6737 d_loss=0.0000 reward=0.7165 reward_var=0.0002 unique=1.0000
ADV epoch=107/200 g_loss=0.6713 d_loss=0.0000 reward=0.7182 reward_var=0.0002 unique=1.0000
ADV epoch=108/200 g_loss=0.6637 d_loss=0.0000 reward=0.7189 reward_var=0.0002 unique=0.9800
ADV epoch=109/200 g_loss=0.6398 d_loss=0.0000 reward=0.7197 reward_var=0.0002 unique=1.0000
ADV epoch=110/200 g_loss=0.6022 d_loss=0.0000 reward=0.7212 reward_var=0.0002 unique=0.9800
ADV epoch=111/200 g_loss=0.5968 d_loss=0.0000 reward=0.7215 reward_var=0.0002 unique=1.0000
ADV epoch=112/200 g_loss=0.6010 d_loss=0.0000 reward=0.7213 reward_var=0.0002 unique=1.0000
ADV epoch=113/200 g_loss=0.5828 d_loss=0.0000 reward=0.7212 reward_var=0.0002 unique=1.0000
ADV epoch=114/200 g_loss=0.6082 d_loss=0.0000 reward=0.7204 reward_var=0.0002 unique=1.0000
ADV epoch=115/200 g_loss=0.6143 d_loss=0.0000 reward=0.7198 reward_var=0.0002 unique=1.0000
ADV epoch=116/200 g_loss=0.5951 d_loss=0.0000 reward=0.7203 reward_var=0.0002 unique=1.0000
ADV epoch=117/200 g_loss=0.6154 d_loss=0.0000 reward=0.7182 reward_var=0.0003 unique=1.0000
ADV epoch=118/200 g_loss=0.5991 d_loss=0.0000 reward=0.7194 reward_var=0.0003 unique=1.0000
ADV epoch=119/200 g_loss=0.5688 d_loss=0.0000 reward=0.7174 reward_var=0.0003 unique=1.0000
ADV epoch=120/200 g_loss=0.6101 d_loss=0.0000 reward=0.7162 reward_var=0.0004 unique=1.0000
ADV epoch=121/200 g_loss=0.5897 d_loss=0.0000 reward=0.7153 reward_var=0.0004 unique=1.0000
ADV epoch=122/200 g_loss=0.6146 d_loss=0.0000 reward=0.7128 reward_var=0.0004 unique=1.0000
ADV epoch=123/200 g_loss=0.6004 d_loss=0.0000 reward=0.7146 reward_var=0.0003 unique=1.0000
ADV epoch=124/200 g_loss=0.5906 d_loss=0.0000 reward=0.7129 reward_var=0.0003 unique=1.0000
ADV epoch=125/200 g_loss=0.6267 d_loss=0.0000 reward=0.7118 reward_var=0.0003 unique=1.0000
ADV epoch=126/200 g_loss=0.6122 d_loss=0.0000 reward=0.7130 reward_var=0.0003 unique=1.0000
ADV epoch=127/200 g_loss=0.6139 d_loss=0.0000 reward=0.7151 reward_var=0.0003 unique=1.0000
ADV epoch=128/200 g_loss=0.6338 d_loss=0.0000 reward=0.7170 reward_var=0.0003 unique=0.9800
ADV epoch=129/200 g_loss=0.6301 d_loss=0.0000 reward=0.7179 reward_var=0.0003 unique=1.0000
ADV epoch=130/200 g_loss=0.6707 d_loss=0.0000 reward=0.7208 reward_var=0.0002 unique=0.9400
ADV epoch=131/200 g_loss=0.6506 d_loss=0.0000 reward=0.7225 reward_var=0.0003 unique=0.9800
ADV epoch=132/200 g_loss=0.6566 d_loss=0.0000 reward=0.7249 reward_var=0.0002 unique=0.9800
ADV epoch=133/200 g_loss=0.7152 d_loss=0.0000 reward=0.7257 reward_var=0.0003 unique=0.9800
ADV epoch=134/200 g_loss=0.7247 d_loss=0.0000 reward=0.7270 reward_var=0.0002 unique=1.0000
ADV epoch=135/200 g_loss=0.7356 d_loss=0.0000 reward=0.7268 reward_var=0.0003 unique=0.9600
ADV epoch=136/200 g_loss=0.7674 d_loss=0.0000 reward=0.7270 reward_var=0.0002 unique=1.0000
ADV epoch=137/200 g_loss=0.7936 d_loss=0.0000 reward=0.7276 reward_var=0.0002 unique=1.0000
ADV epoch=138/200 g_loss=0.8001 d_loss=0.0000 reward=0.7272 reward_var=0.0002 unique=1.0000
ADV epoch=139/200 g_loss=0.7792 d_loss=0.0000 reward=0.7266 reward_var=0.0003 unique=0.9800
ADV epoch=140/200 g_loss=0.7994 d_loss=0.0000 reward=0.7263 reward_var=0.0002 unique=1.0000
ADV epoch=141/200 g_loss=0.8363 d_loss=0.0000 reward=0.7266 reward_var=0.0002 unique=1.0000
ADV epoch=142/200 g_loss=0.8311 d_loss=0.0000 reward=0.7271 reward_var=0.0002 unique=1.0000
ADV epoch=143/200 g_loss=0.8229 d_loss=0.0000 reward=0.7270 reward_var=0.0002 unique=1.0000
ADV epoch=144/200 g_loss=0.8436 d_loss=0.0000 reward=0.7268 reward_var=0.0002 unique=1.0000
ADV epoch=145/200 g_loss=0.8264 d_loss=0.0000 reward=0.7270 reward_var=0.0003 unique=0.9800
ADV epoch=146/200 g_loss=0.8416 d_loss=0.0000 reward=0.7262 reward_var=0.0003 unique=1.0000
ADV epoch=147/200 g_loss=0.8374 d_loss=0.0000 reward=0.7278 reward_var=0.0003 unique=1.0000
ADV epoch=148/200 g_loss=0.8439 d_loss=0.0000 reward=0.7282 reward_var=0.0003 unique=1.0000
ADV epoch=149/200 g_loss=0.8408 d_loss=0.0000 reward=0.7279 reward_var=0.0003 unique=1.0000
ADV epoch=150/200 g_loss=0.8065 d_loss=0.0000 reward=0.7287 reward_var=0.0003 unique=1.0000
ADV epoch=151/200 g_loss=0.8332 d_loss=0.0000 reward=0.7292 reward_var=0.0003 unique=0.9800
ADV epoch=152/200 g_loss=0.8044 d_loss=0.0000 reward=0.7299 reward_var=0.0003 unique=1.0000
ADV epoch=153/200 g_loss=0.8225 d_loss=0.0000 reward=0.7292 reward_var=0.0003 unique=1.0000
ADV epoch=154/200 g_loss=0.7848 d_loss=0.0000 reward=0.7294 reward_var=0.0003 unique=0.9400
ADV epoch=155/200 g_loss=0.7767 d_loss=0.0000 reward=0.7298 reward_var=0.0002 unique=1.0000
ADV epoch=156/200 g_loss=0.7502 d_loss=0.0000 reward=0.7284 reward_var=0.0003 unique=0.9200
ADV epoch=157/200 g_loss=0.7329 d_loss=0.0000 reward=0.7288 reward_var=0.0003 unique=1.0000
ADV epoch=158/200 g_loss=0.6960 d_loss=0.0000 reward=0.7286 reward_var=0.0002 unique=1.0000
ADV epoch=159/200 g_loss=0.7105 d_loss=0.0000 reward=0.7274 reward_var=0.0002 unique=0.9600
ADV epoch=160/200 g_loss=0.6638 d_loss=0.0000 reward=0.7273 reward_var=0.0003 unique=0.9800
ADV epoch=161/200 g_loss=0.6630 d_loss=0.0000 reward=0.7269 reward_var=0.0002 unique=0.8600
ADV epoch=162/200 g_loss=0.6456 d_loss=0.0000 reward=0.7278 reward_var=0.0002 unique=0.9800
ADV epoch=163/200 g_loss=0.6704 d_loss=0.0000 reward=0.7271 reward_var=0.0003 unique=0.9000
ADV epoch=164/200 g_loss=0.6655 d_loss=0.0000 reward=0.7282 reward_var=0.0002 unique=0.9200
ADV epoch=165/200 g_loss=0.6852 d_loss=0.0000 reward=0.7280 reward_var=0.0002 unique=0.9800
ADV epoch=166/200 g_loss=0.6671 d_loss=0.0000 reward=0.7276 reward_var=0.0003 unique=0.9400
ADV epoch=167/200 g_loss=0.6937 d_loss=0.0000 reward=0.7285 reward_var=0.0003 unique=1.0000
ADV epoch=168/200 g_loss=0.6958 d_loss=0.0000 reward=0.7282 reward_var=0.0003 unique=0.9800
ADV epoch=169/200 g_loss=0.6823 d_loss=0.0000 reward=0.7285 reward_var=0.0002 unique=1.0000


===== NEW SESSION 2026-07-19T09:05:26.382408 =====

[3/3] adversarial
generator_reward_mode=off reward_alpha=1.000 d_steps=5 d_epochs=3
Traceback (most recent call last):
  File "<frozen runpy>", line 198, in _run_module_as_main
  File "<frozen runpy>", line 88, in _run_code
  File "/content/GAN_for_SQLi_rerun_13/models/seqgan_improved/runtime/train.py", line 452, in <module>
    main()
  File "/content/GAN_for_SQLi_rerun_13/models/seqgan_improved/runtime/train.py", line 448, in main
    run_training(build_parser().parse_args())
  File "/content/GAN_for_SQLi_rerun_13/models/seqgan_improved/runtime/train.py", line 266, in run_training
    adversarial_stats = adv_train(
                        ^^^^^^^^^^
  File "/content/GAN_for_SQLi_rerun_13/models/seqgan_improved/runtime/adversarial.py", line 181, in adv_train
    optimizer = optim.Adam(generator.parameters(), lr=gen_lr)
                ^^^^^^^^^^^^^^^^^^^^^^^^^^^^^^^^^^^^^^^^^^^^^
  File "/usr/local/lib/python3.12/dist-packages/torch/optim/adam.py", line 102, in __init__
    super().__init__(params, defaults)
  File "/usr/local/lib/python3.12/dist-packages/torch/optim/optimizer.py", line 408, in __init__
    self.add_param_group(cast(dict, param_group))
  File "/usr/local/lib/python3.12/dist-packages/torch/_compile.py", line 47, in inner
    import torch._dynamo
  File "/usr/local/lib/python3.12/dist-packages/torch/_dynamo/__init__.py", line 13, in <module>
    from . import (
  File "/usr/local/lib/python3.12/dist-packages/torch/_dynamo/aot_compile.py", line 15, in <module>
    from torch._dynamo.convert_frame import GraphRuntimeEnv
  File "/usr/local/lib/python3.12/dist-packages/torch/_dynamo/convert_frame.py", line 62, in <module>
    from torch._dynamo.symbolic_convert import TensorifyState
  File "/usr/local/lib/python3.12/dist-packages/torch/_dynamo/symbolic_convert.py", line 54, in <module>
    from torch._dynamo.exc import ObservedException, TensorifyScalarRestartAnalysis
  File "/usr/local/lib/python3.12/dist-packages/torch/_dynamo/exc.py", line 44, in <module>
    from .utils import counters
  File "/usr/local/lib/python3.12/dist-packages/torch/_dynamo/utils.py", line 70, in <module>
    import torch.fx.experimental.symbolic_shapes
  File "/usr/local/lib/python3.12/dist-packages/torch/fx/experimental/symbolic_shapes.py", line 3, in <module>
    import sympy
  File "/usr/local/lib/python3.12/dist-packages/sympy/__init__.py", line 77, in <module>
    from .polys import (Poly, PurePoly, poly_from_expr, parallel_poly_from_expr,
  File "/usr/local/lib/python3.12/dist-packages/sympy/polys/__init__.py", line 79, in <module>
    from .polyfuncs import (symmetrize, horner, interpolate,
  File "/usr/local/lib/python3.12/dist-packages/sympy/polys/polyfuncs.py", line 10, in <module>
    from sympy.polys.specialpolys import (
  File "/usr/local/lib/python3.12/dist-packages/sympy/polys/specialpolys.py", line 298, in <module>
    from sympy.polys.rings import ring
  File "/usr/local/lib/python3.12/dist-packages/sympy/polys/rings.py", line 31, in <module>
    from sympy.printing.defaults import DefaultPrinting
  File "/usr/local/lib/python3.12/dist-packages/sympy/printing/__init__.py", line 11, in <module>
    from .pycode import pycode
  File "/usr/local/lib/python3.12/dist-packages/sympy/printing/pycode.py", line 11, in <module>
    from .codeprinter import CodePrinter
  File "/usr/local/lib/python3.12/dist-packages/sympy/printing/codeprinter.py", line 13, in <module>
    from sympy.functions.elementary.complexes import re
  File "/usr/local/lib/python3.12/dist-packages/sympy/functions/__init__.py", line 19, in <module>
    from sympy.functions.elementary.trigonometric import (sin, cos, tan,
KeyboardInterrupt


===== NEW SESSION 2026-07-19T09:05:57.418434 =====

[3/3] adversarial
generator_reward_mode=off reward_alpha=1.000 d_steps=5 d_epochs=3
Resumed adversarial checkpoint /content/drive/MyDrive/GAN/GAN_for_SQLi/result/phase2b_batch6x/_checkpoints_rerun_13/union_D_R500_V2_B6X/latest_adversarial.pt at epoch 161
ADV epoch=161/200 g_loss=0.6555 d_loss=0.0000 reward=0.7273 reward_var=0.0002 unique=0.9400
ADV epoch=162/200 g_loss=0.6164 d_loss=0.0000 reward=0.7280 reward_var=0.0002 unique=0.9200
ADV epoch=163/200 g_loss=0.6172 d_loss=0.0000 reward=0.7274 reward_var=0.0002 unique=0.9600
ADV epoch=164/200 g_loss=0.6135 d_loss=0.0000 reward=0.7275 reward_var=0.0002 unique=0.9800
ADV epoch=165/200 g_loss=0.5891 d_loss=0.0000 reward=0.7282 reward_var=0.0002 unique=1.0000
ADV epoch=166/200 g_loss=0.5759 d_loss=0.0000 reward=0.7283 reward_var=0.0003 unique=0.9200
ADV epoch=167/200 g_loss=0.5649 d_loss=0.0000 reward=0.7296 reward_var=0.0002 unique=0.9600
ADV epoch=168/200 g_loss=0.5558 d_loss=0.0000 reward=0.7300 reward_var=0.0002 unique=1.0000
ADV epoch=169/200 g_loss=0.5431 d_loss=0.0000 reward=0.7303 reward_var=0.0002 unique=1.0000
ADV epoch=170/200 g_loss=0.5103 d_loss=0.0000 reward=0.7315 reward_var=0.0002 unique=0.9600
ADV epoch=171/200 g_loss=0.5551 d_loss=0.0000 reward=0.7312 reward_var=0.0002 unique=0.9800
ADV epoch=172/200 g_loss=0.4984 d_loss=0.0000 reward=0.7307 reward_var=0.0002 unique=0.9200
ADV epoch=173/200 g_loss=0.4822 d_loss=0.0000 reward=0.7300 reward_var=0.0002 unique=0.9400
ADV epoch=174/200 g_loss=0.4801 d_loss=0.0000 reward=0.7288 reward_var=0.0002 unique=0.9200
ADV epoch=175/200 g_loss=0.4668 d_loss=0.0000 reward=0.7301 reward_var=0.0002 unique=0.8800
ADV epoch=176/200 g_loss=0.4526 d_loss=0.0000 reward=0.7291 reward_var=0.0002 unique=1.0000
ADV epoch=177/200 g_loss=0.4455 d_loss=0.0000 reward=0.7294 reward_var=0.0002 unique=0.9000
ADV epoch=178/200 g_loss=0.4265 d_loss=0.0000 reward=0.7304 reward_var=0.0002 unique=0.9400
ADV epoch=179/200 g_loss=0.4228 d_loss=0.0000 reward=0.7305 reward_var=0.0002 unique=0.8400
ADV epoch=180/200 g_loss=0.4319 d_loss=0.0000 reward=0.7302 reward_var=0.0002 unique=0.8600
ADV epoch=181/200 g_loss=0.4477 d_loss=0.0000 reward=0.7321 reward_var=0.0002 unique=0.8200
ADV epoch=182/200 g_loss=0.4393 d_loss=0.0000 reward=0.7325 reward_var=0.0002 unique=0.9600
ADV epoch=183/200 g_loss=0.4567 d_loss=0.0000 reward=0.7327 reward_var=0.0002 unique=0.9200
ADV epoch=184/200 g_loss=0.4166 d_loss=0.0000 reward=0.7346 reward_var=0.0002 unique=0.8200
ADV epoch=185/200 g_loss=0.4571 d_loss=0.0000 reward=0.7350 reward_var=0.0002 unique=0.9000
ADV epoch=186/200 g_loss=0.4752 d_loss=0.0000 reward=0.7334 reward_var=0.0002 unique=0.9200
ADV epoch=187/200 g_loss=0.4593 d_loss=0.0000 reward=0.7346 reward_var=0.0002 unique=0.9000
ADV epoch=188/200 g_loss=0.4623 d_loss=0.0000 reward=0.7356 reward_var=0.0002 unique=0.9000
ADV epoch=189/200 g_loss=0.4819 d_loss=0.0000 reward=0.7357 reward_var=0.0002 unique=0.9800
ADV epoch=190/200 g_loss=0.4844 d_loss=0.0000 reward=0.7364 reward_var=0.0002 unique=0.9200
ADV epoch=191/200 g_loss=0.4894 d_loss=0.0000 reward=0.7358 reward_var=0.0002 unique=0.8800
ADV epoch=192/200 g_loss=0.4680 d_loss=0.0000 reward=0.7379 reward_var=0.0002 unique=0.9200
ADV epoch=193/200 g_loss=0.4713 d_loss=0.0000 reward=0.7374 reward_var=0.0002 unique=0.9400
ADV epoch=194/200 g_loss=0.4787 d_loss=0.0000 reward=0.7378 reward_var=0.0002 unique=0.8400
ADV epoch=195/200 g_loss=0.4639 d_loss=0.0000 reward=0.7386 reward_var=0.0002 unique=0.9000
ADV epoch=196/200 g_loss=0.4597 d_loss=0.0000 reward=0.7385 reward_var=0.0003 unique=0.8600
ADV epoch=197/200 g_loss=0.4514 d_loss=0.0000 reward=0.7395 reward_var=0.0003 unique=0.9000
ADV epoch=198/200 g_loss=0.4499 d_loss=0.0000 reward=0.7398 reward_var=0.0003 unique=0.8800
ADV epoch=199/200 g_loss=0.4854 d_loss=0.0000 reward=0.7388 reward_var=0.0003 unique=0.8200
ADV epoch=200/200 g_loss=0.4663 d_loss=0.0000 reward=0.7396 reward_var=0.0002 unique=0.7600
saved 2000 raw samples to /content/drive/MyDrive/GAN/GAN_for_SQLi/result/phase2b_batch6x/union/D/R500/V2_B6X/generated_payloads.csv
