{
  "metric_schema_version": "quality-metrics-v3",
  "normalization_version": "nfkc_html_percent1_casefold_ws_quotes_v1",
  "seed": 88,
  "method": "seqgan_improved",
  "family": "time",
  "scenario": "D",
  "ratio": "200",
  "generation_kind": "direct",
  "schema_valid": true,
  "stop_reason": "n/a",
  "n_generated": 497,
  "unique_rate": 0.9879275653923542,
  "normalized_unique_rate": 0.9778672032193159,
  "duplicate_rate": 0.012072434607645843,
  "model_collapse_rate": 0.012072434607645843,
  "dominant_payload_share": 0.006036217303822937,
  "normalized_dominant_payload_share": 0.008048289738430584,
  "sql_parse_rate": 0.9959758551307847,
  "sql_structure_rate": 0.4607645875251509,
  "family_motif_coverage": 0.8,
  "family_motif_hit_rate": 0.2414486921529175,
  "garbage_rate": 0.5392354124748491,
  "wellformed_rate": 0.9959758551307847,
  "shaped_rate": 0.4607645875251509,
  "family_motif_coverage_by_family": {
    "time": 0.8
  },
  "family_motif_hit_rate_by_family": {
    "time": 0.2414486921529175
  },
  "inferred_family_distribution": {
    "boolean": 0.06639839034205232,
    "union": 0.01006036217303823,
    "time": 0.2414486921529175,
    "error": 0.0,
    "other": 0.682092555331992
  },
  "train_reference_count": 78,
  "holdout_reference_count": 296,
  "exact_input_overlap": 0.0,
  "normalized_input_overlap": 0.0,
  "holdout_overlap": 0.0,
  "normalized_holdout_overlap": 0.0,
  "nearest_input_similarity_mean": 0.21426950578956513,
  "nearest_input_similarity_median": 0.13953488372093023,
  "nearest_input_similarity_p90": 0.6132831325301206,
  "nearest_char3_jaccard_mean": 0.21426950578956513,
  "nearest_char3_jaccard_median": 0.13953488372093023,
  "nearest_char3_jaccard_p90": 0.6132831325301206,
  "nearest_token_jaccard_mean": 0.15710427002839372,
  "nearest_token_jaccard_median": 0.14285714285714285,
  "nearest_token_jaccard_p90": 0.3333333333333333,
  "nearest_edit_similarity_mean": 0.27107467647347494,
  "nearest_edit_similarity_median": 0.2093023255813954,
  "nearest_edit_similarity_p90": 0.6896551724137931,
  "nearest_feature_cosine_mean": 0.8304314584476425,
  "nearest_feature_cosine_median": 0.8977616468181062,
  "nearest_feature_cosine_p90": 0.9820460035696346,
  "nearest_input_distance_mean": 0.7857304942104348,
  "nearest_input_distance_median": 0.8604651162790697,
  "nearest_input_distance_p90": 1.0,
  "mean_nearest_similarity": 0.21426950578956513,
  "median_nearest_similarity": 0.13953488372093023,
  "p90_nearest_similarity": 0.6132831325301206,
  "unique_nearest_payload_rate": 0.13279678068410464,
  "dominant_retrieved_payload_share": 0.16901408450704225,
  "nearest_reference_count": 78,
  "distinct_1": 0.244085617724371,
  "distinct_2": 0.6646788990825688,
  "distinct_3": 0.9011428571428571,
  "lexical_diversity": 0.244085617724371,
  "character_diversity": 0.8112017927397495,
  "token_diversity": 0.7383297699083319,
  "keyword_diversity": 0.8529600508409673,
  "operator_diversity": 0.5098444822050342,
  "function_diversity": 0.6434495368347707,
  "comment_style_diversity": 0.6666666666666666,
  "length_zone_diversity": 1.0,
  "self_bleu": 0.6516256521726217,
  "self_bleu_char": 0.6516256521726217,
  "requested_count": 500,
  "generated_count_fraction": 0.994
}
