
[1/3] pretrain G
G epoch=1/15 loss=4.2995
G epoch=2/15 loss=3.3371
G epoch=3/15 loss=2.8271
G epoch=4/15 loss=2.6220
G epoch=5/15 loss=2.4897
G epoch=6/15 loss=2.3341
G epoch=7/15 loss=2.1932
G epoch=8/15 loss=2.0913
G epoch=9/15 loss=1.9929
G epoch=10/15 loss=1.8413
G epoch=11/15 loss=1.7809
G epoch=12/15 loss=1.7112
G epoch=13/15 loss=1.6203
G epoch=14/15 loss=1.5841
G epoch=15/15 loss=1.5119

[2/3] pretrain D
D step=1/8 epoch=1/2 loss=0.8902 l2=0.2000 label_smoothing=0.000
D step=1/8 epoch=2/2 loss=0.6906 l2=0.2000 label_smoothing=0.000
D step=2/8 epoch=1/2 loss=0.5999 l2=0.2000 label_smoothing=0.000
D step=2/8 epoch=2/2 loss=0.5191 l2=0.2000 label_smoothing=0.000
D step=3/8 epoch=1/2 loss=0.4358 l2=0.2000 label_smoothing=0.000
D step=3/8 epoch=2/2 loss=0.3528 l2=0.2000 label_smoothing=0.000
D step=4/8 epoch=1/2 loss=0.2945 l2=0.2000 label_smoothing=0.000
D step=4/8 epoch=2/2 loss=0.2393 l2=0.2000 label_smoothing=0.000
D step=5/8 epoch=1/2 loss=0.1957 l2=0.2000 label_smoothing=0.000
D step=5/8 epoch=2/2 loss=0.1618 l2=0.2000 label_smoothing=0.000
D step=6/8 epoch=1/2 loss=0.1382 l2=0.2000 label_smoothing=0.000
D step=6/8 epoch=2/2 loss=0.1219 l2=0.2000 label_smoothing=0.000
D step=7/8 epoch=1/2 loss=0.1289 l2=0.2000 label_smoothing=0.000
D step=7/8 epoch=2/2 loss=0.1158 l2=0.2000 label_smoothing=0.000
D step=8/8 epoch=1/2 loss=0.1083 l2=0.2000 label_smoothing=0.000
D step=8/8 epoch=2/2 loss=0.0980 l2=0.2000 label_smoothing=0.000

[3/3] adversarial
generator_reward_mode=off reward_alpha=1.000 d_steps=3 d_epochs=1
D step=1/3 epoch=1/1 loss=0.0891 l2=0.2000 label_smoothing=0.000
D step=2/3 epoch=1/1 loss=0.0827 l2=0.2000 label_smoothing=0.000
D step=3/3 epoch=1/1 loss=0.0790 l2=0.2000 label_smoothing=0.000
ADV epoch=1/6 g_loss=0.0713 d_loss=0.0836 reward=0.0411 reward_var=0.0075 unique=1.0000
D step=1/3 epoch=1/1 loss=0.0772 l2=0.2000 label_smoothing=0.000
D step=2/3 epoch=1/1 loss=0.0677 l2=0.2000 label_smoothing=0.000
D step=3/3 epoch=1/1 loss=0.0766 l2=0.2000 label_smoothing=0.000
ADV epoch=2/6 g_loss=0.0133 d_loss=0.0738 reward=0.0073 reward_var=0.0007 unique=1.0000
D step=1/3 epoch=1/1 loss=0.0663 l2=0.2000 label_smoothing=0.000
D step=2/3 epoch=1/1 loss=0.0603 l2=0.2000 label_smoothing=0.000
D step=3/3 epoch=1/1 loss=0.0625 l2=0.2000 label_smoothing=0.000
ADV epoch=3/6 g_loss=0.0365 d_loss=0.0630 reward=0.0208 reward_var=0.0021 unique=1.0000
saved 200 raw samples to /content/drive/MyDrive/GAN/GAN_SQLi_Colab/results_seqgan_only_mini/phase2a/seqgan_master/error/A/R50/generated_payloads.csv
