{
  "metric_schema_version": "quality-metrics-v3",
  "normalization_version": "nfkc_html_percent1_casefold_ws_quotes_v1",
  "seed": 88,
  "method": "seqgan_improved",
  "family": "error",
  "scenario": "B",
  "ratio": "200",
  "generation_kind": "direct",
  "schema_valid": true,
  "stop_reason": "n/a",
  "n_generated": 498,
  "unique_rate": 1.0,
  "normalized_unique_rate": 1.0,
  "duplicate_rate": 0.0,
  "model_collapse_rate": 0.0,
  "dominant_payload_share": 0.002008032128514056,
  "normalized_dominant_payload_share": 0.002008032128514056,
  "sql_parse_rate": 1.0,
  "sql_structure_rate": 0.27710843373493976,
  "family_motif_coverage": 0.0,
  "family_motif_hit_rate": 0.0,
  "garbage_rate": 0.7228915662650602,
  "wellformed_rate": 1.0,
  "shaped_rate": 0.27710843373493976,
  "family_motif_coverage_by_family": {
    "error": 0.0
  },
  "family_motif_hit_rate_by_family": {
    "error": 0.0
  },
  "inferred_family_distribution": {
    "boolean": 0.006024096385542169,
    "union": 0.008032128514056224,
    "time": 0.0,
    "error": 0.0,
    "other": 0.9859437751004017
  },
  "train_reference_count": 78,
  "holdout_reference_count": 259,
  "exact_input_overlap": 0.0,
  "normalized_input_overlap": 0.0,
  "holdout_overlap": 0.0,
  "normalized_holdout_overlap": 0.0,
  "nearest_input_similarity_mean": 0.10930986578527292,
  "nearest_input_similarity_median": 0.11688311688311688,
  "nearest_input_similarity_p90": 0.1625872093023256,
  "nearest_char3_jaccard_mean": 0.10930986578527292,
  "nearest_char3_jaccard_median": 0.11688311688311688,
  "nearest_char3_jaccard_p90": 0.1625872093023256,
  "nearest_token_jaccard_mean": 0.1124120899038482,
  "nearest_token_jaccard_median": 0.11764705882352941,
  "nearest_token_jaccard_p90": 0.17857142857142858,
  "nearest_edit_similarity_mean": 0.2179542126040032,
  "nearest_edit_similarity_median": 0.23701079622132254,
  "nearest_edit_similarity_p90": 0.2869680365296804,
  "nearest_feature_cosine_mean": 0.9212418381738858,
  "nearest_feature_cosine_median": 0.9573057200678747,
  "nearest_feature_cosine_p90": 0.9795793702800535,
  "nearest_input_distance_mean": 0.8906901342147271,
  "nearest_input_distance_median": 0.8831168831168831,
  "nearest_input_distance_p90": 0.9620253164556962,
  "mean_nearest_similarity": 0.10930986578527292,
  "median_nearest_similarity": 0.11688311688311688,
  "p90_nearest_similarity": 0.1625872093023256,
  "unique_nearest_payload_rate": 0.0963855421686747,
  "dominant_retrieved_payload_share": 0.19879518072289157,
  "nearest_reference_count": 78,
  "distinct_1": 0.34225776541492814,
  "distinct_2": 0.6835894283958205,
  "distinct_3": 0.8934725848563969,
  "lexical_diversity": 0.34225776541492814,
  "character_diversity": 0.761856861043595,
  "token_diversity": 0.6671213449671262,
  "keyword_diversity": 0.46041878914358714,
  "operator_diversity": 0.49068173883808647,
  "function_diversity": 0.9641272373300634,
  "comment_style_diversity": 0.6666666666666666,
  "length_zone_diversity": 0.8,
  "self_bleu": 0.8135942751310349,
  "self_bleu_char": 0.8135942751310349,
  "requested_count": 500,
  "generated_count_fraction": 0.996
}
