{
  "metric_schema_version": "quality-metrics-v3",
  "normalization_version": "nfkc_html_percent1_casefold_ws_quotes_v1",
  "seed": 88,
  "method": "ctgan",
  "family": "boolean",
  "scenario": "D",
  "ratio": "20",
  "generation_kind": "retrieval",
  "schema_valid": true,
  "stop_reason": "n/a",
  "n_generated": 500,
  "unique_rate": 0.438,
  "normalized_unique_rate": 0.438,
  "duplicate_rate": 0.562,
  "model_collapse_rate": 0.562,
  "dominant_payload_share": 0.02,
  "normalized_dominant_payload_share": 0.02,
  "sql_parse_rate": 1.0,
  "sql_structure_rate": 1.0,
  "family_motif_coverage": 0.75,
  "family_motif_hit_rate": 1.0,
  "garbage_rate": 0.0,
  "wellformed_rate": 1.0,
  "shaped_rate": 1.0,
  "family_motif_coverage_by_family": {
    "boolean": 0.75
  },
  "family_motif_hit_rate_by_family": {
    "boolean": 1.0
  },
  "inferred_family_distribution": {
    "boolean": 0.392,
    "union": 0.608,
    "time": 0.0,
    "error": 0.0,
    "other": 0.0
  },
  "train_reference_count": 780,
  "holdout_reference_count": 917,
  "exact_input_overlap": 1.0,
  "normalized_input_overlap": 1.0,
  "holdout_overlap": 0.0,
  "normalized_holdout_overlap": 0.0,
  "nearest_input_similarity_mean": 1.0,
  "nearest_input_similarity_median": 1.0,
  "nearest_input_similarity_p90": 1.0,
  "nearest_char3_jaccard_mean": 1.0,
  "nearest_char3_jaccard_median": 1.0,
  "nearest_char3_jaccard_p90": 1.0,
  "nearest_token_jaccard_mean": 1.0,
  "nearest_token_jaccard_median": 1.0,
  "nearest_token_jaccard_p90": 1.0,
  "nearest_edit_similarity_mean": 0.9993143282507689,
  "nearest_edit_similarity_median": 1.0,
  "nearest_edit_similarity_p90": 1.0,
  "nearest_feature_cosine_mean": 0.9999824258435464,
  "nearest_feature_cosine_median": 1.0,
  "nearest_feature_cosine_p90": 1.0000000000000002,
  "nearest_input_distance_mean": 0.0,
  "nearest_input_distance_median": 0.0,
  "nearest_input_distance_p90": 0.0,
  "mean_nearest_similarity": 1.0,
  "median_nearest_similarity": 1.0,
  "p90_nearest_similarity": 1.0,
  "unique_nearest_payload_rate": 0.434,
  "dominant_retrieved_payload_share": 0.02,
  "nearest_reference_count": 780,
  "distinct_1": 0.049879876444342754,
  "distinct_2": 0.11163693726489504,
  "distinct_3": 0.1289239116393231,
  "lexical_diversity": 0.049879876444342754,
  "character_diversity": 0.8452836439434598,
  "token_diversity": 0.6867388135501217,
  "keyword_diversity": 0.9497197713221164,
  "operator_diversity": 0.7697213004167022,
  "function_diversity": 0.7482338816727278,
  "comment_style_diversity": 0.6666666666666666,
  "length_zone_diversity": 0.6,
  "self_bleu": 0.9852689275671105,
  "self_bleu_char": 0.9852689275671105,
  "requested_count": 500,
  "generated_count_fraction": 1.0
}
