
[1/3] pretrain G
G epoch=1/160 loss=5.3398
G epoch=2/160 loss=5.2392
G epoch=3/160 loss=5.1332
G epoch=4/160 loss=5.0136
G epoch=5/160 loss=4.8723
G epoch=6/160 loss=4.6938
G epoch=7/160 loss=4.4846
G epoch=8/160 loss=4.2231
G epoch=9/160 loss=3.9814
G epoch=10/160 loss=3.7494
G epoch=11/160 loss=3.5195
G epoch=12/160 loss=3.3494
G epoch=13/160 loss=3.1817
G epoch=14/160 loss=3.1083
G epoch=15/160 loss=2.9413
G epoch=16/160 loss=2.8544
G epoch=17/160 loss=2.7871
G epoch=18/160 loss=2.7654
G epoch=19/160 loss=2.6492
G epoch=20/160 loss=2.6454
G epoch=21/160 loss=2.5137
G epoch=22/160 loss=2.4876
G epoch=23/160 loss=2.4532
G epoch=24/160 loss=2.3008
G epoch=25/160 loss=2.3043
G epoch=26/160 loss=2.2624
G epoch=27/160 loss=2.2434
G epoch=28/160 loss=2.1828
G epoch=29/160 loss=2.0751
G epoch=30/160 loss=2.0589
G epoch=31/160 loss=2.0089
G epoch=32/160 loss=1.9935
G epoch=33/160 loss=1.9324
G epoch=34/160 loss=1.8617
G epoch=35/160 loss=1.8538
G epoch=36/160 loss=1.7790
G epoch=37/160 loss=1.7688
G epoch=38/160 loss=1.6605
G epoch=39/160 loss=1.6754
G epoch=40/160 loss=1.6580
G epoch=41/160 loss=1.5940
G epoch=42/160 loss=1.6005
G epoch=43/160 loss=1.6043
G epoch=44/160 loss=1.5109
G epoch=45/160 loss=1.5191
G epoch=46/160 loss=1.5228
G epoch=47/160 loss=1.4503
G epoch=48/160 loss=1.4365
G epoch=49/160 loss=1.3855
G epoch=50/160 loss=1.3637
G epoch=51/160 loss=1.3352
G epoch=52/160 loss=1.3033
G epoch=53/160 loss=1.3136
G epoch=54/160 loss=1.2828
G epoch=55/160 loss=1.2495
G epoch=56/160 loss=1.2701
G epoch=57/160 loss=1.2497
G epoch=58/160 loss=1.2220
G epoch=59/160 loss=1.1808
G epoch=60/160 loss=1.1882
G epoch=61/160 loss=1.1733
G epoch=62/160 loss=1.1379
G epoch=63/160 loss=1.1258
G epoch=64/160 loss=1.1466
G epoch=65/160 loss=1.1034
G epoch=66/160 loss=1.0821
G epoch=67/160 loss=1.0511
G epoch=68/160 loss=1.0679
G epoch=69/160 loss=1.0536
G epoch=70/160 loss=1.0015
G epoch=71/160 loss=1.0333
G epoch=72/160 loss=1.0058
G epoch=73/160 loss=1.0004
G epoch=74/160 loss=0.9721
G epoch=75/160 loss=0.9905
G epoch=76/160 loss=0.9702
G epoch=77/160 loss=0.9164
G epoch=78/160 loss=0.9069
G epoch=79/160 loss=0.8983
G epoch=80/160 loss=0.9379
G epoch=81/160 loss=0.9053
G epoch=82/160 loss=0.8760
G epoch=83/160 loss=0.8750
G epoch=84/160 loss=0.8856
G epoch=85/160 loss=0.8620
G epoch=86/160 loss=0.8507
G epoch=87/160 loss=0.8231
G epoch=88/160 loss=0.8183
G epoch=89/160 loss=0.8185
G epoch=90/160 loss=0.7878
G epoch=91/160 loss=0.7886
G epoch=92/160 loss=0.7948
G epoch=93/160 loss=0.7744
G epoch=94/160 loss=0.7594
G epoch=95/160 loss=0.7336
G epoch=96/160 loss=0.7388
G epoch=97/160 loss=0.7512
G epoch=98/160 loss=0.7301
G epoch=99/160 loss=0.7046
G epoch=100/160 loss=0.6866
G epoch=101/160 loss=0.7077
G epoch=102/160 loss=0.6800
G epoch=103/160 loss=0.6820
G epoch=104/160 loss=0.6931
G epoch=105/160 loss=0.6678
G epoch=106/160 loss=0.6426
G epoch=107/160 loss=0.6552
G epoch=108/160 loss=0.6420
G epoch=109/160 loss=0.6129
G epoch=110/160 loss=0.6155
G epoch=111/160 loss=0.6270
G epoch=112/160 loss=0.6329
G epoch=113/160 loss=0.5962
G epoch=114/160 loss=0.6105
G epoch=115/160 loss=0.5880
G epoch=116/160 loss=0.5854
G epoch=117/160 loss=0.5798
G epoch=118/160 loss=0.5830
G epoch=119/160 loss=0.5807
G epoch=120/160 loss=0.5535
G epoch=121/160 loss=0.5432
G epoch=122/160 loss=0.5577
G epoch=123/160 loss=0.5631
G epoch=124/160 loss=0.5452
G epoch=125/160 loss=0.5451
G epoch=126/160 loss=0.5190
G epoch=127/160 loss=0.5196
G epoch=128/160 loss=0.5221
G epoch=129/160 loss=0.5146
G epoch=130/160 loss=0.5200
G epoch=131/160 loss=0.4943
G epoch=132/160 loss=0.4967
G epoch=133/160 loss=0.5003
G epoch=134/160 loss=0.5051
G epoch=135/160 loss=0.5056
G epoch=136/160 loss=0.4856
G epoch=137/160 loss=0.4855
G epoch=138/160 loss=0.4997
G epoch=139/160 loss=0.4648
G epoch=140/160 loss=0.4600
G epoch=141/160 loss=0.4700
G epoch=142/160 loss=0.4698
G epoch=143/160 loss=0.4723
G epoch=144/160 loss=0.4691
G epoch=145/160 loss=0.4735
G epoch=146/160 loss=0.4323
G epoch=147/160 loss=0.4470
G epoch=148/160 loss=0.4452
G epoch=149/160 loss=0.4438
G epoch=150/160 loss=0.4343
G epoch=151/160 loss=0.4342
G epoch=152/160 loss=0.4367
G epoch=153/160 loss=0.4242
G epoch=154/160 loss=0.4288
G epoch=155/160 loss=0.4260
G epoch=156/160 loss=0.4415
G epoch=157/160 loss=0.4179
G epoch=158/160 loss=0.4161
G epoch=159/160 loss=0.4151
G epoch=160/160 loss=0.4178

[2/3] pretrain D
D step=1/50 epoch=1/3 loss=0.8130 l2=0.2000 label_smoothing=0.050
D step=1/50 epoch=2/3 loss=0.7581 l2=0.2000 label_smoothing=0.050
D step=1/50 epoch=3/3 loss=0.7722 l2=0.2000 label_smoothing=0.050
D step=2/50 epoch=1/3 loss=0.7667 l2=0.2000 label_smoothing=0.050
D step=2/50 epoch=2/3 loss=0.7410 l2=0.2000 label_smoothing=0.050
D step=2/50 epoch=3/3 loss=0.7308 l2=0.2000 label_smoothing=0.050
D step=3/50 epoch=1/3 loss=0.7492 l2=0.2000 label_smoothing=0.050
D step=3/50 epoch=2/3 loss=0.7212 l2=0.2000 label_smoothing=0.050
D step=3/50 epoch=3/3 loss=0.7442 l2=0.2000 label_smoothing=0.050
D step=4/50 epoch=1/3 loss=0.7136 l2=0.2000 label_smoothing=0.050
D step=4/50 epoch=2/3 loss=0.7128 l2=0.2000 label_smoothing=0.050
D step=4/50 epoch=3/3 loss=0.7052 l2=0.2000 label_smoothing=0.050
D step=5/50 epoch=1/3 loss=0.6840 l2=0.2000 label_smoothing=0.050
D step=5/50 epoch=2/3 loss=0.6885 l2=0.2000 label_smoothing=0.050
D step=5/50 epoch=3/3 loss=0.6911 l2=0.2000 label_smoothing=0.050
D step=6/50 epoch=1/3 loss=0.7153 l2=0.2000 label_smoothing=0.050
D step=6/50 epoch=2/3 loss=0.6788 l2=0.2000 label_smoothing=0.050
D step=6/50 epoch=3/3 loss=0.6836 l2=0.2000 label_smoothing=0.050
D step=7/50 epoch=1/3 loss=0.6799 l2=0.2000 label_smoothing=0.050
D step=7/50 epoch=2/3 loss=0.6565 l2=0.2000 label_smoothing=0.050
D step=7/50 epoch=3/3 loss=0.6700 l2=0.2000 label_smoothing=0.050
D step=8/50 epoch=1/3 loss=0.6688 l2=0.2000 label_smoothing=0.050
D step=8/50 epoch=2/3 loss=0.6304 l2=0.2000 label_smoothing=0.050
D step=8/50 epoch=3/3 loss=0.6102 l2=0.2000 label_smoothing=0.050
D step=9/50 epoch=1/3 loss=0.6286 l2=0.2000 label_smoothing=0.050
D step=9/50 epoch=2/3 loss=0.6237 l2=0.2000 label_smoothing=0.050
D step=9/50 epoch=3/3 loss=0.6117 l2=0.2000 label_smoothing=0.050
D step=10/50 epoch=1/3 loss=0.6142 l2=0.2000 label_smoothing=0.050
D step=10/50 epoch=2/3 loss=0.6090 l2=0.2000 label_smoothing=0.050
D step=10/50 epoch=3/3 loss=0.5922 l2=0.2000 label_smoothing=0.050
D step=11/50 epoch=1/3 loss=0.5903 l2=0.2000 label_smoothing=0.050
D step=11/50 epoch=2/3 loss=0.5674 l2=0.2000 label_smoothing=0.050
D step=11/50 epoch=3/3 loss=0.5613 l2=0.2000 label_smoothing=0.050
D step=12/50 epoch=1/3 loss=0.5868 l2=0.2000 label_smoothing=0.050
D step=12/50 epoch=2/3 loss=0.5671 l2=0.2000 label_smoothing=0.050
D step=12/50 epoch=3/3 loss=0.5672 l2=0.2000 label_smoothing=0.050
D step=13/50 epoch=1/3 loss=0.5544 l2=0.2000 label_smoothing=0.050
D step=13/50 epoch=2/3 loss=0.5386 l2=0.2000 label_smoothing=0.050
D step=13/50 epoch=3/3 loss=0.5431 l2=0.2000 label_smoothing=0.050
D step=14/50 epoch=1/3 loss=0.5576 l2=0.2000 label_smoothing=0.050
D step=14/50 epoch=2/3 loss=0.5511 l2=0.2000 label_smoothing=0.050
D step=14/50 epoch=3/3 loss=0.5401 l2=0.2000 label_smoothing=0.050
D step=15/50 epoch=1/3 loss=0.5241 l2=0.2000 label_smoothing=0.050
D step=15/50 epoch=2/3 loss=0.5192 l2=0.2000 label_smoothing=0.050
D step=15/50 epoch=3/3 loss=0.5474 l2=0.2000 label_smoothing=0.050
D step=16/50 epoch=1/3 loss=0.5153 l2=0.2000 label_smoothing=0.050
D step=16/50 epoch=2/3 loss=0.4867 l2=0.2000 label_smoothing=0.050
D step=16/50 epoch=3/3 loss=0.4825 l2=0.2000 label_smoothing=0.050
D step=17/50 epoch=1/3 loss=0.4699 l2=0.2000 label_smoothing=0.050
D step=17/50 epoch=2/3 loss=0.4736 l2=0.2000 label_smoothing=0.050
D step=17/50 epoch=3/3 loss=0.4436 l2=0.2000 label_smoothing=0.050
D step=18/50 epoch=1/3 loss=0.4654 l2=0.2000 label_smoothing=0.050
D step=18/50 epoch=2/3 loss=0.4863 l2=0.2000 label_smoothing=0.050
D step=18/50 epoch=3/3 loss=0.4502 l2=0.2000 label_smoothing=0.050
D step=19/50 epoch=1/3 loss=0.4713 l2=0.2000 label_smoothing=0.050
D step=19/50 epoch=2/3 loss=0.4656 l2=0.2000 label_smoothing=0.050
D step=19/50 epoch=3/3 loss=0.4510 l2=0.2000 label_smoothing=0.050
D step=20/50 epoch=1/3 loss=0.4422 l2=0.2000 label_smoothing=0.050
D step=20/50 epoch=2/3 loss=0.4502 l2=0.2000 label_smoothing=0.050
D step=20/50 epoch=3/3 loss=0.4394 l2=0.2000 label_smoothing=0.050
D step=21/50 epoch=1/3 loss=0.4141 l2=0.2000 label_smoothing=0.050
D step=21/50 epoch=2/3 loss=0.4187 l2=0.2000 label_smoothing=0.050
D step=21/50 epoch=3/3 loss=0.4099 l2=0.2000 label_smoothing=0.050
D step=22/50 epoch=1/3 loss=0.4256 l2=0.2000 label_smoothing=0.050
D step=22/50 epoch=2/3 loss=0.4116 l2=0.2000 label_smoothing=0.050
D step=22/50 epoch=3/3 loss=0.3828 l2=0.2000 label_smoothing=0.050
D step=23/50 epoch=1/3 loss=0.3995 l2=0.2000 label_smoothing=0.050
D step=23/50 epoch=2/3 loss=0.3975 l2=0.2000 label_smoothing=0.050
D step=23/50 epoch=3/3 loss=0.3864 l2=0.2000 label_smoothing=0.050
D step=24/50 epoch=1/3 loss=0.3574 l2=0.2000 label_smoothing=0.050
D step=24/50 epoch=2/3 loss=0.3918 l2=0.2000 label_smoothing=0.050
D step=24/50 epoch=3/3 loss=0.3682 l2=0.2000 label_smoothing=0.050
D step=25/50 epoch=1/3 loss=0.4043 l2=0.2000 label_smoothing=0.050
D step=25/50 epoch=2/3 loss=0.3920 l2=0.2000 label_smoothing=0.050
D step=25/50 epoch=3/3 loss=0.3657 l2=0.2000 label_smoothing=0.050
D step=26/50 epoch=1/3 loss=0.3641 l2=0.2000 label_smoothing=0.050
D step=26/50 epoch=2/3 loss=0.3622 l2=0.2000 label_smoothing=0.050
D step=26/50 epoch=3/3 loss=0.3426 l2=0.2000 label_smoothing=0.050
D step=27/50 epoch=1/3 loss=0.3804 l2=0.2000 label_smoothing=0.050
D step=27/50 epoch=2/3 loss=0.3793 l2=0.2000 label_smoothing=0.050
D step=27/50 epoch=3/3 loss=0.3576 l2=0.2000 label_smoothing=0.050
D step=28/50 epoch=1/3 loss=0.3607 l2=0.2000 label_smoothing=0.050
D step=28/50 epoch=2/3 loss=0.3450 l2=0.2000 label_smoothing=0.050
D step=28/50 epoch=3/3 loss=0.3379 l2=0.2000 label_smoothing=0.050
D step=29/50 epoch=1/3 loss=0.3606 l2=0.2000 label_smoothing=0.050
D step=29/50 epoch=2/3 loss=0.3388 l2=0.2000 label_smoothing=0.050
D step=29/50 epoch=3/3 loss=0.3435 l2=0.2000 label_smoothing=0.050
D step=30/50 epoch=1/3 loss=0.3571 l2=0.2000 label_smoothing=0.050
D step=30/50 epoch=2/3 loss=0.3378 l2=0.2000 label_smoothing=0.050
D step=30/50 epoch=3/3 loss=0.3353 l2=0.2000 label_smoothing=0.050
D step=31/50 epoch=1/3 loss=0.3041 l2=0.2000 label_smoothing=0.050
D step=31/50 epoch=2/3 loss=0.2969 l2=0.2000 label_smoothing=0.050
D step=31/50 epoch=3/3 loss=0.3059 l2=0.2000 label_smoothing=0.050
D step=32/50 epoch=1/3 loss=0.3756 l2=0.2000 label_smoothing=0.050
D step=32/50 epoch=2/3 loss=0.3715 l2=0.2000 label_smoothing=0.050
D step=32/50 epoch=3/3 loss=0.3469 l2=0.2000 label_smoothing=0.050
D step=33/50 epoch=1/3 loss=0.3161 l2=0.2000 label_smoothing=0.050
D step=33/50 epoch=2/3 loss=0.3330 l2=0.2000 label_smoothing=0.050
D step=33/50 epoch=3/3 loss=0.3329 l2=0.2000 label_smoothing=0.050
D step=34/50 epoch=1/3 loss=0.3523 l2=0.2000 label_smoothing=0.050
D step=34/50 epoch=2/3 loss=0.3386 l2=0.2000 label_smoothing=0.050
D step=34/50 epoch=3/3 loss=0.3396 l2=0.2000 label_smoothing=0.050
D step=35/50 epoch=1/3 loss=0.3245 l2=0.2000 label_smoothing=0.050
D step=35/50 epoch=2/3 loss=0.3102 l2=0.2000 label_smoothing=0.050
D step=35/50 epoch=3/3 loss=0.2972 l2=0.2000 label_smoothing=0.050
D step=36/50 epoch=1/3 loss=0.3138 l2=0.2000 label_smoothing=0.050
D step=36/50 epoch=2/3 loss=0.3195 l2=0.2000 label_smoothing=0.050
D step=36/50 epoch=3/3 loss=0.2988 l2=0.2000 label_smoothing=0.050
D step=37/50 epoch=1/3 loss=0.2930 l2=0.2000 label_smoothing=0.050
D step=37/50 epoch=2/3 loss=0.3057 l2=0.2000 label_smoothing=0.050
D step=37/50 epoch=3/3 loss=0.2876 l2=0.2000 label_smoothing=0.050
D step=38/50 epoch=1/3 loss=0.2880 l2=0.2000 label_smoothing=0.050
D step=38/50 epoch=2/3 loss=0.2953 l2=0.2000 label_smoothing=0.050
D step=38/50 epoch=3/3 loss=0.2771 l2=0.2000 label_smoothing=0.050
D step=39/50 epoch=1/3 loss=0.3249 l2=0.2000 label_smoothing=0.050
D step=39/50 epoch=2/3 loss=0.3120 l2=0.2000 label_smoothing=0.050
D step=39/50 epoch=3/3 loss=0.2888 l2=0.2000 label_smoothing=0.050
D step=40/50 epoch=1/3 loss=0.2992 l2=0.2000 label_smoothing=0.050
D step=40/50 epoch=2/3 loss=0.2996 l2=0.2000 label_smoothing=0.050
D step=40/50 epoch=3/3 loss=0.2859 l2=0.2000 label_smoothing=0.050
D step=41/50 epoch=1/3 loss=0.2909 l2=0.2000 label_smoothing=0.050
D step=41/50 epoch=2/3 loss=0.2849 l2=0.2000 label_smoothing=0.050
D step=41/50 epoch=3/3 loss=0.2716 l2=0.2000 label_smoothing=0.050
D step=42/50 epoch=1/3 loss=0.3148 l2=0.2000 label_smoothing=0.050
D step=42/50 epoch=2/3 loss=0.2862 l2=0.2000 label_smoothing=0.050
D step=42/50 epoch=3/3 loss=0.2971 l2=0.2000 label_smoothing=0.050
D step=43/50 epoch=1/3 loss=0.2926 l2=0.2000 label_smoothing=0.050
D step=43/50 epoch=2/3 loss=0.2963 l2=0.2000 label_smoothing=0.050
D step=43/50 epoch=3/3 loss=0.2901 l2=0.2000 label_smoothing=0.050
D step=44/50 epoch=1/3 loss=0.3177 l2=0.2000 label_smoothing=0.050
D step=44/50 epoch=2/3 loss=0.3033 l2=0.2000 label_smoothing=0.050
D step=44/50 epoch=3/3 loss=0.3150 l2=0.2000 label_smoothing=0.050
D step=45/50 epoch=1/3 loss=0.3071 l2=0.2000 label_smoothing=0.050
D step=45/50 epoch=2/3 loss=0.3020 l2=0.2000 label_smoothing=0.050
D step=45/50 epoch=3/3 loss=0.2928 l2=0.2000 label_smoothing=0.050
D step=46/50 epoch=1/3 loss=0.3128 l2=0.2000 label_smoothing=0.050
D step=46/50 epoch=2/3 loss=0.3089 l2=0.2000 label_smoothing=0.050
D step=46/50 epoch=3/3 loss=0.3071 l2=0.2000 label_smoothing=0.050
D step=47/50 epoch=1/3 loss=0.2795 l2=0.2000 label_smoothing=0.050
D step=47/50 epoch=2/3 loss=0.2621 l2=0.2000 label_smoothing=0.050
D step=47/50 epoch=3/3 loss=0.2711 l2=0.2000 label_smoothing=0.050
D step=48/50 epoch=1/3 loss=0.3152 l2=0.2000 label_smoothing=0.050
D step=48/50 epoch=2/3 loss=0.2942 l2=0.2000 label_smoothing=0.050
D step=48/50 epoch=3/3 loss=0.2972 l2=0.2000 label_smoothing=0.050
D step=49/50 epoch=1/3 loss=0.2836 l2=0.2000 label_smoothing=0.050
D step=49/50 epoch=2/3 loss=0.2625 l2=0.2000 label_smoothing=0.050
D step=49/50 epoch=3/3 loss=0.2634 l2=0.2000 label_smoothing=0.050
D step=50/50 epoch=1/3 loss=0.2880 l2=0.2000 label_smoothing=0.050
D step=50/50 epoch=2/3 loss=0.2725 l2=0.2000 label_smoothing=0.050
D step=50/50 epoch=3/3 loss=0.2761 l2=0.2000 label_smoothing=0.050

[3/3] adversarial
generator_reward_mode=on reward_alpha=0.700 d_steps=5 d_epochs=3
D step=1/5 epoch=1/3 loss=0.2588 l2=0.2000 label_smoothing=0.050
D step=1/5 epoch=2/3 loss=0.2336 l2=0.2000 label_smoothing=0.050
D step=1/5 epoch=3/3 loss=0.2146 l2=0.2000 label_smoothing=0.050
D step=2/5 epoch=1/3 loss=0.2488 l2=0.2000 label_smoothing=0.050
D step=2/5 epoch=2/3 loss=0.2546 l2=0.2000 label_smoothing=0.050
D step=2/5 epoch=3/3 loss=0.2400 l2=0.2000 label_smoothing=0.050
D step=3/5 epoch=1/3 loss=0.2160 l2=0.2000 label_smoothing=0.050
D step=3/5 epoch=2/3 loss=0.2070 l2=0.2000 label_smoothing=0.050
D step=3/5 epoch=3/3 loss=0.2054 l2=0.2000 label_smoothing=0.050
D step=4/5 epoch=1/3 loss=0.2412 l2=0.2000 label_smoothing=0.050
D step=4/5 epoch=2/3 loss=0.2371 l2=0.2000 label_smoothing=0.050
D step=4/5 epoch=3/3 loss=0.2359 l2=0.2000 label_smoothing=0.050
D step=5/5 epoch=1/3 loss=0.2485 l2=0.2000 label_smoothing=0.050
D step=5/5 epoch=2/3 loss=0.2431 l2=0.2000 label_smoothing=0.050
D step=5/5 epoch=3/3 loss=0.2433 l2=0.2000 label_smoothing=0.050
ADV epoch=1/200 g_loss=0.2837 d_loss=0.2352 reward=0.3565 reward_var=0.0079 unique=1.0000
D step=1/5 epoch=1/3 loss=0.2351 l2=0.2000 label_smoothing=0.050
D step=1/5 epoch=2/3 loss=0.2065 l2=0.2000 label_smoothing=0.050
D step=1/5 epoch=3/3 loss=0.2175 l2=0.2000 label_smoothing=0.050
D step=2/5 epoch=1/3 loss=0.2348 l2=0.2000 label_smoothing=0.050
D step=2/5 epoch=2/3 loss=0.2404 l2=0.2000 label_smoothing=0.050
D step=2/5 epoch=3/3 loss=0.2321 l2=0.2000 label_smoothing=0.050
D step=3/5 epoch=1/3 loss=0.2241 l2=0.2000 label_smoothing=0.050
D step=3/5 epoch=2/3 loss=0.2240 l2=0.2000 label_smoothing=0.050
D step=3/5 epoch=3/3 loss=0.2133 l2=0.2000 label_smoothing=0.050
D step=4/5 epoch=1/3 loss=0.2152 l2=0.2000 label_smoothing=0.050
D step=4/5 epoch=2/3 loss=0.2157 l2=0.2000 label_smoothing=0.050
D step=4/5 epoch=3/3 loss=0.2133 l2=0.2000 label_smoothing=0.050
D step=5/5 epoch=1/3 loss=0.2036 l2=0.2000 label_smoothing=0.050
D step=5/5 epoch=2/3 loss=0.2030 l2=0.2000 label_smoothing=0.050
D step=5/5 epoch=3/3 loss=0.1954 l2=0.2000 label_smoothing=0.050
ADV epoch=2/200 g_loss=0.2868 d_loss=0.2183 reward=0.3640 reward_var=0.0076 unique=1.0000
D step=1/5 epoch=1/3 loss=0.1973 l2=0.2000 label_smoothing=0.050
D step=1/5 epoch=2/3 loss=0.1923 l2=0.2000 label_smoothing=0.050
D step=1/5 epoch=3/3 loss=0.1843 l2=0.2000 label_smoothing=0.050
D step=2/5 epoch=1/3 loss=0.1915 l2=0.2000 label_smoothing=0.050
D step=2/5 epoch=2/3 loss=0.1876 l2=0.2000 label_smoothing=0.050
D step=2/5 epoch=3/3 loss=0.1828 l2=0.2000 label_smoothing=0.050
D step=3/5 epoch=1/3 loss=0.1910 l2=0.2000 label_smoothing=0.050
D step=3/5 epoch=2/3 loss=0.1898 l2=0.2000 label_smoothing=0.050
D step=3/5 epoch=3/3 loss=0.1889 l2=0.2000 label_smoothing=0.050
D step=4/5 epoch=1/3 loss=0.1823 l2=0.2000 label_smoothing=0.050
D step=4/5 epoch=2/3 loss=0.1798 l2=0.2000 label_smoothing=0.050
D step=4/5 epoch=3/3 loss=0.1833 l2=0.2000 label_smoothing=0.050
D step=5/5 epoch=1/3 loss=0.1953 l2=0.2000 label_smoothing=0.050
D step=5/5 epoch=2/3 loss=0.1905 l2=0.2000 label_smoothing=0.050
D step=5/5 epoch=3/3 loss=0.1893 l2=0.2000 label_smoothing=0.050
ADV epoch=3/200 g_loss=0.3121 d_loss=0.1884 reward=0.3684 reward_var=0.0069 unique=0.9800
D step=1/5 epoch=1/3 loss=0.1924 l2=0.2000 label_smoothing=0.050
D step=1/5 epoch=2/3 loss=0.1832 l2=0.2000 label_smoothing=0.050
D step=1/5 epoch=3/3 loss=0.1812 l2=0.2000 label_smoothing=0.050
D step=2/5 epoch=1/3 loss=0.1821 l2=0.2000 label_smoothing=0.050
D step=2/5 epoch=2/3 loss=0.1794 l2=0.2000 label_smoothing=0.050
D step=2/5 epoch=3/3 loss=0.1765 l2=0.2000 label_smoothing=0.050
D step=3/5 epoch=1/3 loss=0.1819 l2=0.2000 label_smoothing=0.050
D step=3/5 epoch=2/3 loss=0.1788 l2=0.2000 label_smoothing=0.050
D step=3/5 epoch=3/3 loss=0.1740 l2=0.2000 label_smoothing=0.050
D step=4/5 epoch=1/3 loss=0.1784 l2=0.2000 label_smoothing=0.050
D step=4/5 epoch=2/3 loss=0.1782 l2=0.2000 label_smoothing=0.050
D step=4/5 epoch=3/3 loss=0.1771 l2=0.2000 label_smoothing=0.050
D step=5/5 epoch=1/3 loss=0.1836 l2=0.2000 label_smoothing=0.050
D step=5/5 epoch=2/3 loss=0.1753 l2=0.2000 label_smoothing=0.050
D step=5/5 epoch=3/3 loss=0.1726 l2=0.2000 label_smoothing=0.050
ADV epoch=4/200 g_loss=0.3216 d_loss=0.1796 reward=0.3593 reward_var=0.0069 unique=1.0000
D step=1/5 epoch=1/3 loss=0.2170 l2=0.2000 label_smoothing=0.050
D step=1/5 epoch=2/3 loss=0.2192 l2=0.2000 label_smoothing=0.050
D step=1/5 epoch=3/3 loss=0.2060 l2=0.2000 label_smoothing=0.050
D step=2/5 epoch=1/3 loss=0.1837 l2=0.2000 label_smoothing=0.050
D step=2/5 epoch=2/3 loss=0.1822 l2=0.2000 label_smoothing=0.050
D step=2/5 epoch=3/3 loss=0.1826 l2=0.2000 label_smoothing=0.050
D step=3/5 epoch=1/3 loss=0.1797 l2=0.2000 label_smoothing=0.050
D step=3/5 epoch=2/3 loss=0.1792 l2=0.2000 label_smoothing=0.050
D step=3/5 epoch=3/3 loss=0.1785 l2=0.2000 label_smoothing=0.050
D step=4/5 epoch=1/3 loss=0.1794 l2=0.2000 label_smoothing=0.050
D step=4/5 epoch=2/3 loss=0.1811 l2=0.2000 label_smoothing=0.050
D step=4/5 epoch=3/3 loss=0.1804 l2=0.2000 label_smoothing=0.050
D step=5/5 epoch=1/3 loss=0.1707 l2=0.2000 label_smoothing=0.050
D step=5/5 epoch=2/3 loss=0.1714 l2=0.2000 label_smoothing=0.050
D step=5/5 epoch=3/3 loss=0.1687 l2=0.2000 label_smoothing=0.050
ADV epoch=5/200 g_loss=0.3182 d_loss=0.1853 reward=0.3689 reward_var=0.0091 unique=0.9800
D step=1/5 epoch=1/3 loss=0.2007 l2=0.2000 label_smoothing=0.050
D step=1/5 epoch=2/3 loss=0.1988 l2=0.2000 label_smoothing=0.050
D step=1/5 epoch=3/3 loss=0.1913 l2=0.2000 label_smoothing=0.050
D step=2/5 epoch=1/3 loss=0.1984 l2=0.2000 label_smoothing=0.050
D step=2/5 epoch=2/3 loss=0.1948 l2=0.2000 label_smoothing=0.050
D step=2/5 epoch=3/3 loss=0.1901 l2=0.2000 label_smoothing=0.050
D step=3/5 epoch=1/3 loss=0.1859 l2=0.2000 label_smoothing=0.050
D step=3/5 epoch=2/3 loss=0.1727 l2=0.2000 label_smoothing=0.050
D step=3/5 epoch=3/3 loss=0.1715 l2=0.2000 label_smoothing=0.050
D step=4/5 epoch=1/3 loss=0.1871 l2=0.2000 label_smoothing=0.050
D step=4/5 epoch=2/3 loss=0.1800 l2=0.2000 label_smoothing=0.050
D step=4/5 epoch=3/3 loss=0.1750 l2=0.2000 label_smoothing=0.050
D step=5/5 epoch=1/3 loss=0.1817 l2=0.2000 label_smoothing=0.050
D step=5/5 epoch=2/3 loss=0.1892 l2=0.2000 label_smoothing=0.050
D step=5/5 epoch=3/3 loss=0.1863 l2=0.2000 label_smoothing=0.050
ADV epoch=6/200 g_loss=0.2973 d_loss=0.1869 reward=0.3403 reward_var=0.0027 unique=0.9800
D step=1/5 epoch=1/3 loss=0.1817 l2=0.2000 label_smoothing=0.050
D step=1/5 epoch=2/3 loss=0.1692 l2=0.2000 label_smoothing=0.050
D step=1/5 epoch=3/3 loss=0.1723 l2=0.2000 label_smoothing=0.050
D step=2/5 epoch=1/3 loss=0.2044 l2=0.2000 label_smoothing=0.050
D step=2/5 epoch=2/3 loss=0.2053 l2=0.2000 label_smoothing=0.050
D step=2/5 epoch=3/3 loss=0.1938 l2=0.2000 label_smoothing=0.050
D step=3/5 epoch=1/3 loss=0.1767 l2=0.2000 label_smoothing=0.050
D step=3/5 epoch=2/3 loss=0.1798 l2=0.2000 label_smoothing=0.050
D step=3/5 epoch=3/3 loss=0.1775 l2=0.2000 label_smoothing=0.050
D step=4/5 epoch=1/3 loss=0.1911 l2=0.2000 label_smoothing=0.050
D step=4/5 epoch=2/3 loss=0.1868 l2=0.2000 label_smoothing=0.050
D step=4/5 epoch=3/3 loss=0.1869 l2=0.2000 label_smoothing=0.050
D step=5/5 epoch=1/3 loss=0.2054 l2=0.2000 label_smoothing=0.050
D step=5/5 epoch=2/3 loss=0.1965 l2=0.2000 label_smoothing=0.050
D step=5/5 epoch=3/3 loss=0.1902 l2=0.2000 label_smoothing=0.050
ADV epoch=7/200 g_loss=0.2669 d_loss=0.1878 reward=0.3164 reward_var=0.0025 unique=0.9800
D step=1/5 epoch=1/3 loss=0.1709 l2=0.2000 label_smoothing=0.050
D step=1/5 epoch=2/3 loss=0.1690 l2=0.2000 label_smoothing=0.050
D step=1/5 epoch=3/3 loss=0.1635 l2=0.2000 label_smoothing=0.050
D step=2/5 epoch=1/3 loss=0.2084 l2=0.2000 label_smoothing=0.050
D step=2/5 epoch=2/3 loss=0.2018 l2=0.2000 label_smoothing=0.050
D step=2/5 epoch=3/3 loss=0.1938 l2=0.2000 label_smoothing=0.050
D step=3/5 epoch=1/3 loss=0.1896 l2=0.2000 label_smoothing=0.050
D step=3/5 epoch=2/3 loss=0.1891 l2=0.2000 label_smoothing=0.050
D step=3/5 epoch=3/3 loss=0.1867 l2=0.2000 label_smoothing=0.050
D step=4/5 epoch=1/3 loss=0.2159 l2=0.2000 label_smoothing=0.050
D step=4/5 epoch=2/3 loss=0.2164 l2=0.2000 label_smoothing=0.050
D step=4/5 epoch=3/3 loss=0.2128 l2=0.2000 label_smoothing=0.050
D step=5/5 epoch=1/3 loss=0.1916 l2=0.2000 label_smoothing=0.050
D step=5/5 epoch=2/3 loss=0.1882 l2=0.2000 label_smoothing=0.050
D step=5/5 epoch=3/3 loss=0.1868 l2=0.2000 label_smoothing=0.050
ADV epoch=8/200 g_loss=0.3079 d_loss=0.1923 reward=0.3331 reward_var=0.0033 unique=1.0000
D step=1/5 epoch=1/3 loss=0.1845 l2=0.2000 label_smoothing=0.050
D step=1/5 epoch=2/3 loss=0.1700 l2=0.2000 label_smoothing=0.050
D step=1/5 epoch=3/3 loss=0.1705 l2=0.2000 label_smoothing=0.050
D step=2/5 epoch=1/3 loss=0.1852 l2=0.2000 label_smoothing=0.050
D step=2/5 epoch=2/3 loss=0.1859 l2=0.2000 label_smoothing=0.050
D step=2/5 epoch=3/3 loss=0.1792 l2=0.2000 label_smoothing=0.050
D step=3/5 epoch=1/3 loss=0.2330 l2=0.2000 label_smoothing=0.050
D step=3/5 epoch=2/3 loss=0.2197 l2=0.2000 label_smoothing=0.050
D step=3/5 epoch=3/3 loss=0.2154 l2=0.2000 label_smoothing=0.050
D step=4/5 epoch=1/3 loss=0.1874 l2=0.2000 label_smoothing=0.050
D step=4/5 epoch=2/3 loss=0.1840 l2=0.2000 label_smoothing=0.050
D step=4/5 epoch=3/3 loss=0.1803 l2=0.2000 label_smoothing=0.050
D step=5/5 epoch=1/3 loss=0.2645 l2=0.2000 label_smoothing=0.050
D step=5/5 epoch=2/3 loss=0.2364 l2=0.2000 label_smoothing=0.050
D step=5/5 epoch=3/3 loss=0.2399 l2=0.2000 label_smoothing=0.050
ADV epoch=9/200 g_loss=0.2724 d_loss=0.2024 reward=0.3471 reward_var=0.0041 unique=0.9800
D step=1/5 epoch=1/3 loss=0.2386 l2=0.2000 label_smoothing=0.050
D step=1/5 epoch=2/3 loss=0.2173 l2=0.2000 label_smoothing=0.050
D step=1/5 epoch=3/3 loss=0.2141 l2=0.2000 label_smoothing=0.050
D step=2/5 epoch=1/3 loss=0.2192 l2=0.2000 label_smoothing=0.050
D step=2/5 epoch=2/3 loss=0.2065 l2=0.2000 label_smoothing=0.050
D step=2/5 epoch=3/3 loss=0.2218 l2=0.2000 label_smoothing=0.050
D step=3/5 epoch=1/3 loss=0.2170 l2=0.2000 label_smoothing=0.050
D step=3/5 epoch=2/3 loss=0.2048 l2=0.2000 label_smoothing=0.050
D step=3/5 epoch=3/3 loss=0.2033 l2=0.2000 label_smoothing=0.050
D step=4/5 epoch=1/3 loss=0.1966 l2=0.2000 label_smoothing=0.050
D step=4/5 epoch=2/3 loss=0.1913 l2=0.2000 label_smoothing=0.050
D step=4/5 epoch=3/3 loss=0.1884 l2=0.2000 label_smoothing=0.050
D step=5/5 epoch=1/3 loss=0.1884 l2=0.2000 label_smoothing=0.050
D step=5/5 epoch=2/3 loss=0.1838 l2=0.2000 label_smoothing=0.050
D step=5/5 epoch=3/3 loss=0.1826 l2=0.2000 label_smoothing=0.050
ADV epoch=10/200 g_loss=0.2538 d_loss=0.2049 reward=0.3109 reward_var=0.0018 unique=0.9800
D step=1/5 epoch=1/3 loss=0.1916 l2=0.2000 label_smoothing=0.050
D step=1/5 epoch=2/3 loss=0.1820 l2=0.2000 label_smoothing=0.050
D step=1/5 epoch=3/3 loss=0.1773 l2=0.2000 label_smoothing=0.050
D step=2/5 epoch=1/3 loss=0.2518 l2=0.2000 label_smoothing=0.050
D step=2/5 epoch=2/3 loss=0.2177 l2=0.2000 label_smoothing=0.050
D step=2/5 epoch=3/3 loss=0.2237 l2=0.2000 label_smoothing=0.050
D step=3/5 epoch=1/3 loss=0.2156 l2=0.2000 label_smoothing=0.050
D step=3/5 epoch=2/3 loss=0.2064 l2=0.2000 label_smoothing=0.050
D step=3/5 epoch=3/3 loss=0.2005 l2=0.2000 label_smoothing=0.050
D step=4/5 epoch=1/3 loss=0.2353 l2=0.2000 label_smoothing=0.050
D step=4/5 epoch=2/3 loss=0.2333 l2=0.2000 label_smoothing=0.050
D step=4/5 epoch=3/3 loss=0.2187 l2=0.2000 label_smoothing=0.050
D step=5/5 epoch=1/3 loss=0.2277 l2=0.2000 label_smoothing=0.050
D step=5/5 epoch=2/3 loss=0.2245 l2=0.2000 label_smoothing=0.050
D step=5/5 epoch=3/3 loss=0.2142 l2=0.2000 label_smoothing=0.050
ADV epoch=11/200 g_loss=0.2502 d_loss=0.2147 reward=0.3502 reward_var=0.0073 unique=0.9800
D step=1/5 epoch=1/3 loss=0.2386 l2=0.2000 label_smoothing=0.050
D step=1/5 epoch=2/3 loss=0.2241 l2=0.2000 label_smoothing=0.050
D step=1/5 epoch=3/3 loss=0.2219 l2=0.2000 label_smoothing=0.050
D step=2/5 epoch=1/3 loss=0.2383 l2=0.2000 label_smoothing=0.050
D step=2/5 epoch=2/3 loss=0.2381 l2=0.2000 label_smoothing=0.050
D step=2/5 epoch=3/3 loss=0.2166 l2=0.2000 label_smoothing=0.050
D step=3/5 epoch=1/3 loss=0.2108 l2=0.2000 label_smoothing=0.050
D step=3/5 epoch=2/3 loss=0.2096 l2=0.2000 label_smoothing=0.050
D step=3/5 epoch=3/3 loss=0.1993 l2=0.2000 label_smoothing=0.050
D step=4/5 epoch=1/3 loss=0.2254 l2=0.2000 label_smoothing=0.050
D step=4/5 epoch=2/3 loss=0.2159 l2=0.2000 label_smoothing=0.050
D step=4/5 epoch=3/3 loss=0.2080 l2=0.2000 label_smoothing=0.050
D step=5/5 epoch=1/3 loss=0.2214 l2=0.2000 label_smoothing=0.050
D step=5/5 epoch=2/3 loss=0.2096 l2=0.2000 label_smoothing=0.050
D step=5/5 epoch=3/3 loss=0.2051 l2=0.2000 label_smoothing=0.050
ADV epoch=12/200 g_loss=0.2652 d_loss=0.2189 reward=0.3570 reward_var=0.0057 unique=1.0000
D step=1/5 epoch=1/3 loss=0.2333 l2=0.2000 label_smoothing=0.050
D step=1/5 epoch=2/3 loss=0.2102 l2=0.2000 label_smoothing=0.050
D step=1/5 epoch=3/3 loss=0.2063 l2=0.2000 label_smoothing=0.050
D step=2/5 epoch=1/3 loss=0.2214 l2=0.2000 label_smoothing=0.050
D step=2/5 epoch=2/3 loss=0.2203 l2=0.2000 label_smoothing=0.050
D step=2/5 epoch=3/3 loss=0.2117 l2=0.2000 label_smoothing=0.050
D step=3/5 epoch=1/3 loss=0.1958 l2=0.2000 label_smoothing=0.050
D step=3/5 epoch=2/3 loss=0.1977 l2=0.2000 label_smoothing=0.050
D step=3/5 epoch=3/3 loss=0.1895 l2=0.2000 label_smoothing=0.050
D step=4/5 epoch=1/3 loss=0.1945 l2=0.2000 label_smoothing=0.050
D step=4/5 epoch=2/3 loss=0.1879 l2=0.2000 label_smoothing=0.050
D step=4/5 epoch=3/3 loss=0.1879 l2=0.2000 label_smoothing=0.050
D step=5/5 epoch=1/3 loss=0.1859 l2=0.2000 label_smoothing=0.050
D step=5/5 epoch=2/3 loss=0.1902 l2=0.2000 label_smoothing=0.050
D step=5/5 epoch=3/3 loss=0.1781 l2=0.2000 label_smoothing=0.050
ADV epoch=13/200 g_loss=0.2224 d_loss=0.2007 reward=0.3387 reward_var=0.0032 unique=1.0000
D step=1/5 epoch=1/3 loss=0.1885 l2=0.2000 label_smoothing=0.050
D step=1/5 epoch=2/3 loss=0.1675 l2=0.2000 label_smoothing=0.050
D step=1/5 epoch=3/3 loss=0.1729 l2=0.2000 label_smoothing=0.050
D step=2/5 epoch=1/3 loss=0.2037 l2=0.2000 label_smoothing=0.050
D step=2/5 epoch=2/3 loss=0.1906 l2=0.2000 label_smoothing=0.050
D step=2/5 epoch=3/3 loss=0.1912 l2=0.2000 label_smoothing=0.050
D step=3/5 epoch=1/3 loss=0.1829 l2=0.2000 label_smoothing=0.050
D step=3/5 epoch=2/3 loss=0.1776 l2=0.2000 label_smoothing=0.050
D step=3/5 epoch=3/3 loss=0.1727 l2=0.2000 label_smoothing=0.050
D step=4/5 epoch=1/3 loss=0.1695 l2=0.2000 label_smoothing=0.050
D step=4/5 epoch=2/3 loss=0.1664 l2=0.2000 label_smoothing=0.050
D step=4/5 epoch=3/3 loss=0.1635 l2=0.2000 label_smoothing=0.050
D step=5/5 epoch=1/3 loss=0.2065 l2=0.2000 label_smoothing=0.050
D step=5/5 epoch=2/3 loss=0.2040 l2=0.2000 label_smoothing=0.050
D step=5/5 epoch=3/3 loss=0.1960 l2=0.2000 label_smoothing=0.050
ADV epoch=14/200 g_loss=0.2304 d_loss=0.1836 reward=0.3828 reward_var=0.0085 unique=1.0000
D step=1/5 epoch=1/3 loss=0.1829 l2=0.2000 label_smoothing=0.050
D step=1/5 epoch=2/3 loss=0.1787 l2=0.2000 label_smoothing=0.050
D step=1/5 epoch=3/3 loss=0.1780 l2=0.2000 label_smoothing=0.050
D step=2/5 epoch=1/3 loss=0.1925 l2=0.2000 label_smoothing=0.050
D step=2/5 epoch=2/3 loss=0.1933 l2=0.2000 label_smoothing=0.050
D step=2/5 epoch=3/3 loss=0.1966 l2=0.2000 label_smoothing=0.050
D step=3/5 epoch=1/3 loss=0.2037 l2=0.2000 label_smoothing=0.050
D step=3/5 epoch=2/3 loss=0.2037 l2=0.2000 label_smoothing=0.050
D step=3/5 epoch=3/3 loss=0.1940 l2=0.2000 label_smoothing=0.050
D step=4/5 epoch=1/3 loss=0.2079 l2=0.2000 label_smoothing=0.050
D step=4/5 epoch=2/3 loss=0.2020 l2=0.2000 label_smoothing=0.050
D step=4/5 epoch=3/3 loss=0.1924 l2=0.2000 label_smoothing=0.050
D step=5/5 epoch=1/3 loss=0.1906 l2=0.2000 label_smoothing=0.050
D step=5/5 epoch=2/3 loss=0.1876 l2=0.2000 label_smoothing=0.050
D step=5/5 epoch=3/3 loss=0.1841 l2=0.2000 label_smoothing=0.050
ADV epoch=15/200 g_loss=0.2130 d_loss=0.1925 reward=0.3458 reward_var=0.0087 unique=0.9800
D step=1/5 epoch=1/3 loss=0.2302 l2=0.2000 label_smoothing=0.050
D step=1/5 epoch=2/3 loss=0.2102 l2=0.2000 label_smoothing=0.050
D step=1/5 epoch=3/3 loss=0.2034 l2=0.2000 label_smoothing=0.050
D step=2/5 epoch=1/3 loss=0.2050 l2=0.2000 label_smoothing=0.050
D step=2/5 epoch=2/3 loss=0.2038 l2=0.2000 label_smoothing=0.050
D step=2/5 epoch=3/3 loss=0.2051 l2=0.2000 label_smoothing=0.050
D step=3/5 epoch=1/3 loss=0.2014 l2=0.2000 label_smoothing=0.050
D step=3/5 epoch=2/3 loss=0.1936 l2=0.2000 label_smoothing=0.050
D step=3/5 epoch=3/3 loss=0.1895 l2=0.2000 label_smoothing=0.050
D step=4/5 epoch=1/3 loss=0.2115 l2=0.2000 label_smoothing=0.050
D step=4/5 epoch=2/3 loss=0.2242 l2=0.2000 label_smoothing=0.050
D step=4/5 epoch=3/3 loss=0.2131 l2=0.2000 label_smoothing=0.050
D step=5/5 epoch=1/3 loss=0.1827 l2=0.2000 label_smoothing=0.050
D step=5/5 epoch=2/3 loss=0.1775 l2=0.2000 label_smoothing=0.050
D step=5/5 epoch=3/3 loss=0.1766 l2=0.2000 label_smoothing=0.050
ADV epoch=16/200 g_loss=0.2144 d_loss=0.2019 reward=0.3856 reward_var=0.0081 unique=0.9600
D step=1/5 epoch=1/3 loss=0.2950 l2=0.2000 label_smoothing=0.050
D step=1/5 epoch=2/3 loss=0.2581 l2=0.2000 label_smoothing=0.050
D step=1/5 epoch=3/3 loss=0.2745 l2=0.2000 label_smoothing=0.050
D step=2/5 epoch=1/3 loss=0.2417 l2=0.2000 label_smoothing=0.050
D step=2/5 epoch=2/3 loss=0.2428 l2=0.2000 label_smoothing=0.050
D step=2/5 epoch=3/3 loss=0.2482 l2=0.2000 label_smoothing=0.050
D step=3/5 epoch=1/3 loss=0.2196 l2=0.2000 label_smoothing=0.050
D step=3/5 epoch=2/3 loss=0.2243 l2=0.2000 label_smoothing=0.050
D step=3/5 epoch=3/3 loss=0.2291 l2=0.2000 label_smoothing=0.050
D step=4/5 epoch=1/3 loss=0.2199 l2=0.2000 label_smoothing=0.050
D step=4/5 epoch=2/3 loss=0.2103 l2=0.2000 label_smoothing=0.050
D step=4/5 epoch=3/3 loss=0.2073 l2=0.2000 label_smoothing=0.050
D step=5/5 epoch=1/3 loss=0.2273 l2=0.2000 label_smoothing=0.050
D step=5/5 epoch=2/3 loss=0.2212 l2=0.2000 label_smoothing=0.050
D step=5/5 epoch=3/3 loss=0.2239 l2=0.2000 label_smoothing=0.050
ADV epoch=17/200 g_loss=0.2227 d_loss=0.2362 reward=0.4084 reward_var=0.0108 unique=0.9000
D step=1/5 epoch=1/3 loss=0.1999 l2=0.2000 label_smoothing=0.050
D step=1/5 epoch=2/3 loss=0.1924 l2=0.2000 label_smoothing=0.050
D step=1/5 epoch=3/3 loss=0.1954 l2=0.2000 label_smoothing=0.050
D step=2/5 epoch=1/3 loss=0.2030 l2=0.2000 label_smoothing=0.050
D step=2/5 epoch=2/3 loss=0.2021 l2=0.2000 label_smoothing=0.050
D step=2/5 epoch=3/3 loss=0.1986 l2=0.2000 label_smoothing=0.050
D step=3/5 epoch=1/3 loss=0.2015 l2=0.2000 label_smoothing=0.050
D step=3/5 epoch=2/3 loss=0.1952 l2=0.2000 label_smoothing=0.050
D step=3/5 epoch=3/3 loss=0.2044 l2=0.2000 label_smoothing=0.050
D step=4/5 epoch=1/3 loss=0.2245 l2=0.2000 label_smoothing=0.050
D step=4/5 epoch=2/3 loss=0.2079 l2=0.2000 label_smoothing=0.050
D step=4/5 epoch=3/3 loss=0.2268 l2=0.2000 label_smoothing=0.050
D step=5/5 epoch=1/3 loss=0.2261 l2=0.2000 label_smoothing=0.050
D step=5/5 epoch=2/3 loss=0.2156 l2=0.2000 label_smoothing=0.050
D step=5/5 epoch=3/3 loss=0.2203 l2=0.2000 label_smoothing=0.050
ADV epoch=18/200 g_loss=0.1704 d_loss=0.2076 reward=0.3700 reward_var=0.0082 unique=0.9000
D step=1/5 epoch=1/3 loss=0.2040 l2=0.2000 label_smoothing=0.050
D step=1/5 epoch=2/3 loss=0.1968 l2=0.2000 label_smoothing=0.050
D step=1/5 epoch=3/3 loss=0.1922 l2=0.2000 label_smoothing=0.050
D step=2/5 epoch=1/3 loss=0.2134 l2=0.2000 label_smoothing=0.050
D step=2/5 epoch=2/3 loss=0.2042 l2=0.2000 label_smoothing=0.050
D step=2/5 epoch=3/3 loss=0.2053 l2=0.2000 label_smoothing=0.050
D step=3/5 epoch=1/3 loss=0.1930 l2=0.2000 label_smoothing=0.050
D step=3/5 epoch=2/3 loss=0.1896 l2=0.2000 label_smoothing=0.050
D step=3/5 epoch=3/3 loss=0.1889 l2=0.2000 label_smoothing=0.050
D step=4/5 epoch=1/3 loss=0.2057 l2=0.2000 label_smoothing=0.050
D step=4/5 epoch=2/3 loss=0.2070 l2=0.2000 label_smoothing=0.050
D step=4/5 epoch=3/3 loss=0.2008 l2=0.2000 label_smoothing=0.050
D step=5/5 epoch=1/3 loss=0.2090 l2=0.2000 label_smoothing=0.050
D step=5/5 epoch=2/3 loss=0.2126 l2=0.2000 label_smoothing=0.050
D step=5/5 epoch=3/3 loss=0.2007 l2=0.2000 label_smoothing=0.050
ADV epoch=19/200 g_loss=0.1401 d_loss=0.2015 reward=0.4033 reward_var=0.0104 unique=0.9600
D step=1/5 epoch=1/3 loss=0.2434 l2=0.2000 label_smoothing=0.050
D step=1/5 epoch=2/3 loss=0.1989 l2=0.2000 label_smoothing=0.050
D step=1/5 epoch=3/3 loss=0.2058 l2=0.2000 label_smoothing=0.050
D step=2/5 epoch=1/3 loss=0.2234 l2=0.2000 label_smoothing=0.050
D step=2/5 epoch=2/3 loss=0.1977 l2=0.2000 label_smoothing=0.050
D step=2/5 epoch=3/3 loss=0.2003 l2=0.2000 label_smoothing=0.050
D step=3/5 epoch=1/3 loss=0.2034 l2=0.2000 label_smoothing=0.050
D step=3/5 epoch=2/3 loss=0.1982 l2=0.2000 label_smoothing=0.050
D step=3/5 epoch=3/3 loss=0.1879 l2=0.2000 label_smoothing=0.050
D step=4/5 epoch=1/3 loss=0.2196 l2=0.2000 label_smoothing=0.050
D step=4/5 epoch=2/3 loss=0.2148 l2=0.2000 label_smoothing=0.050
D step=4/5 epoch=3/3 loss=0.2096 l2=0.2000 label_smoothing=0.050
D step=5/5 epoch=1/3 loss=0.2196 l2=0.2000 label_smoothing=0.050
D step=5/5 epoch=2/3 loss=0.2309 l2=0.2000 label_smoothing=0.050
D step=5/5 epoch=3/3 loss=0.2197 l2=0.2000 label_smoothing=0.050
ADV epoch=20/200 g_loss=0.1388 d_loss=0.2115 reward=0.3657 reward_var=0.0034 unique=0.8600
D step=1/5 epoch=1/3 loss=0.2147 l2=0.2000 label_smoothing=0.050
D step=1/5 epoch=2/3 loss=0.2051 l2=0.2000 label_smoothing=0.050
D step=1/5 epoch=3/3 loss=0.1987 l2=0.2000 label_smoothing=0.050
D step=2/5 epoch=1/3 loss=0.1996 l2=0.2000 label_smoothing=0.050
D step=2/5 epoch=2/3 loss=0.1973 l2=0.2000 label_smoothing=0.050
D step=2/5 epoch=3/3 loss=0.1964 l2=0.2000 label_smoothing=0.050
D step=3/5 epoch=1/3 loss=0.2157 l2=0.2000 label_smoothing=0.050
D step=3/5 epoch=2/3 loss=0.2108 l2=0.2000 label_smoothing=0.050
D step=3/5 epoch=3/3 loss=0.2131 l2=0.2000 label_smoothing=0.050
D step=4/5 epoch=1/3 loss=0.2145 l2=0.2000 label_smoothing=0.050
D step=4/5 epoch=2/3 loss=0.2097 l2=0.2000 label_smoothing=0.050
D step=4/5 epoch=3/3 loss=0.2158 l2=0.2000 label_smoothing=0.050
D step=5/5 epoch=1/3 loss=0.2117 l2=0.2000 label_smoothing=0.050
D step=5/5 epoch=2/3 loss=0.2008 l2=0.2000 label_smoothing=0.050
D step=5/5 epoch=3/3 loss=0.2043 l2=0.2000 label_smoothing=0.050
ADV epoch=21/200 g_loss=0.1184 d_loss=0.2072 reward=0.3401 reward_var=0.0035 unique=0.9200
D step=1/5 epoch=1/3 loss=0.2098 l2=0.2000 label_smoothing=0.050
D step=1/5 epoch=2/3 loss=0.1970 l2=0.2000 label_smoothing=0.050
D step=1/5 epoch=3/3 loss=0.2031 l2=0.2000 label_smoothing=0.050
D step=2/5 epoch=1/3 loss=0.2172 l2=0.2000 label_smoothing=0.050
D step=2/5 epoch=2/3 loss=0.2140 l2=0.2000 label_smoothing=0.050
D step=2/5 epoch=3/3 loss=0.2035 l2=0.2000 label_smoothing=0.050
D step=3/5 epoch=1/3 loss=0.1974 l2=0.2000 label_smoothing=0.050
D step=3/5 epoch=2/3 loss=0.1933 l2=0.2000 label_smoothing=0.050
D step=3/5 epoch=3/3 loss=0.1924 l2=0.2000 label_smoothing=0.050
D step=4/5 epoch=1/3 loss=0.1953 l2=0.2000 label_smoothing=0.050
D step=4/5 epoch=2/3 loss=0.1901 l2=0.2000 label_smoothing=0.050
D step=4/5 epoch=3/3 loss=0.1952 l2=0.2000 label_smoothing=0.050
D step=5/5 epoch=1/3 loss=0.2067 l2=0.2000 label_smoothing=0.050
D step=5/5 epoch=2/3 loss=0.2077 l2=0.2000 label_smoothing=0.050
D step=5/5 epoch=3/3 loss=0.2071 l2=0.2000 label_smoothing=0.050
ADV epoch=22/200 g_loss=0.1153 d_loss=0.2020 reward=0.3585 reward_var=0.0025 unique=0.8600
D step=1/5 epoch=1/3 loss=0.2078 l2=0.2000 label_smoothing=0.050
D step=1/5 epoch=2/3 loss=0.2016 l2=0.2000 label_smoothing=0.050
D step=1/5 epoch=3/3 loss=0.1945 l2=0.2000 label_smoothing=0.050
D step=2/5 epoch=1/3 loss=0.2000 l2=0.2000 label_smoothing=0.050
D step=2/5 epoch=2/3 loss=0.1968 l2=0.2000 label_smoothing=0.050
D step=2/5 epoch=3/3 loss=0.1948 l2=0.2000 label_smoothing=0.050
D step=3/5 epoch=1/3 loss=0.1803 l2=0.2000 label_smoothing=0.050
D step=3/5 epoch=2/3 loss=0.1779 l2=0.2000 label_smoothing=0.050
D step=3/5 epoch=3/3 loss=0.1796 l2=0.2000 label_smoothing=0.050
D step=4/5 epoch=1/3 loss=0.1917 l2=0.2000 label_smoothing=0.050
D step=4/5 epoch=2/3 loss=0.1941 l2=0.2000 label_smoothing=0.050
D step=4/5 epoch=3/3 loss=0.1925 l2=0.2000 label_smoothing=0.050
D step=5/5 epoch=1/3 loss=0.2019 l2=0.2000 label_smoothing=0.050
D step=5/5 epoch=2/3 loss=0.1988 l2=0.2000 label_smoothing=0.050
D step=5/5 epoch=3/3 loss=0.1991 l2=0.2000 label_smoothing=0.050
ADV epoch=23/200 g_loss=0.1401 d_loss=0.1941 reward=0.3571 reward_var=0.0052 unique=0.8800
D step=1/5 epoch=1/3 loss=0.2036 l2=0.2000 label_smoothing=0.050
D step=1/5 epoch=2/3 loss=0.1941 l2=0.2000 label_smoothing=0.050
D step=1/5 epoch=3/3 loss=0.1986 l2=0.2000 label_smoothing=0.050
D step=2/5 epoch=1/3 loss=0.2145 l2=0.2000 label_smoothing=0.050
D step=2/5 epoch=2/3 loss=0.2241 l2=0.2000 label_smoothing=0.050
D step=2/5 epoch=3/3 loss=0.2199 l2=0.2000 label_smoothing=0.050
D step=3/5 epoch=1/3 loss=0.2086 l2=0.2000 label_smoothing=0.050
D step=3/5 epoch=2/3 loss=0.2061 l2=0.2000 label_smoothing=0.050
D step=3/5 epoch=3/3 loss=0.1947 l2=0.2000 label_smoothing=0.050
D step=4/5 epoch=1/3 loss=0.1823 l2=0.2000 label_smoothing=0.050
D step=4/5 epoch=2/3 loss=0.1823 l2=0.2000 label_smoothing=0.050
D step=4/5 epoch=3/3 loss=0.1855 l2=0.2000 label_smoothing=0.050
D step=5/5 epoch=1/3 loss=0.2079 l2=0.2000 label_smoothing=0.050
D step=5/5 epoch=2/3 loss=0.1831 l2=0.2000 label_smoothing=0.050
D step=5/5 epoch=3/3 loss=0.1978 l2=0.2000 label_smoothing=0.050
ADV epoch=24/200 g_loss=0.1064 d_loss=0.2002 reward=0.3407 reward_var=0.0023 unique=0.8400
D step=1/5 epoch=1/3 loss=0.1870 l2=0.2000 label_smoothing=0.050
D step=1/5 epoch=2/3 loss=0.1992 l2=0.2000 label_smoothing=0.050
D step=1/5 epoch=3/3 loss=0.1946 l2=0.2000 label_smoothing=0.050
D step=2/5 epoch=1/3 loss=0.2069 l2=0.2000 label_smoothing=0.050
D step=2/5 epoch=2/3 loss=0.2025 l2=0.2000 label_smoothing=0.050
D step=2/5 epoch=3/3 loss=0.1953 l2=0.2000 label_smoothing=0.050
D step=3/5 epoch=1/3 loss=0.2519 l2=0.2000 label_smoothing=0.050
D step=3/5 epoch=2/3 loss=0.2163 l2=0.2000 label_smoothing=0.050
D step=3/5 epoch=3/3 loss=0.2115 l2=0.2000 label_smoothing=0.050
D step=4/5 epoch=1/3 loss=0.2220 l2=0.2000 label_smoothing=0.050
D step=4/5 epoch=2/3 loss=0.2099 l2=0.2000 label_smoothing=0.050
D step=4/5 epoch=3/3 loss=0.1935 l2=0.2000 label_smoothing=0.050
D step=5/5 epoch=1/3 loss=0.2154 l2=0.2000 label_smoothing=0.050
D step=5/5 epoch=2/3 loss=0.2231 l2=0.2000 label_smoothing=0.050
D step=5/5 epoch=3/3 loss=0.2195 l2=0.2000 label_smoothing=0.050
ADV epoch=25/200 g_loss=0.0954 d_loss=0.2099 reward=0.3226 reward_var=0.0002 unique=0.8800
D step=1/5 epoch=1/3 loss=0.2057 l2=0.2000 label_smoothing=0.050
D step=1/5 epoch=2/3 loss=0.1935 l2=0.2000 label_smoothing=0.050
D step=1/5 epoch=3/3 loss=0.1931 l2=0.2000 label_smoothing=0.050
D step=2/5 epoch=1/3 loss=0.2011 l2=0.2000 label_smoothing=0.050
D step=2/5 epoch=2/3 loss=0.1953 l2=0.2000 label_smoothing=0.050
D step=2/5 epoch=3/3 loss=0.1926 l2=0.2000 label_smoothing=0.050
D step=3/5 epoch=1/3 loss=0.1919 l2=0.2000 label_smoothing=0.050
D step=3/5 epoch=2/3 loss=0.1872 l2=0.2000 label_smoothing=0.050
D step=3/5 epoch=3/3 loss=0.1908 l2=0.2000 label_smoothing=0.050
D step=4/5 epoch=1/3 loss=0.1839 l2=0.2000 label_smoothing=0.050
D step=4/5 epoch=2/3 loss=0.1767 l2=0.2000 label_smoothing=0.050
D step=4/5 epoch=3/3 loss=0.1810 l2=0.2000 label_smoothing=0.050
D step=5/5 epoch=1/3 loss=0.2033 l2=0.2000 label_smoothing=0.050
D step=5/5 epoch=2/3 loss=0.1984 l2=0.2000 label_smoothing=0.050
D step=5/5 epoch=3/3 loss=0.2025 l2=0.2000 label_smoothing=0.050
ADV epoch=26/200 g_loss=0.1231 d_loss=0.1931 reward=0.3475 reward_var=0.0012 unique=0.7800
D step=1/5 epoch=1/3 loss=0.1941 l2=0.2000 label_smoothing=0.050
D step=1/5 epoch=2/3 loss=0.1899 l2=0.2000 label_smoothing=0.050
D step=1/5 epoch=3/3 loss=0.1885 l2=0.2000 label_smoothing=0.050
D step=2/5 epoch=1/3 loss=0.1894 l2=0.2000 label_smoothing=0.050
D step=2/5 epoch=2/3 loss=0.1889 l2=0.2000 label_smoothing=0.050
D step=2/5 epoch=3/3 loss=0.1856 l2=0.2000 label_smoothing=0.050
D step=3/5 epoch=1/3 loss=0.2081 l2=0.2000 label_smoothing=0.050
D step=3/5 epoch=2/3 loss=0.2076 l2=0.2000 label_smoothing=0.050
D step=3/5 epoch=3/3 loss=0.2073 l2=0.2000 label_smoothing=0.050
D step=4/5 epoch=1/3 loss=0.2103 l2=0.2000 label_smoothing=0.050
D step=4/5 epoch=2/3 loss=0.2113 l2=0.2000 label_smoothing=0.050
D step=4/5 epoch=3/3 loss=0.2039 l2=0.2000 label_smoothing=0.050
D step=5/5 epoch=1/3 loss=0.2110 l2=0.2000 label_smoothing=0.050
D step=5/5 epoch=2/3 loss=0.2030 l2=0.2000 label_smoothing=0.050
D step=5/5 epoch=3/3 loss=0.2119 l2=0.2000 label_smoothing=0.050
ADV epoch=27/200 g_loss=0.1110 d_loss=0.2007 reward=0.3412 reward_var=0.0035 unique=0.8400
D step=1/5 epoch=1/3 loss=0.2086 l2=0.2000 label_smoothing=0.050
D step=1/5 epoch=2/3 loss=0.1967 l2=0.2000 label_smoothing=0.050
D step=1/5 epoch=3/3 loss=0.1953 l2=0.2000 label_smoothing=0.050
D step=2/5 epoch=1/3 loss=0.2219 l2=0.2000 label_smoothing=0.050
D step=2/5 epoch=2/3 loss=0.2123 l2=0.2000 label_smoothing=0.050
D step=2/5 epoch=3/3 loss=0.2156 l2=0.2000 label_smoothing=0.050
D step=3/5 epoch=1/3 loss=0.2018 l2=0.2000 label_smoothing=0.050
D step=3/5 epoch=2/3 loss=0.1929 l2=0.2000 label_smoothing=0.050
D step=3/5 epoch=3/3 loss=0.1936 l2=0.2000 label_smoothing=0.050
D step=4/5 epoch=1/3 loss=0.2003 l2=0.2000 label_smoothing=0.050
D step=4/5 epoch=2/3 loss=0.2032 l2=0.2000 label_smoothing=0.050
D step=4/5 epoch=3/3 loss=0.2035 l2=0.2000 label_smoothing=0.050
D step=5/5 epoch=1/3 loss=0.2075 l2=0.2000 label_smoothing=0.050
D step=5/5 epoch=2/3 loss=0.2055 l2=0.2000 label_smoothing=0.050
D step=5/5 epoch=3/3 loss=0.1938 l2=0.2000 label_smoothing=0.050
ADV epoch=28/200 g_loss=0.1063 d_loss=0.2035 reward=0.3588 reward_var=0.0017 unique=0.7200
D step=1/5 epoch=1/3 loss=0.1856 l2=0.2000 label_smoothing=0.050
D step=1/5 epoch=2/3 loss=0.1733 l2=0.2000 label_smoothing=0.050
D step=1/5 epoch=3/3 loss=0.1690 l2=0.2000 label_smoothing=0.050
D step=2/5 epoch=1/3 loss=0.1935 l2=0.2000 label_smoothing=0.050
D step=2/5 epoch=2/3 loss=0.1828 l2=0.2000 label_smoothing=0.050
D step=2/5 epoch=3/3 loss=0.1864 l2=0.2000 label_smoothing=0.050
D step=3/5 epoch=1/3 loss=0.1592 l2=0.2000 label_smoothing=0.050
D step=3/5 epoch=2/3 loss=0.1537 l2=0.2000 label_smoothing=0.050
D step=3/5 epoch=3/3 loss=0.1472 l2=0.2000 label_smoothing=0.050
D step=4/5 epoch=1/3 loss=0.1959 l2=0.2000 label_smoothing=0.050
D step=4/5 epoch=2/3 loss=0.1899 l2=0.2000 label_smoothing=0.050
D step=4/5 epoch=3/3 loss=0.1775 l2=0.2000 label_smoothing=0.050
D step=5/5 epoch=1/3 loss=0.2014 l2=0.2000 label_smoothing=0.050
D step=5/5 epoch=2/3 loss=0.1954 l2=0.2000 label_smoothing=0.050
D step=5/5 epoch=3/3 loss=0.1877 l2=0.2000 label_smoothing=0.050
ADV epoch=29/200 g_loss=0.1402 d_loss=0.1799 reward=0.3859 reward_var=0.0052 unique=0.6600
D step=1/5 epoch=1/3 loss=0.2028 l2=0.2000 label_smoothing=0.050
D step=1/5 epoch=2/3 loss=0.1934 l2=0.2000 label_smoothing=0.050
D step=1/5 epoch=3/3 loss=0.1961 l2=0.2000 label_smoothing=0.050
D step=2/5 epoch=1/3 loss=0.1676 l2=0.2000 label_smoothing=0.050
D step=2/5 epoch=2/3 loss=0.1696 l2=0.2000 label_smoothing=0.050
D step=2/5 epoch=3/3 loss=0.1669 l2=0.2000 label_smoothing=0.050
D step=3/5 epoch=1/3 loss=0.2128 l2=0.2000 label_smoothing=0.050
D step=3/5 epoch=2/3 loss=0.2028 l2=0.2000 label_smoothing=0.050
D step=3/5 epoch=3/3 loss=0.1995 l2=0.2000 label_smoothing=0.050
D step=4/5 epoch=1/3 loss=0.2045 l2=0.2000 label_smoothing=0.050
D step=4/5 epoch=2/3 loss=0.1981 l2=0.2000 label_smoothing=0.050
D step=4/5 epoch=3/3 loss=0.1975 l2=0.2000 label_smoothing=0.050
D step=5/5 epoch=1/3 loss=0.2230 l2=0.2000 label_smoothing=0.050
D step=5/5 epoch=2/3 loss=0.2059 l2=0.2000 label_smoothing=0.050
D step=5/5 epoch=3/3 loss=0.1963 l2=0.2000 label_smoothing=0.050
ADV epoch=30/200 g_loss=0.1112 d_loss=0.1958 reward=0.3719 reward_var=0.0078 unique=0.4600
D step=1/5 epoch=1/3 loss=0.1987 l2=0.2000 label_smoothing=0.050
D step=1/5 epoch=2/3 loss=0.1942 l2=0.2000 label_smoothing=0.050
D step=1/5 epoch=3/3 loss=0.1880 l2=0.2000 label_smoothing=0.050
D step=2/5 epoch=1/3 loss=0.1958 l2=0.2000 label_smoothing=0.050
D step=2/5 epoch=2/3 loss=0.1940 l2=0.2000 label_smoothing=0.050
D step=2/5 epoch=3/3 loss=0.1952 l2=0.2000 label_smoothing=0.050
D step=3/5 epoch=1/3 loss=0.1566 l2=0.2000 label_smoothing=0.050
D step=3/5 epoch=2/3 loss=0.1531 l2=0.2000 label_smoothing=0.050
D step=3/5 epoch=3/3 loss=0.1498 l2=0.2000 label_smoothing=0.050
D step=4/5 epoch=1/3 loss=0.1768 l2=0.2000 label_smoothing=0.050
D step=4/5 epoch=2/3 loss=0.1727 l2=0.2000 label_smoothing=0.050
D step=4/5 epoch=3/3 loss=0.1737 l2=0.2000 label_smoothing=0.050
D step=5/5 epoch=1/3 loss=0.1882 l2=0.2000 label_smoothing=0.050
D step=5/5 epoch=2/3 loss=0.1843 l2=0.2000 label_smoothing=0.050
D step=5/5 epoch=3/3 loss=0.1803 l2=0.2000 label_smoothing=0.050
ADV epoch=31/200 g_loss=0.0872 d_loss=0.1801 reward=0.3371 reward_var=0.0007 unique=0.5200
D step=1/5 epoch=1/3 loss=0.2215 l2=0.2000 label_smoothing=0.050
D step=1/5 epoch=2/3 loss=0.1991 l2=0.2000 label_smoothing=0.050
D step=1/5 epoch=3/3 loss=0.1895 l2=0.2000 label_smoothing=0.050
D step=2/5 epoch=1/3 loss=0.1874 l2=0.2000 label_smoothing=0.050
D step=2/5 epoch=2/3 loss=0.1910 l2=0.2000 label_smoothing=0.050
D step=2/5 epoch=3/3 loss=0.1907 l2=0.2000 label_smoothing=0.050
D step=3/5 epoch=1/3 loss=0.1868 l2=0.2000 label_smoothing=0.050
D step=3/5 epoch=2/3 loss=0.1722 l2=0.2000 label_smoothing=0.050
D step=3/5 epoch=3/3 loss=0.1721 l2=0.2000 label_smoothing=0.050
D step=4/5 epoch=1/3 loss=0.1838 l2=0.2000 label_smoothing=0.050
D step=4/5 epoch=2/3 loss=0.1773 l2=0.2000 label_smoothing=0.050
D step=4/5 epoch=3/3 loss=0.1762 l2=0.2000 label_smoothing=0.050
D step=5/5 epoch=1/3 loss=0.1923 l2=0.2000 label_smoothing=0.050
D step=5/5 epoch=2/3 loss=0.1863 l2=0.2000 label_smoothing=0.050
D step=5/5 epoch=3/3 loss=0.1859 l2=0.2000 label_smoothing=0.050
ADV epoch=32/200 g_loss=0.0941 d_loss=0.1875 reward=0.4067 reward_var=0.0051 unique=0.6000
D step=1/5 epoch=1/3 loss=0.2169 l2=0.2000 label_smoothing=0.050
D step=1/5 epoch=2/3 loss=0.2019 l2=0.2000 label_smoothing=0.050
D step=1/5 epoch=3/3 loss=0.1925 l2=0.2000 label_smoothing=0.050
D step=2/5 epoch=1/3 loss=0.2394 l2=0.2000 label_smoothing=0.050
D step=2/5 epoch=2/3 loss=0.2376 l2=0.2000 label_smoothing=0.050
D step=2/5 epoch=3/3 loss=0.2245 l2=0.2000 label_smoothing=0.050
D step=3/5 epoch=1/3 loss=0.1803 l2=0.2000 label_smoothing=0.050
D step=3/5 epoch=2/3 loss=0.1800 l2=0.2000 label_smoothing=0.050
D step=3/5 epoch=3/3 loss=0.1745 l2=0.2000 label_smoothing=0.050
D step=4/5 epoch=1/3 loss=0.2075 l2=0.2000 label_smoothing=0.050
D step=4/5 epoch=2/3 loss=0.1991 l2=0.2000 label_smoothing=0.050
D step=4/5 epoch=3/3 loss=0.2044 l2=0.2000 label_smoothing=0.050
D step=5/5 epoch=1/3 loss=0.2143 l2=0.2000 label_smoothing=0.050
D step=5/5 epoch=2/3 loss=0.2100 l2=0.2000 label_smoothing=0.050
D step=5/5 epoch=3/3 loss=0.2133 l2=0.2000 label_smoothing=0.050
ADV epoch=33/200 g_loss=0.1108 d_loss=0.2064 reward=0.3929 reward_var=0.0090 unique=0.5000
D step=1/5 epoch=1/3 loss=0.2043 l2=0.2000 label_smoothing=0.050
D step=1/5 epoch=2/3 loss=0.1864 l2=0.2000 label_smoothing=0.050
D step=1/5 epoch=3/3 loss=0.1856 l2=0.2000 label_smoothing=0.050
D step=2/5 epoch=1/3 loss=0.1953 l2=0.2000 label_smoothing=0.050
D step=2/5 epoch=2/3 loss=0.1955 l2=0.2000 label_smoothing=0.050
D step=2/5 epoch=3/3 loss=0.1905 l2=0.2000 label_smoothing=0.050
D step=3/5 epoch=1/3 loss=0.1894 l2=0.2000 label_smoothing=0.050
D step=3/5 epoch=2/3 loss=0.1925 l2=0.2000 label_smoothing=0.050
D step=3/5 epoch=3/3 loss=0.1947 l2=0.2000 label_smoothing=0.050
D step=4/5 epoch=1/3 loss=0.2108 l2=0.2000 label_smoothing=0.050
D step=4/5 epoch=2/3 loss=0.2104 l2=0.2000 label_smoothing=0.050
D step=4/5 epoch=3/3 loss=0.2080 l2=0.2000 label_smoothing=0.050
D step=5/5 epoch=1/3 loss=0.2197 l2=0.2000 label_smoothing=0.050
D step=5/5 epoch=2/3 loss=0.2156 l2=0.2000 label_smoothing=0.050
D step=5/5 epoch=3/3 loss=0.2124 l2=0.2000 label_smoothing=0.050
ADV epoch=34/200 g_loss=0.0761 d_loss=0.2007 reward=0.3434 reward_var=0.0015 unique=0.5400
D step=1/5 epoch=1/3 loss=0.2184 l2=0.2000 label_smoothing=0.050
D step=1/5 epoch=2/3 loss=0.2188 l2=0.2000 label_smoothing=0.050
D step=1/5 epoch=3/3 loss=0.2099 l2=0.2000 label_smoothing=0.050
D step=2/5 epoch=1/3 loss=0.2151 l2=0.2000 label_smoothing=0.050
D step=2/5 epoch=2/3 loss=0.2101 l2=0.2000 label_smoothing=0.050
D step=2/5 epoch=3/3 loss=0.2094 l2=0.2000 label_smoothing=0.050
D step=3/5 epoch=1/3 loss=0.2189 l2=0.2000 label_smoothing=0.050
D step=3/5 epoch=2/3 loss=0.2105 l2=0.2000 label_smoothing=0.050
D step=3/5 epoch=3/3 loss=0.2188 l2=0.2000 label_smoothing=0.050
D step=4/5 epoch=1/3 loss=0.2323 l2=0.2000 label_smoothing=0.050
D step=4/5 epoch=2/3 loss=0.2238 l2=0.2000 label_smoothing=0.050
D step=4/5 epoch=3/3 loss=0.2139 l2=0.2000 label_smoothing=0.050
D step=5/5 epoch=1/3 loss=0.2008 l2=0.2000 label_smoothing=0.050
D step=5/5 epoch=2/3 loss=0.1924 l2=0.2000 label_smoothing=0.050
D step=5/5 epoch=3/3 loss=0.1855 l2=0.2000 label_smoothing=0.050
ADV epoch=35/200 g_loss=0.0615 d_loss=0.2119 reward=0.3264 reward_var=0.0004 unique=0.6000
D step=1/5 epoch=1/3 loss=0.1775 l2=0.2000 label_smoothing=0.050
D step=1/5 epoch=2/3 loss=0.1801 l2=0.2000 label_smoothing=0.050
D step=1/5 epoch=3/3 loss=0.1702 l2=0.2000 label_smoothing=0.050
D step=2/5 epoch=1/3 loss=0.2163 l2=0.2000 label_smoothing=0.050
D step=2/5 epoch=2/3 loss=0.2204 l2=0.2000 label_smoothing=0.050
D step=2/5 epoch=3/3 loss=0.2183 l2=0.2000 label_smoothing=0.050
D step=3/5 epoch=1/3 loss=0.2111 l2=0.2000 label_smoothing=0.050
D step=3/5 epoch=2/3 loss=0.2173 l2=0.2000 label_smoothing=0.050
D step=3/5 epoch=3/3 loss=0.2208 l2=0.2000 label_smoothing=0.050
D step=4/5 epoch=1/3 loss=0.2079 l2=0.2000 label_smoothing=0.050
D step=4/5 epoch=2/3 loss=0.2041 l2=0.2000 label_smoothing=0.050
D step=4/5 epoch=3/3 loss=0.1997 l2=0.2000 label_smoothing=0.050
D step=5/5 epoch=1/3 loss=0.2167 l2=0.2000 label_smoothing=0.050
D step=5/5 epoch=2/3 loss=0.2142 l2=0.2000 label_smoothing=0.050
D step=5/5 epoch=3/3 loss=0.2157 l2=0.2000 label_smoothing=0.050
ADV epoch=36/200 g_loss=0.0790 d_loss=0.2060 reward=0.3378 reward_var=0.0013 unique=0.6800
D step=1/5 epoch=1/3 loss=0.2228 l2=0.2000 label_smoothing=0.050
D step=1/5 epoch=2/3 loss=0.2191 l2=0.2000 label_smoothing=0.050
D step=1/5 epoch=3/3 loss=0.2052 l2=0.2000 label_smoothing=0.050
D step=2/5 epoch=1/3 loss=0.2139 l2=0.2000 label_smoothing=0.050
D step=2/5 epoch=2/3 loss=0.2108 l2=0.2000 label_smoothing=0.050
D step=2/5 epoch=3/3 loss=0.2135 l2=0.2000 label_smoothing=0.050
D step=3/5 epoch=1/3 loss=0.2308 l2=0.2000 label_smoothing=0.050
D step=3/5 epoch=2/3 loss=0.2213 l2=0.2000 label_smoothing=0.050
D step=3/5 epoch=3/3 loss=0.2264 l2=0.2000 label_smoothing=0.050
D step=4/5 epoch=1/3 loss=0.1900 l2=0.2000 label_smoothing=0.050
D step=4/5 epoch=2/3 loss=0.1873 l2=0.2000 label_smoothing=0.050
D step=4/5 epoch=3/3 loss=0.1843 l2=0.2000 label_smoothing=0.050
D step=5/5 epoch=1/3 loss=0.2036 l2=0.2000 label_smoothing=0.050
D step=5/5 epoch=2/3 loss=0.2030 l2=0.2000 label_smoothing=0.050
D step=5/5 epoch=3/3 loss=0.2025 l2=0.2000 label_smoothing=0.050
ADV epoch=37/200 g_loss=0.0834 d_loss=0.2090 reward=0.3599 reward_var=0.0033 unique=0.7000
D step=1/5 epoch=1/3 loss=0.2502 l2=0.2000 label_smoothing=0.050
D step=1/5 epoch=2/3 loss=0.2265 l2=0.2000 label_smoothing=0.050
D step=1/5 epoch=3/3 loss=0.2233 l2=0.2000 label_smoothing=0.050
D step=2/5 epoch=1/3 loss=0.2179 l2=0.2000 label_smoothing=0.050
D step=2/5 epoch=2/3 loss=0.2153 l2=0.2000 label_smoothing=0.050
D step=2/5 epoch=3/3 loss=0.2144 l2=0.2000 label_smoothing=0.050
D step=3/5 epoch=1/3 loss=0.2098 l2=0.2000 label_smoothing=0.050
D step=3/5 epoch=2/3 loss=0.2074 l2=0.2000 label_smoothing=0.050
D step=3/5 epoch=3/3 loss=0.2037 l2=0.2000 label_smoothing=0.050
D step=4/5 epoch=1/3 loss=0.2032 l2=0.2000 label_smoothing=0.050
D step=4/5 epoch=2/3 loss=0.2063 l2=0.2000 label_smoothing=0.050
D step=4/5 epoch=3/3 loss=0.2021 l2=0.2000 label_smoothing=0.050
D step=5/5 epoch=1/3 loss=0.2376 l2=0.2000 label_smoothing=0.050
D step=5/5 epoch=2/3 loss=0.2494 l2=0.2000 label_smoothing=0.050
D step=5/5 epoch=3/3 loss=0.2409 l2=0.2000 label_smoothing=0.050
ADV epoch=38/200 g_loss=0.0885 d_loss=0.2205 reward=0.3521 reward_var=0.0082 unique=0.7200
D step=1/5 epoch=1/3 loss=0.2066 l2=0.2000 label_smoothing=0.050
D step=1/5 epoch=2/3 loss=0.2208 l2=0.2000 label_smoothing=0.050
D step=1/5 epoch=3/3 loss=0.2046 l2=0.2000 label_smoothing=0.050
D step=2/5 epoch=1/3 loss=0.2240 l2=0.2000 label_smoothing=0.050
D step=2/5 epoch=2/3 loss=0.2170 l2=0.2000 label_smoothing=0.050
D step=2/5 epoch=3/3 loss=0.2068 l2=0.2000 label_smoothing=0.050
D step=3/5 epoch=1/3 loss=0.2043 l2=0.2000 label_smoothing=0.050
D step=3/5 epoch=2/3 loss=0.2039 l2=0.2000 label_smoothing=0.050
D step=3/5 epoch=3/3 loss=0.2019 l2=0.2000 label_smoothing=0.050
D step=4/5 epoch=1/3 loss=0.2206 l2=0.2000 label_smoothing=0.050
D step=4/5 epoch=2/3 loss=0.2116 l2=0.2000 label_smoothing=0.050
D step=4/5 epoch=3/3 loss=0.2122 l2=0.2000 label_smoothing=0.050
D step=5/5 epoch=1/3 loss=0.2272 l2=0.2000 label_smoothing=0.050
D step=5/5 epoch=2/3 loss=0.2210 l2=0.2000 label_smoothing=0.050
D step=5/5 epoch=3/3 loss=0.2172 l2=0.2000 label_smoothing=0.050
ADV epoch=39/200 g_loss=0.0867 d_loss=0.2133 reward=0.3337 reward_var=0.0014 unique=0.7600
D step=1/5 epoch=1/3 loss=0.1925 l2=0.2000 label_smoothing=0.050
D step=1/5 epoch=2/3 loss=0.1794 l2=0.2000 label_smoothing=0.050
D step=1/5 epoch=3/3 loss=0.1829 l2=0.2000 label_smoothing=0.050
D step=2/5 epoch=1/3 loss=0.2038 l2=0.2000 label_smoothing=0.050
D step=2/5 epoch=2/3 loss=0.2002 l2=0.2000 label_smoothing=0.050
D step=2/5 epoch=3/3 loss=0.1941 l2=0.2000 label_smoothing=0.050
D step=3/5 epoch=1/3 loss=0.1947 l2=0.2000 label_smoothing=0.050
D step=3/5 epoch=2/3 loss=0.2021 l2=0.2000 label_smoothing=0.050
D step=3/5 epoch=3/3 loss=0.2006 l2=0.2000 label_smoothing=0.050
D step=4/5 epoch=1/3 loss=0.2345 l2=0.2000 label_smoothing=0.050
D step=4/5 epoch=2/3 loss=0.2233 l2=0.2000 label_smoothing=0.050
D step=4/5 epoch=3/3 loss=0.2232 l2=0.2000 label_smoothing=0.050
D step=5/5 epoch=1/3 loss=0.2154 l2=0.2000 label_smoothing=0.050
D step=5/5 epoch=2/3 loss=0.2049 l2=0.2000 label_smoothing=0.050
D step=5/5 epoch=3/3 loss=0.2032 l2=0.2000 label_smoothing=0.050
ADV epoch=40/200 g_loss=0.0879 d_loss=0.2037 reward=0.3793 reward_var=0.0033 unique=0.8200
D step=1/5 epoch=1/3 loss=0.2292 l2=0.2000 label_smoothing=0.050
D step=1/5 epoch=2/3 loss=0.2103 l2=0.2000 label_smoothing=0.050
D step=1/5 epoch=3/3 loss=0.2114 l2=0.2000 label_smoothing=0.050
D step=2/5 epoch=1/3 loss=0.2282 l2=0.2000 label_smoothing=0.050
D step=2/5 epoch=2/3 loss=0.2295 l2=0.2000 label_smoothing=0.050
D step=2/5 epoch=3/3 loss=0.2248 l2=0.2000 label_smoothing=0.050
D step=3/5 epoch=1/3 loss=0.2269 l2=0.2000 label_smoothing=0.050
D step=3/5 epoch=2/3 loss=0.2233 l2=0.2000 label_smoothing=0.050
D step=3/5 epoch=3/3 loss=0.2235 l2=0.2000 label_smoothing=0.050
D step=4/5 epoch=1/3 loss=0.2346 l2=0.2000 label_smoothing=0.050
D step=4/5 epoch=2/3 loss=0.2405 l2=0.2000 label_smoothing=0.050
D step=4/5 epoch=3/3 loss=0.2303 l2=0.2000 label_smoothing=0.050
D step=5/5 epoch=1/3 loss=0.1797 l2=0.2000 label_smoothing=0.050
D step=5/5 epoch=2/3 loss=0.1762 l2=0.2000 label_smoothing=0.050
D step=5/5 epoch=3/3 loss=0.1734 l2=0.2000 label_smoothing=0.050
ADV epoch=41/200 g_loss=0.1032 d_loss=0.2161 reward=0.4052 reward_var=0.0099 unique=0.8200
D step=1/5 epoch=1/3 loss=0.2239 l2=0.2000 label_smoothing=0.050
D step=1/5 epoch=2/3 loss=0.2204 l2=0.2000 label_smoothing=0.050
D step=1/5 epoch=3/3 loss=0.2203 l2=0.2000 label_smoothing=0.050
D step=2/5 epoch=1/3 loss=0.2073 l2=0.2000 label_smoothing=0.050
D step=2/5 epoch=2/3 loss=0.2081 l2=0.2000 label_smoothing=0.050
D step=2/5 epoch=3/3 loss=0.2070 l2=0.2000 label_smoothing=0.050
D step=3/5 epoch=1/3 loss=0.2029 l2=0.2000 label_smoothing=0.050
D step=3/5 epoch=2/3 loss=0.2031 l2=0.2000 label_smoothing=0.050
D step=3/5 epoch=3/3 loss=0.1930 l2=0.2000 label_smoothing=0.050
D step=4/5 epoch=1/3 loss=0.2088 l2=0.2000 label_smoothing=0.050
D step=4/5 epoch=2/3 loss=0.2195 l2=0.2000 label_smoothing=0.050
D step=4/5 epoch=3/3 loss=0.2152 l2=0.2000 label_smoothing=0.050
D step=5/5 epoch=1/3 loss=0.2219 l2=0.2000 label_smoothing=0.050
D step=5/5 epoch=2/3 loss=0.2188 l2=0.2000 label_smoothing=0.050
D step=5/5 epoch=3/3 loss=0.2107 l2=0.2000 label_smoothing=0.050
ADV epoch=42/200 g_loss=0.0808 d_loss=0.2121 reward=0.3541 reward_var=0.0019 unique=0.7200
D step=1/5 epoch=1/3 loss=0.2282 l2=0.2000 label_smoothing=0.050
D step=1/5 epoch=2/3 loss=0.2118 l2=0.2000 label_smoothing=0.050
D step=1/5 epoch=3/3 loss=0.2063 l2=0.2000 label_smoothing=0.050
D step=2/5 epoch=1/3 loss=0.2371 l2=0.2000 label_smoothing=0.050
D step=2/5 epoch=2/3 loss=0.2253 l2=0.2000 label_smoothing=0.050
D step=2/5 epoch=3/3 loss=0.2228 l2=0.2000 label_smoothing=0.050
D step=3/5 epoch=1/3 loss=0.2085 l2=0.2000 label_smoothing=0.050
D step=3/5 epoch=2/3 loss=0.2066 l2=0.2000 label_smoothing=0.050
D step=3/5 epoch=3/3 loss=0.2056 l2=0.2000 label_smoothing=0.050
D step=4/5 epoch=1/3 loss=0.2251 l2=0.2000 label_smoothing=0.050
D step=4/5 epoch=2/3 loss=0.2159 l2=0.2000 label_smoothing=0.050
D step=4/5 epoch=3/3 loss=0.2178 l2=0.2000 label_smoothing=0.050
D step=5/5 epoch=1/3 loss=0.2173 l2=0.2000 label_smoothing=0.050
D step=5/5 epoch=2/3 loss=0.2173 l2=0.2000 label_smoothing=0.050
D step=5/5 epoch=3/3 loss=0.2239 l2=0.2000 label_smoothing=0.050
ADV epoch=43/200 g_loss=0.0786 d_loss=0.2180 reward=0.3884 reward_var=0.0058 unique=0.7200
D step=1/5 epoch=1/3 loss=0.1851 l2=0.2000 label_smoothing=0.050
D step=1/5 epoch=2/3 loss=0.1772 l2=0.2000 label_smoothing=0.050
D step=1/5 epoch=3/3 loss=0.1780 l2=0.2000 label_smoothing=0.050
D step=2/5 epoch=1/3 loss=0.2079 l2=0.2000 label_smoothing=0.050
D step=2/5 epoch=2/3 loss=0.2078 l2=0.2000 label_smoothing=0.050
D step=2/5 epoch=3/3 loss=0.2022 l2=0.2000 label_smoothing=0.050
D step=3/5 epoch=1/3 loss=0.2120 l2=0.2000 label_smoothing=0.050
D step=3/5 epoch=2/3 loss=0.2020 l2=0.2000 label_smoothing=0.050
D step=3/5 epoch=3/3 loss=0.2057 l2=0.2000 label_smoothing=0.050
D step=4/5 epoch=1/3 loss=0.2150 l2=0.2000 label_smoothing=0.050
D step=4/5 epoch=2/3 loss=0.1964 l2=0.2000 label_smoothing=0.050
D step=4/5 epoch=3/3 loss=0.2008 l2=0.2000 label_smoothing=0.050
D step=5/5 epoch=1/3 loss=0.2292 l2=0.2000 label_smoothing=0.050
D step=5/5 epoch=2/3 loss=0.2152 l2=0.2000 label_smoothing=0.050
D step=5/5 epoch=3/3 loss=0.2112 l2=0.2000 label_smoothing=0.050
ADV epoch=44/200 g_loss=0.0800 d_loss=0.2031 reward=0.3603 reward_var=0.0024 unique=0.6000
D step=1/5 epoch=1/3 loss=0.1999 l2=0.2000 label_smoothing=0.050
D step=1/5 epoch=2/3 loss=0.1755 l2=0.2000 label_smoothing=0.050
D step=1/5 epoch=3/3 loss=0.1820 l2=0.2000 label_smoothing=0.050
D step=2/5 epoch=1/3 loss=0.1878 l2=0.2000 label_smoothing=0.050
D step=2/5 epoch=2/3 loss=0.1888 l2=0.2000 label_smoothing=0.050
D step=2/5 epoch=3/3 loss=0.1853 l2=0.2000 label_smoothing=0.050
D step=3/5 epoch=1/3 loss=0.2319 l2=0.2000 label_smoothing=0.050
D step=3/5 epoch=2/3 loss=0.2140 l2=0.2000 label_smoothing=0.050
D step=3/5 epoch=3/3 loss=0.2092 l2=0.2000 label_smoothing=0.050
D step=4/5 epoch=1/3 loss=0.2098 l2=0.2000 label_smoothing=0.050
D step=4/5 epoch=2/3 loss=0.2045 l2=0.2000 label_smoothing=0.050
D step=4/5 epoch=3/3 loss=0.2018 l2=0.2000 label_smoothing=0.050
D step=5/5 epoch=1/3 loss=0.1939 l2=0.2000 label_smoothing=0.050
D step=5/5 epoch=2/3 loss=0.1979 l2=0.2000 label_smoothing=0.050
D step=5/5 epoch=3/3 loss=0.1939 l2=0.2000 label_smoothing=0.050
ADV epoch=45/200 g_loss=0.0834 d_loss=0.1984 reward=0.3341 reward_var=0.0012 unique=0.7000
D step=1/5 epoch=1/3 loss=0.1897 l2=0.2000 label_smoothing=0.050
D step=1/5 epoch=2/3 loss=0.1787 l2=0.2000 label_smoothing=0.050
D step=1/5 epoch=3/3 loss=0.1717 l2=0.2000 label_smoothing=0.050
D step=2/5 epoch=1/3 loss=0.1688 l2=0.2000 label_smoothing=0.050
D step=2/5 epoch=2/3 loss=0.1754 l2=0.2000 label_smoothing=0.050
D step=2/5 epoch=3/3 loss=0.1705 l2=0.2000 label_smoothing=0.050
D step=3/5 epoch=1/3 loss=0.2676 l2=0.2000 label_smoothing=0.050
D step=3/5 epoch=2/3 loss=0.2500 l2=0.2000 label_smoothing=0.050
D step=3/5 epoch=3/3 loss=0.2416 l2=0.2000 label_smoothing=0.050
D step=4/5 epoch=1/3 loss=0.1976 l2=0.2000 label_smoothing=0.050
D step=4/5 epoch=2/3 loss=0.1913 l2=0.2000 label_smoothing=0.050
D step=4/5 epoch=3/3 loss=0.1845 l2=0.2000 label_smoothing=0.050
D step=5/5 epoch=1/3 loss=0.1801 l2=0.2000 label_smoothing=0.050
D step=5/5 epoch=2/3 loss=0.1833 l2=0.2000 label_smoothing=0.050
D step=5/5 epoch=3/3 loss=0.1770 l2=0.2000 label_smoothing=0.050
ADV epoch=46/200 g_loss=0.1040 d_loss=0.1952 reward=0.3766 reward_var=0.0102 unique=0.6000
D step=1/5 epoch=1/3 loss=0.1791 l2=0.2000 label_smoothing=0.050
D step=1/5 epoch=2/3 loss=0.1633 l2=0.2000 label_smoothing=0.050
D step=1/5 epoch=3/3 loss=0.1655 l2=0.2000 label_smoothing=0.050
D step=2/5 epoch=1/3 loss=0.2090 l2=0.2000 label_smoothing=0.050
D step=2/5 epoch=2/3 loss=0.2108 l2=0.2000 label_smoothing=0.050
D step=2/5 epoch=3/3 loss=0.1978 l2=0.2000 label_smoothing=0.050
D step=3/5 epoch=1/3 loss=0.2133 l2=0.2000 label_smoothing=0.050
D step=3/5 epoch=2/3 loss=0.2191 l2=0.2000 label_smoothing=0.050
D step=3/5 epoch=3/3 loss=0.2142 l2=0.2000 label_smoothing=0.050
D step=4/5 epoch=1/3 loss=0.2114 l2=0.2000 label_smoothing=0.050
D step=4/5 epoch=2/3 loss=0.2103 l2=0.2000 label_smoothing=0.050
D step=4/5 epoch=3/3 loss=0.2095 l2=0.2000 label_smoothing=0.050
D step=5/5 epoch=1/3 loss=0.1661 l2=0.2000 label_smoothing=0.050
D step=5/5 epoch=2/3 loss=0.1666 l2=0.2000 label_smoothing=0.050
D step=5/5 epoch=3/3 loss=0.1637 l2=0.2000 label_smoothing=0.050
ADV epoch=47/200 g_loss=0.0877 d_loss=0.1933 reward=0.3576 reward_var=0.0042 unique=0.6600
D step=1/5 epoch=1/3 loss=0.2117 l2=0.2000 label_smoothing=0.050
D step=1/5 epoch=2/3 loss=0.1853 l2=0.2000 label_smoothing=0.050
D step=1/5 epoch=3/3 loss=0.1883 l2=0.2000 label_smoothing=0.050
D step=2/5 epoch=1/3 loss=0.1993 l2=0.2000 label_smoothing=0.050
D step=2/5 epoch=2/3 loss=0.1800 l2=0.2000 label_smoothing=0.050
D step=2/5 epoch=3/3 loss=0.1766 l2=0.2000 label_smoothing=0.050
D step=3/5 epoch=1/3 loss=0.2185 l2=0.2000 label_smoothing=0.050
D step=3/5 epoch=2/3 loss=0.2137 l2=0.2000 label_smoothing=0.050
D step=3/5 epoch=3/3 loss=0.2005 l2=0.2000 label_smoothing=0.050
D step=4/5 epoch=1/3 loss=0.1806 l2=0.2000 label_smoothing=0.050
D step=4/5 epoch=2/3 loss=0.1794 l2=0.2000 label_smoothing=0.050
D step=4/5 epoch=3/3 loss=0.1874 l2=0.2000 label_smoothing=0.050
D step=5/5 epoch=1/3 loss=0.2097 l2=0.2000 label_smoothing=0.050
D step=5/5 epoch=2/3 loss=0.1922 l2=0.2000 label_smoothing=0.050
D step=5/5 epoch=3/3 loss=0.1814 l2=0.2000 label_smoothing=0.050
ADV epoch=48/200 g_loss=0.0892 d_loss=0.1936 reward=0.3623 reward_var=0.0078 unique=0.7200
D step=1/5 epoch=1/3 loss=0.2137 l2=0.2000 label_smoothing=0.050
D step=1/5 epoch=2/3 loss=0.2047 l2=0.2000 label_smoothing=0.050
D step=1/5 epoch=3/3 loss=0.1942 l2=0.2000 label_smoothing=0.050
D step=2/5 epoch=1/3 loss=0.1879 l2=0.2000 label_smoothing=0.050
D step=2/5 epoch=2/3 loss=0.1845 l2=0.2000 label_smoothing=0.050
D step=2/5 epoch=3/3 loss=0.1823 l2=0.2000 label_smoothing=0.050
D step=3/5 epoch=1/3 loss=0.2057 l2=0.2000 label_smoothing=0.050
D step=3/5 epoch=2/3 loss=0.1977 l2=0.2000 label_smoothing=0.050
D step=3/5 epoch=3/3 loss=0.1970 l2=0.2000 label_smoothing=0.050
D step=4/5 epoch=1/3 loss=0.2585 l2=0.2000 label_smoothing=0.050
D step=4/5 epoch=2/3 loss=0.2635 l2=0.2000 label_smoothing=0.050
D step=4/5 epoch=3/3 loss=0.2480 l2=0.2000 label_smoothing=0.050
D step=5/5 epoch=1/3 loss=0.2143 l2=0.2000 label_smoothing=0.050
D step=5/5 epoch=2/3 loss=0.2177 l2=0.2000 label_smoothing=0.050
D step=5/5 epoch=3/3 loss=0.2092 l2=0.2000 label_smoothing=0.050
ADV epoch=49/200 g_loss=0.1036 d_loss=0.2119 reward=0.4034 reward_var=0.0129 unique=0.6600
D step=1/5 epoch=1/3 loss=0.2381 l2=0.2000 label_smoothing=0.050
D step=1/5 epoch=2/3 loss=0.2132 l2=0.2000 label_smoothing=0.050
D step=1/5 epoch=3/3 loss=0.2204 l2=0.2000 label_smoothing=0.050
D step=2/5 epoch=1/3 loss=0.2166 l2=0.2000 label_smoothing=0.050
D step=2/5 epoch=2/3 loss=0.2145 l2=0.2000 label_smoothing=0.050
D step=2/5 epoch=3/3 loss=0.2089 l2=0.2000 label_smoothing=0.050
D step=3/5 epoch=1/3 loss=0.2160 l2=0.2000 label_smoothing=0.050
D step=3/5 epoch=2/3 loss=0.2216 l2=0.2000 label_smoothing=0.050
D step=3/5 epoch=3/3 loss=0.2181 l2=0.2000 label_smoothing=0.050
D step=4/5 epoch=1/3 loss=0.2274 l2=0.2000 label_smoothing=0.050
D step=4/5 epoch=2/3 loss=0.2241 l2=0.2000 label_smoothing=0.050
D step=4/5 epoch=3/3 loss=0.2286 l2=0.2000 label_smoothing=0.050
D step=5/5 epoch=1/3 loss=0.1992 l2=0.2000 label_smoothing=0.050
D step=5/5 epoch=2/3 loss=0.1902 l2=0.2000 label_smoothing=0.050
D step=5/5 epoch=3/3 loss=0.1987 l2=0.2000 label_smoothing=0.050
ADV epoch=50/200 g_loss=0.0992 d_loss=0.2157 reward=0.3747 reward_var=0.0094 unique=0.6200
D step=1/5 epoch=1/3 loss=0.2189 l2=0.2000 label_smoothing=0.050
D step=1/5 epoch=2/3 loss=0.1970 l2=0.2000 label_smoothing=0.050
D step=1/5 epoch=3/3 loss=0.1905 l2=0.2000 label_smoothing=0.050
D step=2/5 epoch=1/3 loss=0.2420 l2=0.2000 label_smoothing=0.050
D step=2/5 epoch=2/3 loss=0.2376 l2=0.2000 label_smoothing=0.050
D step=2/5 epoch=3/3 loss=0.2372 l2=0.2000 label_smoothing=0.050
D step=3/5 epoch=1/3 loss=0.2089 l2=0.2000 label_smoothing=0.050
D step=3/5 epoch=2/3 loss=0.2008 l2=0.2000 label_smoothing=0.050
D step=3/5 epoch=3/3 loss=0.2006 l2=0.2000 label_smoothing=0.050
D step=4/5 epoch=1/3 loss=0.2348 l2=0.2000 label_smoothing=0.050
D step=4/5 epoch=2/3 loss=0.2229 l2=0.2000 label_smoothing=0.050
D step=4/5 epoch=3/3 loss=0.2127 l2=0.2000 label_smoothing=0.050
D step=5/5 epoch=1/3 loss=0.2670 l2=0.2000 label_smoothing=0.050
D step=5/5 epoch=2/3 loss=0.2630 l2=0.2000 label_smoothing=0.050
D step=5/5 epoch=3/3 loss=0.2459 l2=0.2000 label_smoothing=0.050
ADV epoch=51/200 g_loss=0.0976 d_loss=0.2253 reward=0.3837 reward_var=0.0102 unique=0.8000
D step=1/5 epoch=1/3 loss=0.2313 l2=0.2000 label_smoothing=0.050
D step=1/5 epoch=2/3 loss=0.2237 l2=0.2000 label_smoothing=0.050
D step=1/5 epoch=3/3 loss=0.2158 l2=0.2000 label_smoothing=0.050
D step=2/5 epoch=1/3 loss=0.2338 l2=0.2000 label_smoothing=0.050
D step=2/5 epoch=2/3 loss=0.2290 l2=0.2000 label_smoothing=0.050
D step=2/5 epoch=3/3 loss=0.2298 l2=0.2000 label_smoothing=0.050
D step=3/5 epoch=1/3 loss=0.2372 l2=0.2000 label_smoothing=0.050
D step=3/5 epoch=2/3 loss=0.2286 l2=0.2000 label_smoothing=0.050
D step=3/5 epoch=3/3 loss=0.2247 l2=0.2000 label_smoothing=0.050
D step=4/5 epoch=1/3 loss=0.2228 l2=0.2000 label_smoothing=0.050
D step=4/5 epoch=2/3 loss=0.2208 l2=0.2000 label_smoothing=0.050
D step=4/5 epoch=3/3 loss=0.2267 l2=0.2000 label_smoothing=0.050
D step=5/5 epoch=1/3 loss=0.2094 l2=0.2000 label_smoothing=0.050
D step=5/5 epoch=2/3 loss=0.2081 l2=0.2000 label_smoothing=0.050
D step=5/5 epoch=3/3 loss=0.2049 l2=0.2000 label_smoothing=0.050
ADV epoch=52/200 g_loss=0.0969 d_loss=0.2231 reward=0.3679 reward_var=0.0055 unique=0.8000
D step=1/5 epoch=1/3 loss=0.2274 l2=0.2000 label_smoothing=0.050
D step=1/5 epoch=2/3 loss=0.2174 l2=0.2000 label_smoothing=0.050
D step=1/5 epoch=3/3 loss=0.2064 l2=0.2000 label_smoothing=0.050
D step=2/5 epoch=1/3 loss=0.2239 l2=0.2000 label_smoothing=0.050
D step=2/5 epoch=2/3 loss=0.2280 l2=0.2000 label_smoothing=0.050
D step=2/5 epoch=3/3 loss=0.2218 l2=0.2000 label_smoothing=0.050
D step=3/5 epoch=1/3 loss=0.1984 l2=0.2000 label_smoothing=0.050
D step=3/5 epoch=2/3 loss=0.1872 l2=0.2000 label_smoothing=0.050
D step=3/5 epoch=3/3 loss=0.1922 l2=0.2000 label_smoothing=0.050
D step=4/5 epoch=1/3 loss=0.2061 l2=0.2000 label_smoothing=0.050
D step=4/5 epoch=2/3 loss=0.2103 l2=0.2000 label_smoothing=0.050
D step=4/5 epoch=3/3 loss=0.2030 l2=0.2000 label_smoothing=0.050
D step=5/5 epoch=1/3 loss=0.2317 l2=0.2000 label_smoothing=0.050
D step=5/5 epoch=2/3 loss=0.2260 l2=0.2000 label_smoothing=0.050
D step=5/5 epoch=3/3 loss=0.2265 l2=0.2000 label_smoothing=0.050
ADV epoch=53/200 g_loss=0.0816 d_loss=0.2138 reward=0.3594 reward_var=0.0027 unique=0.7200
D step=1/5 epoch=1/3 loss=0.2303 l2=0.2000 label_smoothing=0.050
D step=1/5 epoch=2/3 loss=0.2198 l2=0.2000 label_smoothing=0.050
D step=1/5 epoch=3/3 loss=0.2119 l2=0.2000 label_smoothing=0.050
D step=2/5 epoch=1/3 loss=0.2247 l2=0.2000 label_smoothing=0.050
D step=2/5 epoch=2/3 loss=0.2166 l2=0.2000 label_smoothing=0.050
D step=2/5 epoch=3/3 loss=0.2179 l2=0.2000 label_smoothing=0.050
D step=3/5 epoch=1/3 loss=0.2341 l2=0.2000 label_smoothing=0.050
D step=3/5 epoch=2/3 loss=0.2305 l2=0.2000 label_smoothing=0.050
D step=3/5 epoch=3/3 loss=0.2276 l2=0.2000 label_smoothing=0.050
D step=4/5 epoch=1/3 loss=0.2638 l2=0.2000 label_smoothing=0.050
D step=4/5 epoch=2/3 loss=0.2599 l2=0.2000 label_smoothing=0.050
D step=4/5 epoch=3/3 loss=0.2525 l2=0.2000 label_smoothing=0.050
D step=5/5 epoch=1/3 loss=0.2392 l2=0.2000 label_smoothing=0.050
D step=5/5 epoch=2/3 loss=0.2395 l2=0.2000 label_smoothing=0.050
D step=5/5 epoch=3/3 loss=0.2323 l2=0.2000 label_smoothing=0.050
ADV epoch=54/200 g_loss=0.1106 d_loss=0.2334 reward=0.3975 reward_var=0.0097 unique=0.8000
D step=1/5 epoch=1/3 loss=0.2339 l2=0.2000 label_smoothing=0.050
D step=1/5 epoch=2/3 loss=0.2340 l2=0.2000 label_smoothing=0.050
D step=1/5 epoch=3/3 loss=0.2159 l2=0.2000 label_smoothing=0.050
D step=2/5 epoch=1/3 loss=0.2204 l2=0.2000 label_smoothing=0.050
D step=2/5 epoch=2/3 loss=0.2135 l2=0.2000 label_smoothing=0.050
D step=2/5 epoch=3/3 loss=0.2107 l2=0.2000 label_smoothing=0.050
D step=3/5 epoch=1/3 loss=0.2434 l2=0.2000 label_smoothing=0.050
D step=3/5 epoch=2/3 loss=0.2458 l2=0.2000 label_smoothing=0.050
D step=3/5 epoch=3/3 loss=0.2376 l2=0.2000 label_smoothing=0.050
D step=4/5 epoch=1/3 loss=0.2357 l2=0.2000 label_smoothing=0.050
D step=4/5 epoch=2/3 loss=0.2356 l2=0.2000 label_smoothing=0.050
D step=4/5 epoch=3/3 loss=0.2388 l2=0.2000 label_smoothing=0.050
D step=5/5 epoch=1/3 loss=0.2393 l2=0.2000 label_smoothing=0.050
D step=5/5 epoch=2/3 loss=0.2387 l2=0.2000 label_smoothing=0.050
D step=5/5 epoch=3/3 loss=0.2408 l2=0.2000 label_smoothing=0.050
ADV epoch=55/200 g_loss=0.1123 d_loss=0.2323 reward=0.3909 reward_var=0.0066 unique=0.7800
D step=1/5 epoch=1/3 loss=0.2314 l2=0.2000 label_smoothing=0.050
D step=1/5 epoch=2/3 loss=0.2055 l2=0.2000 label_smoothing=0.050
D step=1/5 epoch=3/3 loss=0.1977 l2=0.2000 label_smoothing=0.050
D step=2/5 epoch=1/3 loss=0.2570 l2=0.2000 label_smoothing=0.050
D step=2/5 epoch=2/3 loss=0.2433 l2=0.2000 label_smoothing=0.050
D step=2/5 epoch=3/3 loss=0.2403 l2=0.2000 label_smoothing=0.050
D step=3/5 epoch=1/3 loss=0.2650 l2=0.2000 label_smoothing=0.050
D step=3/5 epoch=2/3 loss=0.2595 l2=0.2000 label_smoothing=0.050
D step=3/5 epoch=3/3 loss=0.2569 l2=0.2000 label_smoothing=0.050
D step=4/5 epoch=1/3 loss=0.2387 l2=0.2000 label_smoothing=0.050
D step=4/5 epoch=2/3 loss=0.2230 l2=0.2000 label_smoothing=0.050
D step=4/5 epoch=3/3 loss=0.2302 l2=0.2000 label_smoothing=0.050
D step=5/5 epoch=1/3 loss=0.2730 l2=0.2000 label_smoothing=0.050
D step=5/5 epoch=2/3 loss=0.2464 l2=0.2000 label_smoothing=0.050
D step=5/5 epoch=3/3 loss=0.2554 l2=0.2000 label_smoothing=0.050
ADV epoch=56/200 g_loss=0.1015 d_loss=0.2416 reward=0.3682 reward_var=0.0032 unique=0.7000
D step=1/5 epoch=1/3 loss=0.2406 l2=0.2000 label_smoothing=0.050
D step=1/5 epoch=2/3 loss=0.2353 l2=0.2000 label_smoothing=0.050
D step=1/5 epoch=3/3 loss=0.2324 l2=0.2000 label_smoothing=0.050
D step=2/5 epoch=1/3 loss=0.2428 l2=0.2000 label_smoothing=0.050
D step=2/5 epoch=2/3 loss=0.2421 l2=0.2000 label_smoothing=0.050
D step=2/5 epoch=3/3 loss=0.2413 l2=0.2000 label_smoothing=0.050
D step=3/5 epoch=1/3 loss=0.2296 l2=0.2000 label_smoothing=0.050
D step=3/5 epoch=2/3 loss=0.2271 l2=0.2000 label_smoothing=0.050
D step=3/5 epoch=3/3 loss=0.2206 l2=0.2000 label_smoothing=0.050
D step=4/5 epoch=1/3 loss=0.2367 l2=0.2000 label_smoothing=0.050
D step=4/5 epoch=2/3 loss=0.2375 l2=0.2000 label_smoothing=0.050
D step=4/5 epoch=3/3 loss=0.2286 l2=0.2000 label_smoothing=0.050
D step=5/5 epoch=1/3 loss=0.2494 l2=0.2000 label_smoothing=0.050
D step=5/5 epoch=2/3 loss=0.2342 l2=0.2000 label_smoothing=0.050
D step=5/5 epoch=3/3 loss=0.2241 l2=0.2000 label_smoothing=0.050
ADV epoch=57/200 g_loss=0.0883 d_loss=0.2348 reward=0.3604 reward_var=0.0039 unique=0.7400
D step=1/5 epoch=1/3 loss=0.2581 l2=0.2000 label_smoothing=0.050
D step=1/5 epoch=2/3 loss=0.2367 l2=0.2000 label_smoothing=0.050
D step=1/5 epoch=3/3 loss=0.2381 l2=0.2000 label_smoothing=0.050
D step=2/5 epoch=1/3 loss=0.2272 l2=0.2000 label_smoothing=0.050
D step=2/5 epoch=2/3 loss=0.2307 l2=0.2000 label_smoothing=0.050
D step=2/5 epoch=3/3 loss=0.2296 l2=0.2000 label_smoothing=0.050
D step=3/5 epoch=1/3 loss=0.2386 l2=0.2000 label_smoothing=0.050
D step=3/5 epoch=2/3 loss=0.2358 l2=0.2000 label_smoothing=0.050
D step=3/5 epoch=3/3 loss=0.2317 l2=0.2000 label_smoothing=0.050
D step=4/5 epoch=1/3 loss=0.2229 l2=0.2000 label_smoothing=0.050
D step=4/5 epoch=2/3 loss=0.2188 l2=0.2000 label_smoothing=0.050
D step=4/5 epoch=3/3 loss=0.2222 l2=0.2000 label_smoothing=0.050
D step=5/5 epoch=1/3 loss=0.2203 l2=0.2000 label_smoothing=0.050
D step=5/5 epoch=2/3 loss=0.2157 l2=0.2000 label_smoothing=0.050
D step=5/5 epoch=3/3 loss=0.2179 l2=0.2000 label_smoothing=0.050
ADV epoch=58/200 g_loss=0.1008 d_loss=0.2296 reward=0.3678 reward_var=0.0028 unique=0.8200
D step=1/5 epoch=1/3 loss=0.2415 l2=0.2000 label_smoothing=0.050
D step=1/5 epoch=2/3 loss=0.2435 l2=0.2000 label_smoothing=0.050
D step=1/5 epoch=3/3 loss=0.2410 l2=0.2000 label_smoothing=0.050
D step=2/5 epoch=1/3 loss=0.2445 l2=0.2000 label_smoothing=0.050
D step=2/5 epoch=2/3 loss=0.2521 l2=0.2000 label_smoothing=0.050
D step=2/5 epoch=3/3 loss=0.2378 l2=0.2000 label_smoothing=0.050
D step=3/5 epoch=1/3 loss=0.2361 l2=0.2000 label_smoothing=0.050
D step=3/5 epoch=2/3 loss=0.2360 l2=0.2000 label_smoothing=0.050
D step=3/5 epoch=3/3 loss=0.2377 l2=0.2000 label_smoothing=0.050
D step=4/5 epoch=1/3 loss=0.2449 l2=0.2000 label_smoothing=0.050
D step=4/5 epoch=2/3 loss=0.2524 l2=0.2000 label_smoothing=0.050
D step=4/5 epoch=3/3 loss=0.2420 l2=0.2000 label_smoothing=0.050
D step=5/5 epoch=1/3 loss=0.2347 l2=0.2000 label_smoothing=0.050
D step=5/5 epoch=2/3 loss=0.2305 l2=0.2000 label_smoothing=0.050
D step=5/5 epoch=3/3 loss=0.2199 l2=0.2000 label_smoothing=0.050
ADV epoch=59/200 g_loss=0.1012 d_loss=0.2396 reward=0.3715 reward_var=0.0040 unique=0.7600
D step=1/5 epoch=1/3 loss=0.2433 l2=0.2000 label_smoothing=0.050
D step=1/5 epoch=2/3 loss=0.2383 l2=0.2000 label_smoothing=0.050
D step=1/5 epoch=3/3 loss=0.2326 l2=0.2000 label_smoothing=0.050
D step=2/5 epoch=1/3 loss=0.2267 l2=0.2000 label_smoothing=0.050
D step=2/5 epoch=2/3 loss=0.2195 l2=0.2000 label_smoothing=0.050
D step=2/5 epoch=3/3 loss=0.2126 l2=0.2000 label_smoothing=0.050
D step=3/5 epoch=1/3 loss=0.2522 l2=0.2000 label_smoothing=0.050
D step=3/5 epoch=2/3 loss=0.2418 l2=0.2000 label_smoothing=0.050
D step=3/5 epoch=3/3 loss=0.2285 l2=0.2000 label_smoothing=0.050
D step=4/5 epoch=1/3 loss=0.2505 l2=0.2000 label_smoothing=0.050
D step=4/5 epoch=2/3 loss=0.2489 l2=0.2000 label_smoothing=0.050
D step=4/5 epoch=3/3 loss=0.2462 l2=0.2000 label_smoothing=0.050
D step=5/5 epoch=1/3 loss=0.2193 l2=0.2000 label_smoothing=0.050
D step=5/5 epoch=2/3 loss=0.2145 l2=0.2000 label_smoothing=0.050
D step=5/5 epoch=3/3 loss=0.2210 l2=0.2000 label_smoothing=0.050
ADV epoch=60/200 g_loss=0.1051 d_loss=0.2331 reward=0.4162 reward_var=0.0070 unique=0.8600
D step=1/5 epoch=1/3 loss=0.2675 l2=0.2000 label_smoothing=0.050
D step=1/5 epoch=2/3 loss=0.2107 l2=0.2000 label_smoothing=0.050
D step=1/5 epoch=3/3 loss=0.2081 l2=0.2000 label_smoothing=0.050
D step=2/5 epoch=1/3 loss=0.2633 l2=0.2000 label_smoothing=0.050
D step=2/5 epoch=2/3 loss=0.2726 l2=0.2000 label_smoothing=0.050
D step=2/5 epoch=3/3 loss=0.2590 l2=0.2000 label_smoothing=0.050
D step=3/5 epoch=1/3 loss=0.2557 l2=0.2000 label_smoothing=0.050
D step=3/5 epoch=2/3 loss=0.2605 l2=0.2000 label_smoothing=0.050
D step=3/5 epoch=3/3 loss=0.2545 l2=0.2000 label_smoothing=0.050
D step=4/5 epoch=1/3 loss=0.2240 l2=0.2000 label_smoothing=0.050
D step=4/5 epoch=2/3 loss=0.2166 l2=0.2000 label_smoothing=0.050
D step=4/5 epoch=3/3 loss=0.2186 l2=0.2000 label_smoothing=0.050
D step=5/5 epoch=1/3 loss=0.2183 l2=0.2000 label_smoothing=0.050
D step=5/5 epoch=2/3 loss=0.2153 l2=0.2000 label_smoothing=0.050
D step=5/5 epoch=3/3 loss=0.2179 l2=0.2000 label_smoothing=0.050
ADV epoch=61/200 g_loss=0.1222 d_loss=0.2375 reward=0.3920 reward_var=0.0085 unique=0.8000
D step=1/5 epoch=1/3 loss=0.2328 l2=0.2000 label_smoothing=0.050
D step=1/5 epoch=2/3 loss=0.2101 l2=0.2000 label_smoothing=0.050
D step=1/5 epoch=3/3 loss=0.2078 l2=0.2000 label_smoothing=0.050
D step=2/5 epoch=1/3 loss=0.2076 l2=0.2000 label_smoothing=0.050
D step=2/5 epoch=2/3 loss=0.1980 l2=0.2000 label_smoothing=0.050
D step=2/5 epoch=3/3 loss=0.2034 l2=0.2000 label_smoothing=0.050
D step=3/5 epoch=1/3 loss=0.2597 l2=0.2000 label_smoothing=0.050
D step=3/5 epoch=2/3 loss=0.2508 l2=0.2000 label_smoothing=0.050
D step=3/5 epoch=3/3 loss=0.2493 l2=0.2000 label_smoothing=0.050
D step=4/5 epoch=1/3 loss=0.2474 l2=0.2000 label_smoothing=0.050
D step=4/5 epoch=2/3 loss=0.2424 l2=0.2000 label_smoothing=0.050
D step=4/5 epoch=3/3 loss=0.2372 l2=0.2000 label_smoothing=0.050
D step=5/5 epoch=1/3 loss=0.2296 l2=0.2000 label_smoothing=0.050
D step=5/5 epoch=2/3 loss=0.2221 l2=0.2000 label_smoothing=0.050
D step=5/5 epoch=3/3 loss=0.2229 l2=0.2000 label_smoothing=0.050
ADV epoch=62/200 g_loss=0.1071 d_loss=0.2281 reward=0.3889 reward_var=0.0065 unique=0.7200
D step=1/5 epoch=1/3 loss=0.2370 l2=0.2000 label_smoothing=0.050
D step=1/5 epoch=2/3 loss=0.2390 l2=0.2000 label_smoothing=0.050
D step=1/5 epoch=3/3 loss=0.2158 l2=0.2000 label_smoothing=0.050
D step=2/5 epoch=1/3 loss=0.2370 l2=0.2000 label_smoothing=0.050
D step=2/5 epoch=2/3 loss=0.2407 l2=0.2000 label_smoothing=0.050
D step=2/5 epoch=3/3 loss=0.2286 l2=0.2000 label_smoothing=0.050
D step=3/5 epoch=1/3 loss=0.2064 l2=0.2000 label_smoothing=0.050
D step=3/5 epoch=2/3 loss=0.1970 l2=0.2000 label_smoothing=0.050
D step=3/5 epoch=3/3 loss=0.1928 l2=0.2000 label_smoothing=0.050
D step=4/5 epoch=1/3 loss=0.2466 l2=0.2000 label_smoothing=0.050
D step=4/5 epoch=2/3 loss=0.2507 l2=0.2000 label_smoothing=0.050
D step=4/5 epoch=3/3 loss=0.2417 l2=0.2000 label_smoothing=0.050
D step=5/5 epoch=1/3 loss=0.2425 l2=0.2000 label_smoothing=0.050
D step=5/5 epoch=2/3 loss=0.2393 l2=0.2000 label_smoothing=0.050
D step=5/5 epoch=3/3 loss=0.2353 l2=0.2000 label_smoothing=0.050
ADV epoch=63/200 g_loss=0.1205 d_loss=0.2300 reward=0.4370 reward_var=0.0121 unique=0.8800
D step=1/5 epoch=1/3 loss=0.2264 l2=0.2000 label_smoothing=0.050
D step=1/5 epoch=2/3 loss=0.2108 l2=0.2000 label_smoothing=0.050
D step=1/5 epoch=3/3 loss=0.1898 l2=0.2000 label_smoothing=0.050
D step=2/5 epoch=1/3 loss=0.2318 l2=0.2000 label_smoothing=0.050
D step=2/5 epoch=2/3 loss=0.2230 l2=0.2000 label_smoothing=0.050
D step=2/5 epoch=3/3 loss=0.2280 l2=0.2000 label_smoothing=0.050
D step=3/5 epoch=1/3 loss=0.2095 l2=0.2000 label_smoothing=0.050
D step=3/5 epoch=2/3 loss=0.2073 l2=0.2000 label_smoothing=0.050
D step=3/5 epoch=3/3 loss=0.2026 l2=0.2000 label_smoothing=0.050
D step=4/5 epoch=1/3 loss=0.1961 l2=0.2000 label_smoothing=0.050
D step=4/5 epoch=2/3 loss=0.1973 l2=0.2000 label_smoothing=0.050
D step=4/5 epoch=3/3 loss=0.1977 l2=0.2000 label_smoothing=0.050
D step=5/5 epoch=1/3 loss=0.2005 l2=0.2000 label_smoothing=0.050
D step=5/5 epoch=2/3 loss=0.1951 l2=0.2000 label_smoothing=0.050
D step=5/5 epoch=3/3 loss=0.1881 l2=0.2000 label_smoothing=0.050
ADV epoch=64/200 g_loss=0.0942 d_loss=0.2069 reward=0.3729 reward_var=0.0048 unique=0.7400
D step=1/5 epoch=1/3 loss=0.2306 l2=0.2000 label_smoothing=0.050
D step=1/5 epoch=2/3 loss=0.2059 l2=0.2000 label_smoothing=0.050
D step=1/5 epoch=3/3 loss=0.2085 l2=0.2000 label_smoothing=0.050
D step=2/5 epoch=1/3 loss=0.2340 l2=0.2000 label_smoothing=0.050
D step=2/5 epoch=2/3 loss=0.2325 l2=0.2000 label_smoothing=0.050
D step=2/5 epoch=3/3 loss=0.2219 l2=0.2000 label_smoothing=0.050
D step=3/5 epoch=1/3 loss=0.2196 l2=0.2000 label_smoothing=0.050
D step=3/5 epoch=2/3 loss=0.2147 l2=0.2000 label_smoothing=0.050
D step=3/5 epoch=3/3 loss=0.2122 l2=0.2000 label_smoothing=0.050
D step=4/5 epoch=1/3 loss=0.1959 l2=0.2000 label_smoothing=0.050
D step=4/5 epoch=2/3 loss=0.1904 l2=0.2000 label_smoothing=0.050
D step=4/5 epoch=3/3 loss=0.1929 l2=0.2000 label_smoothing=0.050
D step=5/5 epoch=1/3 loss=0.1713 l2=0.2000 label_smoothing=0.050
D step=5/5 epoch=2/3 loss=0.1663 l2=0.2000 label_smoothing=0.050
D step=5/5 epoch=3/3 loss=0.1687 l2=0.2000 label_smoothing=0.050
ADV epoch=65/200 g_loss=0.0889 d_loss=0.2044 reward=0.4438 reward_var=0.0086 unique=0.8600
D step=1/5 epoch=1/3 loss=0.1826 l2=0.2000 label_smoothing=0.050
D step=1/5 epoch=2/3 loss=0.1733 l2=0.2000 label_smoothing=0.050
D step=1/5 epoch=3/3 loss=0.1731 l2=0.2000 label_smoothing=0.050
D step=2/5 epoch=1/3 loss=0.2009 l2=0.2000 label_smoothing=0.050
D step=2/5 epoch=2/3 loss=0.2016 l2=0.2000 label_smoothing=0.050
D step=2/5 epoch=3/3 loss=0.1980 l2=0.2000 label_smoothing=0.050
D step=3/5 epoch=1/3 loss=0.1888 l2=0.2000 label_smoothing=0.050
D step=3/5 epoch=2/3 loss=0.1885 l2=0.2000 label_smoothing=0.050
D step=3/5 epoch=3/3 loss=0.1848 l2=0.2000 label_smoothing=0.050
D step=4/5 epoch=1/3 loss=0.2029 l2=0.2000 label_smoothing=0.050
D step=4/5 epoch=2/3 loss=0.1892 l2=0.2000 label_smoothing=0.050
D step=4/5 epoch=3/3 loss=0.1833 l2=0.2000 label_smoothing=0.050
D step=5/5 epoch=1/3 loss=0.1854 l2=0.2000 label_smoothing=0.050
D step=5/5 epoch=2/3 loss=0.1865 l2=0.2000 label_smoothing=0.050
D step=5/5 epoch=3/3 loss=0.1898 l2=0.2000 label_smoothing=0.050
ADV epoch=66/200 g_loss=0.0947 d_loss=0.1886 reward=0.4432 reward_var=0.0098 unique=0.7400
D step=1/5 epoch=1/3 loss=0.2014 l2=0.2000 label_smoothing=0.050
D step=1/5 epoch=2/3 loss=0.1702 l2=0.2000 label_smoothing=0.050
D step=1/5 epoch=3/3 loss=0.1759 l2=0.2000 label_smoothing=0.050
D step=2/5 epoch=1/3 loss=0.2177 l2=0.2000 label_smoothing=0.050
D step=2/5 epoch=2/3 loss=0.2098 l2=0.2000 label_smoothing=0.050
D step=2/5 epoch=3/3 loss=0.2005 l2=0.2000 label_smoothing=0.050
D step=3/5 epoch=1/3 loss=0.1821 l2=0.2000 label_smoothing=0.050
D step=3/5 epoch=2/3 loss=0.1771 l2=0.2000 label_smoothing=0.050
D step=3/5 epoch=3/3 loss=0.1752 l2=0.2000 label_smoothing=0.050
D step=4/5 epoch=1/3 loss=0.1739 l2=0.2000 label_smoothing=0.050
D step=4/5 epoch=2/3 loss=0.1741 l2=0.2000 label_smoothing=0.050
D step=4/5 epoch=3/3 loss=0.1653 l2=0.2000 label_smoothing=0.050
D step=5/5 epoch=1/3 loss=0.1613 l2=0.2000 label_smoothing=0.050
D step=5/5 epoch=2/3 loss=0.1583 l2=0.2000 label_smoothing=0.050
D step=5/5 epoch=3/3 loss=0.1547 l2=0.2000 label_smoothing=0.050
ADV epoch=67/200 g_loss=0.0868 d_loss=0.1798 reward=0.4092 reward_var=0.0067 unique=0.8000
D step=1/5 epoch=1/3 loss=0.1664 l2=0.2000 label_smoothing=0.050
D step=1/5 epoch=2/3 loss=0.1534 l2=0.2000 label_smoothing=0.050
D step=1/5 epoch=3/3 loss=0.1541 l2=0.2000 label_smoothing=0.050
D step=2/5 epoch=1/3 loss=0.1495 l2=0.2000 label_smoothing=0.050
D step=2/5 epoch=2/3 loss=0.1467 l2=0.2000 label_smoothing=0.050
D step=2/5 epoch=3/3 loss=0.1509 l2=0.2000 label_smoothing=0.050
D step=3/5 epoch=1/3 loss=0.1604 l2=0.2000 label_smoothing=0.050
D step=3/5 epoch=2/3 loss=0.1504 l2=0.2000 label_smoothing=0.050
D step=3/5 epoch=3/3 loss=0.1558 l2=0.2000 label_smoothing=0.050
D step=4/5 epoch=1/3 loss=0.1873 l2=0.2000 label_smoothing=0.050
D step=4/5 epoch=2/3 loss=0.1637 l2=0.2000 label_smoothing=0.050
D step=4/5 epoch=3/3 loss=0.1561 l2=0.2000 label_smoothing=0.050
D step=5/5 epoch=1/3 loss=0.1836 l2=0.2000 label_smoothing=0.050
D step=5/5 epoch=2/3 loss=0.1836 l2=0.2000 label_smoothing=0.050
D step=5/5 epoch=3/3 loss=0.1757 l2=0.2000 label_smoothing=0.050
ADV epoch=68/200 g_loss=0.0648 d_loss=0.1625 reward=0.4319 reward_var=0.0093 unique=0.6200
D step=1/5 epoch=1/3 loss=0.1807 l2=0.2000 label_smoothing=0.050
D step=1/5 epoch=2/3 loss=0.1791 l2=0.2000 label_smoothing=0.050
D step=1/5 epoch=3/3 loss=0.1652 l2=0.2000 label_smoothing=0.050
D step=2/5 epoch=1/3 loss=0.1549 l2=0.2000 label_smoothing=0.050
D step=2/5 epoch=2/3 loss=0.1575 l2=0.2000 label_smoothing=0.050
D step=2/5 epoch=3/3 loss=0.1542 l2=0.2000 label_smoothing=0.050
D step=3/5 epoch=1/3 loss=0.1853 l2=0.2000 label_smoothing=0.050
D step=3/5 epoch=2/3 loss=0.1855 l2=0.2000 label_smoothing=0.050
D step=3/5 epoch=3/3 loss=0.1829 l2=0.2000 label_smoothing=0.050
D step=4/5 epoch=1/3 loss=0.1544 l2=0.2000 label_smoothing=0.050
D step=4/5 epoch=2/3 loss=0.1547 l2=0.2000 label_smoothing=0.050
D step=4/5 epoch=3/3 loss=0.1488 l2=0.2000 label_smoothing=0.050
D step=5/5 epoch=1/3 loss=0.1660 l2=0.2000 label_smoothing=0.050
D step=5/5 epoch=2/3 loss=0.1627 l2=0.2000 label_smoothing=0.050
D step=5/5 epoch=3/3 loss=0.1593 l2=0.2000 label_smoothing=0.050
ADV epoch=69/200 g_loss=0.0771 d_loss=0.1661 reward=0.3399 reward_var=0.0014 unique=0.7600
D step=1/5 epoch=1/3 loss=0.1503 l2=0.2000 label_smoothing=0.050
D step=1/5 epoch=2/3 loss=0.1550 l2=0.2000 label_smoothing=0.050
D step=1/5 epoch=3/3 loss=0.1514 l2=0.2000 label_smoothing=0.050
D step=2/5 epoch=1/3 loss=0.1550 l2=0.2000 label_smoothing=0.050
D step=2/5 epoch=2/3 loss=0.1575 l2=0.2000 label_smoothing=0.050
D step=2/5 epoch=3/3 loss=0.1571 l2=0.2000 label_smoothing=0.050
D step=3/5 epoch=1/3 loss=0.1420 l2=0.2000 label_smoothing=0.050
D step=3/5 epoch=2/3 loss=0.1406 l2=0.2000 label_smoothing=0.050
D step=3/5 epoch=3/3 loss=0.1418 l2=0.2000 label_smoothing=0.050
D step=4/5 epoch=1/3 loss=0.1809 l2=0.2000 label_smoothing=0.050
D step=4/5 epoch=2/3 loss=0.1701 l2=0.2000 label_smoothing=0.050
D step=4/5 epoch=3/3 loss=0.1748 l2=0.2000 label_smoothing=0.050
D step=5/5 epoch=1/3 loss=0.1652 l2=0.2000 label_smoothing=0.050
D step=5/5 epoch=2/3 loss=0.1512 l2=0.2000 label_smoothing=0.050
D step=5/5 epoch=3/3 loss=0.1510 l2=0.2000 label_smoothing=0.050
ADV epoch=70/200 g_loss=0.0706 d_loss=0.1563 reward=0.3571 reward_var=0.0023 unique=0.6000
D step=1/5 epoch=1/3 loss=0.1472 l2=0.2000 label_smoothing=0.050
D step=1/5 epoch=2/3 loss=0.1440 l2=0.2000 label_smoothing=0.050
D step=1/5 epoch=3/3 loss=0.1353 l2=0.2000 label_smoothing=0.050
D step=2/5 epoch=1/3 loss=0.1600 l2=0.2000 label_smoothing=0.050
D step=2/5 epoch=2/3 loss=0.1546 l2=0.2000 label_smoothing=0.050
D step=2/5 epoch=3/3 loss=0.1490 l2=0.2000 label_smoothing=0.050
D step=3/5 epoch=1/3 loss=0.1488 l2=0.2000 label_smoothing=0.050
D step=3/5 epoch=2/3 loss=0.1506 l2=0.2000 label_smoothing=0.050
D step=3/5 epoch=3/3 loss=0.1452 l2=0.2000 label_smoothing=0.050
D step=4/5 epoch=1/3 loss=0.1520 l2=0.2000 label_smoothing=0.050
D step=4/5 epoch=2/3 loss=0.1509 l2=0.2000 label_smoothing=0.050
D step=4/5 epoch=3/3 loss=0.1453 l2=0.2000 label_smoothing=0.050
D step=5/5 epoch=1/3 loss=0.1499 l2=0.2000 label_smoothing=0.050
D step=5/5 epoch=2/3 loss=0.1497 l2=0.2000 label_smoothing=0.050
D step=5/5 epoch=3/3 loss=0.1520 l2=0.2000 label_smoothing=0.050
ADV epoch=71/200 g_loss=0.0687 d_loss=0.1490 reward=0.3792 reward_var=0.0043 unique=0.7200
D step=1/5 epoch=1/3 loss=0.1428 l2=0.2000 label_smoothing=0.050
D step=1/5 epoch=2/3 loss=0.1417 l2=0.2000 label_smoothing=0.050
D step=1/5 epoch=3/3 loss=0.1365 l2=0.2000 label_smoothing=0.050
D step=2/5 epoch=1/3 loss=0.1472 l2=0.2000 label_smoothing=0.050
D step=2/5 epoch=2/3 loss=0.1487 l2=0.2000 label_smoothing=0.050
D step=2/5 epoch=3/3 loss=0.1439 l2=0.2000 label_smoothing=0.050
D step=3/5 epoch=1/3 loss=0.1544 l2=0.2000 label_smoothing=0.050
D step=3/5 epoch=2/3 loss=0.1546 l2=0.2000 label_smoothing=0.050
D step=3/5 epoch=3/3 loss=0.1530 l2=0.2000 label_smoothing=0.050
D step=4/5 epoch=1/3 loss=0.1713 l2=0.2000 label_smoothing=0.050
D step=4/5 epoch=2/3 loss=0.1721 l2=0.2000 label_smoothing=0.050
D step=4/5 epoch=3/3 loss=0.1679 l2=0.2000 label_smoothing=0.050
D step=5/5 epoch=1/3 loss=0.1610 l2=0.2000 label_smoothing=0.050
D step=5/5 epoch=2/3 loss=0.1587 l2=0.2000 label_smoothing=0.050
D step=5/5 epoch=3/3 loss=0.1566 l2=0.2000 label_smoothing=0.050
ADV epoch=72/200 g_loss=0.0653 d_loss=0.1540 reward=0.3483 reward_var=0.0018 unique=0.7800
D step=1/5 epoch=1/3 loss=0.1463 l2=0.2000 label_smoothing=0.050
D step=1/5 epoch=2/3 loss=0.1389 l2=0.2000 label_smoothing=0.050
D step=1/5 epoch=3/3 loss=0.1458 l2=0.2000 label_smoothing=0.050
D step=2/5 epoch=1/3 loss=0.1352 l2=0.2000 label_smoothing=0.050
D step=2/5 epoch=2/3 loss=0.1327 l2=0.2000 label_smoothing=0.050
D step=2/5 epoch=3/3 loss=0.1352 l2=0.2000 label_smoothing=0.050
D step=3/5 epoch=1/3 loss=0.1449 l2=0.2000 label_smoothing=0.050
D step=3/5 epoch=2/3 loss=0.1419 l2=0.2000 label_smoothing=0.050
D step=3/5 epoch=3/3 loss=0.1412 l2=0.2000 label_smoothing=0.050
D step=4/5 epoch=1/3 loss=0.1419 l2=0.2000 label_smoothing=0.050
D step=4/5 epoch=2/3 loss=0.1375 l2=0.2000 label_smoothing=0.050
D step=4/5 epoch=3/3 loss=0.1374 l2=0.2000 label_smoothing=0.050
D step=5/5 epoch=1/3 loss=0.1462 l2=0.2000 label_smoothing=0.050
D step=5/5 epoch=2/3 loss=0.1457 l2=0.2000 label_smoothing=0.050
D step=5/5 epoch=3/3 loss=0.1444 l2=0.2000 label_smoothing=0.050
ADV epoch=73/200 g_loss=0.0544 d_loss=0.1410 reward=0.3462 reward_var=0.0010 unique=0.7000
D step=1/5 epoch=1/3 loss=0.1454 l2=0.2000 label_smoothing=0.050
D step=1/5 epoch=2/3 loss=0.1432 l2=0.2000 label_smoothing=0.050
D step=1/5 epoch=3/3 loss=0.1407 l2=0.2000 label_smoothing=0.050
D step=2/5 epoch=1/3 loss=0.1458 l2=0.2000 label_smoothing=0.050
D step=2/5 epoch=2/3 loss=0.1402 l2=0.2000 label_smoothing=0.050
D step=2/5 epoch=3/3 loss=0.1398 l2=0.2000 label_smoothing=0.050
D step=3/5 epoch=1/3 loss=0.1509 l2=0.2000 label_smoothing=0.050
D step=3/5 epoch=2/3 loss=0.1435 l2=0.2000 label_smoothing=0.050
D step=3/5 epoch=3/3 loss=0.1433 l2=0.2000 label_smoothing=0.050
D step=4/5 epoch=1/3 loss=0.1379 l2=0.2000 label_smoothing=0.050
D step=4/5 epoch=2/3 loss=0.1373 l2=0.2000 label_smoothing=0.050
D step=4/5 epoch=3/3 loss=0.1360 l2=0.2000 label_smoothing=0.050
D step=5/5 epoch=1/3 loss=0.1393 l2=0.2000 label_smoothing=0.050
D step=5/5 epoch=2/3 loss=0.1395 l2=0.2000 label_smoothing=0.050
D step=5/5 epoch=3/3 loss=0.1345 l2=0.2000 label_smoothing=0.050
ADV epoch=74/200 g_loss=0.0608 d_loss=0.1412 reward=0.3420 reward_var=0.0027 unique=0.6800
D step=1/5 epoch=1/3 loss=0.1439 l2=0.2000 label_smoothing=0.050
D step=1/5 epoch=2/3 loss=0.1366 l2=0.2000 label_smoothing=0.050
D step=1/5 epoch=3/3 loss=0.1384 l2=0.2000 label_smoothing=0.050
D step=2/5 epoch=1/3 loss=0.1699 l2=0.2000 label_smoothing=0.050
D step=2/5 epoch=2/3 loss=0.1658 l2=0.2000 label_smoothing=0.050
D step=2/5 epoch=3/3 loss=0.1630 l2=0.2000 label_smoothing=0.050
D step=3/5 epoch=1/3 loss=0.1368 l2=0.2000 label_smoothing=0.050
D step=3/5 epoch=2/3 loss=0.1330 l2=0.2000 label_smoothing=0.050
D step=3/5 epoch=3/3 loss=0.1365 l2=0.2000 label_smoothing=0.050
D step=4/5 epoch=1/3 loss=0.1386 l2=0.2000 label_smoothing=0.050
D step=4/5 epoch=2/3 loss=0.1364 l2=0.2000 label_smoothing=0.050
D step=4/5 epoch=3/3 loss=0.1349 l2=0.2000 label_smoothing=0.050
D step=5/5 epoch=1/3 loss=0.1541 l2=0.2000 label_smoothing=0.050
D step=5/5 epoch=2/3 loss=0.1515 l2=0.2000 label_smoothing=0.050
D step=5/5 epoch=3/3 loss=0.1514 l2=0.2000 label_smoothing=0.050
ADV epoch=75/200 g_loss=0.0499 d_loss=0.1461 reward=0.3414 reward_var=0.0017 unique=0.7000
D step=1/5 epoch=1/3 loss=0.1321 l2=0.2000 label_smoothing=0.050
D step=1/5 epoch=2/3 loss=0.1295 l2=0.2000 label_smoothing=0.050
D step=1/5 epoch=3/3 loss=0.1285 l2=0.2000 label_smoothing=0.050
D step=2/5 epoch=1/3 loss=0.1375 l2=0.2000 label_smoothing=0.050
D step=2/5 epoch=2/3 loss=0.1361 l2=0.2000 label_smoothing=0.050
D step=2/5 epoch=3/3 loss=0.1367 l2=0.2000 label_smoothing=0.050
D step=3/5 epoch=1/3 loss=0.1308 l2=0.2000 label_smoothing=0.050
D step=3/5 epoch=2/3 loss=0.1295 l2=0.2000 label_smoothing=0.050
D step=3/5 epoch=3/3 loss=0.1300 l2=0.2000 label_smoothing=0.050
D step=4/5 epoch=1/3 loss=0.1770 l2=0.2000 label_smoothing=0.050
D step=4/5 epoch=2/3 loss=0.1723 l2=0.2000 label_smoothing=0.050
D step=4/5 epoch=3/3 loss=0.1702 l2=0.2000 label_smoothing=0.050
D step=5/5 epoch=1/3 loss=0.1481 l2=0.2000 label_smoothing=0.050
D step=5/5 epoch=2/3 loss=0.1433 l2=0.2000 label_smoothing=0.050
D step=5/5 epoch=3/3 loss=0.1416 l2=0.2000 label_smoothing=0.050
ADV epoch=76/200 g_loss=0.0527 d_loss=0.1429 reward=0.3312 reward_var=0.0011 unique=0.7200
D step=1/5 epoch=1/3 loss=0.1621 l2=0.2000 label_smoothing=0.050
D step=1/5 epoch=2/3 loss=0.1586 l2=0.2000 label_smoothing=0.050
D step=1/5 epoch=3/3 loss=0.1504 l2=0.2000 label_smoothing=0.050
D step=2/5 epoch=1/3 loss=0.1396 l2=0.2000 label_smoothing=0.050
D step=2/5 epoch=2/3 loss=0.1391 l2=0.2000 label_smoothing=0.050
D step=2/5 epoch=3/3 loss=0.1413 l2=0.2000 label_smoothing=0.050
D step=3/5 epoch=1/3 loss=0.1396 l2=0.2000 label_smoothing=0.050
D step=3/5 epoch=2/3 loss=0.1363 l2=0.2000 label_smoothing=0.050
D step=3/5 epoch=3/3 loss=0.1429 l2=0.2000 label_smoothing=0.050
D step=4/5 epoch=1/3 loss=0.1422 l2=0.2000 label_smoothing=0.050
D step=4/5 epoch=2/3 loss=0.1398 l2=0.2000 label_smoothing=0.050
D step=4/5 epoch=3/3 loss=0.1368 l2=0.2000 label_smoothing=0.050
D step=5/5 epoch=1/3 loss=0.1360 l2=0.2000 label_smoothing=0.050
D step=5/5 epoch=2/3 loss=0.1346 l2=0.2000 label_smoothing=0.050
D step=5/5 epoch=3/3 loss=0.1342 l2=0.2000 label_smoothing=0.050
ADV epoch=77/200 g_loss=0.0599 d_loss=0.1422 reward=0.3492 reward_var=0.0012 unique=0.8800
D step=1/5 epoch=1/3 loss=0.1407 l2=0.2000 label_smoothing=0.050
D step=1/5 epoch=2/3 loss=0.1350 l2=0.2000 label_smoothing=0.050
D step=1/5 epoch=3/3 loss=0.1378 l2=0.2000 label_smoothing=0.050
D step=2/5 epoch=1/3 loss=0.1329 l2=0.2000 label_smoothing=0.050
D step=2/5 epoch=2/3 loss=0.1336 l2=0.2000 label_smoothing=0.050
D step=2/5 epoch=3/3 loss=0.1326 l2=0.2000 label_smoothing=0.050
D step=3/5 epoch=1/3 loss=0.1340 l2=0.2000 label_smoothing=0.050
D step=3/5 epoch=2/3 loss=0.1362 l2=0.2000 label_smoothing=0.050
D step=3/5 epoch=3/3 loss=0.1327 l2=0.2000 label_smoothing=0.050
D step=4/5 epoch=1/3 loss=0.1413 l2=0.2000 label_smoothing=0.050
D step=4/5 epoch=2/3 loss=0.1400 l2=0.2000 label_smoothing=0.050
D step=4/5 epoch=3/3 loss=0.1385 l2=0.2000 label_smoothing=0.050
D step=5/5 epoch=1/3 loss=0.1315 l2=0.2000 label_smoothing=0.050
D step=5/5 epoch=2/3 loss=0.1314 l2=0.2000 label_smoothing=0.050
D step=5/5 epoch=3/3 loss=0.1290 l2=0.2000 label_smoothing=0.050
ADV epoch=78/200 g_loss=0.0573 d_loss=0.1351 reward=0.3277 reward_var=0.0005 unique=0.8000
D step=1/5 epoch=1/3 loss=0.1325 l2=0.2000 label_smoothing=0.050
D step=1/5 epoch=2/3 loss=0.1326 l2=0.2000 label_smoothing=0.050
D step=1/5 epoch=3/3 loss=0.1314 l2=0.2000 label_smoothing=0.050
D step=2/5 epoch=1/3 loss=0.1548 l2=0.2000 label_smoothing=0.050
D step=2/5 epoch=2/3 loss=0.1538 l2=0.2000 label_smoothing=0.050
D step=2/5 epoch=3/3 loss=0.1448 l2=0.2000 label_smoothing=0.050
D step=3/5 epoch=1/3 loss=0.1329 l2=0.2000 label_smoothing=0.050
D step=3/5 epoch=2/3 loss=0.1333 l2=0.2000 label_smoothing=0.050
D step=3/5 epoch=3/3 loss=0.1337 l2=0.2000 label_smoothing=0.050
D step=4/5 epoch=1/3 loss=0.1550 l2=0.2000 label_smoothing=0.050
D step=4/5 epoch=2/3 loss=0.1494 l2=0.2000 label_smoothing=0.050
D step=4/5 epoch=3/3 loss=0.1516 l2=0.2000 label_smoothing=0.050
D step=5/5 epoch=1/3 loss=0.1662 l2=0.2000 label_smoothing=0.050
D step=5/5 epoch=2/3 loss=0.1604 l2=0.2000 label_smoothing=0.050
D step=5/5 epoch=3/3 loss=0.1640 l2=0.2000 label_smoothing=0.050
ADV epoch=79/200 g_loss=0.0567 d_loss=0.1464 reward=0.3207 reward_var=0.0006 unique=0.8400
D step=1/5 epoch=1/3 loss=0.1344 l2=0.2000 label_smoothing=0.050
D step=1/5 epoch=2/3 loss=0.1305 l2=0.2000 label_smoothing=0.050
D step=1/5 epoch=3/3 loss=0.1312 l2=0.2000 label_smoothing=0.050
D step=2/5 epoch=1/3 loss=0.1306 l2=0.2000 label_smoothing=0.050
D step=2/5 epoch=2/3 loss=0.1302 l2=0.2000 label_smoothing=0.050
D step=2/5 epoch=3/3 loss=0.1283 l2=0.2000 label_smoothing=0.050
D step=3/5 epoch=1/3 loss=0.1392 l2=0.2000 label_smoothing=0.050
D step=3/5 epoch=2/3 loss=0.1398 l2=0.2000 label_smoothing=0.050
D step=3/5 epoch=3/3 loss=0.1364 l2=0.2000 label_smoothing=0.050
D step=4/5 epoch=1/3 loss=0.1315 l2=0.2000 label_smoothing=0.050
D step=4/5 epoch=2/3 loss=0.1328 l2=0.2000 label_smoothing=0.050
D step=4/5 epoch=3/3 loss=0.1313 l2=0.2000 label_smoothing=0.050
D step=5/5 epoch=1/3 loss=0.1309 l2=0.2000 label_smoothing=0.050
D step=5/5 epoch=2/3 loss=0.1331 l2=0.2000 label_smoothing=0.050
D step=5/5 epoch=3/3 loss=0.1313 l2=0.2000 label_smoothing=0.050
ADV epoch=80/200 g_loss=0.0530 d_loss=0.1328 reward=0.3259 reward_var=0.0003 unique=0.7800
saved 2000 raw samples to /content/drive/MyDrive/GAN/GAN_for_SQLi/result/phase3/seqgan_improved/union/D/R200/V8/generated_payloads.csv
