
[1/3] pretrain G
G epoch=1/60 loss=4.5584
G epoch=2/60 loss=4.4066
G epoch=3/60 loss=4.2442
G epoch=4/60 loss=4.0485
G epoch=5/60 loss=3.8108
G epoch=6/60 loss=3.5394
G epoch=7/60 loss=3.2661
G epoch=8/60 loss=3.0309
G epoch=9/60 loss=2.8603
G epoch=10/60 loss=2.7614
G epoch=11/60 loss=2.7132
G epoch=12/60 loss=2.6845
G epoch=13/60 loss=2.6541
G epoch=14/60 loss=2.6135
G epoch=15/60 loss=2.5641
G epoch=16/60 loss=2.5118
G epoch=17/60 loss=2.4622
G epoch=18/60 loss=2.4159
G epoch=19/60 loss=2.3745
G epoch=20/60 loss=2.3358
G epoch=21/60 loss=2.2965
G epoch=22/60 loss=2.2575
G epoch=23/60 loss=2.2195
G epoch=24/60 loss=2.1816
G epoch=25/60 loss=2.1435
G epoch=26/60 loss=2.1054
G epoch=27/60 loss=2.0672
G epoch=28/60 loss=2.0294
G epoch=29/60 loss=1.9924
G epoch=30/60 loss=1.9567
G epoch=31/60 loss=1.9226
G epoch=32/60 loss=1.8902
G epoch=33/60 loss=1.8592
G epoch=34/60 loss=1.8292
G epoch=35/60 loss=1.7998
G epoch=36/60 loss=1.7708
G epoch=37/60 loss=1.7425
G epoch=38/60 loss=1.7150
G epoch=39/60 loss=1.6886
G epoch=40/60 loss=1.6631
G epoch=41/60 loss=1.6384
G epoch=42/60 loss=1.6143
G epoch=43/60 loss=1.5907
G epoch=44/60 loss=1.5676
G epoch=45/60 loss=1.5449
G epoch=46/60 loss=1.5228
G epoch=47/60 loss=1.5011
G epoch=48/60 loss=1.4803
G epoch=49/60 loss=1.4603
G epoch=50/60 loss=1.4411
G epoch=51/60 loss=1.4223
G epoch=52/60 loss=1.4036
G epoch=53/60 loss=1.3849
G epoch=54/60 loss=1.3663
G epoch=55/60 loss=1.3480
G epoch=56/60 loss=1.3298
G epoch=57/60 loss=1.3117
G epoch=58/60 loss=1.2938
G epoch=59/60 loss=1.2766
G epoch=60/60 loss=1.2601

[2/3] pretrain D

[3/3] adversarial
generator_reward_mode=off reward_alpha=1.000 d_steps=5 d_epochs=3
ADV epoch=1/60 g_loss=1.0144 d_loss=0.0000 reward=0.5250 reward_var=0.0006 unique=1.0000
ADV epoch=2/60 g_loss=1.0049 d_loss=0.0000 reward=0.5255 reward_var=0.0005 unique=1.0000
ADV epoch=3/60 g_loss=0.9973 d_loss=0.0000 reward=0.5293 reward_var=0.0006 unique=1.0000
ADV epoch=4/60 g_loss=1.1302 d_loss=0.0000 reward=0.5257 reward_var=0.0005 unique=1.0000
ADV epoch=5/60 g_loss=1.2424 d_loss=0.0000 reward=0.5326 reward_var=0.0005 unique=1.0000
ADV epoch=6/60 g_loss=1.2724 d_loss=0.0000 reward=0.5339 reward_var=0.0006 unique=1.0000
ADV epoch=7/60 g_loss=1.2997 d_loss=0.0000 reward=0.5333 reward_var=0.0005 unique=1.0000
ADV epoch=8/60 g_loss=1.3205 d_loss=0.0000 reward=0.5351 reward_var=0.0004 unique=1.0000
ADV epoch=9/60 g_loss=1.3430 d_loss=0.0000 reward=0.5355 reward_var=0.0005 unique=1.0000
ADV epoch=10/60 g_loss=1.3145 d_loss=0.0000 reward=0.5365 reward_var=0.0005 unique=1.0000
ADV epoch=11/60 g_loss=1.3394 d_loss=0.0000 reward=0.5352 reward_var=0.0004 unique=1.0000
ADV epoch=12/60 g_loss=1.3495 d_loss=0.0000 reward=0.5397 reward_var=0.0005 unique=1.0000
ADV epoch=13/60 g_loss=1.3200 d_loss=0.0000 reward=0.5335 reward_var=0.0005 unique=1.0000
ADV epoch=14/60 g_loss=1.3389 d_loss=0.0000 reward=0.5362 reward_var=0.0004 unique=1.0000
ADV epoch=15/60 g_loss=1.3284 d_loss=0.0000 reward=0.5382 reward_var=0.0005 unique=1.0000
ADV epoch=16/60 g_loss=1.3832 d_loss=0.0000 reward=0.5347 reward_var=0.0006 unique=1.0000
ADV epoch=17/60 g_loss=1.3349 d_loss=0.0000 reward=0.5320 reward_var=0.0005 unique=1.0000
ADV epoch=18/60 g_loss=1.3283 d_loss=0.0000 reward=0.5333 reward_var=0.0005 unique=1.0000
ADV epoch=19/60 g_loss=1.3274 d_loss=0.0000 reward=0.5317 reward_var=0.0005 unique=1.0000
ADV epoch=20/60 g_loss=1.3056 d_loss=0.0000 reward=0.5332 reward_var=0.0005 unique=1.0000
ADV epoch=21/60 g_loss=1.3266 d_loss=0.0000 reward=0.5343 reward_var=0.0006 unique=1.0000
ADV epoch=22/60 g_loss=1.3644 d_loss=0.0000 reward=0.5377 reward_var=0.0006 unique=1.0000
ADV epoch=23/60 g_loss=1.3409 d_loss=0.0000 reward=0.5362 reward_var=0.0006 unique=1.0000
ADV epoch=24/60 g_loss=1.2833 d_loss=0.0000 reward=0.5343 reward_var=0.0005 unique=1.0000
ADV epoch=25/60 g_loss=1.2916 d_loss=0.0000 reward=0.5358 reward_var=0.0005 unique=1.0000
ADV epoch=26/60 g_loss=1.3017 d_loss=0.0000 reward=0.5367 reward_var=0.0005 unique=1.0000
ADV epoch=27/60 g_loss=1.2986 d_loss=0.0000 reward=0.5373 reward_var=0.0005 unique=1.0000
ADV epoch=28/60 g_loss=1.3123 d_loss=0.0000 reward=0.5341 reward_var=0.0005 unique=1.0000
ADV epoch=29/60 g_loss=1.2777 d_loss=0.0000 reward=0.5371 reward_var=0.0004 unique=1.0000
ADV epoch=30/60 g_loss=1.2587 d_loss=0.0000 reward=0.5355 reward_var=0.0005 unique=1.0000
ADV epoch=31/60 g_loss=1.2397 d_loss=0.0000 reward=0.5349 reward_var=0.0004 unique=1.0000
ADV epoch=32/60 g_loss=1.2756 d_loss=0.0000 reward=0.5371 reward_var=0.0004 unique=1.0000
ADV epoch=33/60 g_loss=1.2504 d_loss=0.0000 reward=0.5341 reward_var=0.0005 unique=1.0000
ADV epoch=34/60 g_loss=1.2711 d_loss=0.0000 reward=0.5360 reward_var=0.0005 unique=1.0000
ADV epoch=35/60 g_loss=1.2380 d_loss=0.0000 reward=0.5372 reward_var=0.0004 unique=1.0000
ADV epoch=36/60 g_loss=1.2950 d_loss=0.0000 reward=0.5402 reward_var=0.0004 unique=1.0000
ADV epoch=37/60 g_loss=1.3080 d_loss=0.0000 reward=0.5380 reward_var=0.0006 unique=1.0000
ADV epoch=38/60 g_loss=1.2595 d_loss=0.0000 reward=0.5386 reward_var=0.0005 unique=1.0000
ADV epoch=39/60 g_loss=1.2292 d_loss=0.0000 reward=0.5387 reward_var=0.0006 unique=1.0000
ADV epoch=40/60 g_loss=1.2861 d_loss=0.0000 reward=0.5410 reward_var=0.0005 unique=1.0000
ADV epoch=41/60 g_loss=1.2944 d_loss=0.0000 reward=0.5394 reward_var=0.0005 unique=1.0000
ADV epoch=42/60 g_loss=1.3040 d_loss=0.0000 reward=0.5398 reward_var=0.0006 unique=1.0000
ADV epoch=43/60 g_loss=1.2945 d_loss=0.0000 reward=0.5429 reward_var=0.0005 unique=1.0000
ADV epoch=44/60 g_loss=1.3234 d_loss=0.0000 reward=0.5447 reward_var=0.0005 unique=1.0000
ADV epoch=45/60 g_loss=1.3272 d_loss=0.0000 reward=0.5457 reward_var=0.0005 unique=1.0000
ADV epoch=46/60 g_loss=1.3311 d_loss=0.0000 reward=0.5424 reward_var=0.0005 unique=1.0000
ADV epoch=47/60 g_loss=1.3178 d_loss=0.0000 reward=0.5461 reward_var=0.0005 unique=1.0000
ADV epoch=48/60 g_loss=1.3140 d_loss=0.0000 reward=0.5432 reward_var=0.0005 unique=1.0000
ADV epoch=49/60 g_loss=1.3377 d_loss=0.0000 reward=0.5435 reward_var=0.0006 unique=1.0000
ADV epoch=50/60 g_loss=1.3405 d_loss=0.0000 reward=0.5492 reward_var=0.0005 unique=1.0000
ADV epoch=51/60 g_loss=1.3446 d_loss=0.0000 reward=0.5487 reward_var=0.0005 unique=1.0000
ADV epoch=52/60 g_loss=1.3122 d_loss=0.0000 reward=0.5462 reward_var=0.0005 unique=1.0000
ADV epoch=53/60 g_loss=1.3162 d_loss=0.0000 reward=0.5480 reward_var=0.0005 unique=1.0000
ADV epoch=54/60 g_loss=1.2993 d_loss=0.0000 reward=0.5515 reward_var=0.0006 unique=1.0000
ADV epoch=55/60 g_loss=1.3557 d_loss=0.0000 reward=0.5493 reward_var=0.0007 unique=1.0000
ADV epoch=56/60 g_loss=1.3337 d_loss=0.0000 reward=0.5481 reward_var=0.0007 unique=1.0000
ADV epoch=57/60 g_loss=1.3656 d_loss=0.0000 reward=0.5510 reward_var=0.0006 unique=1.0000
ADV epoch=58/60 g_loss=1.2697 d_loss=0.0000 reward=0.5447 reward_var=0.0004 unique=1.0000
ADV epoch=59/60 g_loss=1.3321 d_loss=0.0000 reward=0.5501 reward_var=0.0005 unique=1.0000
ADV epoch=60/60 g_loss=1.3052 d_loss=0.0000 reward=0.5478 reward_var=0.0006 unique=1.0000
saved 500 raw samples to /content/drive/MyDrive/GAN/GAN_SQLi_Colab/results_seqgan_phase2b_phase3/phase2b/seqgan_master/boolean/E/R500/generated_payloads.csv
