{
  "metric_schema_version": "quality-metrics-v3",
  "normalization_version": "nfkc_html_percent1_casefold_ws_quotes_v1",
  "seed": 88,
  "method": "seqgan_improved",
  "family": "boolean",
  "scenario": "E",
  "ratio": "200",
  "generation_kind": "direct",
  "schema_valid": true,
  "stop_reason": "n/a",
  "n_generated": 500,
  "unique_rate": 1.0,
  "normalized_unique_rate": 1.0,
  "duplicate_rate": 0.0,
  "model_collapse_rate": 0.0,
  "dominant_payload_share": 0.002,
  "normalized_dominant_payload_share": 0.002,
  "sql_parse_rate": 1.0,
  "sql_structure_rate": 0.538,
  "family_motif_coverage": 0.25,
  "family_motif_hit_rate": 0.078,
  "garbage_rate": 0.46199999999999997,
  "wellformed_rate": 1.0,
  "shaped_rate": 0.538,
  "family_motif_coverage_by_family": {
    "boolean": 0.25
  },
  "family_motif_hit_rate_by_family": {
    "boolean": 0.078
  },
  "inferred_family_distribution": {
    "boolean": 0.078,
    "union": 0.0,
    "time": 0.0,
    "error": 0.0,
    "other": 0.922
  },
  "train_reference_count": 78,
  "holdout_reference_count": 917,
  "exact_input_overlap": 0.0,
  "normalized_input_overlap": 0.0,
  "holdout_overlap": 0.0,
  "normalized_holdout_overlap": 0.0,
  "nearest_input_similarity_mean": 0.09390880204316934,
  "nearest_input_similarity_median": 0.08514492753623187,
  "nearest_input_similarity_p90": 0.17391304347826086,
  "nearest_char3_jaccard_mean": 0.09390880204316934,
  "nearest_char3_jaccard_median": 0.08514492753623187,
  "nearest_char3_jaccard_p90": 0.17391304347826086,
  "nearest_token_jaccard_mean": 0.12380074055574056,
  "nearest_token_jaccard_median": 0.1111111111111111,
  "nearest_token_jaccard_p90": 0.2727272727272727,
  "nearest_edit_similarity_mean": 0.21466728407514898,
  "nearest_edit_similarity_median": 0.2222222222222222,
  "nearest_edit_similarity_p90": 0.33333333333333337,
  "nearest_feature_cosine_mean": 0.7682001285142674,
  "nearest_feature_cosine_median": 0.8149856770586252,
  "nearest_feature_cosine_p90": 0.9257342535498895,
  "nearest_input_distance_mean": 0.9060911979568307,
  "nearest_input_distance_median": 0.9148550724637681,
  "nearest_input_distance_p90": 0.9666666666666667,
  "mean_nearest_similarity": 0.09390880204316934,
  "median_nearest_similarity": 0.08514492753623187,
  "p90_nearest_similarity": 0.17391304347826086,
  "unique_nearest_payload_rate": 0.072,
  "dominant_retrieved_payload_share": 0.292,
  "nearest_reference_count": 78,
  "distinct_1": 0.24409110442629997,
  "distinct_2": 0.6502463054187192,
  "distinct_3": 0.9037593984962407,
  "lexical_diversity": 0.24409110442629997,
  "character_diversity": 0.7811236068527941,
  "token_diversity": 0.6787689942913325,
  "keyword_diversity": 0.3519362074364406,
  "operator_diversity": 0.7370471366502429,
  "function_diversity": 0.7674409033891666,
  "comment_style_diversity": 0.6666666666666666,
  "length_zone_diversity": 0.2,
  "self_bleu": 0.7506926880675101,
  "self_bleu_char": 0.7506926880675101,
  "requested_count": 500,
  "generated_count_fraction": 1.0
}
