
[1/3] pretrain G
G epoch=1/80 loss=4.5889
G epoch=2/80 loss=4.4228
G epoch=3/80 loss=4.2467
G epoch=4/80 loss=4.0105
G epoch=5/80 loss=3.7449
G epoch=6/80 loss=3.4666
G epoch=7/80 loss=3.2084
G epoch=8/80 loss=3.0012
G epoch=9/80 loss=2.9225
G epoch=10/80 loss=2.7783
G epoch=11/80 loss=2.7113
G epoch=12/80 loss=2.6959
G epoch=13/80 loss=2.6468
G epoch=14/80 loss=2.5820
G epoch=15/80 loss=2.6056
G epoch=16/80 loss=2.5529
G epoch=17/80 loss=2.4859
G epoch=18/80 loss=2.5132
G epoch=19/80 loss=2.3773
G epoch=20/80 loss=2.3662
G epoch=21/80 loss=2.3406
G epoch=22/80 loss=2.3629
G epoch=23/80 loss=2.3031
G epoch=24/80 loss=2.2055
G epoch=25/80 loss=2.1945
G epoch=26/80 loss=2.1736
G epoch=27/80 loss=2.1262
G epoch=28/80 loss=2.1219
G epoch=29/80 loss=2.0931
G epoch=30/80 loss=2.1354
G epoch=31/80 loss=2.0056
G epoch=32/80 loss=2.0060
G epoch=33/80 loss=2.0227
G epoch=34/80 loss=1.9638
G epoch=35/80 loss=1.9633
G epoch=36/80 loss=1.9559
G epoch=37/80 loss=1.9894
G epoch=38/80 loss=1.9395
G epoch=39/80 loss=1.9202
G epoch=40/80 loss=1.8389
G epoch=41/80 loss=1.8548
G epoch=42/80 loss=1.8328
G epoch=43/80 loss=1.8091
G epoch=44/80 loss=1.7529
G epoch=45/80 loss=1.7869
G epoch=46/80 loss=1.7026
G epoch=47/80 loss=1.6964
G epoch=48/80 loss=1.7566
G epoch=49/80 loss=1.7052
G epoch=50/80 loss=1.7484
G epoch=51/80 loss=1.6859
G epoch=52/80 loss=1.6703
G epoch=53/80 loss=1.6341
G epoch=54/80 loss=1.6334
G epoch=55/80 loss=1.6428
G epoch=56/80 loss=1.5901
G epoch=57/80 loss=1.5547
G epoch=58/80 loss=1.5352
G epoch=59/80 loss=1.5378
G epoch=60/80 loss=1.5028
G epoch=61/80 loss=1.5137
G epoch=62/80 loss=1.5062
G epoch=63/80 loss=1.4651
G epoch=64/80 loss=1.4637
G epoch=65/80 loss=1.4348
G epoch=66/80 loss=1.4596
G epoch=67/80 loss=1.4608
G epoch=68/80 loss=1.4247
G epoch=69/80 loss=1.3661
G epoch=70/80 loss=1.3895
G epoch=71/80 loss=1.3584
G epoch=72/80 loss=1.3367
G epoch=73/80 loss=1.3084
G epoch=74/80 loss=1.3410
G epoch=75/80 loss=1.3300
G epoch=76/80 loss=1.2830
G epoch=77/80 loss=1.2951
G epoch=78/80 loss=1.3236
G epoch=79/80 loss=1.3017
G epoch=80/80 loss=1.2615

[2/3] pretrain D
D step=1/30 epoch=1/3 loss=0.7759 l2=0.2000 label_smoothing=0.050
D step=1/30 epoch=2/3 loss=0.7550 l2=0.2000 label_smoothing=0.050
D step=1/30 epoch=3/3 loss=0.7376 l2=0.2000 label_smoothing=0.050
D step=2/30 epoch=1/3 loss=0.7219 l2=0.2000 label_smoothing=0.050
D step=2/30 epoch=2/3 loss=0.7315 l2=0.2000 label_smoothing=0.050
D step=2/30 epoch=3/3 loss=0.7228 l2=0.2000 label_smoothing=0.050
D step=3/30 epoch=1/3 loss=0.7084 l2=0.2000 label_smoothing=0.050
D step=3/30 epoch=2/3 loss=0.7017 l2=0.2000 label_smoothing=0.050
D step=3/30 epoch=3/3 loss=0.6773 l2=0.2000 label_smoothing=0.050
D step=4/30 epoch=1/3 loss=0.6659 l2=0.2000 label_smoothing=0.050
D step=4/30 epoch=2/3 loss=0.6568 l2=0.2000 label_smoothing=0.050
D step=4/30 epoch=3/3 loss=0.6407 l2=0.2000 label_smoothing=0.050
D step=5/30 epoch=1/3 loss=0.6462 l2=0.2000 label_smoothing=0.050
D step=5/30 epoch=2/3 loss=0.6468 l2=0.2000 label_smoothing=0.050
D step=5/30 epoch=3/3 loss=0.6378 l2=0.2000 label_smoothing=0.050
D step=6/30 epoch=1/3 loss=0.6173 l2=0.2000 label_smoothing=0.050
D step=6/30 epoch=2/3 loss=0.6191 l2=0.2000 label_smoothing=0.050
D step=6/30 epoch=3/3 loss=0.5866 l2=0.2000 label_smoothing=0.050
D step=7/30 epoch=1/3 loss=0.5867 l2=0.2000 label_smoothing=0.050
D step=7/30 epoch=2/3 loss=0.5902 l2=0.2000 label_smoothing=0.050
D step=7/30 epoch=3/3 loss=0.5765 l2=0.2000 label_smoothing=0.050
D step=8/30 epoch=1/3 loss=0.5464 l2=0.2000 label_smoothing=0.050
D step=8/30 epoch=2/3 loss=0.5284 l2=0.2000 label_smoothing=0.050
D step=8/30 epoch=3/3 loss=0.5171 l2=0.2000 label_smoothing=0.050
D step=9/30 epoch=1/3 loss=0.5286 l2=0.2000 label_smoothing=0.050
D step=9/30 epoch=2/3 loss=0.5091 l2=0.2000 label_smoothing=0.050
D step=9/30 epoch=3/3 loss=0.4924 l2=0.2000 label_smoothing=0.050
D step=10/30 epoch=1/3 loss=0.4879 l2=0.2000 label_smoothing=0.050
D step=10/30 epoch=2/3 loss=0.4622 l2=0.2000 label_smoothing=0.050
D step=10/30 epoch=3/3 loss=0.4373 l2=0.2000 label_smoothing=0.050
D step=11/30 epoch=1/3 loss=0.4495 l2=0.2000 label_smoothing=0.050
D step=11/30 epoch=2/3 loss=0.4397 l2=0.2000 label_smoothing=0.050
D step=11/30 epoch=3/3 loss=0.4206 l2=0.2000 label_smoothing=0.050
D step=12/30 epoch=1/3 loss=0.4246 l2=0.2000 label_smoothing=0.050
D step=12/30 epoch=2/3 loss=0.4087 l2=0.2000 label_smoothing=0.050
D step=12/30 epoch=3/3 loss=0.3941 l2=0.2000 label_smoothing=0.050
D step=13/30 epoch=1/3 loss=0.4018 l2=0.2000 label_smoothing=0.050
D step=13/30 epoch=2/3 loss=0.3853 l2=0.2000 label_smoothing=0.050
D step=13/30 epoch=3/3 loss=0.3889 l2=0.2000 label_smoothing=0.050
D step=14/30 epoch=1/3 loss=0.3781 l2=0.2000 label_smoothing=0.050
D step=14/30 epoch=2/3 loss=0.3839 l2=0.2000 label_smoothing=0.050
D step=14/30 epoch=3/3 loss=0.3702 l2=0.2000 label_smoothing=0.050
D step=15/30 epoch=1/3 loss=0.3564 l2=0.2000 label_smoothing=0.050
D step=15/30 epoch=2/3 loss=0.3520 l2=0.2000 label_smoothing=0.050
D step=15/30 epoch=3/3 loss=0.3362 l2=0.2000 label_smoothing=0.050
D step=16/30 epoch=1/3 loss=0.3105 l2=0.2000 label_smoothing=0.050
D step=16/30 epoch=2/3 loss=0.3258 l2=0.2000 label_smoothing=0.050
D step=16/30 epoch=3/3 loss=0.3165 l2=0.2000 label_smoothing=0.050
D step=17/30 epoch=1/3 loss=0.3107 l2=0.2000 label_smoothing=0.050
D step=17/30 epoch=2/3 loss=0.2864 l2=0.2000 label_smoothing=0.050
D step=17/30 epoch=3/3 loss=0.2852 l2=0.2000 label_smoothing=0.050
D step=18/30 epoch=1/3 loss=0.2757 l2=0.2000 label_smoothing=0.050
D step=18/30 epoch=2/3 loss=0.2709 l2=0.2000 label_smoothing=0.050
D step=18/30 epoch=3/3 loss=0.2577 l2=0.2000 label_smoothing=0.050
D step=19/30 epoch=1/3 loss=0.2539 l2=0.2000 label_smoothing=0.050
D step=19/30 epoch=2/3 loss=0.2416 l2=0.2000 label_smoothing=0.050
D step=19/30 epoch=3/3 loss=0.2475 l2=0.2000 label_smoothing=0.050
D step=20/30 epoch=1/3 loss=0.2562 l2=0.2000 label_smoothing=0.050
D step=20/30 epoch=2/3 loss=0.2500 l2=0.2000 label_smoothing=0.050
D step=20/30 epoch=3/3 loss=0.2365 l2=0.2000 label_smoothing=0.050
D step=21/30 epoch=1/3 loss=0.2445 l2=0.2000 label_smoothing=0.050
D step=21/30 epoch=2/3 loss=0.2348 l2=0.2000 label_smoothing=0.050
D step=21/30 epoch=3/3 loss=0.2338 l2=0.2000 label_smoothing=0.050
D step=22/30 epoch=1/3 loss=0.2325 l2=0.2000 label_smoothing=0.050
D step=22/30 epoch=2/3 loss=0.2298 l2=0.2000 label_smoothing=0.050
D step=22/30 epoch=3/3 loss=0.2187 l2=0.2000 label_smoothing=0.050
D step=23/30 epoch=1/3 loss=0.2258 l2=0.2000 label_smoothing=0.050
D step=23/30 epoch=2/3 loss=0.2267 l2=0.2000 label_smoothing=0.050
D step=23/30 epoch=3/3 loss=0.2213 l2=0.2000 label_smoothing=0.050
D step=24/30 epoch=1/3 loss=0.2199 l2=0.2000 label_smoothing=0.050
D step=24/30 epoch=2/3 loss=0.2218 l2=0.2000 label_smoothing=0.050
D step=24/30 epoch=3/3 loss=0.2163 l2=0.2000 label_smoothing=0.050
D step=25/30 epoch=1/3 loss=0.2169 l2=0.2000 label_smoothing=0.050
D step=25/30 epoch=2/3 loss=0.2189 l2=0.2000 label_smoothing=0.050
D step=25/30 epoch=3/3 loss=0.2122 l2=0.2000 label_smoothing=0.050
D step=26/30 epoch=1/3 loss=0.2197 l2=0.2000 label_smoothing=0.050
D step=26/30 epoch=2/3 loss=0.2132 l2=0.2000 label_smoothing=0.050
D step=26/30 epoch=3/3 loss=0.2090 l2=0.2000 label_smoothing=0.050
D step=27/30 epoch=1/3 loss=0.2181 l2=0.2000 label_smoothing=0.050
D step=27/30 epoch=2/3 loss=0.2159 l2=0.2000 label_smoothing=0.050
D step=27/30 epoch=3/3 loss=0.2101 l2=0.2000 label_smoothing=0.050
D step=28/30 epoch=1/3 loss=0.2057 l2=0.2000 label_smoothing=0.050
D step=28/30 epoch=2/3 loss=0.2067 l2=0.2000 label_smoothing=0.050
D step=28/30 epoch=3/3 loss=0.2040 l2=0.2000 label_smoothing=0.050
D step=29/30 epoch=1/3 loss=0.2084 l2=0.2000 label_smoothing=0.050
D step=29/30 epoch=2/3 loss=0.2068 l2=0.2000 label_smoothing=0.050
D step=29/30 epoch=3/3 loss=0.2000 l2=0.2000 label_smoothing=0.050
D step=30/30 epoch=1/3 loss=0.2098 l2=0.2000 label_smoothing=0.050
D step=30/30 epoch=2/3 loss=0.2092 l2=0.2000 label_smoothing=0.050
D step=30/30 epoch=3/3 loss=0.2077 l2=0.2000 label_smoothing=0.050

[3/3] adversarial
generator_reward_mode=on reward_alpha=0.700 d_steps=5 d_epochs=3
D step=1/5 epoch=1/3 loss=0.1980 l2=0.2000 label_smoothing=0.050
D step=1/5 epoch=2/3 loss=0.1990 l2=0.2000 label_smoothing=0.050
D step=1/5 epoch=3/3 loss=0.1908 l2=0.2000 label_smoothing=0.050
D step=2/5 epoch=1/3 loss=0.1941 l2=0.2000 label_smoothing=0.050
D step=2/5 epoch=2/3 loss=0.1939 l2=0.2000 label_smoothing=0.050
D step=2/5 epoch=3/3 loss=0.1901 l2=0.2000 label_smoothing=0.050
D step=3/5 epoch=1/3 loss=0.1979 l2=0.2000 label_smoothing=0.050
D step=3/5 epoch=2/3 loss=0.1959 l2=0.2000 label_smoothing=0.050
D step=3/5 epoch=3/3 loss=0.1929 l2=0.2000 label_smoothing=0.050
D step=4/5 epoch=1/3 loss=0.1947 l2=0.2000 label_smoothing=0.050
D step=4/5 epoch=2/3 loss=0.1912 l2=0.2000 label_smoothing=0.050
D step=4/5 epoch=3/3 loss=0.1903 l2=0.2000 label_smoothing=0.050
D step=5/5 epoch=1/3 loss=0.1912 l2=0.2000 label_smoothing=0.050
D step=5/5 epoch=2/3 loss=0.1881 l2=0.2000 label_smoothing=0.050
D step=5/5 epoch=3/3 loss=0.1856 l2=0.2000 label_smoothing=0.050
ADV epoch=1/60 g_loss=0.1960 d_loss=0.1929 reward=0.1083 reward_var=0.0057 unique=1.0000
D step=1/5 epoch=1/3 loss=0.1893 l2=0.2000 label_smoothing=0.050
D step=1/5 epoch=2/3 loss=0.1876 l2=0.2000 label_smoothing=0.050
D step=1/5 epoch=3/3 loss=0.1813 l2=0.2000 label_smoothing=0.050
D step=2/5 epoch=1/3 loss=0.1843 l2=0.2000 label_smoothing=0.050
D step=2/5 epoch=2/3 loss=0.1852 l2=0.2000 label_smoothing=0.050
D step=2/5 epoch=3/3 loss=0.1794 l2=0.2000 label_smoothing=0.050
D step=3/5 epoch=1/3 loss=0.1849 l2=0.2000 label_smoothing=0.050
D step=3/5 epoch=2/3 loss=0.1852 l2=0.2000 label_smoothing=0.050
D step=3/5 epoch=3/3 loss=0.1812 l2=0.2000 label_smoothing=0.050
D step=4/5 epoch=1/3 loss=0.1792 l2=0.2000 label_smoothing=0.050
D step=4/5 epoch=2/3 loss=0.1795 l2=0.2000 label_smoothing=0.050
D step=4/5 epoch=3/3 loss=0.1776 l2=0.2000 label_smoothing=0.050
D step=5/5 epoch=1/3 loss=0.1795 l2=0.2000 label_smoothing=0.050
D step=5/5 epoch=2/3 loss=0.1770 l2=0.2000 label_smoothing=0.050
D step=5/5 epoch=3/3 loss=0.1759 l2=0.2000 label_smoothing=0.050
ADV epoch=2/60 g_loss=0.2288 d_loss=0.1818 reward=0.1336 reward_var=0.0071 unique=1.0000
D step=1/5 epoch=1/3 loss=0.1839 l2=0.2000 label_smoothing=0.050
D step=1/5 epoch=2/3 loss=0.1742 l2=0.2000 label_smoothing=0.050
D step=1/5 epoch=3/3 loss=0.1735 l2=0.2000 label_smoothing=0.050
D step=2/5 epoch=1/3 loss=0.1750 l2=0.2000 label_smoothing=0.050
D step=2/5 epoch=2/3 loss=0.1718 l2=0.2000 label_smoothing=0.050
D step=2/5 epoch=3/3 loss=0.1713 l2=0.2000 label_smoothing=0.050
D step=3/5 epoch=1/3 loss=0.1713 l2=0.2000 label_smoothing=0.050
D step=3/5 epoch=2/3 loss=0.1725 l2=0.2000 label_smoothing=0.050
D step=3/5 epoch=3/3 loss=0.1702 l2=0.2000 label_smoothing=0.050
D step=4/5 epoch=1/3 loss=0.1776 l2=0.2000 label_smoothing=0.050
D step=4/5 epoch=2/3 loss=0.1744 l2=0.2000 label_smoothing=0.050
D step=4/5 epoch=3/3 loss=0.1725 l2=0.2000 label_smoothing=0.050
D step=5/5 epoch=1/3 loss=0.1691 l2=0.2000 label_smoothing=0.050
D step=5/5 epoch=2/3 loss=0.1680 l2=0.2000 label_smoothing=0.050
D step=5/5 epoch=3/3 loss=0.1656 l2=0.2000 label_smoothing=0.050
ADV epoch=3/60 g_loss=0.1774 d_loss=0.1727 reward=0.1069 reward_var=0.0056 unique=1.0000
saved 500 raw samples to /content/drive/MyDrive/GAN/GAN_SQLi_Colab/results_seqgan_phase2b_phase3/phase3/seqgan_improved/boolean/E/R200/V7/generated_payloads.csv
