
[1/3] pretrain G
G epoch=1/60 loss=2.9140
G epoch=2/60 loss=1.8695
G epoch=3/60 loss=1.4588
G epoch=4/60 loss=1.2191
G epoch=5/60 loss=1.0566
G epoch=6/60 loss=0.9468
G epoch=7/60 loss=0.8676
G epoch=8/60 loss=0.8068
G epoch=9/60 loss=0.7656
G epoch=10/60 loss=0.7430
G epoch=11/60 loss=0.7119
G epoch=12/60 loss=0.6890
G epoch=13/60 loss=0.6670
G epoch=14/60 loss=0.6519
G epoch=15/60 loss=0.6398
G epoch=16/60 loss=0.6239
G epoch=17/60 loss=0.6170
G epoch=18/60 loss=0.6099
G epoch=19/60 loss=0.6007
G epoch=20/60 loss=0.6025
G epoch=21/60 loss=0.5915
G epoch=22/60 loss=0.5833
G epoch=23/60 loss=0.5810
G epoch=24/60 loss=0.5734
G epoch=25/60 loss=0.5672
G epoch=26/60 loss=0.5642
G epoch=27/60 loss=0.5756
G epoch=28/60 loss=0.5582
G epoch=29/60 loss=0.5549
G epoch=30/60 loss=0.5482
G epoch=31/60 loss=0.5426
G epoch=32/60 loss=0.5405
G epoch=33/60 loss=0.5395
G epoch=34/60 loss=0.5366
G epoch=35/60 loss=0.5313
G epoch=36/60 loss=0.5285
G epoch=37/60 loss=0.5256
G epoch=38/60 loss=0.5264
G epoch=39/60 loss=0.5215
G epoch=40/60 loss=0.5189
G epoch=41/60 loss=0.5194
G epoch=42/60 loss=0.5176
G epoch=43/60 loss=0.5143
G epoch=44/60 loss=0.5108
G epoch=45/60 loss=0.5118
G epoch=46/60 loss=0.5071
G epoch=47/60 loss=0.5052
G epoch=48/60 loss=0.5068
G epoch=49/60 loss=0.5041
G epoch=50/60 loss=0.5018
G epoch=51/60 loss=0.5017
G epoch=52/60 loss=0.5005
G epoch=53/60 loss=0.4958
G epoch=54/60 loss=0.4952
G epoch=55/60 loss=0.4954
G epoch=56/60 loss=0.4910
G epoch=57/60 loss=0.4948
G epoch=58/60 loss=0.4902
G epoch=59/60 loss=0.4860
G epoch=60/60 loss=0.4859

[2/3] pretrain D
D step=1/30 epoch=1/3 loss=0.7805 l2=0.2000 label_smoothing=0.000
D step=1/30 epoch=2/3 loss=0.7490 l2=0.2000 label_smoothing=0.000
D step=1/30 epoch=3/3 loss=0.7250 l2=0.2000 label_smoothing=0.000
D step=2/30 epoch=1/3 loss=0.7340 l2=0.2000 label_smoothing=0.000
D step=2/30 epoch=2/3 loss=0.7034 l2=0.2000 label_smoothing=0.000
D step=2/30 epoch=3/3 loss=0.6847 l2=0.2000 label_smoothing=0.000
D step=3/30 epoch=1/3 loss=0.6807 l2=0.2000 label_smoothing=0.000
D step=3/30 epoch=2/3 loss=0.6730 l2=0.2000 label_smoothing=0.000
D step=3/30 epoch=3/3 loss=0.6484 l2=0.2000 label_smoothing=0.000
D step=4/30 epoch=1/3 loss=0.6587 l2=0.2000 label_smoothing=0.000
D step=4/30 epoch=2/3 loss=0.6377 l2=0.2000 label_smoothing=0.000
D step=4/30 epoch=3/3 loss=0.6242 l2=0.2000 label_smoothing=0.000
D step=5/30 epoch=1/3 loss=0.6286 l2=0.2000 label_smoothing=0.000
D step=5/30 epoch=2/3 loss=0.6081 l2=0.2000 label_smoothing=0.000
D step=5/30 epoch=3/3 loss=0.5858 l2=0.2000 label_smoothing=0.000
D step=6/30 epoch=1/3 loss=0.6001 l2=0.2000 label_smoothing=0.000
D step=6/30 epoch=2/3 loss=0.5701 l2=0.2000 label_smoothing=0.000
D step=6/30 epoch=3/3 loss=0.5508 l2=0.2000 label_smoothing=0.000
D step=7/30 epoch=1/3 loss=0.6079 l2=0.2000 label_smoothing=0.000
D step=7/30 epoch=2/3 loss=0.5938 l2=0.2000 label_smoothing=0.000
D step=7/30 epoch=3/3 loss=0.5676 l2=0.2000 label_smoothing=0.000
D step=8/30 epoch=1/3 loss=0.5793 l2=0.2000 label_smoothing=0.000
D step=8/30 epoch=2/3 loss=0.5628 l2=0.2000 label_smoothing=0.000
D step=8/30 epoch=3/3 loss=0.5390 l2=0.2000 label_smoothing=0.000
D step=9/30 epoch=1/3 loss=0.5555 l2=0.2000 label_smoothing=0.000
D step=9/30 epoch=2/3 loss=0.5318 l2=0.2000 label_smoothing=0.000
D step=9/30 epoch=3/3 loss=0.5124 l2=0.2000 label_smoothing=0.000
D step=10/30 epoch=1/3 loss=0.5426 l2=0.2000 label_smoothing=0.000
D step=10/30 epoch=2/3 loss=0.5117 l2=0.2000 label_smoothing=0.000
D step=10/30 epoch=3/3 loss=0.4910 l2=0.2000 label_smoothing=0.000
D step=11/30 epoch=1/3 loss=0.5230 l2=0.2000 label_smoothing=0.000
D step=11/30 epoch=2/3 loss=0.4976 l2=0.2000 label_smoothing=0.000
D step=11/30 epoch=3/3 loss=0.4796 l2=0.2000 label_smoothing=0.000
D step=12/30 epoch=1/3 loss=0.5087 l2=0.2000 label_smoothing=0.000
D step=12/30 epoch=2/3 loss=0.4812 l2=0.2000 label_smoothing=0.000
D step=12/30 epoch=3/3 loss=0.4652 l2=0.2000 label_smoothing=0.000
D step=13/30 epoch=1/3 loss=0.5233 l2=0.2000 label_smoothing=0.000
D step=13/30 epoch=2/3 loss=0.4975 l2=0.2000 label_smoothing=0.000
D step=13/30 epoch=3/3 loss=0.4832 l2=0.2000 label_smoothing=0.000
D step=14/30 epoch=1/3 loss=0.5119 l2=0.2000 label_smoothing=0.000
D step=14/30 epoch=2/3 loss=0.4775 l2=0.2000 label_smoothing=0.000
D step=14/30 epoch=3/3 loss=0.4586 l2=0.2000 label_smoothing=0.000
D step=15/30 epoch=1/3 loss=0.4783 l2=0.2000 label_smoothing=0.000
D step=15/30 epoch=2/3 loss=0.4497 l2=0.2000 label_smoothing=0.000
D step=15/30 epoch=3/3 loss=0.4347 l2=0.2000 label_smoothing=0.000
D step=16/30 epoch=1/3 loss=0.4736 l2=0.2000 label_smoothing=0.000
D step=16/30 epoch=2/3 loss=0.4405 l2=0.2000 label_smoothing=0.000
D step=16/30 epoch=3/3 loss=0.4234 l2=0.2000 label_smoothing=0.000
D step=17/30 epoch=1/3 loss=0.4602 l2=0.2000 label_smoothing=0.000
D step=17/30 epoch=2/3 loss=0.4246 l2=0.2000 label_smoothing=0.000
D step=17/30 epoch=3/3 loss=0.4063 l2=0.2000 label_smoothing=0.000
D step=18/30 epoch=1/3 loss=0.4542 l2=0.2000 label_smoothing=0.000
D step=18/30 epoch=2/3 loss=0.4370 l2=0.2000 label_smoothing=0.000
D step=18/30 epoch=3/3 loss=0.4326 l2=0.2000 label_smoothing=0.000
D step=19/30 epoch=1/3 loss=0.4550 l2=0.2000 label_smoothing=0.000
D step=19/30 epoch=2/3 loss=0.4239 l2=0.2000 label_smoothing=0.000
D step=19/30 epoch=3/3 loss=0.4067 l2=0.2000 label_smoothing=0.000
D step=20/30 epoch=1/3 loss=0.4401 l2=0.2000 label_smoothing=0.000
D step=20/30 epoch=2/3 loss=0.4176 l2=0.2000 label_smoothing=0.000
D step=20/30 epoch=3/3 loss=0.4008 l2=0.2000 label_smoothing=0.000
D step=21/30 epoch=1/3 loss=0.4351 l2=0.2000 label_smoothing=0.000
D step=21/30 epoch=2/3 loss=0.4039 l2=0.2000 label_smoothing=0.000
D step=21/30 epoch=3/3 loss=0.3916 l2=0.2000 label_smoothing=0.000
D step=22/30 epoch=1/3 loss=0.4482 l2=0.2000 label_smoothing=0.000
D step=22/30 epoch=2/3 loss=0.4173 l2=0.2000 label_smoothing=0.000
D step=22/30 epoch=3/3 loss=0.3949 l2=0.2000 label_smoothing=0.000
D step=23/30 epoch=1/3 loss=0.4176 l2=0.2000 label_smoothing=0.000
D step=23/30 epoch=2/3 loss=0.3848 l2=0.2000 label_smoothing=0.000
D step=23/30 epoch=3/3 loss=0.3746 l2=0.2000 label_smoothing=0.000
D step=24/30 epoch=1/3 loss=0.4067 l2=0.2000 label_smoothing=0.000
D step=24/30 epoch=2/3 loss=0.3844 l2=0.2000 label_smoothing=0.000
D step=24/30 epoch=3/3 loss=0.3698 l2=0.2000 label_smoothing=0.000
D step=25/30 epoch=1/3 loss=0.4181 l2=0.2000 label_smoothing=0.000
D step=25/30 epoch=2/3 loss=0.3934 l2=0.2000 label_smoothing=0.000
D step=25/30 epoch=3/3 loss=0.3775 l2=0.2000 label_smoothing=0.000
D step=26/30 epoch=1/3 loss=0.3994 l2=0.2000 label_smoothing=0.000
D step=26/30 epoch=2/3 loss=0.3709 l2=0.2000 label_smoothing=0.000
D step=26/30 epoch=3/3 loss=0.3628 l2=0.2000 label_smoothing=0.000
D step=27/30 epoch=1/3 loss=0.4181 l2=0.2000 label_smoothing=0.000
D step=27/30 epoch=2/3 loss=0.3796 l2=0.2000 label_smoothing=0.000
D step=27/30 epoch=3/3 loss=0.3673 l2=0.2000 label_smoothing=0.000
D step=28/30 epoch=1/3 loss=0.4108 l2=0.2000 label_smoothing=0.000
D step=28/30 epoch=2/3 loss=0.3833 l2=0.2000 label_smoothing=0.000
D step=28/30 epoch=3/3 loss=0.3647 l2=0.2000 label_smoothing=0.000
D step=29/30 epoch=1/3 loss=0.4104 l2=0.2000 label_smoothing=0.000
D step=29/30 epoch=2/3 loss=0.3754 l2=0.2000 label_smoothing=0.000
D step=29/30 epoch=3/3 loss=0.3633 l2=0.2000 label_smoothing=0.000
D step=30/30 epoch=1/3 loss=0.3985 l2=0.2000 label_smoothing=0.000
D step=30/30 epoch=2/3 loss=0.3696 l2=0.2000 label_smoothing=0.000
D step=30/30 epoch=3/3 loss=0.3531 l2=0.2000 label_smoothing=0.000

[3/3] adversarial
generator_reward_mode=off reward_alpha=1.000 d_steps=5 d_epochs=3
D step=1/5 epoch=1/3 loss=0.1842 l2=0.2000 label_smoothing=0.000
D step=1/5 epoch=2/3 loss=0.1382 l2=0.2000 label_smoothing=0.000
D step=1/5 epoch=3/3 loss=0.1419 l2=0.2000 label_smoothing=0.000
D step=2/5 epoch=1/3 loss=0.1367 l2=0.2000 label_smoothing=0.000
D step=2/5 epoch=2/3 loss=0.1190 l2=0.2000 label_smoothing=0.000
D step=2/5 epoch=3/3 loss=0.1161 l2=0.2000 label_smoothing=0.000
D step=3/5 epoch=1/3 loss=0.1285 l2=0.2000 label_smoothing=0.000
D step=3/5 epoch=2/3 loss=0.1182 l2=0.2000 label_smoothing=0.000
D step=3/5 epoch=3/3 loss=0.1108 l2=0.2000 label_smoothing=0.000
D step=4/5 epoch=1/3 loss=0.1094 l2=0.2000 label_smoothing=0.000
D step=4/5 epoch=2/3 loss=0.0969 l2=0.2000 label_smoothing=0.000
D step=4/5 epoch=3/3 loss=0.0961 l2=0.2000 label_smoothing=0.000
D step=5/5 epoch=1/3 loss=0.1293 l2=0.2000 label_smoothing=0.000
D step=5/5 epoch=2/3 loss=0.1175 l2=0.2000 label_smoothing=0.000
D step=5/5 epoch=3/3 loss=0.1114 l2=0.2000 label_smoothing=0.000
ADV epoch=1/60 g_loss=0.0986 d_loss=0.1236 reward=0.2904 reward_var=0.0509 unique=0.7200
D step=1/5 epoch=1/3 loss=0.3681 l2=0.2000 label_smoothing=0.000
D step=1/5 epoch=2/3 loss=0.2915 l2=0.2000 label_smoothing=0.000
D step=1/5 epoch=3/3 loss=0.2845 l2=0.2000 label_smoothing=0.000
D step=2/5 epoch=1/3 loss=0.3071 l2=0.2000 label_smoothing=0.000
D step=2/5 epoch=2/3 loss=0.2907 l2=0.2000 label_smoothing=0.000
D step=2/5 epoch=3/3 loss=0.2836 l2=0.2000 label_smoothing=0.000
D step=3/5 epoch=1/3 loss=0.3169 l2=0.2000 label_smoothing=0.000
D step=3/5 epoch=2/3 loss=0.2914 l2=0.2000 label_smoothing=0.000
D step=3/5 epoch=3/3 loss=0.2834 l2=0.2000 label_smoothing=0.000
D step=4/5 epoch=1/3 loss=0.3086 l2=0.2000 label_smoothing=0.000
D step=4/5 epoch=2/3 loss=0.2892 l2=0.2000 label_smoothing=0.000
D step=4/5 epoch=3/3 loss=0.2799 l2=0.2000 label_smoothing=0.000
D step=5/5 epoch=1/3 loss=0.3100 l2=0.2000 label_smoothing=0.000
D step=5/5 epoch=2/3 loss=0.2880 l2=0.2000 label_smoothing=0.000
D step=5/5 epoch=3/3 loss=0.2804 l2=0.2000 label_smoothing=0.000
ADV epoch=2/60 g_loss=0.0809 d_loss=0.2982 reward=0.3010 reward_var=0.1194 unique=0.5800
D step=1/5 epoch=1/3 loss=0.2565 l2=0.2000 label_smoothing=0.000
D step=1/5 epoch=2/3 loss=0.2181 l2=0.2000 label_smoothing=0.000
D step=1/5 epoch=3/3 loss=0.2122 l2=0.2000 label_smoothing=0.000
D step=2/5 epoch=1/3 loss=0.2438 l2=0.2000 label_smoothing=0.000
D step=2/5 epoch=2/3 loss=0.2125 l2=0.2000 label_smoothing=0.000
D step=2/5 epoch=3/3 loss=0.2057 l2=0.2000 label_smoothing=0.000
D step=3/5 epoch=1/3 loss=0.2290 l2=0.2000 label_smoothing=0.000
D step=3/5 epoch=2/3 loss=0.2137 l2=0.2000 label_smoothing=0.000
D step=3/5 epoch=3/3 loss=0.2061 l2=0.2000 label_smoothing=0.000
D step=4/5 epoch=1/3 loss=0.2372 l2=0.2000 label_smoothing=0.000
D step=4/5 epoch=2/3 loss=0.2123 l2=0.2000 label_smoothing=0.000
D step=4/5 epoch=3/3 loss=0.2056 l2=0.2000 label_smoothing=0.000
D step=5/5 epoch=1/3 loss=0.2490 l2=0.2000 label_smoothing=0.000
D step=5/5 epoch=2/3 loss=0.2223 l2=0.2000 label_smoothing=0.000
D step=5/5 epoch=3/3 loss=0.2132 l2=0.2000 label_smoothing=0.000
ADV epoch=3/60 g_loss=0.0629 d_loss=0.2225 reward=0.2868 reward_var=0.0399 unique=0.8200
D step=1/5 epoch=1/3 loss=0.1410 l2=0.2000 label_smoothing=0.000
D step=1/5 epoch=2/3 loss=0.1189 l2=0.2000 label_smoothing=0.000
D step=1/5 epoch=3/3 loss=0.1126 l2=0.2000 label_smoothing=0.000
D step=2/5 epoch=1/3 loss=0.1456 l2=0.2000 label_smoothing=0.000
D step=2/5 epoch=2/3 loss=0.1411 l2=0.2000 label_smoothing=0.000
D step=2/5 epoch=3/3 loss=0.1249 l2=0.2000 label_smoothing=0.000
D step=3/5 epoch=1/3 loss=0.1277 l2=0.2000 label_smoothing=0.000
D step=3/5 epoch=2/3 loss=0.1121 l2=0.2000 label_smoothing=0.000
D step=3/5 epoch=3/3 loss=0.1082 l2=0.2000 label_smoothing=0.000
D step=4/5 epoch=1/3 loss=0.1192 l2=0.2000 label_smoothing=0.000
D step=4/5 epoch=2/3 loss=0.1111 l2=0.2000 label_smoothing=0.000
D step=4/5 epoch=3/3 loss=0.1089 l2=0.2000 label_smoothing=0.000
D step=5/5 epoch=1/3 loss=0.1217 l2=0.2000 label_smoothing=0.000
D step=5/5 epoch=2/3 loss=0.1131 l2=0.2000 label_smoothing=0.000
D step=5/5 epoch=3/3 loss=0.1097 l2=0.2000 label_smoothing=0.000
ADV epoch=4/60 g_loss=0.0669 d_loss=0.1210 reward=0.2726 reward_var=0.0548 unique=0.6400
D step=1/5 epoch=1/3 loss=0.1926 l2=0.2000 label_smoothing=0.000
D step=1/5 epoch=2/3 loss=0.1701 l2=0.2000 label_smoothing=0.000
D step=1/5 epoch=3/3 loss=0.1665 l2=0.2000 label_smoothing=0.000
D step=2/5 epoch=1/3 loss=0.1857 l2=0.2000 label_smoothing=0.000
D step=2/5 epoch=2/3 loss=0.1747 l2=0.2000 label_smoothing=0.000
D step=2/5 epoch=3/3 loss=0.1688 l2=0.2000 label_smoothing=0.000
D step=3/5 epoch=1/3 loss=0.1750 l2=0.2000 label_smoothing=0.000
D step=3/5 epoch=2/3 loss=0.1594 l2=0.2000 label_smoothing=0.000
D step=3/5 epoch=3/3 loss=0.1556 l2=0.2000 label_smoothing=0.000
D step=4/5 epoch=1/3 loss=0.1857 l2=0.2000 label_smoothing=0.000
D step=4/5 epoch=2/3 loss=0.1704 l2=0.2000 label_smoothing=0.000
D step=4/5 epoch=3/3 loss=0.1685 l2=0.2000 label_smoothing=0.000
D step=5/5 epoch=1/3 loss=0.1839 l2=0.2000 label_smoothing=0.000
D step=5/5 epoch=2/3 loss=0.1686 l2=0.2000 label_smoothing=0.000
D step=5/5 epoch=3/3 loss=0.1673 l2=0.2000 label_smoothing=0.000
ADV epoch=5/60 g_loss=0.0925 d_loss=0.1729 reward=0.4494 reward_var=0.1265 unique=0.5400
D step=1/5 epoch=1/3 loss=0.3107 l2=0.2000 label_smoothing=0.000
D step=1/5 epoch=2/3 loss=0.2798 l2=0.2000 label_smoothing=0.000
D step=1/5 epoch=3/3 loss=0.2698 l2=0.2000 label_smoothing=0.000
D step=2/5 epoch=1/3 loss=0.2820 l2=0.2000 label_smoothing=0.000
D step=2/5 epoch=2/3 loss=0.2727 l2=0.2000 label_smoothing=0.000
D step=2/5 epoch=3/3 loss=0.2650 l2=0.2000 label_smoothing=0.000
D step=3/5 epoch=1/3 loss=0.2927 l2=0.2000 label_smoothing=0.000
D step=3/5 epoch=2/3 loss=0.2763 l2=0.2000 label_smoothing=0.000
D step=3/5 epoch=3/3 loss=0.2714 l2=0.2000 label_smoothing=0.000
D step=4/5 epoch=1/3 loss=0.2909 l2=0.2000 label_smoothing=0.000
D step=4/5 epoch=2/3 loss=0.2676 l2=0.2000 label_smoothing=0.000
D step=4/5 epoch=3/3 loss=0.2642 l2=0.2000 label_smoothing=0.000
D step=5/5 epoch=1/3 loss=0.2919 l2=0.2000 label_smoothing=0.000
D step=5/5 epoch=2/3 loss=0.2762 l2=0.2000 label_smoothing=0.000
D step=5/5 epoch=3/3 loss=0.2705 l2=0.2000 label_smoothing=0.000
ADV epoch=6/60 g_loss=0.0684 d_loss=0.2788 reward=0.3473 reward_var=0.0570 unique=0.8000
D step=1/5 epoch=1/3 loss=0.2482 l2=0.2000 label_smoothing=0.000
D step=1/5 epoch=2/3 loss=0.2348 l2=0.2000 label_smoothing=0.000
D step=1/5 epoch=3/3 loss=0.2338 l2=0.2000 label_smoothing=0.000
D step=2/5 epoch=1/3 loss=0.2463 l2=0.2000 label_smoothing=0.000
D step=2/5 epoch=2/3 loss=0.2341 l2=0.2000 label_smoothing=0.000
D step=2/5 epoch=3/3 loss=0.2297 l2=0.2000 label_smoothing=0.000
D step=3/5 epoch=1/3 loss=0.2550 l2=0.2000 label_smoothing=0.000
D step=3/5 epoch=2/3 loss=0.2364 l2=0.2000 label_smoothing=0.000
D step=3/5 epoch=3/3 loss=0.2346 l2=0.2000 label_smoothing=0.000
D step=4/5 epoch=1/3 loss=0.2448 l2=0.2000 label_smoothing=0.000
D step=4/5 epoch=2/3 loss=0.2341 l2=0.2000 label_smoothing=0.000
D step=4/5 epoch=3/3 loss=0.2313 l2=0.2000 label_smoothing=0.000
D step=5/5 epoch=1/3 loss=0.2374 l2=0.2000 label_smoothing=0.000
D step=5/5 epoch=2/3 loss=0.2316 l2=0.2000 label_smoothing=0.000
D step=5/5 epoch=3/3 loss=0.2250 l2=0.2000 label_smoothing=0.000
ADV epoch=7/60 g_loss=0.0679 d_loss=0.2371 reward=0.2502 reward_var=0.0290 unique=0.7000
D step=1/5 epoch=1/3 loss=0.2109 l2=0.2000 label_smoothing=0.000
D step=1/5 epoch=2/3 loss=0.1919 l2=0.2000 label_smoothing=0.000
D step=1/5 epoch=3/3 loss=0.1919 l2=0.2000 label_smoothing=0.000
D step=2/5 epoch=1/3 loss=0.2002 l2=0.2000 label_smoothing=0.000
D step=2/5 epoch=2/3 loss=0.1903 l2=0.2000 label_smoothing=0.000
D step=2/5 epoch=3/3 loss=0.1871 l2=0.2000 label_smoothing=0.000
D step=3/5 epoch=1/3 loss=0.2052 l2=0.2000 label_smoothing=0.000
D step=3/5 epoch=2/3 loss=0.1969 l2=0.2000 label_smoothing=0.000
D step=3/5 epoch=3/3 loss=0.1911 l2=0.2000 label_smoothing=0.000
D step=4/5 epoch=1/3 loss=0.2022 l2=0.2000 label_smoothing=0.000
D step=4/5 epoch=2/3 loss=0.1979 l2=0.2000 label_smoothing=0.000
D step=4/5 epoch=3/3 loss=0.1903 l2=0.2000 label_smoothing=0.000
D step=5/5 epoch=1/3 loss=0.1973 l2=0.2000 label_smoothing=0.000
D step=5/5 epoch=2/3 loss=0.1894 l2=0.2000 label_smoothing=0.000
D step=5/5 epoch=3/3 loss=0.1846 l2=0.2000 label_smoothing=0.000
ADV epoch=8/60 g_loss=0.0649 d_loss=0.1952 reward=0.2128 reward_var=0.0287 unique=0.4200
D step=1/5 epoch=1/3 loss=0.1863 l2=0.2000 label_smoothing=0.000
D step=1/5 epoch=2/3 loss=0.1786 l2=0.2000 label_smoothing=0.000
D step=1/5 epoch=3/3 loss=0.1762 l2=0.2000 label_smoothing=0.000
D step=2/5 epoch=1/3 loss=0.1819 l2=0.2000 label_smoothing=0.000
D step=2/5 epoch=2/3 loss=0.1736 l2=0.2000 label_smoothing=0.000
D step=2/5 epoch=3/3 loss=0.1707 l2=0.2000 label_smoothing=0.000
D step=3/5 epoch=1/3 loss=0.1758 l2=0.2000 label_smoothing=0.000
D step=3/5 epoch=2/3 loss=0.1718 l2=0.2000 label_smoothing=0.000
D step=3/5 epoch=3/3 loss=0.1686 l2=0.2000 label_smoothing=0.000
D step=4/5 epoch=1/3 loss=0.1877 l2=0.2000 label_smoothing=0.000
D step=4/5 epoch=2/3 loss=0.1754 l2=0.2000 label_smoothing=0.000
D step=4/5 epoch=3/3 loss=0.1722 l2=0.2000 label_smoothing=0.000
D step=5/5 epoch=1/3 loss=0.1810 l2=0.2000 label_smoothing=0.000
D step=5/5 epoch=2/3 loss=0.1803 l2=0.2000 label_smoothing=0.000
D step=5/5 epoch=3/3 loss=0.1745 l2=0.2000 label_smoothing=0.000
ADV epoch=9/60 g_loss=0.0575 d_loss=0.1770 reward=0.2352 reward_var=0.0330 unique=0.4400
D step=1/5 epoch=1/3 loss=0.1948 l2=0.2000 label_smoothing=0.000
D step=1/5 epoch=2/3 loss=0.1830 l2=0.2000 label_smoothing=0.000
D step=1/5 epoch=3/3 loss=0.1821 l2=0.2000 label_smoothing=0.000
D step=2/5 epoch=1/3 loss=0.1828 l2=0.2000 label_smoothing=0.000
D step=2/5 epoch=2/3 loss=0.1799 l2=0.2000 label_smoothing=0.000
D step=2/5 epoch=3/3 loss=0.1765 l2=0.2000 label_smoothing=0.000
D step=3/5 epoch=1/3 loss=0.1859 l2=0.2000 label_smoothing=0.000
D step=3/5 epoch=2/3 loss=0.1815 l2=0.2000 label_smoothing=0.000
D step=3/5 epoch=3/3 loss=0.1800 l2=0.2000 label_smoothing=0.000
D step=4/5 epoch=1/3 loss=0.1890 l2=0.2000 label_smoothing=0.000
D step=4/5 epoch=2/3 loss=0.1791 l2=0.2000 label_smoothing=0.000
D step=4/5 epoch=3/3 loss=0.1760 l2=0.2000 label_smoothing=0.000
D step=5/5 epoch=1/3 loss=0.1946 l2=0.2000 label_smoothing=0.000
D step=5/5 epoch=2/3 loss=0.1834 l2=0.2000 label_smoothing=0.000
D step=5/5 epoch=3/3 loss=0.1794 l2=0.2000 label_smoothing=0.000
ADV epoch=10/60 g_loss=0.0641 d_loss=0.1832 reward=0.3032 reward_var=0.0459 unique=0.3200
D step=1/5 epoch=1/3 loss=0.1928 l2=0.2000 label_smoothing=0.000
D step=1/5 epoch=2/3 loss=0.1845 l2=0.2000 label_smoothing=0.000
D step=1/5 epoch=3/3 loss=0.1849 l2=0.2000 label_smoothing=0.000
D step=2/5 epoch=1/3 loss=0.1950 l2=0.2000 label_smoothing=0.000
D step=2/5 epoch=2/3 loss=0.1889 l2=0.2000 label_smoothing=0.000
D step=2/5 epoch=3/3 loss=0.1868 l2=0.2000 label_smoothing=0.000
D step=3/5 epoch=1/3 loss=0.1987 l2=0.2000 label_smoothing=0.000
D step=3/5 epoch=2/3 loss=0.1875 l2=0.2000 label_smoothing=0.000
D step=3/5 epoch=3/3 loss=0.1873 l2=0.2000 label_smoothing=0.000
D step=4/5 epoch=1/3 loss=0.1951 l2=0.2000 label_smoothing=0.000
D step=4/5 epoch=2/3 loss=0.1888 l2=0.2000 label_smoothing=0.000
D step=4/5 epoch=3/3 loss=0.1861 l2=0.2000 label_smoothing=0.000
D step=5/5 epoch=1/3 loss=0.1927 l2=0.2000 label_smoothing=0.000
D step=5/5 epoch=2/3 loss=0.1895 l2=0.2000 label_smoothing=0.000
D step=5/5 epoch=3/3 loss=0.1900 l2=0.2000 label_smoothing=0.000
ADV epoch=11/60 g_loss=0.0379 d_loss=0.1899 reward=0.2596 reward_var=0.0333 unique=0.3200
D step=1/5 epoch=1/3 loss=0.1868 l2=0.2000 label_smoothing=0.000
D step=1/5 epoch=2/3 loss=0.1787 l2=0.2000 label_smoothing=0.000
D step=1/5 epoch=3/3 loss=0.1777 l2=0.2000 label_smoothing=0.000
D step=2/5 epoch=1/3 loss=0.1864 l2=0.2000 label_smoothing=0.000
D step=2/5 epoch=2/3 loss=0.1760 l2=0.2000 label_smoothing=0.000
D step=2/5 epoch=3/3 loss=0.1732 l2=0.2000 label_smoothing=0.000
D step=3/5 epoch=1/3 loss=0.1871 l2=0.2000 label_smoothing=0.000
D step=3/5 epoch=2/3 loss=0.1834 l2=0.2000 label_smoothing=0.000
D step=3/5 epoch=3/3 loss=0.1837 l2=0.2000 label_smoothing=0.000
D step=4/5 epoch=1/3 loss=0.1865 l2=0.2000 label_smoothing=0.000
D step=4/5 epoch=2/3 loss=0.1812 l2=0.2000 label_smoothing=0.000
D step=4/5 epoch=3/3 loss=0.1807 l2=0.2000 label_smoothing=0.000
D step=5/5 epoch=1/3 loss=0.1903 l2=0.2000 label_smoothing=0.000
D step=5/5 epoch=2/3 loss=0.1780 l2=0.2000 label_smoothing=0.000
D step=5/5 epoch=3/3 loss=0.1767 l2=0.2000 label_smoothing=0.000
ADV epoch=12/60 g_loss=0.0342 d_loss=0.1818 reward=0.2333 reward_var=0.0227 unique=0.4600
D step=1/5 epoch=1/3 loss=0.1808 l2=0.2000 label_smoothing=0.000
D step=1/5 epoch=2/3 loss=0.1716 l2=0.2000 label_smoothing=0.000
D step=1/5 epoch=3/3 loss=0.1685 l2=0.2000 label_smoothing=0.000
D step=2/5 epoch=1/3 loss=0.1618 l2=0.2000 label_smoothing=0.000
D step=2/5 epoch=2/3 loss=0.1586 l2=0.2000 label_smoothing=0.000
D step=2/5 epoch=3/3 loss=0.1575 l2=0.2000 label_smoothing=0.000
D step=3/5 epoch=1/3 loss=0.1646 l2=0.2000 label_smoothing=0.000
D step=3/5 epoch=2/3 loss=0.1611 l2=0.2000 label_smoothing=0.000
D step=3/5 epoch=3/3 loss=0.1553 l2=0.2000 label_smoothing=0.000
D step=4/5 epoch=1/3 loss=0.1723 l2=0.2000 label_smoothing=0.000
D step=4/5 epoch=2/3 loss=0.1683 l2=0.2000 label_smoothing=0.000
D step=4/5 epoch=3/3 loss=0.1653 l2=0.2000 label_smoothing=0.000
D step=5/5 epoch=1/3 loss=0.1623 l2=0.2000 label_smoothing=0.000
D step=5/5 epoch=2/3 loss=0.1613 l2=0.2000 label_smoothing=0.000
D step=5/5 epoch=3/3 loss=0.1610 l2=0.2000 label_smoothing=0.000
ADV epoch=13/60 g_loss=0.0280 d_loss=0.1647 reward=0.1719 reward_var=0.0198 unique=0.3400
D step=1/5 epoch=1/3 loss=0.1896 l2=0.2000 label_smoothing=0.000
D step=1/5 epoch=2/3 loss=0.1820 l2=0.2000 label_smoothing=0.000
D step=1/5 epoch=3/3 loss=0.1796 l2=0.2000 label_smoothing=0.000
D step=2/5 epoch=1/3 loss=0.1884 l2=0.2000 label_smoothing=0.000
D step=2/5 epoch=2/3 loss=0.1826 l2=0.2000 label_smoothing=0.000
D step=2/5 epoch=3/3 loss=0.1814 l2=0.2000 label_smoothing=0.000
D step=3/5 epoch=1/3 loss=0.1875 l2=0.2000 label_smoothing=0.000
D step=3/5 epoch=2/3 loss=0.1846 l2=0.2000 label_smoothing=0.000
D step=3/5 epoch=3/3 loss=0.1836 l2=0.2000 label_smoothing=0.000
D step=4/5 epoch=1/3 loss=0.1877 l2=0.2000 label_smoothing=0.000
D step=4/5 epoch=2/3 loss=0.1819 l2=0.2000 label_smoothing=0.000
D step=4/5 epoch=3/3 loss=0.1789 l2=0.2000 label_smoothing=0.000
D step=5/5 epoch=1/3 loss=0.1848 l2=0.2000 label_smoothing=0.000
D step=5/5 epoch=2/3 loss=0.1777 l2=0.2000 label_smoothing=0.000
D step=5/5 epoch=3/3 loss=0.1776 l2=0.2000 label_smoothing=0.000
ADV epoch=14/60 g_loss=0.0370 d_loss=0.1832 reward=0.2291 reward_var=0.0210 unique=0.3400
D step=1/5 epoch=1/3 loss=0.2295 l2=0.2000 label_smoothing=0.000
D step=1/5 epoch=2/3 loss=0.2215 l2=0.2000 label_smoothing=0.000
D step=1/5 epoch=3/3 loss=0.2190 l2=0.2000 label_smoothing=0.000
D step=2/5 epoch=1/3 loss=0.2179 l2=0.2000 label_smoothing=0.000
D step=2/5 epoch=2/3 loss=0.2143 l2=0.2000 label_smoothing=0.000
D step=2/5 epoch=3/3 loss=0.2132 l2=0.2000 label_smoothing=0.000
D step=3/5 epoch=1/3 loss=0.2237 l2=0.2000 label_smoothing=0.000
D step=3/5 epoch=2/3 loss=0.2174 l2=0.2000 label_smoothing=0.000
D step=3/5 epoch=3/3 loss=0.2177 l2=0.2000 label_smoothing=0.000
D step=4/5 epoch=1/3 loss=0.2198 l2=0.2000 label_smoothing=0.000
D step=4/5 epoch=2/3 loss=0.2220 l2=0.2000 label_smoothing=0.000
D step=4/5 epoch=3/3 loss=0.2151 l2=0.2000 label_smoothing=0.000
D step=5/5 epoch=1/3 loss=0.2277 l2=0.2000 label_smoothing=0.000
D step=5/5 epoch=2/3 loss=0.2269 l2=0.2000 label_smoothing=0.000
D step=5/5 epoch=3/3 loss=0.2194 l2=0.2000 label_smoothing=0.000
ADV epoch=15/60 g_loss=0.0317 d_loss=0.2203 reward=0.1939 reward_var=0.0152 unique=0.3000
D step=1/5 epoch=1/3 loss=0.2214 l2=0.2000 label_smoothing=0.000
D step=1/5 epoch=2/3 loss=0.2159 l2=0.2000 label_smoothing=0.000
D step=1/5 epoch=3/3 loss=0.2152 l2=0.2000 label_smoothing=0.000
D step=2/5 epoch=1/3 loss=0.2233 l2=0.2000 label_smoothing=0.000
D step=2/5 epoch=2/3 loss=0.2195 l2=0.2000 label_smoothing=0.000
D step=2/5 epoch=3/3 loss=0.2162 l2=0.2000 label_smoothing=0.000
D step=3/5 epoch=1/3 loss=0.2259 l2=0.2000 label_smoothing=0.000
D step=3/5 epoch=2/3 loss=0.2207 l2=0.2000 label_smoothing=0.000
D step=3/5 epoch=3/3 loss=0.2177 l2=0.2000 label_smoothing=0.000
D step=4/5 epoch=1/3 loss=0.2252 l2=0.2000 label_smoothing=0.000
D step=4/5 epoch=2/3 loss=0.2214 l2=0.2000 label_smoothing=0.000
D step=4/5 epoch=3/3 loss=0.2187 l2=0.2000 label_smoothing=0.000
D step=5/5 epoch=1/3 loss=0.2289 l2=0.2000 label_smoothing=0.000
D step=5/5 epoch=2/3 loss=0.2240 l2=0.2000 label_smoothing=0.000
D step=5/5 epoch=3/3 loss=0.2227 l2=0.2000 label_smoothing=0.000
ADV epoch=16/60 g_loss=0.0187 d_loss=0.2211 reward=0.1579 reward_var=0.0115 unique=0.3200
D step=1/5 epoch=1/3 loss=0.2197 l2=0.2000 label_smoothing=0.000
D step=1/5 epoch=2/3 loss=0.2178 l2=0.2000 label_smoothing=0.000
D step=1/5 epoch=3/3 loss=0.2149 l2=0.2000 label_smoothing=0.000
D step=2/5 epoch=1/3 loss=0.2255 l2=0.2000 label_smoothing=0.000
D step=2/5 epoch=2/3 loss=0.2219 l2=0.2000 label_smoothing=0.000
D step=2/5 epoch=3/3 loss=0.2201 l2=0.2000 label_smoothing=0.000
D step=3/5 epoch=1/3 loss=0.2206 l2=0.2000 label_smoothing=0.000
D step=3/5 epoch=2/3 loss=0.2190 l2=0.2000 label_smoothing=0.000
D step=3/5 epoch=3/3 loss=0.2180 l2=0.2000 label_smoothing=0.000
D step=4/5 epoch=1/3 loss=0.2216 l2=0.2000 label_smoothing=0.000
D step=4/5 epoch=2/3 loss=0.2207 l2=0.2000 label_smoothing=0.000
D step=4/5 epoch=3/3 loss=0.2161 l2=0.2000 label_smoothing=0.000
D step=5/5 epoch=1/3 loss=0.2192 l2=0.2000 label_smoothing=0.000
D step=5/5 epoch=2/3 loss=0.2192 l2=0.2000 label_smoothing=0.000
D step=5/5 epoch=3/3 loss=0.2181 l2=0.2000 label_smoothing=0.000
ADV epoch=17/60 g_loss=0.0197 d_loss=0.2195 reward=0.1341 reward_var=0.0138 unique=0.1800
D step=1/5 epoch=1/3 loss=0.2176 l2=0.2000 label_smoothing=0.000
D step=1/5 epoch=2/3 loss=0.2156 l2=0.2000 label_smoothing=0.000
D step=1/5 epoch=3/3 loss=0.2152 l2=0.2000 label_smoothing=0.000
D step=2/5 epoch=1/3 loss=0.2271 l2=0.2000 label_smoothing=0.000
D step=2/5 epoch=2/3 loss=0.2214 l2=0.2000 label_smoothing=0.000
D step=2/5 epoch=3/3 loss=0.2196 l2=0.2000 label_smoothing=0.000
D step=3/5 epoch=1/3 loss=0.2168 l2=0.2000 label_smoothing=0.000
D step=3/5 epoch=2/3 loss=0.2187 l2=0.2000 label_smoothing=0.000
D step=3/5 epoch=3/3 loss=0.2172 l2=0.2000 label_smoothing=0.000
D step=4/5 epoch=1/3 loss=0.2196 l2=0.2000 label_smoothing=0.000
D step=4/5 epoch=2/3 loss=0.2173 l2=0.2000 label_smoothing=0.000
D step=4/5 epoch=3/3 loss=0.2168 l2=0.2000 label_smoothing=0.000
D step=5/5 epoch=1/3 loss=0.2207 l2=0.2000 label_smoothing=0.000
D step=5/5 epoch=2/3 loss=0.2202 l2=0.2000 label_smoothing=0.000
D step=5/5 epoch=3/3 loss=0.2201 l2=0.2000 label_smoothing=0.000
ADV epoch=18/60 g_loss=0.0132 d_loss=0.2189 reward=0.1240 reward_var=0.0073 unique=0.3400
D step=1/5 epoch=1/3 loss=0.2299 l2=0.2000 label_smoothing=0.000
D step=1/5 epoch=2/3 loss=0.2274 l2=0.2000 label_smoothing=0.000
D step=1/5 epoch=3/3 loss=0.2255 l2=0.2000 label_smoothing=0.000
D step=2/5 epoch=1/3 loss=0.2271 l2=0.2000 label_smoothing=0.000
D step=2/5 epoch=2/3 loss=0.2232 l2=0.2000 label_smoothing=0.000
D step=2/5 epoch=3/3 loss=0.2230 l2=0.2000 label_smoothing=0.000
D step=3/5 epoch=1/3 loss=0.2227 l2=0.2000 label_smoothing=0.000
D step=3/5 epoch=2/3 loss=0.2226 l2=0.2000 label_smoothing=0.000
D step=3/5 epoch=3/3 loss=0.2211 l2=0.2000 label_smoothing=0.000
D step=4/5 epoch=1/3 loss=0.2262 l2=0.2000 label_smoothing=0.000
D step=4/5 epoch=2/3 loss=0.2269 l2=0.2000 label_smoothing=0.000
D step=4/5 epoch=3/3 loss=0.2260 l2=0.2000 label_smoothing=0.000
D step=5/5 epoch=1/3 loss=0.2289 l2=0.2000 label_smoothing=0.000
D step=5/5 epoch=2/3 loss=0.2220 l2=0.2000 label_smoothing=0.000
D step=5/5 epoch=3/3 loss=0.2223 l2=0.2000 label_smoothing=0.000
ADV epoch=19/60 g_loss=0.0329 d_loss=0.2250 reward=0.1761 reward_var=0.0241 unique=0.3600
D step=1/5 epoch=1/3 loss=0.2276 l2=0.2000 label_smoothing=0.000
D step=1/5 epoch=2/3 loss=0.2247 l2=0.2000 label_smoothing=0.000
D step=1/5 epoch=3/3 loss=0.2243 l2=0.2000 label_smoothing=0.000
D step=2/5 epoch=1/3 loss=0.2260 l2=0.2000 label_smoothing=0.000
D step=2/5 epoch=2/3 loss=0.2217 l2=0.2000 label_smoothing=0.000
D step=2/5 epoch=3/3 loss=0.2197 l2=0.2000 label_smoothing=0.000
D step=3/5 epoch=1/3 loss=0.2219 l2=0.2000 label_smoothing=0.000
D step=3/5 epoch=2/3 loss=0.2207 l2=0.2000 label_smoothing=0.000
D step=3/5 epoch=3/3 loss=0.2204 l2=0.2000 label_smoothing=0.000
D step=4/5 epoch=1/3 loss=0.2289 l2=0.2000 label_smoothing=0.000
D step=4/5 epoch=2/3 loss=0.2259 l2=0.2000 label_smoothing=0.000
D step=4/5 epoch=3/3 loss=0.2251 l2=0.2000 label_smoothing=0.000
D step=5/5 epoch=1/3 loss=0.2337 l2=0.2000 label_smoothing=0.000
D step=5/5 epoch=2/3 loss=0.2286 l2=0.2000 label_smoothing=0.000
D step=5/5 epoch=3/3 loss=0.2281 l2=0.2000 label_smoothing=0.000
ADV epoch=20/60 g_loss=0.0179 d_loss=0.2252 reward=0.1523 reward_var=0.0078 unique=0.3400
D step=1/5 epoch=1/3 loss=0.2332 l2=0.2000 label_smoothing=0.000
D step=1/5 epoch=2/3 loss=0.2280 l2=0.2000 label_smoothing=0.000
D step=1/5 epoch=3/3 loss=0.2264 l2=0.2000 label_smoothing=0.000
D step=2/5 epoch=1/3 loss=0.2355 l2=0.2000 label_smoothing=0.000
D step=2/5 epoch=2/3 loss=0.2318 l2=0.2000 label_smoothing=0.000
D step=2/5 epoch=3/3 loss=0.2317 l2=0.2000 label_smoothing=0.000
D step=3/5 epoch=1/3 loss=0.2305 l2=0.2000 label_smoothing=0.000
D step=3/5 epoch=2/3 loss=0.2314 l2=0.2000 label_smoothing=0.000
D step=3/5 epoch=3/3 loss=0.2260 l2=0.2000 label_smoothing=0.000
D step=4/5 epoch=1/3 loss=0.2297 l2=0.2000 label_smoothing=0.000
D step=4/5 epoch=2/3 loss=0.2272 l2=0.2000 label_smoothing=0.000
D step=4/5 epoch=3/3 loss=0.2272 l2=0.2000 label_smoothing=0.000
D step=5/5 epoch=1/3 loss=0.2288 l2=0.2000 label_smoothing=0.000
D step=5/5 epoch=2/3 loss=0.2253 l2=0.2000 label_smoothing=0.000
D step=5/5 epoch=3/3 loss=0.2250 l2=0.2000 label_smoothing=0.000
ADV epoch=21/60 g_loss=0.0193 d_loss=0.2292 reward=0.1454 reward_var=0.0066 unique=0.3800
D step=1/5 epoch=1/3 loss=0.2374 l2=0.2000 label_smoothing=0.000
D step=1/5 epoch=2/3 loss=0.2299 l2=0.2000 label_smoothing=0.000
D step=1/5 epoch=3/3 loss=0.2294 l2=0.2000 label_smoothing=0.000
D step=2/5 epoch=1/3 loss=0.2312 l2=0.2000 label_smoothing=0.000
D step=2/5 epoch=2/3 loss=0.2318 l2=0.2000 label_smoothing=0.000
D step=2/5 epoch=3/3 loss=0.2294 l2=0.2000 label_smoothing=0.000
D step=3/5 epoch=1/3 loss=0.2359 l2=0.2000 label_smoothing=0.000
D step=3/5 epoch=2/3 loss=0.2319 l2=0.2000 label_smoothing=0.000
D step=3/5 epoch=3/3 loss=0.2340 l2=0.2000 label_smoothing=0.000
D step=4/5 epoch=1/3 loss=0.2349 l2=0.2000 label_smoothing=0.000
D step=4/5 epoch=2/3 loss=0.2339 l2=0.2000 label_smoothing=0.000
D step=4/5 epoch=3/3 loss=0.2294 l2=0.2000 label_smoothing=0.000
D step=5/5 epoch=1/3 loss=0.2371 l2=0.2000 label_smoothing=0.000
D step=5/5 epoch=2/3 loss=0.2345 l2=0.2000 label_smoothing=0.000
D step=5/5 epoch=3/3 loss=0.2324 l2=0.2000 label_smoothing=0.000
ADV epoch=22/60 g_loss=0.0184 d_loss=0.2329 reward=0.1435 reward_var=0.0115 unique=0.3400
D step=1/5 epoch=1/3 loss=0.2474 l2=0.2000 label_smoothing=0.000
D step=1/5 epoch=2/3 loss=0.2374 l2=0.2000 label_smoothing=0.000
D step=1/5 epoch=3/3 loss=0.2360 l2=0.2000 label_smoothing=0.000
D step=2/5 epoch=1/3 loss=0.2361 l2=0.2000 label_smoothing=0.000
D step=2/5 epoch=2/3 loss=0.2361 l2=0.2000 label_smoothing=0.000
D step=2/5 epoch=3/3 loss=0.2335 l2=0.2000 label_smoothing=0.000
D step=3/5 epoch=1/3 loss=0.2435 l2=0.2000 label_smoothing=0.000
D step=3/5 epoch=2/3 loss=0.2388 l2=0.2000 label_smoothing=0.000
D step=3/5 epoch=3/3 loss=0.2398 l2=0.2000 label_smoothing=0.000
D step=4/5 epoch=1/3 loss=0.2386 l2=0.2000 label_smoothing=0.000
D step=4/5 epoch=2/3 loss=0.2395 l2=0.2000 label_smoothing=0.000
D step=4/5 epoch=3/3 loss=0.2387 l2=0.2000 label_smoothing=0.000
D step=5/5 epoch=1/3 loss=0.2380 l2=0.2000 label_smoothing=0.000
D step=5/5 epoch=2/3 loss=0.2342 l2=0.2000 label_smoothing=0.000
D step=5/5 epoch=3/3 loss=0.2331 l2=0.2000 label_smoothing=0.000
ADV epoch=23/60 g_loss=0.0215 d_loss=0.2380 reward=0.1671 reward_var=0.0133 unique=0.3000
D step=1/5 epoch=1/3 loss=0.2418 l2=0.2000 label_smoothing=0.000
D step=1/5 epoch=2/3 loss=0.2402 l2=0.2000 label_smoothing=0.000
D step=1/5 epoch=3/3 loss=0.2405 l2=0.2000 label_smoothing=0.000
D step=2/5 epoch=1/3 loss=0.2406 l2=0.2000 label_smoothing=0.000
D step=2/5 epoch=2/3 loss=0.2386 l2=0.2000 label_smoothing=0.000
D step=2/5 epoch=3/3 loss=0.2378 l2=0.2000 label_smoothing=0.000
D step=3/5 epoch=1/3 loss=0.2444 l2=0.2000 label_smoothing=0.000
D step=3/5 epoch=2/3 loss=0.2438 l2=0.2000 label_smoothing=0.000
D step=3/5 epoch=3/3 loss=0.2391 l2=0.2000 label_smoothing=0.000
D step=4/5 epoch=1/3 loss=0.2449 l2=0.2000 label_smoothing=0.000
D step=4/5 epoch=2/3 loss=0.2388 l2=0.2000 label_smoothing=0.000
D step=4/5 epoch=3/3 loss=0.2405 l2=0.2000 label_smoothing=0.000
D step=5/5 epoch=1/3 loss=0.2423 l2=0.2000 label_smoothing=0.000
D step=5/5 epoch=2/3 loss=0.2404 l2=0.2000 label_smoothing=0.000
D step=5/5 epoch=3/3 loss=0.2378 l2=0.2000 label_smoothing=0.000
ADV epoch=24/60 g_loss=0.0175 d_loss=0.2408 reward=0.1544 reward_var=0.0069 unique=0.2600
D step=1/5 epoch=1/3 loss=0.2497 l2=0.2000 label_smoothing=0.000
D step=1/5 epoch=2/3 loss=0.2427 l2=0.2000 label_smoothing=0.000
D step=1/5 epoch=3/3 loss=0.2428 l2=0.2000 label_smoothing=0.000
D step=2/5 epoch=1/3 loss=0.2507 l2=0.2000 label_smoothing=0.000
D step=2/5 epoch=2/3 loss=0.2493 l2=0.2000 label_smoothing=0.000
D step=2/5 epoch=3/3 loss=0.2446 l2=0.2000 label_smoothing=0.000
D step=3/5 epoch=1/3 loss=0.2417 l2=0.2000 label_smoothing=0.000
D step=3/5 epoch=2/3 loss=0.2385 l2=0.2000 label_smoothing=0.000
D step=3/5 epoch=3/3 loss=0.2381 l2=0.2000 label_smoothing=0.000
D step=4/5 epoch=1/3 loss=0.2492 l2=0.2000 label_smoothing=0.000
D step=4/5 epoch=2/3 loss=0.2458 l2=0.2000 label_smoothing=0.000
D step=4/5 epoch=3/3 loss=0.2440 l2=0.2000 label_smoothing=0.000
D step=5/5 epoch=1/3 loss=0.2478 l2=0.2000 label_smoothing=0.000
D step=5/5 epoch=2/3 loss=0.2433 l2=0.2000 label_smoothing=0.000
D step=5/5 epoch=3/3 loss=0.2430 l2=0.2000 label_smoothing=0.000
ADV epoch=25/60 g_loss=0.0142 d_loss=0.2447 reward=0.1556 reward_var=0.0035 unique=0.3000
D step=1/5 epoch=1/3 loss=0.2664 l2=0.2000 label_smoothing=0.000
D step=1/5 epoch=2/3 loss=0.2558 l2=0.2000 label_smoothing=0.000
D step=1/5 epoch=3/3 loss=0.2564 l2=0.2000 label_smoothing=0.000
D step=2/5 epoch=1/3 loss=0.2574 l2=0.2000 label_smoothing=0.000
D step=2/5 epoch=2/3 loss=0.2544 l2=0.2000 label_smoothing=0.000
D step=2/5 epoch=3/3 loss=0.2527 l2=0.2000 label_smoothing=0.000
D step=3/5 epoch=1/3 loss=0.2550 l2=0.2000 label_smoothing=0.000
D step=3/5 epoch=2/3 loss=0.2516 l2=0.2000 label_smoothing=0.000
D step=3/5 epoch=3/3 loss=0.2487 l2=0.2000 label_smoothing=0.000
D step=4/5 epoch=1/3 loss=0.2608 l2=0.2000 label_smoothing=0.000
D step=4/5 epoch=2/3 loss=0.2539 l2=0.2000 label_smoothing=0.000
D step=4/5 epoch=3/3 loss=0.2530 l2=0.2000 label_smoothing=0.000
D step=5/5 epoch=1/3 loss=0.2615 l2=0.2000 label_smoothing=0.000
D step=5/5 epoch=2/3 loss=0.2572 l2=0.2000 label_smoothing=0.000
D step=5/5 epoch=3/3 loss=0.2561 l2=0.2000 label_smoothing=0.000
ADV epoch=26/60 g_loss=0.0207 d_loss=0.2561 reward=0.1593 reward_var=0.0159 unique=0.3000
D step=1/5 epoch=1/3 loss=0.2990 l2=0.2000 label_smoothing=0.000
D step=1/5 epoch=2/3 loss=0.2877 l2=0.2000 label_smoothing=0.000
D step=1/5 epoch=3/3 loss=0.2811 l2=0.2000 label_smoothing=0.000
D step=2/5 epoch=1/3 loss=0.2925 l2=0.2000 label_smoothing=0.000
D step=2/5 epoch=2/3 loss=0.2859 l2=0.2000 label_smoothing=0.000
D step=2/5 epoch=3/3 loss=0.2744 l2=0.2000 label_smoothing=0.000
D step=3/5 epoch=1/3 loss=0.2898 l2=0.2000 label_smoothing=0.000
D step=3/5 epoch=2/3 loss=0.2833 l2=0.2000 label_smoothing=0.000
D step=3/5 epoch=3/3 loss=0.2828 l2=0.2000 label_smoothing=0.000
D step=4/5 epoch=1/3 loss=0.2806 l2=0.2000 label_smoothing=0.000
D step=4/5 epoch=2/3 loss=0.2758 l2=0.2000 label_smoothing=0.000
D step=4/5 epoch=3/3 loss=0.2758 l2=0.2000 label_smoothing=0.000
D step=5/5 epoch=1/3 loss=0.2839 l2=0.2000 label_smoothing=0.000
D step=5/5 epoch=2/3 loss=0.2753 l2=0.2000 label_smoothing=0.000
D step=5/5 epoch=3/3 loss=0.2737 l2=0.2000 label_smoothing=0.000
ADV epoch=27/60 g_loss=0.0236 d_loss=0.2828 reward=0.1453 reward_var=0.0082 unique=0.3600
D step=1/5 epoch=1/3 loss=0.3046 l2=0.2000 label_smoothing=0.000
D step=1/5 epoch=2/3 loss=0.2776 l2=0.2000 label_smoothing=0.000
D step=1/5 epoch=3/3 loss=0.2713 l2=0.2000 label_smoothing=0.000
D step=2/5 epoch=1/3 loss=0.2919 l2=0.2000 label_smoothing=0.000
D step=2/5 epoch=2/3 loss=0.2800 l2=0.2000 label_smoothing=0.000
D step=2/5 epoch=3/3 loss=0.2752 l2=0.2000 label_smoothing=0.000
D step=3/5 epoch=1/3 loss=0.2756 l2=0.2000 label_smoothing=0.000
D step=3/5 epoch=2/3 loss=0.2678 l2=0.2000 label_smoothing=0.000
D step=3/5 epoch=3/3 loss=0.2654 l2=0.2000 label_smoothing=0.000
D step=4/5 epoch=1/3 loss=0.2845 l2=0.2000 label_smoothing=0.000
D step=4/5 epoch=2/3 loss=0.2738 l2=0.2000 label_smoothing=0.000
D step=4/5 epoch=3/3 loss=0.2687 l2=0.2000 label_smoothing=0.000
D step=5/5 epoch=1/3 loss=0.2716 l2=0.2000 label_smoothing=0.000
D step=5/5 epoch=2/3 loss=0.2681 l2=0.2000 label_smoothing=0.000
D step=5/5 epoch=3/3 loss=0.2674 l2=0.2000 label_smoothing=0.000
ADV epoch=28/60 g_loss=0.0328 d_loss=0.2762 reward=0.1828 reward_var=0.0128 unique=0.4400
D step=1/5 epoch=1/3 loss=0.2826 l2=0.2000 label_smoothing=0.000
D step=1/5 epoch=2/3 loss=0.2720 l2=0.2000 label_smoothing=0.000
D step=1/5 epoch=3/3 loss=0.2716 l2=0.2000 label_smoothing=0.000
D step=2/5 epoch=1/3 loss=0.2791 l2=0.2000 label_smoothing=0.000
D step=2/5 epoch=2/3 loss=0.2708 l2=0.2000 label_smoothing=0.000
D step=2/5 epoch=3/3 loss=0.2675 l2=0.2000 label_smoothing=0.000
D step=3/5 epoch=1/3 loss=0.2882 l2=0.2000 label_smoothing=0.000
D step=3/5 epoch=2/3 loss=0.2724 l2=0.2000 label_smoothing=0.000
D step=3/5 epoch=3/3 loss=0.2689 l2=0.2000 label_smoothing=0.000
D step=4/5 epoch=1/3 loss=0.2700 l2=0.2000 label_smoothing=0.000
D step=4/5 epoch=2/3 loss=0.2654 l2=0.2000 label_smoothing=0.000
D step=4/5 epoch=3/3 loss=0.2624 l2=0.2000 label_smoothing=0.000
D step=5/5 epoch=1/3 loss=0.2732 l2=0.2000 label_smoothing=0.000
D step=5/5 epoch=2/3 loss=0.2693 l2=0.2000 label_smoothing=0.000
D step=5/5 epoch=3/3 loss=0.2660 l2=0.2000 label_smoothing=0.000
ADV epoch=29/60 g_loss=0.0553 d_loss=0.2720 reward=0.3047 reward_var=0.0297 unique=0.4800
D step=1/5 epoch=1/3 loss=0.2872 l2=0.2000 label_smoothing=0.000
D step=1/5 epoch=2/3 loss=0.2716 l2=0.2000 label_smoothing=0.000
D step=1/5 epoch=3/3 loss=0.2684 l2=0.2000 label_smoothing=0.000
D step=2/5 epoch=1/3 loss=0.2814 l2=0.2000 label_smoothing=0.000
D step=2/5 epoch=2/3 loss=0.2721 l2=0.2000 label_smoothing=0.000
D step=2/5 epoch=3/3 loss=0.2674 l2=0.2000 label_smoothing=0.000
D step=3/5 epoch=1/3 loss=0.2788 l2=0.2000 label_smoothing=0.000
D step=3/5 epoch=2/3 loss=0.2682 l2=0.2000 label_smoothing=0.000
D step=3/5 epoch=3/3 loss=0.2673 l2=0.2000 label_smoothing=0.000
D step=4/5 epoch=1/3 loss=0.2690 l2=0.2000 label_smoothing=0.000
D step=4/5 epoch=2/3 loss=0.2605 l2=0.2000 label_smoothing=0.000
D step=4/5 epoch=3/3 loss=0.2592 l2=0.2000 label_smoothing=0.000
D step=5/5 epoch=1/3 loss=0.2783 l2=0.2000 label_smoothing=0.000
D step=5/5 epoch=2/3 loss=0.2778 l2=0.2000 label_smoothing=0.000
D step=5/5 epoch=3/3 loss=0.2689 l2=0.2000 label_smoothing=0.000
ADV epoch=30/60 g_loss=0.0449 d_loss=0.2717 reward=0.2756 reward_var=0.0272 unique=0.5800
D step=1/5 epoch=1/3 loss=0.2873 l2=0.2000 label_smoothing=0.000
D step=1/5 epoch=2/3 loss=0.2745 l2=0.2000 label_smoothing=0.000
D step=1/5 epoch=3/3 loss=0.2691 l2=0.2000 label_smoothing=0.000
D step=2/5 epoch=1/3 loss=0.2950 l2=0.2000 label_smoothing=0.000
D step=2/5 epoch=2/3 loss=0.2836 l2=0.2000 label_smoothing=0.000
D step=2/5 epoch=3/3 loss=0.2800 l2=0.2000 label_smoothing=0.000
D step=3/5 epoch=1/3 loss=0.2845 l2=0.2000 label_smoothing=0.000
D step=3/5 epoch=2/3 loss=0.2744 l2=0.2000 label_smoothing=0.000
D step=3/5 epoch=3/3 loss=0.2741 l2=0.2000 label_smoothing=0.000
D step=4/5 epoch=1/3 loss=0.2949 l2=0.2000 label_smoothing=0.000
D step=4/5 epoch=2/3 loss=0.2829 l2=0.2000 label_smoothing=0.000
D step=4/5 epoch=3/3 loss=0.2760 l2=0.2000 label_smoothing=0.000
D step=5/5 epoch=1/3 loss=0.2828 l2=0.2000 label_smoothing=0.000
D step=5/5 epoch=2/3 loss=0.2766 l2=0.2000 label_smoothing=0.000
D step=5/5 epoch=3/3 loss=0.2746 l2=0.2000 label_smoothing=0.000
ADV epoch=31/60 g_loss=0.0514 d_loss=0.2807 reward=0.2665 reward_var=0.0238 unique=0.6600
D step=1/5 epoch=1/3 loss=0.2870 l2=0.2000 label_smoothing=0.000
D step=1/5 epoch=2/3 loss=0.2745 l2=0.2000 label_smoothing=0.000
D step=1/5 epoch=3/3 loss=0.2743 l2=0.2000 label_smoothing=0.000
D step=2/5 epoch=1/3 loss=0.2917 l2=0.2000 label_smoothing=0.000
D step=2/5 epoch=2/3 loss=0.2823 l2=0.2000 label_smoothing=0.000
D step=2/5 epoch=3/3 loss=0.2785 l2=0.2000 label_smoothing=0.000
D step=3/5 epoch=1/3 loss=0.2975 l2=0.2000 label_smoothing=0.000
D step=3/5 epoch=2/3 loss=0.2801 l2=0.2000 label_smoothing=0.000
D step=3/5 epoch=3/3 loss=0.2769 l2=0.2000 label_smoothing=0.000
D step=4/5 epoch=1/3 loss=0.2932 l2=0.2000 label_smoothing=0.000
D step=4/5 epoch=2/3 loss=0.2808 l2=0.2000 label_smoothing=0.000
D step=4/5 epoch=3/3 loss=0.2771 l2=0.2000 label_smoothing=0.000
D step=5/5 epoch=1/3 loss=0.2860 l2=0.2000 label_smoothing=0.000
D step=5/5 epoch=2/3 loss=0.2745 l2=0.2000 label_smoothing=0.000
D step=5/5 epoch=3/3 loss=0.2726 l2=0.2000 label_smoothing=0.000
ADV epoch=32/60 g_loss=0.0467 d_loss=0.2818 reward=0.2463 reward_var=0.0151 unique=0.5400
D step=1/5 epoch=1/3 loss=0.3034 l2=0.2000 label_smoothing=0.000
D step=1/5 epoch=2/3 loss=0.2910 l2=0.2000 label_smoothing=0.000
D step=1/5 epoch=3/3 loss=0.2887 l2=0.2000 label_smoothing=0.000
D step=2/5 epoch=1/3 loss=0.3080 l2=0.2000 label_smoothing=0.000
D step=2/5 epoch=2/3 loss=0.3035 l2=0.2000 label_smoothing=0.000
D step=2/5 epoch=3/3 loss=0.2971 l2=0.2000 label_smoothing=0.000
D step=3/5 epoch=1/3 loss=0.2902 l2=0.2000 label_smoothing=0.000
D step=3/5 epoch=2/3 loss=0.2860 l2=0.2000 label_smoothing=0.000
D step=3/5 epoch=3/3 loss=0.2831 l2=0.2000 label_smoothing=0.000
D step=4/5 epoch=1/3 loss=0.2967 l2=0.2000 label_smoothing=0.000
D step=4/5 epoch=2/3 loss=0.2894 l2=0.2000 label_smoothing=0.000
D step=4/5 epoch=3/3 loss=0.2844 l2=0.2000 label_smoothing=0.000
D step=5/5 epoch=1/3 loss=0.3032 l2=0.2000 label_smoothing=0.000
D step=5/5 epoch=2/3 loss=0.2954 l2=0.2000 label_smoothing=0.000
D step=5/5 epoch=3/3 loss=0.2908 l2=0.2000 label_smoothing=0.000
ADV epoch=33/60 g_loss=0.0441 d_loss=0.2941 reward=0.2201 reward_var=0.0190 unique=0.5200
D step=1/5 epoch=1/3 loss=0.3050 l2=0.2000 label_smoothing=0.000
D step=1/5 epoch=2/3 loss=0.2987 l2=0.2000 label_smoothing=0.000
D step=1/5 epoch=3/3 loss=0.2904 l2=0.2000 label_smoothing=0.000
D step=2/5 epoch=1/3 loss=0.3096 l2=0.2000 label_smoothing=0.000
D step=2/5 epoch=2/3 loss=0.3015 l2=0.2000 label_smoothing=0.000
D step=2/5 epoch=3/3 loss=0.2999 l2=0.2000 label_smoothing=0.000
D step=3/5 epoch=1/3 loss=0.3012 l2=0.2000 label_smoothing=0.000
D step=3/5 epoch=2/3 loss=0.2948 l2=0.2000 label_smoothing=0.000
D step=3/5 epoch=3/3 loss=0.2934 l2=0.2000 label_smoothing=0.000
D step=4/5 epoch=1/3 loss=0.3063 l2=0.2000 label_smoothing=0.000
D step=4/5 epoch=2/3 loss=0.2952 l2=0.2000 label_smoothing=0.000
D step=4/5 epoch=3/3 loss=0.2938 l2=0.2000 label_smoothing=0.000
D step=5/5 epoch=1/3 loss=0.2948 l2=0.2000 label_smoothing=0.000
D step=5/5 epoch=2/3 loss=0.2896 l2=0.2000 label_smoothing=0.000
D step=5/5 epoch=3/3 loss=0.2865 l2=0.2000 label_smoothing=0.000
ADV epoch=34/60 g_loss=0.0407 d_loss=0.2974 reward=0.1861 reward_var=0.0128 unique=0.6400
D step=1/5 epoch=1/3 loss=0.3049 l2=0.2000 label_smoothing=0.000
D step=1/5 epoch=2/3 loss=0.2962 l2=0.2000 label_smoothing=0.000
D step=1/5 epoch=3/3 loss=0.2948 l2=0.2000 label_smoothing=0.000
D step=2/5 epoch=1/3 loss=0.3096 l2=0.2000 label_smoothing=0.000
D step=2/5 epoch=2/3 loss=0.3023 l2=0.2000 label_smoothing=0.000
D step=2/5 epoch=3/3 loss=0.3024 l2=0.2000 label_smoothing=0.000
D step=3/5 epoch=1/3 loss=0.3162 l2=0.2000 label_smoothing=0.000
D step=3/5 epoch=2/3 loss=0.2980 l2=0.2000 label_smoothing=0.000
D step=3/5 epoch=3/3 loss=0.2966 l2=0.2000 label_smoothing=0.000
D step=4/5 epoch=1/3 loss=0.3102 l2=0.2000 label_smoothing=0.000
D step=4/5 epoch=2/3 loss=0.3025 l2=0.2000 label_smoothing=0.000
D step=4/5 epoch=3/3 loss=0.2965 l2=0.2000 label_smoothing=0.000
D step=5/5 epoch=1/3 loss=0.3092 l2=0.2000 label_smoothing=0.000
D step=5/5 epoch=2/3 loss=0.3064 l2=0.2000 label_smoothing=0.000
D step=5/5 epoch=3/3 loss=0.3006 l2=0.2000 label_smoothing=0.000
ADV epoch=35/60 g_loss=0.0382 d_loss=0.3031 reward=0.2083 reward_var=0.0135 unique=0.6400
D step=1/5 epoch=1/3 loss=0.3153 l2=0.2000 label_smoothing=0.000
D step=1/5 epoch=2/3 loss=0.3039 l2=0.2000 label_smoothing=0.000
D step=1/5 epoch=3/3 loss=0.3008 l2=0.2000 label_smoothing=0.000
D step=2/5 epoch=1/3 loss=0.3154 l2=0.2000 label_smoothing=0.000
D step=2/5 epoch=2/3 loss=0.3088 l2=0.2000 label_smoothing=0.000
D step=2/5 epoch=3/3 loss=0.3049 l2=0.2000 label_smoothing=0.000
D step=3/5 epoch=1/3 loss=0.3053 l2=0.2000 label_smoothing=0.000
D step=3/5 epoch=2/3 loss=0.2986 l2=0.2000 label_smoothing=0.000
D step=3/5 epoch=3/3 loss=0.2949 l2=0.2000 label_smoothing=0.000
D step=4/5 epoch=1/3 loss=0.3121 l2=0.2000 label_smoothing=0.000
D step=4/5 epoch=2/3 loss=0.3050 l2=0.2000 label_smoothing=0.000
D step=4/5 epoch=3/3 loss=0.3004 l2=0.2000 label_smoothing=0.000
D step=5/5 epoch=1/3 loss=0.3137 l2=0.2000 label_smoothing=0.000
D step=5/5 epoch=2/3 loss=0.3068 l2=0.2000 label_smoothing=0.000
D step=5/5 epoch=3/3 loss=0.3037 l2=0.2000 label_smoothing=0.000
ADV epoch=36/60 g_loss=0.0413 d_loss=0.3060 reward=0.1966 reward_var=0.0217 unique=0.5400
D step=1/5 epoch=1/3 loss=0.3160 l2=0.2000 label_smoothing=0.000
D step=1/5 epoch=2/3 loss=0.3062 l2=0.2000 label_smoothing=0.000
D step=1/5 epoch=3/3 loss=0.3021 l2=0.2000 label_smoothing=0.000
D step=2/5 epoch=1/3 loss=0.3273 l2=0.2000 label_smoothing=0.000
D step=2/5 epoch=2/3 loss=0.3177 l2=0.2000 label_smoothing=0.000
D step=2/5 epoch=3/3 loss=0.3160 l2=0.2000 label_smoothing=0.000
D step=3/5 epoch=1/3 loss=0.3244 l2=0.2000 label_smoothing=0.000
D step=3/5 epoch=2/3 loss=0.3148 l2=0.2000 label_smoothing=0.000
D step=3/5 epoch=3/3 loss=0.3105 l2=0.2000 label_smoothing=0.000
D step=4/5 epoch=1/3 loss=0.3168 l2=0.2000 label_smoothing=0.000
D step=4/5 epoch=2/3 loss=0.3071 l2=0.2000 label_smoothing=0.000
D step=4/5 epoch=3/3 loss=0.3035 l2=0.2000 label_smoothing=0.000
D step=5/5 epoch=1/3 loss=0.3234 l2=0.2000 label_smoothing=0.000
D step=5/5 epoch=2/3 loss=0.3124 l2=0.2000 label_smoothing=0.000
D step=5/5 epoch=3/3 loss=0.3102 l2=0.2000 label_smoothing=0.000
ADV epoch=37/60 g_loss=0.0433 d_loss=0.3139 reward=0.2041 reward_var=0.0155 unique=0.6200
D step=1/5 epoch=1/3 loss=0.3265 l2=0.2000 label_smoothing=0.000
D step=1/5 epoch=2/3 loss=0.3158 l2=0.2000 label_smoothing=0.000
D step=1/5 epoch=3/3 loss=0.3155 l2=0.2000 label_smoothing=0.000
D step=2/5 epoch=1/3 loss=0.3245 l2=0.2000 label_smoothing=0.000
D step=2/5 epoch=2/3 loss=0.3135 l2=0.2000 label_smoothing=0.000
D step=2/5 epoch=3/3 loss=0.3125 l2=0.2000 label_smoothing=0.000
D step=3/5 epoch=1/3 loss=0.3253 l2=0.2000 label_smoothing=0.000
D step=3/5 epoch=2/3 loss=0.3152 l2=0.2000 label_smoothing=0.000
D step=3/5 epoch=3/3 loss=0.3131 l2=0.2000 label_smoothing=0.000
D step=4/5 epoch=1/3 loss=0.3234 l2=0.2000 label_smoothing=0.000
D step=4/5 epoch=2/3 loss=0.3165 l2=0.2000 label_smoothing=0.000
D step=4/5 epoch=3/3 loss=0.3130 l2=0.2000 label_smoothing=0.000
D step=5/5 epoch=1/3 loss=0.3131 l2=0.2000 label_smoothing=0.000
D step=5/5 epoch=2/3 loss=0.3091 l2=0.2000 label_smoothing=0.000
D step=5/5 epoch=3/3 loss=0.3074 l2=0.2000 label_smoothing=0.000
ADV epoch=38/60 g_loss=0.0364 d_loss=0.3163 reward=0.1814 reward_var=0.0081 unique=0.6600
D step=1/5 epoch=1/3 loss=0.3358 l2=0.2000 label_smoothing=0.000
D step=1/5 epoch=2/3 loss=0.3216 l2=0.2000 label_smoothing=0.000
D step=1/5 epoch=3/3 loss=0.3207 l2=0.2000 label_smoothing=0.000
D step=2/5 epoch=1/3 loss=0.3287 l2=0.2000 label_smoothing=0.000
D step=2/5 epoch=2/3 loss=0.3191 l2=0.2000 label_smoothing=0.000
D step=2/5 epoch=3/3 loss=0.3172 l2=0.2000 label_smoothing=0.000
D step=3/5 epoch=1/3 loss=0.3243 l2=0.2000 label_smoothing=0.000
D step=3/5 epoch=2/3 loss=0.3172 l2=0.2000 label_smoothing=0.000
D step=3/5 epoch=3/3 loss=0.3156 l2=0.2000 label_smoothing=0.000
D step=4/5 epoch=1/3 loss=0.3250 l2=0.2000 label_smoothing=0.000
D step=4/5 epoch=2/3 loss=0.3154 l2=0.2000 label_smoothing=0.000
D step=4/5 epoch=3/3 loss=0.3125 l2=0.2000 label_smoothing=0.000
D step=5/5 epoch=1/3 loss=0.3254 l2=0.2000 label_smoothing=0.000
D step=5/5 epoch=2/3 loss=0.3181 l2=0.2000 label_smoothing=0.000
D step=5/5 epoch=3/3 loss=0.3163 l2=0.2000 label_smoothing=0.000
ADV epoch=39/60 g_loss=0.0355 d_loss=0.3209 reward=0.1986 reward_var=0.0111 unique=0.5200
D step=1/5 epoch=1/3 loss=0.3306 l2=0.2000 label_smoothing=0.000
D step=1/5 epoch=2/3 loss=0.3216 l2=0.2000 label_smoothing=0.000
D step=1/5 epoch=3/3 loss=0.3197 l2=0.2000 label_smoothing=0.000
D step=2/5 epoch=1/3 loss=0.3199 l2=0.2000 label_smoothing=0.000
D step=2/5 epoch=2/3 loss=0.3194 l2=0.2000 label_smoothing=0.000
D step=2/5 epoch=3/3 loss=0.3157 l2=0.2000 label_smoothing=0.000
D step=3/5 epoch=1/3 loss=0.3318 l2=0.2000 label_smoothing=0.000
D step=3/5 epoch=2/3 loss=0.3244 l2=0.2000 label_smoothing=0.000
D step=3/5 epoch=3/3 loss=0.3185 l2=0.2000 label_smoothing=0.000
D step=4/5 epoch=1/3 loss=0.3248 l2=0.2000 label_smoothing=0.000
D step=4/5 epoch=2/3 loss=0.3170 l2=0.2000 label_smoothing=0.000
D step=4/5 epoch=3/3 loss=0.3159 l2=0.2000 label_smoothing=0.000
D step=5/5 epoch=1/3 loss=0.3312 l2=0.2000 label_smoothing=0.000
D step=5/5 epoch=2/3 loss=0.3234 l2=0.2000 label_smoothing=0.000
D step=5/5 epoch=3/3 loss=0.3232 l2=0.2000 label_smoothing=0.000
ADV epoch=40/60 g_loss=0.0430 d_loss=0.3225 reward=0.2069 reward_var=0.0146 unique=0.6200
D step=1/5 epoch=1/3 loss=0.3362 l2=0.2000 label_smoothing=0.000
D step=1/5 epoch=2/3 loss=0.3260 l2=0.2000 label_smoothing=0.000
D step=1/5 epoch=3/3 loss=0.3296 l2=0.2000 label_smoothing=0.000
D step=2/5 epoch=1/3 loss=0.3119 l2=0.2000 label_smoothing=0.000
D step=2/5 epoch=2/3 loss=0.3080 l2=0.2000 label_smoothing=0.000
D step=2/5 epoch=3/3 loss=0.3073 l2=0.2000 label_smoothing=0.000
D step=3/5 epoch=1/3 loss=0.3295 l2=0.2000 label_smoothing=0.000
D step=3/5 epoch=2/3 loss=0.3177 l2=0.2000 label_smoothing=0.000
D step=3/5 epoch=3/3 loss=0.3144 l2=0.2000 label_smoothing=0.000
D step=4/5 epoch=1/3 loss=0.3210 l2=0.2000 label_smoothing=0.000
D step=4/5 epoch=2/3 loss=0.3175 l2=0.2000 label_smoothing=0.000
D step=4/5 epoch=3/3 loss=0.3163 l2=0.2000 label_smoothing=0.000
D step=5/5 epoch=1/3 loss=0.3166 l2=0.2000 label_smoothing=0.000
D step=5/5 epoch=2/3 loss=0.3131 l2=0.2000 label_smoothing=0.000
D step=5/5 epoch=3/3 loss=0.3103 l2=0.2000 label_smoothing=0.000
ADV epoch=41/60 g_loss=0.0346 d_loss=0.3183 reward=0.2231 reward_var=0.0093 unique=0.4200
D step=1/5 epoch=1/3 loss=0.3168 l2=0.2000 label_smoothing=0.000
D step=1/5 epoch=2/3 loss=0.3070 l2=0.2000 label_smoothing=0.000
D step=1/5 epoch=3/3 loss=0.3053 l2=0.2000 label_smoothing=0.000
D step=2/5 epoch=1/3 loss=0.3082 l2=0.2000 label_smoothing=0.000
D step=2/5 epoch=2/3 loss=0.3049 l2=0.2000 label_smoothing=0.000
D step=2/5 epoch=3/3 loss=0.3038 l2=0.2000 label_smoothing=0.000
D step=3/5 epoch=1/3 loss=0.3319 l2=0.2000 label_smoothing=0.000
D step=3/5 epoch=2/3 loss=0.3205 l2=0.2000 label_smoothing=0.000
D step=3/5 epoch=3/3 loss=0.3155 l2=0.2000 label_smoothing=0.000
D step=4/5 epoch=1/3 loss=0.3171 l2=0.2000 label_smoothing=0.000
D step=4/5 epoch=2/3 loss=0.3145 l2=0.2000 label_smoothing=0.000
D step=4/5 epoch=3/3 loss=0.3111 l2=0.2000 label_smoothing=0.000
D step=5/5 epoch=1/3 loss=0.3185 l2=0.2000 label_smoothing=0.000
D step=5/5 epoch=2/3 loss=0.3115 l2=0.2000 label_smoothing=0.000
D step=5/5 epoch=3/3 loss=0.3075 l2=0.2000 label_smoothing=0.000
ADV epoch=42/60 g_loss=0.0397 d_loss=0.3129 reward=0.2274 reward_var=0.0101 unique=0.5400
D step=1/5 epoch=1/3 loss=0.3176 l2=0.2000 label_smoothing=0.000
D step=1/5 epoch=2/3 loss=0.3107 l2=0.2000 label_smoothing=0.000
D step=1/5 epoch=3/3 loss=0.3098 l2=0.2000 label_smoothing=0.000
D step=2/5 epoch=1/3 loss=0.3116 l2=0.2000 label_smoothing=0.000
D step=2/5 epoch=2/3 loss=0.3070 l2=0.2000 label_smoothing=0.000
D step=2/5 epoch=3/3 loss=0.3063 l2=0.2000 label_smoothing=0.000
D step=3/5 epoch=1/3 loss=0.3054 l2=0.2000 label_smoothing=0.000
D step=3/5 epoch=2/3 loss=0.3056 l2=0.2000 label_smoothing=0.000
D step=3/5 epoch=3/3 loss=0.3037 l2=0.2000 label_smoothing=0.000
D step=4/5 epoch=1/3 loss=0.3129 l2=0.2000 label_smoothing=0.000
D step=4/5 epoch=2/3 loss=0.3050 l2=0.2000 label_smoothing=0.000
D step=4/5 epoch=3/3 loss=0.3027 l2=0.2000 label_smoothing=0.000
D step=5/5 epoch=1/3 loss=0.3126 l2=0.2000 label_smoothing=0.000
D step=5/5 epoch=2/3 loss=0.3025 l2=0.2000 label_smoothing=0.000
D step=5/5 epoch=3/3 loss=0.3029 l2=0.2000 label_smoothing=0.000
ADV epoch=43/60 g_loss=0.0411 d_loss=0.3077 reward=0.2302 reward_var=0.0134 unique=0.3600
D step=1/5 epoch=1/3 loss=0.3138 l2=0.2000 label_smoothing=0.000
D step=1/5 epoch=2/3 loss=0.3018 l2=0.2000 label_smoothing=0.000
D step=1/5 epoch=3/3 loss=0.2999 l2=0.2000 label_smoothing=0.000
D step=2/5 epoch=1/3 loss=0.3026 l2=0.2000 label_smoothing=0.000
D step=2/5 epoch=2/3 loss=0.2988 l2=0.2000 label_smoothing=0.000
D step=2/5 epoch=3/3 loss=0.2958 l2=0.2000 label_smoothing=0.000
D step=3/5 epoch=1/3 loss=0.3029 l2=0.2000 label_smoothing=0.000
D step=3/5 epoch=2/3 loss=0.2948 l2=0.2000 label_smoothing=0.000
D step=3/5 epoch=3/3 loss=0.2931 l2=0.2000 label_smoothing=0.000
D step=4/5 epoch=1/3 loss=0.3002 l2=0.2000 label_smoothing=0.000
D step=4/5 epoch=2/3 loss=0.2978 l2=0.2000 label_smoothing=0.000
D step=4/5 epoch=3/3 loss=0.2966 l2=0.2000 label_smoothing=0.000
D step=5/5 epoch=1/3 loss=0.3062 l2=0.2000 label_smoothing=0.000
D step=5/5 epoch=2/3 loss=0.2994 l2=0.2000 label_smoothing=0.000
D step=5/5 epoch=3/3 loss=0.2960 l2=0.2000 label_smoothing=0.000
ADV epoch=44/60 g_loss=0.0387 d_loss=0.3000 reward=0.2488 reward_var=0.0104 unique=0.2600
D step=1/5 epoch=1/3 loss=0.3049 l2=0.2000 label_smoothing=0.000
D step=1/5 epoch=2/3 loss=0.2969 l2=0.2000 label_smoothing=0.000
D step=1/5 epoch=3/3 loss=0.2946 l2=0.2000 label_smoothing=0.000
D step=2/5 epoch=1/3 loss=0.2975 l2=0.2000 label_smoothing=0.000
D step=2/5 epoch=2/3 loss=0.2962 l2=0.2000 label_smoothing=0.000
D step=2/5 epoch=3/3 loss=0.2946 l2=0.2000 label_smoothing=0.000
D step=3/5 epoch=1/3 loss=0.3106 l2=0.2000 label_smoothing=0.000
D step=3/5 epoch=2/3 loss=0.3097 l2=0.2000 label_smoothing=0.000
D step=3/5 epoch=3/3 loss=0.3028 l2=0.2000 label_smoothing=0.000
D step=4/5 epoch=1/3 loss=0.3024 l2=0.2000 label_smoothing=0.000
D step=4/5 epoch=2/3 loss=0.2995 l2=0.2000 label_smoothing=0.000
D step=4/5 epoch=3/3 loss=0.3016 l2=0.2000 label_smoothing=0.000
D step=5/5 epoch=1/3 loss=0.3104 l2=0.2000 label_smoothing=0.000
D step=5/5 epoch=2/3 loss=0.3017 l2=0.2000 label_smoothing=0.000
D step=5/5 epoch=3/3 loss=0.3013 l2=0.2000 label_smoothing=0.000
ADV epoch=45/60 g_loss=0.0292 d_loss=0.3016 reward=0.2093 reward_var=0.0118 unique=0.3400
D step=1/5 epoch=1/3 loss=0.3042 l2=0.2000 label_smoothing=0.000
D step=1/5 epoch=2/3 loss=0.3000 l2=0.2000 label_smoothing=0.000
D step=1/5 epoch=3/3 loss=0.3001 l2=0.2000 label_smoothing=0.000
D step=2/5 epoch=1/3 loss=0.3073 l2=0.2000 label_smoothing=0.000
D step=2/5 epoch=2/3 loss=0.3030 l2=0.2000 label_smoothing=0.000
D step=2/5 epoch=3/3 loss=0.3021 l2=0.2000 label_smoothing=0.000
D step=3/5 epoch=1/3 loss=0.2987 l2=0.2000 label_smoothing=0.000
D step=3/5 epoch=2/3 loss=0.2921 l2=0.2000 label_smoothing=0.000
D step=3/5 epoch=3/3 loss=0.2900 l2=0.2000 label_smoothing=0.000
D step=4/5 epoch=1/3 loss=0.3024 l2=0.2000 label_smoothing=0.000
D step=4/5 epoch=2/3 loss=0.2959 l2=0.2000 label_smoothing=0.000
D step=4/5 epoch=3/3 loss=0.2934 l2=0.2000 label_smoothing=0.000
D step=5/5 epoch=1/3 loss=0.3068 l2=0.2000 label_smoothing=0.000
D step=5/5 epoch=2/3 loss=0.2988 l2=0.2000 label_smoothing=0.000
D step=5/5 epoch=3/3 loss=0.2991 l2=0.2000 label_smoothing=0.000
ADV epoch=46/60 g_loss=0.0343 d_loss=0.2996 reward=0.2227 reward_var=0.0110 unique=0.3600
D step=1/5 epoch=1/3 loss=0.3213 l2=0.2000 label_smoothing=0.000
D step=1/5 epoch=2/3 loss=0.3077 l2=0.2000 label_smoothing=0.000
D step=1/5 epoch=3/3 loss=0.3079 l2=0.2000 label_smoothing=0.000
D step=2/5 epoch=1/3 loss=0.3082 l2=0.2000 label_smoothing=0.000
D step=2/5 epoch=2/3 loss=0.2998 l2=0.2000 label_smoothing=0.000
D step=2/5 epoch=3/3 loss=0.2982 l2=0.2000 label_smoothing=0.000
D step=3/5 epoch=1/3 loss=0.3019 l2=0.2000 label_smoothing=0.000
D step=3/5 epoch=2/3 loss=0.2998 l2=0.2000 label_smoothing=0.000
D step=3/5 epoch=3/3 loss=0.2979 l2=0.2000 label_smoothing=0.000
D step=4/5 epoch=1/3 loss=0.3072 l2=0.2000 label_smoothing=0.000
D step=4/5 epoch=2/3 loss=0.3026 l2=0.2000 label_smoothing=0.000
D step=4/5 epoch=3/3 loss=0.3012 l2=0.2000 label_smoothing=0.000
D step=5/5 epoch=1/3 loss=0.2986 l2=0.2000 label_smoothing=0.000
D step=5/5 epoch=2/3 loss=0.2930 l2=0.2000 label_smoothing=0.000
D step=5/5 epoch=3/3 loss=0.2930 l2=0.2000 label_smoothing=0.000
ADV epoch=47/60 g_loss=0.0377 d_loss=0.3026 reward=0.2485 reward_var=0.0143 unique=0.3000
D step=1/5 epoch=1/3 loss=0.3059 l2=0.2000 label_smoothing=0.000
D step=1/5 epoch=2/3 loss=0.3016 l2=0.2000 label_smoothing=0.000
D step=1/5 epoch=3/3 loss=0.3018 l2=0.2000 label_smoothing=0.000
D step=2/5 epoch=1/3 loss=0.3071 l2=0.2000 label_smoothing=0.000
D step=2/5 epoch=2/3 loss=0.3087 l2=0.2000 label_smoothing=0.000
D step=2/5 epoch=3/3 loss=0.3057 l2=0.2000 label_smoothing=0.000
D step=3/5 epoch=1/3 loss=0.3112 l2=0.2000 label_smoothing=0.000
D step=3/5 epoch=2/3 loss=0.3070 l2=0.2000 label_smoothing=0.000
D step=3/5 epoch=3/3 loss=0.3057 l2=0.2000 label_smoothing=0.000
D step=4/5 epoch=1/3 loss=0.3030 l2=0.2000 label_smoothing=0.000
D step=4/5 epoch=2/3 loss=0.2990 l2=0.2000 label_smoothing=0.000
D step=4/5 epoch=3/3 loss=0.2976 l2=0.2000 label_smoothing=0.000
D step=5/5 epoch=1/3 loss=0.3157 l2=0.2000 label_smoothing=0.000
D step=5/5 epoch=2/3 loss=0.3056 l2=0.2000 label_smoothing=0.000
D step=5/5 epoch=3/3 loss=0.3025 l2=0.2000 label_smoothing=0.000
ADV epoch=48/60 g_loss=0.0399 d_loss=0.3052 reward=0.2146 reward_var=0.0106 unique=0.3200
D step=1/5 epoch=1/3 loss=0.3122 l2=0.2000 label_smoothing=0.000
D step=1/5 epoch=2/3 loss=0.3068 l2=0.2000 label_smoothing=0.000
D step=1/5 epoch=3/3 loss=0.3067 l2=0.2000 label_smoothing=0.000
D step=2/5 epoch=1/3 loss=0.3196 l2=0.2000 label_smoothing=0.000
D step=2/5 epoch=2/3 loss=0.3125 l2=0.2000 label_smoothing=0.000
D step=2/5 epoch=3/3 loss=0.3114 l2=0.2000 label_smoothing=0.000
D step=3/5 epoch=1/3 loss=0.3073 l2=0.2000 label_smoothing=0.000
D step=3/5 epoch=2/3 loss=0.3061 l2=0.2000 label_smoothing=0.000
D step=3/5 epoch=3/3 loss=0.3035 l2=0.2000 label_smoothing=0.000
D step=4/5 epoch=1/3 loss=0.3186 l2=0.2000 label_smoothing=0.000
D step=4/5 epoch=2/3 loss=0.3100 l2=0.2000 label_smoothing=0.000
D step=4/5 epoch=3/3 loss=0.3094 l2=0.2000 label_smoothing=0.000
D step=5/5 epoch=1/3 loss=0.3100 l2=0.2000 label_smoothing=0.000
D step=5/5 epoch=2/3 loss=0.3043 l2=0.2000 label_smoothing=0.000
D step=5/5 epoch=3/3 loss=0.3026 l2=0.2000 label_smoothing=0.000
ADV epoch=49/60 g_loss=0.0353 d_loss=0.3094 reward=0.2343 reward_var=0.0147 unique=0.4000
D step=1/5 epoch=1/3 loss=0.3141 l2=0.2000 label_smoothing=0.000
D step=1/5 epoch=2/3 loss=0.3060 l2=0.2000 label_smoothing=0.000
D step=1/5 epoch=3/3 loss=0.3046 l2=0.2000 label_smoothing=0.000
D step=2/5 epoch=1/3 loss=0.3188 l2=0.2000 label_smoothing=0.000
D step=2/5 epoch=2/3 loss=0.3141 l2=0.2000 label_smoothing=0.000
D step=2/5 epoch=3/3 loss=0.3125 l2=0.2000 label_smoothing=0.000
D step=3/5 epoch=1/3 loss=0.3183 l2=0.2000 label_smoothing=0.000
D step=3/5 epoch=2/3 loss=0.3148 l2=0.2000 label_smoothing=0.000
D step=3/5 epoch=3/3 loss=0.3108 l2=0.2000 label_smoothing=0.000
D step=4/5 epoch=1/3 loss=0.3248 l2=0.2000 label_smoothing=0.000
D step=4/5 epoch=2/3 loss=0.3190 l2=0.2000 label_smoothing=0.000
D step=4/5 epoch=3/3 loss=0.3161 l2=0.2000 label_smoothing=0.000
D step=5/5 epoch=1/3 loss=0.3109 l2=0.2000 label_smoothing=0.000
D step=5/5 epoch=2/3 loss=0.3073 l2=0.2000 label_smoothing=0.000
D step=5/5 epoch=3/3 loss=0.3067 l2=0.2000 label_smoothing=0.000
ADV epoch=50/60 g_loss=0.0374 d_loss=0.3133 reward=0.1929 reward_var=0.0081 unique=0.4200
D step=1/5 epoch=1/3 loss=0.3183 l2=0.2000 label_smoothing=0.000
D step=1/5 epoch=2/3 loss=0.3131 l2=0.2000 label_smoothing=0.000
D step=1/5 epoch=3/3 loss=0.3118 l2=0.2000 label_smoothing=0.000
D step=2/5 epoch=1/3 loss=0.3194 l2=0.2000 label_smoothing=0.000
D step=2/5 epoch=2/3 loss=0.3181 l2=0.2000 label_smoothing=0.000
D step=2/5 epoch=3/3 loss=0.3148 l2=0.2000 label_smoothing=0.000
D step=3/5 epoch=1/3 loss=0.3252 l2=0.2000 label_smoothing=0.000
D step=3/5 epoch=2/3 loss=0.3173 l2=0.2000 label_smoothing=0.000
D step=3/5 epoch=3/3 loss=0.3123 l2=0.2000 label_smoothing=0.000
D step=4/5 epoch=1/3 loss=0.3297 l2=0.2000 label_smoothing=0.000
D step=4/5 epoch=2/3 loss=0.3223 l2=0.2000 label_smoothing=0.000
D step=4/5 epoch=3/3 loss=0.3174 l2=0.2000 label_smoothing=0.000
D step=5/5 epoch=1/3 loss=0.3134 l2=0.2000 label_smoothing=0.000
D step=5/5 epoch=2/3 loss=0.3135 l2=0.2000 label_smoothing=0.000
D step=5/5 epoch=3/3 loss=0.3105 l2=0.2000 label_smoothing=0.000
ADV epoch=51/60 g_loss=0.0387 d_loss=0.3171 reward=0.2016 reward_var=0.0072 unique=0.4800
D step=1/5 epoch=1/3 loss=0.3246 l2=0.2000 label_smoothing=0.000
D step=1/5 epoch=2/3 loss=0.3148 l2=0.2000 label_smoothing=0.000
D step=1/5 epoch=3/3 loss=0.3130 l2=0.2000 label_smoothing=0.000
D step=2/5 epoch=1/3 loss=0.3261 l2=0.2000 label_smoothing=0.000
D step=2/5 epoch=2/3 loss=0.3184 l2=0.2000 label_smoothing=0.000
D step=2/5 epoch=3/3 loss=0.3170 l2=0.2000 label_smoothing=0.000
D step=3/5 epoch=1/3 loss=0.3217 l2=0.2000 label_smoothing=0.000
D step=3/5 epoch=2/3 loss=0.3132 l2=0.2000 label_smoothing=0.000
D step=3/5 epoch=3/3 loss=0.3164 l2=0.2000 label_smoothing=0.000
D step=4/5 epoch=1/3 loss=0.3167 l2=0.2000 label_smoothing=0.000
D step=4/5 epoch=2/3 loss=0.3191 l2=0.2000 label_smoothing=0.000
D step=4/5 epoch=3/3 loss=0.3122 l2=0.2000 label_smoothing=0.000
D step=5/5 epoch=1/3 loss=0.3201 l2=0.2000 label_smoothing=0.000
D step=5/5 epoch=2/3 loss=0.3168 l2=0.2000 label_smoothing=0.000
D step=5/5 epoch=3/3 loss=0.3167 l2=0.2000 label_smoothing=0.000
ADV epoch=52/60 g_loss=0.0358 d_loss=0.3178 reward=0.2220 reward_var=0.0080 unique=0.4600
D step=1/5 epoch=1/3 loss=0.3236 l2=0.2000 label_smoothing=0.000
D step=1/5 epoch=2/3 loss=0.3152 l2=0.2000 label_smoothing=0.000
D step=1/5 epoch=3/3 loss=0.3165 l2=0.2000 label_smoothing=0.000
D step=2/5 epoch=1/3 loss=0.3209 l2=0.2000 label_smoothing=0.000
D step=2/5 epoch=2/3 loss=0.3178 l2=0.2000 label_smoothing=0.000
D step=2/5 epoch=3/3 loss=0.3146 l2=0.2000 label_smoothing=0.000
D step=3/5 epoch=1/3 loss=0.3334 l2=0.2000 label_smoothing=0.000
D step=3/5 epoch=2/3 loss=0.3237 l2=0.2000 label_smoothing=0.000
D step=3/5 epoch=3/3 loss=0.3211 l2=0.2000 label_smoothing=0.000
D step=4/5 epoch=1/3 loss=0.3295 l2=0.2000 label_smoothing=0.000
D step=4/5 epoch=2/3 loss=0.3216 l2=0.2000 label_smoothing=0.000
D step=4/5 epoch=3/3 loss=0.3191 l2=0.2000 label_smoothing=0.000
D step=5/5 epoch=1/3 loss=0.3237 l2=0.2000 label_smoothing=0.000
D step=5/5 epoch=2/3 loss=0.3217 l2=0.2000 label_smoothing=0.000
D step=5/5 epoch=3/3 loss=0.3206 l2=0.2000 label_smoothing=0.000
ADV epoch=53/60 g_loss=0.0414 d_loss=0.3215 reward=0.1953 reward_var=0.0103 unique=0.3800
D step=1/5 epoch=1/3 loss=0.3324 l2=0.2000 label_smoothing=0.000
D step=1/5 epoch=2/3 loss=0.3244 l2=0.2000 label_smoothing=0.000
D step=1/5 epoch=3/3 loss=0.3242 l2=0.2000 label_smoothing=0.000
D step=2/5 epoch=1/3 loss=0.3286 l2=0.2000 label_smoothing=0.000
D step=2/5 epoch=2/3 loss=0.3242 l2=0.2000 label_smoothing=0.000
D step=2/5 epoch=3/3 loss=0.3206 l2=0.2000 label_smoothing=0.000
D step=3/5 epoch=1/3 loss=0.3353 l2=0.2000 label_smoothing=0.000
D step=3/5 epoch=2/3 loss=0.3313 l2=0.2000 label_smoothing=0.000
D step=3/5 epoch=3/3 loss=0.3288 l2=0.2000 label_smoothing=0.000
D step=4/5 epoch=1/3 loss=0.3269 l2=0.2000 label_smoothing=0.000
D step=4/5 epoch=2/3 loss=0.3256 l2=0.2000 label_smoothing=0.000
D step=4/5 epoch=3/3 loss=0.3237 l2=0.2000 label_smoothing=0.000
D step=5/5 epoch=1/3 loss=0.3330 l2=0.2000 label_smoothing=0.000
D step=5/5 epoch=2/3 loss=0.3287 l2=0.2000 label_smoothing=0.000
D step=5/5 epoch=3/3 loss=0.3263 l2=0.2000 label_smoothing=0.000
ADV epoch=54/60 g_loss=0.0385 d_loss=0.3276 reward=0.2181 reward_var=0.0063 unique=0.4800
D step=1/5 epoch=1/3 loss=0.3428 l2=0.2000 label_smoothing=0.000
D step=1/5 epoch=2/3 loss=0.3355 l2=0.2000 label_smoothing=0.000
D step=1/5 epoch=3/3 loss=0.3327 l2=0.2000 label_smoothing=0.000
D step=2/5 epoch=1/3 loss=0.3358 l2=0.2000 label_smoothing=0.000
D step=2/5 epoch=2/3 loss=0.3333 l2=0.2000 label_smoothing=0.000
D step=2/5 epoch=3/3 loss=0.3305 l2=0.2000 label_smoothing=0.000
D step=3/5 epoch=1/3 loss=0.3347 l2=0.2000 label_smoothing=0.000
D step=3/5 epoch=2/3 loss=0.3277 l2=0.2000 label_smoothing=0.000
D step=3/5 epoch=3/3 loss=0.3273 l2=0.2000 label_smoothing=0.000
D step=4/5 epoch=1/3 loss=0.3321 l2=0.2000 label_smoothing=0.000
D step=4/5 epoch=2/3 loss=0.3283 l2=0.2000 label_smoothing=0.000
D step=4/5 epoch=3/3 loss=0.3285 l2=0.2000 label_smoothing=0.000
D step=5/5 epoch=1/3 loss=0.3402 l2=0.2000 label_smoothing=0.000
D step=5/5 epoch=2/3 loss=0.3344 l2=0.2000 label_smoothing=0.000
D step=5/5 epoch=3/3 loss=0.3329 l2=0.2000 label_smoothing=0.000
ADV epoch=55/60 g_loss=0.0343 d_loss=0.3331 reward=0.2044 reward_var=0.0039 unique=0.6200
D step=1/5 epoch=1/3 loss=0.3414 l2=0.2000 label_smoothing=0.000
D step=1/5 epoch=2/3 loss=0.3341 l2=0.2000 label_smoothing=0.000
D step=1/5 epoch=3/3 loss=0.3340 l2=0.2000 label_smoothing=0.000
D step=2/5 epoch=1/3 loss=0.3359 l2=0.2000 label_smoothing=0.000
D step=2/5 epoch=2/3 loss=0.3339 l2=0.2000 label_smoothing=0.000
D step=2/5 epoch=3/3 loss=0.3303 l2=0.2000 label_smoothing=0.000
D step=3/5 epoch=1/3 loss=0.3393 l2=0.2000 label_smoothing=0.000
D step=3/5 epoch=2/3 loss=0.3337 l2=0.2000 label_smoothing=0.000
D step=3/5 epoch=3/3 loss=0.3341 l2=0.2000 label_smoothing=0.000
D step=4/5 epoch=1/3 loss=0.3419 l2=0.2000 label_smoothing=0.000
D step=4/5 epoch=2/3 loss=0.3354 l2=0.2000 label_smoothing=0.000
D step=4/5 epoch=3/3 loss=0.3324 l2=0.2000 label_smoothing=0.000
D step=5/5 epoch=1/3 loss=0.3325 l2=0.2000 label_smoothing=0.000
D step=5/5 epoch=2/3 loss=0.3285 l2=0.2000 label_smoothing=0.000
D step=5/5 epoch=3/3 loss=0.3281 l2=0.2000 label_smoothing=0.000
ADV epoch=56/60 g_loss=0.0378 d_loss=0.3344 reward=0.2266 reward_var=0.0070 unique=0.4400
D step=1/5 epoch=1/3 loss=0.3336 l2=0.2000 label_smoothing=0.000
D step=1/5 epoch=2/3 loss=0.3264 l2=0.2000 label_smoothing=0.000
D step=1/5 epoch=3/3 loss=0.3274 l2=0.2000 label_smoothing=0.000
D step=2/5 epoch=1/3 loss=0.3400 l2=0.2000 label_smoothing=0.000
D step=2/5 epoch=2/3 loss=0.3340 l2=0.2000 label_smoothing=0.000
D step=2/5 epoch=3/3 loss=0.3308 l2=0.2000 label_smoothing=0.000
D step=3/5 epoch=1/3 loss=0.3430 l2=0.2000 label_smoothing=0.000
D step=3/5 epoch=2/3 loss=0.3357 l2=0.2000 label_smoothing=0.000
D step=3/5 epoch=3/3 loss=0.3330 l2=0.2000 label_smoothing=0.000
D step=4/5 epoch=1/3 loss=0.3460 l2=0.2000 label_smoothing=0.000
D step=4/5 epoch=2/3 loss=0.3403 l2=0.2000 label_smoothing=0.000
D step=4/5 epoch=3/3 loss=0.3354 l2=0.2000 label_smoothing=0.000
D step=5/5 epoch=1/3 loss=0.3375 l2=0.2000 label_smoothing=0.000
D step=5/5 epoch=2/3 loss=0.3318 l2=0.2000 label_smoothing=0.000
D step=5/5 epoch=3/3 loss=0.3288 l2=0.2000 label_smoothing=0.000
ADV epoch=57/60 g_loss=0.0390 d_loss=0.3349 reward=0.2187 reward_var=0.0078 unique=0.5000
D step=1/5 epoch=1/3 loss=0.3351 l2=0.2000 label_smoothing=0.000
D step=1/5 epoch=2/3 loss=0.3301 l2=0.2000 label_smoothing=0.000
D step=1/5 epoch=3/3 loss=0.3326 l2=0.2000 label_smoothing=0.000
D step=2/5 epoch=1/3 loss=0.3375 l2=0.2000 label_smoothing=0.000
D step=2/5 epoch=2/3 loss=0.3332 l2=0.2000 label_smoothing=0.000
D step=2/5 epoch=3/3 loss=0.3317 l2=0.2000 label_smoothing=0.000
D step=3/5 epoch=1/3 loss=0.3353 l2=0.2000 label_smoothing=0.000
D step=3/5 epoch=2/3 loss=0.3368 l2=0.2000 label_smoothing=0.000
D step=3/5 epoch=3/3 loss=0.3308 l2=0.2000 label_smoothing=0.000
D step=4/5 epoch=1/3 loss=0.3399 l2=0.2000 label_smoothing=0.000
D step=4/5 epoch=2/3 loss=0.3365 l2=0.2000 label_smoothing=0.000
D step=4/5 epoch=3/3 loss=0.3296 l2=0.2000 label_smoothing=0.000
D step=5/5 epoch=1/3 loss=0.3431 l2=0.2000 label_smoothing=0.000
D step=5/5 epoch=2/3 loss=0.3387 l2=0.2000 label_smoothing=0.000
D step=5/5 epoch=3/3 loss=0.3357 l2=0.2000 label_smoothing=0.000
ADV epoch=58/60 g_loss=0.0408 d_loss=0.3351 reward=0.2334 reward_var=0.0057 unique=0.4400
D step=1/5 epoch=1/3 loss=0.3392 l2=0.2000 label_smoothing=0.000
D step=1/5 epoch=2/3 loss=0.3320 l2=0.2000 label_smoothing=0.000
D step=1/5 epoch=3/3 loss=0.3311 l2=0.2000 label_smoothing=0.000
D step=2/5 epoch=1/3 loss=0.3425 l2=0.2000 label_smoothing=0.000
D step=2/5 epoch=2/3 loss=0.3337 l2=0.2000 label_smoothing=0.000
D step=2/5 epoch=3/3 loss=0.3285 l2=0.2000 label_smoothing=0.000
D step=3/5 epoch=1/3 loss=0.3341 l2=0.2000 label_smoothing=0.000
D step=3/5 epoch=2/3 loss=0.3294 l2=0.2000 label_smoothing=0.000
D step=3/5 epoch=3/3 loss=0.3287 l2=0.2000 label_smoothing=0.000
D step=4/5 epoch=1/3 loss=0.3425 l2=0.2000 label_smoothing=0.000
D step=4/5 epoch=2/3 loss=0.3385 l2=0.2000 label_smoothing=0.000
D step=4/5 epoch=3/3 loss=0.3358 l2=0.2000 label_smoothing=0.000
D step=5/5 epoch=1/3 loss=0.3419 l2=0.2000 label_smoothing=0.000
D step=5/5 epoch=2/3 loss=0.3367 l2=0.2000 label_smoothing=0.000
D step=5/5 epoch=3/3 loss=0.3361 l2=0.2000 label_smoothing=0.000
ADV epoch=59/60 g_loss=0.0365 d_loss=0.3354 reward=0.2113 reward_var=0.0073 unique=0.4800
D step=1/5 epoch=1/3 loss=0.3324 l2=0.2000 label_smoothing=0.000
D step=1/5 epoch=2/3 loss=0.3256 l2=0.2000 label_smoothing=0.000
D step=1/5 epoch=3/3 loss=0.3248 l2=0.2000 label_smoothing=0.000
D step=2/5 epoch=1/3 loss=0.3409 l2=0.2000 label_smoothing=0.000
D step=2/5 epoch=2/3 loss=0.3317 l2=0.2000 label_smoothing=0.000
D step=2/5 epoch=3/3 loss=0.3317 l2=0.2000 label_smoothing=0.000
D step=3/5 epoch=1/3 loss=0.3337 l2=0.2000 label_smoothing=0.000
D step=3/5 epoch=2/3 loss=0.3311 l2=0.2000 label_smoothing=0.000
D step=3/5 epoch=3/3 loss=0.3292 l2=0.2000 label_smoothing=0.000
D step=4/5 epoch=1/3 loss=0.3313 l2=0.2000 label_smoothing=0.000
D step=4/5 epoch=2/3 loss=0.3316 l2=0.2000 label_smoothing=0.000
D step=4/5 epoch=3/3 loss=0.3284 l2=0.2000 label_smoothing=0.000
D step=5/5 epoch=1/3 loss=0.3395 l2=0.2000 label_smoothing=0.000
D step=5/5 epoch=2/3 loss=0.3291 l2=0.2000 label_smoothing=0.000
D step=5/5 epoch=3/3 loss=0.3272 l2=0.2000 label_smoothing=0.000
ADV epoch=60/60 g_loss=0.0406 d_loss=0.3312 reward=0.2221 reward_var=0.0088 unique=0.4400
saved 500 raw samples to /content/drive/MyDrive/GAN/GAN_SQLi_Colab/results_seqgan_phase2b_phase3/phase2b/seqgan_master/boolean/D/R10/generated_payloads.csv
