{
  "metric_schema_version": "quality-metrics-v3",
  "normalization_version": "nfkc_html_percent1_casefold_ws_quotes_v1",
  "seed": 88,
  "method": "ctgan",
  "family": "time",
  "scenario": "A",
  "ratio": "200",
  "generation_kind": "retrieval",
  "schema_valid": true,
  "stop_reason": "n/a",
  "n_generated": 2000,
  "unique_rate": 0.037,
  "normalized_unique_rate": 0.037,
  "duplicate_rate": 0.963,
  "model_collapse_rate": 0.963,
  "dominant_payload_share": 0.099,
  "normalized_dominant_payload_share": 0.099,
  "sql_parse_rate": 1.0,
  "sql_structure_rate": 0.9995,
  "family_motif_coverage": 0.8,
  "family_motif_hit_rate": 0.9995,
  "garbage_rate": 0.0004999999999999449,
  "wellformed_rate": 1.0,
  "shaped_rate": 0.9995,
  "family_motif_coverage_by_family": {
    "time": 0.8
  },
  "family_motif_hit_rate_by_family": {
    "time": 0.9995
  },
  "inferred_family_distribution": {
    "boolean": 0.0,
    "union": 0.0,
    "time": 0.9995,
    "error": 0.0,
    "other": 0.0005
  },
  "train_reference_count": 78,
  "holdout_reference_count": 296,
  "exact_input_overlap": 1.0,
  "normalized_input_overlap": 1.0,
  "holdout_overlap": 0.0,
  "normalized_holdout_overlap": 0.0,
  "nearest_input_similarity_mean": 1.0,
  "nearest_input_similarity_median": 1.0,
  "nearest_input_similarity_p90": 1.0,
  "nearest_char3_jaccard_mean": 1.0,
  "nearest_char3_jaccard_median": 1.0,
  "nearest_char3_jaccard_p90": 1.0,
  "nearest_token_jaccard_mean": 1.0,
  "nearest_token_jaccard_median": 1.0,
  "nearest_token_jaccard_p90": 1.0,
  "nearest_edit_similarity_mean": 0.9988372093023257,
  "nearest_edit_similarity_median": 1.0,
  "nearest_edit_similarity_p90": 1.0,
  "nearest_feature_cosine_mean": 0.9999520461355201,
  "nearest_feature_cosine_median": 1.0,
  "nearest_feature_cosine_p90": 1.0000000000000002,
  "nearest_input_distance_mean": 0.0,
  "nearest_input_distance_median": 0.0,
  "nearest_input_distance_p90": 0.0,
  "mean_nearest_similarity": 1.0,
  "median_nearest_similarity": 1.0,
  "p90_nearest_similarity": 1.0,
  "unique_nearest_payload_rate": 0.0365,
  "dominant_retrieved_payload_share": 0.099,
  "nearest_reference_count": 78,
  "distinct_1": 0.005082800459091655,
  "distinct_2": 0.012770137524557957,
  "distinct_3": 0.017289513640593623,
  "lexical_diversity": 0.005082800459091655,
  "character_diversity": 0.7994714868140351,
  "token_diversity": 0.6967742558379302,
  "keyword_diversity": 0.9369114879270549,
  "operator_diversity": 0.449115538624119,
  "function_diversity": 0.7429338316044534,
  "comment_style_diversity": 0.6666666666666666,
  "length_zone_diversity": 1.0,
  "self_bleu": 0.9968448870651716,
  "self_bleu_char": 0.9968448870651716,
  "requested_count": 2000,
  "generated_count_fraction": 1.0
}
