
[1/3] pretrain G
G epoch=1/15 loss=4.3357
G epoch=2/15 loss=3.4230
G epoch=3/15 loss=2.8059
G epoch=4/15 loss=2.6130
G epoch=5/15 loss=2.4217
G epoch=6/15 loss=2.2220
G epoch=7/15 loss=2.0941
G epoch=8/15 loss=1.9939
G epoch=9/15 loss=1.8456
G epoch=10/15 loss=1.7592
G epoch=11/15 loss=1.6604
G epoch=12/15 loss=1.5583
G epoch=13/15 loss=1.4852
G epoch=14/15 loss=1.4205
G epoch=15/15 loss=1.3492

[2/3] pretrain D
D step=1/8 epoch=1/2 loss=0.8952 l2=0.2000 label_smoothing=0.000
D step=1/8 epoch=2/2 loss=0.6851 l2=0.2000 label_smoothing=0.000
D step=2/8 epoch=1/2 loss=0.5598 l2=0.2000 label_smoothing=0.000
D step=2/8 epoch=2/2 loss=0.4569 l2=0.2000 label_smoothing=0.000
D step=3/8 epoch=1/2 loss=0.3721 l2=0.2000 label_smoothing=0.000
D step=3/8 epoch=2/2 loss=0.2819 l2=0.2000 label_smoothing=0.000
D step=4/8 epoch=1/2 loss=0.2336 l2=0.2000 label_smoothing=0.000
D step=4/8 epoch=2/2 loss=0.1843 l2=0.2000 label_smoothing=0.000
D step=5/8 epoch=1/2 loss=0.1466 l2=0.2000 label_smoothing=0.000
D step=5/8 epoch=2/2 loss=0.1270 l2=0.2000 label_smoothing=0.000
D step=6/8 epoch=1/2 loss=0.1169 l2=0.2000 label_smoothing=0.000
D step=6/8 epoch=2/2 loss=0.1061 l2=0.2000 label_smoothing=0.000
D step=7/8 epoch=1/2 loss=0.0971 l2=0.2000 label_smoothing=0.000
D step=7/8 epoch=2/2 loss=0.0920 l2=0.2000 label_smoothing=0.000
D step=8/8 epoch=1/2 loss=0.0931 l2=0.2000 label_smoothing=0.000
D step=8/8 epoch=2/2 loss=0.0841 l2=0.2000 label_smoothing=0.000

[3/3] adversarial
generator_reward_mode=off reward_alpha=1.000 d_steps=3 d_epochs=1
D step=1/3 epoch=1/1 loss=0.0842 l2=0.2000 label_smoothing=0.000
D step=2/3 epoch=1/1 loss=0.0713 l2=0.2000 label_smoothing=0.000
D step=3/3 epoch=1/1 loss=0.0665 l2=0.2000 label_smoothing=0.000
ADV epoch=1/6 g_loss=0.0216 d_loss=0.0740 reward=0.0158 reward_var=0.0016 unique=1.0000
D step=1/3 epoch=1/1 loss=0.0647 l2=0.2000 label_smoothing=0.000
D step=2/3 epoch=1/1 loss=0.0659 l2=0.2000 label_smoothing=0.000
D step=3/3 epoch=1/1 loss=0.0602 l2=0.2000 label_smoothing=0.000
ADV epoch=2/6 g_loss=0.0084 d_loss=0.0636 reward=0.0063 reward_var=0.0007 unique=1.0000
D step=1/3 epoch=1/1 loss=0.0596 l2=0.2000 label_smoothing=0.000
D step=2/3 epoch=1/1 loss=0.0617 l2=0.2000 label_smoothing=0.000
D step=3/3 epoch=1/1 loss=0.0534 l2=0.2000 label_smoothing=0.000
ADV epoch=3/6 g_loss=0.0057 d_loss=0.0583 reward=0.0044 reward_var=0.0005 unique=1.0000
saved 200 raw samples to /content/drive/MyDrive/GAN/GAN_SQLi_Colab/results_seqgan_only_mini/phase2a/seqgan_master/error/B/R50/generated_payloads.csv
