
[1/3] pretrain G
G epoch=1/80 loss=5.6375
G epoch=2/80 loss=5.5490
G epoch=3/80 loss=5.4623
G epoch=4/80 loss=5.3521
G epoch=5/80 loss=5.1923
G epoch=6/80 loss=4.9829
G epoch=7/80 loss=4.7173
G epoch=8/80 loss=4.4478
G epoch=9/80 loss=4.1948
G epoch=10/80 loss=4.0189
G epoch=11/80 loss=3.9219
G epoch=12/80 loss=3.8419
G epoch=13/80 loss=3.8079
G epoch=14/80 loss=3.7423
G epoch=15/80 loss=3.6936
G epoch=16/80 loss=3.6635
G epoch=17/80 loss=3.6560
G epoch=18/80 loss=3.5602
G epoch=19/80 loss=3.5532
G epoch=20/80 loss=3.5037
G epoch=21/80 loss=3.4048
G epoch=22/80 loss=3.4224
G epoch=23/80 loss=3.3170
G epoch=24/80 loss=3.3014
G epoch=25/80 loss=3.2255
G epoch=26/80 loss=3.1633
G epoch=27/80 loss=3.2282
G epoch=28/80 loss=3.1305
G epoch=29/80 loss=3.0683
G epoch=30/80 loss=3.0130
G epoch=31/80 loss=2.9437
G epoch=32/80 loss=2.9291
G epoch=33/80 loss=2.9109
G epoch=34/80 loss=2.8274
G epoch=35/80 loss=2.8115
G epoch=36/80 loss=2.7768
G epoch=37/80 loss=2.7070
G epoch=38/80 loss=2.7082
G epoch=39/80 loss=2.6553
G epoch=40/80 loss=2.5987
G epoch=41/80 loss=2.5627
G epoch=42/80 loss=2.5782
G epoch=43/80 loss=2.4821
G epoch=44/80 loss=2.4680
G epoch=45/80 loss=2.4332
G epoch=46/80 loss=2.3981
G epoch=47/80 loss=2.3465
G epoch=48/80 loss=2.2959
G epoch=49/80 loss=2.2608
G epoch=50/80 loss=2.2431
G epoch=51/80 loss=2.2477
G epoch=52/80 loss=2.2018
G epoch=53/80 loss=2.1848
G epoch=54/80 loss=2.1478
G epoch=55/80 loss=2.0898
G epoch=56/80 loss=2.0845
G epoch=57/80 loss=2.0536
G epoch=58/80 loss=2.0698
G epoch=59/80 loss=2.0314
G epoch=60/80 loss=1.9728
G epoch=61/80 loss=1.9370
G epoch=62/80 loss=1.9203
G epoch=63/80 loss=1.9220
G epoch=64/80 loss=1.9044
G epoch=65/80 loss=1.8766
G epoch=66/80 loss=1.8787
G epoch=67/80 loss=1.8463
G epoch=68/80 loss=1.7824
G epoch=69/80 loss=1.7929
G epoch=70/80 loss=1.7841
G epoch=71/80 loss=1.7833
G epoch=72/80 loss=1.7693
G epoch=73/80 loss=1.7637
G epoch=74/80 loss=1.7286
G epoch=75/80 loss=1.6470
G epoch=76/80 loss=1.7247
G epoch=77/80 loss=1.6761
G epoch=78/80 loss=1.6291
G epoch=79/80 loss=1.6465
G epoch=80/80 loss=1.5908

[2/3] pretrain D
D step=1/30 epoch=1/3 loss=0.7853 l2=0.2000 label_smoothing=0.050
D step=1/30 epoch=2/3 loss=0.7209 l2=0.2000 label_smoothing=0.050
D step=1/30 epoch=3/3 loss=0.7317 l2=0.2000 label_smoothing=0.050
D step=2/30 epoch=1/3 loss=0.6963 l2=0.2000 label_smoothing=0.050
D step=2/30 epoch=2/3 loss=0.7020 l2=0.2000 label_smoothing=0.050
D step=2/30 epoch=3/3 loss=0.6599 l2=0.2000 label_smoothing=0.050
D step=3/30 epoch=1/3 loss=0.6704 l2=0.2000 label_smoothing=0.050
D step=3/30 epoch=2/3 loss=0.6452 l2=0.2000 label_smoothing=0.050
D step=3/30 epoch=3/3 loss=0.6201 l2=0.2000 label_smoothing=0.050
D step=4/30 epoch=1/3 loss=0.6267 l2=0.2000 label_smoothing=0.050
D step=4/30 epoch=2/3 loss=0.6051 l2=0.2000 label_smoothing=0.050
D step=4/30 epoch=3/3 loss=0.5686 l2=0.2000 label_smoothing=0.050
D step=5/30 epoch=1/3 loss=0.5618 l2=0.2000 label_smoothing=0.050
D step=5/30 epoch=2/3 loss=0.5671 l2=0.2000 label_smoothing=0.050
D step=5/30 epoch=3/3 loss=0.5206 l2=0.2000 label_smoothing=0.050
D step=6/30 epoch=1/3 loss=0.5243 l2=0.2000 label_smoothing=0.050
D step=6/30 epoch=2/3 loss=0.5474 l2=0.2000 label_smoothing=0.050
D step=6/30 epoch=3/3 loss=0.5204 l2=0.2000 label_smoothing=0.050
D step=7/30 epoch=1/3 loss=0.4962 l2=0.2000 label_smoothing=0.050
D step=7/30 epoch=2/3 loss=0.4755 l2=0.2000 label_smoothing=0.050
D step=7/30 epoch=3/3 loss=0.4587 l2=0.2000 label_smoothing=0.050
D step=8/30 epoch=1/3 loss=0.4806 l2=0.2000 label_smoothing=0.050
D step=8/30 epoch=2/3 loss=0.4506 l2=0.2000 label_smoothing=0.050
D step=8/30 epoch=3/3 loss=0.4459 l2=0.2000 label_smoothing=0.050
D step=9/30 epoch=1/3 loss=0.4337 l2=0.2000 label_smoothing=0.050
D step=9/30 epoch=2/3 loss=0.4178 l2=0.2000 label_smoothing=0.050
D step=9/30 epoch=3/3 loss=0.3992 l2=0.2000 label_smoothing=0.050
D step=10/30 epoch=1/3 loss=0.4135 l2=0.2000 label_smoothing=0.050
D step=10/30 epoch=2/3 loss=0.4044 l2=0.2000 label_smoothing=0.050
D step=10/30 epoch=3/3 loss=0.3956 l2=0.2000 label_smoothing=0.050
D step=11/30 epoch=1/3 loss=0.3824 l2=0.2000 label_smoothing=0.050
D step=11/30 epoch=2/3 loss=0.3712 l2=0.2000 label_smoothing=0.050
D step=11/30 epoch=3/3 loss=0.3672 l2=0.2000 label_smoothing=0.050
D step=12/30 epoch=1/3 loss=0.3660 l2=0.2000 label_smoothing=0.050
D step=12/30 epoch=2/3 loss=0.3485 l2=0.2000 label_smoothing=0.050
D step=12/30 epoch=3/3 loss=0.3346 l2=0.2000 label_smoothing=0.050
D step=13/30 epoch=1/3 loss=0.3219 l2=0.2000 label_smoothing=0.050
D step=13/30 epoch=2/3 loss=0.3140 l2=0.2000 label_smoothing=0.050
D step=13/30 epoch=3/3 loss=0.3077 l2=0.2000 label_smoothing=0.050
D step=14/30 epoch=1/3 loss=0.3024 l2=0.2000 label_smoothing=0.050
D step=14/30 epoch=2/3 loss=0.2855 l2=0.2000 label_smoothing=0.050
D step=14/30 epoch=3/3 loss=0.2884 l2=0.2000 label_smoothing=0.050
D step=15/30 epoch=1/3 loss=0.2954 l2=0.2000 label_smoothing=0.050
D step=15/30 epoch=2/3 loss=0.2919 l2=0.2000 label_smoothing=0.050
D step=15/30 epoch=3/3 loss=0.2845 l2=0.2000 label_smoothing=0.050
D step=16/30 epoch=1/3 loss=0.2888 l2=0.2000 label_smoothing=0.050
D step=16/30 epoch=2/3 loss=0.2787 l2=0.2000 label_smoothing=0.050
D step=16/30 epoch=3/3 loss=0.2833 l2=0.2000 label_smoothing=0.050
D step=17/30 epoch=1/3 loss=0.2577 l2=0.2000 label_smoothing=0.050
D step=17/30 epoch=2/3 loss=0.2484 l2=0.2000 label_smoothing=0.050
D step=17/30 epoch=3/3 loss=0.2490 l2=0.2000 label_smoothing=0.050
D step=18/30 epoch=1/3 loss=0.2535 l2=0.2000 label_smoothing=0.050
D step=18/30 epoch=2/3 loss=0.2502 l2=0.2000 label_smoothing=0.050
D step=18/30 epoch=3/3 loss=0.2484 l2=0.2000 label_smoothing=0.050
D step=19/30 epoch=1/3 loss=0.2471 l2=0.2000 label_smoothing=0.050
D step=19/30 epoch=2/3 loss=0.2426 l2=0.2000 label_smoothing=0.050
D step=19/30 epoch=3/3 loss=0.2399 l2=0.2000 label_smoothing=0.050
D step=20/30 epoch=1/3 loss=0.2372 l2=0.2000 label_smoothing=0.050
D step=20/30 epoch=2/3 loss=0.2363 l2=0.2000 label_smoothing=0.050
D step=20/30 epoch=3/3 loss=0.2368 l2=0.2000 label_smoothing=0.050
D step=21/30 epoch=1/3 loss=0.2255 l2=0.2000 label_smoothing=0.050
D step=21/30 epoch=2/3 loss=0.2200 l2=0.2000 label_smoothing=0.050
D step=21/30 epoch=3/3 loss=0.2152 l2=0.2000 label_smoothing=0.050
D step=22/30 epoch=1/3 loss=0.2303 l2=0.2000 label_smoothing=0.050
D step=22/30 epoch=2/3 loss=0.2324 l2=0.2000 label_smoothing=0.050
D step=22/30 epoch=3/3 loss=0.2246 l2=0.2000 label_smoothing=0.050
D step=23/30 epoch=1/3 loss=0.2490 l2=0.2000 label_smoothing=0.050
D step=23/30 epoch=2/3 loss=0.2461 l2=0.2000 label_smoothing=0.050
D step=23/30 epoch=3/3 loss=0.2429 l2=0.2000 label_smoothing=0.050
D step=24/30 epoch=1/3 loss=0.2313 l2=0.2000 label_smoothing=0.050
D step=24/30 epoch=2/3 loss=0.2322 l2=0.2000 label_smoothing=0.050
D step=24/30 epoch=3/3 loss=0.2317 l2=0.2000 label_smoothing=0.050
D step=25/30 epoch=1/3 loss=0.2357 l2=0.2000 label_smoothing=0.050
D step=25/30 epoch=2/3 loss=0.2328 l2=0.2000 label_smoothing=0.050
D step=25/30 epoch=3/3 loss=0.2331 l2=0.2000 label_smoothing=0.050
D step=26/30 epoch=1/3 loss=0.2216 l2=0.2000 label_smoothing=0.050
D step=26/30 epoch=2/3 loss=0.2208 l2=0.2000 label_smoothing=0.050
D step=26/30 epoch=3/3 loss=0.2207 l2=0.2000 label_smoothing=0.050
D step=27/30 epoch=1/3 loss=0.2200 l2=0.2000 label_smoothing=0.050
D step=27/30 epoch=2/3 loss=0.2161 l2=0.2000 label_smoothing=0.050
D step=27/30 epoch=3/3 loss=0.2150 l2=0.2000 label_smoothing=0.050
D step=28/30 epoch=1/3 loss=0.2133 l2=0.2000 label_smoothing=0.050
D step=28/30 epoch=2/3 loss=0.2120 l2=0.2000 label_smoothing=0.050
D step=28/30 epoch=3/3 loss=0.2088 l2=0.2000 label_smoothing=0.050
D step=29/30 epoch=1/3 loss=0.2145 l2=0.2000 label_smoothing=0.050
D step=29/30 epoch=2/3 loss=0.2170 l2=0.2000 label_smoothing=0.050
D step=29/30 epoch=3/3 loss=0.2134 l2=0.2000 label_smoothing=0.050
D step=30/30 epoch=1/3 loss=0.2080 l2=0.2000 label_smoothing=0.050
D step=30/30 epoch=2/3 loss=0.2054 l2=0.2000 label_smoothing=0.050
D step=30/30 epoch=3/3 loss=0.2039 l2=0.2000 label_smoothing=0.050

[3/3] adversarial
generator_reward_mode=on reward_alpha=0.700 d_steps=5 d_epochs=3
D step=1/5 epoch=1/3 loss=0.2134 l2=0.2000 label_smoothing=0.050
D step=1/5 epoch=2/3 loss=0.2073 l2=0.2000 label_smoothing=0.050
D step=1/5 epoch=3/3 loss=0.2015 l2=0.2000 label_smoothing=0.050
D step=2/5 epoch=1/3 loss=0.2028 l2=0.2000 label_smoothing=0.050
D step=2/5 epoch=2/3 loss=0.1998 l2=0.2000 label_smoothing=0.050
D step=2/5 epoch=3/3 loss=0.1961 l2=0.2000 label_smoothing=0.050
D step=3/5 epoch=1/3 loss=0.1956 l2=0.2000 label_smoothing=0.050
D step=3/5 epoch=2/3 loss=0.1930 l2=0.2000 label_smoothing=0.050
D step=3/5 epoch=3/3 loss=0.1915 l2=0.2000 label_smoothing=0.050
D step=4/5 epoch=1/3 loss=0.1926 l2=0.2000 label_smoothing=0.050
D step=4/5 epoch=2/3 loss=0.1930 l2=0.2000 label_smoothing=0.050
D step=4/5 epoch=3/3 loss=0.1906 l2=0.2000 label_smoothing=0.050
D step=5/5 epoch=1/3 loss=0.2009 l2=0.2000 label_smoothing=0.050
D step=5/5 epoch=2/3 loss=0.2000 l2=0.2000 label_smoothing=0.050
D step=5/5 epoch=3/3 loss=0.1974 l2=0.2000 label_smoothing=0.050
ADV epoch=1/60 g_loss=0.5930 d_loss=0.1984 reward=0.2451 reward_var=0.0099 unique=1.0000
D step=1/5 epoch=1/3 loss=0.2049 l2=0.2000 label_smoothing=0.050
D step=1/5 epoch=2/3 loss=0.1965 l2=0.2000 label_smoothing=0.050
D step=1/5 epoch=3/3 loss=0.1925 l2=0.2000 label_smoothing=0.050
D step=2/5 epoch=1/3 loss=0.1814 l2=0.2000 label_smoothing=0.050
D step=2/5 epoch=2/3 loss=0.1816 l2=0.2000 label_smoothing=0.050
D step=2/5 epoch=3/3 loss=0.1807 l2=0.2000 label_smoothing=0.050
D step=3/5 epoch=1/3 loss=0.1920 l2=0.2000 label_smoothing=0.050
D step=3/5 epoch=2/3 loss=0.1895 l2=0.2000 label_smoothing=0.050
D step=3/5 epoch=3/3 loss=0.1900 l2=0.2000 label_smoothing=0.050
D step=4/5 epoch=1/3 loss=0.2014 l2=0.2000 label_smoothing=0.050
D step=4/5 epoch=2/3 loss=0.1972 l2=0.2000 label_smoothing=0.050
D step=4/5 epoch=3/3 loss=0.1972 l2=0.2000 label_smoothing=0.050
D step=5/5 epoch=1/3 loss=0.1802 l2=0.2000 label_smoothing=0.050
D step=5/5 epoch=2/3 loss=0.1794 l2=0.2000 label_smoothing=0.050
D step=5/5 epoch=3/3 loss=0.1795 l2=0.2000 label_smoothing=0.050
ADV epoch=2/60 g_loss=0.6356 d_loss=0.1896 reward=0.2664 reward_var=0.0062 unique=1.0000
D step=1/5 epoch=1/3 loss=0.1750 l2=0.2000 label_smoothing=0.050
D step=1/5 epoch=2/3 loss=0.1761 l2=0.2000 label_smoothing=0.050
D step=1/5 epoch=3/3 loss=0.1709 l2=0.2000 label_smoothing=0.050
D step=2/5 epoch=1/3 loss=0.1827 l2=0.2000 label_smoothing=0.050
D step=2/5 epoch=2/3 loss=0.1773 l2=0.2000 label_smoothing=0.050
D step=2/5 epoch=3/3 loss=0.1775 l2=0.2000 label_smoothing=0.050
D step=3/5 epoch=1/3 loss=0.1801 l2=0.2000 label_smoothing=0.050
D step=3/5 epoch=2/3 loss=0.1818 l2=0.2000 label_smoothing=0.050
D step=3/5 epoch=3/3 loss=0.1768 l2=0.2000 label_smoothing=0.050
D step=4/5 epoch=1/3 loss=0.1743 l2=0.2000 label_smoothing=0.050
D step=4/5 epoch=2/3 loss=0.1757 l2=0.2000 label_smoothing=0.050
D step=4/5 epoch=3/3 loss=0.1723 l2=0.2000 label_smoothing=0.050
D step=5/5 epoch=1/3 loss=0.1789 l2=0.2000 label_smoothing=0.050
D step=5/5 epoch=2/3 loss=0.1804 l2=0.2000 label_smoothing=0.050
D step=5/5 epoch=3/3 loss=0.1777 l2=0.2000 label_smoothing=0.050
ADV epoch=3/60 g_loss=0.6728 d_loss=0.1772 reward=0.2962 reward_var=0.0050 unique=1.0000
saved 500 raw samples to /content/drive/MyDrive/GAN/GAN_SQLi_Colab/results_seqgan_phase2b_phase3/phase3/seqgan_improved/boolean/D/R200/V8/generated_payloads.csv
