
[1/3] pretrain G
G epoch=1/15 loss=4.3470
G epoch=2/15 loss=3.4711
G epoch=3/15 loss=2.6448
G epoch=4/15 loss=2.2202
G epoch=5/15 loss=1.8941
G epoch=6/15 loss=1.6502
G epoch=7/15 loss=1.4324
G epoch=8/15 loss=1.2905
G epoch=9/15 loss=1.1520
G epoch=10/15 loss=1.0652
G epoch=11/15 loss=0.9728
G epoch=12/15 loss=0.8970
G epoch=13/15 loss=0.8719
G epoch=14/15 loss=0.8401
G epoch=15/15 loss=0.8056

[2/3] pretrain D
D step=1/8 epoch=1/2 loss=0.8591 l2=0.2000 label_smoothing=0.000
D step=1/8 epoch=2/2 loss=0.7159 l2=0.2000 label_smoothing=0.000
D step=2/8 epoch=1/2 loss=0.5982 l2=0.2000 label_smoothing=0.000
D step=2/8 epoch=2/2 loss=0.5275 l2=0.2000 label_smoothing=0.000
D step=3/8 epoch=1/2 loss=0.4474 l2=0.2000 label_smoothing=0.000
D step=3/8 epoch=2/2 loss=0.3801 l2=0.2000 label_smoothing=0.000
D step=4/8 epoch=1/2 loss=0.3734 l2=0.2000 label_smoothing=0.000
D step=4/8 epoch=2/2 loss=0.3313 l2=0.2000 label_smoothing=0.000
D step=5/8 epoch=1/2 loss=0.2885 l2=0.2000 label_smoothing=0.000
D step=5/8 epoch=2/2 loss=0.2407 l2=0.2000 label_smoothing=0.000
D step=6/8 epoch=1/2 loss=0.2403 l2=0.2000 label_smoothing=0.000
D step=6/8 epoch=2/2 loss=0.2604 l2=0.2000 label_smoothing=0.000
D step=7/8 epoch=1/2 loss=0.2271 l2=0.2000 label_smoothing=0.000
D step=7/8 epoch=2/2 loss=0.1982 l2=0.2000 label_smoothing=0.000
D step=8/8 epoch=1/2 loss=0.1746 l2=0.2000 label_smoothing=0.000
D step=8/8 epoch=2/2 loss=0.1599 l2=0.2000 label_smoothing=0.000

[3/3] adversarial
generator_reward_mode=off reward_alpha=1.000 d_steps=3 d_epochs=1
D step=1/3 epoch=1/1 loss=0.1909 l2=0.2000 label_smoothing=0.000
D step=2/3 epoch=1/1 loss=0.1899 l2=0.2000 label_smoothing=0.000
D step=3/3 epoch=1/1 loss=0.1733 l2=0.2000 label_smoothing=0.000
ADV epoch=1/6 g_loss=0.0703 d_loss=0.1847 reward=0.0753 reward_var=0.0165 unique=1.0000
D step=1/3 epoch=1/1 loss=0.1363 l2=0.2000 label_smoothing=0.000
D step=2/3 epoch=1/1 loss=0.1453 l2=0.2000 label_smoothing=0.000
D step=3/3 epoch=1/1 loss=0.1544 l2=0.2000 label_smoothing=0.000
ADV epoch=2/6 g_loss=0.0779 d_loss=0.1454 reward=0.0908 reward_var=0.0268 unique=1.0000
D step=1/3 epoch=1/1 loss=0.1490 l2=0.2000 label_smoothing=0.000
D step=2/3 epoch=1/1 loss=0.1352 l2=0.2000 label_smoothing=0.000
D step=3/3 epoch=1/1 loss=0.1247 l2=0.2000 label_smoothing=0.000
ADV epoch=3/6 g_loss=0.0658 d_loss=0.1363 reward=0.0759 reward_var=0.0232 unique=1.0000
D step=1/3 epoch=1/1 loss=0.1165 l2=0.2000 label_smoothing=0.000
D step=2/3 epoch=1/1 loss=0.1261 l2=0.2000 label_smoothing=0.000
D step=3/3 epoch=1/1 loss=0.1078 l2=0.2000 label_smoothing=0.000
ADV epoch=4/6 g_loss=0.0506 d_loss=0.1168 reward=0.0628 reward_var=0.0191 unique=1.0000
D step=1/3 epoch=1/1 loss=0.1347 l2=0.2000 label_smoothing=0.000
D step=2/3 epoch=1/1 loss=0.1504 l2=0.2000 label_smoothing=0.000
D step=3/3 epoch=1/1 loss=0.1175 l2=0.2000 label_smoothing=0.000
ADV epoch=5/6 g_loss=0.0216 d_loss=0.1342 reward=0.0265 reward_var=0.0053 unique=1.0000
D step=1/3 epoch=1/1 loss=0.1170 l2=0.2000 label_smoothing=0.000
D step=2/3 epoch=1/1 loss=0.1245 l2=0.2000 label_smoothing=0.000
D step=3/3 epoch=1/1 loss=0.1316 l2=0.2000 label_smoothing=0.000
ADV epoch=6/6 g_loss=0.0283 d_loss=0.1244 reward=0.0298 reward_var=0.0061 unique=1.0000
saved 200 raw samples to /content/drive/MyDrive/GAN/GAN_SQLi_Colab/results_seqgan_only_mini/phase2a/seqgan_master/union/B/R50/generated_payloads.csv
