{
  "metric_schema_version": "quality-metrics-v3",
  "normalization_version": "nfkc_html_percent1_casefold_ws_quotes_v1",
  "seed": 88,
  "method": "ctgan",
  "family": "error",
  "scenario": "D",
  "ratio": "50",
  "generation_kind": "retrieval",
  "schema_valid": true,
  "stop_reason": "n/a",
  "n_generated": 200,
  "unique_rate": 0.405,
  "normalized_unique_rate": 0.405,
  "duplicate_rate": 0.595,
  "model_collapse_rate": 0.595,
  "dominant_payload_share": 0.085,
  "normalized_dominant_payload_share": 0.085,
  "sql_parse_rate": 1.0,
  "sql_structure_rate": 1.0,
  "family_motif_coverage": 0.625,
  "family_motif_hit_rate": 0.995,
  "garbage_rate": 0.0,
  "wellformed_rate": 1.0,
  "shaped_rate": 1.0,
  "family_motif_coverage_by_family": {
    "error": 0.625
  },
  "family_motif_hit_rate_by_family": {
    "error": 0.995
  },
  "inferred_family_distribution": {
    "boolean": 0.0,
    "union": 0.005,
    "time": 0.0,
    "error": 0.995,
    "other": 0.0
  },
  "train_reference_count": 312,
  "holdout_reference_count": 259,
  "exact_input_overlap": 1.0,
  "normalized_input_overlap": 1.0,
  "holdout_overlap": 0.0,
  "normalized_holdout_overlap": 0.0,
  "nearest_input_similarity_mean": 1.0,
  "nearest_input_similarity_median": 1.0,
  "nearest_input_similarity_p90": 1.0,
  "nearest_char3_jaccard_mean": 1.0,
  "nearest_char3_jaccard_median": 1.0,
  "nearest_char3_jaccard_p90": 1.0,
  "nearest_token_jaccard_mean": 1.0,
  "nearest_token_jaccard_median": 1.0,
  "nearest_token_jaccard_p90": 1.0,
  "nearest_edit_similarity_mean": 1.0,
  "nearest_edit_similarity_median": 1.0,
  "nearest_edit_similarity_p90": 1.0,
  "nearest_feature_cosine_mean": 1.0,
  "nearest_feature_cosine_median": 1.0,
  "nearest_feature_cosine_p90": 1.0000000000000002,
  "nearest_input_distance_mean": 0.0,
  "nearest_input_distance_median": 0.0,
  "nearest_input_distance_p90": 0.0,
  "mean_nearest_similarity": 1.0,
  "median_nearest_similarity": 1.0,
  "p90_nearest_similarity": 1.0,
  "unique_nearest_payload_rate": 0.405,
  "dominant_retrieved_payload_share": 0.085,
  "nearest_reference_count": 312,
  "distinct_1": 0.0426189005558987,
  "distinct_2": 0.10049388018037363,
  "distinct_3": 0.118914067758582,
  "lexical_diversity": 0.0426189005558987,
  "character_diversity": 0.8019029609961718,
  "token_diversity": 0.6944508320808401,
  "keyword_diversity": 0.8234967256833596,
  "operator_diversity": 0.6958121345769703,
  "function_diversity": 0.8503571212059157,
  "comment_style_diversity": 0.6666666666666666,
  "length_zone_diversity": 0.2,
  "self_bleu": 0.9660125050195509,
  "self_bleu_char": 0.9660125050195509,
  "requested_count": 200,
  "generated_count_fraction": 1.0
}
