{
  "metric_schema_version": "quality-metrics-v3",
  "normalization_version": "nfkc_html_percent1_casefold_ws_quotes_v1",
  "seed": 88,
  "method": "seqgan_improved",
  "family": "union",
  "scenario": "F",
  "ratio": "200",
  "generation_kind": "direct",
  "schema_valid": true,
  "stop_reason": "n/a",
  "n_generated": 498,
  "unique_rate": 0.8232931726907631,
  "normalized_unique_rate": 0.821285140562249,
  "duplicate_rate": 0.17670682730923692,
  "model_collapse_rate": 0.17670682730923692,
  "dominant_payload_share": 0.1606425702811245,
  "normalized_dominant_payload_share": 0.1606425702811245,
  "sql_parse_rate": 0.9959839357429718,
  "sql_structure_rate": 0.5883534136546185,
  "family_motif_coverage": 0.75,
  "family_motif_hit_rate": 0.13253012048192772,
  "garbage_rate": 0.41164658634538154,
  "wellformed_rate": 0.9959839357429718,
  "shaped_rate": 0.5883534136546185,
  "family_motif_coverage_by_family": {
    "union": 0.75
  },
  "family_motif_hit_rate_by_family": {
    "union": 0.13253012048192772
  },
  "inferred_family_distribution": {
    "boolean": 0.004016064257028112,
    "union": 0.13253012048192772,
    "time": 0.0,
    "error": 0.0,
    "other": 0.8634538152610441
  },
  "train_reference_count": 78,
  "holdout_reference_count": 419,
  "exact_input_overlap": 0.0,
  "normalized_input_overlap": 0.0,
  "holdout_overlap": 0.0,
  "normalized_holdout_overlap": 0.0,
  "nearest_input_similarity_mean": 0.14204422322823024,
  "nearest_input_similarity_median": 0.17021919879062736,
  "nearest_input_similarity_p90": 0.23866666666666667,
  "nearest_char3_jaccard_mean": 0.14204422322823024,
  "nearest_char3_jaccard_median": 0.17021919879062736,
  "nearest_char3_jaccard_p90": 0.23866666666666667,
  "nearest_token_jaccard_mean": 0.10073436434971486,
  "nearest_token_jaccard_median": 0.1,
  "nearest_token_jaccard_p90": 0.2,
  "nearest_edit_similarity_mean": 0.18144789033690692,
  "nearest_edit_similarity_median": 0.20512820512820518,
  "nearest_edit_similarity_p90": 0.2970276497695853,
  "nearest_feature_cosine_mean": 0.688156549601354,
  "nearest_feature_cosine_median": 0.8239824136771848,
  "nearest_feature_cosine_p90": 0.9449211549956865,
  "nearest_input_distance_mean": 0.8579557767717698,
  "nearest_input_distance_median": 0.8297808012093726,
  "nearest_input_distance_p90": 1.0,
  "mean_nearest_similarity": 0.14204422322823024,
  "median_nearest_similarity": 0.17021919879062736,
  "p90_nearest_similarity": 0.23866666666666667,
  "unique_nearest_payload_rate": 0.12048192771084337,
  "dominant_retrieved_payload_share": 0.20080321285140562,
  "nearest_reference_count": 78,
  "distinct_1": 0.3599696739954511,
  "distinct_2": 0.8317757009345794,
  "distinct_3": 0.9847314847314848,
  "lexical_diversity": 0.3599696739954511,
  "character_diversity": 0.7582470232533022,
  "token_diversity": 0.78121098853715,
  "keyword_diversity": 0.6890670430232989,
  "operator_diversity": 0.676181142860652,
  "function_diversity": 0.874455519987891,
  "comment_style_diversity": 0.6666666666666666,
  "length_zone_diversity": 0.8,
  "self_bleu": 0.6592114533911897,
  "self_bleu_char": 0.6592114533911897,
  "requested_count": 500,
  "generated_count_fraction": 0.996
}
