{
  "metric_schema_version": "quality-metrics-v3",
  "normalization_version": "nfkc_html_percent1_casefold_ws_quotes_v1",
  "seed": 88,
  "method": "smote",
  "family": "error",
  "scenario": "D",
  "ratio": "200",
  "generation_kind": "retrieval",
  "schema_valid": true,
  "stop_reason": "n/a",
  "n_generated": 500,
  "unique_rate": 0.15,
  "normalized_unique_rate": 0.15,
  "duplicate_rate": 0.85,
  "model_collapse_rate": 0.85,
  "dominant_payload_share": 0.038,
  "normalized_dominant_payload_share": 0.038,
  "sql_parse_rate": 1.0,
  "sql_structure_rate": 1.0,
  "family_motif_coverage": 0.625,
  "family_motif_hit_rate": 0.712,
  "garbage_rate": 0.0,
  "wellformed_rate": 1.0,
  "shaped_rate": 1.0,
  "family_motif_coverage_by_family": {
    "error": 0.625
  },
  "family_motif_hit_rate_by_family": {
    "error": 0.712
  },
  "inferred_family_distribution": {
    "boolean": 0.006,
    "union": 0.282,
    "time": 0.0,
    "error": 0.712,
    "other": 0.0
  },
  "train_reference_count": 78,
  "holdout_reference_count": 259,
  "exact_input_overlap": 1.0,
  "normalized_input_overlap": 1.0,
  "holdout_overlap": 0.0,
  "normalized_holdout_overlap": 0.0,
  "nearest_input_similarity_mean": 1.0,
  "nearest_input_similarity_median": 1.0,
  "nearest_input_similarity_p90": 1.0,
  "nearest_char3_jaccard_mean": 1.0,
  "nearest_char3_jaccard_median": 1.0,
  "nearest_char3_jaccard_p90": 1.0,
  "nearest_token_jaccard_mean": 1.0,
  "nearest_token_jaccard_median": 1.0,
  "nearest_token_jaccard_p90": 1.0,
  "nearest_edit_similarity_mean": 1.0,
  "nearest_edit_similarity_median": 1.0,
  "nearest_edit_similarity_p90": 1.0,
  "nearest_feature_cosine_mean": 1.0,
  "nearest_feature_cosine_median": 1.0,
  "nearest_feature_cosine_p90": 1.0000000000000002,
  "nearest_input_distance_mean": 0.0,
  "nearest_input_distance_median": 0.0,
  "nearest_input_distance_p90": 0.0,
  "mean_nearest_similarity": 1.0,
  "median_nearest_similarity": 1.0,
  "p90_nearest_similarity": 1.0,
  "unique_nearest_payload_rate": 0.15,
  "dominant_retrieved_payload_share": 0.038,
  "nearest_reference_count": 78,
  "distinct_1": 0.01215372823825687,
  "distinct_2": 0.028481368906900822,
  "distinct_3": 0.035039962932931774,
  "lexical_diversity": 0.01215372823825687,
  "character_diversity": 0.8052533818633631,
  "token_diversity": 0.6967335682986977,
  "keyword_diversity": 0.8158230153466627,
  "operator_diversity": 0.7238332968561897,
  "function_diversity": 0.8132276063998278,
  "comment_style_diversity": 0.6666666666666666,
  "length_zone_diversity": 0.2,
  "self_bleu": 0.9994308455245158,
  "self_bleu_char": 0.9994308455245158,
  "requested_count": 500,
  "generated_count_fraction": 1.0
}
