
[1/3] pretrain G
G epoch=1/60 loss=3.0272
G epoch=2/60 loss=2.0208
G epoch=3/60 loss=1.6196
G epoch=4/60 loss=1.3773
G epoch=5/60 loss=1.2294
G epoch=6/60 loss=1.1395
G epoch=7/60 loss=1.0688
G epoch=8/60 loss=1.0038
G epoch=9/60 loss=0.9536
G epoch=10/60 loss=0.9157
G epoch=11/60 loss=0.8835
G epoch=12/60 loss=0.8645
G epoch=13/60 loss=0.8379
G epoch=14/60 loss=0.8150
G epoch=15/60 loss=0.8018
G epoch=16/60 loss=0.7845
G epoch=17/60 loss=0.7710
G epoch=18/60 loss=0.7621
G epoch=19/60 loss=0.7560
G epoch=20/60 loss=0.7430
G epoch=21/60 loss=0.7346
G epoch=22/60 loss=0.7277
G epoch=23/60 loss=0.7257
G epoch=24/60 loss=0.7165
G epoch=25/60 loss=0.7108
G epoch=26/60 loss=0.7066
G epoch=27/60 loss=0.6967
G epoch=28/60 loss=0.6950
G epoch=29/60 loss=0.6889
G epoch=30/60 loss=0.6828
G epoch=31/60 loss=0.6779
G epoch=32/60 loss=0.6724
G epoch=33/60 loss=0.6859
G epoch=34/60 loss=0.7050
G epoch=35/60 loss=0.6684
G epoch=36/60 loss=0.6633
G epoch=37/60 loss=0.6599
G epoch=38/60 loss=0.6526
G epoch=39/60 loss=0.6487
G epoch=40/60 loss=0.6465
G epoch=41/60 loss=0.6430
G epoch=42/60 loss=0.6407
G epoch=43/60 loss=0.6385
G epoch=44/60 loss=0.6393
G epoch=45/60 loss=0.6341
G epoch=46/60 loss=0.6400
G epoch=47/60 loss=0.6377
G epoch=48/60 loss=0.6300
G epoch=49/60 loss=0.6251
G epoch=50/60 loss=0.6180
G epoch=51/60 loss=0.6197
G epoch=52/60 loss=0.6184
G epoch=53/60 loss=0.6172
G epoch=54/60 loss=0.6118
G epoch=55/60 loss=0.6152
G epoch=56/60 loss=0.6134
G epoch=57/60 loss=0.6105
G epoch=58/60 loss=0.6066
G epoch=59/60 loss=0.6073
G epoch=60/60 loss=0.6056

[2/3] pretrain D
D step=1/30 epoch=1/3 loss=0.7795 l2=0.2000 label_smoothing=0.000
D step=1/30 epoch=2/3 loss=0.7299 l2=0.2000 label_smoothing=0.000
D step=1/30 epoch=3/3 loss=0.7026 l2=0.2000 label_smoothing=0.000
D step=2/30 epoch=1/3 loss=0.6989 l2=0.2000 label_smoothing=0.000
D step=2/30 epoch=2/3 loss=0.6574 l2=0.2000 label_smoothing=0.000
D step=2/30 epoch=3/3 loss=0.6228 l2=0.2000 label_smoothing=0.000
D step=3/30 epoch=1/3 loss=0.6352 l2=0.2000 label_smoothing=0.000
D step=3/30 epoch=2/3 loss=0.5895 l2=0.2000 label_smoothing=0.000
D step=3/30 epoch=3/3 loss=0.5544 l2=0.2000 label_smoothing=0.000
D step=4/30 epoch=1/3 loss=0.5935 l2=0.2000 label_smoothing=0.000
D step=4/30 epoch=2/3 loss=0.5484 l2=0.2000 label_smoothing=0.000
D step=4/30 epoch=3/3 loss=0.5186 l2=0.2000 label_smoothing=0.000
D step=5/30 epoch=1/3 loss=0.5387 l2=0.2000 label_smoothing=0.000
D step=5/30 epoch=2/3 loss=0.4961 l2=0.2000 label_smoothing=0.000
D step=5/30 epoch=3/3 loss=0.4644 l2=0.2000 label_smoothing=0.000
D step=6/30 epoch=1/3 loss=0.5098 l2=0.2000 label_smoothing=0.000
D step=6/30 epoch=2/3 loss=0.4710 l2=0.2000 label_smoothing=0.000
D step=6/30 epoch=3/3 loss=0.4413 l2=0.2000 label_smoothing=0.000
D step=7/30 epoch=1/3 loss=0.4888 l2=0.2000 label_smoothing=0.000
D step=7/30 epoch=2/3 loss=0.4538 l2=0.2000 label_smoothing=0.000
D step=7/30 epoch=3/3 loss=0.4662 l2=0.2000 label_smoothing=0.000
D step=8/30 epoch=1/3 loss=0.4372 l2=0.2000 label_smoothing=0.000
D step=8/30 epoch=2/3 loss=0.4022 l2=0.2000 label_smoothing=0.000
D step=8/30 epoch=3/3 loss=0.3742 l2=0.2000 label_smoothing=0.000
D step=9/30 epoch=1/3 loss=0.4204 l2=0.2000 label_smoothing=0.000
D step=9/30 epoch=2/3 loss=0.3839 l2=0.2000 label_smoothing=0.000
D step=9/30 epoch=3/3 loss=0.3615 l2=0.2000 label_smoothing=0.000
D step=10/30 epoch=1/3 loss=0.4242 l2=0.2000 label_smoothing=0.000
D step=10/30 epoch=2/3 loss=0.3664 l2=0.2000 label_smoothing=0.000
D step=10/30 epoch=3/3 loss=0.3418 l2=0.2000 label_smoothing=0.000
D step=11/30 epoch=1/3 loss=0.3847 l2=0.2000 label_smoothing=0.000
D step=11/30 epoch=2/3 loss=0.3527 l2=0.2000 label_smoothing=0.000
D step=11/30 epoch=3/3 loss=0.3318 l2=0.2000 label_smoothing=0.000
D step=12/30 epoch=1/3 loss=0.3816 l2=0.2000 label_smoothing=0.000
D step=12/30 epoch=2/3 loss=0.3411 l2=0.2000 label_smoothing=0.000
D step=12/30 epoch=3/3 loss=0.3146 l2=0.2000 label_smoothing=0.000
D step=13/30 epoch=1/3 loss=0.3519 l2=0.2000 label_smoothing=0.000
D step=13/30 epoch=2/3 loss=0.3175 l2=0.2000 label_smoothing=0.000
D step=13/30 epoch=3/3 loss=0.3080 l2=0.2000 label_smoothing=0.000
D step=14/30 epoch=1/3 loss=0.3574 l2=0.2000 label_smoothing=0.000
D step=14/30 epoch=2/3 loss=0.3160 l2=0.2000 label_smoothing=0.000
D step=14/30 epoch=3/3 loss=0.3170 l2=0.2000 label_smoothing=0.000
D step=15/30 epoch=1/3 loss=0.3386 l2=0.2000 label_smoothing=0.000
D step=15/30 epoch=2/3 loss=0.3130 l2=0.2000 label_smoothing=0.000
D step=15/30 epoch=3/3 loss=0.3074 l2=0.2000 label_smoothing=0.000
D step=16/30 epoch=1/3 loss=0.3225 l2=0.2000 label_smoothing=0.000
D step=16/30 epoch=2/3 loss=0.2795 l2=0.2000 label_smoothing=0.000
D step=16/30 epoch=3/3 loss=0.2618 l2=0.2000 label_smoothing=0.000
D step=17/30 epoch=1/3 loss=0.3009 l2=0.2000 label_smoothing=0.000
D step=17/30 epoch=2/3 loss=0.2665 l2=0.2000 label_smoothing=0.000
D step=17/30 epoch=3/3 loss=0.2560 l2=0.2000 label_smoothing=0.000
D step=18/30 epoch=1/3 loss=0.3026 l2=0.2000 label_smoothing=0.000
D step=18/30 epoch=2/3 loss=0.2756 l2=0.2000 label_smoothing=0.000
D step=18/30 epoch=3/3 loss=0.2544 l2=0.2000 label_smoothing=0.000
D step=19/30 epoch=1/3 loss=0.3157 l2=0.2000 label_smoothing=0.000
D step=19/30 epoch=2/3 loss=0.2814 l2=0.2000 label_smoothing=0.000
D step=19/30 epoch=3/3 loss=0.2778 l2=0.2000 label_smoothing=0.000
D step=20/30 epoch=1/3 loss=0.2891 l2=0.2000 label_smoothing=0.000
D step=20/30 epoch=2/3 loss=0.2710 l2=0.2000 label_smoothing=0.000
D step=20/30 epoch=3/3 loss=0.2690 l2=0.2000 label_smoothing=0.000
D step=21/30 epoch=1/3 loss=0.2944 l2=0.2000 label_smoothing=0.000
D step=21/30 epoch=2/3 loss=0.2720 l2=0.2000 label_smoothing=0.000
D step=21/30 epoch=3/3 loss=0.2575 l2=0.2000 label_smoothing=0.000
D step=22/30 epoch=1/3 loss=0.2866 l2=0.2000 label_smoothing=0.000
D step=22/30 epoch=2/3 loss=0.2487 l2=0.2000 label_smoothing=0.000
D step=22/30 epoch=3/3 loss=0.2429 l2=0.2000 label_smoothing=0.000
D step=23/30 epoch=1/3 loss=0.2904 l2=0.2000 label_smoothing=0.000
D step=23/30 epoch=2/3 loss=0.2484 l2=0.2000 label_smoothing=0.000
D step=23/30 epoch=3/3 loss=0.2445 l2=0.2000 label_smoothing=0.000
D step=24/30 epoch=1/3 loss=0.2801 l2=0.2000 label_smoothing=0.000
D step=24/30 epoch=2/3 loss=0.2564 l2=0.2000 label_smoothing=0.000
D step=24/30 epoch=3/3 loss=0.2470 l2=0.2000 label_smoothing=0.000
D step=25/30 epoch=1/3 loss=0.2743 l2=0.2000 label_smoothing=0.000
D step=25/30 epoch=2/3 loss=0.2476 l2=0.2000 label_smoothing=0.000
D step=25/30 epoch=3/3 loss=0.2357 l2=0.2000 label_smoothing=0.000
D step=26/30 epoch=1/3 loss=0.2602 l2=0.2000 label_smoothing=0.000
D step=26/30 epoch=2/3 loss=0.2340 l2=0.2000 label_smoothing=0.000
D step=26/30 epoch=3/3 loss=0.2192 l2=0.2000 label_smoothing=0.000
D step=27/30 epoch=1/3 loss=0.2612 l2=0.2000 label_smoothing=0.000
D step=27/30 epoch=2/3 loss=0.2472 l2=0.2000 label_smoothing=0.000
D step=27/30 epoch=3/3 loss=0.2403 l2=0.2000 label_smoothing=0.000
D step=28/30 epoch=1/3 loss=0.2768 l2=0.2000 label_smoothing=0.000
D step=28/30 epoch=2/3 loss=0.2356 l2=0.2000 label_smoothing=0.000
D step=28/30 epoch=3/3 loss=0.2231 l2=0.2000 label_smoothing=0.000
D step=29/30 epoch=1/3 loss=0.2674 l2=0.2000 label_smoothing=0.000
D step=29/30 epoch=2/3 loss=0.2349 l2=0.2000 label_smoothing=0.000
D step=29/30 epoch=3/3 loss=0.2186 l2=0.2000 label_smoothing=0.000
D step=30/30 epoch=1/3 loss=0.2694 l2=0.2000 label_smoothing=0.000
D step=30/30 epoch=2/3 loss=0.2453 l2=0.2000 label_smoothing=0.000
D step=30/30 epoch=3/3 loss=0.2229 l2=0.2000 label_smoothing=0.000

[3/3] adversarial
generator_reward_mode=off reward_alpha=1.000 d_steps=5 d_epochs=3
D step=1/5 epoch=1/3 loss=0.2884 l2=0.2000 label_smoothing=0.000
D step=1/5 epoch=2/3 loss=0.2483 l2=0.2000 label_smoothing=0.000
D step=1/5 epoch=3/3 loss=0.2329 l2=0.2000 label_smoothing=0.000
D step=2/5 epoch=1/3 loss=0.2848 l2=0.2000 label_smoothing=0.000
D step=2/5 epoch=2/3 loss=0.2486 l2=0.2000 label_smoothing=0.000
D step=2/5 epoch=3/3 loss=0.2370 l2=0.2000 label_smoothing=0.000
D step=3/5 epoch=1/3 loss=0.2692 l2=0.2000 label_smoothing=0.000
D step=3/5 epoch=2/3 loss=0.2369 l2=0.2000 label_smoothing=0.000
D step=3/5 epoch=3/3 loss=0.2282 l2=0.2000 label_smoothing=0.000
D step=4/5 epoch=1/3 loss=0.2606 l2=0.2000 label_smoothing=0.000
D step=4/5 epoch=2/3 loss=0.2337 l2=0.2000 label_smoothing=0.000
D step=4/5 epoch=3/3 loss=0.2216 l2=0.2000 label_smoothing=0.000
D step=5/5 epoch=1/3 loss=0.2693 l2=0.2000 label_smoothing=0.000
D step=5/5 epoch=2/3 loss=0.2407 l2=0.2000 label_smoothing=0.000
D step=5/5 epoch=3/3 loss=0.2282 l2=0.2000 label_smoothing=0.000
ADV epoch=1/60 g_loss=0.0583 d_loss=0.2486 reward=0.1565 reward_var=0.0418 unique=0.9200
D step=1/5 epoch=1/3 loss=0.2799 l2=0.2000 label_smoothing=0.000
D step=1/5 epoch=2/3 loss=0.2540 l2=0.2000 label_smoothing=0.000
D step=1/5 epoch=3/3 loss=0.2486 l2=0.2000 label_smoothing=0.000
D step=2/5 epoch=1/3 loss=0.2788 l2=0.2000 label_smoothing=0.000
D step=2/5 epoch=2/3 loss=0.2639 l2=0.2000 label_smoothing=0.000
D step=2/5 epoch=3/3 loss=0.2595 l2=0.2000 label_smoothing=0.000
D step=3/5 epoch=1/3 loss=0.2917 l2=0.2000 label_smoothing=0.000
D step=3/5 epoch=2/3 loss=0.2645 l2=0.2000 label_smoothing=0.000
D step=3/5 epoch=3/3 loss=0.2594 l2=0.2000 label_smoothing=0.000
D step=4/5 epoch=1/3 loss=0.2859 l2=0.2000 label_smoothing=0.000
D step=4/5 epoch=2/3 loss=0.2593 l2=0.2000 label_smoothing=0.000
D step=4/5 epoch=3/3 loss=0.2534 l2=0.2000 label_smoothing=0.000
D step=5/5 epoch=1/3 loss=0.2624 l2=0.2000 label_smoothing=0.000
D step=5/5 epoch=2/3 loss=0.2524 l2=0.2000 label_smoothing=0.000
D step=5/5 epoch=3/3 loss=0.2497 l2=0.2000 label_smoothing=0.000
ADV epoch=2/60 g_loss=0.0586 d_loss=0.2642 reward=0.1878 reward_var=0.0472 unique=0.6200
D step=1/5 epoch=1/3 loss=0.2387 l2=0.2000 label_smoothing=0.000
D step=1/5 epoch=2/3 loss=0.2003 l2=0.2000 label_smoothing=0.000
D step=1/5 epoch=3/3 loss=0.1899 l2=0.2000 label_smoothing=0.000
D step=2/5 epoch=1/3 loss=0.2097 l2=0.2000 label_smoothing=0.000
D step=2/5 epoch=2/3 loss=0.1869 l2=0.2000 label_smoothing=0.000
D step=2/5 epoch=3/3 loss=0.1823 l2=0.2000 label_smoothing=0.000
D step=3/5 epoch=1/3 loss=0.2055 l2=0.2000 label_smoothing=0.000
D step=3/5 epoch=2/3 loss=0.1796 l2=0.2000 label_smoothing=0.000
D step=3/5 epoch=3/3 loss=0.1785 l2=0.2000 label_smoothing=0.000
D step=4/5 epoch=1/3 loss=0.1996 l2=0.2000 label_smoothing=0.000
D step=4/5 epoch=2/3 loss=0.1837 l2=0.2000 label_smoothing=0.000
D step=4/5 epoch=3/3 loss=0.1787 l2=0.2000 label_smoothing=0.000
D step=5/5 epoch=1/3 loss=0.1815 l2=0.2000 label_smoothing=0.000
D step=5/5 epoch=2/3 loss=0.1771 l2=0.2000 label_smoothing=0.000
D step=5/5 epoch=3/3 loss=0.1710 l2=0.2000 label_smoothing=0.000
ADV epoch=3/60 g_loss=0.0492 d_loss=0.1909 reward=0.1889 reward_var=0.0290 unique=0.8400
D step=1/5 epoch=1/3 loss=0.2025 l2=0.2000 label_smoothing=0.000
D step=1/5 epoch=2/3 loss=0.1764 l2=0.2000 label_smoothing=0.000
D step=1/5 epoch=3/3 loss=0.1677 l2=0.2000 label_smoothing=0.000
D step=2/5 epoch=1/3 loss=0.1888 l2=0.2000 label_smoothing=0.000
D step=2/5 epoch=2/3 loss=0.1745 l2=0.2000 label_smoothing=0.000
D step=2/5 epoch=3/3 loss=0.1739 l2=0.2000 label_smoothing=0.000
D step=3/5 epoch=1/3 loss=0.1969 l2=0.2000 label_smoothing=0.000
D step=3/5 epoch=2/3 loss=0.1881 l2=0.2000 label_smoothing=0.000
D step=3/5 epoch=3/3 loss=0.1866 l2=0.2000 label_smoothing=0.000
D step=4/5 epoch=1/3 loss=0.1959 l2=0.2000 label_smoothing=0.000
D step=4/5 epoch=2/3 loss=0.1812 l2=0.2000 label_smoothing=0.000
D step=4/5 epoch=3/3 loss=0.1772 l2=0.2000 label_smoothing=0.000
D step=5/5 epoch=1/3 loss=0.1918 l2=0.2000 label_smoothing=0.000
D step=5/5 epoch=2/3 loss=0.1746 l2=0.2000 label_smoothing=0.000
D step=5/5 epoch=3/3 loss=0.1698 l2=0.2000 label_smoothing=0.000
ADV epoch=4/60 g_loss=0.0695 d_loss=0.1831 reward=0.3007 reward_var=0.0779 unique=0.7600
D step=1/5 epoch=1/3 loss=0.2716 l2=0.2000 label_smoothing=0.000
D step=1/5 epoch=2/3 loss=0.2328 l2=0.2000 label_smoothing=0.000
D step=1/5 epoch=3/3 loss=0.2281 l2=0.2000 label_smoothing=0.000
D step=2/5 epoch=1/3 loss=0.2489 l2=0.2000 label_smoothing=0.000
D step=2/5 epoch=2/3 loss=0.2392 l2=0.2000 label_smoothing=0.000
D step=2/5 epoch=3/3 loss=0.2390 l2=0.2000 label_smoothing=0.000
D step=3/5 epoch=1/3 loss=0.2449 l2=0.2000 label_smoothing=0.000
D step=3/5 epoch=2/3 loss=0.2373 l2=0.2000 label_smoothing=0.000
D step=3/5 epoch=3/3 loss=0.2324 l2=0.2000 label_smoothing=0.000
D step=4/5 epoch=1/3 loss=0.2559 l2=0.2000 label_smoothing=0.000
D step=4/5 epoch=2/3 loss=0.2386 l2=0.2000 label_smoothing=0.000
D step=4/5 epoch=3/3 loss=0.2357 l2=0.2000 label_smoothing=0.000
D step=5/5 epoch=1/3 loss=0.2445 l2=0.2000 label_smoothing=0.000
D step=5/5 epoch=2/3 loss=0.2360 l2=0.2000 label_smoothing=0.000
D step=5/5 epoch=3/3 loss=0.2325 l2=0.2000 label_smoothing=0.000
ADV epoch=5/60 g_loss=0.0698 d_loss=0.2412 reward=0.3607 reward_var=0.0767 unique=0.5600
D step=1/5 epoch=1/3 loss=0.2386 l2=0.2000 label_smoothing=0.000
D step=1/5 epoch=2/3 loss=0.2279 l2=0.2000 label_smoothing=0.000
D step=1/5 epoch=3/3 loss=0.2266 l2=0.2000 label_smoothing=0.000
D step=2/5 epoch=1/3 loss=0.2365 l2=0.2000 label_smoothing=0.000
D step=2/5 epoch=2/3 loss=0.2270 l2=0.2000 label_smoothing=0.000
D step=2/5 epoch=3/3 loss=0.2273 l2=0.2000 label_smoothing=0.000
D step=3/5 epoch=1/3 loss=0.2329 l2=0.2000 label_smoothing=0.000
D step=3/5 epoch=2/3 loss=0.2269 l2=0.2000 label_smoothing=0.000
D step=3/5 epoch=3/3 loss=0.2229 l2=0.2000 label_smoothing=0.000
D step=4/5 epoch=1/3 loss=0.2358 l2=0.2000 label_smoothing=0.000
D step=4/5 epoch=2/3 loss=0.2227 l2=0.2000 label_smoothing=0.000
D step=4/5 epoch=3/3 loss=0.2220 l2=0.2000 label_smoothing=0.000
D step=5/5 epoch=1/3 loss=0.2333 l2=0.2000 label_smoothing=0.000
D step=5/5 epoch=2/3 loss=0.2241 l2=0.2000 label_smoothing=0.000
D step=5/5 epoch=3/3 loss=0.2195 l2=0.2000 label_smoothing=0.000
ADV epoch=6/60 g_loss=0.0521 d_loss=0.2283 reward=0.2435 reward_var=0.0249 unique=0.4600
D step=1/5 epoch=1/3 loss=0.2156 l2=0.2000 label_smoothing=0.000
D step=1/5 epoch=2/3 loss=0.2054 l2=0.2000 label_smoothing=0.000
D step=1/5 epoch=3/3 loss=0.2028 l2=0.2000 label_smoothing=0.000
D step=2/5 epoch=1/3 loss=0.2053 l2=0.2000 label_smoothing=0.000
D step=2/5 epoch=2/3 loss=0.2003 l2=0.2000 label_smoothing=0.000
D step=2/5 epoch=3/3 loss=0.1977 l2=0.2000 label_smoothing=0.000
D step=3/5 epoch=1/3 loss=0.2175 l2=0.2000 label_smoothing=0.000
D step=3/5 epoch=2/3 loss=0.2113 l2=0.2000 label_smoothing=0.000
D step=3/5 epoch=3/3 loss=0.2044 l2=0.2000 label_smoothing=0.000
D step=4/5 epoch=1/3 loss=0.2071 l2=0.2000 label_smoothing=0.000
D step=4/5 epoch=2/3 loss=0.1992 l2=0.2000 label_smoothing=0.000
D step=4/5 epoch=3/3 loss=0.1973 l2=0.2000 label_smoothing=0.000
D step=5/5 epoch=1/3 loss=0.2111 l2=0.2000 label_smoothing=0.000
D step=5/5 epoch=2/3 loss=0.2061 l2=0.2000 label_smoothing=0.000
D step=5/5 epoch=3/3 loss=0.2026 l2=0.2000 label_smoothing=0.000
ADV epoch=7/60 g_loss=0.0260 d_loss=0.2056 reward=0.1733 reward_var=0.0164 unique=0.5600
D step=1/5 epoch=1/3 loss=0.2145 l2=0.2000 label_smoothing=0.000
D step=1/5 epoch=2/3 loss=0.2041 l2=0.2000 label_smoothing=0.000
D step=1/5 epoch=3/3 loss=0.2045 l2=0.2000 label_smoothing=0.000
D step=2/5 epoch=1/3 loss=0.2170 l2=0.2000 label_smoothing=0.000
D step=2/5 epoch=2/3 loss=0.2107 l2=0.2000 label_smoothing=0.000
D step=2/5 epoch=3/3 loss=0.2050 l2=0.2000 label_smoothing=0.000
D step=3/5 epoch=1/3 loss=0.2133 l2=0.2000 label_smoothing=0.000
D step=3/5 epoch=2/3 loss=0.2070 l2=0.2000 label_smoothing=0.000
D step=3/5 epoch=3/3 loss=0.2031 l2=0.2000 label_smoothing=0.000
D step=4/5 epoch=1/3 loss=0.2063 l2=0.2000 label_smoothing=0.000
D step=4/5 epoch=2/3 loss=0.2013 l2=0.2000 label_smoothing=0.000
D step=4/5 epoch=3/3 loss=0.1970 l2=0.2000 label_smoothing=0.000
D step=5/5 epoch=1/3 loss=0.2136 l2=0.2000 label_smoothing=0.000
D step=5/5 epoch=2/3 loss=0.2121 l2=0.2000 label_smoothing=0.000
D step=5/5 epoch=3/3 loss=0.2096 l2=0.2000 label_smoothing=0.000
ADV epoch=8/60 g_loss=0.0465 d_loss=0.2079 reward=0.2214 reward_var=0.0203 unique=0.5600
D step=1/5 epoch=1/3 loss=0.2333 l2=0.2000 label_smoothing=0.000
D step=1/5 epoch=2/3 loss=0.2252 l2=0.2000 label_smoothing=0.000
D step=1/5 epoch=3/3 loss=0.2239 l2=0.2000 label_smoothing=0.000
D step=2/5 epoch=1/3 loss=0.2327 l2=0.2000 label_smoothing=0.000
D step=2/5 epoch=2/3 loss=0.2260 l2=0.2000 label_smoothing=0.000
D step=2/5 epoch=3/3 loss=0.2222 l2=0.2000 label_smoothing=0.000
D step=3/5 epoch=1/3 loss=0.2362 l2=0.2000 label_smoothing=0.000
D step=3/5 epoch=2/3 loss=0.2338 l2=0.2000 label_smoothing=0.000
D step=3/5 epoch=3/3 loss=0.2295 l2=0.2000 label_smoothing=0.000
D step=4/5 epoch=1/3 loss=0.2383 l2=0.2000 label_smoothing=0.000
D step=4/5 epoch=2/3 loss=0.2285 l2=0.2000 label_smoothing=0.000
D step=4/5 epoch=3/3 loss=0.2279 l2=0.2000 label_smoothing=0.000
D step=5/5 epoch=1/3 loss=0.2257 l2=0.2000 label_smoothing=0.000
D step=5/5 epoch=2/3 loss=0.2188 l2=0.2000 label_smoothing=0.000
D step=5/5 epoch=3/3 loss=0.2153 l2=0.2000 label_smoothing=0.000
ADV epoch=9/60 g_loss=0.0279 d_loss=0.2278 reward=0.1656 reward_var=0.0150 unique=0.4200
D step=1/5 epoch=1/3 loss=0.2397 l2=0.2000 label_smoothing=0.000
D step=1/5 epoch=2/3 loss=0.2291 l2=0.2000 label_smoothing=0.000
D step=1/5 epoch=3/3 loss=0.2266 l2=0.2000 label_smoothing=0.000
D step=2/5 epoch=1/3 loss=0.2387 l2=0.2000 label_smoothing=0.000
D step=2/5 epoch=2/3 loss=0.2345 l2=0.2000 label_smoothing=0.000
D step=2/5 epoch=3/3 loss=0.2343 l2=0.2000 label_smoothing=0.000
D step=3/5 epoch=1/3 loss=0.2316 l2=0.2000 label_smoothing=0.000
D step=3/5 epoch=2/3 loss=0.2258 l2=0.2000 label_smoothing=0.000
D step=3/5 epoch=3/3 loss=0.2230 l2=0.2000 label_smoothing=0.000
D step=4/5 epoch=1/3 loss=0.2349 l2=0.2000 label_smoothing=0.000
D step=4/5 epoch=2/3 loss=0.2344 l2=0.2000 label_smoothing=0.000
D step=4/5 epoch=3/3 loss=0.2279 l2=0.2000 label_smoothing=0.000
D step=5/5 epoch=1/3 loss=0.2303 l2=0.2000 label_smoothing=0.000
D step=5/5 epoch=2/3 loss=0.2255 l2=0.2000 label_smoothing=0.000
D step=5/5 epoch=3/3 loss=0.2246 l2=0.2000 label_smoothing=0.000
ADV epoch=10/60 g_loss=0.0281 d_loss=0.2307 reward=0.1658 reward_var=0.0142 unique=0.3000
D step=1/5 epoch=1/3 loss=0.2295 l2=0.2000 label_smoothing=0.000
D step=1/5 epoch=2/3 loss=0.2214 l2=0.2000 label_smoothing=0.000
D step=1/5 epoch=3/3 loss=0.2225 l2=0.2000 label_smoothing=0.000
D step=2/5 epoch=1/3 loss=0.2355 l2=0.2000 label_smoothing=0.000
D step=2/5 epoch=2/3 loss=0.2279 l2=0.2000 label_smoothing=0.000
D step=2/5 epoch=3/3 loss=0.2236 l2=0.2000 label_smoothing=0.000
D step=3/5 epoch=1/3 loss=0.2352 l2=0.2000 label_smoothing=0.000
D step=3/5 epoch=2/3 loss=0.2268 l2=0.2000 label_smoothing=0.000
D step=3/5 epoch=3/3 loss=0.2259 l2=0.2000 label_smoothing=0.000
D step=4/5 epoch=1/3 loss=0.2251 l2=0.2000 label_smoothing=0.000
D step=4/5 epoch=2/3 loss=0.2174 l2=0.2000 label_smoothing=0.000
D step=4/5 epoch=3/3 loss=0.2156 l2=0.2000 label_smoothing=0.000
D step=5/5 epoch=1/3 loss=0.2321 l2=0.2000 label_smoothing=0.000
D step=5/5 epoch=2/3 loss=0.2288 l2=0.2000 label_smoothing=0.000
D step=5/5 epoch=3/3 loss=0.2272 l2=0.2000 label_smoothing=0.000
ADV epoch=11/60 g_loss=0.0269 d_loss=0.2263 reward=0.1611 reward_var=0.0101 unique=0.5400
D step=1/5 epoch=1/3 loss=0.2229 l2=0.2000 label_smoothing=0.000
D step=1/5 epoch=2/3 loss=0.2163 l2=0.2000 label_smoothing=0.000
D step=1/5 epoch=3/3 loss=0.2129 l2=0.2000 label_smoothing=0.000
D step=2/5 epoch=1/3 loss=0.2182 l2=0.2000 label_smoothing=0.000
D step=2/5 epoch=2/3 loss=0.2098 l2=0.2000 label_smoothing=0.000
D step=2/5 epoch=3/3 loss=0.2086 l2=0.2000 label_smoothing=0.000
D step=3/5 epoch=1/3 loss=0.2122 l2=0.2000 label_smoothing=0.000
D step=3/5 epoch=2/3 loss=0.2072 l2=0.2000 label_smoothing=0.000
D step=3/5 epoch=3/3 loss=0.2059 l2=0.2000 label_smoothing=0.000
D step=4/5 epoch=1/3 loss=0.2358 l2=0.2000 label_smoothing=0.000
D step=4/5 epoch=2/3 loss=0.2164 l2=0.2000 label_smoothing=0.000
D step=4/5 epoch=3/3 loss=0.2118 l2=0.2000 label_smoothing=0.000
D step=5/5 epoch=1/3 loss=0.2179 l2=0.2000 label_smoothing=0.000
D step=5/5 epoch=2/3 loss=0.2124 l2=0.2000 label_smoothing=0.000
D step=5/5 epoch=3/3 loss=0.2115 l2=0.2000 label_smoothing=0.000
ADV epoch=12/60 g_loss=0.0275 d_loss=0.2147 reward=0.1337 reward_var=0.0132 unique=0.3400
D step=1/5 epoch=1/3 loss=0.2535 l2=0.2000 label_smoothing=0.000
D step=1/5 epoch=2/3 loss=0.2423 l2=0.2000 label_smoothing=0.000
D step=1/5 epoch=3/3 loss=0.2405 l2=0.2000 label_smoothing=0.000
D step=2/5 epoch=1/3 loss=0.2485 l2=0.2000 label_smoothing=0.000
D step=2/5 epoch=2/3 loss=0.2440 l2=0.2000 label_smoothing=0.000
D step=2/5 epoch=3/3 loss=0.2415 l2=0.2000 label_smoothing=0.000
D step=3/5 epoch=1/3 loss=0.2526 l2=0.2000 label_smoothing=0.000
D step=3/5 epoch=2/3 loss=0.2419 l2=0.2000 label_smoothing=0.000
D step=3/5 epoch=3/3 loss=0.2429 l2=0.2000 label_smoothing=0.000
D step=4/5 epoch=1/3 loss=0.2581 l2=0.2000 label_smoothing=0.000
D step=4/5 epoch=2/3 loss=0.2548 l2=0.2000 label_smoothing=0.000
D step=4/5 epoch=3/3 loss=0.2516 l2=0.2000 label_smoothing=0.000
D step=5/5 epoch=1/3 loss=0.2463 l2=0.2000 label_smoothing=0.000
D step=5/5 epoch=2/3 loss=0.2413 l2=0.2000 label_smoothing=0.000
D step=5/5 epoch=3/3 loss=0.2408 l2=0.2000 label_smoothing=0.000
ADV epoch=13/60 g_loss=0.0376 d_loss=0.2467 reward=0.1696 reward_var=0.0251 unique=0.3600
D step=1/5 epoch=1/3 loss=0.2559 l2=0.2000 label_smoothing=0.000
D step=1/5 epoch=2/3 loss=0.2496 l2=0.2000 label_smoothing=0.000
D step=1/5 epoch=3/3 loss=0.2483 l2=0.2000 label_smoothing=0.000
D step=2/5 epoch=1/3 loss=0.2477 l2=0.2000 label_smoothing=0.000
D step=2/5 epoch=2/3 loss=0.2446 l2=0.2000 label_smoothing=0.000
D step=2/5 epoch=3/3 loss=0.2443 l2=0.2000 label_smoothing=0.000
D step=3/5 epoch=1/3 loss=0.2476 l2=0.2000 label_smoothing=0.000
D step=3/5 epoch=2/3 loss=0.2444 l2=0.2000 label_smoothing=0.000
D step=3/5 epoch=3/3 loss=0.2423 l2=0.2000 label_smoothing=0.000
D step=4/5 epoch=1/3 loss=0.2590 l2=0.2000 label_smoothing=0.000
D step=4/5 epoch=2/3 loss=0.2553 l2=0.2000 label_smoothing=0.000
D step=4/5 epoch=3/3 loss=0.2487 l2=0.2000 label_smoothing=0.000
D step=5/5 epoch=1/3 loss=0.2477 l2=0.2000 label_smoothing=0.000
D step=5/5 epoch=2/3 loss=0.2392 l2=0.2000 label_smoothing=0.000
D step=5/5 epoch=3/3 loss=0.2387 l2=0.2000 label_smoothing=0.000
ADV epoch=14/60 g_loss=0.0404 d_loss=0.2475 reward=0.1616 reward_var=0.0126 unique=0.2800
D step=1/5 epoch=1/3 loss=0.2655 l2=0.2000 label_smoothing=0.000
D step=1/5 epoch=2/3 loss=0.2589 l2=0.2000 label_smoothing=0.000
D step=1/5 epoch=3/3 loss=0.2564 l2=0.2000 label_smoothing=0.000
D step=2/5 epoch=1/3 loss=0.2589 l2=0.2000 label_smoothing=0.000
D step=2/5 epoch=2/3 loss=0.2524 l2=0.2000 label_smoothing=0.000
D step=2/5 epoch=3/3 loss=0.2506 l2=0.2000 label_smoothing=0.000
D step=3/5 epoch=1/3 loss=0.2637 l2=0.2000 label_smoothing=0.000
D step=3/5 epoch=2/3 loss=0.2489 l2=0.2000 label_smoothing=0.000
D step=3/5 epoch=3/3 loss=0.2503 l2=0.2000 label_smoothing=0.000
D step=4/5 epoch=1/3 loss=0.2576 l2=0.2000 label_smoothing=0.000
D step=4/5 epoch=2/3 loss=0.2533 l2=0.2000 label_smoothing=0.000
D step=4/5 epoch=3/3 loss=0.2513 l2=0.2000 label_smoothing=0.000
D step=5/5 epoch=1/3 loss=0.2644 l2=0.2000 label_smoothing=0.000
D step=5/5 epoch=2/3 loss=0.2528 l2=0.2000 label_smoothing=0.000
D step=5/5 epoch=3/3 loss=0.2532 l2=0.2000 label_smoothing=0.000
ADV epoch=15/60 g_loss=0.0224 d_loss=0.2559 reward=0.1346 reward_var=0.0109 unique=0.2800
D step=1/5 epoch=1/3 loss=0.2633 l2=0.2000 label_smoothing=0.000
D step=1/5 epoch=2/3 loss=0.2517 l2=0.2000 label_smoothing=0.000
D step=1/5 epoch=3/3 loss=0.2486 l2=0.2000 label_smoothing=0.000
D step=2/5 epoch=1/3 loss=0.2565 l2=0.2000 label_smoothing=0.000
D step=2/5 epoch=2/3 loss=0.2514 l2=0.2000 label_smoothing=0.000
D step=2/5 epoch=3/3 loss=0.2493 l2=0.2000 label_smoothing=0.000
D step=3/5 epoch=1/3 loss=0.2559 l2=0.2000 label_smoothing=0.000
D step=3/5 epoch=2/3 loss=0.2512 l2=0.2000 label_smoothing=0.000
D step=3/5 epoch=3/3 loss=0.2503 l2=0.2000 label_smoothing=0.000
D step=4/5 epoch=1/3 loss=0.2627 l2=0.2000 label_smoothing=0.000
D step=4/5 epoch=2/3 loss=0.2547 l2=0.2000 label_smoothing=0.000
D step=4/5 epoch=3/3 loss=0.2539 l2=0.2000 label_smoothing=0.000
D step=5/5 epoch=1/3 loss=0.2542 l2=0.2000 label_smoothing=0.000
D step=5/5 epoch=2/3 loss=0.2505 l2=0.2000 label_smoothing=0.000
D step=5/5 epoch=3/3 loss=0.2487 l2=0.2000 label_smoothing=0.000
ADV epoch=16/60 g_loss=0.0229 d_loss=0.2535 reward=0.1566 reward_var=0.0073 unique=0.2400
D step=1/5 epoch=1/3 loss=0.2653 l2=0.2000 label_smoothing=0.000
D step=1/5 epoch=2/3 loss=0.2583 l2=0.2000 label_smoothing=0.000
D step=1/5 epoch=3/3 loss=0.2525 l2=0.2000 label_smoothing=0.000
D step=2/5 epoch=1/3 loss=0.2573 l2=0.2000 label_smoothing=0.000
D step=2/5 epoch=2/3 loss=0.2503 l2=0.2000 label_smoothing=0.000
D step=2/5 epoch=3/3 loss=0.2471 l2=0.2000 label_smoothing=0.000
D step=3/5 epoch=1/3 loss=0.2616 l2=0.2000 label_smoothing=0.000
D step=3/5 epoch=2/3 loss=0.2554 l2=0.2000 label_smoothing=0.000
D step=3/5 epoch=3/3 loss=0.2534 l2=0.2000 label_smoothing=0.000
D step=4/5 epoch=1/3 loss=0.2565 l2=0.2000 label_smoothing=0.000
D step=4/5 epoch=2/3 loss=0.2552 l2=0.2000 label_smoothing=0.000
D step=4/5 epoch=3/3 loss=0.2493 l2=0.2000 label_smoothing=0.000
D step=5/5 epoch=1/3 loss=0.2611 l2=0.2000 label_smoothing=0.000
D step=5/5 epoch=2/3 loss=0.2570 l2=0.2000 label_smoothing=0.000
D step=5/5 epoch=3/3 loss=0.2545 l2=0.2000 label_smoothing=0.000
ADV epoch=17/60 g_loss=0.0308 d_loss=0.2557 reward=0.2013 reward_var=0.0140 unique=0.4200
D step=1/5 epoch=1/3 loss=0.2803 l2=0.2000 label_smoothing=0.000
D step=1/5 epoch=2/3 loss=0.2677 l2=0.2000 label_smoothing=0.000
D step=1/5 epoch=3/3 loss=0.2634 l2=0.2000 label_smoothing=0.000
D step=2/5 epoch=1/3 loss=0.2676 l2=0.2000 label_smoothing=0.000
D step=2/5 epoch=2/3 loss=0.2610 l2=0.2000 label_smoothing=0.000
D step=2/5 epoch=3/3 loss=0.2581 l2=0.2000 label_smoothing=0.000
D step=3/5 epoch=1/3 loss=0.2663 l2=0.2000 label_smoothing=0.000
D step=3/5 epoch=2/3 loss=0.2632 l2=0.2000 label_smoothing=0.000
D step=3/5 epoch=3/3 loss=0.2584 l2=0.2000 label_smoothing=0.000
D step=4/5 epoch=1/3 loss=0.2711 l2=0.2000 label_smoothing=0.000
D step=4/5 epoch=2/3 loss=0.2632 l2=0.2000 label_smoothing=0.000
D step=4/5 epoch=3/3 loss=0.2617 l2=0.2000 label_smoothing=0.000
D step=5/5 epoch=1/3 loss=0.2673 l2=0.2000 label_smoothing=0.000
D step=5/5 epoch=2/3 loss=0.2626 l2=0.2000 label_smoothing=0.000
D step=5/5 epoch=3/3 loss=0.2610 l2=0.2000 label_smoothing=0.000
ADV epoch=18/60 g_loss=0.0258 d_loss=0.2649 reward=0.1550 reward_var=0.0084 unique=0.4400
D step=1/5 epoch=1/3 loss=0.2776 l2=0.2000 label_smoothing=0.000
D step=1/5 epoch=2/3 loss=0.2702 l2=0.2000 label_smoothing=0.000
D step=1/5 epoch=3/3 loss=0.2688 l2=0.2000 label_smoothing=0.000
D step=2/5 epoch=1/3 loss=0.2805 l2=0.2000 label_smoothing=0.000
D step=2/5 epoch=2/3 loss=0.2729 l2=0.2000 label_smoothing=0.000
D step=2/5 epoch=3/3 loss=0.2711 l2=0.2000 label_smoothing=0.000
D step=3/5 epoch=1/3 loss=0.2980 l2=0.2000 label_smoothing=0.000
D step=3/5 epoch=2/3 loss=0.2870 l2=0.2000 label_smoothing=0.000
D step=3/5 epoch=3/3 loss=0.2836 l2=0.2000 label_smoothing=0.000
D step=4/5 epoch=1/3 loss=0.2898 l2=0.2000 label_smoothing=0.000
D step=4/5 epoch=2/3 loss=0.2784 l2=0.2000 label_smoothing=0.000
D step=4/5 epoch=3/3 loss=0.2767 l2=0.2000 label_smoothing=0.000
D step=5/5 epoch=1/3 loss=0.2808 l2=0.2000 label_smoothing=0.000
D step=5/5 epoch=2/3 loss=0.2733 l2=0.2000 label_smoothing=0.000
D step=5/5 epoch=3/3 loss=0.2704 l2=0.2000 label_smoothing=0.000
ADV epoch=19/60 g_loss=0.0310 d_loss=0.2786 reward=0.1782 reward_var=0.0072 unique=0.4400
D step=1/5 epoch=1/3 loss=0.2718 l2=0.2000 label_smoothing=0.000
D step=1/5 epoch=2/3 loss=0.2605 l2=0.2000 label_smoothing=0.000
D step=1/5 epoch=3/3 loss=0.2591 l2=0.2000 label_smoothing=0.000
D step=2/5 epoch=1/3 loss=0.2729 l2=0.2000 label_smoothing=0.000
D step=2/5 epoch=2/3 loss=0.2645 l2=0.2000 label_smoothing=0.000
D step=2/5 epoch=3/3 loss=0.2595 l2=0.2000 label_smoothing=0.000
D step=3/5 epoch=1/3 loss=0.2662 l2=0.2000 label_smoothing=0.000
D step=3/5 epoch=2/3 loss=0.2600 l2=0.2000 label_smoothing=0.000
D step=3/5 epoch=3/3 loss=0.2585 l2=0.2000 label_smoothing=0.000
D step=4/5 epoch=1/3 loss=0.2670 l2=0.2000 label_smoothing=0.000
D step=4/5 epoch=2/3 loss=0.2642 l2=0.2000 label_smoothing=0.000
D step=4/5 epoch=3/3 loss=0.2624 l2=0.2000 label_smoothing=0.000
D step=5/5 epoch=1/3 loss=0.2653 l2=0.2000 label_smoothing=0.000
D step=5/5 epoch=2/3 loss=0.2590 l2=0.2000 label_smoothing=0.000
D step=5/5 epoch=3/3 loss=0.2563 l2=0.2000 label_smoothing=0.000
ADV epoch=20/60 g_loss=0.0430 d_loss=0.2631 reward=0.1882 reward_var=0.0106 unique=0.5000
D step=1/5 epoch=1/3 loss=0.2933 l2=0.2000 label_smoothing=0.000
D step=1/5 epoch=2/3 loss=0.2829 l2=0.2000 label_smoothing=0.000
D step=1/5 epoch=3/3 loss=0.2809 l2=0.2000 label_smoothing=0.000
D step=2/5 epoch=1/3 loss=0.2949 l2=0.2000 label_smoothing=0.000
D step=2/5 epoch=2/3 loss=0.2839 l2=0.2000 label_smoothing=0.000
D step=2/5 epoch=3/3 loss=0.2812 l2=0.2000 label_smoothing=0.000
D step=3/5 epoch=1/3 loss=0.2923 l2=0.2000 label_smoothing=0.000
D step=3/5 epoch=2/3 loss=0.2841 l2=0.2000 label_smoothing=0.000
D step=3/5 epoch=3/3 loss=0.2785 l2=0.2000 label_smoothing=0.000
D step=4/5 epoch=1/3 loss=0.2934 l2=0.2000 label_smoothing=0.000
D step=4/5 epoch=2/3 loss=0.2900 l2=0.2000 label_smoothing=0.000
D step=4/5 epoch=3/3 loss=0.2825 l2=0.2000 label_smoothing=0.000
D step=5/5 epoch=1/3 loss=0.2874 l2=0.2000 label_smoothing=0.000
D step=5/5 epoch=2/3 loss=0.2763 l2=0.2000 label_smoothing=0.000
D step=5/5 epoch=3/3 loss=0.2763 l2=0.2000 label_smoothing=0.000
ADV epoch=21/60 g_loss=0.0332 d_loss=0.2852 reward=0.1855 reward_var=0.0081 unique=0.3200
D step=1/5 epoch=1/3 loss=0.2924 l2=0.2000 label_smoothing=0.000
D step=1/5 epoch=2/3 loss=0.2820 l2=0.2000 label_smoothing=0.000
D step=1/5 epoch=3/3 loss=0.2799 l2=0.2000 label_smoothing=0.000
D step=2/5 epoch=1/3 loss=0.2896 l2=0.2000 label_smoothing=0.000
D step=2/5 epoch=2/3 loss=0.2806 l2=0.2000 label_smoothing=0.000
D step=2/5 epoch=3/3 loss=0.2763 l2=0.2000 label_smoothing=0.000
D step=3/5 epoch=1/3 loss=0.2862 l2=0.2000 label_smoothing=0.000
D step=3/5 epoch=2/3 loss=0.2828 l2=0.2000 label_smoothing=0.000
D step=3/5 epoch=3/3 loss=0.2787 l2=0.2000 label_smoothing=0.000
D step=4/5 epoch=1/3 loss=0.2809 l2=0.2000 label_smoothing=0.000
D step=4/5 epoch=2/3 loss=0.2770 l2=0.2000 label_smoothing=0.000
D step=4/5 epoch=3/3 loss=0.2758 l2=0.2000 label_smoothing=0.000
D step=5/5 epoch=1/3 loss=0.2946 l2=0.2000 label_smoothing=0.000
D step=5/5 epoch=2/3 loss=0.2793 l2=0.2000 label_smoothing=0.000
D step=5/5 epoch=3/3 loss=0.2759 l2=0.2000 label_smoothing=0.000
ADV epoch=22/60 g_loss=0.0438 d_loss=0.2821 reward=0.2190 reward_var=0.0120 unique=0.5600
D step=1/5 epoch=1/3 loss=0.2855 l2=0.2000 label_smoothing=0.000
D step=1/5 epoch=2/3 loss=0.2744 l2=0.2000 label_smoothing=0.000
D step=1/5 epoch=3/3 loss=0.2731 l2=0.2000 label_smoothing=0.000
D step=2/5 epoch=1/3 loss=0.2752 l2=0.2000 label_smoothing=0.000
D step=2/5 epoch=2/3 loss=0.2699 l2=0.2000 label_smoothing=0.000
D step=2/5 epoch=3/3 loss=0.2670 l2=0.2000 label_smoothing=0.000
D step=3/5 epoch=1/3 loss=0.2893 l2=0.2000 label_smoothing=0.000
D step=3/5 epoch=2/3 loss=0.2785 l2=0.2000 label_smoothing=0.000
D step=3/5 epoch=3/3 loss=0.2762 l2=0.2000 label_smoothing=0.000
D step=4/5 epoch=1/3 loss=0.2935 l2=0.2000 label_smoothing=0.000
D step=4/5 epoch=2/3 loss=0.2803 l2=0.2000 label_smoothing=0.000
D step=4/5 epoch=3/3 loss=0.2761 l2=0.2000 label_smoothing=0.000
D step=5/5 epoch=1/3 loss=0.2954 l2=0.2000 label_smoothing=0.000
D step=5/5 epoch=2/3 loss=0.2872 l2=0.2000 label_smoothing=0.000
D step=5/5 epoch=3/3 loss=0.2790 l2=0.2000 label_smoothing=0.000
ADV epoch=23/60 g_loss=0.0339 d_loss=0.2800 reward=0.2069 reward_var=0.0081 unique=0.6400
D step=1/5 epoch=1/3 loss=0.2827 l2=0.2000 label_smoothing=0.000
D step=1/5 epoch=2/3 loss=0.2767 l2=0.2000 label_smoothing=0.000
D step=1/5 epoch=3/3 loss=0.2740 l2=0.2000 label_smoothing=0.000
D step=2/5 epoch=1/3 loss=0.2860 l2=0.2000 label_smoothing=0.000
D step=2/5 epoch=2/3 loss=0.2791 l2=0.2000 label_smoothing=0.000
D step=2/5 epoch=3/3 loss=0.2763 l2=0.2000 label_smoothing=0.000
D step=3/5 epoch=1/3 loss=0.2887 l2=0.2000 label_smoothing=0.000
D step=3/5 epoch=2/3 loss=0.2772 l2=0.2000 label_smoothing=0.000
D step=3/5 epoch=3/3 loss=0.2786 l2=0.2000 label_smoothing=0.000
D step=4/5 epoch=1/3 loss=0.2811 l2=0.2000 label_smoothing=0.000
D step=4/5 epoch=2/3 loss=0.2743 l2=0.2000 label_smoothing=0.000
D step=4/5 epoch=3/3 loss=0.2719 l2=0.2000 label_smoothing=0.000
D step=5/5 epoch=1/3 loss=0.2749 l2=0.2000 label_smoothing=0.000
D step=5/5 epoch=2/3 loss=0.2731 l2=0.2000 label_smoothing=0.000
D step=5/5 epoch=3/3 loss=0.2697 l2=0.2000 label_smoothing=0.000
ADV epoch=24/60 g_loss=0.0361 d_loss=0.2776 reward=0.2038 reward_var=0.0118 unique=0.5200
D step=1/5 epoch=1/3 loss=0.2845 l2=0.2000 label_smoothing=0.000
D step=1/5 epoch=2/3 loss=0.2735 l2=0.2000 label_smoothing=0.000
D step=1/5 epoch=3/3 loss=0.2703 l2=0.2000 label_smoothing=0.000
D step=2/5 epoch=1/3 loss=0.2937 l2=0.2000 label_smoothing=0.000
D step=2/5 epoch=2/3 loss=0.2791 l2=0.2000 label_smoothing=0.000
D step=2/5 epoch=3/3 loss=0.2771 l2=0.2000 label_smoothing=0.000
D step=3/5 epoch=1/3 loss=0.2908 l2=0.2000 label_smoothing=0.000
D step=3/5 epoch=2/3 loss=0.2855 l2=0.2000 label_smoothing=0.000
D step=3/5 epoch=3/3 loss=0.2818 l2=0.2000 label_smoothing=0.000
D step=4/5 epoch=1/3 loss=0.2796 l2=0.2000 label_smoothing=0.000
D step=4/5 epoch=2/3 loss=0.2746 l2=0.2000 label_smoothing=0.000
D step=4/5 epoch=3/3 loss=0.2716 l2=0.2000 label_smoothing=0.000
D step=5/5 epoch=1/3 loss=0.2854 l2=0.2000 label_smoothing=0.000
D step=5/5 epoch=2/3 loss=0.2815 l2=0.2000 label_smoothing=0.000
D step=5/5 epoch=3/3 loss=0.2766 l2=0.2000 label_smoothing=0.000
ADV epoch=25/60 g_loss=0.0450 d_loss=0.2804 reward=0.2195 reward_var=0.0162 unique=0.5200
D step=1/5 epoch=1/3 loss=0.2903 l2=0.2000 label_smoothing=0.000
D step=1/5 epoch=2/3 loss=0.2820 l2=0.2000 label_smoothing=0.000
D step=1/5 epoch=3/3 loss=0.2794 l2=0.2000 label_smoothing=0.000
D step=2/5 epoch=1/3 loss=0.2941 l2=0.2000 label_smoothing=0.000
D step=2/5 epoch=2/3 loss=0.2847 l2=0.2000 label_smoothing=0.000
D step=2/5 epoch=3/3 loss=0.2872 l2=0.2000 label_smoothing=0.000
D step=3/5 epoch=1/3 loss=0.2852 l2=0.2000 label_smoothing=0.000
D step=3/5 epoch=2/3 loss=0.2821 l2=0.2000 label_smoothing=0.000
D step=3/5 epoch=3/3 loss=0.2794 l2=0.2000 label_smoothing=0.000
D step=4/5 epoch=1/3 loss=0.2835 l2=0.2000 label_smoothing=0.000
D step=4/5 epoch=2/3 loss=0.2809 l2=0.2000 label_smoothing=0.000
D step=4/5 epoch=3/3 loss=0.2787 l2=0.2000 label_smoothing=0.000
D step=5/5 epoch=1/3 loss=0.2861 l2=0.2000 label_smoothing=0.000
D step=5/5 epoch=2/3 loss=0.2803 l2=0.2000 label_smoothing=0.000
D step=5/5 epoch=3/3 loss=0.2768 l2=0.2000 label_smoothing=0.000
ADV epoch=26/60 g_loss=0.0333 d_loss=0.2834 reward=0.2054 reward_var=0.0112 unique=0.4200
D step=1/5 epoch=1/3 loss=0.2836 l2=0.2000 label_smoothing=0.000
D step=1/5 epoch=2/3 loss=0.2747 l2=0.2000 label_smoothing=0.000
D step=1/5 epoch=3/3 loss=0.2748 l2=0.2000 label_smoothing=0.000
D step=2/5 epoch=1/3 loss=0.2889 l2=0.2000 label_smoothing=0.000
D step=2/5 epoch=2/3 loss=0.2832 l2=0.2000 label_smoothing=0.000
D step=2/5 epoch=3/3 loss=0.2799 l2=0.2000 label_smoothing=0.000
D step=3/5 epoch=1/3 loss=0.2996 l2=0.2000 label_smoothing=0.000
D step=3/5 epoch=2/3 loss=0.2904 l2=0.2000 label_smoothing=0.000
D step=3/5 epoch=3/3 loss=0.2877 l2=0.2000 label_smoothing=0.000
D step=4/5 epoch=1/3 loss=0.2934 l2=0.2000 label_smoothing=0.000
D step=4/5 epoch=2/3 loss=0.2882 l2=0.2000 label_smoothing=0.000
D step=4/5 epoch=3/3 loss=0.2860 l2=0.2000 label_smoothing=0.000
D step=5/5 epoch=1/3 loss=0.2962 l2=0.2000 label_smoothing=0.000
D step=5/5 epoch=2/3 loss=0.2869 l2=0.2000 label_smoothing=0.000
D step=5/5 epoch=3/3 loss=0.2844 l2=0.2000 label_smoothing=0.000
ADV epoch=27/60 g_loss=0.0322 d_loss=0.2865 reward=0.2072 reward_var=0.0060 unique=0.6000
D step=1/5 epoch=1/3 loss=0.2962 l2=0.2000 label_smoothing=0.000
D step=1/5 epoch=2/3 loss=0.2856 l2=0.2000 label_smoothing=0.000
D step=1/5 epoch=3/3 loss=0.2839 l2=0.2000 label_smoothing=0.000
D step=2/5 epoch=1/3 loss=0.2911 l2=0.2000 label_smoothing=0.000
D step=2/5 epoch=2/3 loss=0.2830 l2=0.2000 label_smoothing=0.000
D step=2/5 epoch=3/3 loss=0.2815 l2=0.2000 label_smoothing=0.000
D step=3/5 epoch=1/3 loss=0.2990 l2=0.2000 label_smoothing=0.000
D step=3/5 epoch=2/3 loss=0.2905 l2=0.2000 label_smoothing=0.000
D step=3/5 epoch=3/3 loss=0.2910 l2=0.2000 label_smoothing=0.000
D step=4/5 epoch=1/3 loss=0.3029 l2=0.2000 label_smoothing=0.000
D step=4/5 epoch=2/3 loss=0.2901 l2=0.2000 label_smoothing=0.000
D step=4/5 epoch=3/3 loss=0.2896 l2=0.2000 label_smoothing=0.000
D step=5/5 epoch=1/3 loss=0.2939 l2=0.2000 label_smoothing=0.000
D step=5/5 epoch=2/3 loss=0.2883 l2=0.2000 label_smoothing=0.000
D step=5/5 epoch=3/3 loss=0.2840 l2=0.2000 label_smoothing=0.000
ADV epoch=28/60 g_loss=0.0415 d_loss=0.2900 reward=0.2117 reward_var=0.0053 unique=0.6800
D step=1/5 epoch=1/3 loss=0.3002 l2=0.2000 label_smoothing=0.000
D step=1/5 epoch=2/3 loss=0.2898 l2=0.2000 label_smoothing=0.000
D step=1/5 epoch=3/3 loss=0.2882 l2=0.2000 label_smoothing=0.000
D step=2/5 epoch=1/3 loss=0.2951 l2=0.2000 label_smoothing=0.000
D step=2/5 epoch=2/3 loss=0.2874 l2=0.2000 label_smoothing=0.000
D step=2/5 epoch=3/3 loss=0.2870 l2=0.2000 label_smoothing=0.000
D step=3/5 epoch=1/3 loss=0.2921 l2=0.2000 label_smoothing=0.000
D step=3/5 epoch=2/3 loss=0.2878 l2=0.2000 label_smoothing=0.000
D step=3/5 epoch=3/3 loss=0.2875 l2=0.2000 label_smoothing=0.000
D step=4/5 epoch=1/3 loss=0.2935 l2=0.2000 label_smoothing=0.000
D step=4/5 epoch=2/3 loss=0.2872 l2=0.2000 label_smoothing=0.000
D step=4/5 epoch=3/3 loss=0.2857 l2=0.2000 label_smoothing=0.000
D step=5/5 epoch=1/3 loss=0.2932 l2=0.2000 label_smoothing=0.000
D step=5/5 epoch=2/3 loss=0.2897 l2=0.2000 label_smoothing=0.000
D step=5/5 epoch=3/3 loss=0.2870 l2=0.2000 label_smoothing=0.000
ADV epoch=29/60 g_loss=0.0469 d_loss=0.2901 reward=0.2144 reward_var=0.0252 unique=0.5800
D step=1/5 epoch=1/3 loss=0.2918 l2=0.2000 label_smoothing=0.000
D step=1/5 epoch=2/3 loss=0.2900 l2=0.2000 label_smoothing=0.000
D step=1/5 epoch=3/3 loss=0.2831 l2=0.2000 label_smoothing=0.000
D step=2/5 epoch=1/3 loss=0.2990 l2=0.2000 label_smoothing=0.000
D step=2/5 epoch=2/3 loss=0.2879 l2=0.2000 label_smoothing=0.000
D step=2/5 epoch=3/3 loss=0.2844 l2=0.2000 label_smoothing=0.000
D step=3/5 epoch=1/3 loss=0.2981 l2=0.2000 label_smoothing=0.000
D step=3/5 epoch=2/3 loss=0.2895 l2=0.2000 label_smoothing=0.000
D step=3/5 epoch=3/3 loss=0.2868 l2=0.2000 label_smoothing=0.000
D step=4/5 epoch=1/3 loss=0.2971 l2=0.2000 label_smoothing=0.000
D step=4/5 epoch=2/3 loss=0.2896 l2=0.2000 label_smoothing=0.000
D step=4/5 epoch=3/3 loss=0.2893 l2=0.2000 label_smoothing=0.000
D step=5/5 epoch=1/3 loss=0.3047 l2=0.2000 label_smoothing=0.000
D step=5/5 epoch=2/3 loss=0.2945 l2=0.2000 label_smoothing=0.000
D step=5/5 epoch=3/3 loss=0.2918 l2=0.2000 label_smoothing=0.000
ADV epoch=30/60 g_loss=0.0393 d_loss=0.2919 reward=0.2121 reward_var=0.0064 unique=0.4000
D step=1/5 epoch=1/3 loss=0.2900 l2=0.2000 label_smoothing=0.000
D step=1/5 epoch=2/3 loss=0.2852 l2=0.2000 label_smoothing=0.000
D step=1/5 epoch=3/3 loss=0.2839 l2=0.2000 label_smoothing=0.000
D step=2/5 epoch=1/3 loss=0.3055 l2=0.2000 label_smoothing=0.000
D step=2/5 epoch=2/3 loss=0.2900 l2=0.2000 label_smoothing=0.000
D step=2/5 epoch=3/3 loss=0.2889 l2=0.2000 label_smoothing=0.000
D step=3/5 epoch=1/3 loss=0.3050 l2=0.2000 label_smoothing=0.000
D step=3/5 epoch=2/3 loss=0.2965 l2=0.2000 label_smoothing=0.000
D step=3/5 epoch=3/3 loss=0.2936 l2=0.2000 label_smoothing=0.000
D step=4/5 epoch=1/3 loss=0.2979 l2=0.2000 label_smoothing=0.000
D step=4/5 epoch=2/3 loss=0.2891 l2=0.2000 label_smoothing=0.000
D step=4/5 epoch=3/3 loss=0.2869 l2=0.2000 label_smoothing=0.000
D step=5/5 epoch=1/3 loss=0.2934 l2=0.2000 label_smoothing=0.000
D step=5/5 epoch=2/3 loss=0.2899 l2=0.2000 label_smoothing=0.000
D step=5/5 epoch=3/3 loss=0.2842 l2=0.2000 label_smoothing=0.000
ADV epoch=31/60 g_loss=0.0288 d_loss=0.2920 reward=0.1872 reward_var=0.0073 unique=0.3600
D step=1/5 epoch=1/3 loss=0.2919 l2=0.2000 label_smoothing=0.000
D step=1/5 epoch=2/3 loss=0.2834 l2=0.2000 label_smoothing=0.000
D step=1/5 epoch=3/3 loss=0.2818 l2=0.2000 label_smoothing=0.000
D step=2/5 epoch=1/3 loss=0.2891 l2=0.2000 label_smoothing=0.000
D step=2/5 epoch=2/3 loss=0.2871 l2=0.2000 label_smoothing=0.000
D step=2/5 epoch=3/3 loss=0.2815 l2=0.2000 label_smoothing=0.000
D step=3/5 epoch=1/3 loss=0.2933 l2=0.2000 label_smoothing=0.000
D step=3/5 epoch=2/3 loss=0.2854 l2=0.2000 label_smoothing=0.000
D step=3/5 epoch=3/3 loss=0.2832 l2=0.2000 label_smoothing=0.000
D step=4/5 epoch=1/3 loss=0.3000 l2=0.2000 label_smoothing=0.000
D step=4/5 epoch=2/3 loss=0.2896 l2=0.2000 label_smoothing=0.000
D step=4/5 epoch=3/3 loss=0.2867 l2=0.2000 label_smoothing=0.000
D step=5/5 epoch=1/3 loss=0.2924 l2=0.2000 label_smoothing=0.000
D step=5/5 epoch=2/3 loss=0.2921 l2=0.2000 label_smoothing=0.000
D step=5/5 epoch=3/3 loss=0.2860 l2=0.2000 label_smoothing=0.000
ADV epoch=32/60 g_loss=0.0305 d_loss=0.2882 reward=0.1963 reward_var=0.0075 unique=0.4800
D step=1/5 epoch=1/3 loss=0.3051 l2=0.2000 label_smoothing=0.000
D step=1/5 epoch=2/3 loss=0.2916 l2=0.2000 label_smoothing=0.000
D step=1/5 epoch=3/3 loss=0.2879 l2=0.2000 label_smoothing=0.000
D step=2/5 epoch=1/3 loss=0.2999 l2=0.2000 label_smoothing=0.000
D step=2/5 epoch=2/3 loss=0.2900 l2=0.2000 label_smoothing=0.000
D step=2/5 epoch=3/3 loss=0.2881 l2=0.2000 label_smoothing=0.000
D step=3/5 epoch=1/3 loss=0.2982 l2=0.2000 label_smoothing=0.000
D step=3/5 epoch=2/3 loss=0.2887 l2=0.2000 label_smoothing=0.000
D step=3/5 epoch=3/3 loss=0.2834 l2=0.2000 label_smoothing=0.000
D step=4/5 epoch=1/3 loss=0.2945 l2=0.2000 label_smoothing=0.000
D step=4/5 epoch=2/3 loss=0.2862 l2=0.2000 label_smoothing=0.000
D step=4/5 epoch=3/3 loss=0.2844 l2=0.2000 label_smoothing=0.000
D step=5/5 epoch=1/3 loss=0.2893 l2=0.2000 label_smoothing=0.000
D step=5/5 epoch=2/3 loss=0.2900 l2=0.2000 label_smoothing=0.000
D step=5/5 epoch=3/3 loss=0.2873 l2=0.2000 label_smoothing=0.000
ADV epoch=33/60 g_loss=0.0350 d_loss=0.2910 reward=0.1948 reward_var=0.0063 unique=0.3800
D step=1/5 epoch=1/3 loss=0.2920 l2=0.2000 label_smoothing=0.000
D step=1/5 epoch=2/3 loss=0.2874 l2=0.2000 label_smoothing=0.000
D step=1/5 epoch=3/3 loss=0.2856 l2=0.2000 label_smoothing=0.000
D step=2/5 epoch=1/3 loss=0.2985 l2=0.2000 label_smoothing=0.000
D step=2/5 epoch=2/3 loss=0.2920 l2=0.2000 label_smoothing=0.000
D step=2/5 epoch=3/3 loss=0.2895 l2=0.2000 label_smoothing=0.000
D step=3/5 epoch=1/3 loss=0.2923 l2=0.2000 label_smoothing=0.000
D step=3/5 epoch=2/3 loss=0.2884 l2=0.2000 label_smoothing=0.000
D step=3/5 epoch=3/3 loss=0.2853 l2=0.2000 label_smoothing=0.000
D step=4/5 epoch=1/3 loss=0.2897 l2=0.2000 label_smoothing=0.000
D step=4/5 epoch=2/3 loss=0.2857 l2=0.2000 label_smoothing=0.000
D step=4/5 epoch=3/3 loss=0.2854 l2=0.2000 label_smoothing=0.000
D step=5/5 epoch=1/3 loss=0.2923 l2=0.2000 label_smoothing=0.000
D step=5/5 epoch=2/3 loss=0.2886 l2=0.2000 label_smoothing=0.000
D step=5/5 epoch=3/3 loss=0.2872 l2=0.2000 label_smoothing=0.000
ADV epoch=34/60 g_loss=0.0316 d_loss=0.2893 reward=0.1831 reward_var=0.0070 unique=0.4200
D step=1/5 epoch=1/3 loss=0.2918 l2=0.2000 label_smoothing=0.000
D step=1/5 epoch=2/3 loss=0.2819 l2=0.2000 label_smoothing=0.000
D step=1/5 epoch=3/3 loss=0.2801 l2=0.2000 label_smoothing=0.000
D step=2/5 epoch=1/3 loss=0.2873 l2=0.2000 label_smoothing=0.000
D step=2/5 epoch=2/3 loss=0.2828 l2=0.2000 label_smoothing=0.000
D step=2/5 epoch=3/3 loss=0.2803 l2=0.2000 label_smoothing=0.000
D step=3/5 epoch=1/3 loss=0.2928 l2=0.2000 label_smoothing=0.000
D step=3/5 epoch=2/3 loss=0.2844 l2=0.2000 label_smoothing=0.000
D step=3/5 epoch=3/3 loss=0.2838 l2=0.2000 label_smoothing=0.000
D step=4/5 epoch=1/3 loss=0.2927 l2=0.2000 label_smoothing=0.000
D step=4/5 epoch=2/3 loss=0.2873 l2=0.2000 label_smoothing=0.000
D step=4/5 epoch=3/3 loss=0.2873 l2=0.2000 label_smoothing=0.000
D step=5/5 epoch=1/3 loss=0.2904 l2=0.2000 label_smoothing=0.000
D step=5/5 epoch=2/3 loss=0.2853 l2=0.2000 label_smoothing=0.000
D step=5/5 epoch=3/3 loss=0.2843 l2=0.2000 label_smoothing=0.000
ADV epoch=35/60 g_loss=0.0347 d_loss=0.2861 reward=0.1902 reward_var=0.0068 unique=0.5400
D step=1/5 epoch=1/3 loss=0.2934 l2=0.2000 label_smoothing=0.000
D step=1/5 epoch=2/3 loss=0.2874 l2=0.2000 label_smoothing=0.000
D step=1/5 epoch=3/3 loss=0.2851 l2=0.2000 label_smoothing=0.000
D step=2/5 epoch=1/3 loss=0.2909 l2=0.2000 label_smoothing=0.000
D step=2/5 epoch=2/3 loss=0.2852 l2=0.2000 label_smoothing=0.000
D step=2/5 epoch=3/3 loss=0.2849 l2=0.2000 label_smoothing=0.000
D step=3/5 epoch=1/3 loss=0.2902 l2=0.2000 label_smoothing=0.000
D step=3/5 epoch=2/3 loss=0.2872 l2=0.2000 label_smoothing=0.000
D step=3/5 epoch=3/3 loss=0.2861 l2=0.2000 label_smoothing=0.000
D step=4/5 epoch=1/3 loss=0.2950 l2=0.2000 label_smoothing=0.000
D step=4/5 epoch=2/3 loss=0.2861 l2=0.2000 label_smoothing=0.000
D step=4/5 epoch=3/3 loss=0.2846 l2=0.2000 label_smoothing=0.000
D step=5/5 epoch=1/3 loss=0.2925 l2=0.2000 label_smoothing=0.000
D step=5/5 epoch=2/3 loss=0.2903 l2=0.2000 label_smoothing=0.000
D step=5/5 epoch=3/3 loss=0.2873 l2=0.2000 label_smoothing=0.000
ADV epoch=36/60 g_loss=0.0351 d_loss=0.2884 reward=0.2249 reward_var=0.0090 unique=0.4000
D step=1/5 epoch=1/3 loss=0.2985 l2=0.2000 label_smoothing=0.000
D step=1/5 epoch=2/3 loss=0.2856 l2=0.2000 label_smoothing=0.000
D step=1/5 epoch=3/3 loss=0.2836 l2=0.2000 label_smoothing=0.000
D step=2/5 epoch=1/3 loss=0.2879 l2=0.2000 label_smoothing=0.000
D step=2/5 epoch=2/3 loss=0.2814 l2=0.2000 label_smoothing=0.000
D step=2/5 epoch=3/3 loss=0.2811 l2=0.2000 label_smoothing=0.000
D step=3/5 epoch=1/3 loss=0.2867 l2=0.2000 label_smoothing=0.000
D step=3/5 epoch=2/3 loss=0.2875 l2=0.2000 label_smoothing=0.000
D step=3/5 epoch=3/3 loss=0.2834 l2=0.2000 label_smoothing=0.000
D step=4/5 epoch=1/3 loss=0.2923 l2=0.2000 label_smoothing=0.000
D step=4/5 epoch=2/3 loss=0.2865 l2=0.2000 label_smoothing=0.000
D step=4/5 epoch=3/3 loss=0.2865 l2=0.2000 label_smoothing=0.000
D step=5/5 epoch=1/3 loss=0.2927 l2=0.2000 label_smoothing=0.000
D step=5/5 epoch=2/3 loss=0.2882 l2=0.2000 label_smoothing=0.000
D step=5/5 epoch=3/3 loss=0.2860 l2=0.2000 label_smoothing=0.000
ADV epoch=37/60 g_loss=0.0348 d_loss=0.2872 reward=0.1995 reward_var=0.0081 unique=0.4200
D step=1/5 epoch=1/3 loss=0.2955 l2=0.2000 label_smoothing=0.000
D step=1/5 epoch=2/3 loss=0.2866 l2=0.2000 label_smoothing=0.000
D step=1/5 epoch=3/3 loss=0.2859 l2=0.2000 label_smoothing=0.000
D step=2/5 epoch=1/3 loss=0.2994 l2=0.2000 label_smoothing=0.000
D step=2/5 epoch=2/3 loss=0.2918 l2=0.2000 label_smoothing=0.000
D step=2/5 epoch=3/3 loss=0.2889 l2=0.2000 label_smoothing=0.000
D step=3/5 epoch=1/3 loss=0.2962 l2=0.2000 label_smoothing=0.000
D step=3/5 epoch=2/3 loss=0.2900 l2=0.2000 label_smoothing=0.000
D step=3/5 epoch=3/3 loss=0.2883 l2=0.2000 label_smoothing=0.000
D step=4/5 epoch=1/3 loss=0.2928 l2=0.2000 label_smoothing=0.000
D step=4/5 epoch=2/3 loss=0.2865 l2=0.2000 label_smoothing=0.000
D step=4/5 epoch=3/3 loss=0.2892 l2=0.2000 label_smoothing=0.000
D step=5/5 epoch=1/3 loss=0.2903 l2=0.2000 label_smoothing=0.000
D step=5/5 epoch=2/3 loss=0.2854 l2=0.2000 label_smoothing=0.000
D step=5/5 epoch=3/3 loss=0.2825 l2=0.2000 label_smoothing=0.000
ADV epoch=38/60 g_loss=0.0341 d_loss=0.2899 reward=0.1886 reward_var=0.0088 unique=0.4600
D step=1/5 epoch=1/3 loss=0.3059 l2=0.2000 label_smoothing=0.000
D step=1/5 epoch=2/3 loss=0.2941 l2=0.2000 label_smoothing=0.000
D step=1/5 epoch=3/3 loss=0.2942 l2=0.2000 label_smoothing=0.000
D step=2/5 epoch=1/3 loss=0.2974 l2=0.2000 label_smoothing=0.000
D step=2/5 epoch=2/3 loss=0.2890 l2=0.2000 label_smoothing=0.000
D step=2/5 epoch=3/3 loss=0.2874 l2=0.2000 label_smoothing=0.000
D step=3/5 epoch=1/3 loss=0.3034 l2=0.2000 label_smoothing=0.000
D step=3/5 epoch=2/3 loss=0.2989 l2=0.2000 label_smoothing=0.000
D step=3/5 epoch=3/3 loss=0.2962 l2=0.2000 label_smoothing=0.000
D step=4/5 epoch=1/3 loss=0.2932 l2=0.2000 label_smoothing=0.000
D step=4/5 epoch=2/3 loss=0.2906 l2=0.2000 label_smoothing=0.000
D step=4/5 epoch=3/3 loss=0.2887 l2=0.2000 label_smoothing=0.000
D step=5/5 epoch=1/3 loss=0.3005 l2=0.2000 label_smoothing=0.000
D step=5/5 epoch=2/3 loss=0.2938 l2=0.2000 label_smoothing=0.000
D step=5/5 epoch=3/3 loss=0.2921 l2=0.2000 label_smoothing=0.000
ADV epoch=39/60 g_loss=0.0340 d_loss=0.2950 reward=0.1913 reward_var=0.0061 unique=0.4800
D step=1/5 epoch=1/3 loss=0.3058 l2=0.2000 label_smoothing=0.000
D step=1/5 epoch=2/3 loss=0.2954 l2=0.2000 label_smoothing=0.000
D step=1/5 epoch=3/3 loss=0.2947 l2=0.2000 label_smoothing=0.000
D step=2/5 epoch=1/3 loss=0.2980 l2=0.2000 label_smoothing=0.000
D step=2/5 epoch=2/3 loss=0.2918 l2=0.2000 label_smoothing=0.000
D step=2/5 epoch=3/3 loss=0.2913 l2=0.2000 label_smoothing=0.000
D step=3/5 epoch=1/3 loss=0.2978 l2=0.2000 label_smoothing=0.000
D step=3/5 epoch=2/3 loss=0.2930 l2=0.2000 label_smoothing=0.000
D step=3/5 epoch=3/3 loss=0.2902 l2=0.2000 label_smoothing=0.000
D step=4/5 epoch=1/3 loss=0.2893 l2=0.2000 label_smoothing=0.000
D step=4/5 epoch=2/3 loss=0.2871 l2=0.2000 label_smoothing=0.000
D step=4/5 epoch=3/3 loss=0.2878 l2=0.2000 label_smoothing=0.000
D step=5/5 epoch=1/3 loss=0.2998 l2=0.2000 label_smoothing=0.000
D step=5/5 epoch=2/3 loss=0.2925 l2=0.2000 label_smoothing=0.000
D step=5/5 epoch=3/3 loss=0.2921 l2=0.2000 label_smoothing=0.000
ADV epoch=40/60 g_loss=0.0318 d_loss=0.2938 reward=0.2031 reward_var=0.0037 unique=0.3000
D step=1/5 epoch=1/3 loss=0.2974 l2=0.2000 label_smoothing=0.000
D step=1/5 epoch=2/3 loss=0.2905 l2=0.2000 label_smoothing=0.000
D step=1/5 epoch=3/3 loss=0.2899 l2=0.2000 label_smoothing=0.000
D step=2/5 epoch=1/3 loss=0.3013 l2=0.2000 label_smoothing=0.000
D step=2/5 epoch=2/3 loss=0.2983 l2=0.2000 label_smoothing=0.000
D step=2/5 epoch=3/3 loss=0.2961 l2=0.2000 label_smoothing=0.000
D step=3/5 epoch=1/3 loss=0.3000 l2=0.2000 label_smoothing=0.000
D step=3/5 epoch=2/3 loss=0.2952 l2=0.2000 label_smoothing=0.000
D step=3/5 epoch=3/3 loss=0.2941 l2=0.2000 label_smoothing=0.000
D step=4/5 epoch=1/3 loss=0.3009 l2=0.2000 label_smoothing=0.000
D step=4/5 epoch=2/3 loss=0.2936 l2=0.2000 label_smoothing=0.000
D step=4/5 epoch=3/3 loss=0.2901 l2=0.2000 label_smoothing=0.000
D step=5/5 epoch=1/3 loss=0.3105 l2=0.2000 label_smoothing=0.000
D step=5/5 epoch=2/3 loss=0.2983 l2=0.2000 label_smoothing=0.000
D step=5/5 epoch=3/3 loss=0.2961 l2=0.2000 label_smoothing=0.000
ADV epoch=41/60 g_loss=0.0300 d_loss=0.2968 reward=0.1969 reward_var=0.0051 unique=0.5000
D step=1/5 epoch=1/3 loss=0.3024 l2=0.2000 label_smoothing=0.000
D step=1/5 epoch=2/3 loss=0.2961 l2=0.2000 label_smoothing=0.000
D step=1/5 epoch=3/3 loss=0.2961 l2=0.2000 label_smoothing=0.000
D step=2/5 epoch=1/3 loss=0.2986 l2=0.2000 label_smoothing=0.000
D step=2/5 epoch=2/3 loss=0.2934 l2=0.2000 label_smoothing=0.000
D step=2/5 epoch=3/3 loss=0.2903 l2=0.2000 label_smoothing=0.000
D step=3/5 epoch=1/3 loss=0.3019 l2=0.2000 label_smoothing=0.000
D step=3/5 epoch=2/3 loss=0.2962 l2=0.2000 label_smoothing=0.000
D step=3/5 epoch=3/3 loss=0.2917 l2=0.2000 label_smoothing=0.000
D step=4/5 epoch=1/3 loss=0.2996 l2=0.2000 label_smoothing=0.000
D step=4/5 epoch=2/3 loss=0.2934 l2=0.2000 label_smoothing=0.000
D step=4/5 epoch=3/3 loss=0.2928 l2=0.2000 label_smoothing=0.000
D step=5/5 epoch=1/3 loss=0.3012 l2=0.2000 label_smoothing=0.000
D step=5/5 epoch=2/3 loss=0.2969 l2=0.2000 label_smoothing=0.000
D step=5/5 epoch=3/3 loss=0.2949 l2=0.2000 label_smoothing=0.000
ADV epoch=42/60 g_loss=0.0320 d_loss=0.2964 reward=0.1901 reward_var=0.0069 unique=0.4200
D step=1/5 epoch=1/3 loss=0.3027 l2=0.2000 label_smoothing=0.000
D step=1/5 epoch=2/3 loss=0.2948 l2=0.2000 label_smoothing=0.000
D step=1/5 epoch=3/3 loss=0.2933 l2=0.2000 label_smoothing=0.000
D step=2/5 epoch=1/3 loss=0.2991 l2=0.2000 label_smoothing=0.000
D step=2/5 epoch=2/3 loss=0.2949 l2=0.2000 label_smoothing=0.000
D step=2/5 epoch=3/3 loss=0.2930 l2=0.2000 label_smoothing=0.000
D step=3/5 epoch=1/3 loss=0.3038 l2=0.2000 label_smoothing=0.000
D step=3/5 epoch=2/3 loss=0.2970 l2=0.2000 label_smoothing=0.000
D step=3/5 epoch=3/3 loss=0.2955 l2=0.2000 label_smoothing=0.000
D step=4/5 epoch=1/3 loss=0.2951 l2=0.2000 label_smoothing=0.000
D step=4/5 epoch=2/3 loss=0.2940 l2=0.2000 label_smoothing=0.000
D step=4/5 epoch=3/3 loss=0.2899 l2=0.2000 label_smoothing=0.000
D step=5/5 epoch=1/3 loss=0.2967 l2=0.2000 label_smoothing=0.000
D step=5/5 epoch=2/3 loss=0.2880 l2=0.2000 label_smoothing=0.000
D step=5/5 epoch=3/3 loss=0.2865 l2=0.2000 label_smoothing=0.000
ADV epoch=43/60 g_loss=0.0285 d_loss=0.2950 reward=0.1910 reward_var=0.0049 unique=0.4800
D step=1/5 epoch=1/3 loss=0.2921 l2=0.2000 label_smoothing=0.000
D step=1/5 epoch=2/3 loss=0.2859 l2=0.2000 label_smoothing=0.000
D step=1/5 epoch=3/3 loss=0.2872 l2=0.2000 label_smoothing=0.000
D step=2/5 epoch=1/3 loss=0.2946 l2=0.2000 label_smoothing=0.000
D step=2/5 epoch=2/3 loss=0.2908 l2=0.2000 label_smoothing=0.000
D step=2/5 epoch=3/3 loss=0.2887 l2=0.2000 label_smoothing=0.000
D step=3/5 epoch=1/3 loss=0.3035 l2=0.2000 label_smoothing=0.000
D step=3/5 epoch=2/3 loss=0.2952 l2=0.2000 label_smoothing=0.000
D step=3/5 epoch=3/3 loss=0.2934 l2=0.2000 label_smoothing=0.000
D step=4/5 epoch=1/3 loss=0.2947 l2=0.2000 label_smoothing=0.000
D step=4/5 epoch=2/3 loss=0.2906 l2=0.2000 label_smoothing=0.000
D step=4/5 epoch=3/3 loss=0.2898 l2=0.2000 label_smoothing=0.000
D step=5/5 epoch=1/3 loss=0.2927 l2=0.2000 label_smoothing=0.000
D step=5/5 epoch=2/3 loss=0.2881 l2=0.2000 label_smoothing=0.000
D step=5/5 epoch=3/3 loss=0.2859 l2=0.2000 label_smoothing=0.000
ADV epoch=44/60 g_loss=0.0373 d_loss=0.2915 reward=0.2081 reward_var=0.0073 unique=0.4000
D step=1/5 epoch=1/3 loss=0.2938 l2=0.2000 label_smoothing=0.000
D step=1/5 epoch=2/3 loss=0.2912 l2=0.2000 label_smoothing=0.000
D step=1/5 epoch=3/3 loss=0.2912 l2=0.2000 label_smoothing=0.000
D step=2/5 epoch=1/3 loss=0.2975 l2=0.2000 label_smoothing=0.000
D step=2/5 epoch=2/3 loss=0.2936 l2=0.2000 label_smoothing=0.000
D step=2/5 epoch=3/3 loss=0.2895 l2=0.2000 label_smoothing=0.000
D step=3/5 epoch=1/3 loss=0.2940 l2=0.2000 label_smoothing=0.000
D step=3/5 epoch=2/3 loss=0.2872 l2=0.2000 label_smoothing=0.000
D step=3/5 epoch=3/3 loss=0.2839 l2=0.2000 label_smoothing=0.000
D step=4/5 epoch=1/3 loss=0.2985 l2=0.2000 label_smoothing=0.000
D step=4/5 epoch=2/3 loss=0.2917 l2=0.2000 label_smoothing=0.000
D step=4/5 epoch=3/3 loss=0.2880 l2=0.2000 label_smoothing=0.000
D step=5/5 epoch=1/3 loss=0.2854 l2=0.2000 label_smoothing=0.000
D step=5/5 epoch=2/3 loss=0.2840 l2=0.2000 label_smoothing=0.000
D step=5/5 epoch=3/3 loss=0.2842 l2=0.2000 label_smoothing=0.000
ADV epoch=45/60 g_loss=0.0327 d_loss=0.2902 reward=0.1981 reward_var=0.0111 unique=0.3600
D step=1/5 epoch=1/3 loss=0.2955 l2=0.2000 label_smoothing=0.000
D step=1/5 epoch=2/3 loss=0.2875 l2=0.2000 label_smoothing=0.000
D step=1/5 epoch=3/3 loss=0.2869 l2=0.2000 label_smoothing=0.000
D step=2/5 epoch=1/3 loss=0.2966 l2=0.2000 label_smoothing=0.000
D step=2/5 epoch=2/3 loss=0.2885 l2=0.2000 label_smoothing=0.000
D step=2/5 epoch=3/3 loss=0.2879 l2=0.2000 label_smoothing=0.000
D step=3/5 epoch=1/3 loss=0.2955 l2=0.2000 label_smoothing=0.000
D step=3/5 epoch=2/3 loss=0.2899 l2=0.2000 label_smoothing=0.000
D step=3/5 epoch=3/3 loss=0.2885 l2=0.2000 label_smoothing=0.000
D step=4/5 epoch=1/3 loss=0.2973 l2=0.2000 label_smoothing=0.000
D step=4/5 epoch=2/3 loss=0.2916 l2=0.2000 label_smoothing=0.000
D step=4/5 epoch=3/3 loss=0.2914 l2=0.2000 label_smoothing=0.000
D step=5/5 epoch=1/3 loss=0.2907 l2=0.2000 label_smoothing=0.000
D step=5/5 epoch=2/3 loss=0.2898 l2=0.2000 label_smoothing=0.000
D step=5/5 epoch=3/3 loss=0.2835 l2=0.2000 label_smoothing=0.000
ADV epoch=46/60 g_loss=0.0328 d_loss=0.2907 reward=0.1928 reward_var=0.0066 unique=0.5000
D step=1/5 epoch=1/3 loss=0.2974 l2=0.2000 label_smoothing=0.000
D step=1/5 epoch=2/3 loss=0.2914 l2=0.2000 label_smoothing=0.000
D step=1/5 epoch=3/3 loss=0.2895 l2=0.2000 label_smoothing=0.000
D step=2/5 epoch=1/3 loss=0.2989 l2=0.2000 label_smoothing=0.000
D step=2/5 epoch=2/3 loss=0.2954 l2=0.2000 label_smoothing=0.000
D step=2/5 epoch=3/3 loss=0.2952 l2=0.2000 label_smoothing=0.000
D step=3/5 epoch=1/3 loss=0.2941 l2=0.2000 label_smoothing=0.000
D step=3/5 epoch=2/3 loss=0.2903 l2=0.2000 label_smoothing=0.000
D step=3/5 epoch=3/3 loss=0.2931 l2=0.2000 label_smoothing=0.000
D step=4/5 epoch=1/3 loss=0.3025 l2=0.2000 label_smoothing=0.000
D step=4/5 epoch=2/3 loss=0.2920 l2=0.2000 label_smoothing=0.000
D step=4/5 epoch=3/3 loss=0.2918 l2=0.2000 label_smoothing=0.000
D step=5/5 epoch=1/3 loss=0.2951 l2=0.2000 label_smoothing=0.000
D step=5/5 epoch=2/3 loss=0.2900 l2=0.2000 label_smoothing=0.000
D step=5/5 epoch=3/3 loss=0.2932 l2=0.2000 label_smoothing=0.000
ADV epoch=47/60 g_loss=0.0397 d_loss=0.2940 reward=0.1926 reward_var=0.0099 unique=0.5400
D step=1/5 epoch=1/3 loss=0.2986 l2=0.2000 label_smoothing=0.000
D step=1/5 epoch=2/3 loss=0.2951 l2=0.2000 label_smoothing=0.000
D step=1/5 epoch=3/3 loss=0.2946 l2=0.2000 label_smoothing=0.000
D step=2/5 epoch=1/3 loss=0.3081 l2=0.2000 label_smoothing=0.000
D step=2/5 epoch=2/3 loss=0.2965 l2=0.2000 label_smoothing=0.000
D step=2/5 epoch=3/3 loss=0.2955 l2=0.2000 label_smoothing=0.000
D step=3/5 epoch=1/3 loss=0.2985 l2=0.2000 label_smoothing=0.000
D step=3/5 epoch=2/3 loss=0.2966 l2=0.2000 label_smoothing=0.000
D step=3/5 epoch=3/3 loss=0.2949 l2=0.2000 label_smoothing=0.000
D step=4/5 epoch=1/3 loss=0.2960 l2=0.2000 label_smoothing=0.000
D step=4/5 epoch=2/3 loss=0.2943 l2=0.2000 label_smoothing=0.000
D step=4/5 epoch=3/3 loss=0.2924 l2=0.2000 label_smoothing=0.000
D step=5/5 epoch=1/3 loss=0.3039 l2=0.2000 label_smoothing=0.000
D step=5/5 epoch=2/3 loss=0.3014 l2=0.2000 label_smoothing=0.000
D step=5/5 epoch=3/3 loss=0.2966 l2=0.2000 label_smoothing=0.000
ADV epoch=48/60 g_loss=0.0450 d_loss=0.2975 reward=0.1944 reward_var=0.0110 unique=0.4400
D step=1/5 epoch=1/3 loss=0.3094 l2=0.2000 label_smoothing=0.000
D step=1/5 epoch=2/3 loss=0.3001 l2=0.2000 label_smoothing=0.000
D step=1/5 epoch=3/3 loss=0.2985 l2=0.2000 label_smoothing=0.000
D step=2/5 epoch=1/3 loss=0.3051 l2=0.2000 label_smoothing=0.000
D step=2/5 epoch=2/3 loss=0.2993 l2=0.2000 label_smoothing=0.000
D step=2/5 epoch=3/3 loss=0.2970 l2=0.2000 label_smoothing=0.000
D step=3/5 epoch=1/3 loss=0.3106 l2=0.2000 label_smoothing=0.000
D step=3/5 epoch=2/3 loss=0.3010 l2=0.2000 label_smoothing=0.000
D step=3/5 epoch=3/3 loss=0.2985 l2=0.2000 label_smoothing=0.000
D step=4/5 epoch=1/3 loss=0.3076 l2=0.2000 label_smoothing=0.000
D step=4/5 epoch=2/3 loss=0.2987 l2=0.2000 label_smoothing=0.000
D step=4/5 epoch=3/3 loss=0.2972 l2=0.2000 label_smoothing=0.000
D step=5/5 epoch=1/3 loss=0.3002 l2=0.2000 label_smoothing=0.000
D step=5/5 epoch=2/3 loss=0.2954 l2=0.2000 label_smoothing=0.000
D step=5/5 epoch=3/3 loss=0.2948 l2=0.2000 label_smoothing=0.000
ADV epoch=49/60 g_loss=0.0421 d_loss=0.3009 reward=0.2154 reward_var=0.0077 unique=0.5200
D step=1/5 epoch=1/3 loss=0.3124 l2=0.2000 label_smoothing=0.000
D step=1/5 epoch=2/3 loss=0.3034 l2=0.2000 label_smoothing=0.000
D step=1/5 epoch=3/3 loss=0.3014 l2=0.2000 label_smoothing=0.000
D step=2/5 epoch=1/3 loss=0.3064 l2=0.2000 label_smoothing=0.000
D step=2/5 epoch=2/3 loss=0.2973 l2=0.2000 label_smoothing=0.000
D step=2/5 epoch=3/3 loss=0.2947 l2=0.2000 label_smoothing=0.000
D step=3/5 epoch=1/3 loss=0.2995 l2=0.2000 label_smoothing=0.000
D step=3/5 epoch=2/3 loss=0.2956 l2=0.2000 label_smoothing=0.000
D step=3/5 epoch=3/3 loss=0.2946 l2=0.2000 label_smoothing=0.000
D step=4/5 epoch=1/3 loss=0.3086 l2=0.2000 label_smoothing=0.000
D step=4/5 epoch=2/3 loss=0.2984 l2=0.2000 label_smoothing=0.000
D step=4/5 epoch=3/3 loss=0.2984 l2=0.2000 label_smoothing=0.000
D step=5/5 epoch=1/3 loss=0.3004 l2=0.2000 label_smoothing=0.000
D step=5/5 epoch=2/3 loss=0.2943 l2=0.2000 label_smoothing=0.000
D step=5/5 epoch=3/3 loss=0.2913 l2=0.2000 label_smoothing=0.000
ADV epoch=50/60 g_loss=0.0291 d_loss=0.2998 reward=0.1927 reward_var=0.0049 unique=0.4600
D step=1/5 epoch=1/3 loss=0.2961 l2=0.2000 label_smoothing=0.000
D step=1/5 epoch=2/3 loss=0.2913 l2=0.2000 label_smoothing=0.000
D step=1/5 epoch=3/3 loss=0.2907 l2=0.2000 label_smoothing=0.000
D step=2/5 epoch=1/3 loss=0.2899 l2=0.2000 label_smoothing=0.000
D step=2/5 epoch=2/3 loss=0.2874 l2=0.2000 label_smoothing=0.000
D step=2/5 epoch=3/3 loss=0.2858 l2=0.2000 label_smoothing=0.000
D step=3/5 epoch=1/3 loss=0.3017 l2=0.2000 label_smoothing=0.000
D step=3/5 epoch=2/3 loss=0.2945 l2=0.2000 label_smoothing=0.000
D step=3/5 epoch=3/3 loss=0.2915 l2=0.2000 label_smoothing=0.000
D step=4/5 epoch=1/3 loss=0.3063 l2=0.2000 label_smoothing=0.000
D step=4/5 epoch=2/3 loss=0.2992 l2=0.2000 label_smoothing=0.000
D step=4/5 epoch=3/3 loss=0.2958 l2=0.2000 label_smoothing=0.000
D step=5/5 epoch=1/3 loss=0.3029 l2=0.2000 label_smoothing=0.000
D step=5/5 epoch=2/3 loss=0.2952 l2=0.2000 label_smoothing=0.000
D step=5/5 epoch=3/3 loss=0.2928 l2=0.2000 label_smoothing=0.000
ADV epoch=51/60 g_loss=0.0316 d_loss=0.2947 reward=0.1978 reward_var=0.0039 unique=0.4600
D step=1/5 epoch=1/3 loss=0.3093 l2=0.2000 label_smoothing=0.000
D step=1/5 epoch=2/3 loss=0.3015 l2=0.2000 label_smoothing=0.000
D step=1/5 epoch=3/3 loss=0.2984 l2=0.2000 label_smoothing=0.000
D step=2/5 epoch=1/3 loss=0.2970 l2=0.2000 label_smoothing=0.000
D step=2/5 epoch=2/3 loss=0.2914 l2=0.2000 label_smoothing=0.000
D step=2/5 epoch=3/3 loss=0.2889 l2=0.2000 label_smoothing=0.000
D step=3/5 epoch=1/3 loss=0.3103 l2=0.2000 label_smoothing=0.000
D step=3/5 epoch=2/3 loss=0.2972 l2=0.2000 label_smoothing=0.000
D step=3/5 epoch=3/3 loss=0.2959 l2=0.2000 label_smoothing=0.000
D step=4/5 epoch=1/3 loss=0.3091 l2=0.2000 label_smoothing=0.000
D step=4/5 epoch=2/3 loss=0.2965 l2=0.2000 label_smoothing=0.000
D step=4/5 epoch=3/3 loss=0.2943 l2=0.2000 label_smoothing=0.000
D step=5/5 epoch=1/3 loss=0.2977 l2=0.2000 label_smoothing=0.000
D step=5/5 epoch=2/3 loss=0.2938 l2=0.2000 label_smoothing=0.000
D step=5/5 epoch=3/3 loss=0.2917 l2=0.2000 label_smoothing=0.000
ADV epoch=52/60 g_loss=0.0347 d_loss=0.2982 reward=0.2061 reward_var=0.0054 unique=0.4200
D step=1/5 epoch=1/3 loss=0.2968 l2=0.2000 label_smoothing=0.000
D step=1/5 epoch=2/3 loss=0.2902 l2=0.2000 label_smoothing=0.000
D step=1/5 epoch=3/3 loss=0.2894 l2=0.2000 label_smoothing=0.000
D step=2/5 epoch=1/3 loss=0.3033 l2=0.2000 label_smoothing=0.000
D step=2/5 epoch=2/3 loss=0.2883 l2=0.2000 label_smoothing=0.000
D step=2/5 epoch=3/3 loss=0.2874 l2=0.2000 label_smoothing=0.000
D step=3/5 epoch=1/3 loss=0.2993 l2=0.2000 label_smoothing=0.000
D step=3/5 epoch=2/3 loss=0.2963 l2=0.2000 label_smoothing=0.000
D step=3/5 epoch=3/3 loss=0.2921 l2=0.2000 label_smoothing=0.000
D step=4/5 epoch=1/3 loss=0.3002 l2=0.2000 label_smoothing=0.000
D step=4/5 epoch=2/3 loss=0.2971 l2=0.2000 label_smoothing=0.000
D step=4/5 epoch=3/3 loss=0.2963 l2=0.2000 label_smoothing=0.000
D step=5/5 epoch=1/3 loss=0.2957 l2=0.2000 label_smoothing=0.000
D step=5/5 epoch=2/3 loss=0.2885 l2=0.2000 label_smoothing=0.000
D step=5/5 epoch=3/3 loss=0.2895 l2=0.2000 label_smoothing=0.000
ADV epoch=53/60 g_loss=0.0293 d_loss=0.2940 reward=0.1889 reward_var=0.0065 unique=0.4400
D step=1/5 epoch=1/3 loss=0.2946 l2=0.2000 label_smoothing=0.000
D step=1/5 epoch=2/3 loss=0.2900 l2=0.2000 label_smoothing=0.000
D step=1/5 epoch=3/3 loss=0.2895 l2=0.2000 label_smoothing=0.000
D step=2/5 epoch=1/3 loss=0.2924 l2=0.2000 label_smoothing=0.000
D step=2/5 epoch=2/3 loss=0.2885 l2=0.2000 label_smoothing=0.000
D step=2/5 epoch=3/3 loss=0.2860 l2=0.2000 label_smoothing=0.000
D step=3/5 epoch=1/3 loss=0.2944 l2=0.2000 label_smoothing=0.000
D step=3/5 epoch=2/3 loss=0.2911 l2=0.2000 label_smoothing=0.000
D step=3/5 epoch=3/3 loss=0.2912 l2=0.2000 label_smoothing=0.000
D step=4/5 epoch=1/3 loss=0.3057 l2=0.2000 label_smoothing=0.000
D step=4/5 epoch=2/3 loss=0.2972 l2=0.2000 label_smoothing=0.000
D step=4/5 epoch=3/3 loss=0.2960 l2=0.2000 label_smoothing=0.000
D step=5/5 epoch=1/3 loss=0.3009 l2=0.2000 label_smoothing=0.000
D step=5/5 epoch=2/3 loss=0.2964 l2=0.2000 label_smoothing=0.000
D step=5/5 epoch=3/3 loss=0.2949 l2=0.2000 label_smoothing=0.000
ADV epoch=54/60 g_loss=0.0297 d_loss=0.2939 reward=0.1868 reward_var=0.0063 unique=0.4400
D step=1/5 epoch=1/3 loss=0.2972 l2=0.2000 label_smoothing=0.000
D step=1/5 epoch=2/3 loss=0.2934 l2=0.2000 label_smoothing=0.000
D step=1/5 epoch=3/3 loss=0.2916 l2=0.2000 label_smoothing=0.000
D step=2/5 epoch=1/3 loss=0.2934 l2=0.2000 label_smoothing=0.000
D step=2/5 epoch=2/3 loss=0.2897 l2=0.2000 label_smoothing=0.000
D step=2/5 epoch=3/3 loss=0.2889 l2=0.2000 label_smoothing=0.000
D step=3/5 epoch=1/3 loss=0.3001 l2=0.2000 label_smoothing=0.000
D step=3/5 epoch=2/3 loss=0.2963 l2=0.2000 label_smoothing=0.000
D step=3/5 epoch=3/3 loss=0.2938 l2=0.2000 label_smoothing=0.000
D step=4/5 epoch=1/3 loss=0.2966 l2=0.2000 label_smoothing=0.000
D step=4/5 epoch=2/3 loss=0.2936 l2=0.2000 label_smoothing=0.000
D step=4/5 epoch=3/3 loss=0.2917 l2=0.2000 label_smoothing=0.000
D step=5/5 epoch=1/3 loss=0.2957 l2=0.2000 label_smoothing=0.000
D step=5/5 epoch=2/3 loss=0.2942 l2=0.2000 label_smoothing=0.000
D step=5/5 epoch=3/3 loss=0.2926 l2=0.2000 label_smoothing=0.000
ADV epoch=55/60 g_loss=0.0287 d_loss=0.2939 reward=0.1839 reward_var=0.0041 unique=0.3600
D step=1/5 epoch=1/3 loss=0.2983 l2=0.2000 label_smoothing=0.000
D step=1/5 epoch=2/3 loss=0.2944 l2=0.2000 label_smoothing=0.000
D step=1/5 epoch=3/3 loss=0.2909 l2=0.2000 label_smoothing=0.000
D step=2/5 epoch=1/3 loss=0.2995 l2=0.2000 label_smoothing=0.000
D step=2/5 epoch=2/3 loss=0.2966 l2=0.2000 label_smoothing=0.000
D step=2/5 epoch=3/3 loss=0.2965 l2=0.2000 label_smoothing=0.000
D step=3/5 epoch=1/3 loss=0.2973 l2=0.2000 label_smoothing=0.000
D step=3/5 epoch=2/3 loss=0.2959 l2=0.2000 label_smoothing=0.000
D step=3/5 epoch=3/3 loss=0.2938 l2=0.2000 label_smoothing=0.000
D step=4/5 epoch=1/3 loss=0.2935 l2=0.2000 label_smoothing=0.000
D step=4/5 epoch=2/3 loss=0.2900 l2=0.2000 label_smoothing=0.000
D step=4/5 epoch=3/3 loss=0.2898 l2=0.2000 label_smoothing=0.000
D step=5/5 epoch=1/3 loss=0.3015 l2=0.2000 label_smoothing=0.000
D step=5/5 epoch=2/3 loss=0.2968 l2=0.2000 label_smoothing=0.000
D step=5/5 epoch=3/3 loss=0.2948 l2=0.2000 label_smoothing=0.000
ADV epoch=56/60 g_loss=0.0277 d_loss=0.2953 reward=0.1957 reward_var=0.0051 unique=0.4000
D step=1/5 epoch=1/3 loss=0.3111 l2=0.2000 label_smoothing=0.000
D step=1/5 epoch=2/3 loss=0.3033 l2=0.2000 label_smoothing=0.000
D step=1/5 epoch=3/3 loss=0.3016 l2=0.2000 label_smoothing=0.000
D step=2/5 epoch=1/3 loss=0.2980 l2=0.2000 label_smoothing=0.000
D step=2/5 epoch=2/3 loss=0.2927 l2=0.2000 label_smoothing=0.000
D step=2/5 epoch=3/3 loss=0.2900 l2=0.2000 label_smoothing=0.000
D step=3/5 epoch=1/3 loss=0.3019 l2=0.2000 label_smoothing=0.000
D step=3/5 epoch=2/3 loss=0.2987 l2=0.2000 label_smoothing=0.000
D step=3/5 epoch=3/3 loss=0.2966 l2=0.2000 label_smoothing=0.000
D step=4/5 epoch=1/3 loss=0.2997 l2=0.2000 label_smoothing=0.000
D step=4/5 epoch=2/3 loss=0.2960 l2=0.2000 label_smoothing=0.000
D step=4/5 epoch=3/3 loss=0.2948 l2=0.2000 label_smoothing=0.000
D step=5/5 epoch=1/3 loss=0.3084 l2=0.2000 label_smoothing=0.000
D step=5/5 epoch=2/3 loss=0.2989 l2=0.2000 label_smoothing=0.000
D step=5/5 epoch=3/3 loss=0.2972 l2=0.2000 label_smoothing=0.000
ADV epoch=57/60 g_loss=0.0328 d_loss=0.2993 reward=0.1973 reward_var=0.0061 unique=0.4800
D step=1/5 epoch=1/3 loss=0.2963 l2=0.2000 label_smoothing=0.000
D step=1/5 epoch=2/3 loss=0.2887 l2=0.2000 label_smoothing=0.000
D step=1/5 epoch=3/3 loss=0.2882 l2=0.2000 label_smoothing=0.000
D step=2/5 epoch=1/3 loss=0.2977 l2=0.2000 label_smoothing=0.000
D step=2/5 epoch=2/3 loss=0.2927 l2=0.2000 label_smoothing=0.000
D step=2/5 epoch=3/3 loss=0.2915 l2=0.2000 label_smoothing=0.000
D step=3/5 epoch=1/3 loss=0.3052 l2=0.2000 label_smoothing=0.000
D step=3/5 epoch=2/3 loss=0.2961 l2=0.2000 label_smoothing=0.000
D step=3/5 epoch=3/3 loss=0.2935 l2=0.2000 label_smoothing=0.000
D step=4/5 epoch=1/3 loss=0.2960 l2=0.2000 label_smoothing=0.000
D step=4/5 epoch=2/3 loss=0.2924 l2=0.2000 label_smoothing=0.000
D step=4/5 epoch=3/3 loss=0.2928 l2=0.2000 label_smoothing=0.000
D step=5/5 epoch=1/3 loss=0.3032 l2=0.2000 label_smoothing=0.000
D step=5/5 epoch=2/3 loss=0.2980 l2=0.2000 label_smoothing=0.000
D step=5/5 epoch=3/3 loss=0.2964 l2=0.2000 label_smoothing=0.000
ADV epoch=58/60 g_loss=0.0256 d_loss=0.2952 reward=0.1809 reward_var=0.0044 unique=0.4600
D step=1/5 epoch=1/3 loss=0.2967 l2=0.2000 label_smoothing=0.000
D step=1/5 epoch=2/3 loss=0.2903 l2=0.2000 label_smoothing=0.000
D step=1/5 epoch=3/3 loss=0.2897 l2=0.2000 label_smoothing=0.000
D step=2/5 epoch=1/3 loss=0.2990 l2=0.2000 label_smoothing=0.000
D step=2/5 epoch=2/3 loss=0.2973 l2=0.2000 label_smoothing=0.000
D step=2/5 epoch=3/3 loss=0.2977 l2=0.2000 label_smoothing=0.000
D step=3/5 epoch=1/3 loss=0.3029 l2=0.2000 label_smoothing=0.000
D step=3/5 epoch=2/3 loss=0.2970 l2=0.2000 label_smoothing=0.000
D step=3/5 epoch=3/3 loss=0.2954 l2=0.2000 label_smoothing=0.000
D step=4/5 epoch=1/3 loss=0.3023 l2=0.2000 label_smoothing=0.000
D step=4/5 epoch=2/3 loss=0.2966 l2=0.2000 label_smoothing=0.000
D step=4/5 epoch=3/3 loss=0.2970 l2=0.2000 label_smoothing=0.000
D step=5/5 epoch=1/3 loss=0.3022 l2=0.2000 label_smoothing=0.000
D step=5/5 epoch=2/3 loss=0.2962 l2=0.2000 label_smoothing=0.000
D step=5/5 epoch=3/3 loss=0.2956 l2=0.2000 label_smoothing=0.000
ADV epoch=59/60 g_loss=0.0226 d_loss=0.2971 reward=0.1593 reward_var=0.0055 unique=0.4000
D step=1/5 epoch=1/3 loss=0.3008 l2=0.2000 label_smoothing=0.000
D step=1/5 epoch=2/3 loss=0.2899 l2=0.2000 label_smoothing=0.000
D step=1/5 epoch=3/3 loss=0.2895 l2=0.2000 label_smoothing=0.000
D step=2/5 epoch=1/3 loss=0.2994 l2=0.2000 label_smoothing=0.000
D step=2/5 epoch=2/3 loss=0.2977 l2=0.2000 label_smoothing=0.000
D step=2/5 epoch=3/3 loss=0.2967 l2=0.2000 label_smoothing=0.000
D step=3/5 epoch=1/3 loss=0.2973 l2=0.2000 label_smoothing=0.000
D step=3/5 epoch=2/3 loss=0.2913 l2=0.2000 label_smoothing=0.000
D step=3/5 epoch=3/3 loss=0.2906 l2=0.2000 label_smoothing=0.000
D step=4/5 epoch=1/3 loss=0.3015 l2=0.2000 label_smoothing=0.000
D step=4/5 epoch=2/3 loss=0.3030 l2=0.2000 label_smoothing=0.000
D step=4/5 epoch=3/3 loss=0.2952 l2=0.2000 label_smoothing=0.000
D step=5/5 epoch=1/3 loss=0.2974 l2=0.2000 label_smoothing=0.000
D step=5/5 epoch=2/3 loss=0.2947 l2=0.2000 label_smoothing=0.000
D step=5/5 epoch=3/3 loss=0.2943 l2=0.2000 label_smoothing=0.000
ADV epoch=60/60 g_loss=0.0329 d_loss=0.2959 reward=0.2041 reward_var=0.0063 unique=0.3600
saved 500 raw samples to /content/drive/MyDrive/GAN/GAN_SQLi_Colab/results_seqgan_phase2b_phase3/phase2b/seqgan_master/boolean/E/R10/generated_payloads.csv
