
[1/3] pretrain G
G epoch=1/120 loss=4.6072
G epoch=2/120 loss=4.4866
G epoch=3/120 loss=4.3507
G epoch=4/120 loss=4.1836
G epoch=5/120 loss=3.9787
G epoch=6/120 loss=3.7437
G epoch=7/120 loss=3.5034
G epoch=8/120 loss=3.2884
G epoch=9/120 loss=3.1159
G epoch=10/120 loss=2.9896
G epoch=11/120 loss=2.8962
G epoch=12/120 loss=2.8168
G epoch=13/120 loss=2.7374
G epoch=14/120 loss=2.6566
G epoch=15/120 loss=2.5760
G epoch=16/120 loss=2.4973
G epoch=17/120 loss=2.4229
G epoch=18/120 loss=2.3528
G epoch=19/120 loss=2.2856
G epoch=20/120 loss=2.2199
G epoch=21/120 loss=2.1546
G epoch=22/120 loss=2.0894
G epoch=23/120 loss=2.0255
G epoch=24/120 loss=1.9645
G epoch=25/120 loss=1.9079
G epoch=26/120 loss=1.8556
G epoch=27/120 loss=1.8065
G epoch=28/120 loss=1.7599
G epoch=29/120 loss=1.7148
G epoch=30/120 loss=1.6707
G epoch=31/120 loss=1.6280
G epoch=32/120 loss=1.5874
G epoch=33/120 loss=1.5490
G epoch=34/120 loss=1.5118
G epoch=35/120 loss=1.4749
G epoch=36/120 loss=1.4389
G epoch=37/120 loss=1.4043
G epoch=38/120 loss=1.3714
G epoch=39/120 loss=1.3392
G epoch=40/120 loss=1.3079
G epoch=41/120 loss=1.2776
G epoch=42/120 loss=1.2489
G epoch=43/120 loss=1.2212
G epoch=44/120 loss=1.1938
G epoch=45/120 loss=1.1675
G epoch=46/120 loss=1.1418
G epoch=47/120 loss=1.1171
G epoch=48/120 loss=1.0924
G epoch=49/120 loss=1.0682
G epoch=50/120 loss=1.0451
G epoch=51/120 loss=1.0220
G epoch=52/120 loss=0.9991
G epoch=53/120 loss=0.9764
G epoch=54/120 loss=0.9543
G epoch=55/120 loss=0.9330
G epoch=56/120 loss=0.9124
G epoch=57/120 loss=0.8926
G epoch=58/120 loss=0.8732
G epoch=59/120 loss=0.8541
G epoch=60/120 loss=0.8355
G epoch=61/120 loss=0.8172
G epoch=62/120 loss=0.7992
G epoch=63/120 loss=0.7815
G epoch=64/120 loss=0.7645
G epoch=65/120 loss=0.7482
G epoch=66/120 loss=0.7334
G epoch=67/120 loss=0.7161
G epoch=68/120 loss=0.7003
G epoch=69/120 loss=0.6861
G epoch=70/120 loss=0.6714
G epoch=71/120 loss=0.6575
G epoch=72/120 loss=0.6443
G epoch=73/120 loss=0.6320
G epoch=74/120 loss=0.6197
G epoch=75/120 loss=0.6068
G epoch=76/120 loss=0.5950
G epoch=77/120 loss=0.5842
G epoch=78/120 loss=0.5738
G epoch=79/120 loss=0.5621
G epoch=80/120 loss=0.5507
G epoch=81/120 loss=0.5408
G epoch=82/120 loss=0.5338
G epoch=83/120 loss=0.5310
G epoch=84/120 loss=0.5213
G epoch=85/120 loss=0.5135
G epoch=86/120 loss=0.5036
G epoch=87/120 loss=0.4949
G epoch=88/120 loss=0.4823
G epoch=89/120 loss=0.4759
G epoch=90/120 loss=0.4650
G epoch=91/120 loss=0.4580
G epoch=92/120 loss=0.4501
G epoch=93/120 loss=0.4428
G epoch=94/120 loss=0.4348
G epoch=95/120 loss=0.4290
G epoch=96/120 loss=0.4207
G epoch=97/120 loss=0.4146
G epoch=98/120 loss=0.4083
G epoch=99/120 loss=0.4020
G epoch=100/120 loss=0.3967
G epoch=101/120 loss=0.3908
G epoch=102/120 loss=0.3851
G epoch=103/120 loss=0.3797
G epoch=104/120 loss=0.3744
G epoch=105/120 loss=0.3689
G epoch=106/120 loss=0.3638
G epoch=107/120 loss=0.3594
G epoch=108/120 loss=0.3544
G epoch=109/120 loss=0.3496
G epoch=110/120 loss=0.3457
G epoch=111/120 loss=0.3411
G epoch=112/120 loss=0.3365
G epoch=113/120 loss=0.3326
G epoch=114/120 loss=0.3288
G epoch=115/120 loss=0.3249
G epoch=116/120 loss=0.3211
G epoch=117/120 loss=0.3177
G epoch=118/120 loss=0.3141
G epoch=119/120 loss=0.3107
G epoch=120/120 loss=0.3074

[2/3] pretrain D

[3/3] adversarial
generator_reward_mode=off reward_alpha=1.000 d_steps=5 d_epochs=3
ADV epoch=1/200 g_loss=0.3836 d_loss=0.0000 reward=0.5248 reward_var=0.0005 unique=0.9800
ADV epoch=2/200 g_loss=0.4218 d_loss=0.0000 reward=0.5286 reward_var=0.0007 unique=0.9800
ADV epoch=3/200 g_loss=0.4395 d_loss=0.0000 reward=0.5286 reward_var=0.0006 unique=1.0000
ADV epoch=4/200 g_loss=0.4651 d_loss=0.0000 reward=0.5253 reward_var=0.0006 unique=1.0000
ADV epoch=5/200 g_loss=0.4287 d_loss=0.0000 reward=0.5287 reward_var=0.0006 unique=1.0000
ADV epoch=6/200 g_loss=0.4884 d_loss=0.0000 reward=0.5287 reward_var=0.0005 unique=1.0000
ADV epoch=7/200 g_loss=0.4560 d_loss=0.0000 reward=0.5281 reward_var=0.0008 unique=1.0000
ADV epoch=8/200 g_loss=0.4939 d_loss=0.0000 reward=0.5302 reward_var=0.0006 unique=1.0000
ADV epoch=9/200 g_loss=0.5100 d_loss=0.0000 reward=0.5347 reward_var=0.0007 unique=1.0000
ADV epoch=10/200 g_loss=0.4940 d_loss=0.0000 reward=0.5364 reward_var=0.0005 unique=1.0000
ADV epoch=11/200 g_loss=0.5334 d_loss=0.0000 reward=0.5369 reward_var=0.0008 unique=1.0000
ADV epoch=12/200 g_loss=0.5148 d_loss=0.0000 reward=0.5337 reward_var=0.0005 unique=1.0000
ADV epoch=13/200 g_loss=0.4924 d_loss=0.0000 reward=0.5343 reward_var=0.0006 unique=1.0000
ADV epoch=14/200 g_loss=0.4900 d_loss=0.0000 reward=0.5379 reward_var=0.0004 unique=1.0000
ADV epoch=15/200 g_loss=0.4882 d_loss=0.0000 reward=0.5391 reward_var=0.0005 unique=1.0000
ADV epoch=16/200 g_loss=0.4835 d_loss=0.0000 reward=0.5366 reward_var=0.0005 unique=1.0000
ADV epoch=17/200 g_loss=0.5125 d_loss=0.0000 reward=0.5383 reward_var=0.0007 unique=1.0000
ADV epoch=18/200 g_loss=0.4875 d_loss=0.0000 reward=0.5375 reward_var=0.0005 unique=1.0000
ADV epoch=19/200 g_loss=0.5311 d_loss=0.0000 reward=0.5408 reward_var=0.0005 unique=1.0000
ADV epoch=20/200 g_loss=0.5543 d_loss=0.0000 reward=0.5412 reward_var=0.0006 unique=1.0000
ADV epoch=21/200 g_loss=0.5267 d_loss=0.0000 reward=0.5414 reward_var=0.0008 unique=1.0000
ADV epoch=22/200 g_loss=0.5762 d_loss=0.0000 reward=0.5465 reward_var=0.0005 unique=1.0000
ADV epoch=23/200 g_loss=0.5488 d_loss=0.0000 reward=0.5458 reward_var=0.0007 unique=1.0000
ADV epoch=24/200 g_loss=0.5680 d_loss=0.0000 reward=0.5466 reward_var=0.0006 unique=1.0000
ADV epoch=25/200 g_loss=0.5624 d_loss=0.0000 reward=0.5501 reward_var=0.0006 unique=1.0000
ADV epoch=26/200 g_loss=0.5493 d_loss=0.0000 reward=0.5521 reward_var=0.0006 unique=1.0000
ADV epoch=27/200 g_loss=0.5962 d_loss=0.0000 reward=0.5535 reward_var=0.0004 unique=1.0000
ADV epoch=28/200 g_loss=0.5207 d_loss=0.0000 reward=0.5539 reward_var=0.0003 unique=1.0000
ADV epoch=29/200 g_loss=0.5664 d_loss=0.0000 reward=0.5561 reward_var=0.0004 unique=1.0000
ADV epoch=30/200 g_loss=0.5812 d_loss=0.0000 reward=0.5547 reward_var=0.0004 unique=1.0000
ADV epoch=31/200 g_loss=0.5995 d_loss=0.0000 reward=0.5547 reward_var=0.0004 unique=1.0000
ADV epoch=32/200 g_loss=0.5801 d_loss=0.0000 reward=0.5579 reward_var=0.0004 unique=1.0000
ADV epoch=33/200 g_loss=0.5801 d_loss=0.0000 reward=0.5559 reward_var=0.0004 unique=1.0000
ADV epoch=34/200 g_loss=0.5777 d_loss=0.0000 reward=0.5618 reward_var=0.0004 unique=1.0000
ADV epoch=35/200 g_loss=0.5574 d_loss=0.0000 reward=0.5613 reward_var=0.0003 unique=1.0000
ADV epoch=36/200 g_loss=0.5831 d_loss=0.0000 reward=0.5580 reward_var=0.0004 unique=1.0000
ADV epoch=37/200 g_loss=0.5777 d_loss=0.0000 reward=0.5599 reward_var=0.0003 unique=1.0000
ADV epoch=38/200 g_loss=0.5517 d_loss=0.0000 reward=0.5589 reward_var=0.0004 unique=1.0000
ADV epoch=39/200 g_loss=0.5413 d_loss=0.0000 reward=0.5597 reward_var=0.0003 unique=1.0000
ADV epoch=40/200 g_loss=0.5820 d_loss=0.0000 reward=0.5573 reward_var=0.0004 unique=1.0000
ADV epoch=41/200 g_loss=0.5549 d_loss=0.0000 reward=0.5566 reward_var=0.0004 unique=1.0000
ADV epoch=42/200 g_loss=0.5216 d_loss=0.0000 reward=0.5603 reward_var=0.0004 unique=1.0000
ADV epoch=43/200 g_loss=0.5501 d_loss=0.0000 reward=0.5565 reward_var=0.0003 unique=1.0000
ADV epoch=44/200 g_loss=0.5565 d_loss=0.0000 reward=0.5555 reward_var=0.0004 unique=1.0000
ADV epoch=45/200 g_loss=0.5540 d_loss=0.0000 reward=0.5552 reward_var=0.0004 unique=1.0000
ADV epoch=46/200 g_loss=0.5368 d_loss=0.0000 reward=0.5556 reward_var=0.0004 unique=1.0000
ADV epoch=47/200 g_loss=0.5628 d_loss=0.0000 reward=0.5542 reward_var=0.0004 unique=1.0000
ADV epoch=48/200 g_loss=0.5379 d_loss=0.0000 reward=0.5570 reward_var=0.0003 unique=1.0000
ADV epoch=49/200 g_loss=0.5377 d_loss=0.0000 reward=0.5505 reward_var=0.0004 unique=1.0000
ADV epoch=50/200 g_loss=0.5571 d_loss=0.0000 reward=0.5548 reward_var=0.0003 unique=1.0000
ADV epoch=51/200 g_loss=0.5896 d_loss=0.0000 reward=0.5547 reward_var=0.0004 unique=1.0000
ADV epoch=52/200 g_loss=0.5508 d_loss=0.0000 reward=0.5542 reward_var=0.0003 unique=1.0000
ADV epoch=53/200 g_loss=0.5605 d_loss=0.0000 reward=0.5539 reward_var=0.0004 unique=1.0000
ADV epoch=54/200 g_loss=0.5365 d_loss=0.0000 reward=0.5551 reward_var=0.0003 unique=1.0000
ADV epoch=55/200 g_loss=0.5539 d_loss=0.0000 reward=0.5519 reward_var=0.0003 unique=1.0000
ADV epoch=56/200 g_loss=0.5087 d_loss=0.0000 reward=0.5549 reward_var=0.0003 unique=1.0000
ADV epoch=57/200 g_loss=0.5157 d_loss=0.0000 reward=0.5554 reward_var=0.0004 unique=1.0000
ADV epoch=58/200 g_loss=0.5207 d_loss=0.0000 reward=0.5553 reward_var=0.0003 unique=1.0000
ADV epoch=59/200 g_loss=0.5020 d_loss=0.0000 reward=0.5571 reward_var=0.0003 unique=1.0000
ADV epoch=60/200 g_loss=0.4221 d_loss=0.0000 reward=0.5549 reward_var=0.0003 unique=1.0000
ADV epoch=61/200 g_loss=0.4797 d_loss=0.0000 reward=0.5596 reward_var=0.0003 unique=1.0000
ADV epoch=62/200 g_loss=0.5044 d_loss=0.0000 reward=0.5572 reward_var=0.0003 unique=0.9800
ADV epoch=63/200 g_loss=0.4619 d_loss=0.0000 reward=0.5578 reward_var=0.0004 unique=1.0000
ADV epoch=64/200 g_loss=0.4970 d_loss=0.0000 reward=0.5564 reward_var=0.0003 unique=1.0000
ADV epoch=65/200 g_loss=0.4940 d_loss=0.0000 reward=0.5542 reward_var=0.0003 unique=1.0000
ADV epoch=66/200 g_loss=0.4827 d_loss=0.0000 reward=0.5561 reward_var=0.0004 unique=1.0000
ADV epoch=67/200 g_loss=0.4828 d_loss=0.0000 reward=0.5552 reward_var=0.0003 unique=1.0000
ADV epoch=68/200 g_loss=0.4721 d_loss=0.0000 reward=0.5525 reward_var=0.0003 unique=1.0000
ADV epoch=69/200 g_loss=0.5029 d_loss=0.0000 reward=0.5530 reward_var=0.0003 unique=1.0000
ADV epoch=70/200 g_loss=0.4763 d_loss=0.0000 reward=0.5536 reward_var=0.0003 unique=1.0000
ADV epoch=71/200 g_loss=0.5412 d_loss=0.0000 reward=0.5539 reward_var=0.0004 unique=1.0000
ADV epoch=72/200 g_loss=0.4753 d_loss=0.0000 reward=0.5543 reward_var=0.0003 unique=1.0000
ADV epoch=73/200 g_loss=0.5119 d_loss=0.0000 reward=0.5543 reward_var=0.0003 unique=1.0000
ADV epoch=74/200 g_loss=0.4889 d_loss=0.0000 reward=0.5555 reward_var=0.0004 unique=1.0000
ADV epoch=75/200 g_loss=0.5006 d_loss=0.0000 reward=0.5552 reward_var=0.0003 unique=1.0000
ADV epoch=76/200 g_loss=0.4959 d_loss=0.0000 reward=0.5575 reward_var=0.0003 unique=1.0000
ADV epoch=77/200 g_loss=0.4821 d_loss=0.0000 reward=0.5595 reward_var=0.0003 unique=1.0000
ADV epoch=78/200 g_loss=0.4972 d_loss=0.0000 reward=0.5594 reward_var=0.0004 unique=1.0000
ADV epoch=79/200 g_loss=0.4623 d_loss=0.0000 reward=0.5606 reward_var=0.0003 unique=1.0000
ADV epoch=80/200 g_loss=0.4763 d_loss=0.0000 reward=0.5601 reward_var=0.0003 unique=1.0000
ADV epoch=81/200 g_loss=0.4844 d_loss=0.0000 reward=0.5617 reward_var=0.0004 unique=1.0000
ADV epoch=82/200 g_loss=0.5045 d_loss=0.0000 reward=0.5595 reward_var=0.0003 unique=1.0000
ADV epoch=83/200 g_loss=0.4688 d_loss=0.0000 reward=0.5616 reward_var=0.0004 unique=1.0000
ADV epoch=84/200 g_loss=0.4696 d_loss=0.0000 reward=0.5675 reward_var=0.0003 unique=1.0000
ADV epoch=85/200 g_loss=0.4737 d_loss=0.0000 reward=0.5668 reward_var=0.0004 unique=1.0000
ADV epoch=86/200 g_loss=0.4578 d_loss=0.0000 reward=0.5681 reward_var=0.0003 unique=1.0000
ADV epoch=87/200 g_loss=0.4396 d_loss=0.0000 reward=0.5707 reward_var=0.0003 unique=1.0000
ADV epoch=88/200 g_loss=0.4315 d_loss=0.0000 reward=0.5711 reward_var=0.0003 unique=1.0000
ADV epoch=89/200 g_loss=0.4342 d_loss=0.0000 reward=0.5725 reward_var=0.0003 unique=1.0000
ADV epoch=90/200 g_loss=0.4263 d_loss=0.0000 reward=0.5767 reward_var=0.0003 unique=1.0000
ADV epoch=91/200 g_loss=0.3832 d_loss=0.0000 reward=0.5766 reward_var=0.0003 unique=0.9800
ADV epoch=92/200 g_loss=0.3699 d_loss=0.0000 reward=0.5819 reward_var=0.0003 unique=0.9800
ADV epoch=93/200 g_loss=0.3648 d_loss=0.0000 reward=0.5829 reward_var=0.0003 unique=1.0000
ADV epoch=94/200 g_loss=0.3442 d_loss=0.0000 reward=0.5821 reward_var=0.0003 unique=0.9800
ADV epoch=95/200 g_loss=0.3289 d_loss=0.0000 reward=0.5836 reward_var=0.0003 unique=0.9400
ADV epoch=96/200 g_loss=0.3328 d_loss=0.0000 reward=0.5831 reward_var=0.0003 unique=0.9800
ADV epoch=97/200 g_loss=0.3054 d_loss=0.0000 reward=0.5810 reward_var=0.0003 unique=0.9600
ADV epoch=98/200 g_loss=0.3054 d_loss=0.0000 reward=0.5805 reward_var=0.0004 unique=0.9600
ADV epoch=99/200 g_loss=0.2797 d_loss=0.0000 reward=0.5785 reward_var=0.0003 unique=0.9400
ADV epoch=100/200 g_loss=0.2705 d_loss=0.0000 reward=0.5718 reward_var=0.0006 unique=0.9800
ADV epoch=101/200 g_loss=0.2662 d_loss=0.0000 reward=0.5660 reward_var=0.0006 unique=0.9600
ADV epoch=102/200 g_loss=0.2435 d_loss=0.0000 reward=0.5555 reward_var=0.0008 unique=0.9600
ADV epoch=103/200 g_loss=0.1999 d_loss=0.0000 reward=0.5470 reward_var=0.0008 unique=0.7000
ADV epoch=104/200 g_loss=0.1782 d_loss=0.0000 reward=0.5350 reward_var=0.0007 unique=0.6600
ADV epoch=105/200 g_loss=0.1509 d_loss=0.0000 reward=0.5244 reward_var=0.0006 unique=0.5000
ADV epoch=106/200 g_loss=0.1286 d_loss=0.0000 reward=0.5134 reward_var=0.0005 unique=0.4800
ADV epoch=107/200 g_loss=0.1083 d_loss=0.0000 reward=0.5065 reward_var=0.0004 unique=0.5600
ADV epoch=108/200 g_loss=0.1106 d_loss=0.0000 reward=0.5023 reward_var=0.0004 unique=0.4800
ADV epoch=109/200 g_loss=0.0984 d_loss=0.0000 reward=0.4947 reward_var=0.0003 unique=0.5600
ADV epoch=110/200 g_loss=0.0997 d_loss=0.0000 reward=0.4947 reward_var=0.0003 unique=0.4000
ADV epoch=111/200 g_loss=0.1221 d_loss=0.0000 reward=0.4939 reward_var=0.0004 unique=0.5400
ADV epoch=112/200 g_loss=0.1009 d_loss=0.0000 reward=0.4918 reward_var=0.0005 unique=0.4000
ADV epoch=113/200 g_loss=0.1168 d_loss=0.0000 reward=0.4914 reward_var=0.0003 unique=0.5600
ADV epoch=114/200 g_loss=0.0991 d_loss=0.0000 reward=0.4873 reward_var=0.0004 unique=0.5800
ADV epoch=115/200 g_loss=0.1156 d_loss=0.0000 reward=0.4921 reward_var=0.0004 unique=0.6600
ADV epoch=116/200 g_loss=0.1236 d_loss=0.0000 reward=0.4911 reward_var=0.0003 unique=0.6600
ADV epoch=117/200 g_loss=0.1047 d_loss=0.0000 reward=0.4884 reward_var=0.0004 unique=0.6400
ADV epoch=118/200 g_loss=0.1457 d_loss=0.0000 reward=0.4945 reward_var=0.0005 unique=0.6000
ADV epoch=119/200 g_loss=0.1386 d_loss=0.0000 reward=0.4944 reward_var=0.0005 unique=0.6200
ADV epoch=120/200 g_loss=0.1247 d_loss=0.0000 reward=0.4908 reward_var=0.0003 unique=0.7400
ADV epoch=121/200 g_loss=0.1542 d_loss=0.0000 reward=0.4945 reward_var=0.0005 unique=0.6800
ADV epoch=122/200 g_loss=0.1518 d_loss=0.0000 reward=0.4959 reward_var=0.0004 unique=0.6800
ADV epoch=123/200 g_loss=0.1464 d_loss=0.0000 reward=0.4936 reward_var=0.0003 unique=0.7200
ADV epoch=124/200 g_loss=0.1934 d_loss=0.0000 reward=0.5024 reward_var=0.0006 unique=0.8400
ADV epoch=125/200 g_loss=0.1451 d_loss=0.0000 reward=0.4976 reward_var=0.0004 unique=0.8200
ADV epoch=126/200 g_loss=0.1759 d_loss=0.0000 reward=0.4988 reward_var=0.0004 unique=0.7400
ADV epoch=127/200 g_loss=0.1744 d_loss=0.0000 reward=0.5019 reward_var=0.0004 unique=0.7400
ADV epoch=128/200 g_loss=0.1928 d_loss=0.0000 reward=0.5055 reward_var=0.0005 unique=0.9000
ADV epoch=129/200 g_loss=0.1848 d_loss=0.0000 reward=0.5052 reward_var=0.0003 unique=0.8000
ADV epoch=130/200 g_loss=0.2061 d_loss=0.0000 reward=0.5078 reward_var=0.0004 unique=0.8400
ADV epoch=131/200 g_loss=0.2101 d_loss=0.0000 reward=0.5098 reward_var=0.0005 unique=0.9000
ADV epoch=132/200 g_loss=0.2212 d_loss=0.0000 reward=0.5104 reward_var=0.0004 unique=0.9400
ADV epoch=133/200 g_loss=0.2179 d_loss=0.0000 reward=0.5111 reward_var=0.0003 unique=0.9600
ADV epoch=134/200 g_loss=0.2504 d_loss=0.0000 reward=0.5162 reward_var=0.0004 unique=1.0000
ADV epoch=135/200 g_loss=0.2454 d_loss=0.0000 reward=0.5152 reward_var=0.0003 unique=1.0000
ADV epoch=136/200 g_loss=0.2546 d_loss=0.0000 reward=0.5202 reward_var=0.0005 unique=1.0000
ADV epoch=137/200 g_loss=0.2470 d_loss=0.0000 reward=0.5188 reward_var=0.0003 unique=0.9600
ADV epoch=138/200 g_loss=0.2706 d_loss=0.0000 reward=0.5219 reward_var=0.0005 unique=1.0000
ADV epoch=139/200 g_loss=0.2692 d_loss=0.0000 reward=0.5207 reward_var=0.0004 unique=0.9800
ADV epoch=140/200 g_loss=0.2867 d_loss=0.0000 reward=0.5216 reward_var=0.0004 unique=0.9400
ADV epoch=141/200 g_loss=0.2836 d_loss=0.0000 reward=0.5234 reward_var=0.0004 unique=0.9800
ADV epoch=142/200 g_loss=0.2769 d_loss=0.0000 reward=0.5239 reward_var=0.0004 unique=0.9600
ADV epoch=143/200 g_loss=0.3018 d_loss=0.0000 reward=0.5212 reward_var=0.0004 unique=0.9800
ADV epoch=144/200 g_loss=0.3077 d_loss=0.0000 reward=0.5237 reward_var=0.0003 unique=1.0000
ADV epoch=145/200 g_loss=0.3108 d_loss=0.0000 reward=0.5226 reward_var=0.0003 unique=1.0000
ADV epoch=146/200 g_loss=0.3328 d_loss=0.0000 reward=0.5261 reward_var=0.0003 unique=1.0000
ADV epoch=147/200 g_loss=0.3287 d_loss=0.0000 reward=0.5273 reward_var=0.0004 unique=1.0000
ADV epoch=148/200 g_loss=0.3532 d_loss=0.0000 reward=0.5271 reward_var=0.0004 unique=1.0000
ADV epoch=149/200 g_loss=0.3124 d_loss=0.0000 reward=0.5278 reward_var=0.0003 unique=1.0000
ADV epoch=150/200 g_loss=0.3350 d_loss=0.0000 reward=0.5301 reward_var=0.0004 unique=1.0000
ADV epoch=151/200 g_loss=0.3560 d_loss=0.0000 reward=0.5310 reward_var=0.0003 unique=1.0000
ADV epoch=152/200 g_loss=0.3466 d_loss=0.0000 reward=0.5268 reward_var=0.0003 unique=1.0000
ADV epoch=153/200 g_loss=0.3653 d_loss=0.0000 reward=0.5317 reward_var=0.0004 unique=1.0000
ADV epoch=154/200 g_loss=0.3733 d_loss=0.0000 reward=0.5341 reward_var=0.0004 unique=1.0000
ADV epoch=155/200 g_loss=0.3602 d_loss=0.0000 reward=0.5343 reward_var=0.0003 unique=1.0000
ADV epoch=156/200 g_loss=0.3931 d_loss=0.0000 reward=0.5371 reward_var=0.0004 unique=1.0000
ADV epoch=157/200 g_loss=0.3682 d_loss=0.0000 reward=0.5406 reward_var=0.0004 unique=1.0000
ADV epoch=158/200 g_loss=0.4097 d_loss=0.0000 reward=0.5450 reward_var=0.0004 unique=1.0000
ADV epoch=159/200 g_loss=0.3875 d_loss=0.0000 reward=0.5473 reward_var=0.0003 unique=1.0000
ADV epoch=160/200 g_loss=0.3924 d_loss=0.0000 reward=0.5516 reward_var=0.0004 unique=1.0000
ADV epoch=161/200 g_loss=0.3907 d_loss=0.0000 reward=0.5564 reward_var=0.0004 unique=1.0000
ADV epoch=162/200 g_loss=0.3729 d_loss=0.0000 reward=0.5569 reward_var=0.0004 unique=0.9800
ADV epoch=163/200 g_loss=0.3871 d_loss=0.0000 reward=0.5564 reward_var=0.0004 unique=1.0000
ADV epoch=164/200 g_loss=0.3940 d_loss=0.0000 reward=0.5589 reward_var=0.0004 unique=1.0000
ADV epoch=165/200 g_loss=0.3565 d_loss=0.0000 reward=0.5571 reward_var=0.0005 unique=1.0000
ADV epoch=166/200 g_loss=0.3682 d_loss=0.0000 reward=0.5520 reward_var=0.0005 unique=0.9800
ADV epoch=167/200 g_loss=0.3727 d_loss=0.0000 reward=0.5547 reward_var=0.0007 unique=1.0000
ADV epoch=168/200 g_loss=0.3420 d_loss=0.0000 reward=0.5529 reward_var=0.0006 unique=1.0000
ADV epoch=169/200 g_loss=0.3491 d_loss=0.0000 reward=0.5510 reward_var=0.0006 unique=1.0000
ADV epoch=170/200 g_loss=0.3663 d_loss=0.0000 reward=0.5528 reward_var=0.0005 unique=1.0000
ADV epoch=171/200 g_loss=0.3652 d_loss=0.0000 reward=0.5486 reward_var=0.0006 unique=1.0000
ADV epoch=172/200 g_loss=0.3254 d_loss=0.0000 reward=0.5485 reward_var=0.0006 unique=0.9800
ADV epoch=173/200 g_loss=0.3478 d_loss=0.0000 reward=0.5473 reward_var=0.0007 unique=1.0000
ADV epoch=174/200 g_loss=0.3775 d_loss=0.0000 reward=0.5466 reward_var=0.0007 unique=1.0000
ADV epoch=175/200 g_loss=0.3793 d_loss=0.0000 reward=0.5514 reward_var=0.0006 unique=1.0000
ADV epoch=176/200 g_loss=0.3807 d_loss=0.0000 reward=0.5477 reward_var=0.0006 unique=1.0000
ADV epoch=177/200 g_loss=0.4020 d_loss=0.0000 reward=0.5511 reward_var=0.0006 unique=1.0000
ADV epoch=178/200 g_loss=0.4120 d_loss=0.0000 reward=0.5492 reward_var=0.0007 unique=0.9800
ADV epoch=179/200 g_loss=0.3749 d_loss=0.0000 reward=0.5502 reward_var=0.0006 unique=1.0000
ADV epoch=180/200 g_loss=0.4342 d_loss=0.0000 reward=0.5467 reward_var=0.0005 unique=1.0000
ADV epoch=181/200 g_loss=0.3956 d_loss=0.0000 reward=0.5526 reward_var=0.0004 unique=1.0000
ADV epoch=182/200 g_loss=0.3893 d_loss=0.0000 reward=0.5499 reward_var=0.0005 unique=1.0000
ADV epoch=183/200 g_loss=0.4441 d_loss=0.0000 reward=0.5570 reward_var=0.0004 unique=1.0000
ADV epoch=184/200 g_loss=0.4093 d_loss=0.0000 reward=0.5520 reward_var=0.0004 unique=1.0000
ADV epoch=185/200 g_loss=0.4500 d_loss=0.0000 reward=0.5569 reward_var=0.0005 unique=1.0000
ADV epoch=186/200 g_loss=0.4133 d_loss=0.0000 reward=0.5511 reward_var=0.0005 unique=1.0000
ADV epoch=187/200 g_loss=0.4673 d_loss=0.0000 reward=0.5573 reward_var=0.0005 unique=1.0000
ADV epoch=188/200 g_loss=0.4640 d_loss=0.0000 reward=0.5537 reward_var=0.0004 unique=1.0000
ADV epoch=189/200 g_loss=0.5008 d_loss=0.0000 reward=0.5551 reward_var=0.0005 unique=1.0000
ADV epoch=190/200 g_loss=0.4735 d_loss=0.0000 reward=0.5529 reward_var=0.0004 unique=1.0000
ADV epoch=191/200 g_loss=0.4900 d_loss=0.0000 reward=0.5586 reward_var=0.0005 unique=0.9800
ADV epoch=192/200 g_loss=0.4973 d_loss=0.0000 reward=0.5576 reward_var=0.0005 unique=1.0000
ADV epoch=193/200 g_loss=0.5230 d_loss=0.0000 reward=0.5601 reward_var=0.0004 unique=1.0000
ADV epoch=194/200 g_loss=0.4678 d_loss=0.0000 reward=0.5592 reward_var=0.0004 unique=1.0000
ADV epoch=195/200 g_loss=0.5312 d_loss=0.0000 reward=0.5625 reward_var=0.0005 unique=1.0000
ADV epoch=196/200 g_loss=0.4976 d_loss=0.0000 reward=0.5620 reward_var=0.0004 unique=1.0000
ADV epoch=197/200 g_loss=0.4912 d_loss=0.0000 reward=0.5639 reward_var=0.0005 unique=1.0000
ADV epoch=198/200 g_loss=0.4699 d_loss=0.0000 reward=0.5579 reward_var=0.0004 unique=1.0000
ADV epoch=199/200 g_loss=0.4964 d_loss=0.0000 reward=0.5656 reward_var=0.0004 unique=1.0000
ADV epoch=200/200 g_loss=0.4820 d_loss=0.0000 reward=0.5666 reward_var=0.0003 unique=1.0000
saved 2000 raw samples to /content/drive/MyDrive/GAN_for_SQLi - 4/result/final/seqgan_master/union/F/R500/generated_payloads.csv
