{
  "metric_schema_version": "quality-metrics-v3",
  "normalization_version": "nfkc_html_percent1_casefold_ws_quotes_v1",
  "seed": 88,
  "method": "seqgan_master",
  "family": "union",
  "scenario": "A",
  "ratio": "50",
  "generation_kind": "direct",
  "schema_valid": true,
  "stop_reason": "n/a",
  "n_generated": 200,
  "unique_rate": 0.57,
  "normalized_unique_rate": 0.55,
  "duplicate_rate": 0.43000000000000005,
  "model_collapse_rate": 0.43000000000000005,
  "dominant_payload_share": 0.325,
  "normalized_dominant_payload_share": 0.325,
  "sql_parse_rate": 1.0,
  "sql_structure_rate": 0.58,
  "family_motif_coverage": 0.25,
  "family_motif_hit_rate": 0.575,
  "garbage_rate": 0.42000000000000004,
  "wellformed_rate": 1.0,
  "shaped_rate": 0.58,
  "family_motif_coverage_by_family": {
    "union": 0.25
  },
  "family_motif_hit_rate_by_family": {
    "union": 0.575
  },
  "inferred_family_distribution": {
    "boolean": 0.0,
    "union": 0.575,
    "time": 0.0,
    "error": 0.0,
    "other": 0.425
  },
  "train_reference_count": 312,
  "holdout_reference_count": 419,
  "exact_input_overlap": 0.0,
  "normalized_input_overlap": 0.0,
  "holdout_overlap": 0.0,
  "normalized_holdout_overlap": 0.0,
  "nearest_input_similarity_mean": 0.3019209193746162,
  "nearest_input_similarity_median": 0.3125,
  "nearest_input_similarity_p90": 0.3695652173913043,
  "nearest_char3_jaccard_mean": 0.3019209193746162,
  "nearest_char3_jaccard_median": 0.3125,
  "nearest_char3_jaccard_p90": 0.3695652173913043,
  "nearest_token_jaccard_mean": 0.2570108225108225,
  "nearest_token_jaccard_median": 0.2727272727272727,
  "nearest_token_jaccard_p90": 0.4,
  "nearest_edit_similarity_mean": 0.3581154411851667,
  "nearest_edit_similarity_median": 0.375,
  "nearest_edit_similarity_p90": 0.39583333333333337,
  "nearest_feature_cosine_mean": 0.9788078060403704,
  "nearest_feature_cosine_median": 0.9897269630865739,
  "nearest_feature_cosine_p90": 0.9899046563769458,
  "nearest_input_distance_mean": 0.6980790806253837,
  "nearest_input_distance_median": 0.6875,
  "nearest_input_distance_p90": 0.7920918367346939,
  "mean_nearest_similarity": 0.3019209193746162,
  "median_nearest_similarity": 0.3125,
  "p90_nearest_similarity": 0.3695652173913043,
  "unique_nearest_payload_rate": 0.045,
  "dominant_retrieved_payload_share": 0.89,
  "nearest_reference_count": 312,
  "distinct_1": 0.14583333333333334,
  "distinct_2": 0.2824675324675325,
  "distinct_3": 0.40865384615384615,
  "lexical_diversity": 0.14583333333333334,
  "character_diversity": 0.6770894087161655,
  "token_diversity": 0.597252389053859,
  "keyword_diversity": 0.9899589901442152,
  "operator_diversity": 0.1403842745391414,
  "function_diversity": 0.0,
  "comment_style_diversity": 0.0,
  "length_zone_diversity": 0.2,
  "self_bleu": 0.9898783353903857,
  "self_bleu_char": 0.9898783353903857,
  "requested_count": 200,
  "generated_count_fraction": 1.0
}
