{
  "metric_schema_version": "quality-metrics-v3",
  "normalization_version": "nfkc_html_percent1_casefold_ws_quotes_v1",
  "seed": 88,
  "method": "seqgan_improved",
  "family": "union",
  "scenario": "D",
  "ratio": "200",
  "generation_kind": "direct",
  "schema_valid": true,
  "stop_reason": "n/a",
  "n_generated": 500,
  "unique_rate": 0.15,
  "normalized_unique_rate": 0.112,
  "duplicate_rate": 0.85,
  "model_collapse_rate": 0.85,
  "dominant_payload_share": 0.278,
  "normalized_dominant_payload_share": 0.278,
  "sql_parse_rate": 1.0,
  "sql_structure_rate": 1.0,
  "family_motif_coverage": 0.75,
  "family_motif_hit_rate": 1.0,
  "garbage_rate": 0.0,
  "wellformed_rate": 1.0,
  "shaped_rate": 1.0,
  "family_motif_coverage_by_family": {
    "union": 0.75
  },
  "family_motif_hit_rate_by_family": {
    "union": 1.0
  },
  "inferred_family_distribution": {
    "boolean": 0.0,
    "union": 1.0,
    "time": 0.0,
    "error": 0.0,
    "other": 0.0
  },
  "train_reference_count": 78,
  "holdout_reference_count": 419,
  "exact_input_overlap": 0.0,
  "normalized_input_overlap": 0.0,
  "holdout_overlap": 0.0,
  "normalized_holdout_overlap": 0.0,
  "nearest_input_similarity_mean": 0.9431914004856212,
  "nearest_input_similarity_median": 0.9642857142857143,
  "nearest_input_similarity_p90": 0.9655172413793104,
  "nearest_char3_jaccard_mean": 0.9431914004856212,
  "nearest_char3_jaccard_median": 0.9642857142857143,
  "nearest_char3_jaccard_p90": 0.9655172413793104,
  "nearest_token_jaccard_mean": 0.8650251082251081,
  "nearest_token_jaccard_median": 0.875,
  "nearest_token_jaccard_p90": 0.8888888888888888,
  "nearest_edit_similarity_mean": 0.7839278771400514,
  "nearest_edit_similarity_median": 0.8,
  "nearest_edit_similarity_p90": 0.8846153846153846,
  "nearest_feature_cosine_mean": 0.9966071937490384,
  "nearest_feature_cosine_median": 0.9976459664092335,
  "nearest_feature_cosine_p90": 0.999169820837206,
  "nearest_input_distance_mean": 0.0568085995143788,
  "nearest_input_distance_median": 0.0357142857142857,
  "nearest_input_distance_p90": 0.07692307692307687,
  "mean_nearest_similarity": 0.9431914004856212,
  "median_nearest_similarity": 0.9642857142857143,
  "p90_nearest_similarity": 0.9655172413793104,
  "unique_nearest_payload_rate": 0.02,
  "dominant_retrieved_payload_share": 0.294,
  "nearest_reference_count": 78,
  "distinct_1": 0.00270193401592719,
  "distinct_2": 0.006429883649724434,
  "distinct_3": 0.009781167108753316,
  "lexical_diversity": 0.00270193401592719,
  "character_diversity": 0.7090159688662381,
  "token_diversity": 0.5998770428881318,
  "keyword_diversity": 0.9999647242701453,
  "operator_diversity": 0.12068101401352381,
  "function_diversity": 0.0,
  "comment_style_diversity": 0.0,
  "length_zone_diversity": 0.2,
  "self_bleu": 0.9984584585366458,
  "self_bleu_char": 0.9984584585366458,
  "requested_count": 500,
  "generated_count_fraction": 1.0
}
