
[1/3] pretrain G
G epoch=1/60 loss=4.2955
G epoch=2/60 loss=3.3215
G epoch=3/60 loss=2.8110
G epoch=4/60 loss=2.5515
G epoch=5/60 loss=2.3992
G epoch=6/60 loss=2.2356
G epoch=7/60 loss=2.1440
G epoch=8/60 loss=1.9915
G epoch=9/60 loss=1.8986
G epoch=10/60 loss=1.8242
G epoch=11/60 loss=1.7323
G epoch=12/60 loss=1.6502
G epoch=13/60 loss=1.5775
G epoch=14/60 loss=1.5220
G epoch=15/60 loss=1.4830
G epoch=16/60 loss=1.4333
G epoch=17/60 loss=1.3789
G epoch=18/60 loss=1.3053
G epoch=19/60 loss=1.2785
G epoch=20/60 loss=1.2527
G epoch=21/60 loss=1.1998
G epoch=22/60 loss=1.1723
G epoch=23/60 loss=1.1379
G epoch=24/60 loss=1.1164
G epoch=25/60 loss=1.0904
G epoch=26/60 loss=1.0651
G epoch=27/60 loss=1.0441
G epoch=28/60 loss=1.0078
G epoch=29/60 loss=0.9957
G epoch=30/60 loss=0.9565
G epoch=31/60 loss=0.9505
G epoch=32/60 loss=0.9345
G epoch=33/60 loss=0.9322
G epoch=34/60 loss=0.9156
G epoch=35/60 loss=0.8803
G epoch=36/60 loss=0.8893
G epoch=37/60 loss=0.8643
G epoch=38/60 loss=0.8559
G epoch=39/60 loss=0.8431
G epoch=40/60 loss=0.8342
G epoch=41/60 loss=0.8217
G epoch=42/60 loss=0.8142
G epoch=43/60 loss=0.8071
G epoch=44/60 loss=0.7804
G epoch=45/60 loss=0.7713
G epoch=46/60 loss=0.7731
G epoch=47/60 loss=0.7394
G epoch=48/60 loss=0.7426
G epoch=49/60 loss=0.7368
G epoch=50/60 loss=0.7275
G epoch=51/60 loss=0.7178
G epoch=52/60 loss=0.7071
G epoch=53/60 loss=0.7015
G epoch=54/60 loss=0.6930
G epoch=55/60 loss=0.6813
G epoch=56/60 loss=0.6907
G epoch=57/60 loss=0.6891
G epoch=58/60 loss=0.6664
G epoch=59/60 loss=0.6676
G epoch=60/60 loss=0.6630

[2/3] pretrain D
D step=1/30 epoch=1/3 loss=0.9369 l2=0.2000 label_smoothing=0.000
D step=1/30 epoch=2/3 loss=0.7673 l2=0.2000 label_smoothing=0.000
D step=1/30 epoch=3/3 loss=0.6803 l2=0.2000 label_smoothing=0.000
D step=2/30 epoch=1/3 loss=0.6861 l2=0.2000 label_smoothing=0.000
D step=2/30 epoch=2/3 loss=0.6488 l2=0.2000 label_smoothing=0.000
D step=2/30 epoch=3/3 loss=0.6005 l2=0.2000 label_smoothing=0.000
D step=3/30 epoch=1/3 loss=0.5832 l2=0.2000 label_smoothing=0.000
D step=3/30 epoch=2/3 loss=0.5351 l2=0.2000 label_smoothing=0.000
D step=3/30 epoch=3/3 loss=0.4887 l2=0.2000 label_smoothing=0.000
D step=4/30 epoch=1/3 loss=0.5074 l2=0.2000 label_smoothing=0.000
D step=4/30 epoch=2/3 loss=0.4670 l2=0.2000 label_smoothing=0.000
D step=4/30 epoch=3/3 loss=0.4066 l2=0.2000 label_smoothing=0.000
D step=5/30 epoch=1/3 loss=0.4430 l2=0.2000 label_smoothing=0.000
D step=5/30 epoch=2/3 loss=0.4065 l2=0.2000 label_smoothing=0.000
D step=5/30 epoch=3/3 loss=0.3571 l2=0.2000 label_smoothing=0.000
D step=6/30 epoch=1/3 loss=0.3504 l2=0.2000 label_smoothing=0.000
D step=6/30 epoch=2/3 loss=0.3097 l2=0.2000 label_smoothing=0.000
D step=6/30 epoch=3/3 loss=0.2743 l2=0.2000 label_smoothing=0.000
D step=7/30 epoch=1/3 loss=0.2922 l2=0.2000 label_smoothing=0.000
D step=7/30 epoch=2/3 loss=0.2626 l2=0.2000 label_smoothing=0.000
D step=7/30 epoch=3/3 loss=0.2358 l2=0.2000 label_smoothing=0.000
D step=8/30 epoch=1/3 loss=0.2586 l2=0.2000 label_smoothing=0.000
D step=8/30 epoch=2/3 loss=0.2466 l2=0.2000 label_smoothing=0.000
D step=8/30 epoch=3/3 loss=0.2597 l2=0.2000 label_smoothing=0.000
D step=9/30 epoch=1/3 loss=0.2532 l2=0.2000 label_smoothing=0.000
D step=9/30 epoch=2/3 loss=0.2651 l2=0.2000 label_smoothing=0.000
D step=9/30 epoch=3/3 loss=0.2641 l2=0.2000 label_smoothing=0.000
D step=10/30 epoch=1/3 loss=0.2466 l2=0.2000 label_smoothing=0.000
D step=10/30 epoch=2/3 loss=0.2393 l2=0.2000 label_smoothing=0.000
D step=10/30 epoch=3/3 loss=0.2276 l2=0.2000 label_smoothing=0.000
D step=11/30 epoch=1/3 loss=0.2266 l2=0.2000 label_smoothing=0.000
D step=11/30 epoch=2/3 loss=0.2020 l2=0.2000 label_smoothing=0.000
D step=11/30 epoch=3/3 loss=0.1863 l2=0.2000 label_smoothing=0.000
D step=12/30 epoch=1/3 loss=0.2070 l2=0.2000 label_smoothing=0.000
D step=12/30 epoch=2/3 loss=0.1969 l2=0.2000 label_smoothing=0.000
D step=12/30 epoch=3/3 loss=0.1781 l2=0.2000 label_smoothing=0.000
D step=13/30 epoch=1/3 loss=0.2155 l2=0.2000 label_smoothing=0.000
D step=13/30 epoch=2/3 loss=0.1908 l2=0.2000 label_smoothing=0.000
D step=13/30 epoch=3/3 loss=0.1645 l2=0.2000 label_smoothing=0.000
D step=14/30 epoch=1/3 loss=0.1809 l2=0.2000 label_smoothing=0.000
D step=14/30 epoch=2/3 loss=0.1621 l2=0.2000 label_smoothing=0.000
D step=14/30 epoch=3/3 loss=0.1600 l2=0.2000 label_smoothing=0.000
D step=15/30 epoch=1/3 loss=0.1900 l2=0.2000 label_smoothing=0.000
D step=15/30 epoch=2/3 loss=0.1710 l2=0.2000 label_smoothing=0.000
D step=15/30 epoch=3/3 loss=0.1624 l2=0.2000 label_smoothing=0.000
D step=16/30 epoch=1/3 loss=0.1858 l2=0.2000 label_smoothing=0.000
D step=16/30 epoch=2/3 loss=0.2042 l2=0.2000 label_smoothing=0.000
D step=16/30 epoch=3/3 loss=0.2263 l2=0.2000 label_smoothing=0.000
D step=17/30 epoch=1/3 loss=0.2707 l2=0.2000 label_smoothing=0.000
D step=17/30 epoch=2/3 loss=0.2432 l2=0.2000 label_smoothing=0.000
D step=17/30 epoch=3/3 loss=0.2142 l2=0.2000 label_smoothing=0.000
D step=18/30 epoch=1/3 loss=0.2126 l2=0.2000 label_smoothing=0.000
D step=18/30 epoch=2/3 loss=0.1681 l2=0.2000 label_smoothing=0.000
D step=18/30 epoch=3/3 loss=0.1571 l2=0.2000 label_smoothing=0.000
D step=19/30 epoch=1/3 loss=0.1976 l2=0.2000 label_smoothing=0.000
D step=19/30 epoch=2/3 loss=0.1608 l2=0.2000 label_smoothing=0.000
D step=19/30 epoch=3/3 loss=0.1477 l2=0.2000 label_smoothing=0.000
D step=20/30 epoch=1/3 loss=0.1496 l2=0.2000 label_smoothing=0.000
D step=20/30 epoch=2/3 loss=0.1309 l2=0.2000 label_smoothing=0.000
D step=20/30 epoch=3/3 loss=0.1175 l2=0.2000 label_smoothing=0.000
D step=21/30 epoch=1/3 loss=0.1923 l2=0.2000 label_smoothing=0.000
D step=21/30 epoch=2/3 loss=0.1687 l2=0.2000 label_smoothing=0.000
D step=21/30 epoch=3/3 loss=0.1493 l2=0.2000 label_smoothing=0.000
D step=22/30 epoch=1/3 loss=0.1721 l2=0.2000 label_smoothing=0.000
D step=22/30 epoch=2/3 loss=0.1501 l2=0.2000 label_smoothing=0.000
D step=22/30 epoch=3/3 loss=0.1440 l2=0.2000 label_smoothing=0.000
D step=23/30 epoch=1/3 loss=0.1880 l2=0.2000 label_smoothing=0.000
D step=23/30 epoch=2/3 loss=0.1759 l2=0.2000 label_smoothing=0.000
D step=23/30 epoch=3/3 loss=0.1491 l2=0.2000 label_smoothing=0.000
D step=24/30 epoch=1/3 loss=0.1526 l2=0.2000 label_smoothing=0.000
D step=24/30 epoch=2/3 loss=0.1354 l2=0.2000 label_smoothing=0.000
D step=24/30 epoch=3/3 loss=0.1311 l2=0.2000 label_smoothing=0.000
D step=25/30 epoch=1/3 loss=0.1488 l2=0.2000 label_smoothing=0.000
D step=25/30 epoch=2/3 loss=0.1339 l2=0.2000 label_smoothing=0.000
D step=25/30 epoch=3/3 loss=0.1275 l2=0.2000 label_smoothing=0.000
D step=26/30 epoch=1/3 loss=0.1476 l2=0.2000 label_smoothing=0.000
D step=26/30 epoch=2/3 loss=0.1304 l2=0.2000 label_smoothing=0.000
D step=26/30 epoch=3/3 loss=0.1226 l2=0.2000 label_smoothing=0.000
D step=27/30 epoch=1/3 loss=0.1395 l2=0.2000 label_smoothing=0.000
D step=27/30 epoch=2/3 loss=0.1269 l2=0.2000 label_smoothing=0.000
D step=27/30 epoch=3/3 loss=0.1177 l2=0.2000 label_smoothing=0.000
D step=28/30 epoch=1/3 loss=0.1276 l2=0.2000 label_smoothing=0.000
D step=28/30 epoch=2/3 loss=0.1137 l2=0.2000 label_smoothing=0.000
D step=28/30 epoch=3/3 loss=0.1042 l2=0.2000 label_smoothing=0.000
D step=29/30 epoch=1/3 loss=0.1755 l2=0.2000 label_smoothing=0.000
D step=29/30 epoch=2/3 loss=0.1479 l2=0.2000 label_smoothing=0.000
D step=29/30 epoch=3/3 loss=0.1386 l2=0.2000 label_smoothing=0.000
D step=30/30 epoch=1/3 loss=0.1629 l2=0.2000 label_smoothing=0.000
D step=30/30 epoch=2/3 loss=0.1325 l2=0.2000 label_smoothing=0.000
D step=30/30 epoch=3/3 loss=0.1246 l2=0.2000 label_smoothing=0.000

[3/3] adversarial
generator_reward_mode=off reward_alpha=1.000 d_steps=5 d_epochs=3
D step=1/5 epoch=1/3 loss=0.2100 l2=0.2000 label_smoothing=0.000
D step=1/5 epoch=2/3 loss=0.1550 l2=0.2000 label_smoothing=0.000
D step=1/5 epoch=3/3 loss=0.1375 l2=0.2000 label_smoothing=0.000
D step=2/5 epoch=1/3 loss=0.1229 l2=0.2000 label_smoothing=0.000
D step=2/5 epoch=2/3 loss=0.1071 l2=0.2000 label_smoothing=0.000
D step=2/5 epoch=3/3 loss=0.0997 l2=0.2000 label_smoothing=0.000
D step=3/5 epoch=1/3 loss=0.1347 l2=0.2000 label_smoothing=0.000
D step=3/5 epoch=2/3 loss=0.1456 l2=0.2000 label_smoothing=0.000
D step=3/5 epoch=3/3 loss=0.1491 l2=0.2000 label_smoothing=0.000
D step=4/5 epoch=1/3 loss=0.1272 l2=0.2000 label_smoothing=0.000
D step=4/5 epoch=2/3 loss=0.1036 l2=0.2000 label_smoothing=0.000
D step=4/5 epoch=3/3 loss=0.0890 l2=0.2000 label_smoothing=0.000
D step=5/5 epoch=1/3 loss=0.1088 l2=0.2000 label_smoothing=0.000
D step=5/5 epoch=2/3 loss=0.0978 l2=0.2000 label_smoothing=0.000
D step=5/5 epoch=3/3 loss=0.1116 l2=0.2000 label_smoothing=0.000
ADV epoch=1/60 g_loss=0.0482 d_loss=0.1266 reward=0.0836 reward_var=0.0262 unique=0.9800
D step=1/5 epoch=1/3 loss=0.1612 l2=0.2000 label_smoothing=0.000
D step=1/5 epoch=2/3 loss=0.1373 l2=0.2000 label_smoothing=0.000
D step=1/5 epoch=3/3 loss=0.1580 l2=0.2000 label_smoothing=0.000
D step=2/5 epoch=1/3 loss=0.1248 l2=0.2000 label_smoothing=0.000
D step=2/5 epoch=2/3 loss=0.1254 l2=0.2000 label_smoothing=0.000
D step=2/5 epoch=3/3 loss=0.1115 l2=0.2000 label_smoothing=0.000
D step=3/5 epoch=1/3 loss=0.1447 l2=0.2000 label_smoothing=0.000
D step=3/5 epoch=2/3 loss=0.1192 l2=0.2000 label_smoothing=0.000
D step=3/5 epoch=3/3 loss=0.1149 l2=0.2000 label_smoothing=0.000
D step=4/5 epoch=1/3 loss=0.1080 l2=0.2000 label_smoothing=0.000
D step=4/5 epoch=2/3 loss=0.1089 l2=0.2000 label_smoothing=0.000
D step=4/5 epoch=3/3 loss=0.0960 l2=0.2000 label_smoothing=0.000
D step=5/5 epoch=1/3 loss=0.0980 l2=0.2000 label_smoothing=0.000
D step=5/5 epoch=2/3 loss=0.1060 l2=0.2000 label_smoothing=0.000
D step=5/5 epoch=3/3 loss=0.0930 l2=0.2000 label_smoothing=0.000
ADV epoch=2/60 g_loss=0.0378 d_loss=0.1205 reward=0.0935 reward_var=0.0272 unique=0.9800
D step=1/5 epoch=1/3 loss=0.1673 l2=0.2000 label_smoothing=0.000
D step=1/5 epoch=2/3 loss=0.1826 l2=0.2000 label_smoothing=0.000
D step=1/5 epoch=3/3 loss=0.1624 l2=0.2000 label_smoothing=0.000
D step=2/5 epoch=1/3 loss=0.1500 l2=0.2000 label_smoothing=0.000
D step=2/5 epoch=2/3 loss=0.1486 l2=0.2000 label_smoothing=0.000
D step=2/5 epoch=3/3 loss=0.1386 l2=0.2000 label_smoothing=0.000
D step=3/5 epoch=1/3 loss=0.1593 l2=0.2000 label_smoothing=0.000
D step=3/5 epoch=2/3 loss=0.1422 l2=0.2000 label_smoothing=0.000
D step=3/5 epoch=3/3 loss=0.1350 l2=0.2000 label_smoothing=0.000
D step=4/5 epoch=1/3 loss=0.1608 l2=0.2000 label_smoothing=0.000
D step=4/5 epoch=2/3 loss=0.1571 l2=0.2000 label_smoothing=0.000
D step=4/5 epoch=3/3 loss=0.1419 l2=0.2000 label_smoothing=0.000
D step=5/5 epoch=1/3 loss=0.1417 l2=0.2000 label_smoothing=0.000
D step=5/5 epoch=2/3 loss=0.1341 l2=0.2000 label_smoothing=0.000
D step=5/5 epoch=3/3 loss=0.1303 l2=0.2000 label_smoothing=0.000
ADV epoch=3/60 g_loss=0.0489 d_loss=0.1501 reward=0.1299 reward_var=0.0338 unique=0.9200
D step=1/5 epoch=1/3 loss=0.1536 l2=0.2000 label_smoothing=0.000
D step=1/5 epoch=2/3 loss=0.1341 l2=0.2000 label_smoothing=0.000
D step=1/5 epoch=3/3 loss=0.1266 l2=0.2000 label_smoothing=0.000
D step=2/5 epoch=1/3 loss=0.1525 l2=0.2000 label_smoothing=0.000
D step=2/5 epoch=2/3 loss=0.1221 l2=0.2000 label_smoothing=0.000
D step=2/5 epoch=3/3 loss=0.1334 l2=0.2000 label_smoothing=0.000
D step=3/5 epoch=1/3 loss=0.1333 l2=0.2000 label_smoothing=0.000
D step=3/5 epoch=2/3 loss=0.1206 l2=0.2000 label_smoothing=0.000
D step=3/5 epoch=3/3 loss=0.1064 l2=0.2000 label_smoothing=0.000
D step=4/5 epoch=1/3 loss=0.1130 l2=0.2000 label_smoothing=0.000
D step=4/5 epoch=2/3 loss=0.1231 l2=0.2000 label_smoothing=0.000
D step=4/5 epoch=3/3 loss=0.1038 l2=0.2000 label_smoothing=0.000
D step=5/5 epoch=1/3 loss=0.1161 l2=0.2000 label_smoothing=0.000
D step=5/5 epoch=2/3 loss=0.1073 l2=0.2000 label_smoothing=0.000
D step=5/5 epoch=3/3 loss=0.1012 l2=0.2000 label_smoothing=0.000
ADV epoch=4/60 g_loss=0.0346 d_loss=0.1231 reward=0.0824 reward_var=0.0192 unique=0.9600
D step=1/5 epoch=1/3 loss=0.1657 l2=0.2000 label_smoothing=0.000
D step=1/5 epoch=2/3 loss=0.1299 l2=0.2000 label_smoothing=0.000
D step=1/5 epoch=3/3 loss=0.1239 l2=0.2000 label_smoothing=0.000
D step=2/5 epoch=1/3 loss=0.1522 l2=0.2000 label_smoothing=0.000
D step=2/5 epoch=2/3 loss=0.1336 l2=0.2000 label_smoothing=0.000
D step=2/5 epoch=3/3 loss=0.1279 l2=0.2000 label_smoothing=0.000
D step=3/5 epoch=1/3 loss=0.1374 l2=0.2000 label_smoothing=0.000
D step=3/5 epoch=2/3 loss=0.1395 l2=0.2000 label_smoothing=0.000
D step=3/5 epoch=3/3 loss=0.1202 l2=0.2000 label_smoothing=0.000
D step=4/5 epoch=1/3 loss=0.1481 l2=0.2000 label_smoothing=0.000
D step=4/5 epoch=2/3 loss=0.1526 l2=0.2000 label_smoothing=0.000
D step=4/5 epoch=3/3 loss=0.1423 l2=0.2000 label_smoothing=0.000
D step=5/5 epoch=1/3 loss=0.1549 l2=0.2000 label_smoothing=0.000
D step=5/5 epoch=2/3 loss=0.1344 l2=0.2000 label_smoothing=0.000
D step=5/5 epoch=3/3 loss=0.1263 l2=0.2000 label_smoothing=0.000
ADV epoch=5/60 g_loss=0.0289 d_loss=0.1393 reward=0.1014 reward_var=0.0173 unique=0.7800
D step=1/5 epoch=1/3 loss=0.1569 l2=0.2000 label_smoothing=0.000
D step=1/5 epoch=2/3 loss=0.1389 l2=0.2000 label_smoothing=0.000
D step=1/5 epoch=3/3 loss=0.1343 l2=0.2000 label_smoothing=0.000
D step=2/5 epoch=1/3 loss=0.1491 l2=0.2000 label_smoothing=0.000
D step=2/5 epoch=2/3 loss=0.1511 l2=0.2000 label_smoothing=0.000
D step=2/5 epoch=3/3 loss=0.1344 l2=0.2000 label_smoothing=0.000
D step=3/5 epoch=1/3 loss=0.1452 l2=0.2000 label_smoothing=0.000
D step=3/5 epoch=2/3 loss=0.1385 l2=0.2000 label_smoothing=0.000
D step=3/5 epoch=3/3 loss=0.1334 l2=0.2000 label_smoothing=0.000
D step=4/5 epoch=1/3 loss=0.1518 l2=0.2000 label_smoothing=0.000
D step=4/5 epoch=2/3 loss=0.1468 l2=0.2000 label_smoothing=0.000
D step=4/5 epoch=3/3 loss=0.1215 l2=0.2000 label_smoothing=0.000
D step=5/5 epoch=1/3 loss=0.1476 l2=0.2000 label_smoothing=0.000
D step=5/5 epoch=2/3 loss=0.1254 l2=0.2000 label_smoothing=0.000
D step=5/5 epoch=3/3 loss=0.1197 l2=0.2000 label_smoothing=0.000
ADV epoch=6/60 g_loss=0.0198 d_loss=0.1396 reward=0.0779 reward_var=0.0098 unique=0.6600
D step=1/5 epoch=1/3 loss=0.1801 l2=0.2000 label_smoothing=0.000
D step=1/5 epoch=2/3 loss=0.1524 l2=0.2000 label_smoothing=0.000
D step=1/5 epoch=3/3 loss=0.1444 l2=0.2000 label_smoothing=0.000
D step=2/5 epoch=1/3 loss=0.1626 l2=0.2000 label_smoothing=0.000
D step=2/5 epoch=2/3 loss=0.1515 l2=0.2000 label_smoothing=0.000
D step=2/5 epoch=3/3 loss=0.1539 l2=0.2000 label_smoothing=0.000
D step=3/5 epoch=1/3 loss=0.1591 l2=0.2000 label_smoothing=0.000
D step=3/5 epoch=2/3 loss=0.1465 l2=0.2000 label_smoothing=0.000
D step=3/5 epoch=3/3 loss=0.1417 l2=0.2000 label_smoothing=0.000
D step=4/5 epoch=1/3 loss=0.1546 l2=0.2000 label_smoothing=0.000
D step=4/5 epoch=2/3 loss=0.1451 l2=0.2000 label_smoothing=0.000
D step=4/5 epoch=3/3 loss=0.1404 l2=0.2000 label_smoothing=0.000
D step=5/5 epoch=1/3 loss=0.1488 l2=0.2000 label_smoothing=0.000
D step=5/5 epoch=2/3 loss=0.1361 l2=0.2000 label_smoothing=0.000
D step=5/5 epoch=3/3 loss=0.1377 l2=0.2000 label_smoothing=0.000
ADV epoch=7/60 g_loss=0.0214 d_loss=0.1503 reward=0.1121 reward_var=0.0148 unique=0.6600
D step=1/5 epoch=1/3 loss=0.1646 l2=0.2000 label_smoothing=0.000
D step=1/5 epoch=2/3 loss=0.1496 l2=0.2000 label_smoothing=0.000
D step=1/5 epoch=3/3 loss=0.1331 l2=0.2000 label_smoothing=0.000
D step=2/5 epoch=1/3 loss=0.1659 l2=0.2000 label_smoothing=0.000
D step=2/5 epoch=2/3 loss=0.1516 l2=0.2000 label_smoothing=0.000
D step=2/5 epoch=3/3 loss=0.1471 l2=0.2000 label_smoothing=0.000
D step=3/5 epoch=1/3 loss=0.1418 l2=0.2000 label_smoothing=0.000
D step=3/5 epoch=2/3 loss=0.1333 l2=0.2000 label_smoothing=0.000
D step=3/5 epoch=3/3 loss=0.1351 l2=0.2000 label_smoothing=0.000
D step=4/5 epoch=1/3 loss=0.1648 l2=0.2000 label_smoothing=0.000
D step=4/5 epoch=2/3 loss=0.1536 l2=0.2000 label_smoothing=0.000
D step=4/5 epoch=3/3 loss=0.1585 l2=0.2000 label_smoothing=0.000
D step=5/5 epoch=1/3 loss=0.1428 l2=0.2000 label_smoothing=0.000
D step=5/5 epoch=2/3 loss=0.1433 l2=0.2000 label_smoothing=0.000
D step=5/5 epoch=3/3 loss=0.1390 l2=0.2000 label_smoothing=0.000
ADV epoch=8/60 g_loss=0.0136 d_loss=0.1483 reward=0.0777 reward_var=0.0116 unique=0.6600
D step=1/5 epoch=1/3 loss=0.1558 l2=0.2000 label_smoothing=0.000
D step=1/5 epoch=2/3 loss=0.1409 l2=0.2000 label_smoothing=0.000
D step=1/5 epoch=3/3 loss=0.1378 l2=0.2000 label_smoothing=0.000
D step=2/5 epoch=1/3 loss=0.1691 l2=0.2000 label_smoothing=0.000
D step=2/5 epoch=2/3 loss=0.1507 l2=0.2000 label_smoothing=0.000
D step=2/5 epoch=3/3 loss=0.1532 l2=0.2000 label_smoothing=0.000
D step=3/5 epoch=1/3 loss=0.1601 l2=0.2000 label_smoothing=0.000
D step=3/5 epoch=2/3 loss=0.1509 l2=0.2000 label_smoothing=0.000
D step=3/5 epoch=3/3 loss=0.1492 l2=0.2000 label_smoothing=0.000
D step=4/5 epoch=1/3 loss=0.1714 l2=0.2000 label_smoothing=0.000
D step=4/5 epoch=2/3 loss=0.1631 l2=0.2000 label_smoothing=0.000
D step=4/5 epoch=3/3 loss=0.1618 l2=0.2000 label_smoothing=0.000
D step=5/5 epoch=1/3 loss=0.1652 l2=0.2000 label_smoothing=0.000
D step=5/5 epoch=2/3 loss=0.1481 l2=0.2000 label_smoothing=0.000
D step=5/5 epoch=3/3 loss=0.1474 l2=0.2000 label_smoothing=0.000
ADV epoch=9/60 g_loss=0.0179 d_loss=0.1550 reward=0.0669 reward_var=0.0115 unique=0.5800
D step=1/5 epoch=1/3 loss=0.1649 l2=0.2000 label_smoothing=0.000
D step=1/5 epoch=2/3 loss=0.1514 l2=0.2000 label_smoothing=0.000
D step=1/5 epoch=3/3 loss=0.1472 l2=0.2000 label_smoothing=0.000
D step=2/5 epoch=1/3 loss=0.1511 l2=0.2000 label_smoothing=0.000
D step=2/5 epoch=2/3 loss=0.1497 l2=0.2000 label_smoothing=0.000
D step=2/5 epoch=3/3 loss=0.1442 l2=0.2000 label_smoothing=0.000
D step=3/5 epoch=1/3 loss=0.1452 l2=0.2000 label_smoothing=0.000
D step=3/5 epoch=2/3 loss=0.1391 l2=0.2000 label_smoothing=0.000
D step=3/5 epoch=3/3 loss=0.1370 l2=0.2000 label_smoothing=0.000
D step=4/5 epoch=1/3 loss=0.1316 l2=0.2000 label_smoothing=0.000
D step=4/5 epoch=2/3 loss=0.1284 l2=0.2000 label_smoothing=0.000
D step=4/5 epoch=3/3 loss=0.1237 l2=0.2000 label_smoothing=0.000
D step=5/5 epoch=1/3 loss=0.1599 l2=0.2000 label_smoothing=0.000
D step=5/5 epoch=2/3 loss=0.1605 l2=0.2000 label_smoothing=0.000
D step=5/5 epoch=3/3 loss=0.1481 l2=0.2000 label_smoothing=0.000
ADV epoch=10/60 g_loss=0.0129 d_loss=0.1455 reward=0.0854 reward_var=0.0096 unique=0.6000
D step=1/5 epoch=1/3 loss=0.1624 l2=0.2000 label_smoothing=0.000
D step=1/5 epoch=2/3 loss=0.1470 l2=0.2000 label_smoothing=0.000
D step=1/5 epoch=3/3 loss=0.1475 l2=0.2000 label_smoothing=0.000
D step=2/5 epoch=1/3 loss=0.1568 l2=0.2000 label_smoothing=0.000
D step=2/5 epoch=2/3 loss=0.1556 l2=0.2000 label_smoothing=0.000
D step=2/5 epoch=3/3 loss=0.1541 l2=0.2000 label_smoothing=0.000
D step=3/5 epoch=1/3 loss=0.1773 l2=0.2000 label_smoothing=0.000
D step=3/5 epoch=2/3 loss=0.1640 l2=0.2000 label_smoothing=0.000
D step=3/5 epoch=3/3 loss=0.1618 l2=0.2000 label_smoothing=0.000
D step=4/5 epoch=1/3 loss=0.1644 l2=0.2000 label_smoothing=0.000
D step=4/5 epoch=2/3 loss=0.1571 l2=0.2000 label_smoothing=0.000
D step=4/5 epoch=3/3 loss=0.1528 l2=0.2000 label_smoothing=0.000
D step=5/5 epoch=1/3 loss=0.1531 l2=0.2000 label_smoothing=0.000
D step=5/5 epoch=2/3 loss=0.1495 l2=0.2000 label_smoothing=0.000
D step=5/5 epoch=3/3 loss=0.1441 l2=0.2000 label_smoothing=0.000
ADV epoch=11/60 g_loss=0.0097 d_loss=0.1565 reward=0.0984 reward_var=0.0088 unique=0.4800
D step=1/5 epoch=1/3 loss=0.1648 l2=0.2000 label_smoothing=0.000
D step=1/5 epoch=2/3 loss=0.1508 l2=0.2000 label_smoothing=0.000
D step=1/5 epoch=3/3 loss=0.1429 l2=0.2000 label_smoothing=0.000
D step=2/5 epoch=1/3 loss=0.1626 l2=0.2000 label_smoothing=0.000
D step=2/5 epoch=2/3 loss=0.1498 l2=0.2000 label_smoothing=0.000
D step=2/5 epoch=3/3 loss=0.1505 l2=0.2000 label_smoothing=0.000
D step=3/5 epoch=1/3 loss=0.1652 l2=0.2000 label_smoothing=0.000
D step=3/5 epoch=2/3 loss=0.1594 l2=0.2000 label_smoothing=0.000
D step=3/5 epoch=3/3 loss=0.1570 l2=0.2000 label_smoothing=0.000
D step=4/5 epoch=1/3 loss=0.1548 l2=0.2000 label_smoothing=0.000
D step=4/5 epoch=2/3 loss=0.1550 l2=0.2000 label_smoothing=0.000
D step=4/5 epoch=3/3 loss=0.1480 l2=0.2000 label_smoothing=0.000
D step=5/5 epoch=1/3 loss=0.1447 l2=0.2000 label_smoothing=0.000
D step=5/5 epoch=2/3 loss=0.1364 l2=0.2000 label_smoothing=0.000
D step=5/5 epoch=3/3 loss=0.1415 l2=0.2000 label_smoothing=0.000
ADV epoch=12/60 g_loss=0.0147 d_loss=0.1522 reward=0.1071 reward_var=0.0143 unique=0.4400
D step=1/5 epoch=1/3 loss=0.1665 l2=0.2000 label_smoothing=0.000
D step=1/5 epoch=2/3 loss=0.1579 l2=0.2000 label_smoothing=0.000
D step=1/5 epoch=3/3 loss=0.1556 l2=0.2000 label_smoothing=0.000
D step=2/5 epoch=1/3 loss=0.1526 l2=0.2000 label_smoothing=0.000
D step=2/5 epoch=2/3 loss=0.1409 l2=0.2000 label_smoothing=0.000
D step=2/5 epoch=3/3 loss=0.1378 l2=0.2000 label_smoothing=0.000
D step=3/5 epoch=1/3 loss=0.1752 l2=0.2000 label_smoothing=0.000
D step=3/5 epoch=2/3 loss=0.1689 l2=0.2000 label_smoothing=0.000
D step=3/5 epoch=3/3 loss=0.1661 l2=0.2000 label_smoothing=0.000
D step=4/5 epoch=1/3 loss=0.1870 l2=0.2000 label_smoothing=0.000
D step=4/5 epoch=2/3 loss=0.1789 l2=0.2000 label_smoothing=0.000
D step=4/5 epoch=3/3 loss=0.1714 l2=0.2000 label_smoothing=0.000
D step=5/5 epoch=1/3 loss=0.1476 l2=0.2000 label_smoothing=0.000
D step=5/5 epoch=2/3 loss=0.1489 l2=0.2000 label_smoothing=0.000
D step=5/5 epoch=3/3 loss=0.1421 l2=0.2000 label_smoothing=0.000
ADV epoch=13/60 g_loss=0.0128 d_loss=0.1598 reward=0.0978 reward_var=0.0120 unique=0.5000
D step=1/5 epoch=1/3 loss=0.2172 l2=0.2000 label_smoothing=0.000
D step=1/5 epoch=2/3 loss=0.1600 l2=0.2000 label_smoothing=0.000
D step=1/5 epoch=3/3 loss=0.1643 l2=0.2000 label_smoothing=0.000
D step=2/5 epoch=1/3 loss=0.1588 l2=0.2000 label_smoothing=0.000
D step=2/5 epoch=2/3 loss=0.1498 l2=0.2000 label_smoothing=0.000
D step=2/5 epoch=3/3 loss=0.1504 l2=0.2000 label_smoothing=0.000
D step=3/5 epoch=1/3 loss=0.1535 l2=0.2000 label_smoothing=0.000
D step=3/5 epoch=2/3 loss=0.1512 l2=0.2000 label_smoothing=0.000
D step=3/5 epoch=3/3 loss=0.1483 l2=0.2000 label_smoothing=0.000
D step=4/5 epoch=1/3 loss=0.1633 l2=0.2000 label_smoothing=0.000
D step=4/5 epoch=2/3 loss=0.1590 l2=0.2000 label_smoothing=0.000
D step=4/5 epoch=3/3 loss=0.1552 l2=0.2000 label_smoothing=0.000
D step=5/5 epoch=1/3 loss=0.1693 l2=0.2000 label_smoothing=0.000
D step=5/5 epoch=2/3 loss=0.1623 l2=0.2000 label_smoothing=0.000
D step=5/5 epoch=3/3 loss=0.1566 l2=0.2000 label_smoothing=0.000
ADV epoch=14/60 g_loss=0.0092 d_loss=0.1613 reward=0.0805 reward_var=0.0071 unique=0.4000
D step=1/5 epoch=1/3 loss=0.1677 l2=0.2000 label_smoothing=0.000
D step=1/5 epoch=2/3 loss=0.1649 l2=0.2000 label_smoothing=0.000
D step=1/5 epoch=3/3 loss=0.1528 l2=0.2000 label_smoothing=0.000
D step=2/5 epoch=1/3 loss=0.1625 l2=0.2000 label_smoothing=0.000
D step=2/5 epoch=2/3 loss=0.1578 l2=0.2000 label_smoothing=0.000
D step=2/5 epoch=3/3 loss=0.1565 l2=0.2000 label_smoothing=0.000
D step=3/5 epoch=1/3 loss=0.1583 l2=0.2000 label_smoothing=0.000
D step=3/5 epoch=2/3 loss=0.1552 l2=0.2000 label_smoothing=0.000
D step=3/5 epoch=3/3 loss=0.1497 l2=0.2000 label_smoothing=0.000
D step=4/5 epoch=1/3 loss=0.1532 l2=0.2000 label_smoothing=0.000
D step=4/5 epoch=2/3 loss=0.1449 l2=0.2000 label_smoothing=0.000
D step=4/5 epoch=3/3 loss=0.1469 l2=0.2000 label_smoothing=0.000
D step=5/5 epoch=1/3 loss=0.1614 l2=0.2000 label_smoothing=0.000
D step=5/5 epoch=2/3 loss=0.1524 l2=0.2000 label_smoothing=0.000
D step=5/5 epoch=3/3 loss=0.1516 l2=0.2000 label_smoothing=0.000
ADV epoch=15/60 g_loss=0.0105 d_loss=0.1557 reward=0.0775 reward_var=0.0057 unique=0.6200
D step=1/5 epoch=1/3 loss=0.1671 l2=0.2000 label_smoothing=0.000
D step=1/5 epoch=2/3 loss=0.1639 l2=0.2000 label_smoothing=0.000
D step=1/5 epoch=3/3 loss=0.1646 l2=0.2000 label_smoothing=0.000
D step=2/5 epoch=1/3 loss=0.1678 l2=0.2000 label_smoothing=0.000
D step=2/5 epoch=2/3 loss=0.1663 l2=0.2000 label_smoothing=0.000
D step=2/5 epoch=3/3 loss=0.1635 l2=0.2000 label_smoothing=0.000
D step=3/5 epoch=1/3 loss=0.1701 l2=0.2000 label_smoothing=0.000
D step=3/5 epoch=2/3 loss=0.1623 l2=0.2000 label_smoothing=0.000
D step=3/5 epoch=3/3 loss=0.1639 l2=0.2000 label_smoothing=0.000
D step=4/5 epoch=1/3 loss=0.1833 l2=0.2000 label_smoothing=0.000
D step=4/5 epoch=2/3 loss=0.1725 l2=0.2000 label_smoothing=0.000
D step=4/5 epoch=3/3 loss=0.1684 l2=0.2000 label_smoothing=0.000
D step=5/5 epoch=1/3 loss=0.1635 l2=0.2000 label_smoothing=0.000
D step=5/5 epoch=2/3 loss=0.1634 l2=0.2000 label_smoothing=0.000
D step=5/5 epoch=3/3 loss=0.1623 l2=0.2000 label_smoothing=0.000
ADV epoch=16/60 g_loss=0.0129 d_loss=0.1669 reward=0.0957 reward_var=0.0065 unique=0.5400
D step=1/5 epoch=1/3 loss=0.1764 l2=0.2000 label_smoothing=0.000
D step=1/5 epoch=2/3 loss=0.1725 l2=0.2000 label_smoothing=0.000
D step=1/5 epoch=3/3 loss=0.1655 l2=0.2000 label_smoothing=0.000
D step=2/5 epoch=1/3 loss=0.1606 l2=0.2000 label_smoothing=0.000
D step=2/5 epoch=2/3 loss=0.1575 l2=0.2000 label_smoothing=0.000
D step=2/5 epoch=3/3 loss=0.1508 l2=0.2000 label_smoothing=0.000
D step=3/5 epoch=1/3 loss=0.1574 l2=0.2000 label_smoothing=0.000
D step=3/5 epoch=2/3 loss=0.1508 l2=0.2000 label_smoothing=0.000
D step=3/5 epoch=3/3 loss=0.1511 l2=0.2000 label_smoothing=0.000
D step=4/5 epoch=1/3 loss=0.1720 l2=0.2000 label_smoothing=0.000
D step=4/5 epoch=2/3 loss=0.1699 l2=0.2000 label_smoothing=0.000
D step=4/5 epoch=3/3 loss=0.1694 l2=0.2000 label_smoothing=0.000
D step=5/5 epoch=1/3 loss=0.1662 l2=0.2000 label_smoothing=0.000
D step=5/5 epoch=2/3 loss=0.1602 l2=0.2000 label_smoothing=0.000
D step=5/5 epoch=3/3 loss=0.1591 l2=0.2000 label_smoothing=0.000
ADV epoch=17/60 g_loss=0.0116 d_loss=0.1626 reward=0.0977 reward_var=0.0093 unique=0.4600
D step=1/5 epoch=1/3 loss=0.1663 l2=0.2000 label_smoothing=0.000
D step=1/5 epoch=2/3 loss=0.1601 l2=0.2000 label_smoothing=0.000
D step=1/5 epoch=3/3 loss=0.1590 l2=0.2000 label_smoothing=0.000
D step=2/5 epoch=1/3 loss=0.1668 l2=0.2000 label_smoothing=0.000
D step=2/5 epoch=2/3 loss=0.1605 l2=0.2000 label_smoothing=0.000
D step=2/5 epoch=3/3 loss=0.1641 l2=0.2000 label_smoothing=0.000
D step=3/5 epoch=1/3 loss=0.1673 l2=0.2000 label_smoothing=0.000
D step=3/5 epoch=2/3 loss=0.1557 l2=0.2000 label_smoothing=0.000
D step=3/5 epoch=3/3 loss=0.1547 l2=0.2000 label_smoothing=0.000
D step=4/5 epoch=1/3 loss=0.1606 l2=0.2000 label_smoothing=0.000
D step=4/5 epoch=2/3 loss=0.1570 l2=0.2000 label_smoothing=0.000
D step=4/5 epoch=3/3 loss=0.1567 l2=0.2000 label_smoothing=0.000
D step=5/5 epoch=1/3 loss=0.1627 l2=0.2000 label_smoothing=0.000
D step=5/5 epoch=2/3 loss=0.1542 l2=0.2000 label_smoothing=0.000
D step=5/5 epoch=3/3 loss=0.1547 l2=0.2000 label_smoothing=0.000
ADV epoch=18/60 g_loss=0.0126 d_loss=0.1600 reward=0.1024 reward_var=0.0111 unique=0.4800
D step=1/5 epoch=1/3 loss=0.1586 l2=0.2000 label_smoothing=0.000
D step=1/5 epoch=2/3 loss=0.1562 l2=0.2000 label_smoothing=0.000
D step=1/5 epoch=3/3 loss=0.1538 l2=0.2000 label_smoothing=0.000
D step=2/5 epoch=1/3 loss=0.1740 l2=0.2000 label_smoothing=0.000
D step=2/5 epoch=2/3 loss=0.1710 l2=0.2000 label_smoothing=0.000
D step=2/5 epoch=3/3 loss=0.1620 l2=0.2000 label_smoothing=0.000
D step=3/5 epoch=1/3 loss=0.1595 l2=0.2000 label_smoothing=0.000
D step=3/5 epoch=2/3 loss=0.1562 l2=0.2000 label_smoothing=0.000
D step=3/5 epoch=3/3 loss=0.1542 l2=0.2000 label_smoothing=0.000
D step=4/5 epoch=1/3 loss=0.1767 l2=0.2000 label_smoothing=0.000
D step=4/5 epoch=2/3 loss=0.1747 l2=0.2000 label_smoothing=0.000
D step=4/5 epoch=3/3 loss=0.1691 l2=0.2000 label_smoothing=0.000
D step=5/5 epoch=1/3 loss=0.1703 l2=0.2000 label_smoothing=0.000
D step=5/5 epoch=2/3 loss=0.1668 l2=0.2000 label_smoothing=0.000
D step=5/5 epoch=3/3 loss=0.1631 l2=0.2000 label_smoothing=0.000
ADV epoch=19/60 g_loss=0.0122 d_loss=0.1644 reward=0.0919 reward_var=0.0062 unique=0.5600
D step=1/5 epoch=1/3 loss=0.1738 l2=0.2000 label_smoothing=0.000
D step=1/5 epoch=2/3 loss=0.1685 l2=0.2000 label_smoothing=0.000
D step=1/5 epoch=3/3 loss=0.1636 l2=0.2000 label_smoothing=0.000
D step=2/5 epoch=1/3 loss=0.1779 l2=0.2000 label_smoothing=0.000
D step=2/5 epoch=2/3 loss=0.1672 l2=0.2000 label_smoothing=0.000
D step=2/5 epoch=3/3 loss=0.1620 l2=0.2000 label_smoothing=0.000
D step=3/5 epoch=1/3 loss=0.1648 l2=0.2000 label_smoothing=0.000
D step=3/5 epoch=2/3 loss=0.1534 l2=0.2000 label_smoothing=0.000
D step=3/5 epoch=3/3 loss=0.1498 l2=0.2000 label_smoothing=0.000
D step=4/5 epoch=1/3 loss=0.1698 l2=0.2000 label_smoothing=0.000
D step=4/5 epoch=2/3 loss=0.1666 l2=0.2000 label_smoothing=0.000
D step=4/5 epoch=3/3 loss=0.1650 l2=0.2000 label_smoothing=0.000
D step=5/5 epoch=1/3 loss=0.1666 l2=0.2000 label_smoothing=0.000
D step=5/5 epoch=2/3 loss=0.1605 l2=0.2000 label_smoothing=0.000
D step=5/5 epoch=3/3 loss=0.1587 l2=0.2000 label_smoothing=0.000
ADV epoch=20/60 g_loss=0.0084 d_loss=0.1645 reward=0.0909 reward_var=0.0045 unique=0.5000
D step=1/5 epoch=1/3 loss=0.1865 l2=0.2000 label_smoothing=0.000
D step=1/5 epoch=2/3 loss=0.1747 l2=0.2000 label_smoothing=0.000
D step=1/5 epoch=3/3 loss=0.1715 l2=0.2000 label_smoothing=0.000
D step=2/5 epoch=1/3 loss=0.1611 l2=0.2000 label_smoothing=0.000
D step=2/5 epoch=2/3 loss=0.1572 l2=0.2000 label_smoothing=0.000
D step=2/5 epoch=3/3 loss=0.1531 l2=0.2000 label_smoothing=0.000
D step=3/5 epoch=1/3 loss=0.1653 l2=0.2000 label_smoothing=0.000
D step=3/5 epoch=2/3 loss=0.1656 l2=0.2000 label_smoothing=0.000
D step=3/5 epoch=3/3 loss=0.1565 l2=0.2000 label_smoothing=0.000
D step=4/5 epoch=1/3 loss=0.1916 l2=0.2000 label_smoothing=0.000
D step=4/5 epoch=2/3 loss=0.1813 l2=0.2000 label_smoothing=0.000
D step=4/5 epoch=3/3 loss=0.1649 l2=0.2000 label_smoothing=0.000
D step=5/5 epoch=1/3 loss=0.1756 l2=0.2000 label_smoothing=0.000
D step=5/5 epoch=2/3 loss=0.1701 l2=0.2000 label_smoothing=0.000
D step=5/5 epoch=3/3 loss=0.1651 l2=0.2000 label_smoothing=0.000
ADV epoch=21/60 g_loss=0.0116 d_loss=0.1693 reward=0.0866 reward_var=0.0059 unique=0.4800
D step=1/5 epoch=1/3 loss=0.1976 l2=0.2000 label_smoothing=0.000
D step=1/5 epoch=2/3 loss=0.1913 l2=0.2000 label_smoothing=0.000
D step=1/5 epoch=3/3 loss=0.1865 l2=0.2000 label_smoothing=0.000
D step=2/5 epoch=1/3 loss=0.1804 l2=0.2000 label_smoothing=0.000
D step=2/5 epoch=2/3 loss=0.1747 l2=0.2000 label_smoothing=0.000
D step=2/5 epoch=3/3 loss=0.1716 l2=0.2000 label_smoothing=0.000
D step=3/5 epoch=1/3 loss=0.1948 l2=0.2000 label_smoothing=0.000
D step=3/5 epoch=2/3 loss=0.1827 l2=0.2000 label_smoothing=0.000
D step=3/5 epoch=3/3 loss=0.1832 l2=0.2000 label_smoothing=0.000
D step=4/5 epoch=1/3 loss=0.1703 l2=0.2000 label_smoothing=0.000
D step=4/5 epoch=2/3 loss=0.1654 l2=0.2000 label_smoothing=0.000
D step=4/5 epoch=3/3 loss=0.1625 l2=0.2000 label_smoothing=0.000
D step=5/5 epoch=1/3 loss=0.1929 l2=0.2000 label_smoothing=0.000
D step=5/5 epoch=2/3 loss=0.1811 l2=0.2000 label_smoothing=0.000
D step=5/5 epoch=3/3 loss=0.1789 l2=0.2000 label_smoothing=0.000
ADV epoch=22/60 g_loss=0.0149 d_loss=0.1809 reward=0.1097 reward_var=0.0106 unique=0.4400
D step=1/5 epoch=1/3 loss=0.1841 l2=0.2000 label_smoothing=0.000
D step=1/5 epoch=2/3 loss=0.1656 l2=0.2000 label_smoothing=0.000
D step=1/5 epoch=3/3 loss=0.1639 l2=0.2000 label_smoothing=0.000
D step=2/5 epoch=1/3 loss=0.1741 l2=0.2000 label_smoothing=0.000
D step=2/5 epoch=2/3 loss=0.1681 l2=0.2000 label_smoothing=0.000
D step=2/5 epoch=3/3 loss=0.1654 l2=0.2000 label_smoothing=0.000
D step=3/5 epoch=1/3 loss=0.1820 l2=0.2000 label_smoothing=0.000
D step=3/5 epoch=2/3 loss=0.1773 l2=0.2000 label_smoothing=0.000
D step=3/5 epoch=3/3 loss=0.1777 l2=0.2000 label_smoothing=0.000
D step=4/5 epoch=1/3 loss=0.1764 l2=0.2000 label_smoothing=0.000
D step=4/5 epoch=2/3 loss=0.1779 l2=0.2000 label_smoothing=0.000
D step=4/5 epoch=3/3 loss=0.1748 l2=0.2000 label_smoothing=0.000
D step=5/5 epoch=1/3 loss=0.1740 l2=0.2000 label_smoothing=0.000
D step=5/5 epoch=2/3 loss=0.1739 l2=0.2000 label_smoothing=0.000
D step=5/5 epoch=3/3 loss=0.1671 l2=0.2000 label_smoothing=0.000
ADV epoch=23/60 g_loss=0.0187 d_loss=0.1735 reward=0.1267 reward_var=0.0111 unique=0.4800
D step=1/5 epoch=1/3 loss=0.1887 l2=0.2000 label_smoothing=0.000
D step=1/5 epoch=2/3 loss=0.1760 l2=0.2000 label_smoothing=0.000
D step=1/5 epoch=3/3 loss=0.1762 l2=0.2000 label_smoothing=0.000
D step=2/5 epoch=1/3 loss=0.1459 l2=0.2000 label_smoothing=0.000
D step=2/5 epoch=2/3 loss=0.1445 l2=0.2000 label_smoothing=0.000
D step=2/5 epoch=3/3 loss=0.1441 l2=0.2000 label_smoothing=0.000
D step=3/5 epoch=1/3 loss=0.1985 l2=0.2000 label_smoothing=0.000
D step=3/5 epoch=2/3 loss=0.1913 l2=0.2000 label_smoothing=0.000
D step=3/5 epoch=3/3 loss=0.1829 l2=0.2000 label_smoothing=0.000
D step=4/5 epoch=1/3 loss=0.1909 l2=0.2000 label_smoothing=0.000
D step=4/5 epoch=2/3 loss=0.1872 l2=0.2000 label_smoothing=0.000
D step=4/5 epoch=3/3 loss=0.1840 l2=0.2000 label_smoothing=0.000
D step=5/5 epoch=1/3 loss=0.1846 l2=0.2000 label_smoothing=0.000
D step=5/5 epoch=2/3 loss=0.1836 l2=0.2000 label_smoothing=0.000
D step=5/5 epoch=3/3 loss=0.1785 l2=0.2000 label_smoothing=0.000
ADV epoch=24/60 g_loss=0.0091 d_loss=0.1771 reward=0.0920 reward_var=0.0067 unique=0.4000
D step=1/5 epoch=1/3 loss=0.1776 l2=0.2000 label_smoothing=0.000
D step=1/5 epoch=2/3 loss=0.1684 l2=0.2000 label_smoothing=0.000
D step=1/5 epoch=3/3 loss=0.1646 l2=0.2000 label_smoothing=0.000
D step=2/5 epoch=1/3 loss=0.1844 l2=0.2000 label_smoothing=0.000
D step=2/5 epoch=2/3 loss=0.1847 l2=0.2000 label_smoothing=0.000
D step=2/5 epoch=3/3 loss=0.1817 l2=0.2000 label_smoothing=0.000
D step=3/5 epoch=1/3 loss=0.1979 l2=0.2000 label_smoothing=0.000
D step=3/5 epoch=2/3 loss=0.1903 l2=0.2000 label_smoothing=0.000
D step=3/5 epoch=3/3 loss=0.1891 l2=0.2000 label_smoothing=0.000
D step=4/5 epoch=1/3 loss=0.1819 l2=0.2000 label_smoothing=0.000
D step=4/5 epoch=2/3 loss=0.1697 l2=0.2000 label_smoothing=0.000
D step=4/5 epoch=3/3 loss=0.1636 l2=0.2000 label_smoothing=0.000
D step=5/5 epoch=1/3 loss=0.2071 l2=0.2000 label_smoothing=0.000
D step=5/5 epoch=2/3 loss=0.2010 l2=0.2000 label_smoothing=0.000
D step=5/5 epoch=3/3 loss=0.1968 l2=0.2000 label_smoothing=0.000
ADV epoch=25/60 g_loss=0.0093 d_loss=0.1839 reward=0.1033 reward_var=0.0092 unique=0.4800
D step=1/5 epoch=1/3 loss=0.1859 l2=0.2000 label_smoothing=0.000
D step=1/5 epoch=2/3 loss=0.1758 l2=0.2000 label_smoothing=0.000
D step=1/5 epoch=3/3 loss=0.1747 l2=0.2000 label_smoothing=0.000
D step=2/5 epoch=1/3 loss=0.1852 l2=0.2000 label_smoothing=0.000
D step=2/5 epoch=2/3 loss=0.1845 l2=0.2000 label_smoothing=0.000
D step=2/5 epoch=3/3 loss=0.1840 l2=0.2000 label_smoothing=0.000
D step=3/5 epoch=1/3 loss=0.1734 l2=0.2000 label_smoothing=0.000
D step=3/5 epoch=2/3 loss=0.1749 l2=0.2000 label_smoothing=0.000
D step=3/5 epoch=3/3 loss=0.1746 l2=0.2000 label_smoothing=0.000
D step=4/5 epoch=1/3 loss=0.1799 l2=0.2000 label_smoothing=0.000
D step=4/5 epoch=2/3 loss=0.1789 l2=0.2000 label_smoothing=0.000
D step=4/5 epoch=3/3 loss=0.1750 l2=0.2000 label_smoothing=0.000
D step=5/5 epoch=1/3 loss=0.1895 l2=0.2000 label_smoothing=0.000
D step=5/5 epoch=2/3 loss=0.1815 l2=0.2000 label_smoothing=0.000
D step=5/5 epoch=3/3 loss=0.1798 l2=0.2000 label_smoothing=0.000
ADV epoch=26/60 g_loss=0.0118 d_loss=0.1798 reward=0.1099 reward_var=0.0060 unique=0.3600
D step=1/5 epoch=1/3 loss=0.2188 l2=0.2000 label_smoothing=0.000
D step=1/5 epoch=2/3 loss=0.1922 l2=0.2000 label_smoothing=0.000
D step=1/5 epoch=3/3 loss=0.1891 l2=0.2000 label_smoothing=0.000
D step=2/5 epoch=1/3 loss=0.1940 l2=0.2000 label_smoothing=0.000
D step=2/5 epoch=2/3 loss=0.1876 l2=0.2000 label_smoothing=0.000
D step=2/5 epoch=3/3 loss=0.1843 l2=0.2000 label_smoothing=0.000
D step=3/5 epoch=1/3 loss=0.1811 l2=0.2000 label_smoothing=0.000
D step=3/5 epoch=2/3 loss=0.1786 l2=0.2000 label_smoothing=0.000
D step=3/5 epoch=3/3 loss=0.1761 l2=0.2000 label_smoothing=0.000
D step=4/5 epoch=1/3 loss=0.1763 l2=0.2000 label_smoothing=0.000
D step=4/5 epoch=2/3 loss=0.1757 l2=0.2000 label_smoothing=0.000
D step=4/5 epoch=3/3 loss=0.1732 l2=0.2000 label_smoothing=0.000
D step=5/5 epoch=1/3 loss=0.1767 l2=0.2000 label_smoothing=0.000
D step=5/5 epoch=2/3 loss=0.1746 l2=0.2000 label_smoothing=0.000
D step=5/5 epoch=3/3 loss=0.1726 l2=0.2000 label_smoothing=0.000
ADV epoch=27/60 g_loss=0.0240 d_loss=0.1834 reward=0.1368 reward_var=0.0153 unique=0.3600
D step=1/5 epoch=1/3 loss=0.2013 l2=0.2000 label_smoothing=0.000
D step=1/5 epoch=2/3 loss=0.1857 l2=0.2000 label_smoothing=0.000
D step=1/5 epoch=3/3 loss=0.1829 l2=0.2000 label_smoothing=0.000
D step=2/5 epoch=1/3 loss=0.1905 l2=0.2000 label_smoothing=0.000
D step=2/5 epoch=2/3 loss=0.1767 l2=0.2000 label_smoothing=0.000
D step=2/5 epoch=3/3 loss=0.1808 l2=0.2000 label_smoothing=0.000
D step=3/5 epoch=1/3 loss=0.1947 l2=0.2000 label_smoothing=0.000
D step=3/5 epoch=2/3 loss=0.1858 l2=0.2000 label_smoothing=0.000
D step=3/5 epoch=3/3 loss=0.1837 l2=0.2000 label_smoothing=0.000
D step=4/5 epoch=1/3 loss=0.1832 l2=0.2000 label_smoothing=0.000
D step=4/5 epoch=2/3 loss=0.1816 l2=0.2000 label_smoothing=0.000
D step=4/5 epoch=3/3 loss=0.1793 l2=0.2000 label_smoothing=0.000
D step=5/5 epoch=1/3 loss=0.1955 l2=0.2000 label_smoothing=0.000
D step=5/5 epoch=2/3 loss=0.1936 l2=0.2000 label_smoothing=0.000
D step=5/5 epoch=3/3 loss=0.1873 l2=0.2000 label_smoothing=0.000
ADV epoch=28/60 g_loss=0.0121 d_loss=0.1868 reward=0.1218 reward_var=0.0073 unique=0.4400
D step=1/5 epoch=1/3 loss=0.1939 l2=0.2000 label_smoothing=0.000
D step=1/5 epoch=2/3 loss=0.1848 l2=0.2000 label_smoothing=0.000
D step=1/5 epoch=3/3 loss=0.1838 l2=0.2000 label_smoothing=0.000
D step=2/5 epoch=1/3 loss=0.1897 l2=0.2000 label_smoothing=0.000
D step=2/5 epoch=2/3 loss=0.1875 l2=0.2000 label_smoothing=0.000
D step=2/5 epoch=3/3 loss=0.1797 l2=0.2000 label_smoothing=0.000
D step=3/5 epoch=1/3 loss=0.2163 l2=0.2000 label_smoothing=0.000
D step=3/5 epoch=2/3 loss=0.1952 l2=0.2000 label_smoothing=0.000
D step=3/5 epoch=3/3 loss=0.1885 l2=0.2000 label_smoothing=0.000
D step=4/5 epoch=1/3 loss=0.1982 l2=0.2000 label_smoothing=0.000
D step=4/5 epoch=2/3 loss=0.1997 l2=0.2000 label_smoothing=0.000
D step=4/5 epoch=3/3 loss=0.1954 l2=0.2000 label_smoothing=0.000
D step=5/5 epoch=1/3 loss=0.2022 l2=0.2000 label_smoothing=0.000
D step=5/5 epoch=2/3 loss=0.1965 l2=0.2000 label_smoothing=0.000
D step=5/5 epoch=3/3 loss=0.1929 l2=0.2000 label_smoothing=0.000
ADV epoch=29/60 g_loss=0.0139 d_loss=0.1936 reward=0.1239 reward_var=0.0119 unique=0.5200
D step=1/5 epoch=1/3 loss=0.1962 l2=0.2000 label_smoothing=0.000
D step=1/5 epoch=2/3 loss=0.1839 l2=0.2000 label_smoothing=0.000
D step=1/5 epoch=3/3 loss=0.1858 l2=0.2000 label_smoothing=0.000
D step=2/5 epoch=1/3 loss=0.2044 l2=0.2000 label_smoothing=0.000
D step=2/5 epoch=2/3 loss=0.1942 l2=0.2000 label_smoothing=0.000
D step=2/5 epoch=3/3 loss=0.1937 l2=0.2000 label_smoothing=0.000
D step=3/5 epoch=1/3 loss=0.1880 l2=0.2000 label_smoothing=0.000
D step=3/5 epoch=2/3 loss=0.1861 l2=0.2000 label_smoothing=0.000
D step=3/5 epoch=3/3 loss=0.1827 l2=0.2000 label_smoothing=0.000
D step=4/5 epoch=1/3 loss=0.1834 l2=0.2000 label_smoothing=0.000
D step=4/5 epoch=2/3 loss=0.1819 l2=0.2000 label_smoothing=0.000
D step=4/5 epoch=3/3 loss=0.1816 l2=0.2000 label_smoothing=0.000
D step=5/5 epoch=1/3 loss=0.2003 l2=0.2000 label_smoothing=0.000
D step=5/5 epoch=2/3 loss=0.1934 l2=0.2000 label_smoothing=0.000
D step=5/5 epoch=3/3 loss=0.1937 l2=0.2000 label_smoothing=0.000
ADV epoch=30/60 g_loss=0.0118 d_loss=0.1899 reward=0.1328 reward_var=0.0068 unique=0.3800
D step=1/5 epoch=1/3 loss=0.1998 l2=0.2000 label_smoothing=0.000
D step=1/5 epoch=2/3 loss=0.1882 l2=0.2000 label_smoothing=0.000
D step=1/5 epoch=3/3 loss=0.1867 l2=0.2000 label_smoothing=0.000
D step=2/5 epoch=1/3 loss=0.1958 l2=0.2000 label_smoothing=0.000
D step=2/5 epoch=2/3 loss=0.1915 l2=0.2000 label_smoothing=0.000
D step=2/5 epoch=3/3 loss=0.1903 l2=0.2000 label_smoothing=0.000
D step=3/5 epoch=1/3 loss=0.2047 l2=0.2000 label_smoothing=0.000
D step=3/5 epoch=2/3 loss=0.1938 l2=0.2000 label_smoothing=0.000
D step=3/5 epoch=3/3 loss=0.1971 l2=0.2000 label_smoothing=0.000
D step=4/5 epoch=1/3 loss=0.2016 l2=0.2000 label_smoothing=0.000
D step=4/5 epoch=2/3 loss=0.1981 l2=0.2000 label_smoothing=0.000
D step=4/5 epoch=3/3 loss=0.1964 l2=0.2000 label_smoothing=0.000
D step=5/5 epoch=1/3 loss=0.2005 l2=0.2000 label_smoothing=0.000
D step=5/5 epoch=2/3 loss=0.1908 l2=0.2000 label_smoothing=0.000
D step=5/5 epoch=3/3 loss=0.1898 l2=0.2000 label_smoothing=0.000
ADV epoch=31/60 g_loss=0.0111 d_loss=0.1950 reward=0.1171 reward_var=0.0067 unique=0.4600
D step=1/5 epoch=1/3 loss=0.2133 l2=0.2000 label_smoothing=0.000
D step=1/5 epoch=2/3 loss=0.2054 l2=0.2000 label_smoothing=0.000
D step=1/5 epoch=3/3 loss=0.2039 l2=0.2000 label_smoothing=0.000
D step=2/5 epoch=1/3 loss=0.1897 l2=0.2000 label_smoothing=0.000
D step=2/5 epoch=2/3 loss=0.1847 l2=0.2000 label_smoothing=0.000
D step=2/5 epoch=3/3 loss=0.1848 l2=0.2000 label_smoothing=0.000
D step=3/5 epoch=1/3 loss=0.1891 l2=0.2000 label_smoothing=0.000
D step=3/5 epoch=2/3 loss=0.1864 l2=0.2000 label_smoothing=0.000
D step=3/5 epoch=3/3 loss=0.1865 l2=0.2000 label_smoothing=0.000
D step=4/5 epoch=1/3 loss=0.2208 l2=0.2000 label_smoothing=0.000
D step=4/5 epoch=2/3 loss=0.2109 l2=0.2000 label_smoothing=0.000
D step=4/5 epoch=3/3 loss=0.2091 l2=0.2000 label_smoothing=0.000
D step=5/5 epoch=1/3 loss=0.1811 l2=0.2000 label_smoothing=0.000
D step=5/5 epoch=2/3 loss=0.1777 l2=0.2000 label_smoothing=0.000
D step=5/5 epoch=3/3 loss=0.1778 l2=0.2000 label_smoothing=0.000
ADV epoch=32/60 g_loss=0.0091 d_loss=0.1947 reward=0.1232 reward_var=0.0042 unique=0.3000
D step=1/5 epoch=1/3 loss=0.2069 l2=0.2000 label_smoothing=0.000
D step=1/5 epoch=2/3 loss=0.1979 l2=0.2000 label_smoothing=0.000
D step=1/5 epoch=3/3 loss=0.1925 l2=0.2000 label_smoothing=0.000
D step=2/5 epoch=1/3 loss=0.2131 l2=0.2000 label_smoothing=0.000
D step=2/5 epoch=2/3 loss=0.2088 l2=0.2000 label_smoothing=0.000
D step=2/5 epoch=3/3 loss=0.2086 l2=0.2000 label_smoothing=0.000
D step=3/5 epoch=1/3 loss=0.1965 l2=0.2000 label_smoothing=0.000
D step=3/5 epoch=2/3 loss=0.1943 l2=0.2000 label_smoothing=0.000
D step=3/5 epoch=3/3 loss=0.1925 l2=0.2000 label_smoothing=0.000
D step=4/5 epoch=1/3 loss=0.1965 l2=0.2000 label_smoothing=0.000
D step=4/5 epoch=2/3 loss=0.1883 l2=0.2000 label_smoothing=0.000
D step=4/5 epoch=3/3 loss=0.1874 l2=0.2000 label_smoothing=0.000
D step=5/5 epoch=1/3 loss=0.2069 l2=0.2000 label_smoothing=0.000
D step=5/5 epoch=2/3 loss=0.2017 l2=0.2000 label_smoothing=0.000
D step=5/5 epoch=3/3 loss=0.2018 l2=0.2000 label_smoothing=0.000
ADV epoch=33/60 g_loss=0.0094 d_loss=0.1996 reward=0.1153 reward_var=0.0053 unique=0.4200
D step=1/5 epoch=1/3 loss=0.2280 l2=0.2000 label_smoothing=0.000
D step=1/5 epoch=2/3 loss=0.2145 l2=0.2000 label_smoothing=0.000
D step=1/5 epoch=3/3 loss=0.2131 l2=0.2000 label_smoothing=0.000
D step=2/5 epoch=1/3 loss=0.2115 l2=0.2000 label_smoothing=0.000
D step=2/5 epoch=2/3 loss=0.2041 l2=0.2000 label_smoothing=0.000
D step=2/5 epoch=3/3 loss=0.1983 l2=0.2000 label_smoothing=0.000
D step=3/5 epoch=1/3 loss=0.1842 l2=0.2000 label_smoothing=0.000
D step=3/5 epoch=2/3 loss=0.1813 l2=0.2000 label_smoothing=0.000
D step=3/5 epoch=3/3 loss=0.1778 l2=0.2000 label_smoothing=0.000
D step=4/5 epoch=1/3 loss=0.1939 l2=0.2000 label_smoothing=0.000
D step=4/5 epoch=2/3 loss=0.1889 l2=0.2000 label_smoothing=0.000
D step=4/5 epoch=3/3 loss=0.1873 l2=0.2000 label_smoothing=0.000
D step=5/5 epoch=1/3 loss=0.1961 l2=0.2000 label_smoothing=0.000
D step=5/5 epoch=2/3 loss=0.1870 l2=0.2000 label_smoothing=0.000
D step=5/5 epoch=3/3 loss=0.1868 l2=0.2000 label_smoothing=0.000
ADV epoch=34/60 g_loss=0.0223 d_loss=0.1969 reward=0.1176 reward_var=0.0091 unique=0.3800
D step=1/5 epoch=1/3 loss=0.2153 l2=0.2000 label_smoothing=0.000
D step=1/5 epoch=2/3 loss=0.2129 l2=0.2000 label_smoothing=0.000
D step=1/5 epoch=3/3 loss=0.2026 l2=0.2000 label_smoothing=0.000
D step=2/5 epoch=1/3 loss=0.1958 l2=0.2000 label_smoothing=0.000
D step=2/5 epoch=2/3 loss=0.1952 l2=0.2000 label_smoothing=0.000
D step=2/5 epoch=3/3 loss=0.1894 l2=0.2000 label_smoothing=0.000
D step=3/5 epoch=1/3 loss=0.2009 l2=0.2000 label_smoothing=0.000
D step=3/5 epoch=2/3 loss=0.1965 l2=0.2000 label_smoothing=0.000
D step=3/5 epoch=3/3 loss=0.1971 l2=0.2000 label_smoothing=0.000
D step=4/5 epoch=1/3 loss=0.1898 l2=0.2000 label_smoothing=0.000
D step=4/5 epoch=2/3 loss=0.1872 l2=0.2000 label_smoothing=0.000
D step=4/5 epoch=3/3 loss=0.1854 l2=0.2000 label_smoothing=0.000
D step=5/5 epoch=1/3 loss=0.1871 l2=0.2000 label_smoothing=0.000
D step=5/5 epoch=2/3 loss=0.1860 l2=0.2000 label_smoothing=0.000
D step=5/5 epoch=3/3 loss=0.1838 l2=0.2000 label_smoothing=0.000
ADV epoch=35/60 g_loss=0.0143 d_loss=0.1950 reward=0.1087 reward_var=0.0055 unique=0.3400
D step=1/5 epoch=1/3 loss=0.1761 l2=0.2000 label_smoothing=0.000
D step=1/5 epoch=2/3 loss=0.1711 l2=0.2000 label_smoothing=0.000
D step=1/5 epoch=3/3 loss=0.1664 l2=0.2000 label_smoothing=0.000
D step=2/5 epoch=1/3 loss=0.2126 l2=0.2000 label_smoothing=0.000
D step=2/5 epoch=2/3 loss=0.1979 l2=0.2000 label_smoothing=0.000
D step=2/5 epoch=3/3 loss=0.1960 l2=0.2000 label_smoothing=0.000
D step=3/5 epoch=1/3 loss=0.1864 l2=0.2000 label_smoothing=0.000
D step=3/5 epoch=2/3 loss=0.1773 l2=0.2000 label_smoothing=0.000
D step=3/5 epoch=3/3 loss=0.1768 l2=0.2000 label_smoothing=0.000
D step=4/5 epoch=1/3 loss=0.2041 l2=0.2000 label_smoothing=0.000
D step=4/5 epoch=2/3 loss=0.1979 l2=0.2000 label_smoothing=0.000
D step=4/5 epoch=3/3 loss=0.1969 l2=0.2000 label_smoothing=0.000
D step=5/5 epoch=1/3 loss=0.1851 l2=0.2000 label_smoothing=0.000
D step=5/5 epoch=2/3 loss=0.1822 l2=0.2000 label_smoothing=0.000
D step=5/5 epoch=3/3 loss=0.1795 l2=0.2000 label_smoothing=0.000
ADV epoch=36/60 g_loss=0.0145 d_loss=0.1871 reward=0.1121 reward_var=0.0073 unique=0.3800
D step=1/5 epoch=1/3 loss=0.1821 l2=0.2000 label_smoothing=0.000
D step=1/5 epoch=2/3 loss=0.1744 l2=0.2000 label_smoothing=0.000
D step=1/5 epoch=3/3 loss=0.1750 l2=0.2000 label_smoothing=0.000
D step=2/5 epoch=1/3 loss=0.1966 l2=0.2000 label_smoothing=0.000
D step=2/5 epoch=2/3 loss=0.1926 l2=0.2000 label_smoothing=0.000
D step=2/5 epoch=3/3 loss=0.1910 l2=0.2000 label_smoothing=0.000
D step=3/5 epoch=1/3 loss=0.1940 l2=0.2000 label_smoothing=0.000
D step=3/5 epoch=2/3 loss=0.1834 l2=0.2000 label_smoothing=0.000
D step=3/5 epoch=3/3 loss=0.1790 l2=0.2000 label_smoothing=0.000
D step=4/5 epoch=1/3 loss=0.1985 l2=0.2000 label_smoothing=0.000
D step=4/5 epoch=2/3 loss=0.1961 l2=0.2000 label_smoothing=0.000
D step=4/5 epoch=3/3 loss=0.1951 l2=0.2000 label_smoothing=0.000
D step=5/5 epoch=1/3 loss=0.1870 l2=0.2000 label_smoothing=0.000
D step=5/5 epoch=2/3 loss=0.1855 l2=0.2000 label_smoothing=0.000
D step=5/5 epoch=3/3 loss=0.1848 l2=0.2000 label_smoothing=0.000
ADV epoch=37/60 g_loss=0.0117 d_loss=0.1877 reward=0.1304 reward_var=0.0046 unique=0.3800
D step=1/5 epoch=1/3 loss=0.2165 l2=0.2000 label_smoothing=0.000
D step=1/5 epoch=2/3 loss=0.2046 l2=0.2000 label_smoothing=0.000
D step=1/5 epoch=3/3 loss=0.2019 l2=0.2000 label_smoothing=0.000
D step=2/5 epoch=1/3 loss=0.1983 l2=0.2000 label_smoothing=0.000
D step=2/5 epoch=2/3 loss=0.1947 l2=0.2000 label_smoothing=0.000
D step=2/5 epoch=3/3 loss=0.1912 l2=0.2000 label_smoothing=0.000
D step=3/5 epoch=1/3 loss=0.2239 l2=0.2000 label_smoothing=0.000
D step=3/5 epoch=2/3 loss=0.2169 l2=0.2000 label_smoothing=0.000
D step=3/5 epoch=3/3 loss=0.2137 l2=0.2000 label_smoothing=0.000
D step=4/5 epoch=1/3 loss=0.2022 l2=0.2000 label_smoothing=0.000
D step=4/5 epoch=2/3 loss=0.1999 l2=0.2000 label_smoothing=0.000
D step=4/5 epoch=3/3 loss=0.1986 l2=0.2000 label_smoothing=0.000
D step=5/5 epoch=1/3 loss=0.1769 l2=0.2000 label_smoothing=0.000
D step=5/5 epoch=2/3 loss=0.1753 l2=0.2000 label_smoothing=0.000
D step=5/5 epoch=3/3 loss=0.1727 l2=0.2000 label_smoothing=0.000
ADV epoch=38/60 g_loss=0.0129 d_loss=0.1991 reward=0.1192 reward_var=0.0084 unique=0.4600
D step=1/5 epoch=1/3 loss=0.2053 l2=0.2000 label_smoothing=0.000
D step=1/5 epoch=2/3 loss=0.1733 l2=0.2000 label_smoothing=0.000
D step=1/5 epoch=3/3 loss=0.1729 l2=0.2000 label_smoothing=0.000
D step=2/5 epoch=1/3 loss=0.1849 l2=0.2000 label_smoothing=0.000
D step=2/5 epoch=2/3 loss=0.1848 l2=0.2000 label_smoothing=0.000
D step=2/5 epoch=3/3 loss=0.1848 l2=0.2000 label_smoothing=0.000
D step=3/5 epoch=1/3 loss=0.2116 l2=0.2000 label_smoothing=0.000
D step=3/5 epoch=2/3 loss=0.2007 l2=0.2000 label_smoothing=0.000
D step=3/5 epoch=3/3 loss=0.1931 l2=0.2000 label_smoothing=0.000
D step=4/5 epoch=1/3 loss=0.2044 l2=0.2000 label_smoothing=0.000
D step=4/5 epoch=2/3 loss=0.1979 l2=0.2000 label_smoothing=0.000
D step=4/5 epoch=3/3 loss=0.1958 l2=0.2000 label_smoothing=0.000
D step=5/5 epoch=1/3 loss=0.1702 l2=0.2000 label_smoothing=0.000
D step=5/5 epoch=2/3 loss=0.1672 l2=0.2000 label_smoothing=0.000
D step=5/5 epoch=3/3 loss=0.1629 l2=0.2000 label_smoothing=0.000
ADV epoch=39/60 g_loss=0.0118 d_loss=0.1873 reward=0.1340 reward_var=0.0074 unique=0.4200
D step=1/5 epoch=1/3 loss=0.2074 l2=0.2000 label_smoothing=0.000
D step=1/5 epoch=2/3 loss=0.1972 l2=0.2000 label_smoothing=0.000
D step=1/5 epoch=3/3 loss=0.1968 l2=0.2000 label_smoothing=0.000
D step=2/5 epoch=1/3 loss=0.2011 l2=0.2000 label_smoothing=0.000
D step=2/5 epoch=2/3 loss=0.1956 l2=0.2000 label_smoothing=0.000
D step=2/5 epoch=3/3 loss=0.1947 l2=0.2000 label_smoothing=0.000
D step=3/5 epoch=1/3 loss=0.2081 l2=0.2000 label_smoothing=0.000
D step=3/5 epoch=2/3 loss=0.2070 l2=0.2000 label_smoothing=0.000
D step=3/5 epoch=3/3 loss=0.1993 l2=0.2000 label_smoothing=0.000
D step=4/5 epoch=1/3 loss=0.1907 l2=0.2000 label_smoothing=0.000
D step=4/5 epoch=2/3 loss=0.1901 l2=0.2000 label_smoothing=0.000
D step=4/5 epoch=3/3 loss=0.1895 l2=0.2000 label_smoothing=0.000
D step=5/5 epoch=1/3 loss=0.1928 l2=0.2000 label_smoothing=0.000
D step=5/5 epoch=2/3 loss=0.1851 l2=0.2000 label_smoothing=0.000
D step=5/5 epoch=3/3 loss=0.1844 l2=0.2000 label_smoothing=0.000
ADV epoch=40/60 g_loss=0.0153 d_loss=0.1960 reward=0.1419 reward_var=0.0106 unique=0.3800
D step=1/5 epoch=1/3 loss=0.2061 l2=0.2000 label_smoothing=0.000
D step=1/5 epoch=2/3 loss=0.1981 l2=0.2000 label_smoothing=0.000
D step=1/5 epoch=3/3 loss=0.1985 l2=0.2000 label_smoothing=0.000
D step=2/5 epoch=1/3 loss=0.1883 l2=0.2000 label_smoothing=0.000
D step=2/5 epoch=2/3 loss=0.1822 l2=0.2000 label_smoothing=0.000
D step=2/5 epoch=3/3 loss=0.1809 l2=0.2000 label_smoothing=0.000
D step=3/5 epoch=1/3 loss=0.2284 l2=0.2000 label_smoothing=0.000
D step=3/5 epoch=2/3 loss=0.2208 l2=0.2000 label_smoothing=0.000
D step=3/5 epoch=3/3 loss=0.2166 l2=0.2000 label_smoothing=0.000
D step=4/5 epoch=1/3 loss=0.2036 l2=0.2000 label_smoothing=0.000
D step=4/5 epoch=2/3 loss=0.1992 l2=0.2000 label_smoothing=0.000
D step=4/5 epoch=3/3 loss=0.1973 l2=0.2000 label_smoothing=0.000
D step=5/5 epoch=1/3 loss=0.1837 l2=0.2000 label_smoothing=0.000
D step=5/5 epoch=2/3 loss=0.1823 l2=0.2000 label_smoothing=0.000
D step=5/5 epoch=3/3 loss=0.1800 l2=0.2000 label_smoothing=0.000
ADV epoch=41/60 g_loss=0.0113 d_loss=0.1977 reward=0.0965 reward_var=0.0039 unique=0.4000
D step=1/5 epoch=1/3 loss=0.1940 l2=0.2000 label_smoothing=0.000
D step=1/5 epoch=2/3 loss=0.1805 l2=0.2000 label_smoothing=0.000
D step=1/5 epoch=3/3 loss=0.1793 l2=0.2000 label_smoothing=0.000
D step=2/5 epoch=1/3 loss=0.2119 l2=0.2000 label_smoothing=0.000
D step=2/5 epoch=2/3 loss=0.2058 l2=0.2000 label_smoothing=0.000
D step=2/5 epoch=3/3 loss=0.2060 l2=0.2000 label_smoothing=0.000
D step=3/5 epoch=1/3 loss=0.2109 l2=0.2000 label_smoothing=0.000
D step=3/5 epoch=2/3 loss=0.1992 l2=0.2000 label_smoothing=0.000
D step=3/5 epoch=3/3 loss=0.1950 l2=0.2000 label_smoothing=0.000
D step=4/5 epoch=1/3 loss=0.1878 l2=0.2000 label_smoothing=0.000
D step=4/5 epoch=2/3 loss=0.1786 l2=0.2000 label_smoothing=0.000
D step=4/5 epoch=3/3 loss=0.1787 l2=0.2000 label_smoothing=0.000
D step=5/5 epoch=1/3 loss=0.2152 l2=0.2000 label_smoothing=0.000
D step=5/5 epoch=2/3 loss=0.2079 l2=0.2000 label_smoothing=0.000
D step=5/5 epoch=3/3 loss=0.2000 l2=0.2000 label_smoothing=0.000
ADV epoch=42/60 g_loss=0.0175 d_loss=0.1967 reward=0.1285 reward_var=0.0109 unique=0.4400
D step=1/5 epoch=1/3 loss=0.2052 l2=0.2000 label_smoothing=0.000
D step=1/5 epoch=2/3 loss=0.1934 l2=0.2000 label_smoothing=0.000
D step=1/5 epoch=3/3 loss=0.1919 l2=0.2000 label_smoothing=0.000
D step=2/5 epoch=1/3 loss=0.1838 l2=0.2000 label_smoothing=0.000
D step=2/5 epoch=2/3 loss=0.1802 l2=0.2000 label_smoothing=0.000
D step=2/5 epoch=3/3 loss=0.1760 l2=0.2000 label_smoothing=0.000
D step=3/5 epoch=1/3 loss=0.2159 l2=0.2000 label_smoothing=0.000
D step=3/5 epoch=2/3 loss=0.2069 l2=0.2000 label_smoothing=0.000
D step=3/5 epoch=3/3 loss=0.2063 l2=0.2000 label_smoothing=0.000
D step=4/5 epoch=1/3 loss=0.1865 l2=0.2000 label_smoothing=0.000
D step=4/5 epoch=2/3 loss=0.1812 l2=0.2000 label_smoothing=0.000
D step=4/5 epoch=3/3 loss=0.1795 l2=0.2000 label_smoothing=0.000
D step=5/5 epoch=1/3 loss=0.1851 l2=0.2000 label_smoothing=0.000
D step=5/5 epoch=2/3 loss=0.1730 l2=0.2000 label_smoothing=0.000
D step=5/5 epoch=3/3 loss=0.1735 l2=0.2000 label_smoothing=0.000
ADV epoch=43/60 g_loss=0.0193 d_loss=0.1892 reward=0.1595 reward_var=0.0055 unique=0.3200
D step=1/5 epoch=1/3 loss=0.2250 l2=0.2000 label_smoothing=0.000
D step=1/5 epoch=2/3 loss=0.2103 l2=0.2000 label_smoothing=0.000
D step=1/5 epoch=3/3 loss=0.2079 l2=0.2000 label_smoothing=0.000
D step=2/5 epoch=1/3 loss=0.1956 l2=0.2000 label_smoothing=0.000
D step=2/5 epoch=2/3 loss=0.1894 l2=0.2000 label_smoothing=0.000
D step=2/5 epoch=3/3 loss=0.1888 l2=0.2000 label_smoothing=0.000
D step=3/5 epoch=1/3 loss=0.2192 l2=0.2000 label_smoothing=0.000
D step=3/5 epoch=2/3 loss=0.2136 l2=0.2000 label_smoothing=0.000
D step=3/5 epoch=3/3 loss=0.2094 l2=0.2000 label_smoothing=0.000
D step=4/5 epoch=1/3 loss=0.1854 l2=0.2000 label_smoothing=0.000
D step=4/5 epoch=2/3 loss=0.1834 l2=0.2000 label_smoothing=0.000
D step=4/5 epoch=3/3 loss=0.1842 l2=0.2000 label_smoothing=0.000
D step=5/5 epoch=1/3 loss=0.1987 l2=0.2000 label_smoothing=0.000
D step=5/5 epoch=2/3 loss=0.1921 l2=0.2000 label_smoothing=0.000
D step=5/5 epoch=3/3 loss=0.1944 l2=0.2000 label_smoothing=0.000
ADV epoch=44/60 g_loss=0.0196 d_loss=0.1998 reward=0.1673 reward_var=0.0164 unique=0.3200
D step=1/5 epoch=1/3 loss=0.2057 l2=0.2000 label_smoothing=0.000
D step=1/5 epoch=2/3 loss=0.1960 l2=0.2000 label_smoothing=0.000
D step=1/5 epoch=3/3 loss=0.1949 l2=0.2000 label_smoothing=0.000
D step=2/5 epoch=1/3 loss=0.2151 l2=0.2000 label_smoothing=0.000
D step=2/5 epoch=2/3 loss=0.2117 l2=0.2000 label_smoothing=0.000
D step=2/5 epoch=3/3 loss=0.2093 l2=0.2000 label_smoothing=0.000
D step=3/5 epoch=1/3 loss=0.1896 l2=0.2000 label_smoothing=0.000
D step=3/5 epoch=2/3 loss=0.1897 l2=0.2000 label_smoothing=0.000
D step=3/5 epoch=3/3 loss=0.1893 l2=0.2000 label_smoothing=0.000
D step=4/5 epoch=1/3 loss=0.1982 l2=0.2000 label_smoothing=0.000
D step=4/5 epoch=2/3 loss=0.1957 l2=0.2000 label_smoothing=0.000
D step=4/5 epoch=3/3 loss=0.1937 l2=0.2000 label_smoothing=0.000
D step=5/5 epoch=1/3 loss=0.2076 l2=0.2000 label_smoothing=0.000
D step=5/5 epoch=2/3 loss=0.2034 l2=0.2000 label_smoothing=0.000
D step=5/5 epoch=3/3 loss=0.1982 l2=0.2000 label_smoothing=0.000
ADV epoch=45/60 g_loss=0.0142 d_loss=0.1999 reward=0.1365 reward_var=0.0056 unique=0.5000
D step=1/5 epoch=1/3 loss=0.1996 l2=0.2000 label_smoothing=0.000
D step=1/5 epoch=2/3 loss=0.1945 l2=0.2000 label_smoothing=0.000
D step=1/5 epoch=3/3 loss=0.1909 l2=0.2000 label_smoothing=0.000
D step=2/5 epoch=1/3 loss=0.2247 l2=0.2000 label_smoothing=0.000
D step=2/5 epoch=2/3 loss=0.2100 l2=0.2000 label_smoothing=0.000
D step=2/5 epoch=3/3 loss=0.2067 l2=0.2000 label_smoothing=0.000
D step=3/5 epoch=1/3 loss=0.2055 l2=0.2000 label_smoothing=0.000
D step=3/5 epoch=2/3 loss=0.2036 l2=0.2000 label_smoothing=0.000
D step=3/5 epoch=3/3 loss=0.2007 l2=0.2000 label_smoothing=0.000
D step=4/5 epoch=1/3 loss=0.1763 l2=0.2000 label_smoothing=0.000
D step=4/5 epoch=2/3 loss=0.1720 l2=0.2000 label_smoothing=0.000
D step=4/5 epoch=3/3 loss=0.1739 l2=0.2000 label_smoothing=0.000
D step=5/5 epoch=1/3 loss=0.2127 l2=0.2000 label_smoothing=0.000
D step=5/5 epoch=2/3 loss=0.2061 l2=0.2000 label_smoothing=0.000
D step=5/5 epoch=3/3 loss=0.2061 l2=0.2000 label_smoothing=0.000
ADV epoch=46/60 g_loss=0.0128 d_loss=0.1989 reward=0.1213 reward_var=0.0067 unique=0.4200
D step=1/5 epoch=1/3 loss=0.2359 l2=0.2000 label_smoothing=0.000
D step=1/5 epoch=2/3 loss=0.2205 l2=0.2000 label_smoothing=0.000
D step=1/5 epoch=3/3 loss=0.2158 l2=0.2000 label_smoothing=0.000
D step=2/5 epoch=1/3 loss=0.2098 l2=0.2000 label_smoothing=0.000
D step=2/5 epoch=2/3 loss=0.2059 l2=0.2000 label_smoothing=0.000
D step=2/5 epoch=3/3 loss=0.2068 l2=0.2000 label_smoothing=0.000
D step=3/5 epoch=1/3 loss=0.2076 l2=0.2000 label_smoothing=0.000
D step=3/5 epoch=2/3 loss=0.2065 l2=0.2000 label_smoothing=0.000
D step=3/5 epoch=3/3 loss=0.2043 l2=0.2000 label_smoothing=0.000
D step=4/5 epoch=1/3 loss=0.2110 l2=0.2000 label_smoothing=0.000
D step=4/5 epoch=2/3 loss=0.2118 l2=0.2000 label_smoothing=0.000
D step=4/5 epoch=3/3 loss=0.2076 l2=0.2000 label_smoothing=0.000
D step=5/5 epoch=1/3 loss=0.2061 l2=0.2000 label_smoothing=0.000
D step=5/5 epoch=2/3 loss=0.2057 l2=0.2000 label_smoothing=0.000
D step=5/5 epoch=3/3 loss=0.1972 l2=0.2000 label_smoothing=0.000
ADV epoch=47/60 g_loss=0.0208 d_loss=0.2102 reward=0.1669 reward_var=0.0114 unique=0.4200
D step=1/5 epoch=1/3 loss=0.2272 l2=0.2000 label_smoothing=0.000
D step=1/5 epoch=2/3 loss=0.2173 l2=0.2000 label_smoothing=0.000
D step=1/5 epoch=3/3 loss=0.2133 l2=0.2000 label_smoothing=0.000
D step=2/5 epoch=1/3 loss=0.2246 l2=0.2000 label_smoothing=0.000
D step=2/5 epoch=2/3 loss=0.2170 l2=0.2000 label_smoothing=0.000
D step=2/5 epoch=3/3 loss=0.2154 l2=0.2000 label_smoothing=0.000
D step=3/5 epoch=1/3 loss=0.2028 l2=0.2000 label_smoothing=0.000
D step=3/5 epoch=2/3 loss=0.1976 l2=0.2000 label_smoothing=0.000
D step=3/5 epoch=3/3 loss=0.1914 l2=0.2000 label_smoothing=0.000
D step=4/5 epoch=1/3 loss=0.2077 l2=0.2000 label_smoothing=0.000
D step=4/5 epoch=2/3 loss=0.2050 l2=0.2000 label_smoothing=0.000
D step=4/5 epoch=3/3 loss=0.2045 l2=0.2000 label_smoothing=0.000
D step=5/5 epoch=1/3 loss=0.2388 l2=0.2000 label_smoothing=0.000
D step=5/5 epoch=2/3 loss=0.2413 l2=0.2000 label_smoothing=0.000
D step=5/5 epoch=3/3 loss=0.2276 l2=0.2000 label_smoothing=0.000
ADV epoch=48/60 g_loss=0.0123 d_loss=0.2154 reward=0.1038 reward_var=0.0049 unique=0.4400
D step=1/5 epoch=1/3 loss=0.2413 l2=0.2000 label_smoothing=0.000
D step=1/5 epoch=2/3 loss=0.2300 l2=0.2000 label_smoothing=0.000
D step=1/5 epoch=3/3 loss=0.2263 l2=0.2000 label_smoothing=0.000
D step=2/5 epoch=1/3 loss=0.2178 l2=0.2000 label_smoothing=0.000
D step=2/5 epoch=2/3 loss=0.2145 l2=0.2000 label_smoothing=0.000
D step=2/5 epoch=3/3 loss=0.2171 l2=0.2000 label_smoothing=0.000
D step=3/5 epoch=1/3 loss=0.2082 l2=0.2000 label_smoothing=0.000
D step=3/5 epoch=2/3 loss=0.2038 l2=0.2000 label_smoothing=0.000
D step=3/5 epoch=3/3 loss=0.2040 l2=0.2000 label_smoothing=0.000
D step=4/5 epoch=1/3 loss=0.2234 l2=0.2000 label_smoothing=0.000
D step=4/5 epoch=2/3 loss=0.2197 l2=0.2000 label_smoothing=0.000
D step=4/5 epoch=3/3 loss=0.2200 l2=0.2000 label_smoothing=0.000
D step=5/5 epoch=1/3 loss=0.2301 l2=0.2000 label_smoothing=0.000
D step=5/5 epoch=2/3 loss=0.2234 l2=0.2000 label_smoothing=0.000
D step=5/5 epoch=3/3 loss=0.2244 l2=0.2000 label_smoothing=0.000
ADV epoch=49/60 g_loss=0.0199 d_loss=0.2203 reward=0.1478 reward_var=0.0089 unique=0.4600
D step=1/5 epoch=1/3 loss=0.2209 l2=0.2000 label_smoothing=0.000
D step=1/5 epoch=2/3 loss=0.2152 l2=0.2000 label_smoothing=0.000
D step=1/5 epoch=3/3 loss=0.2131 l2=0.2000 label_smoothing=0.000
D step=2/5 epoch=1/3 loss=0.2132 l2=0.2000 label_smoothing=0.000
D step=2/5 epoch=2/3 loss=0.2114 l2=0.2000 label_smoothing=0.000
D step=2/5 epoch=3/3 loss=0.2096 l2=0.2000 label_smoothing=0.000
D step=3/5 epoch=1/3 loss=0.2239 l2=0.2000 label_smoothing=0.000
D step=3/5 epoch=2/3 loss=0.2186 l2=0.2000 label_smoothing=0.000
D step=3/5 epoch=3/3 loss=0.2171 l2=0.2000 label_smoothing=0.000
D step=4/5 epoch=1/3 loss=0.2322 l2=0.2000 label_smoothing=0.000
D step=4/5 epoch=2/3 loss=0.2250 l2=0.2000 label_smoothing=0.000
D step=4/5 epoch=3/3 loss=0.2215 l2=0.2000 label_smoothing=0.000
D step=5/5 epoch=1/3 loss=0.2227 l2=0.2000 label_smoothing=0.000
D step=5/5 epoch=2/3 loss=0.2222 l2=0.2000 label_smoothing=0.000
D step=5/5 epoch=3/3 loss=0.2210 l2=0.2000 label_smoothing=0.000
ADV epoch=50/60 g_loss=0.0144 d_loss=0.2192 reward=0.1392 reward_var=0.0042 unique=0.3800
D step=1/5 epoch=1/3 loss=0.2139 l2=0.2000 label_smoothing=0.000
D step=1/5 epoch=2/3 loss=0.2103 l2=0.2000 label_smoothing=0.000
D step=1/5 epoch=3/3 loss=0.2070 l2=0.2000 label_smoothing=0.000
D step=2/5 epoch=1/3 loss=0.2055 l2=0.2000 label_smoothing=0.000
D step=2/5 epoch=2/3 loss=0.2002 l2=0.2000 label_smoothing=0.000
D step=2/5 epoch=3/3 loss=0.1995 l2=0.2000 label_smoothing=0.000
D step=3/5 epoch=1/3 loss=0.1913 l2=0.2000 label_smoothing=0.000
D step=3/5 epoch=2/3 loss=0.1894 l2=0.2000 label_smoothing=0.000
D step=3/5 epoch=3/3 loss=0.1880 l2=0.2000 label_smoothing=0.000
D step=4/5 epoch=1/3 loss=0.1876 l2=0.2000 label_smoothing=0.000
D step=4/5 epoch=2/3 loss=0.1870 l2=0.2000 label_smoothing=0.000
D step=4/5 epoch=3/3 loss=0.1888 l2=0.2000 label_smoothing=0.000
D step=5/5 epoch=1/3 loss=0.1813 l2=0.2000 label_smoothing=0.000
D step=5/5 epoch=2/3 loss=0.1791 l2=0.2000 label_smoothing=0.000
D step=5/5 epoch=3/3 loss=0.1785 l2=0.2000 label_smoothing=0.000
ADV epoch=51/60 g_loss=0.0133 d_loss=0.1938 reward=0.1176 reward_var=0.0049 unique=0.3600
D step=1/5 epoch=1/3 loss=0.2286 l2=0.2000 label_smoothing=0.000
D step=1/5 epoch=2/3 loss=0.2097 l2=0.2000 label_smoothing=0.000
D step=1/5 epoch=3/3 loss=0.2091 l2=0.2000 label_smoothing=0.000
D step=2/5 epoch=1/3 loss=0.2031 l2=0.2000 label_smoothing=0.000
D step=2/5 epoch=2/3 loss=0.2022 l2=0.2000 label_smoothing=0.000
D step=2/5 epoch=3/3 loss=0.1993 l2=0.2000 label_smoothing=0.000
D step=3/5 epoch=1/3 loss=0.2171 l2=0.2000 label_smoothing=0.000
D step=3/5 epoch=2/3 loss=0.2144 l2=0.2000 label_smoothing=0.000
D step=3/5 epoch=3/3 loss=0.2149 l2=0.2000 label_smoothing=0.000
D step=4/5 epoch=1/3 loss=0.2422 l2=0.2000 label_smoothing=0.000
D step=4/5 epoch=2/3 loss=0.2404 l2=0.2000 label_smoothing=0.000
D step=4/5 epoch=3/3 loss=0.2289 l2=0.2000 label_smoothing=0.000
D step=5/5 epoch=1/3 loss=0.2104 l2=0.2000 label_smoothing=0.000
D step=5/5 epoch=2/3 loss=0.2032 l2=0.2000 label_smoothing=0.000
D step=5/5 epoch=3/3 loss=0.2011 l2=0.2000 label_smoothing=0.000
ADV epoch=52/60 g_loss=0.0205 d_loss=0.2150 reward=0.1531 reward_var=0.0116 unique=0.5000
D step=1/5 epoch=1/3 loss=0.1937 l2=0.2000 label_smoothing=0.000
D step=1/5 epoch=2/3 loss=0.1884 l2=0.2000 label_smoothing=0.000
D step=1/5 epoch=3/3 loss=0.1852 l2=0.2000 label_smoothing=0.000
D step=2/5 epoch=1/3 loss=0.2043 l2=0.2000 label_smoothing=0.000
D step=2/5 epoch=2/3 loss=0.2002 l2=0.2000 label_smoothing=0.000
D step=2/5 epoch=3/3 loss=0.1946 l2=0.2000 label_smoothing=0.000
D step=3/5 epoch=1/3 loss=0.1885 l2=0.2000 label_smoothing=0.000
D step=3/5 epoch=2/3 loss=0.1891 l2=0.2000 label_smoothing=0.000
D step=3/5 epoch=3/3 loss=0.1849 l2=0.2000 label_smoothing=0.000
D step=4/5 epoch=1/3 loss=0.2097 l2=0.2000 label_smoothing=0.000
D step=4/5 epoch=2/3 loss=0.2078 l2=0.2000 label_smoothing=0.000
D step=4/5 epoch=3/3 loss=0.2066 l2=0.2000 label_smoothing=0.000
D step=5/5 epoch=1/3 loss=0.1926 l2=0.2000 label_smoothing=0.000
D step=5/5 epoch=2/3 loss=0.1893 l2=0.2000 label_smoothing=0.000
D step=5/5 epoch=3/3 loss=0.1867 l2=0.2000 label_smoothing=0.000
ADV epoch=53/60 g_loss=0.0178 d_loss=0.1948 reward=0.1536 reward_var=0.0065 unique=0.4400
D step=1/5 epoch=1/3 loss=0.2305 l2=0.2000 label_smoothing=0.000
D step=1/5 epoch=2/3 loss=0.2159 l2=0.2000 label_smoothing=0.000
D step=1/5 epoch=3/3 loss=0.2122 l2=0.2000 label_smoothing=0.000
D step=2/5 epoch=1/3 loss=0.2250 l2=0.2000 label_smoothing=0.000
D step=2/5 epoch=2/3 loss=0.2242 l2=0.2000 label_smoothing=0.000
D step=2/5 epoch=3/3 loss=0.2217 l2=0.2000 label_smoothing=0.000
D step=3/5 epoch=1/3 loss=0.2131 l2=0.2000 label_smoothing=0.000
D step=3/5 epoch=2/3 loss=0.2096 l2=0.2000 label_smoothing=0.000
D step=3/5 epoch=3/3 loss=0.2099 l2=0.2000 label_smoothing=0.000
D step=4/5 epoch=1/3 loss=0.2166 l2=0.2000 label_smoothing=0.000
D step=4/5 epoch=2/3 loss=0.2138 l2=0.2000 label_smoothing=0.000
D step=4/5 epoch=3/3 loss=0.2114 l2=0.2000 label_smoothing=0.000
D step=5/5 epoch=1/3 loss=0.2217 l2=0.2000 label_smoothing=0.000
D step=5/5 epoch=2/3 loss=0.2196 l2=0.2000 label_smoothing=0.000
D step=5/5 epoch=3/3 loss=0.2191 l2=0.2000 label_smoothing=0.000
ADV epoch=54/60 g_loss=0.0210 d_loss=0.2176 reward=0.1647 reward_var=0.0098 unique=0.5200
D step=1/5 epoch=1/3 loss=0.2264 l2=0.2000 label_smoothing=0.000
D step=1/5 epoch=2/3 loss=0.2205 l2=0.2000 label_smoothing=0.000
D step=1/5 epoch=3/3 loss=0.2202 l2=0.2000 label_smoothing=0.000
D step=2/5 epoch=1/3 loss=0.2105 l2=0.2000 label_smoothing=0.000
D step=2/5 epoch=2/3 loss=0.2056 l2=0.2000 label_smoothing=0.000
D step=2/5 epoch=3/3 loss=0.2066 l2=0.2000 label_smoothing=0.000
D step=3/5 epoch=1/3 loss=0.2347 l2=0.2000 label_smoothing=0.000
D step=3/5 epoch=2/3 loss=0.2258 l2=0.2000 label_smoothing=0.000
D step=3/5 epoch=3/3 loss=0.2231 l2=0.2000 label_smoothing=0.000
D step=4/5 epoch=1/3 loss=0.2324 l2=0.2000 label_smoothing=0.000
D step=4/5 epoch=2/3 loss=0.2317 l2=0.2000 label_smoothing=0.000
D step=4/5 epoch=3/3 loss=0.2290 l2=0.2000 label_smoothing=0.000
D step=5/5 epoch=1/3 loss=0.2287 l2=0.2000 label_smoothing=0.000
D step=5/5 epoch=2/3 loss=0.2304 l2=0.2000 label_smoothing=0.000
D step=5/5 epoch=3/3 loss=0.2278 l2=0.2000 label_smoothing=0.000
ADV epoch=55/60 g_loss=0.0236 d_loss=0.2236 reward=0.1385 reward_var=0.0079 unique=0.4200
D step=1/5 epoch=1/3 loss=0.2004 l2=0.2000 label_smoothing=0.000
D step=1/5 epoch=2/3 loss=0.1929 l2=0.2000 label_smoothing=0.000
D step=1/5 epoch=3/3 loss=0.1889 l2=0.2000 label_smoothing=0.000
D step=2/5 epoch=1/3 loss=0.2054 l2=0.2000 label_smoothing=0.000
D step=2/5 epoch=2/3 loss=0.1933 l2=0.2000 label_smoothing=0.000
D step=2/5 epoch=3/3 loss=0.1960 l2=0.2000 label_smoothing=0.000
D step=3/5 epoch=1/3 loss=0.1944 l2=0.2000 label_smoothing=0.000
D step=3/5 epoch=2/3 loss=0.1926 l2=0.2000 label_smoothing=0.000
D step=3/5 epoch=3/3 loss=0.1943 l2=0.2000 label_smoothing=0.000
D step=4/5 epoch=1/3 loss=0.1989 l2=0.2000 label_smoothing=0.000
D step=4/5 epoch=2/3 loss=0.1978 l2=0.2000 label_smoothing=0.000
D step=4/5 epoch=3/3 loss=0.1983 l2=0.2000 label_smoothing=0.000
D step=5/5 epoch=1/3 loss=0.2086 l2=0.2000 label_smoothing=0.000
D step=5/5 epoch=2/3 loss=0.2030 l2=0.2000 label_smoothing=0.000
D step=5/5 epoch=3/3 loss=0.2022 l2=0.2000 label_smoothing=0.000
ADV epoch=56/60 g_loss=0.0166 d_loss=0.1978 reward=0.1411 reward_var=0.0089 unique=0.3800
D step=1/5 epoch=1/3 loss=0.2141 l2=0.2000 label_smoothing=0.000
D step=1/5 epoch=2/3 loss=0.2091 l2=0.2000 label_smoothing=0.000
D step=1/5 epoch=3/3 loss=0.2063 l2=0.2000 label_smoothing=0.000
D step=2/5 epoch=1/3 loss=0.2051 l2=0.2000 label_smoothing=0.000
D step=2/5 epoch=2/3 loss=0.1972 l2=0.2000 label_smoothing=0.000
D step=2/5 epoch=3/3 loss=0.1938 l2=0.2000 label_smoothing=0.000
D step=3/5 epoch=1/3 loss=0.2055 l2=0.2000 label_smoothing=0.000
D step=3/5 epoch=2/3 loss=0.2034 l2=0.2000 label_smoothing=0.000
D step=3/5 epoch=3/3 loss=0.2015 l2=0.2000 label_smoothing=0.000
D step=4/5 epoch=1/3 loss=0.2080 l2=0.2000 label_smoothing=0.000
D step=4/5 epoch=2/3 loss=0.2070 l2=0.2000 label_smoothing=0.000
D step=4/5 epoch=3/3 loss=0.2047 l2=0.2000 label_smoothing=0.000
D step=5/5 epoch=1/3 loss=0.2190 l2=0.2000 label_smoothing=0.000
D step=5/5 epoch=2/3 loss=0.2098 l2=0.2000 label_smoothing=0.000
D step=5/5 epoch=3/3 loss=0.2045 l2=0.2000 label_smoothing=0.000
ADV epoch=57/60 g_loss=0.0215 d_loss=0.2059 reward=0.1581 reward_var=0.0132 unique=0.4600
D step=1/5 epoch=1/3 loss=0.2369 l2=0.2000 label_smoothing=0.000
D step=1/5 epoch=2/3 loss=0.2316 l2=0.2000 label_smoothing=0.000
D step=1/5 epoch=3/3 loss=0.2274 l2=0.2000 label_smoothing=0.000
D step=2/5 epoch=1/3 loss=0.2205 l2=0.2000 label_smoothing=0.000
D step=2/5 epoch=2/3 loss=0.2138 l2=0.2000 label_smoothing=0.000
D step=2/5 epoch=3/3 loss=0.2131 l2=0.2000 label_smoothing=0.000
D step=3/5 epoch=1/3 loss=0.2214 l2=0.2000 label_smoothing=0.000
D step=3/5 epoch=2/3 loss=0.2208 l2=0.2000 label_smoothing=0.000
D step=3/5 epoch=3/3 loss=0.2186 l2=0.2000 label_smoothing=0.000
D step=4/5 epoch=1/3 loss=0.2318 l2=0.2000 label_smoothing=0.000
D step=4/5 epoch=2/3 loss=0.2302 l2=0.2000 label_smoothing=0.000
D step=4/5 epoch=3/3 loss=0.2285 l2=0.2000 label_smoothing=0.000
D step=5/5 epoch=1/3 loss=0.2524 l2=0.2000 label_smoothing=0.000
D step=5/5 epoch=2/3 loss=0.2431 l2=0.2000 label_smoothing=0.000
D step=5/5 epoch=3/3 loss=0.2440 l2=0.2000 label_smoothing=0.000
ADV epoch=58/60 g_loss=0.0156 d_loss=0.2289 reward=0.1104 reward_var=0.0081 unique=0.4600
D step=1/5 epoch=1/3 loss=0.1926 l2=0.2000 label_smoothing=0.000
D step=1/5 epoch=2/3 loss=0.1836 l2=0.2000 label_smoothing=0.000
D step=1/5 epoch=3/3 loss=0.1827 l2=0.2000 label_smoothing=0.000
D step=2/5 epoch=1/3 loss=0.2158 l2=0.2000 label_smoothing=0.000
D step=2/5 epoch=2/3 loss=0.2127 l2=0.2000 label_smoothing=0.000
D step=2/5 epoch=3/3 loss=0.2083 l2=0.2000 label_smoothing=0.000
D step=3/5 epoch=1/3 loss=0.2002 l2=0.2000 label_smoothing=0.000
D step=3/5 epoch=2/3 loss=0.1982 l2=0.2000 label_smoothing=0.000
D step=3/5 epoch=3/3 loss=0.1971 l2=0.2000 label_smoothing=0.000
D step=4/5 epoch=1/3 loss=0.2149 l2=0.2000 label_smoothing=0.000
D step=4/5 epoch=2/3 loss=0.2093 l2=0.2000 label_smoothing=0.000
D step=4/5 epoch=3/3 loss=0.2073 l2=0.2000 label_smoothing=0.000
D step=5/5 epoch=1/3 loss=0.2063 l2=0.2000 label_smoothing=0.000
D step=5/5 epoch=2/3 loss=0.2024 l2=0.2000 label_smoothing=0.000
D step=5/5 epoch=3/3 loss=0.2023 l2=0.2000 label_smoothing=0.000
ADV epoch=59/60 g_loss=0.0195 d_loss=0.2022 reward=0.1433 reward_var=0.0073 unique=0.4600
D step=1/5 epoch=1/3 loss=0.2158 l2=0.2000 label_smoothing=0.000
D step=1/5 epoch=2/3 loss=0.2072 l2=0.2000 label_smoothing=0.000
D step=1/5 epoch=3/3 loss=0.2059 l2=0.2000 label_smoothing=0.000
D step=2/5 epoch=1/3 loss=0.2109 l2=0.2000 label_smoothing=0.000
D step=2/5 epoch=2/3 loss=0.2001 l2=0.2000 label_smoothing=0.000
D step=2/5 epoch=3/3 loss=0.2016 l2=0.2000 label_smoothing=0.000
D step=3/5 epoch=1/3 loss=0.2341 l2=0.2000 label_smoothing=0.000
D step=3/5 epoch=2/3 loss=0.2265 l2=0.2000 label_smoothing=0.000
D step=3/5 epoch=3/3 loss=0.2213 l2=0.2000 label_smoothing=0.000
D step=4/5 epoch=1/3 loss=0.2216 l2=0.2000 label_smoothing=0.000
D step=4/5 epoch=2/3 loss=0.2147 l2=0.2000 label_smoothing=0.000
D step=4/5 epoch=3/3 loss=0.2142 l2=0.2000 label_smoothing=0.000
D step=5/5 epoch=1/3 loss=0.2218 l2=0.2000 label_smoothing=0.000
D step=5/5 epoch=2/3 loss=0.2163 l2=0.2000 label_smoothing=0.000
D step=5/5 epoch=3/3 loss=0.2128 l2=0.2000 label_smoothing=0.000
ADV epoch=60/60 g_loss=0.0218 d_loss=0.2150 reward=0.1477 reward_var=0.0076 unique=0.5800
saved 500 raw samples to /content/drive/MyDrive/GAN/GAN_SQLi_Colab/results_seqgan_phase2b_phase3/phase2b/seqgan_master/boolean/D/R50/generated_payloads.csv
