{
  "metric_schema_version": "quality-metrics-v3",
  "normalization_version": "nfkc_html_percent1_casefold_ws_quotes_v1",
  "seed": 88,
  "method": "seqgan_master",
  "family": "error",
  "scenario": "D",
  "ratio": "100",
  "generation_kind": "direct",
  "schema_valid": true,
  "stop_reason": "n/a",
  "n_generated": 2000,
  "unique_rate": 0.051,
  "normalized_unique_rate": 0.0335,
  "duplicate_rate": 0.949,
  "model_collapse_rate": 0.949,
  "dominant_payload_share": 0.1735,
  "normalized_dominant_payload_share": 0.5455,
  "sql_parse_rate": 1.0,
  "sql_structure_rate": 0.007,
  "family_motif_coverage": 0.0,
  "family_motif_hit_rate": 0.0,
  "garbage_rate": 0.993,
  "wellformed_rate": 1.0,
  "shaped_rate": 0.007,
  "family_motif_coverage_by_family": {
    "error": 0.0
  },
  "family_motif_hit_rate_by_family": {
    "error": 0.0
  },
  "inferred_family_distribution": {
    "boolean": 0.0,
    "union": 0.0,
    "time": 0.0,
    "error": 0.0,
    "other": 1.0
  },
  "train_reference_count": 156,
  "holdout_reference_count": 259,
  "exact_input_overlap": 0.0,
  "normalized_input_overlap": 0.0,
  "holdout_overlap": 0.0,
  "normalized_holdout_overlap": 0.0,
  "nearest_input_similarity_mean": 0.01732598746860133,
  "nearest_input_similarity_median": 0.021739130434782608,
  "nearest_input_similarity_p90": 0.021739130434782608,
  "nearest_char3_jaccard_mean": 0.01732598746860133,
  "nearest_char3_jaccard_median": 0.021739130434782608,
  "nearest_char3_jaccard_p90": 0.021739130434782608,
  "nearest_token_jaccard_mean": 0.24137262475092083,
  "nearest_token_jaccard_median": 0.2,
  "nearest_token_jaccard_p90": 0.5,
  "nearest_edit_similarity_mean": 0.024831046424305264,
  "nearest_edit_similarity_median": 0.02941176470588236,
  "nearest_edit_similarity_p90": 0.03448275862068961,
  "nearest_feature_cosine_mean": 0.3233999017412868,
  "nearest_feature_cosine_median": 0.4040534572524567,
  "nearest_feature_cosine_p90": 0.4040534572524567,
  "nearest_input_distance_mean": 0.9826740125313987,
  "nearest_input_distance_median": 0.9782608695652174,
  "nearest_input_distance_p90": 1.0,
  "mean_nearest_similarity": 0.01732598746860133,
  "median_nearest_similarity": 0.021739130434782608,
  "p90_nearest_similarity": 0.021739130434782608,
  "unique_nearest_payload_rate": 0.0075,
  "dominant_retrieved_payload_share": 0.5695,
  "nearest_reference_count": 156,
  "distinct_1": 0.009979529170931423,
  "distinct_2": 0.034067085953878404,
  "distinct_3": 0.2100456621004566,
  "lexical_diversity": 0.009979529170931423,
  "character_diversity": 0.540521209541603,
  "token_diversity": 0.31216958336019435,
  "keyword_diversity": 0.3712323266408757,
  "operator_diversity": 0.03699692532893585,
  "function_diversity": 0.0,
  "comment_style_diversity": 0.0,
  "length_zone_diversity": 0.2,
  "self_bleu": 0.7079469659407518,
  "self_bleu_char": 0.7079469659407518,
  "requested_count": 2000,
  "generated_count_fraction": 1.0
}
