
[1/3] pretrain G
G epoch=1/60 loss=5.2612
G epoch=2/60 loss=5.1606
G epoch=3/60 loss=5.0453
G epoch=4/60 loss=4.9203
G epoch=5/60 loss=4.7511
G epoch=6/60 loss=4.5577
G epoch=7/60 loss=4.2973
G epoch=8/60 loss=4.0876
G epoch=9/60 loss=3.8816
G epoch=10/60 loss=3.7433
G epoch=11/60 loss=3.5844
G epoch=12/60 loss=3.4959
G epoch=13/60 loss=3.3904
G epoch=14/60 loss=3.3221
G epoch=15/60 loss=3.2273
G epoch=16/60 loss=3.1201
G epoch=17/60 loss=3.0849
G epoch=18/60 loss=3.0279
G epoch=19/60 loss=2.9269
G epoch=20/60 loss=2.9284
G epoch=21/60 loss=2.8142
G epoch=22/60 loss=2.7759
G epoch=23/60 loss=2.7103
G epoch=24/60 loss=2.5773
G epoch=25/60 loss=2.5560
G epoch=26/60 loss=2.5585
G epoch=27/60 loss=2.4346
G epoch=28/60 loss=2.4162
G epoch=29/60 loss=2.3518
G epoch=30/60 loss=2.2989
G epoch=31/60 loss=2.3176
G epoch=32/60 loss=2.2355
G epoch=33/60 loss=2.1739
G epoch=34/60 loss=2.1154
G epoch=35/60 loss=2.1011
G epoch=36/60 loss=2.0736
G epoch=37/60 loss=2.0254
G epoch=38/60 loss=1.9237
G epoch=39/60 loss=1.9278
G epoch=40/60 loss=1.8775
G epoch=41/60 loss=1.8909
G epoch=42/60 loss=1.7908
G epoch=43/60 loss=1.7242
G epoch=44/60 loss=1.7612
G epoch=45/60 loss=1.7766
G epoch=46/60 loss=1.6660
G epoch=47/60 loss=1.6557
G epoch=48/60 loss=1.6279
G epoch=49/60 loss=1.6549
G epoch=50/60 loss=1.5708
G epoch=51/60 loss=1.4974
G epoch=52/60 loss=1.5198
G epoch=53/60 loss=1.5141
G epoch=54/60 loss=1.4597
G epoch=55/60 loss=1.4469
G epoch=56/60 loss=1.4460
G epoch=57/60 loss=1.3542
G epoch=58/60 loss=1.3242
G epoch=59/60 loss=1.3377
G epoch=60/60 loss=1.3511

[2/3] pretrain D
D step=1/30 epoch=1/3 loss=0.7695 l2=0.2000 label_smoothing=0.050
D step=1/30 epoch=2/3 loss=0.7559 l2=0.2000 label_smoothing=0.050
D step=1/30 epoch=3/3 loss=0.7341 l2=0.2000 label_smoothing=0.050
D step=2/30 epoch=1/3 loss=0.7550 l2=0.2000 label_smoothing=0.050
D step=2/30 epoch=2/3 loss=0.7197 l2=0.2000 label_smoothing=0.050
D step=2/30 epoch=3/3 loss=0.7184 l2=0.2000 label_smoothing=0.050
D step=3/30 epoch=1/3 loss=0.7154 l2=0.2000 label_smoothing=0.050
D step=3/30 epoch=2/3 loss=0.6900 l2=0.2000 label_smoothing=0.050
D step=3/30 epoch=3/3 loss=0.6860 l2=0.2000 label_smoothing=0.050
D step=4/30 epoch=1/3 loss=0.6483 l2=0.2000 label_smoothing=0.050
D step=4/30 epoch=2/3 loss=0.6747 l2=0.2000 label_smoothing=0.050
D step=4/30 epoch=3/3 loss=0.6468 l2=0.2000 label_smoothing=0.050
D step=5/30 epoch=1/3 loss=0.6623 l2=0.2000 label_smoothing=0.050
D step=5/30 epoch=2/3 loss=0.6291 l2=0.2000 label_smoothing=0.050
D step=5/30 epoch=3/3 loss=0.6149 l2=0.2000 label_smoothing=0.050
D step=6/30 epoch=1/3 loss=0.6042 l2=0.2000 label_smoothing=0.050
D step=6/30 epoch=2/3 loss=0.6230 l2=0.2000 label_smoothing=0.050
D step=6/30 epoch=3/3 loss=0.5756 l2=0.2000 label_smoothing=0.050
D step=7/30 epoch=1/3 loss=0.5847 l2=0.2000 label_smoothing=0.050
D step=7/30 epoch=2/3 loss=0.5802 l2=0.2000 label_smoothing=0.050
D step=7/30 epoch=3/3 loss=0.5727 l2=0.2000 label_smoothing=0.050
D step=8/30 epoch=1/3 loss=0.5484 l2=0.2000 label_smoothing=0.050
D step=8/30 epoch=2/3 loss=0.5379 l2=0.2000 label_smoothing=0.050
D step=8/30 epoch=3/3 loss=0.5212 l2=0.2000 label_smoothing=0.050
D step=9/30 epoch=1/3 loss=0.5236 l2=0.2000 label_smoothing=0.050
D step=9/30 epoch=2/3 loss=0.5050 l2=0.2000 label_smoothing=0.050
D step=9/30 epoch=3/3 loss=0.4886 l2=0.2000 label_smoothing=0.050
D step=10/30 epoch=1/3 loss=0.4727 l2=0.2000 label_smoothing=0.050
D step=10/30 epoch=2/3 loss=0.4582 l2=0.2000 label_smoothing=0.050
D step=10/30 epoch=3/3 loss=0.4481 l2=0.2000 label_smoothing=0.050
D step=11/30 epoch=1/3 loss=0.4528 l2=0.2000 label_smoothing=0.050
D step=11/30 epoch=2/3 loss=0.4383 l2=0.2000 label_smoothing=0.050
D step=11/30 epoch=3/3 loss=0.4130 l2=0.2000 label_smoothing=0.050
D step=12/30 epoch=1/3 loss=0.4202 l2=0.2000 label_smoothing=0.050
D step=12/30 epoch=2/3 loss=0.4138 l2=0.2000 label_smoothing=0.050
D step=12/30 epoch=3/3 loss=0.3874 l2=0.2000 label_smoothing=0.050
D step=13/30 epoch=1/3 loss=0.4261 l2=0.2000 label_smoothing=0.050
D step=13/30 epoch=2/3 loss=0.4109 l2=0.2000 label_smoothing=0.050
D step=13/30 epoch=3/3 loss=0.3947 l2=0.2000 label_smoothing=0.050
D step=14/30 epoch=1/3 loss=0.3914 l2=0.2000 label_smoothing=0.050
D step=14/30 epoch=2/3 loss=0.3713 l2=0.2000 label_smoothing=0.050
D step=14/30 epoch=3/3 loss=0.3587 l2=0.2000 label_smoothing=0.050
D step=15/30 epoch=1/3 loss=0.3463 l2=0.2000 label_smoothing=0.050
D step=15/30 epoch=2/3 loss=0.3325 l2=0.2000 label_smoothing=0.050
D step=15/30 epoch=3/3 loss=0.3357 l2=0.2000 label_smoothing=0.050
D step=16/30 epoch=1/3 loss=0.3316 l2=0.2000 label_smoothing=0.050
D step=16/30 epoch=2/3 loss=0.3380 l2=0.2000 label_smoothing=0.050
D step=16/30 epoch=3/3 loss=0.3334 l2=0.2000 label_smoothing=0.050
D step=17/30 epoch=1/3 loss=0.3024 l2=0.2000 label_smoothing=0.050
D step=17/30 epoch=2/3 loss=0.2897 l2=0.2000 label_smoothing=0.050
D step=17/30 epoch=3/3 loss=0.2872 l2=0.2000 label_smoothing=0.050
D step=18/30 epoch=1/3 loss=0.3028 l2=0.2000 label_smoothing=0.050
D step=18/30 epoch=2/3 loss=0.2915 l2=0.2000 label_smoothing=0.050
D step=18/30 epoch=3/3 loss=0.2870 l2=0.2000 label_smoothing=0.050
D step=19/30 epoch=1/3 loss=0.2869 l2=0.2000 label_smoothing=0.050
D step=19/30 epoch=2/3 loss=0.2778 l2=0.2000 label_smoothing=0.050
D step=19/30 epoch=3/3 loss=0.2746 l2=0.2000 label_smoothing=0.050
D step=20/30 epoch=1/3 loss=0.2707 l2=0.2000 label_smoothing=0.050
D step=20/30 epoch=2/3 loss=0.2603 l2=0.2000 label_smoothing=0.050
D step=20/30 epoch=3/3 loss=0.2512 l2=0.2000 label_smoothing=0.050
D step=21/30 epoch=1/3 loss=0.2485 l2=0.2000 label_smoothing=0.050
D step=21/30 epoch=2/3 loss=0.2437 l2=0.2000 label_smoothing=0.050
D step=21/30 epoch=3/3 loss=0.2382 l2=0.2000 label_smoothing=0.050
D step=22/30 epoch=1/3 loss=0.2689 l2=0.2000 label_smoothing=0.050
D step=22/30 epoch=2/3 loss=0.2566 l2=0.2000 label_smoothing=0.050
D step=22/30 epoch=3/3 loss=0.2546 l2=0.2000 label_smoothing=0.050
D step=23/30 epoch=1/3 loss=0.2294 l2=0.2000 label_smoothing=0.050
D step=23/30 epoch=2/3 loss=0.2267 l2=0.2000 label_smoothing=0.050
D step=23/30 epoch=3/3 loss=0.2214 l2=0.2000 label_smoothing=0.050
D step=24/30 epoch=1/3 loss=0.2308 l2=0.2000 label_smoothing=0.050
D step=24/30 epoch=2/3 loss=0.2241 l2=0.2000 label_smoothing=0.050
D step=24/30 epoch=3/3 loss=0.2234 l2=0.2000 label_smoothing=0.050
D step=25/30 epoch=1/3 loss=0.2362 l2=0.2000 label_smoothing=0.050
D step=25/30 epoch=2/3 loss=0.2368 l2=0.2000 label_smoothing=0.050
D step=25/30 epoch=3/3 loss=0.2327 l2=0.2000 label_smoothing=0.050
D step=26/30 epoch=1/3 loss=0.2282 l2=0.2000 label_smoothing=0.050
D step=26/30 epoch=2/3 loss=0.2248 l2=0.2000 label_smoothing=0.050
D step=26/30 epoch=3/3 loss=0.2215 l2=0.2000 label_smoothing=0.050
D step=27/30 epoch=1/3 loss=0.2353 l2=0.2000 label_smoothing=0.050
D step=27/30 epoch=2/3 loss=0.2329 l2=0.2000 label_smoothing=0.050
D step=27/30 epoch=3/3 loss=0.2340 l2=0.2000 label_smoothing=0.050
D step=28/30 epoch=1/3 loss=0.2201 l2=0.2000 label_smoothing=0.050
D step=28/30 epoch=2/3 loss=0.2199 l2=0.2000 label_smoothing=0.050
D step=28/30 epoch=3/3 loss=0.2171 l2=0.2000 label_smoothing=0.050
D step=29/30 epoch=1/3 loss=0.2412 l2=0.2000 label_smoothing=0.050
D step=29/30 epoch=2/3 loss=0.2367 l2=0.2000 label_smoothing=0.050
D step=29/30 epoch=3/3 loss=0.2335 l2=0.2000 label_smoothing=0.050
D step=30/30 epoch=1/3 loss=0.2185 l2=0.2000 label_smoothing=0.050
D step=30/30 epoch=2/3 loss=0.2158 l2=0.2000 label_smoothing=0.050
D step=30/30 epoch=3/3 loss=0.2104 l2=0.2000 label_smoothing=0.050

[3/3] adversarial
generator_reward_mode=on reward_alpha=0.700 d_steps=5 d_epochs=3
D step=1/5 epoch=1/3 loss=0.2208 l2=0.2000 label_smoothing=0.050
D step=1/5 epoch=2/3 loss=0.2183 l2=0.2000 label_smoothing=0.050
D step=1/5 epoch=3/3 loss=0.2116 l2=0.2000 label_smoothing=0.050
D step=2/5 epoch=1/3 loss=0.2197 l2=0.2000 label_smoothing=0.050
D step=2/5 epoch=2/3 loss=0.2170 l2=0.2000 label_smoothing=0.050
D step=2/5 epoch=3/3 loss=0.2132 l2=0.2000 label_smoothing=0.050
D step=3/5 epoch=1/3 loss=0.2253 l2=0.2000 label_smoothing=0.050
D step=3/5 epoch=2/3 loss=0.2252 l2=0.2000 label_smoothing=0.050
D step=3/5 epoch=3/3 loss=0.2187 l2=0.2000 label_smoothing=0.050
D step=4/5 epoch=1/3 loss=0.2148 l2=0.2000 label_smoothing=0.050
D step=4/5 epoch=2/3 loss=0.2140 l2=0.2000 label_smoothing=0.050
D step=4/5 epoch=3/3 loss=0.2084 l2=0.2000 label_smoothing=0.050
D step=5/5 epoch=1/3 loss=0.2046 l2=0.2000 label_smoothing=0.050
D step=5/5 epoch=2/3 loss=0.2067 l2=0.2000 label_smoothing=0.050
D step=5/5 epoch=3/3 loss=0.2034 l2=0.2000 label_smoothing=0.050
ADV epoch=1/60 g_loss=0.4849 d_loss=0.2148 reward=0.2188 reward_var=0.0081 unique=1.0000
D step=1/5 epoch=1/3 loss=0.2186 l2=0.2000 label_smoothing=0.050
D step=1/5 epoch=2/3 loss=0.2086 l2=0.2000 label_smoothing=0.050
D step=1/5 epoch=3/3 loss=0.2002 l2=0.2000 label_smoothing=0.050
D step=2/5 epoch=1/3 loss=0.2060 l2=0.2000 label_smoothing=0.050
D step=2/5 epoch=2/3 loss=0.2056 l2=0.2000 label_smoothing=0.050
D step=2/5 epoch=3/3 loss=0.2020 l2=0.2000 label_smoothing=0.050
D step=3/5 epoch=1/3 loss=0.2109 l2=0.2000 label_smoothing=0.050
D step=3/5 epoch=2/3 loss=0.2069 l2=0.2000 label_smoothing=0.050
D step=3/5 epoch=3/3 loss=0.2071 l2=0.2000 label_smoothing=0.050
D step=4/5 epoch=1/3 loss=0.2130 l2=0.2000 label_smoothing=0.050
D step=4/5 epoch=2/3 loss=0.2150 l2=0.2000 label_smoothing=0.050
D step=4/5 epoch=3/3 loss=0.2069 l2=0.2000 label_smoothing=0.050
D step=5/5 epoch=1/3 loss=0.2002 l2=0.2000 label_smoothing=0.050
D step=5/5 epoch=2/3 loss=0.1979 l2=0.2000 label_smoothing=0.050
D step=5/5 epoch=3/3 loss=0.1923 l2=0.2000 label_smoothing=0.050
ADV epoch=2/60 g_loss=0.4738 d_loss=0.2061 reward=0.2300 reward_var=0.0105 unique=1.0000
D step=1/5 epoch=1/3 loss=0.1879 l2=0.2000 label_smoothing=0.050
D step=1/5 epoch=2/3 loss=0.1829 l2=0.2000 label_smoothing=0.050
D step=1/5 epoch=3/3 loss=0.1796 l2=0.2000 label_smoothing=0.050
D step=2/5 epoch=1/3 loss=0.1965 l2=0.2000 label_smoothing=0.050
D step=2/5 epoch=2/3 loss=0.1937 l2=0.2000 label_smoothing=0.050
D step=2/5 epoch=3/3 loss=0.1921 l2=0.2000 label_smoothing=0.050
D step=3/5 epoch=1/3 loss=0.1845 l2=0.2000 label_smoothing=0.050
D step=3/5 epoch=2/3 loss=0.1839 l2=0.2000 label_smoothing=0.050
D step=3/5 epoch=3/3 loss=0.1811 l2=0.2000 label_smoothing=0.050
D step=4/5 epoch=1/3 loss=0.1935 l2=0.2000 label_smoothing=0.050
D step=4/5 epoch=2/3 loss=0.1907 l2=0.2000 label_smoothing=0.050
D step=4/5 epoch=3/3 loss=0.1892 l2=0.2000 label_smoothing=0.050
D step=5/5 epoch=1/3 loss=0.1925 l2=0.2000 label_smoothing=0.050
D step=5/5 epoch=2/3 loss=0.1880 l2=0.2000 label_smoothing=0.050
D step=5/5 epoch=3/3 loss=0.1848 l2=0.2000 label_smoothing=0.050
ADV epoch=3/60 g_loss=0.4450 d_loss=0.1881 reward=0.2255 reward_var=0.0089 unique=0.9800
saved 500 raw samples to /content/drive/MyDrive/GAN/GAN_SQLi_Colab/results_seqgan_phase2b_phase3/phase3/seqgan_improved/time/A/R200/V5/generated_payloads.csv
