
[1/3] pretrain G
G epoch=1/160 loss=5.2457
G epoch=2/160 loss=5.1306
G epoch=3/160 loss=5.0013
G epoch=4/160 loss=4.8407
G epoch=5/160 loss=4.6418
G epoch=6/160 loss=4.4119
G epoch=7/160 loss=4.1736
G epoch=8/160 loss=3.9578
G epoch=9/160 loss=3.7868
G epoch=10/160 loss=3.6627
G epoch=11/160 loss=3.5792
G epoch=12/160 loss=3.5230
G epoch=13/160 loss=3.4734
G epoch=14/160 loss=3.4204
G epoch=15/160 loss=3.3655
G epoch=16/160 loss=3.3117
G epoch=17/160 loss=3.2580
G epoch=18/160 loss=3.2018
G epoch=19/160 loss=3.1411
G epoch=20/160 loss=3.0803
G epoch=21/160 loss=3.0273
G epoch=22/160 loss=2.9780
G epoch=23/160 loss=2.9302
G epoch=24/160 loss=2.8825
G epoch=25/160 loss=2.8347
G epoch=26/160 loss=2.7864
G epoch=27/160 loss=2.7380
G epoch=28/160 loss=2.6898
G epoch=29/160 loss=2.6422
G epoch=30/160 loss=2.5954
G epoch=31/160 loss=2.5498
G epoch=32/160 loss=2.5053
G epoch=33/160 loss=2.4614
G epoch=34/160 loss=2.4182
G epoch=35/160 loss=2.3757
G epoch=36/160 loss=2.3342
G epoch=37/160 loss=2.2934
G epoch=38/160 loss=2.2534
G epoch=39/160 loss=2.2143
G epoch=40/160 loss=2.1764
G epoch=41/160 loss=2.1394
G epoch=42/160 loss=2.1032
G epoch=43/160 loss=2.0679
G epoch=44/160 loss=2.0338
G epoch=45/160 loss=2.0007
G epoch=46/160 loss=1.9684
G epoch=47/160 loss=1.9365
G epoch=48/160 loss=1.9050
G epoch=49/160 loss=1.8742
G epoch=50/160 loss=1.8442
G epoch=51/160 loss=1.8148
G epoch=52/160 loss=1.7854
G epoch=53/160 loss=1.7566
G epoch=54/160 loss=1.7282
G epoch=55/160 loss=1.7002
G epoch=56/160 loss=1.6728
G epoch=57/160 loss=1.6458
G epoch=58/160 loss=1.6194
G epoch=59/160 loss=1.5937
G epoch=60/160 loss=1.5689
G epoch=61/160 loss=1.5442
G epoch=62/160 loss=1.5204
G epoch=63/160 loss=1.4966
G epoch=64/160 loss=1.4735
G epoch=65/160 loss=1.4504
G epoch=66/160 loss=1.4278
G epoch=67/160 loss=1.4057
G epoch=68/160 loss=1.3837
G epoch=69/160 loss=1.3624
G epoch=70/160 loss=1.3419
G epoch=71/160 loss=1.3218
G epoch=72/160 loss=1.3022
G epoch=73/160 loss=1.2831
G epoch=74/160 loss=1.2642
G epoch=75/160 loss=1.2454
G epoch=76/160 loss=1.2273
G epoch=77/160 loss=1.2095
G epoch=78/160 loss=1.1915
G epoch=79/160 loss=1.1738
G epoch=80/160 loss=1.1566
G epoch=81/160 loss=1.1400
G epoch=82/160 loss=1.1244
G epoch=83/160 loss=1.1073
G epoch=84/160 loss=1.0914
G epoch=85/160 loss=1.0760
G epoch=86/160 loss=1.0600
G epoch=87/160 loss=1.0454
G epoch=88/160 loss=1.0311
G epoch=89/160 loss=1.0148
G epoch=90/160 loss=1.0021
G epoch=91/160 loss=0.9894
G epoch=92/160 loss=0.9735
G epoch=93/160 loss=0.9580
G epoch=94/160 loss=0.9461
G epoch=95/160 loss=0.9306
G epoch=96/160 loss=0.9170
G epoch=97/160 loss=0.9037
G epoch=98/160 loss=0.8898
G epoch=99/160 loss=0.8780
G epoch=100/160 loss=0.8644
G epoch=101/160 loss=0.8518
G epoch=102/160 loss=0.8400
G epoch=103/160 loss=0.8273
G epoch=104/160 loss=0.8159
G epoch=105/160 loss=0.8051
G epoch=106/160 loss=0.7937
G epoch=107/160 loss=0.7832
G epoch=108/160 loss=0.7723
G epoch=109/160 loss=0.7619
G epoch=110/160 loss=0.7518
G epoch=111/160 loss=0.7416
G epoch=112/160 loss=0.7316
G epoch=113/160 loss=0.7218
G epoch=114/160 loss=0.7121
G epoch=115/160 loss=0.7028
G epoch=116/160 loss=0.6936
G epoch=117/160 loss=0.6844
G epoch=118/160 loss=0.6754
G epoch=119/160 loss=0.6666
G epoch=120/160 loss=0.6578
G epoch=121/160 loss=0.6493
G epoch=122/160 loss=0.6408
G epoch=123/160 loss=0.6329
G epoch=124/160 loss=0.6249
G epoch=125/160 loss=0.6179
G epoch=126/160 loss=0.6104
G epoch=127/160 loss=0.6027
G epoch=128/160 loss=0.5949
G epoch=129/160 loss=0.5890
G epoch=130/160 loss=0.5865
G epoch=131/160 loss=0.5752
G epoch=132/160 loss=0.5720
G epoch=133/160 loss=0.5630
G epoch=134/160 loss=0.5582
G epoch=135/160 loss=0.5491
G epoch=136/160 loss=0.5446
G epoch=137/160 loss=0.5366
G epoch=138/160 loss=0.5312
G epoch=139/160 loss=0.5243
G epoch=140/160 loss=0.5186
G epoch=141/160 loss=0.5122
G epoch=142/160 loss=0.5069
G epoch=143/160 loss=0.5032
G epoch=144/160 loss=0.4963
G epoch=145/160 loss=0.4905
G epoch=146/160 loss=0.4853
G epoch=147/160 loss=0.4794
G epoch=148/160 loss=0.4741
G epoch=149/160 loss=0.4691
G epoch=150/160 loss=0.4645
G epoch=151/160 loss=0.4606
G epoch=152/160 loss=0.4548
G epoch=153/160 loss=0.4503
G epoch=154/160 loss=0.4446
G epoch=155/160 loss=0.4405
G epoch=156/160 loss=0.4357
G epoch=157/160 loss=0.4311
G epoch=158/160 loss=0.4265
G epoch=159/160 loss=0.4223
G epoch=160/160 loss=0.4182

[2/3] pretrain D

[3/3] adversarial
generator_reward_mode=on reward_alpha=0.700 d_steps=5 d_epochs=3
ADV epoch=1/200 g_loss=0.6406 d_loss=0.0000 reward=0.5840 reward_var=0.0055 unique=0.9000
ADV epoch=2/200 g_loss=0.6825 d_loss=0.0000 reward=0.5822 reward_var=0.0053 unique=0.9600
ADV epoch=3/200 g_loss=0.7400 d_loss=0.0000 reward=0.5969 reward_var=0.0055 unique=0.9600
ADV epoch=4/200 g_loss=0.7420 d_loss=0.0000 reward=0.5821 reward_var=0.0059 unique=0.8800
ADV epoch=5/200 g_loss=0.7922 d_loss=0.0000 reward=0.5867 reward_var=0.0059 unique=0.9400
ADV epoch=6/200 g_loss=0.8011 d_loss=0.0000 reward=0.5884 reward_var=0.0063 unique=0.9800
ADV epoch=7/200 g_loss=0.8222 d_loss=0.0000 reward=0.5765 reward_var=0.0058 unique=0.9800
ADV epoch=8/200 g_loss=0.8241 d_loss=0.0000 reward=0.5812 reward_var=0.0066 unique=0.9200
ADV epoch=9/200 g_loss=0.8678 d_loss=0.0000 reward=0.5954 reward_var=0.0069 unique=0.9800
ADV epoch=10/200 g_loss=0.8695 d_loss=0.0000 reward=0.5850 reward_var=0.0069 unique=0.9400
ADV epoch=11/200 g_loss=0.8790 d_loss=0.0000 reward=0.5881 reward_var=0.0067 unique=0.9400
ADV epoch=12/200 g_loss=0.8964 d_loss=0.0000 reward=0.5942 reward_var=0.0069 unique=0.7600
ADV epoch=13/200 g_loss=0.8802 d_loss=0.0000 reward=0.5981 reward_var=0.0071 unique=0.8000
ADV epoch=14/200 g_loss=0.8898 d_loss=0.0000 reward=0.6021 reward_var=0.0071 unique=0.7800
ADV epoch=15/200 g_loss=0.8927 d_loss=0.0000 reward=0.6205 reward_var=0.0060 unique=0.6600
ADV epoch=16/200 g_loss=0.8802 d_loss=0.0000 reward=0.6162 reward_var=0.0063 unique=0.6800
ADV epoch=17/200 g_loss=0.8768 d_loss=0.0000 reward=0.6188 reward_var=0.0067 unique=0.9000
ADV epoch=18/200 g_loss=0.9304 d_loss=0.0000 reward=0.6370 reward_var=0.0046 unique=0.7200
ADV epoch=19/200 g_loss=0.9180 d_loss=0.0000 reward=0.6319 reward_var=0.0051 unique=0.7400
ADV epoch=20/200 g_loss=0.9355 d_loss=0.0000 reward=0.6457 reward_var=0.0041 unique=0.7800
ADV epoch=21/200 g_loss=0.9434 d_loss=0.0000 reward=0.6382 reward_var=0.0047 unique=0.7600
ADV epoch=22/200 g_loss=0.9778 d_loss=0.0000 reward=0.6486 reward_var=0.0032 unique=0.8000
ADV epoch=23/200 g_loss=0.9621 d_loss=0.0000 reward=0.6432 reward_var=0.0039 unique=0.8400
ADV epoch=24/200 g_loss=0.9682 d_loss=0.0000 reward=0.6514 reward_var=0.0035 unique=0.8800
ADV epoch=25/200 g_loss=1.0243 d_loss=0.0000 reward=0.6498 reward_var=0.0032 unique=0.7400
ADV epoch=26/200 g_loss=0.9993 d_loss=0.0000 reward=0.6391 reward_var=0.0044 unique=0.8800
ADV epoch=27/200 g_loss=1.0321 d_loss=0.0000 reward=0.6434 reward_var=0.0042 unique=0.8000
ADV epoch=28/200 g_loss=1.0193 d_loss=0.0000 reward=0.6466 reward_var=0.0038 unique=0.9000
ADV epoch=29/200 g_loss=1.0405 d_loss=0.0000 reward=0.6460 reward_var=0.0041 unique=0.9600
ADV epoch=30/200 g_loss=1.0283 d_loss=0.0000 reward=0.6397 reward_var=0.0051 unique=0.9000
ADV epoch=31/200 g_loss=1.0436 d_loss=0.0000 reward=0.6440 reward_var=0.0045 unique=0.9600
ADV epoch=32/200 g_loss=1.0751 d_loss=0.0000 reward=0.6553 reward_var=0.0029 unique=0.8800
ADV epoch=33/200 g_loss=1.0433 d_loss=0.0000 reward=0.6618 reward_var=0.0017 unique=0.9200
ADV epoch=34/200 g_loss=1.0590 d_loss=0.0000 reward=0.6563 reward_var=0.0026 unique=0.9200
ADV epoch=35/200 g_loss=1.0624 d_loss=0.0000 reward=0.6621 reward_var=0.0017 unique=0.9400
ADV epoch=36/200 g_loss=1.0254 d_loss=0.0000 reward=0.6541 reward_var=0.0031 unique=0.8800
ADV epoch=37/200 g_loss=1.0021 d_loss=0.0000 reward=0.6474 reward_var=0.0039 unique=0.7400
ADV epoch=38/200 g_loss=1.0321 d_loss=0.0000 reward=0.6628 reward_var=0.0016 unique=0.8600
ADV epoch=39/200 g_loss=1.0168 d_loss=0.0000 reward=0.6593 reward_var=0.0021 unique=0.8200
ADV epoch=40/200 g_loss=0.9959 d_loss=0.0000 reward=0.6636 reward_var=0.0012 unique=0.7200
ADV epoch=41/200 g_loss=0.9709 d_loss=0.0000 reward=0.6630 reward_var=0.0016 unique=0.8600
ADV epoch=42/200 g_loss=0.9448 d_loss=0.0000 reward=0.6565 reward_var=0.0022 unique=0.7800
ADV epoch=43/200 g_loss=0.9404 d_loss=0.0000 reward=0.6561 reward_var=0.0027 unique=0.6800
ADV epoch=44/200 g_loss=0.9002 d_loss=0.0000 reward=0.6555 reward_var=0.0022 unique=0.6800
ADV epoch=45/200 g_loss=0.9123 d_loss=0.0000 reward=0.6658 reward_var=0.0005 unique=0.7400
ADV epoch=46/200 g_loss=0.8739 d_loss=0.0000 reward=0.6612 reward_var=0.0023 unique=0.7200
ADV epoch=47/200 g_loss=0.8700 d_loss=0.0000 reward=0.6628 reward_var=0.0011 unique=0.7200
ADV epoch=48/200 g_loss=0.8852 d_loss=0.0000 reward=0.6680 reward_var=0.0004 unique=0.5000
ADV epoch=49/200 g_loss=0.8288 d_loss=0.0000 reward=0.6560 reward_var=0.0028 unique=0.6400
ADV epoch=50/200 g_loss=0.8178 d_loss=0.0000 reward=0.6635 reward_var=0.0010 unique=0.6800
ADV epoch=51/200 g_loss=0.8487 d_loss=0.0000 reward=0.6630 reward_var=0.0010 unique=0.7800
ADV epoch=52/200 g_loss=0.8454 d_loss=0.0000 reward=0.6593 reward_var=0.0025 unique=0.7600
ADV epoch=53/200 g_loss=0.8761 d_loss=0.0000 reward=0.6593 reward_var=0.0026 unique=0.7200
ADV epoch=54/200 g_loss=0.8737 d_loss=0.0000 reward=0.6535 reward_var=0.0046 unique=0.7800
ADV epoch=55/200 g_loss=0.9113 d_loss=0.0000 reward=0.6621 reward_var=0.0017 unique=0.7200
ADV epoch=56/200 g_loss=0.9176 d_loss=0.0000 reward=0.6624 reward_var=0.0025 unique=0.6800
ADV epoch=57/200 g_loss=0.9091 d_loss=0.0000 reward=0.6587 reward_var=0.0029 unique=0.8000
ADV epoch=58/200 g_loss=0.9207 d_loss=0.0000 reward=0.6660 reward_var=0.0016 unique=0.7800
ADV epoch=59/200 g_loss=0.9105 d_loss=0.0000 reward=0.6561 reward_var=0.0035 unique=0.7200
ADV epoch=60/200 g_loss=0.9259 d_loss=0.0000 reward=0.6563 reward_var=0.0035 unique=0.6600
ADV epoch=61/200 g_loss=0.9279 d_loss=0.0000 reward=0.6618 reward_var=0.0024 unique=0.8200
ADV epoch=62/200 g_loss=0.9008 d_loss=0.0000 reward=0.6490 reward_var=0.0054 unique=0.8200
ADV epoch=63/200 g_loss=0.9044 d_loss=0.0000 reward=0.6497 reward_var=0.0049 unique=0.8000
ADV epoch=64/200 g_loss=0.9194 d_loss=0.0000 reward=0.6661 reward_var=0.0021 unique=0.8200
ADV epoch=65/200 g_loss=0.9393 d_loss=0.0000 reward=0.6642 reward_var=0.0024 unique=0.9000
ADV epoch=66/200 g_loss=0.9513 d_loss=0.0000 reward=0.6653 reward_var=0.0019 unique=0.7800
ADV epoch=67/200 g_loss=0.9219 d_loss=0.0000 reward=0.6592 reward_var=0.0034 unique=0.7800
ADV epoch=68/200 g_loss=0.9594 d_loss=0.0000 reward=0.6679 reward_var=0.0018 unique=0.9200
ADV epoch=69/200 g_loss=0.9330 d_loss=0.0000 reward=0.6687 reward_var=0.0012 unique=0.9200
ADV epoch=70/200 g_loss=0.9419 d_loss=0.0000 reward=0.6721 reward_var=0.0006 unique=0.8400
ADV epoch=71/200 g_loss=0.9468 d_loss=0.0000 reward=0.6716 reward_var=0.0016 unique=0.8000
ADV epoch=72/200 g_loss=0.9391 d_loss=0.0000 reward=0.6688 reward_var=0.0019 unique=0.8400
ADV epoch=73/200 g_loss=0.9452 d_loss=0.0000 reward=0.6743 reward_var=0.0008 unique=0.8400
ADV epoch=74/200 g_loss=0.9714 d_loss=0.0000 reward=0.6724 reward_var=0.0013 unique=0.8400
ADV epoch=75/200 g_loss=0.9992 d_loss=0.0000 reward=0.6738 reward_var=0.0010 unique=0.7800
ADV epoch=76/200 g_loss=0.9932 d_loss=0.0000 reward=0.6757 reward_var=0.0005 unique=0.7600
ADV epoch=77/200 g_loss=0.9489 d_loss=0.0000 reward=0.6728 reward_var=0.0018 unique=0.7800
ADV epoch=78/200 g_loss=0.9906 d_loss=0.0000 reward=0.6784 reward_var=0.0005 unique=0.6800
ADV epoch=79/200 g_loss=1.0012 d_loss=0.0000 reward=0.6764 reward_var=0.0005 unique=0.8000
ADV epoch=80/200 g_loss=0.9862 d_loss=0.0000 reward=0.6783 reward_var=0.0003 unique=0.7600
ADV epoch=81/200 g_loss=0.9593 d_loss=0.0000 reward=0.6780 reward_var=0.0003 unique=0.8200
ADV epoch=82/200 g_loss=0.9849 d_loss=0.0000 reward=0.6739 reward_var=0.0008 unique=0.8400
ADV epoch=83/200 g_loss=0.9694 d_loss=0.0000 reward=0.6757 reward_var=0.0004 unique=0.8800
ADV epoch=84/200 g_loss=0.9915 d_loss=0.0000 reward=0.6780 reward_var=0.0004 unique=0.9600
ADV epoch=85/200 g_loss=0.9734 d_loss=0.0000 reward=0.6801 reward_var=0.0003 unique=0.9000
ADV epoch=86/200 g_loss=0.9649 d_loss=0.0000 reward=0.6802 reward_var=0.0006 unique=0.9200
ADV epoch=87/200 g_loss=0.9233 d_loss=0.0000 reward=0.6817 reward_var=0.0006 unique=0.9200
ADV epoch=88/200 g_loss=0.9254 d_loss=0.0000 reward=0.6811 reward_var=0.0006 unique=0.9400
ADV epoch=89/200 g_loss=0.9090 d_loss=0.0000 reward=0.6806 reward_var=0.0015 unique=0.9600
ADV epoch=90/200 g_loss=0.8976 d_loss=0.0000 reward=0.6864 reward_var=0.0004 unique=0.9200
ADV epoch=91/200 g_loss=0.9092 d_loss=0.0000 reward=0.6814 reward_var=0.0016 unique=0.9600
ADV epoch=92/200 g_loss=0.9111 d_loss=0.0000 reward=0.6866 reward_var=0.0009 unique=0.9600
ADV epoch=93/200 g_loss=0.9155 d_loss=0.0000 reward=0.6813 reward_var=0.0023 unique=0.9800
ADV epoch=94/200 g_loss=0.8953 d_loss=0.0000 reward=0.6851 reward_var=0.0005 unique=0.9800
ADV epoch=95/200 g_loss=0.9522 d_loss=0.0000 reward=0.6873 reward_var=0.0005 unique=0.9600
ADV epoch=96/200 g_loss=0.8992 d_loss=0.0000 reward=0.6887 reward_var=0.0010 unique=0.9800
ADV epoch=97/200 g_loss=0.9351 d_loss=0.0000 reward=0.6865 reward_var=0.0014 unique=0.9800
ADV epoch=98/200 g_loss=0.9214 d_loss=0.0000 reward=0.6907 reward_var=0.0004 unique=1.0000
ADV epoch=99/200 g_loss=0.9431 d_loss=0.0000 reward=0.6909 reward_var=0.0007 unique=1.0000
ADV epoch=100/200 g_loss=0.9413 d_loss=0.0000 reward=0.6898 reward_var=0.0012 unique=1.0000
ADV epoch=101/200 g_loss=0.9306 d_loss=0.0000 reward=0.6929 reward_var=0.0006 unique=0.9400
ADV epoch=102/200 g_loss=0.9414 d_loss=0.0000 reward=0.6924 reward_var=0.0005 unique=0.9800
ADV epoch=103/200 g_loss=0.9461 d_loss=0.0000 reward=0.6875 reward_var=0.0017 unique=1.0000
ADV epoch=104/200 g_loss=0.9562 d_loss=0.0000 reward=0.6904 reward_var=0.0007 unique=1.0000
ADV epoch=105/200 g_loss=0.9688 d_loss=0.0000 reward=0.6938 reward_var=0.0002 unique=1.0000
ADV epoch=106/200 g_loss=0.9478 d_loss=0.0000 reward=0.6910 reward_var=0.0010 unique=1.0000
ADV epoch=107/200 g_loss=0.9502 d_loss=0.0000 reward=0.6948 reward_var=0.0002 unique=1.0000
ADV epoch=108/200 g_loss=0.9484 d_loss=0.0000 reward=0.6931 reward_var=0.0005 unique=1.0000
ADV epoch=109/200 g_loss=0.9439 d_loss=0.0000 reward=0.6934 reward_var=0.0006 unique=1.0000
ADV epoch=110/200 g_loss=0.9463 d_loss=0.0000 reward=0.6929 reward_var=0.0008 unique=1.0000
ADV epoch=111/200 g_loss=0.9393 d_loss=0.0000 reward=0.6925 reward_var=0.0009 unique=1.0000
ADV epoch=112/200 g_loss=0.8939 d_loss=0.0000 reward=0.6945 reward_var=0.0006 unique=1.0000
ADV epoch=113/200 g_loss=0.8898 d_loss=0.0000 reward=0.6948 reward_var=0.0008 unique=1.0000
ADV epoch=114/200 g_loss=0.8504 d_loss=0.0000 reward=0.6963 reward_var=0.0006 unique=1.0000
ADV epoch=115/200 g_loss=0.8255 d_loss=0.0000 reward=0.6950 reward_var=0.0009 unique=1.0000
ADV epoch=116/200 g_loss=0.7928 d_loss=0.0000 reward=0.6963 reward_var=0.0008 unique=1.0000
ADV epoch=117/200 g_loss=0.7685 d_loss=0.0000 reward=0.6965 reward_var=0.0008 unique=1.0000
ADV epoch=118/200 g_loss=0.7418 d_loss=0.0000 reward=0.6993 reward_var=0.0003 unique=1.0000
ADV epoch=119/200 g_loss=0.6983 d_loss=0.0000 reward=0.6993 reward_var=0.0006 unique=1.0000
ADV epoch=120/200 g_loss=0.6501 d_loss=0.0000 reward=0.6998 reward_var=0.0004 unique=1.0000
ADV epoch=121/200 g_loss=0.6092 d_loss=0.0000 reward=0.6995 reward_var=0.0009 unique=1.0000
ADV epoch=122/200 g_loss=0.5654 d_loss=0.0000 reward=0.7022 reward_var=0.0002 unique=1.0000
ADV epoch=123/200 g_loss=0.5199 d_loss=0.0000 reward=0.7030 reward_var=0.0002 unique=1.0000
ADV epoch=124/200 g_loss=0.4816 d_loss=0.0000 reward=0.7035 reward_var=0.0001 unique=1.0000
ADV epoch=125/200 g_loss=0.4373 d_loss=0.0000 reward=0.7040 reward_var=0.0004 unique=1.0000
ADV epoch=126/200 g_loss=0.3944 d_loss=0.0000 reward=0.7046 reward_var=0.0002 unique=1.0000
ADV epoch=127/200 g_loss=0.3607 d_loss=0.0000 reward=0.7048 reward_var=0.0004 unique=1.0000
ADV epoch=128/200 g_loss=0.3151 d_loss=0.0000 reward=0.7063 reward_var=0.0002 unique=1.0000
ADV epoch=129/200 g_loss=0.2760 d_loss=0.0000 reward=0.7077 reward_var=0.0002 unique=1.0000
ADV epoch=130/200 g_loss=0.2428 d_loss=0.0000 reward=0.7037 reward_var=0.0015 unique=1.0000
ADV epoch=131/200 g_loss=0.2173 d_loss=0.0000 reward=0.7059 reward_var=0.0011 unique=0.9800
ADV epoch=132/200 g_loss=0.1956 d_loss=0.0000 reward=0.7055 reward_var=0.0013 unique=0.9800
ADV epoch=133/200 g_loss=0.1914 d_loss=0.0000 reward=0.7046 reward_var=0.0018 unique=1.0000
ADV epoch=134/200 g_loss=0.1778 d_loss=0.0000 reward=0.7058 reward_var=0.0015 unique=1.0000
ADV epoch=135/200 g_loss=0.1680 d_loss=0.0000 reward=0.7038 reward_var=0.0023 unique=0.9800
ADV epoch=136/200 g_loss=0.1640 d_loss=0.0000 reward=0.7006 reward_var=0.0033 unique=1.0000
ADV epoch=137/200 g_loss=0.1545 d_loss=0.0000 reward=0.7020 reward_var=0.0028 unique=0.9800
ADV epoch=138/200 g_loss=0.1425 d_loss=0.0000 reward=0.6964 reward_var=0.0045 unique=1.0000
ADV epoch=139/200 g_loss=0.1400 d_loss=0.0000 reward=0.6987 reward_var=0.0041 unique=0.9600
ADV epoch=140/200 g_loss=0.1407 d_loss=0.0000 reward=0.6937 reward_var=0.0053 unique=0.9800
ADV epoch=141/200 g_loss=0.1346 d_loss=0.0000 reward=0.7010 reward_var=0.0034 unique=0.9800
ADV epoch=142/200 g_loss=0.1443 d_loss=0.0000 reward=0.6997 reward_var=0.0036 unique=1.0000
ADV epoch=143/200 g_loss=0.1450 d_loss=0.0000 reward=0.6968 reward_var=0.0047 unique=1.0000
ADV epoch=144/200 g_loss=0.1681 d_loss=0.0000 reward=0.7061 reward_var=0.0020 unique=1.0000
ADV epoch=145/200 g_loss=0.1802 d_loss=0.0000 reward=0.7096 reward_var=0.0011 unique=1.0000
ADV epoch=146/200 g_loss=0.1809 d_loss=0.0000 reward=0.7101 reward_var=0.0010 unique=1.0000
ADV epoch=147/200 g_loss=0.1937 d_loss=0.0000 reward=0.7108 reward_var=0.0009 unique=1.0000
ADV epoch=148/200 g_loss=0.1937 d_loss=0.0000 reward=0.7138 reward_var=0.0002 unique=1.0000
ADV epoch=149/200 g_loss=0.1941 d_loss=0.0000 reward=0.7134 reward_var=0.0002 unique=1.0000
ADV epoch=150/200 g_loss=0.1907 d_loss=0.0000 reward=0.7136 reward_var=0.0003 unique=1.0000
ADV epoch=151/200 g_loss=0.1909 d_loss=0.0000 reward=0.7130 reward_var=0.0004 unique=1.0000
ADV epoch=152/200 g_loss=0.1870 d_loss=0.0000 reward=0.7139 reward_var=0.0004 unique=1.0000
ADV epoch=153/200 g_loss=0.1869 d_loss=0.0000 reward=0.7138 reward_var=0.0003 unique=1.0000
ADV epoch=154/200 g_loss=0.1910 d_loss=0.0000 reward=0.7141 reward_var=0.0002 unique=1.0000
ADV epoch=155/200 g_loss=0.1893 d_loss=0.0000 reward=0.7137 reward_var=0.0004 unique=1.0000
ADV epoch=156/200 g_loss=0.1861 d_loss=0.0000 reward=0.7130 reward_var=0.0005 unique=1.0000
ADV epoch=157/200 g_loss=0.1895 d_loss=0.0000 reward=0.7148 reward_var=0.0001 unique=1.0000
ADV epoch=158/200 g_loss=0.1901 d_loss=0.0000 reward=0.7137 reward_var=0.0004 unique=1.0000
ADV epoch=159/200 g_loss=0.1958 d_loss=0.0000 reward=0.7144 reward_var=0.0003 unique=1.0000
ADV epoch=160/200 g_loss=0.1979 d_loss=0.0000 reward=0.7153 reward_var=0.0001 unique=1.0000
ADV epoch=161/200 g_loss=0.1991 d_loss=0.0000 reward=0.7144 reward_var=0.0004 unique=1.0000
ADV epoch=162/200 g_loss=0.2011 d_loss=0.0000 reward=0.7144 reward_var=0.0003 unique=1.0000
ADV epoch=163/200 g_loss=0.2022 d_loss=0.0000 reward=0.7153 reward_var=0.0001 unique=1.0000
ADV epoch=164/200 g_loss=0.2082 d_loss=0.0000 reward=0.7155 reward_var=0.0001 unique=1.0000


===== NEW SESSION 2026-07-18T05:47:55.244646 =====

[1/3] pretrain G
G epoch=1/160 loss=5.2457
G epoch=2/160 loss=5.1306
G epoch=3/160 loss=5.0013
G epoch=4/160 loss=4.8407
G epoch=5/160 loss=4.6418
G epoch=6/160 loss=4.4119
G epoch=7/160 loss=4.1736
G epoch=8/160 loss=3.9578
G epoch=9/160 loss=3.7868
G epoch=10/160 loss=3.6627
G epoch=11/160 loss=3.5792
G epoch=12/160 loss=3.5230
G epoch=13/160 loss=3.4734
G epoch=14/160 loss=3.4204
G epoch=15/160 loss=3.3655
G epoch=16/160 loss=3.3117
G epoch=17/160 loss=3.2580
G epoch=18/160 loss=3.2018
G epoch=19/160 loss=3.1411
G epoch=20/160 loss=3.0803
G epoch=21/160 loss=3.0273
G epoch=22/160 loss=2.9780
G epoch=23/160 loss=2.9302
G epoch=24/160 loss=2.8825
G epoch=25/160 loss=2.8347
G epoch=26/160 loss=2.7864
G epoch=27/160 loss=2.7380
G epoch=28/160 loss=2.6898
G epoch=29/160 loss=2.6422
G epoch=30/160 loss=2.5954
G epoch=31/160 loss=2.5498
G epoch=32/160 loss=2.5053
G epoch=33/160 loss=2.4614
G epoch=34/160 loss=2.4182
G epoch=35/160 loss=2.3757
G epoch=36/160 loss=2.3342
G epoch=37/160 loss=2.2934
G epoch=38/160 loss=2.2534
G epoch=39/160 loss=2.2143
G epoch=40/160 loss=2.1764
G epoch=41/160 loss=2.1394
G epoch=42/160 loss=2.1032
G epoch=43/160 loss=2.0679
G epoch=44/160 loss=2.0338
G epoch=45/160 loss=2.0007
G epoch=46/160 loss=1.9684
G epoch=47/160 loss=1.9365
G epoch=48/160 loss=1.9050
G epoch=49/160 loss=1.8742
G epoch=50/160 loss=1.8442
G epoch=51/160 loss=1.8148
G epoch=52/160 loss=1.7854
G epoch=53/160 loss=1.7566
G epoch=54/160 loss=1.7282
G epoch=55/160 loss=1.7002
G epoch=56/160 loss=1.6728
G epoch=57/160 loss=1.6458
G epoch=58/160 loss=1.6194
G epoch=59/160 loss=1.5937
G epoch=60/160 loss=1.5689
G epoch=61/160 loss=1.5442
G epoch=62/160 loss=1.5204
G epoch=63/160 loss=1.4966
G epoch=64/160 loss=1.4735
G epoch=65/160 loss=1.4504
G epoch=66/160 loss=1.4278
G epoch=67/160 loss=1.4057
G epoch=68/160 loss=1.3837
G epoch=69/160 loss=1.3624
G epoch=70/160 loss=1.3419
G epoch=71/160 loss=1.3218
G epoch=72/160 loss=1.3022
G epoch=73/160 loss=1.2831
G epoch=74/160 loss=1.2642
G epoch=75/160 loss=1.2454
G epoch=76/160 loss=1.2273
G epoch=77/160 loss=1.2095
G epoch=78/160 loss=1.1915
G epoch=79/160 loss=1.1738
G epoch=80/160 loss=1.1566
G epoch=81/160 loss=1.1400
G epoch=82/160 loss=1.1244
G epoch=83/160 loss=1.1073
G epoch=84/160 loss=1.0914
G epoch=85/160 loss=1.0760
G epoch=86/160 loss=1.0600
G epoch=87/160 loss=1.0454
G epoch=88/160 loss=1.0311
G epoch=89/160 loss=1.0148
G epoch=90/160 loss=1.0021
G epoch=91/160 loss=0.9894
G epoch=92/160 loss=0.9735
G epoch=93/160 loss=0.9580
G epoch=94/160 loss=0.9461
G epoch=95/160 loss=0.9306
G epoch=96/160 loss=0.9170
G epoch=97/160 loss=0.9037
G epoch=98/160 loss=0.8898
G epoch=99/160 loss=0.8780
G epoch=100/160 loss=0.8644
G epoch=101/160 loss=0.8518
G epoch=102/160 loss=0.8400
G epoch=103/160 loss=0.8273
G epoch=104/160 loss=0.8159
G epoch=105/160 loss=0.8051
G epoch=106/160 loss=0.7937
G epoch=107/160 loss=0.7832
G epoch=108/160 loss=0.7723
G epoch=109/160 loss=0.7619
G epoch=110/160 loss=0.7518
G epoch=111/160 loss=0.7416
G epoch=112/160 loss=0.7316
G epoch=113/160 loss=0.7218
G epoch=114/160 loss=0.7121
G epoch=115/160 loss=0.7028
G epoch=116/160 loss=0.6936
G epoch=117/160 loss=0.6844
G epoch=118/160 loss=0.6754
G epoch=119/160 loss=0.6666
G epoch=120/160 loss=0.6578
G epoch=121/160 loss=0.6493
G epoch=122/160 loss=0.6408
G epoch=123/160 loss=0.6329
G epoch=124/160 loss=0.6249
G epoch=125/160 loss=0.6179
G epoch=126/160 loss=0.6104
G epoch=127/160 loss=0.6027
G epoch=128/160 loss=0.5949
G epoch=129/160 loss=0.5890
G epoch=130/160 loss=0.5865
G epoch=131/160 loss=0.5752
G epoch=132/160 loss=0.5720
G epoch=133/160 loss=0.5630
G epoch=134/160 loss=0.5582
G epoch=135/160 loss=0.5491
G epoch=136/160 loss=0.5446
G epoch=137/160 loss=0.5366
G epoch=138/160 loss=0.5312
G epoch=139/160 loss=0.5243
G epoch=140/160 loss=0.5186
G epoch=141/160 loss=0.5122
G epoch=142/160 loss=0.5069
G epoch=143/160 loss=0.5032
G epoch=144/160 loss=0.4963
G epoch=145/160 loss=0.4905
G epoch=146/160 loss=0.4853
G epoch=147/160 loss=0.4794
G epoch=148/160 loss=0.4741
G epoch=149/160 loss=0.4691
G epoch=150/160 loss=0.4645
G epoch=151/160 loss=0.4606
G epoch=152/160 loss=0.4548
G epoch=153/160 loss=0.4503
G epoch=154/160 loss=0.4446
G epoch=155/160 loss=0.4405
G epoch=156/160 loss=0.4357
G epoch=157/160 loss=0.4311
G epoch=158/160 loss=0.4265
G epoch=159/160 loss=0.4223
G epoch=160/160 loss=0.4182

[2/3] pretrain D

[3/3] adversarial
generator_reward_mode=on reward_alpha=0.700 d_steps=5 d_epochs=3
Traceback (most recent call last):
  File "<frozen runpy>", line 198, in _run_module_as_main
  File "<frozen runpy>", line 88, in _run_code
  File "/content/GAN_for_SQLi_rerun_13/models/seqgan_improved/runtime/train.py", line 452, in <module>
    main()
  File "/content/GAN_for_SQLi_rerun_13/models/seqgan_improved/runtime/train.py", line 448, in main
    run_training(build_parser().parse_args())
  File "/content/GAN_for_SQLi_rerun_13/models/seqgan_improved/runtime/train.py", line 266, in run_training
    adversarial_stats = adv_train(
                        ^^^^^^^^^^
  File "/content/GAN_for_SQLi_rerun_13/models/seqgan_improved/runtime/adversarial.py", line 224, in adv_train
    discriminator_reward = rollout.get_reward(sequences.detach(), mask=mask.detach())
                           ^^^^^^^^^^^^^^^^^^^^^^^^^^^^^^^^^^^^^^^^^^^^^^^^^^^^^^^^^^
  File "/usr/local/lib/python3.12/dist-packages/torch/utils/_contextlib.py", line 124, in decorate_context
    return func(*args, **kwargs)
           ^^^^^^^^^^^^^^^^^^^^^
  File "/content/GAN_for_SQLi_rerun_13/models/seqgan_improved/runtime/rollout.py", line 87, in get_reward
    scores = self.discriminator.prob_real(completed).view(B, rollout_num)
             ^^^^^^^^^^^^^^^^^^^^^^^^^^^^^^^^^^^^^^^
  File "/content/GAN_for_SQLi_rerun_13/models/seqgan_improved/runtime/discriminator.py", line 128, in prob_real
    return F.softmax(self.forward(input_ids), dim=1)[:, 1]
                     ^^^^^^^^^^^^^^^^^^^^^^^
  File "/content/GAN_for_SQLi_rerun_13/models/seqgan_improved/runtime/discriminator.py", line 121, in forward
    h = h.masked_fill(fill_mask.unsqueeze(1), torch.finfo(h.dtype).min)
                      ^^^^^^^^^^^^^^^^^^^^^^
KeyboardInterrupt


===== NEW SESSION 2026-07-18T05:51:50.513394 =====

[1/3] pretrain G
G epoch=1/160 loss=5.2457
G epoch=2/160 loss=5.1306
G epoch=3/160 loss=5.0013
G epoch=4/160 loss=4.8407
G epoch=5/160 loss=4.6418
G epoch=6/160 loss=4.4119
G epoch=7/160 loss=4.1736
G epoch=8/160 loss=3.9578
G epoch=9/160 loss=3.7868
G epoch=10/160 loss=3.6627
G epoch=11/160 loss=3.5792
G epoch=12/160 loss=3.5230
G epoch=13/160 loss=3.4734
G epoch=14/160 loss=3.4204
G epoch=15/160 loss=3.3655
G epoch=16/160 loss=3.3117
G epoch=17/160 loss=3.2580
G epoch=18/160 loss=3.2018
G epoch=19/160 loss=3.1411
G epoch=20/160 loss=3.0803
G epoch=21/160 loss=3.0273
G epoch=22/160 loss=2.9780
G epoch=23/160 loss=2.9302
G epoch=24/160 loss=2.8825
G epoch=25/160 loss=2.8347
G epoch=26/160 loss=2.7864
G epoch=27/160 loss=2.7380
G epoch=28/160 loss=2.6898
G epoch=29/160 loss=2.6422
G epoch=30/160 loss=2.5954
G epoch=31/160 loss=2.5498
G epoch=32/160 loss=2.5053
G epoch=33/160 loss=2.4614
G epoch=34/160 loss=2.4182
G epoch=35/160 loss=2.3757
G epoch=36/160 loss=2.3342
G epoch=37/160 loss=2.2934
G epoch=38/160 loss=2.2534
G epoch=39/160 loss=2.2143
G epoch=40/160 loss=2.1764
G epoch=41/160 loss=2.1394
G epoch=42/160 loss=2.1032
G epoch=43/160 loss=2.0679
G epoch=44/160 loss=2.0338
G epoch=45/160 loss=2.0007
G epoch=46/160 loss=1.9684
G epoch=47/160 loss=1.9365
G epoch=48/160 loss=1.9050
G epoch=49/160 loss=1.8742
G epoch=50/160 loss=1.8442
G epoch=51/160 loss=1.8148
G epoch=52/160 loss=1.7854
G epoch=53/160 loss=1.7566
G epoch=54/160 loss=1.7282
G epoch=55/160 loss=1.7002
G epoch=56/160 loss=1.6728
G epoch=57/160 loss=1.6458
G epoch=58/160 loss=1.6194
G epoch=59/160 loss=1.5937
G epoch=60/160 loss=1.5689
G epoch=61/160 loss=1.5442
G epoch=62/160 loss=1.5204
G epoch=63/160 loss=1.4966
G epoch=64/160 loss=1.4735
G epoch=65/160 loss=1.4504
G epoch=66/160 loss=1.4278
G epoch=67/160 loss=1.4057
G epoch=68/160 loss=1.3837
G epoch=69/160 loss=1.3624
G epoch=70/160 loss=1.3419
G epoch=71/160 loss=1.3218
G epoch=72/160 loss=1.3022
G epoch=73/160 loss=1.2831
G epoch=74/160 loss=1.2642
G epoch=75/160 loss=1.2454
G epoch=76/160 loss=1.2273
G epoch=77/160 loss=1.2095
G epoch=78/160 loss=1.1915
G epoch=79/160 loss=1.1738
G epoch=80/160 loss=1.1566
G epoch=81/160 loss=1.1400
G epoch=82/160 loss=1.1244
G epoch=83/160 loss=1.1073
G epoch=84/160 loss=1.0914
G epoch=85/160 loss=1.0760
G epoch=86/160 loss=1.0600
G epoch=87/160 loss=1.0454
G epoch=88/160 loss=1.0311
G epoch=89/160 loss=1.0148
G epoch=90/160 loss=1.0021
G epoch=91/160 loss=0.9894
G epoch=92/160 loss=0.9735
G epoch=93/160 loss=0.9580
G epoch=94/160 loss=0.9461
G epoch=95/160 loss=0.9306
G epoch=96/160 loss=0.9170
G epoch=97/160 loss=0.9037
G epoch=98/160 loss=0.8898
G epoch=99/160 loss=0.8780
G epoch=100/160 loss=0.8644
G epoch=101/160 loss=0.8518
G epoch=102/160 loss=0.8400
G epoch=103/160 loss=0.8273
G epoch=104/160 loss=0.8159
G epoch=105/160 loss=0.8051
G epoch=106/160 loss=0.7937
G epoch=107/160 loss=0.7832
G epoch=108/160 loss=0.7723
G epoch=109/160 loss=0.7619
G epoch=110/160 loss=0.7518
G epoch=111/160 loss=0.7416
G epoch=112/160 loss=0.7316
G epoch=113/160 loss=0.7218
G epoch=114/160 loss=0.7121
G epoch=115/160 loss=0.7028
G epoch=116/160 loss=0.6936
G epoch=117/160 loss=0.6844
G epoch=118/160 loss=0.6754
G epoch=119/160 loss=0.6666
G epoch=120/160 loss=0.6578
G epoch=121/160 loss=0.6493
G epoch=122/160 loss=0.6408
G epoch=123/160 loss=0.6329
G epoch=124/160 loss=0.6249
G epoch=125/160 loss=0.6179
G epoch=126/160 loss=0.6104
G epoch=127/160 loss=0.6027
G epoch=128/160 loss=0.5949
G epoch=129/160 loss=0.5890
G epoch=130/160 loss=0.5865
G epoch=131/160 loss=0.5752
G epoch=132/160 loss=0.5720
G epoch=133/160 loss=0.5630
G epoch=134/160 loss=0.5582
G epoch=135/160 loss=0.5491
G epoch=136/160 loss=0.5446
G epoch=137/160 loss=0.5366
G epoch=138/160 loss=0.5312
G epoch=139/160 loss=0.5243
G epoch=140/160 loss=0.5186
G epoch=141/160 loss=0.5122
G epoch=142/160 loss=0.5069
G epoch=143/160 loss=0.5032
G epoch=144/160 loss=0.4963
G epoch=145/160 loss=0.4905
G epoch=146/160 loss=0.4853
G epoch=147/160 loss=0.4794
G epoch=148/160 loss=0.4741
G epoch=149/160 loss=0.4691
G epoch=150/160 loss=0.4645
G epoch=151/160 loss=0.4606
G epoch=152/160 loss=0.4548
G epoch=153/160 loss=0.4503
G epoch=154/160 loss=0.4446
G epoch=155/160 loss=0.4405
G epoch=156/160 loss=0.4357
G epoch=157/160 loss=0.4311
G epoch=158/160 loss=0.4265
G epoch=159/160 loss=0.4223
G epoch=160/160 loss=0.4182

[2/3] pretrain D

[3/3] adversarial
generator_reward_mode=on reward_alpha=0.700 d_steps=5 d_epochs=3
ADV epoch=1/200 g_loss=0.6406 d_loss=0.0000 reward=0.5840 reward_var=0.0055 unique=0.9000
ADV epoch=2/200 g_loss=0.6825 d_loss=0.0000 reward=0.5822 reward_var=0.0053 unique=0.9600
ADV epoch=3/200 g_loss=0.7400 d_loss=0.0000 reward=0.5969 reward_var=0.0055 unique=0.9600
ADV epoch=4/200 g_loss=0.7420 d_loss=0.0000 reward=0.5821 reward_var=0.0059 unique=0.8800
ADV epoch=5/200 g_loss=0.7922 d_loss=0.0000 reward=0.5867 reward_var=0.0059 unique=0.9400
ADV epoch=6/200 g_loss=0.8011 d_loss=0.0000 reward=0.5884 reward_var=0.0063 unique=0.9800
ADV epoch=7/200 g_loss=0.8222 d_loss=0.0000 reward=0.5765 reward_var=0.0058 unique=0.9800
ADV epoch=8/200 g_loss=0.8241 d_loss=0.0000 reward=0.5812 reward_var=0.0066 unique=0.9200
ADV epoch=9/200 g_loss=0.8678 d_loss=0.0000 reward=0.5954 reward_var=0.0069 unique=0.9800
ADV epoch=10/200 g_loss=0.8695 d_loss=0.0000 reward=0.5850 reward_var=0.0069 unique=0.9400
ADV epoch=11/200 g_loss=0.8790 d_loss=0.0000 reward=0.5881 reward_var=0.0067 unique=0.9400
ADV epoch=12/200 g_loss=0.8964 d_loss=0.0000 reward=0.5942 reward_var=0.0069 unique=0.7600


===== NEW SESSION 2026-07-18T08:55:18.033171 =====

[3/3] adversarial
generator_reward_mode=on reward_alpha=0.700 d_steps=5 d_epochs=3
Resumed adversarial checkpoint /content/drive/MyDrive/GAN/GAN_for_SQLi/result/phase2b_batch6x/_checkpoints_rerun_13/error_D_R500_V8_B6X/latest_adversarial.pt at epoch 11
Traceback (most recent call last):
  File "<frozen runpy>", line 198, in _run_module_as_main
  File "<frozen runpy>", line 88, in _run_code
  File "/content/GAN_for_SQLi_rerun_13/models/seqgan_improved/runtime/train.py", line 452, in <module>
    main()
  File "/content/GAN_for_SQLi_rerun_13/models/seqgan_improved/runtime/train.py", line 448, in main
    run_training(build_parser().parse_args())
  File "/content/GAN_for_SQLi_rerun_13/models/seqgan_improved/runtime/train.py", line 266, in run_training
    adversarial_stats = adv_train(
                        ^^^^^^^^^^
  File "/content/GAN_for_SQLi_rerun_13/models/seqgan_improved/runtime/adversarial.py", line 224, in adv_train
    discriminator_reward = rollout.get_reward(sequences.detach(), mask=mask.detach())
                           ^^^^^^^^^^^^^^^^^^^^^^^^^^^^^^^^^^^^^^^^^^^^^^^^^^^^^^^^^^
  File "/usr/local/lib/python3.12/dist-packages/torch/utils/_contextlib.py", line 124, in decorate_context
    return func(*args, **kwargs)
           ^^^^^^^^^^^^^^^^^^^^^
  File "/content/GAN_for_SQLi_rerun_13/models/seqgan_improved/runtime/rollout.py", line 87, in get_reward
    scores = self.discriminator.prob_real(completed).view(B, rollout_num)
             ^^^^^^^^^^^^^^^^^^^^^^^^^^^^^^^^^^^^^^^
  File "/content/GAN_for_SQLi_rerun_13/models/seqgan_improved/runtime/discriminator.py", line 128, in prob_real
    return F.softmax(self.forward(input_ids), dim=1)[:, 1]
                     ^^^^^^^^^^^^^^^^^^^^^^^
  File "/content/GAN_for_SQLi_rerun_13/models/seqgan_improved/runtime/discriminator.py", line 121, in forward
    h = h.masked_fill(fill_mask.unsqueeze(1), torch.finfo(h.dtype).min)
                      ^^^^^^^^^^^^^^^^^^^^^^
KeyboardInterrupt


===== NEW SESSION 2026-07-18T08:57:49.419679 =====

[3/3] adversarial
generator_reward_mode=on reward_alpha=0.700 d_steps=5 d_epochs=3
Resumed adversarial checkpoint /content/drive/MyDrive/GAN/GAN_for_SQLi/result/phase2b_batch6x/_checkpoints_rerun_13/error_D_R500_V8_B6X/latest_adversarial.pt at epoch 11
ADV epoch=11/200 g_loss=0.8904 d_loss=0.0000 reward=0.5962 reward_var=0.0072 unique=0.8600
ADV epoch=12/200 g_loss=0.8853 d_loss=0.0000 reward=0.5943 reward_var=0.0070 unique=0.9400
ADV epoch=13/200 g_loss=0.8945 d_loss=0.0000 reward=0.6006 reward_var=0.0067 unique=0.9400
ADV epoch=14/200 g_loss=0.9132 d_loss=0.0000 reward=0.6038 reward_var=0.0066 unique=0.9000
ADV epoch=15/200 g_loss=0.9771 d_loss=0.0000 reward=0.6426 reward_var=0.0041 unique=0.9200
ADV epoch=16/200 g_loss=0.9411 d_loss=0.0000 reward=0.6273 reward_var=0.0052 unique=0.8800
ADV epoch=17/200 g_loss=0.9423 d_loss=0.0000 reward=0.6386 reward_var=0.0040 unique=0.9000
ADV epoch=18/200 g_loss=0.9531 d_loss=0.0000 reward=0.6432 reward_var=0.0034 unique=0.9400
ADV epoch=19/200 g_loss=0.9188 d_loss=0.0000 reward=0.6355 reward_var=0.0044 unique=0.8400
ADV epoch=20/200 g_loss=0.9293 d_loss=0.0000 reward=0.6473 reward_var=0.0029 unique=0.8600
ADV epoch=21/200 g_loss=0.9233 d_loss=0.0000 reward=0.6502 reward_var=0.0028 unique=0.8600
ADV epoch=22/200 g_loss=0.9098 d_loss=0.0000 reward=0.6490 reward_var=0.0030 unique=0.9000
ADV epoch=23/200 g_loss=0.9087 d_loss=0.0000 reward=0.6537 reward_var=0.0022 unique=0.9200
ADV epoch=24/200 g_loss=0.8984 d_loss=0.0000 reward=0.6533 reward_var=0.0024 unique=0.9400
ADV epoch=25/200 g_loss=0.8787 d_loss=0.0000 reward=0.6547 reward_var=0.0024 unique=0.9200
ADV epoch=26/200 g_loss=0.8818 d_loss=0.0000 reward=0.6542 reward_var=0.0023 unique=0.9800
ADV epoch=27/200 g_loss=0.8740 d_loss=0.0000 reward=0.6603 reward_var=0.0016 unique=1.0000
ADV epoch=28/200 g_loss=0.8699 d_loss=0.0000 reward=0.6607 reward_var=0.0017 unique=0.9600
ADV epoch=29/200 g_loss=0.8629 d_loss=0.0000 reward=0.6584 reward_var=0.0022 unique=1.0000
ADV epoch=30/200 g_loss=0.8487 d_loss=0.0000 reward=0.6606 reward_var=0.0020 unique=0.9800
ADV epoch=31/200 g_loss=0.8367 d_loss=0.0000 reward=0.6644 reward_var=0.0018 unique=1.0000
ADV epoch=32/200 g_loss=0.8212 d_loss=0.0000 reward=0.6618 reward_var=0.0019 unique=0.9800
ADV epoch=33/200 g_loss=0.8168 d_loss=0.0000 reward=0.6646 reward_var=0.0018 unique=1.0000
ADV epoch=34/200 g_loss=0.7967 d_loss=0.0000 reward=0.6641 reward_var=0.0019 unique=0.9800
ADV epoch=35/200 g_loss=0.7947 d_loss=0.0000 reward=0.6661 reward_var=0.0017 unique=0.9800
ADV epoch=36/200 g_loss=0.7864 d_loss=0.0000 reward=0.6667 reward_var=0.0018 unique=0.9800
ADV epoch=37/200 g_loss=0.7718 d_loss=0.0000 reward=0.6662 reward_var=0.0013 unique=1.0000
ADV epoch=38/200 g_loss=0.7717 d_loss=0.0000 reward=0.6609 reward_var=0.0021 unique=1.0000
ADV epoch=39/200 g_loss=0.7611 d_loss=0.0000 reward=0.6640 reward_var=0.0015 unique=0.9800
ADV epoch=40/200 g_loss=0.7559 d_loss=0.0000 reward=0.6691 reward_var=0.0010 unique=1.0000
ADV epoch=41/200 g_loss=0.7365 d_loss=0.0000 reward=0.6631 reward_var=0.0017 unique=1.0000
ADV epoch=42/200 g_loss=0.7300 d_loss=0.0000 reward=0.6672 reward_var=0.0007 unique=0.9800
ADV epoch=43/200 g_loss=0.7128 d_loss=0.0000 reward=0.6640 reward_var=0.0011 unique=1.0000
ADV epoch=44/200 g_loss=0.6948 d_loss=0.0000 reward=0.6627 reward_var=0.0015 unique=0.9200
ADV epoch=45/200 g_loss=0.6843 d_loss=0.0000 reward=0.6631 reward_var=0.0010 unique=0.9800
ADV epoch=46/200 g_loss=0.6582 d_loss=0.0000 reward=0.6577 reward_var=0.0020 unique=1.0000
ADV epoch=47/200 g_loss=0.6430 d_loss=0.0000 reward=0.6603 reward_var=0.0018 unique=1.0000
ADV epoch=48/200 g_loss=0.6231 d_loss=0.0000 reward=0.6633 reward_var=0.0012 unique=0.9800
ADV epoch=49/200 g_loss=0.6099 d_loss=0.0000 reward=0.6645 reward_var=0.0012 unique=1.0000
ADV epoch=50/200 g_loss=0.5949 d_loss=0.0000 reward=0.6599 reward_var=0.0018 unique=0.9800
ADV epoch=51/200 g_loss=0.5546 d_loss=0.0000 reward=0.6632 reward_var=0.0009 unique=0.9800
ADV epoch=52/200 g_loss=0.5256 d_loss=0.0000 reward=0.6614 reward_var=0.0013 unique=1.0000
ADV epoch=53/200 g_loss=0.4908 d_loss=0.0000 reward=0.6618 reward_var=0.0010 unique=1.0000
ADV epoch=54/200 g_loss=0.4626 d_loss=0.0000 reward=0.6625 reward_var=0.0016 unique=0.9800
ADV epoch=55/200 g_loss=0.4362 d_loss=0.0000 reward=0.6614 reward_var=0.0011 unique=0.9600
ADV epoch=56/200 g_loss=0.4284 d_loss=0.0000 reward=0.6621 reward_var=0.0021 unique=0.9600
ADV epoch=57/200 g_loss=0.4198 d_loss=0.0000 reward=0.6650 reward_var=0.0010 unique=1.0000
ADV epoch=58/200 g_loss=0.4261 d_loss=0.0000 reward=0.6657 reward_var=0.0012 unique=0.9600
ADV epoch=59/200 g_loss=0.4367 d_loss=0.0000 reward=0.6695 reward_var=0.0012 unique=1.0000
ADV epoch=60/200 g_loss=0.4580 d_loss=0.0000 reward=0.6659 reward_var=0.0025 unique=1.0000
ADV epoch=61/200 g_loss=0.4471 d_loss=0.0000 reward=0.6701 reward_var=0.0023 unique=1.0000
ADV epoch=62/200 g_loss=0.4319 d_loss=0.0000 reward=0.6757 reward_var=0.0019 unique=1.0000
ADV epoch=63/200 g_loss=0.4345 d_loss=0.0000 reward=0.6786 reward_var=0.0028 unique=1.0000
ADV epoch=64/200 g_loss=0.4363 d_loss=0.0000 reward=0.6897 reward_var=0.0017 unique=0.9800
ADV epoch=65/200 g_loss=0.4460 d_loss=0.0000 reward=0.6918 reward_var=0.0016 unique=0.9600
ADV epoch=66/200 g_loss=0.4603 d_loss=0.0000 reward=0.6947 reward_var=0.0016 unique=1.0000
ADV epoch=67/200 g_loss=0.4689 d_loss=0.0000 reward=0.6916 reward_var=0.0023 unique=0.9800
ADV epoch=68/200 g_loss=0.4789 d_loss=0.0000 reward=0.6876 reward_var=0.0024 unique=1.0000
ADV epoch=69/200 g_loss=0.5390 d_loss=0.0000 reward=0.6877 reward_var=0.0016 unique=1.0000
ADV epoch=70/200 g_loss=0.5236 d_loss=0.0000 reward=0.6871 reward_var=0.0011 unique=0.9800
ADV epoch=71/200 g_loss=0.5252 d_loss=0.0000 reward=0.6824 reward_var=0.0008 unique=1.0000
ADV epoch=72/200 g_loss=0.5058 d_loss=0.0000 reward=0.6816 reward_var=0.0012 unique=1.0000
ADV epoch=73/200 g_loss=0.4547 d_loss=0.0000 reward=0.6719 reward_var=0.0029 unique=1.0000
ADV epoch=74/200 g_loss=0.4576 d_loss=0.0000 reward=0.6818 reward_var=0.0011 unique=0.9800
ADV epoch=75/200 g_loss=0.4546 d_loss=0.0000 reward=0.6840 reward_var=0.0010 unique=1.0000
ADV epoch=76/200 g_loss=0.4359 d_loss=0.0000 reward=0.6794 reward_var=0.0020 unique=1.0000
ADV epoch=77/200 g_loss=0.4571 d_loss=0.0000 reward=0.6811 reward_var=0.0015 unique=1.0000
ADV epoch=78/200 g_loss=0.4587 d_loss=0.0000 reward=0.6767 reward_var=0.0025 unique=0.9600
ADV epoch=79/200 g_loss=0.4769 d_loss=0.0000 reward=0.6745 reward_var=0.0038 unique=1.0000
ADV epoch=80/200 g_loss=0.4835 d_loss=0.0000 reward=0.6703 reward_var=0.0041 unique=1.0000
ADV epoch=81/200 g_loss=0.5522 d_loss=0.0000 reward=0.6847 reward_var=0.0017 unique=1.0000
ADV epoch=82/200 g_loss=0.5823 d_loss=0.0000 reward=0.6857 reward_var=0.0015 unique=1.0000
ADV epoch=83/200 g_loss=0.6199 d_loss=0.0000 reward=0.6813 reward_var=0.0028 unique=0.9800
ADV epoch=84/200 g_loss=0.6007 d_loss=0.0000 reward=0.6909 reward_var=0.0005 unique=0.9600
ADV epoch=85/200 g_loss=0.5920 d_loss=0.0000 reward=0.6876 reward_var=0.0020 unique=1.0000
ADV epoch=86/200 g_loss=0.6210 d_loss=0.0000 reward=0.6934 reward_var=0.0010 unique=1.0000
ADV epoch=87/200 g_loss=0.7112 d_loss=0.0000 reward=0.6955 reward_var=0.0009 unique=1.0000
ADV epoch=88/200 g_loss=0.6825 d_loss=0.0000 reward=0.6962 reward_var=0.0014 unique=1.0000
ADV epoch=89/200 g_loss=0.7050 d_loss=0.0000 reward=0.6971 reward_var=0.0013 unique=1.0000
ADV epoch=90/200 g_loss=0.7561 d_loss=0.0000 reward=0.7062 reward_var=0.0005 unique=1.0000
ADV epoch=91/200 g_loss=0.7998 d_loss=0.0000 reward=0.7097 reward_var=0.0006 unique=1.0000
ADV epoch=92/200 g_loss=0.7969 d_loss=0.0000 reward=0.7134 reward_var=0.0003 unique=1.0000
ADV epoch=93/200 g_loss=0.8195 d_loss=0.0000 reward=0.7137 reward_var=0.0006 unique=1.0000
ADV epoch=94/200 g_loss=0.8046 d_loss=0.0000 reward=0.7139 reward_var=0.0008 unique=1.0000
ADV epoch=95/200 g_loss=0.8129 d_loss=0.0000 reward=0.7131 reward_var=0.0003 unique=1.0000
ADV epoch=96/200 g_loss=0.8098 d_loss=0.0000 reward=0.7121 reward_var=0.0002 unique=1.0000
ADV epoch=97/200 g_loss=0.7840 d_loss=0.0000 reward=0.7070 reward_var=0.0011 unique=1.0000
ADV epoch=98/200 g_loss=0.7764 d_loss=0.0000 reward=0.7069 reward_var=0.0003 unique=1.0000
ADV epoch=99/200 g_loss=0.7497 d_loss=0.0000 reward=0.7027 reward_var=0.0004 unique=1.0000
ADV epoch=100/200 g_loss=0.7366 d_loss=0.0000 reward=0.7011 reward_var=0.0005 unique=0.9800
ADV epoch=101/200 g_loss=0.7639 d_loss=0.0000 reward=0.6998 reward_var=0.0008 unique=0.9400
ADV epoch=102/200 g_loss=0.7738 d_loss=0.0000 reward=0.7028 reward_var=0.0005 unique=0.8800
ADV epoch=103/200 g_loss=0.7502 d_loss=0.0000 reward=0.7005 reward_var=0.0009 unique=0.9400
ADV epoch=104/200 g_loss=0.7229 d_loss=0.0000 reward=0.6989 reward_var=0.0009 unique=0.8000
ADV epoch=105/200 g_loss=0.6751 d_loss=0.0000 reward=0.6990 reward_var=0.0006 unique=0.8200
ADV epoch=106/200 g_loss=0.6794 d_loss=0.0000 reward=0.6962 reward_var=0.0012 unique=0.8400
ADV epoch=107/200 g_loss=0.6084 d_loss=0.0000 reward=0.7000 reward_var=0.0007 unique=0.9000
ADV epoch=108/200 g_loss=0.6342 d_loss=0.0000 reward=0.7085 reward_var=0.0007 unique=0.9000
ADV epoch=109/200 g_loss=0.6374 d_loss=0.0000 reward=0.7094 reward_var=0.0005 unique=0.9000
ADV epoch=110/200 g_loss=0.6151 d_loss=0.0000 reward=0.7117 reward_var=0.0008 unique=0.7600
ADV epoch=111/200 g_loss=0.6201 d_loss=0.0000 reward=0.7164 reward_var=0.0002 unique=0.8400
ADV epoch=112/200 g_loss=0.5836 d_loss=0.0000 reward=0.7183 reward_var=0.0004 unique=0.6800
ADV epoch=113/200 g_loss=0.5388 d_loss=0.0000 reward=0.7197 reward_var=0.0004 unique=0.6600
ADV epoch=114/200 g_loss=0.5439 d_loss=0.0000 reward=0.7183 reward_var=0.0003 unique=0.5200
ADV epoch=115/200 g_loss=0.4894 d_loss=0.0000 reward=0.7173 reward_var=0.0002 unique=0.4800
ADV epoch=116/200 g_loss=0.4414 d_loss=0.0000 reward=0.7162 reward_var=0.0003 unique=0.3400
ADV epoch=117/200 g_loss=0.4167 d_loss=0.0000 reward=0.7006 reward_var=0.0028 unique=0.2600
ADV epoch=118/200 g_loss=0.3580 d_loss=0.0000 reward=0.7123 reward_var=0.0002 unique=0.2200
ADV epoch=119/200 g_loss=0.3438 d_loss=0.0000 reward=0.7104 reward_var=0.0003 unique=0.2000
ADV epoch=120/200 g_loss=0.3234 d_loss=0.0000 reward=0.7098 reward_var=0.0000 unique=0.2400
ADV epoch=121/200 g_loss=0.2942 d_loss=0.0000 reward=0.7091 reward_var=0.0000 unique=0.2800
ADV epoch=122/200 g_loss=0.3312 d_loss=0.0000 reward=0.7072 reward_var=0.0001 unique=0.2400
ADV epoch=123/200 g_loss=0.3067 d_loss=0.0000 reward=0.7079 reward_var=0.0002 unique=0.2400
ADV epoch=124/200 g_loss=0.3031 d_loss=0.0000 reward=0.7074 reward_var=0.0000 unique=0.1200
ADV epoch=125/200 g_loss=0.2547 d_loss=0.0000 reward=0.7086 reward_var=0.0000 unique=0.1600
ADV epoch=126/200 g_loss=0.2136 d_loss=0.0000 reward=0.7087 reward_var=0.0000 unique=0.2000
ADV epoch=127/200 g_loss=0.2281 d_loss=0.0000 reward=0.7087 reward_var=0.0000 unique=0.1000
ADV epoch=128/200 g_loss=0.2150 d_loss=0.0000 reward=0.7064 reward_var=0.0002 unique=0.1600
ADV epoch=129/200 g_loss=0.1400 d_loss=0.0000 reward=0.6876 reward_var=0.0044 unique=0.1400
ADV epoch=130/200 g_loss=0.1961 d_loss=0.0000 reward=0.7012 reward_var=0.0017 unique=0.1400
ADV epoch=131/200 g_loss=0.1663 d_loss=0.0000 reward=0.7087 reward_var=0.0000 unique=0.0800
ADV epoch=132/200 g_loss=0.1701 d_loss=0.0000 reward=0.7047 reward_var=0.0002 unique=0.1200
ADV epoch=133/200 g_loss=0.1458 d_loss=0.0000 reward=0.7074 reward_var=0.0001 unique=0.1400
ADV epoch=134/200 g_loss=0.1285 d_loss=0.0000 reward=0.7089 reward_var=0.0000 unique=0.1400
ADV epoch=135/200 g_loss=0.1143 d_loss=0.0000 reward=0.7089 reward_var=0.0000 unique=0.0600
ADV epoch=136/200 g_loss=0.0924 d_loss=0.0000 reward=0.7089 reward_var=0.0000 unique=0.1200
ADV epoch=137/200 g_loss=0.0783 d_loss=0.0000 reward=0.7089 reward_var=0.0000 unique=0.1400
ADV epoch=138/200 g_loss=0.1114 d_loss=0.0000 reward=0.7087 reward_var=0.0000 unique=0.1800
ADV epoch=139/200 g_loss=0.0858 d_loss=0.0000 reward=0.7087 reward_var=0.0000 unique=0.1400
ADV epoch=140/200 g_loss=0.1240 d_loss=0.0000 reward=0.7022 reward_var=0.0004 unique=0.1000
ADV epoch=141/200 g_loss=0.1109 d_loss=0.0000 reward=0.7087 reward_var=0.0000 unique=0.0600
ADV epoch=142/200 g_loss=0.1049 d_loss=0.0000 reward=0.7083 reward_var=0.0000 unique=0.1200
ADV epoch=143/200 g_loss=0.1127 d_loss=0.0000 reward=0.7083 reward_var=0.0000 unique=0.0600
ADV epoch=144/200 g_loss=0.0801 d_loss=0.0000 reward=0.7077 reward_var=0.0001 unique=0.0800
ADV epoch=145/200 g_loss=0.0886 d_loss=0.0000 reward=0.7087 reward_var=0.0000 unique=0.0600
ADV epoch=146/200 g_loss=0.0923 d_loss=0.0000 reward=0.7076 reward_var=0.0000 unique=0.1200
ADV epoch=147/200 g_loss=0.0872 d_loss=0.0000 reward=0.7087 reward_var=0.0000 unique=0.0800
ADV epoch=148/200 g_loss=0.0514 d_loss=0.0000 reward=0.7091 reward_var=0.0000 unique=0.0400
ADV epoch=149/200 g_loss=0.0380 d_loss=0.0000 reward=0.7092 reward_var=0.0000 unique=0.0200
ADV epoch=150/200 g_loss=0.0622 d_loss=0.0000 reward=0.7091 reward_var=0.0000 unique=0.0400
ADV epoch=151/200 g_loss=0.0424 d_loss=0.0000 reward=0.7092 reward_var=0.0000 unique=0.0800
ADV epoch=152/200 g_loss=0.0473 d_loss=0.0000 reward=0.7092 reward_var=0.0000 unique=0.0200
ADV epoch=153/200 g_loss=0.0536 d_loss=0.0000 reward=0.7092 reward_var=0.0000 unique=0.0600
ADV epoch=154/200 g_loss=0.0516 d_loss=0.0000 reward=0.7092 reward_var=0.0000 unique=0.0600
ADV epoch=155/200 g_loss=0.0197 d_loss=0.0000 reward=0.7093 reward_var=0.0000 unique=0.1000
ADV epoch=156/200 g_loss=0.0358 d_loss=0.0000 reward=0.7092 reward_var=0.0000 unique=0.0400
ADV epoch=157/200 g_loss=0.0299 d_loss=0.0000 reward=0.7093 reward_var=0.0000 unique=0.1000
ADV epoch=158/200 g_loss=0.0173 d_loss=0.0000 reward=0.7093 reward_var=0.0000 unique=0.0400
ADV epoch=159/200 g_loss=0.0330 d_loss=0.0000 reward=0.7093 reward_var=0.0000 unique=0.0800
ADV epoch=160/200 g_loss=0.0568 d_loss=0.0000 reward=0.7092 reward_var=0.0000 unique=0.0200
ADV epoch=161/200 g_loss=0.0359 d_loss=0.0000 reward=0.7093 reward_var=0.0000 unique=0.0400
ADV epoch=162/200 g_loss=0.0303 d_loss=0.0000 reward=0.7092 reward_var=0.0000 unique=0.0600
ADV epoch=163/200 g_loss=0.0492 d_loss=0.0000 reward=0.7087 reward_var=0.0002 unique=0.0200
ADV epoch=164/200 g_loss=0.0393 d_loss=0.0000 reward=0.7093 reward_var=0.0000 unique=0.1000
ADV epoch=165/200 g_loss=0.0543 d_loss=0.0000 reward=0.7090 reward_var=0.0000 unique=0.0400
ADV epoch=166/200 g_loss=0.0368 d_loss=0.0000 reward=0.7093 reward_var=0.0000 unique=0.0200
ADV epoch=167/200 g_loss=0.0241 d_loss=0.0000 reward=0.7094 reward_var=0.0000 unique=0.0400
ADV epoch=168/200 g_loss=0.0466 d_loss=0.0000 reward=0.7092 reward_var=0.0000 unique=0.0400
ADV epoch=169/200 g_loss=0.0361 d_loss=0.0000 reward=0.7093 reward_var=0.0000 unique=0.0200
ADV epoch=170/200 g_loss=0.0338 d_loss=0.0000 reward=0.7094 reward_var=0.0000 unique=0.0400


===== NEW SESSION 2026-07-19T09:05:26.382048 =====

[3/3] adversarial
generator_reward_mode=on reward_alpha=0.700 d_steps=5 d_epochs=3
Traceback (most recent call last):
  File "<frozen runpy>", line 198, in _run_module_as_main
  File "<frozen runpy>", line 88, in _run_code
  File "/content/GAN_for_SQLi_rerun_13/models/seqgan_improved/runtime/train.py", line 452, in <module>
    main()
  File "/content/GAN_for_SQLi_rerun_13/models/seqgan_improved/runtime/train.py", line 448, in main
    run_training(build_parser().parse_args())
  File "/content/GAN_for_SQLi_rerun_13/models/seqgan_improved/runtime/train.py", line 266, in run_training
    adversarial_stats = adv_train(
                        ^^^^^^^^^^
  File "/content/GAN_for_SQLi_rerun_13/models/seqgan_improved/runtime/adversarial.py", line 181, in adv_train
    optimizer = optim.Adam(generator.parameters(), lr=gen_lr)
                ^^^^^^^^^^^^^^^^^^^^^^^^^^^^^^^^^^^^^^^^^^^^^
  File "/usr/local/lib/python3.12/dist-packages/torch/optim/adam.py", line 102, in __init__
    super().__init__(params, defaults)
  File "/usr/local/lib/python3.12/dist-packages/torch/optim/optimizer.py", line 408, in __init__
    self.add_param_group(cast(dict, param_group))
  File "/usr/local/lib/python3.12/dist-packages/torch/_compile.py", line 47, in inner
    import torch._dynamo
  File "/usr/local/lib/python3.12/dist-packages/torch/_dynamo/__init__.py", line 13, in <module>
    from . import (
  File "/usr/local/lib/python3.12/dist-packages/torch/_dynamo/aot_compile.py", line 15, in <module>
    from torch._dynamo.convert_frame import GraphRuntimeEnv
  File "/usr/local/lib/python3.12/dist-packages/torch/_dynamo/convert_frame.py", line 62, in <module>
    from torch._dynamo.symbolic_convert import TensorifyState
  File "/usr/local/lib/python3.12/dist-packages/torch/_dynamo/symbolic_convert.py", line 54, in <module>
    from torch._dynamo.exc import ObservedException, TensorifyScalarRestartAnalysis
  File "/usr/local/lib/python3.12/dist-packages/torch/_dynamo/exc.py", line 44, in <module>
    from .utils import counters
  File "/usr/local/lib/python3.12/dist-packages/torch/_dynamo/utils.py", line 70, in <module>
    import torch.fx.experimental.symbolic_shapes
  File "/usr/local/lib/python3.12/dist-packages/torch/fx/experimental/symbolic_shapes.py", line 3, in <module>
    import sympy
  File "/usr/local/lib/python3.12/dist-packages/sympy/__init__.py", line 77, in <module>
    from .polys import (Poly, PurePoly, poly_from_expr, parallel_poly_from_expr,
  File "/usr/local/lib/python3.12/dist-packages/sympy/polys/__init__.py", line 79, in <module>
    from .polyfuncs import (symmetrize, horner, interpolate,
  File "/usr/local/lib/python3.12/dist-packages/sympy/polys/polyfuncs.py", line 10, in <module>
    from sympy.polys.specialpolys import (
  File "/usr/local/lib/python3.12/dist-packages/sympy/polys/specialpolys.py", line 298, in <module>
    from sympy.polys.rings import ring
  File "/usr/local/lib/python3.12/dist-packages/sympy/polys/rings.py", line 31, in <module>
    from sympy.printing.defaults import DefaultPrinting
  File "/usr/local/lib/python3.12/dist-packages/sympy/printing/__init__.py", line 11, in <module>
    from .pycode import pycode
  File "/usr/local/lib/python3.12/dist-packages/sympy/printing/pycode.py", line 11, in <module>
    from .codeprinter import CodePrinter
  File "/usr/local/lib/python3.12/dist-packages/sympy/printing/codeprinter.py", line 13, in <module>
    from sympy.functions.elementary.complexes import re
  File "/usr/local/lib/python3.12/dist-packages/sympy/functions/__init__.py", line 19, in <module>
    from sympy.functions.elementary.trigonometric import (sin, cos, tan,
KeyboardInterrupt


===== NEW SESSION 2026-07-19T09:05:57.418630 =====

[3/3] adversarial
generator_reward_mode=on reward_alpha=0.700 d_steps=5 d_epochs=3
Resumed adversarial checkpoint /content/drive/MyDrive/GAN/GAN_for_SQLi/result/phase2b_batch6x/_checkpoints_rerun_13/error_D_R500_V8_B6X/latest_adversarial.pt at epoch 171
ADV epoch=171/200 g_loss=0.0315 d_loss=0.0000 reward=0.7093 reward_var=0.0000 unique=0.0200
ADV epoch=172/200 g_loss=0.0324 d_loss=0.0000 reward=0.7092 reward_var=0.0000 unique=0.0200
ADV epoch=173/200 g_loss=0.0287 d_loss=0.0000 reward=0.7093 reward_var=0.0000 unique=0.0400
ADV epoch=174/200 g_loss=0.0415 d_loss=0.0000 reward=0.7093 reward_var=0.0000 unique=0.0200
ADV epoch=175/200 g_loss=0.0182 d_loss=0.0000 reward=0.7093 reward_var=0.0000 unique=0.0600
ADV epoch=176/200 g_loss=0.0603 d_loss=0.0000 reward=0.7092 reward_var=0.0000 unique=0.0400
ADV epoch=177/200 g_loss=0.0583 d_loss=0.0000 reward=0.7091 reward_var=0.0000 unique=0.1000
ADV epoch=178/200 g_loss=0.0443 d_loss=0.0000 reward=0.7093 reward_var=0.0000 unique=0.0600
ADV epoch=179/200 g_loss=0.0409 d_loss=0.0000 reward=0.7092 reward_var=0.0000 unique=0.0600
ADV epoch=180/200 g_loss=0.0218 d_loss=0.0000 reward=0.7092 reward_var=0.0000 unique=0.0400
ADV epoch=181/200 g_loss=0.0434 d_loss=0.0000 reward=0.7092 reward_var=0.0000 unique=0.0600
ADV epoch=182/200 g_loss=0.0434 d_loss=0.0000 reward=0.7092 reward_var=0.0000 unique=0.0600
ADV epoch=183/200 g_loss=0.0526 d_loss=0.0000 reward=0.7093 reward_var=0.0000 unique=0.0400
ADV epoch=184/200 g_loss=0.0382 d_loss=0.0000 reward=0.7092 reward_var=0.0000 unique=0.0600
ADV epoch=185/200 g_loss=0.0264 d_loss=0.0000 reward=0.7093 reward_var=0.0000 unique=0.0400
ADV epoch=186/200 g_loss=0.0491 d_loss=0.0000 reward=0.7092 reward_var=0.0000 unique=0.0200
ADV epoch=187/200 g_loss=0.0512 d_loss=0.0000 reward=0.7093 reward_var=0.0000 unique=0.0600
ADV epoch=188/200 g_loss=0.0546 d_loss=0.0000 reward=0.7092 reward_var=0.0000 unique=0.0600
ADV epoch=189/200 g_loss=0.0402 d_loss=0.0000 reward=0.7092 reward_var=0.0000 unique=0.0400
ADV epoch=190/200 g_loss=0.0417 d_loss=0.0000 reward=0.7091 reward_var=0.0000 unique=0.0600
ADV epoch=191/200 g_loss=0.0430 d_loss=0.0000 reward=0.7093 reward_var=0.0000 unique=0.0600
ADV epoch=192/200 g_loss=0.0426 d_loss=0.0000 reward=0.7092 reward_var=0.0000 unique=0.0400
ADV epoch=193/200 g_loss=0.0330 d_loss=0.0000 reward=0.7093 reward_var=0.0000 unique=0.0600
ADV epoch=194/200 g_loss=0.0323 d_loss=0.0000 reward=0.7094 reward_var=0.0000 unique=0.0800
ADV epoch=195/200 g_loss=0.0400 d_loss=0.0000 reward=0.7092 reward_var=0.0000 unique=0.0600
ADV epoch=196/200 g_loss=0.0276 d_loss=0.0000 reward=0.7092 reward_var=0.0000 unique=0.0400
ADV epoch=197/200 g_loss=0.0423 d_loss=0.0000 reward=0.7091 reward_var=0.0000 unique=0.1000
ADV epoch=198/200 g_loss=0.0315 d_loss=0.0000 reward=0.7093 reward_var=0.0000 unique=0.0400
ADV epoch=199/200 g_loss=0.0265 d_loss=0.0000 reward=0.7092 reward_var=0.0000 unique=0.0400
ADV epoch=200/200 g_loss=0.0560 d_loss=0.0000 reward=0.7091 reward_var=0.0000 unique=0.0600
saved 2000 raw samples to /content/drive/MyDrive/GAN/GAN_for_SQLi/result/phase2b_batch6x/error/D/R500/V8_B6X/generated_payloads.csv
