
[1/3] pretrain G
G epoch=1/60 loss=4.3517
G epoch=2/60 loss=3.4582
G epoch=3/60 loss=2.7722
G epoch=4/60 loss=2.4940
G epoch=5/60 loss=2.2815
G epoch=6/60 loss=2.0665
G epoch=7/60 loss=1.9054
G epoch=8/60 loss=1.7707
G epoch=9/60 loss=1.6348
G epoch=10/60 loss=1.5155
G epoch=11/60 loss=1.4115
G epoch=12/60 loss=1.3477
G epoch=13/60 loss=1.2293
G epoch=14/60 loss=1.1540
G epoch=15/60 loss=1.0881
G epoch=16/60 loss=1.0632
G epoch=17/60 loss=1.0065
G epoch=18/60 loss=0.9491
G epoch=19/60 loss=0.9062
G epoch=20/60 loss=0.8736
G epoch=21/60 loss=0.8790
G epoch=22/60 loss=0.8439
G epoch=23/60 loss=0.8171
G epoch=24/60 loss=0.7946
G epoch=25/60 loss=0.7724
G epoch=26/60 loss=0.7655
G epoch=27/60 loss=0.7356
G epoch=28/60 loss=0.7404
G epoch=29/60 loss=0.7236
G epoch=30/60 loss=0.6927
G epoch=31/60 loss=0.7116
G epoch=32/60 loss=0.7067
G epoch=33/60 loss=0.6822
G epoch=34/60 loss=0.6830
G epoch=35/60 loss=0.6747
G epoch=36/60 loss=0.6737
G epoch=37/60 loss=0.6635
G epoch=38/60 loss=0.6469
G epoch=39/60 loss=0.6351
G epoch=40/60 loss=0.6338
G epoch=41/60 loss=0.6472
G epoch=42/60 loss=0.6512
G epoch=43/60 loss=0.6387
G epoch=44/60 loss=0.6211
G epoch=45/60 loss=0.6139
G epoch=46/60 loss=0.6082
G epoch=47/60 loss=0.5968
G epoch=48/60 loss=0.5927
G epoch=49/60 loss=0.5846
G epoch=50/60 loss=0.5926
G epoch=51/60 loss=0.5736
G epoch=52/60 loss=0.5585
G epoch=53/60 loss=0.5701
G epoch=54/60 loss=0.5725
G epoch=55/60 loss=0.5776
G epoch=56/60 loss=0.5483
G epoch=57/60 loss=0.5542
G epoch=58/60 loss=0.5541
G epoch=59/60 loss=0.5388
G epoch=60/60 loss=0.5425

[2/3] pretrain D
D step=1/30 epoch=1/3 loss=0.9604 l2=0.2000 label_smoothing=0.000
D step=1/30 epoch=2/3 loss=0.8029 l2=0.2000 label_smoothing=0.000
D step=1/30 epoch=3/3 loss=0.7267 l2=0.2000 label_smoothing=0.000
D step=2/30 epoch=1/3 loss=0.7356 l2=0.2000 label_smoothing=0.000
D step=2/30 epoch=2/3 loss=0.7087 l2=0.2000 label_smoothing=0.000
D step=2/30 epoch=3/3 loss=0.6832 l2=0.2000 label_smoothing=0.000
D step=3/30 epoch=1/3 loss=0.6934 l2=0.2000 label_smoothing=0.000
D step=3/30 epoch=2/3 loss=0.6658 l2=0.2000 label_smoothing=0.000
D step=3/30 epoch=3/3 loss=0.6564 l2=0.2000 label_smoothing=0.000
D step=4/30 epoch=1/3 loss=0.6651 l2=0.2000 label_smoothing=0.000
D step=4/30 epoch=2/3 loss=0.6479 l2=0.2000 label_smoothing=0.000
D step=4/30 epoch=3/3 loss=0.6088 l2=0.2000 label_smoothing=0.000
D step=5/30 epoch=1/3 loss=0.6362 l2=0.2000 label_smoothing=0.000
D step=5/30 epoch=2/3 loss=0.6069 l2=0.2000 label_smoothing=0.000
D step=5/30 epoch=3/3 loss=0.5760 l2=0.2000 label_smoothing=0.000
D step=6/30 epoch=1/3 loss=0.6087 l2=0.2000 label_smoothing=0.000
D step=6/30 epoch=2/3 loss=0.5973 l2=0.2000 label_smoothing=0.000
D step=6/30 epoch=3/3 loss=0.5715 l2=0.2000 label_smoothing=0.000
D step=7/30 epoch=1/3 loss=0.5679 l2=0.2000 label_smoothing=0.000
D step=7/30 epoch=2/3 loss=0.5457 l2=0.2000 label_smoothing=0.000
D step=7/30 epoch=3/3 loss=0.5119 l2=0.2000 label_smoothing=0.000
D step=8/30 epoch=1/3 loss=0.5362 l2=0.2000 label_smoothing=0.000
D step=8/30 epoch=2/3 loss=0.5332 l2=0.2000 label_smoothing=0.000
D step=8/30 epoch=3/3 loss=0.5147 l2=0.2000 label_smoothing=0.000
D step=9/30 epoch=1/3 loss=0.5048 l2=0.2000 label_smoothing=0.000
D step=9/30 epoch=2/3 loss=0.4766 l2=0.2000 label_smoothing=0.000
D step=9/30 epoch=3/3 loss=0.4528 l2=0.2000 label_smoothing=0.000
D step=10/30 epoch=1/3 loss=0.4964 l2=0.2000 label_smoothing=0.000
D step=10/30 epoch=2/3 loss=0.4730 l2=0.2000 label_smoothing=0.000
D step=10/30 epoch=3/3 loss=0.4513 l2=0.2000 label_smoothing=0.000
D step=11/30 epoch=1/3 loss=0.4716 l2=0.2000 label_smoothing=0.000
D step=11/30 epoch=2/3 loss=0.4586 l2=0.2000 label_smoothing=0.000
D step=11/30 epoch=3/3 loss=0.4453 l2=0.2000 label_smoothing=0.000
D step=12/30 epoch=1/3 loss=0.4858 l2=0.2000 label_smoothing=0.000
D step=12/30 epoch=2/3 loss=0.4338 l2=0.2000 label_smoothing=0.000
D step=12/30 epoch=3/3 loss=0.4164 l2=0.2000 label_smoothing=0.000
D step=13/30 epoch=1/3 loss=0.4532 l2=0.2000 label_smoothing=0.000
D step=13/30 epoch=2/3 loss=0.4524 l2=0.2000 label_smoothing=0.000
D step=13/30 epoch=3/3 loss=0.4569 l2=0.2000 label_smoothing=0.000
D step=14/30 epoch=1/3 loss=0.4182 l2=0.2000 label_smoothing=0.000
D step=14/30 epoch=2/3 loss=0.4175 l2=0.2000 label_smoothing=0.000
D step=14/30 epoch=3/3 loss=0.4494 l2=0.2000 label_smoothing=0.000
D step=15/30 epoch=1/3 loss=0.4848 l2=0.2000 label_smoothing=0.000
D step=15/30 epoch=2/3 loss=0.4299 l2=0.2000 label_smoothing=0.000
D step=15/30 epoch=3/3 loss=0.4259 l2=0.2000 label_smoothing=0.000
D step=16/30 epoch=1/3 loss=0.4477 l2=0.2000 label_smoothing=0.000
D step=16/30 epoch=2/3 loss=0.4069 l2=0.2000 label_smoothing=0.000
D step=16/30 epoch=3/3 loss=0.4060 l2=0.2000 label_smoothing=0.000
D step=17/30 epoch=1/3 loss=0.4422 l2=0.2000 label_smoothing=0.000
D step=17/30 epoch=2/3 loss=0.4146 l2=0.2000 label_smoothing=0.000
D step=17/30 epoch=3/3 loss=0.3949 l2=0.2000 label_smoothing=0.000
D step=18/30 epoch=1/3 loss=0.4124 l2=0.2000 label_smoothing=0.000
D step=18/30 epoch=2/3 loss=0.4521 l2=0.2000 label_smoothing=0.000
D step=18/30 epoch=3/3 loss=0.4147 l2=0.2000 label_smoothing=0.000
D step=19/30 epoch=1/3 loss=0.3795 l2=0.2000 label_smoothing=0.000
D step=19/30 epoch=2/3 loss=0.3415 l2=0.2000 label_smoothing=0.000
D step=19/30 epoch=3/3 loss=0.3344 l2=0.2000 label_smoothing=0.000
D step=20/30 epoch=1/3 loss=0.3999 l2=0.2000 label_smoothing=0.000
D step=20/30 epoch=2/3 loss=0.3711 l2=0.2000 label_smoothing=0.000
D step=20/30 epoch=3/3 loss=0.3309 l2=0.2000 label_smoothing=0.000
D step=21/30 epoch=1/3 loss=0.3850 l2=0.2000 label_smoothing=0.000
D step=21/30 epoch=2/3 loss=0.3559 l2=0.2000 label_smoothing=0.000
D step=21/30 epoch=3/3 loss=0.3436 l2=0.2000 label_smoothing=0.000
D step=22/30 epoch=1/3 loss=0.3894 l2=0.2000 label_smoothing=0.000
D step=22/30 epoch=2/3 loss=0.3750 l2=0.2000 label_smoothing=0.000
D step=22/30 epoch=3/3 loss=0.3594 l2=0.2000 label_smoothing=0.000
D step=23/30 epoch=1/3 loss=0.4345 l2=0.2000 label_smoothing=0.000
D step=23/30 epoch=2/3 loss=0.3955 l2=0.2000 label_smoothing=0.000
D step=23/30 epoch=3/3 loss=0.3856 l2=0.2000 label_smoothing=0.000
D step=24/30 epoch=1/3 loss=0.4172 l2=0.2000 label_smoothing=0.000
D step=24/30 epoch=2/3 loss=0.3852 l2=0.2000 label_smoothing=0.000
D step=24/30 epoch=3/3 loss=0.3522 l2=0.2000 label_smoothing=0.000
D step=25/30 epoch=1/3 loss=0.3448 l2=0.2000 label_smoothing=0.000
D step=25/30 epoch=2/3 loss=0.3222 l2=0.2000 label_smoothing=0.000
D step=25/30 epoch=3/3 loss=0.3172 l2=0.2000 label_smoothing=0.000
D step=26/30 epoch=1/3 loss=0.3367 l2=0.2000 label_smoothing=0.000
D step=26/30 epoch=2/3 loss=0.3111 l2=0.2000 label_smoothing=0.000
D step=26/30 epoch=3/3 loss=0.2997 l2=0.2000 label_smoothing=0.000
D step=27/30 epoch=1/3 loss=0.3163 l2=0.2000 label_smoothing=0.000
D step=27/30 epoch=2/3 loss=0.2937 l2=0.2000 label_smoothing=0.000
D step=27/30 epoch=3/3 loss=0.2776 l2=0.2000 label_smoothing=0.000
D step=28/30 epoch=1/3 loss=0.3454 l2=0.2000 label_smoothing=0.000
D step=28/30 epoch=2/3 loss=0.3140 l2=0.2000 label_smoothing=0.000
D step=28/30 epoch=3/3 loss=0.3053 l2=0.2000 label_smoothing=0.000
D step=29/30 epoch=1/3 loss=0.3405 l2=0.2000 label_smoothing=0.000
D step=29/30 epoch=2/3 loss=0.3251 l2=0.2000 label_smoothing=0.000
D step=29/30 epoch=3/3 loss=0.3169 l2=0.2000 label_smoothing=0.000
D step=30/30 epoch=1/3 loss=0.3694 l2=0.2000 label_smoothing=0.000
D step=30/30 epoch=2/3 loss=0.3170 l2=0.2000 label_smoothing=0.000
D step=30/30 epoch=3/3 loss=0.3095 l2=0.2000 label_smoothing=0.000

[3/3] adversarial
generator_reward_mode=off reward_alpha=1.000 d_steps=5 d_epochs=3
D step=1/5 epoch=1/3 loss=0.3221 l2=0.2000 label_smoothing=0.000
D step=1/5 epoch=2/3 loss=0.2556 l2=0.2000 label_smoothing=0.000
D step=1/5 epoch=3/3 loss=0.2412 l2=0.2000 label_smoothing=0.000
D step=2/5 epoch=1/3 loss=0.2483 l2=0.2000 label_smoothing=0.000
D step=2/5 epoch=2/3 loss=0.2609 l2=0.2000 label_smoothing=0.000
D step=2/5 epoch=3/3 loss=0.2303 l2=0.2000 label_smoothing=0.000
D step=3/5 epoch=1/3 loss=0.2523 l2=0.2000 label_smoothing=0.000
D step=3/5 epoch=2/3 loss=0.2262 l2=0.2000 label_smoothing=0.000
D step=3/5 epoch=3/3 loss=0.2265 l2=0.2000 label_smoothing=0.000
D step=4/5 epoch=1/3 loss=0.2543 l2=0.2000 label_smoothing=0.000
D step=4/5 epoch=2/3 loss=0.2275 l2=0.2000 label_smoothing=0.000
D step=4/5 epoch=3/3 loss=0.2141 l2=0.2000 label_smoothing=0.000
D step=5/5 epoch=1/3 loss=0.2392 l2=0.2000 label_smoothing=0.000
D step=5/5 epoch=2/3 loss=0.2197 l2=0.2000 label_smoothing=0.000
D step=5/5 epoch=3/3 loss=0.2108 l2=0.2000 label_smoothing=0.000
ADV epoch=1/60 g_loss=0.0371 d_loss=0.2419 reward=0.1123 reward_var=0.0256 unique=0.8400
D step=1/5 epoch=1/3 loss=0.3148 l2=0.2000 label_smoothing=0.000
D step=1/5 epoch=2/3 loss=0.2795 l2=0.2000 label_smoothing=0.000
D step=1/5 epoch=3/3 loss=0.2078 l2=0.2000 label_smoothing=0.000
D step=2/5 epoch=1/3 loss=0.2264 l2=0.2000 label_smoothing=0.000
D step=2/5 epoch=2/3 loss=0.2222 l2=0.2000 label_smoothing=0.000
D step=2/5 epoch=3/3 loss=0.2062 l2=0.2000 label_smoothing=0.000
D step=3/5 epoch=1/3 loss=0.2259 l2=0.2000 label_smoothing=0.000
D step=3/5 epoch=2/3 loss=0.2207 l2=0.2000 label_smoothing=0.000
D step=3/5 epoch=3/3 loss=0.2100 l2=0.2000 label_smoothing=0.000
D step=4/5 epoch=1/3 loss=0.1931 l2=0.2000 label_smoothing=0.000
D step=4/5 epoch=2/3 loss=0.1981 l2=0.2000 label_smoothing=0.000
D step=4/5 epoch=3/3 loss=0.1868 l2=0.2000 label_smoothing=0.000
D step=5/5 epoch=1/3 loss=0.1905 l2=0.2000 label_smoothing=0.000
D step=5/5 epoch=2/3 loss=0.1918 l2=0.2000 label_smoothing=0.000
D step=5/5 epoch=3/3 loss=0.1855 l2=0.2000 label_smoothing=0.000
ADV epoch=2/60 g_loss=0.1220 d_loss=0.2173 reward=0.2091 reward_var=0.0480 unique=0.8200
D step=1/5 epoch=1/3 loss=0.2651 l2=0.2000 label_smoothing=0.000
D step=1/5 epoch=2/3 loss=0.2259 l2=0.2000 label_smoothing=0.000
D step=1/5 epoch=3/3 loss=0.2200 l2=0.2000 label_smoothing=0.000
D step=2/5 epoch=1/3 loss=0.2187 l2=0.2000 label_smoothing=0.000
D step=2/5 epoch=2/3 loss=0.2280 l2=0.2000 label_smoothing=0.000
D step=2/5 epoch=3/3 loss=0.1780 l2=0.2000 label_smoothing=0.000
D step=3/5 epoch=1/3 loss=0.2040 l2=0.2000 label_smoothing=0.000
D step=3/5 epoch=2/3 loss=0.1906 l2=0.2000 label_smoothing=0.000
D step=3/5 epoch=3/3 loss=0.1923 l2=0.2000 label_smoothing=0.000
D step=4/5 epoch=1/3 loss=0.2065 l2=0.2000 label_smoothing=0.000
D step=4/5 epoch=2/3 loss=0.2070 l2=0.2000 label_smoothing=0.000
D step=4/5 epoch=3/3 loss=0.1853 l2=0.2000 label_smoothing=0.000
D step=5/5 epoch=1/3 loss=0.1747 l2=0.2000 label_smoothing=0.000
D step=5/5 epoch=2/3 loss=0.1654 l2=0.2000 label_smoothing=0.000
D step=5/5 epoch=3/3 loss=0.1653 l2=0.2000 label_smoothing=0.000
ADV epoch=3/60 g_loss=0.1055 d_loss=0.2018 reward=0.2248 reward_var=0.0496 unique=0.7800
D step=1/5 epoch=1/3 loss=0.2310 l2=0.2000 label_smoothing=0.000
D step=1/5 epoch=2/3 loss=0.1964 l2=0.2000 label_smoothing=0.000
D step=1/5 epoch=3/3 loss=0.1846 l2=0.2000 label_smoothing=0.000
D step=2/5 epoch=1/3 loss=0.2211 l2=0.2000 label_smoothing=0.000
D step=2/5 epoch=2/3 loss=0.2070 l2=0.2000 label_smoothing=0.000
D step=2/5 epoch=3/3 loss=0.1994 l2=0.2000 label_smoothing=0.000
D step=3/5 epoch=1/3 loss=0.1975 l2=0.2000 label_smoothing=0.000
D step=3/5 epoch=2/3 loss=0.1830 l2=0.2000 label_smoothing=0.000
D step=3/5 epoch=3/3 loss=0.1820 l2=0.2000 label_smoothing=0.000
D step=4/5 epoch=1/3 loss=0.2130 l2=0.2000 label_smoothing=0.000
D step=4/5 epoch=2/3 loss=0.1948 l2=0.2000 label_smoothing=0.000
D step=4/5 epoch=3/3 loss=0.1934 l2=0.2000 label_smoothing=0.000
D step=5/5 epoch=1/3 loss=0.2050 l2=0.2000 label_smoothing=0.000
D step=5/5 epoch=2/3 loss=0.1874 l2=0.2000 label_smoothing=0.000
D step=5/5 epoch=3/3 loss=0.1816 l2=0.2000 label_smoothing=0.000
ADV epoch=4/60 g_loss=0.0529 d_loss=0.1985 reward=0.1823 reward_var=0.0515 unique=0.7800
D step=1/5 epoch=1/3 loss=0.2893 l2=0.2000 label_smoothing=0.000
D step=1/5 epoch=2/3 loss=0.2513 l2=0.2000 label_smoothing=0.000
D step=1/5 epoch=3/3 loss=0.2244 l2=0.2000 label_smoothing=0.000
D step=2/5 epoch=1/3 loss=0.2222 l2=0.2000 label_smoothing=0.000
D step=2/5 epoch=2/3 loss=0.2274 l2=0.2000 label_smoothing=0.000
D step=2/5 epoch=3/3 loss=0.2048 l2=0.2000 label_smoothing=0.000
D step=3/5 epoch=1/3 loss=0.2356 l2=0.2000 label_smoothing=0.000
D step=3/5 epoch=2/3 loss=0.2295 l2=0.2000 label_smoothing=0.000
D step=3/5 epoch=3/3 loss=0.2040 l2=0.2000 label_smoothing=0.000
D step=4/5 epoch=1/3 loss=0.2429 l2=0.2000 label_smoothing=0.000
D step=4/5 epoch=2/3 loss=0.2221 l2=0.2000 label_smoothing=0.000
D step=4/5 epoch=3/3 loss=0.2197 l2=0.2000 label_smoothing=0.000
D step=5/5 epoch=1/3 loss=0.2155 l2=0.2000 label_smoothing=0.000
D step=5/5 epoch=2/3 loss=0.1964 l2=0.2000 label_smoothing=0.000
D step=5/5 epoch=3/3 loss=0.1975 l2=0.2000 label_smoothing=0.000
ADV epoch=5/60 g_loss=0.0370 d_loss=0.2255 reward=0.1311 reward_var=0.0293 unique=0.8200
D step=1/5 epoch=1/3 loss=0.2488 l2=0.2000 label_smoothing=0.000
D step=1/5 epoch=2/3 loss=0.2420 l2=0.2000 label_smoothing=0.000
D step=1/5 epoch=3/3 loss=0.2158 l2=0.2000 label_smoothing=0.000
D step=2/5 epoch=1/3 loss=0.2221 l2=0.2000 label_smoothing=0.000
D step=2/5 epoch=2/3 loss=0.2103 l2=0.2000 label_smoothing=0.000
D step=2/5 epoch=3/3 loss=0.2094 l2=0.2000 label_smoothing=0.000
D step=3/5 epoch=1/3 loss=0.1909 l2=0.2000 label_smoothing=0.000
D step=3/5 epoch=2/3 loss=0.1867 l2=0.2000 label_smoothing=0.000
D step=3/5 epoch=3/3 loss=0.1768 l2=0.2000 label_smoothing=0.000
D step=4/5 epoch=1/3 loss=0.2214 l2=0.2000 label_smoothing=0.000
D step=4/5 epoch=2/3 loss=0.2133 l2=0.2000 label_smoothing=0.000
D step=4/5 epoch=3/3 loss=0.2150 l2=0.2000 label_smoothing=0.000
D step=5/5 epoch=1/3 loss=0.2130 l2=0.2000 label_smoothing=0.000
D step=5/5 epoch=2/3 loss=0.2042 l2=0.2000 label_smoothing=0.000
D step=5/5 epoch=3/3 loss=0.2006 l2=0.2000 label_smoothing=0.000
ADV epoch=6/60 g_loss=0.0345 d_loss=0.2113 reward=0.1506 reward_var=0.0323 unique=0.6000
D step=1/5 epoch=1/3 loss=0.2022 l2=0.2000 label_smoothing=0.000
D step=1/5 epoch=2/3 loss=0.1982 l2=0.2000 label_smoothing=0.000
D step=1/5 epoch=3/3 loss=0.1949 l2=0.2000 label_smoothing=0.000
D step=2/5 epoch=1/3 loss=0.2082 l2=0.2000 label_smoothing=0.000
D step=2/5 epoch=2/3 loss=0.2089 l2=0.2000 label_smoothing=0.000
D step=2/5 epoch=3/3 loss=0.1956 l2=0.2000 label_smoothing=0.000
D step=3/5 epoch=1/3 loss=0.2156 l2=0.2000 label_smoothing=0.000
D step=3/5 epoch=2/3 loss=0.2020 l2=0.2000 label_smoothing=0.000
D step=3/5 epoch=3/3 loss=0.1960 l2=0.2000 label_smoothing=0.000
D step=4/5 epoch=1/3 loss=0.2047 l2=0.2000 label_smoothing=0.000
D step=4/5 epoch=2/3 loss=0.1948 l2=0.2000 label_smoothing=0.000
D step=4/5 epoch=3/3 loss=0.2020 l2=0.2000 label_smoothing=0.000
D step=5/5 epoch=1/3 loss=0.2053 l2=0.2000 label_smoothing=0.000
D step=5/5 epoch=2/3 loss=0.1982 l2=0.2000 label_smoothing=0.000
D step=5/5 epoch=3/3 loss=0.1968 l2=0.2000 label_smoothing=0.000
ADV epoch=7/60 g_loss=0.0242 d_loss=0.2016 reward=0.1764 reward_var=0.0356 unique=0.6600
D step=1/5 epoch=1/3 loss=0.2584 l2=0.2000 label_smoothing=0.000
D step=1/5 epoch=2/3 loss=0.2300 l2=0.2000 label_smoothing=0.000
D step=1/5 epoch=3/3 loss=0.2123 l2=0.2000 label_smoothing=0.000
D step=2/5 epoch=1/3 loss=0.2279 l2=0.2000 label_smoothing=0.000
D step=2/5 epoch=2/3 loss=0.2225 l2=0.2000 label_smoothing=0.000
D step=2/5 epoch=3/3 loss=0.2189 l2=0.2000 label_smoothing=0.000
D step=3/5 epoch=1/3 loss=0.2143 l2=0.2000 label_smoothing=0.000
D step=3/5 epoch=2/3 loss=0.2202 l2=0.2000 label_smoothing=0.000
D step=3/5 epoch=3/3 loss=0.2112 l2=0.2000 label_smoothing=0.000
D step=4/5 epoch=1/3 loss=0.2005 l2=0.2000 label_smoothing=0.000
D step=4/5 epoch=2/3 loss=0.1917 l2=0.2000 label_smoothing=0.000
D step=4/5 epoch=3/3 loss=0.1893 l2=0.2000 label_smoothing=0.000
D step=5/5 epoch=1/3 loss=0.2214 l2=0.2000 label_smoothing=0.000
D step=5/5 epoch=2/3 loss=0.2271 l2=0.2000 label_smoothing=0.000
D step=5/5 epoch=3/3 loss=0.2119 l2=0.2000 label_smoothing=0.000
ADV epoch=8/60 g_loss=0.0260 d_loss=0.2172 reward=0.1639 reward_var=0.0227 unique=0.4800
D step=1/5 epoch=1/3 loss=0.2494 l2=0.2000 label_smoothing=0.000
D step=1/5 epoch=2/3 loss=0.2135 l2=0.2000 label_smoothing=0.000
D step=1/5 epoch=3/3 loss=0.2200 l2=0.2000 label_smoothing=0.000
D step=2/5 epoch=1/3 loss=0.2260 l2=0.2000 label_smoothing=0.000
D step=2/5 epoch=2/3 loss=0.2187 l2=0.2000 label_smoothing=0.000
D step=2/5 epoch=3/3 loss=0.2187 l2=0.2000 label_smoothing=0.000
D step=3/5 epoch=1/3 loss=0.2116 l2=0.2000 label_smoothing=0.000
D step=3/5 epoch=2/3 loss=0.2151 l2=0.2000 label_smoothing=0.000
D step=3/5 epoch=3/3 loss=0.2116 l2=0.2000 label_smoothing=0.000
D step=4/5 epoch=1/3 loss=0.1945 l2=0.2000 label_smoothing=0.000
D step=4/5 epoch=2/3 loss=0.1936 l2=0.2000 label_smoothing=0.000
D step=4/5 epoch=3/3 loss=0.1884 l2=0.2000 label_smoothing=0.000
D step=5/5 epoch=1/3 loss=0.2170 l2=0.2000 label_smoothing=0.000
D step=5/5 epoch=2/3 loss=0.2091 l2=0.2000 label_smoothing=0.000
D step=5/5 epoch=3/3 loss=0.2102 l2=0.2000 label_smoothing=0.000
ADV epoch=9/60 g_loss=0.0160 d_loss=0.2132 reward=0.1381 reward_var=0.0091 unique=0.3600
D step=1/5 epoch=1/3 loss=0.2449 l2=0.2000 label_smoothing=0.000
D step=1/5 epoch=2/3 loss=0.2302 l2=0.2000 label_smoothing=0.000
D step=1/5 epoch=3/3 loss=0.2274 l2=0.2000 label_smoothing=0.000
D step=2/5 epoch=1/3 loss=0.2142 l2=0.2000 label_smoothing=0.000
D step=2/5 epoch=2/3 loss=0.2090 l2=0.2000 label_smoothing=0.000
D step=2/5 epoch=3/3 loss=0.2103 l2=0.2000 label_smoothing=0.000
D step=3/5 epoch=1/3 loss=0.2180 l2=0.2000 label_smoothing=0.000
D step=3/5 epoch=2/3 loss=0.2080 l2=0.2000 label_smoothing=0.000
D step=3/5 epoch=3/3 loss=0.2054 l2=0.2000 label_smoothing=0.000
D step=4/5 epoch=1/3 loss=0.2196 l2=0.2000 label_smoothing=0.000
D step=4/5 epoch=2/3 loss=0.2160 l2=0.2000 label_smoothing=0.000
D step=4/5 epoch=3/3 loss=0.2203 l2=0.2000 label_smoothing=0.000
D step=5/5 epoch=1/3 loss=0.2194 l2=0.2000 label_smoothing=0.000
D step=5/5 epoch=2/3 loss=0.2037 l2=0.2000 label_smoothing=0.000
D step=5/5 epoch=3/3 loss=0.2064 l2=0.2000 label_smoothing=0.000
ADV epoch=10/60 g_loss=0.0143 d_loss=0.2169 reward=0.1395 reward_var=0.0090 unique=0.3800
D step=1/5 epoch=1/3 loss=0.2239 l2=0.2000 label_smoothing=0.000
D step=1/5 epoch=2/3 loss=0.2195 l2=0.2000 label_smoothing=0.000
D step=1/5 epoch=3/3 loss=0.2110 l2=0.2000 label_smoothing=0.000
D step=2/5 epoch=1/3 loss=0.2081 l2=0.2000 label_smoothing=0.000
D step=2/5 epoch=2/3 loss=0.2008 l2=0.2000 label_smoothing=0.000
D step=2/5 epoch=3/3 loss=0.2052 l2=0.2000 label_smoothing=0.000
D step=3/5 epoch=1/3 loss=0.2245 l2=0.2000 label_smoothing=0.000
D step=3/5 epoch=2/3 loss=0.2160 l2=0.2000 label_smoothing=0.000
D step=3/5 epoch=3/3 loss=0.2217 l2=0.2000 label_smoothing=0.000
D step=4/5 epoch=1/3 loss=0.2029 l2=0.2000 label_smoothing=0.000
D step=4/5 epoch=2/3 loss=0.1985 l2=0.2000 label_smoothing=0.000
D step=4/5 epoch=3/3 loss=0.1966 l2=0.2000 label_smoothing=0.000
D step=5/5 epoch=1/3 loss=0.2380 l2=0.2000 label_smoothing=0.000
D step=5/5 epoch=2/3 loss=0.2274 l2=0.2000 label_smoothing=0.000
D step=5/5 epoch=3/3 loss=0.2248 l2=0.2000 label_smoothing=0.000
ADV epoch=11/60 g_loss=0.0121 d_loss=0.2146 reward=0.1452 reward_var=0.0121 unique=0.2800
D step=1/5 epoch=1/3 loss=0.2295 l2=0.2000 label_smoothing=0.000
D step=1/5 epoch=2/3 loss=0.2234 l2=0.2000 label_smoothing=0.000
D step=1/5 epoch=3/3 loss=0.2182 l2=0.2000 label_smoothing=0.000
D step=2/5 epoch=1/3 loss=0.2411 l2=0.2000 label_smoothing=0.000
D step=2/5 epoch=2/3 loss=0.2363 l2=0.2000 label_smoothing=0.000
D step=2/5 epoch=3/3 loss=0.2376 l2=0.2000 label_smoothing=0.000
D step=3/5 epoch=1/3 loss=0.2396 l2=0.2000 label_smoothing=0.000
D step=3/5 epoch=2/3 loss=0.2287 l2=0.2000 label_smoothing=0.000
D step=3/5 epoch=3/3 loss=0.2272 l2=0.2000 label_smoothing=0.000
D step=4/5 epoch=1/3 loss=0.2109 l2=0.2000 label_smoothing=0.000
D step=4/5 epoch=2/3 loss=0.2062 l2=0.2000 label_smoothing=0.000
D step=4/5 epoch=3/3 loss=0.2062 l2=0.2000 label_smoothing=0.000
D step=5/5 epoch=1/3 loss=0.2331 l2=0.2000 label_smoothing=0.000
D step=5/5 epoch=2/3 loss=0.2285 l2=0.2000 label_smoothing=0.000
D step=5/5 epoch=3/3 loss=0.2290 l2=0.2000 label_smoothing=0.000
ADV epoch=12/60 g_loss=0.0108 d_loss=0.2264 reward=0.1332 reward_var=0.0061 unique=0.2400
D step=1/5 epoch=1/3 loss=0.2316 l2=0.2000 label_smoothing=0.000
D step=1/5 epoch=2/3 loss=0.2230 l2=0.2000 label_smoothing=0.000
D step=1/5 epoch=3/3 loss=0.2196 l2=0.2000 label_smoothing=0.000
D step=2/5 epoch=1/3 loss=0.2244 l2=0.2000 label_smoothing=0.000
D step=2/5 epoch=2/3 loss=0.2210 l2=0.2000 label_smoothing=0.000
D step=2/5 epoch=3/3 loss=0.2235 l2=0.2000 label_smoothing=0.000
D step=3/5 epoch=1/3 loss=0.2151 l2=0.2000 label_smoothing=0.000
D step=3/5 epoch=2/3 loss=0.2174 l2=0.2000 label_smoothing=0.000
D step=3/5 epoch=3/3 loss=0.2128 l2=0.2000 label_smoothing=0.000
D step=4/5 epoch=1/3 loss=0.2183 l2=0.2000 label_smoothing=0.000
D step=4/5 epoch=2/3 loss=0.2133 l2=0.2000 label_smoothing=0.000
D step=4/5 epoch=3/3 loss=0.2150 l2=0.2000 label_smoothing=0.000
D step=5/5 epoch=1/3 loss=0.2275 l2=0.2000 label_smoothing=0.000
D step=5/5 epoch=2/3 loss=0.2322 l2=0.2000 label_smoothing=0.000
D step=5/5 epoch=3/3 loss=0.2306 l2=0.2000 label_smoothing=0.000
ADV epoch=13/60 g_loss=0.0032 d_loss=0.2217 reward=0.1277 reward_var=0.0034 unique=0.2800
D step=1/5 epoch=1/3 loss=0.2210 l2=0.2000 label_smoothing=0.000
D step=1/5 epoch=2/3 loss=0.2155 l2=0.2000 label_smoothing=0.000
D step=1/5 epoch=3/3 loss=0.2171 l2=0.2000 label_smoothing=0.000
D step=2/5 epoch=1/3 loss=0.2195 l2=0.2000 label_smoothing=0.000
D step=2/5 epoch=2/3 loss=0.2169 l2=0.2000 label_smoothing=0.000
D step=2/5 epoch=3/3 loss=0.2136 l2=0.2000 label_smoothing=0.000
D step=3/5 epoch=1/3 loss=0.2265 l2=0.2000 label_smoothing=0.000
D step=3/5 epoch=2/3 loss=0.2206 l2=0.2000 label_smoothing=0.000
D step=3/5 epoch=3/3 loss=0.2202 l2=0.2000 label_smoothing=0.000
D step=4/5 epoch=1/3 loss=0.2103 l2=0.2000 label_smoothing=0.000
D step=4/5 epoch=2/3 loss=0.2045 l2=0.2000 label_smoothing=0.000
D step=4/5 epoch=3/3 loss=0.2050 l2=0.2000 label_smoothing=0.000
D step=5/5 epoch=1/3 loss=0.2075 l2=0.2000 label_smoothing=0.000
D step=5/5 epoch=2/3 loss=0.2094 l2=0.2000 label_smoothing=0.000
D step=5/5 epoch=3/3 loss=0.2020 l2=0.2000 label_smoothing=0.000
ADV epoch=14/60 g_loss=0.0036 d_loss=0.2140 reward=0.1393 reward_var=0.0029 unique=0.1400
D step=1/5 epoch=1/3 loss=0.2294 l2=0.2000 label_smoothing=0.000
D step=1/5 epoch=2/3 loss=0.2258 l2=0.2000 label_smoothing=0.000
D step=1/5 epoch=3/3 loss=0.2206 l2=0.2000 label_smoothing=0.000
D step=2/5 epoch=1/3 loss=0.2107 l2=0.2000 label_smoothing=0.000
D step=2/5 epoch=2/3 loss=0.2018 l2=0.2000 label_smoothing=0.000
D step=2/5 epoch=3/3 loss=0.2070 l2=0.2000 label_smoothing=0.000
D step=3/5 epoch=1/3 loss=0.2164 l2=0.2000 label_smoothing=0.000
D step=3/5 epoch=2/3 loss=0.2181 l2=0.2000 label_smoothing=0.000
D step=3/5 epoch=3/3 loss=0.2156 l2=0.2000 label_smoothing=0.000
D step=4/5 epoch=1/3 loss=0.2237 l2=0.2000 label_smoothing=0.000
D step=4/5 epoch=2/3 loss=0.2228 l2=0.2000 label_smoothing=0.000
D step=4/5 epoch=3/3 loss=0.2250 l2=0.2000 label_smoothing=0.000
D step=5/5 epoch=1/3 loss=0.2313 l2=0.2000 label_smoothing=0.000
D step=5/5 epoch=2/3 loss=0.2214 l2=0.2000 label_smoothing=0.000
D step=5/5 epoch=3/3 loss=0.2212 l2=0.2000 label_smoothing=0.000
ADV epoch=15/60 g_loss=0.0048 d_loss=0.2194 reward=0.1091 reward_var=0.0026 unique=0.1600
D step=1/5 epoch=1/3 loss=0.2430 l2=0.2000 label_smoothing=0.000
D step=1/5 epoch=2/3 loss=0.2273 l2=0.2000 label_smoothing=0.000
D step=1/5 epoch=3/3 loss=0.2310 l2=0.2000 label_smoothing=0.000
D step=2/5 epoch=1/3 loss=0.2204 l2=0.2000 label_smoothing=0.000
D step=2/5 epoch=2/3 loss=0.2203 l2=0.2000 label_smoothing=0.000
D step=2/5 epoch=3/3 loss=0.2194 l2=0.2000 label_smoothing=0.000
D step=3/5 epoch=1/3 loss=0.2250 l2=0.2000 label_smoothing=0.000
D step=3/5 epoch=2/3 loss=0.2198 l2=0.2000 label_smoothing=0.000
D step=3/5 epoch=3/3 loss=0.2202 l2=0.2000 label_smoothing=0.000
D step=4/5 epoch=1/3 loss=0.2238 l2=0.2000 label_smoothing=0.000
D step=4/5 epoch=2/3 loss=0.2140 l2=0.2000 label_smoothing=0.000
D step=4/5 epoch=3/3 loss=0.2178 l2=0.2000 label_smoothing=0.000
D step=5/5 epoch=1/3 loss=0.2282 l2=0.2000 label_smoothing=0.000
D step=5/5 epoch=2/3 loss=0.2219 l2=0.2000 label_smoothing=0.000
D step=5/5 epoch=3/3 loss=0.2226 l2=0.2000 label_smoothing=0.000
ADV epoch=16/60 g_loss=0.0019 d_loss=0.2236 reward=0.1436 reward_var=0.0025 unique=0.2200
D step=1/5 epoch=1/3 loss=0.2204 l2=0.2000 label_smoothing=0.000
D step=1/5 epoch=2/3 loss=0.2156 l2=0.2000 label_smoothing=0.000
D step=1/5 epoch=3/3 loss=0.2127 l2=0.2000 label_smoothing=0.000
D step=2/5 epoch=1/3 loss=0.2305 l2=0.2000 label_smoothing=0.000
D step=2/5 epoch=2/3 loss=0.2313 l2=0.2000 label_smoothing=0.000
D step=2/5 epoch=3/3 loss=0.2309 l2=0.2000 label_smoothing=0.000
D step=3/5 epoch=1/3 loss=0.2260 l2=0.2000 label_smoothing=0.000
D step=3/5 epoch=2/3 loss=0.2242 l2=0.2000 label_smoothing=0.000
D step=3/5 epoch=3/3 loss=0.2236 l2=0.2000 label_smoothing=0.000
D step=4/5 epoch=1/3 loss=0.2334 l2=0.2000 label_smoothing=0.000
D step=4/5 epoch=2/3 loss=0.2342 l2=0.2000 label_smoothing=0.000
D step=4/5 epoch=3/3 loss=0.2344 l2=0.2000 label_smoothing=0.000
D step=5/5 epoch=1/3 loss=0.2262 l2=0.2000 label_smoothing=0.000
D step=5/5 epoch=2/3 loss=0.2265 l2=0.2000 label_smoothing=0.000
D step=5/5 epoch=3/3 loss=0.2270 l2=0.2000 label_smoothing=0.000
ADV epoch=17/60 g_loss=0.0012 d_loss=0.2265 reward=0.1286 reward_var=0.0015 unique=0.1000
D step=1/5 epoch=1/3 loss=0.2220 l2=0.2000 label_smoothing=0.000
D step=1/5 epoch=2/3 loss=0.2191 l2=0.2000 label_smoothing=0.000
D step=1/5 epoch=3/3 loss=0.2187 l2=0.2000 label_smoothing=0.000
D step=2/5 epoch=1/3 loss=0.2146 l2=0.2000 label_smoothing=0.000
D step=2/5 epoch=2/3 loss=0.2121 l2=0.2000 label_smoothing=0.000
D step=2/5 epoch=3/3 loss=0.2150 l2=0.2000 label_smoothing=0.000
D step=3/5 epoch=1/3 loss=0.2103 l2=0.2000 label_smoothing=0.000
D step=3/5 epoch=2/3 loss=0.2025 l2=0.2000 label_smoothing=0.000
D step=3/5 epoch=3/3 loss=0.2023 l2=0.2000 label_smoothing=0.000
D step=4/5 epoch=1/3 loss=0.2302 l2=0.2000 label_smoothing=0.000
D step=4/5 epoch=2/3 loss=0.2285 l2=0.2000 label_smoothing=0.000
D step=4/5 epoch=3/3 loss=0.2340 l2=0.2000 label_smoothing=0.000
D step=5/5 epoch=1/3 loss=0.2237 l2=0.2000 label_smoothing=0.000
D step=5/5 epoch=2/3 loss=0.2163 l2=0.2000 label_smoothing=0.000
D step=5/5 epoch=3/3 loss=0.2123 l2=0.2000 label_smoothing=0.000
ADV epoch=18/60 g_loss=0.0012 d_loss=0.2174 reward=0.1300 reward_var=0.0018 unique=0.0800
D step=1/5 epoch=1/3 loss=0.2189 l2=0.2000 label_smoothing=0.000
D step=1/5 epoch=2/3 loss=0.2188 l2=0.2000 label_smoothing=0.000
D step=1/5 epoch=3/3 loss=0.2165 l2=0.2000 label_smoothing=0.000
D step=2/5 epoch=1/3 loss=0.2242 l2=0.2000 label_smoothing=0.000
D step=2/5 epoch=2/3 loss=0.2195 l2=0.2000 label_smoothing=0.000
D step=2/5 epoch=3/3 loss=0.2227 l2=0.2000 label_smoothing=0.000
D step=3/5 epoch=1/3 loss=0.2287 l2=0.2000 label_smoothing=0.000
D step=3/5 epoch=2/3 loss=0.2281 l2=0.2000 label_smoothing=0.000
D step=3/5 epoch=3/3 loss=0.2266 l2=0.2000 label_smoothing=0.000
D step=4/5 epoch=1/3 loss=0.2355 l2=0.2000 label_smoothing=0.000
D step=4/5 epoch=2/3 loss=0.2300 l2=0.2000 label_smoothing=0.000
D step=4/5 epoch=3/3 loss=0.2321 l2=0.2000 label_smoothing=0.000
D step=5/5 epoch=1/3 loss=0.2325 l2=0.2000 label_smoothing=0.000
D step=5/5 epoch=2/3 loss=0.2310 l2=0.2000 label_smoothing=0.000
D step=5/5 epoch=3/3 loss=0.2287 l2=0.2000 label_smoothing=0.000
ADV epoch=19/60 g_loss=0.0020 d_loss=0.2262 reward=0.1299 reward_var=0.0017 unique=0.1200
D step=1/5 epoch=1/3 loss=0.2240 l2=0.2000 label_smoothing=0.000
D step=1/5 epoch=2/3 loss=0.2258 l2=0.2000 label_smoothing=0.000
D step=1/5 epoch=3/3 loss=0.2212 l2=0.2000 label_smoothing=0.000
D step=2/5 epoch=1/3 loss=0.2236 l2=0.2000 label_smoothing=0.000
D step=2/5 epoch=2/3 loss=0.2243 l2=0.2000 label_smoothing=0.000
D step=2/5 epoch=3/3 loss=0.2261 l2=0.2000 label_smoothing=0.000
D step=3/5 epoch=1/3 loss=0.2425 l2=0.2000 label_smoothing=0.000
D step=3/5 epoch=2/3 loss=0.2421 l2=0.2000 label_smoothing=0.000
D step=3/5 epoch=3/3 loss=0.2422 l2=0.2000 label_smoothing=0.000
D step=4/5 epoch=1/3 loss=0.2272 l2=0.2000 label_smoothing=0.000
D step=4/5 epoch=2/3 loss=0.2308 l2=0.2000 label_smoothing=0.000
D step=4/5 epoch=3/3 loss=0.2297 l2=0.2000 label_smoothing=0.000
D step=5/5 epoch=1/3 loss=0.2179 l2=0.2000 label_smoothing=0.000
D step=5/5 epoch=2/3 loss=0.2119 l2=0.2000 label_smoothing=0.000
D step=5/5 epoch=3/3 loss=0.2140 l2=0.2000 label_smoothing=0.000
ADV epoch=20/60 g_loss=0.0009 d_loss=0.2269 reward=0.1325 reward_var=0.0017 unique=0.1400
D step=1/5 epoch=1/3 loss=0.2208 l2=0.2000 label_smoothing=0.000
D step=1/5 epoch=2/3 loss=0.2203 l2=0.2000 label_smoothing=0.000
D step=1/5 epoch=3/3 loss=0.2212 l2=0.2000 label_smoothing=0.000
D step=2/5 epoch=1/3 loss=0.2276 l2=0.2000 label_smoothing=0.000
D step=2/5 epoch=2/3 loss=0.2267 l2=0.2000 label_smoothing=0.000
D step=2/5 epoch=3/3 loss=0.2267 l2=0.2000 label_smoothing=0.000
D step=3/5 epoch=1/3 loss=0.2366 l2=0.2000 label_smoothing=0.000
D step=3/5 epoch=2/3 loss=0.2290 l2=0.2000 label_smoothing=0.000
D step=3/5 epoch=3/3 loss=0.2261 l2=0.2000 label_smoothing=0.000
D step=4/5 epoch=1/3 loss=0.2115 l2=0.2000 label_smoothing=0.000
D step=4/5 epoch=2/3 loss=0.2078 l2=0.2000 label_smoothing=0.000
D step=4/5 epoch=3/3 loss=0.2092 l2=0.2000 label_smoothing=0.000
D step=5/5 epoch=1/3 loss=0.1898 l2=0.2000 label_smoothing=0.000
D step=5/5 epoch=2/3 loss=0.1893 l2=0.2000 label_smoothing=0.000
D step=5/5 epoch=3/3 loss=0.1877 l2=0.2000 label_smoothing=0.000
ADV epoch=21/60 g_loss=0.0031 d_loss=0.2153 reward=0.1231 reward_var=0.0015 unique=0.0600
D step=1/5 epoch=1/3 loss=0.2364 l2=0.2000 label_smoothing=0.000
D step=1/5 epoch=2/3 loss=0.2343 l2=0.2000 label_smoothing=0.000
D step=1/5 epoch=3/3 loss=0.2333 l2=0.2000 label_smoothing=0.000
D step=2/5 epoch=1/3 loss=0.2257 l2=0.2000 label_smoothing=0.000
D step=2/5 epoch=2/3 loss=0.2176 l2=0.2000 label_smoothing=0.000
D step=2/5 epoch=3/3 loss=0.2116 l2=0.2000 label_smoothing=0.000
D step=3/5 epoch=1/3 loss=0.2336 l2=0.2000 label_smoothing=0.000
D step=3/5 epoch=2/3 loss=0.2345 l2=0.2000 label_smoothing=0.000
D step=3/5 epoch=3/3 loss=0.2358 l2=0.2000 label_smoothing=0.000
D step=4/5 epoch=1/3 loss=0.2217 l2=0.2000 label_smoothing=0.000
D step=4/5 epoch=2/3 loss=0.2205 l2=0.2000 label_smoothing=0.000
D step=4/5 epoch=3/3 loss=0.2183 l2=0.2000 label_smoothing=0.000
D step=5/5 epoch=1/3 loss=0.2242 l2=0.2000 label_smoothing=0.000
D step=5/5 epoch=2/3 loss=0.2224 l2=0.2000 label_smoothing=0.000
D step=5/5 epoch=3/3 loss=0.2237 l2=0.2000 label_smoothing=0.000
ADV epoch=22/60 g_loss=0.0006 d_loss=0.2263 reward=0.1047 reward_var=0.0012 unique=0.0600
D step=1/5 epoch=1/3 loss=0.2110 l2=0.2000 label_smoothing=0.000
D step=1/5 epoch=2/3 loss=0.2104 l2=0.2000 label_smoothing=0.000
D step=1/5 epoch=3/3 loss=0.2076 l2=0.2000 label_smoothing=0.000
D step=2/5 epoch=1/3 loss=0.2408 l2=0.2000 label_smoothing=0.000
D step=2/5 epoch=2/3 loss=0.2414 l2=0.2000 label_smoothing=0.000
D step=2/5 epoch=3/3 loss=0.2434 l2=0.2000 label_smoothing=0.000
D step=3/5 epoch=1/3 loss=0.2268 l2=0.2000 label_smoothing=0.000
D step=3/5 epoch=2/3 loss=0.2280 l2=0.2000 label_smoothing=0.000
D step=3/5 epoch=3/3 loss=0.2296 l2=0.2000 label_smoothing=0.000
D step=4/5 epoch=1/3 loss=0.2274 l2=0.2000 label_smoothing=0.000
D step=4/5 epoch=2/3 loss=0.2312 l2=0.2000 label_smoothing=0.000
D step=4/5 epoch=3/3 loss=0.2309 l2=0.2000 label_smoothing=0.000
D step=5/5 epoch=1/3 loss=0.2141 l2=0.2000 label_smoothing=0.000
D step=5/5 epoch=2/3 loss=0.2134 l2=0.2000 label_smoothing=0.000
D step=5/5 epoch=3/3 loss=0.2094 l2=0.2000 label_smoothing=0.000
ADV epoch=23/60 g_loss=0.0009 d_loss=0.2244 reward=0.1377 reward_var=0.0009 unique=0.0400
D step=1/5 epoch=1/3 loss=0.2236 l2=0.2000 label_smoothing=0.000
D step=1/5 epoch=2/3 loss=0.2218 l2=0.2000 label_smoothing=0.000
D step=1/5 epoch=3/3 loss=0.2213 l2=0.2000 label_smoothing=0.000
D step=2/5 epoch=1/3 loss=0.2237 l2=0.2000 label_smoothing=0.000
D step=2/5 epoch=2/3 loss=0.2261 l2=0.2000 label_smoothing=0.000
D step=2/5 epoch=3/3 loss=0.2257 l2=0.2000 label_smoothing=0.000
D step=3/5 epoch=1/3 loss=0.2202 l2=0.2000 label_smoothing=0.000
D step=3/5 epoch=2/3 loss=0.2124 l2=0.2000 label_smoothing=0.000
D step=3/5 epoch=3/3 loss=0.2121 l2=0.2000 label_smoothing=0.000
D step=4/5 epoch=1/3 loss=0.2140 l2=0.2000 label_smoothing=0.000
D step=4/5 epoch=2/3 loss=0.2154 l2=0.2000 label_smoothing=0.000
D step=4/5 epoch=3/3 loss=0.2145 l2=0.2000 label_smoothing=0.000
D step=5/5 epoch=1/3 loss=0.2115 l2=0.2000 label_smoothing=0.000
D step=5/5 epoch=2/3 loss=0.2119 l2=0.2000 label_smoothing=0.000
D step=5/5 epoch=3/3 loss=0.2112 l2=0.2000 label_smoothing=0.000
ADV epoch=24/60 g_loss=0.0009 d_loss=0.2177 reward=0.1111 reward_var=0.0010 unique=0.0800
D step=1/5 epoch=1/3 loss=0.2369 l2=0.2000 label_smoothing=0.000
D step=1/5 epoch=2/3 loss=0.2338 l2=0.2000 label_smoothing=0.000
D step=1/5 epoch=3/3 loss=0.2344 l2=0.2000 label_smoothing=0.000
D step=2/5 epoch=1/3 loss=0.2203 l2=0.2000 label_smoothing=0.000
D step=2/5 epoch=2/3 loss=0.2181 l2=0.2000 label_smoothing=0.000
D step=2/5 epoch=3/3 loss=0.2227 l2=0.2000 label_smoothing=0.000
D step=3/5 epoch=1/3 loss=0.2117 l2=0.2000 label_smoothing=0.000
D step=3/5 epoch=2/3 loss=0.2118 l2=0.2000 label_smoothing=0.000
D step=3/5 epoch=3/3 loss=0.2136 l2=0.2000 label_smoothing=0.000
D step=4/5 epoch=1/3 loss=0.2289 l2=0.2000 label_smoothing=0.000
D step=4/5 epoch=2/3 loss=0.2282 l2=0.2000 label_smoothing=0.000
D step=4/5 epoch=3/3 loss=0.2301 l2=0.2000 label_smoothing=0.000
D step=5/5 epoch=1/3 loss=0.2054 l2=0.2000 label_smoothing=0.000
D step=5/5 epoch=2/3 loss=0.2044 l2=0.2000 label_smoothing=0.000
D step=5/5 epoch=3/3 loss=0.2077 l2=0.2000 label_smoothing=0.000
ADV epoch=25/60 g_loss=0.0005 d_loss=0.2205 reward=0.1159 reward_var=0.0005 unique=0.0600
D step=1/5 epoch=1/3 loss=0.2233 l2=0.2000 label_smoothing=0.000
D step=1/5 epoch=2/3 loss=0.2191 l2=0.2000 label_smoothing=0.000
D step=1/5 epoch=3/3 loss=0.2209 l2=0.2000 label_smoothing=0.000
D step=2/5 epoch=1/3 loss=0.2251 l2=0.2000 label_smoothing=0.000
D step=2/5 epoch=2/3 loss=0.2227 l2=0.2000 label_smoothing=0.000
D step=2/5 epoch=3/3 loss=0.2235 l2=0.2000 label_smoothing=0.000
D step=3/5 epoch=1/3 loss=0.2320 l2=0.2000 label_smoothing=0.000
D step=3/5 epoch=2/3 loss=0.2306 l2=0.2000 label_smoothing=0.000
D step=3/5 epoch=3/3 loss=0.2304 l2=0.2000 label_smoothing=0.000
D step=4/5 epoch=1/3 loss=0.2177 l2=0.2000 label_smoothing=0.000
D step=4/5 epoch=2/3 loss=0.2177 l2=0.2000 label_smoothing=0.000
D step=4/5 epoch=3/3 loss=0.2155 l2=0.2000 label_smoothing=0.000
D step=5/5 epoch=1/3 loss=0.2487 l2=0.2000 label_smoothing=0.000
D step=5/5 epoch=2/3 loss=0.2480 l2=0.2000 label_smoothing=0.000
D step=5/5 epoch=3/3 loss=0.2467 l2=0.2000 label_smoothing=0.000
ADV epoch=26/60 g_loss=0.0004 d_loss=0.2281 reward=0.1144 reward_var=0.0003 unique=0.1000
D step=1/5 epoch=1/3 loss=0.2360 l2=0.2000 label_smoothing=0.000
D step=1/5 epoch=2/3 loss=0.2243 l2=0.2000 label_smoothing=0.000
D step=1/5 epoch=3/3 loss=0.2258 l2=0.2000 label_smoothing=0.000
D step=2/5 epoch=1/3 loss=0.2140 l2=0.2000 label_smoothing=0.000
D step=2/5 epoch=2/3 loss=0.2153 l2=0.2000 label_smoothing=0.000
D step=2/5 epoch=3/3 loss=0.2140 l2=0.2000 label_smoothing=0.000
D step=3/5 epoch=1/3 loss=0.2115 l2=0.2000 label_smoothing=0.000
D step=3/5 epoch=2/3 loss=0.2123 l2=0.2000 label_smoothing=0.000
D step=3/5 epoch=3/3 loss=0.2096 l2=0.2000 label_smoothing=0.000
D step=4/5 epoch=1/3 loss=0.2418 l2=0.2000 label_smoothing=0.000
D step=4/5 epoch=2/3 loss=0.2302 l2=0.2000 label_smoothing=0.000
D step=4/5 epoch=3/3 loss=0.2396 l2=0.2000 label_smoothing=0.000
D step=5/5 epoch=1/3 loss=0.2186 l2=0.2000 label_smoothing=0.000
D step=5/5 epoch=2/3 loss=0.2204 l2=0.2000 label_smoothing=0.000
D step=5/5 epoch=3/3 loss=0.2162 l2=0.2000 label_smoothing=0.000
ADV epoch=27/60 g_loss=0.0005 d_loss=0.2220 reward=0.1530 reward_var=0.0002 unique=0.1200
D step=1/5 epoch=1/3 loss=0.2149 l2=0.2000 label_smoothing=0.000
D step=1/5 epoch=2/3 loss=0.2121 l2=0.2000 label_smoothing=0.000
D step=1/5 epoch=3/3 loss=0.2132 l2=0.2000 label_smoothing=0.000
D step=2/5 epoch=1/3 loss=0.2102 l2=0.2000 label_smoothing=0.000
D step=2/5 epoch=2/3 loss=0.2047 l2=0.2000 label_smoothing=0.000
D step=2/5 epoch=3/3 loss=0.2076 l2=0.2000 label_smoothing=0.000
D step=3/5 epoch=1/3 loss=0.2323 l2=0.2000 label_smoothing=0.000
D step=3/5 epoch=2/3 loss=0.2324 l2=0.2000 label_smoothing=0.000
D step=3/5 epoch=3/3 loss=0.2346 l2=0.2000 label_smoothing=0.000
D step=4/5 epoch=1/3 loss=0.2322 l2=0.2000 label_smoothing=0.000
D step=4/5 epoch=2/3 loss=0.2322 l2=0.2000 label_smoothing=0.000
D step=4/5 epoch=3/3 loss=0.2314 l2=0.2000 label_smoothing=0.000
D step=5/5 epoch=1/3 loss=0.2212 l2=0.2000 label_smoothing=0.000
D step=5/5 epoch=2/3 loss=0.2218 l2=0.2000 label_smoothing=0.000
D step=5/5 epoch=3/3 loss=0.2211 l2=0.2000 label_smoothing=0.000
ADV epoch=28/60 g_loss=0.0004 d_loss=0.2215 reward=0.1292 reward_var=0.0007 unique=0.0800
D step=1/5 epoch=1/3 loss=0.2272 l2=0.2000 label_smoothing=0.000
D step=1/5 epoch=2/3 loss=0.2239 l2=0.2000 label_smoothing=0.000
D step=1/5 epoch=3/3 loss=0.2277 l2=0.2000 label_smoothing=0.000
D step=2/5 epoch=1/3 loss=0.2367 l2=0.2000 label_smoothing=0.000
D step=2/5 epoch=2/3 loss=0.2356 l2=0.2000 label_smoothing=0.000
D step=2/5 epoch=3/3 loss=0.2350 l2=0.2000 label_smoothing=0.000
D step=3/5 epoch=1/3 loss=0.2331 l2=0.2000 label_smoothing=0.000
D step=3/5 epoch=2/3 loss=0.2322 l2=0.2000 label_smoothing=0.000
D step=3/5 epoch=3/3 loss=0.2341 l2=0.2000 label_smoothing=0.000
D step=4/5 epoch=1/3 loss=0.2486 l2=0.2000 label_smoothing=0.000
D step=4/5 epoch=2/3 loss=0.2474 l2=0.2000 label_smoothing=0.000
D step=4/5 epoch=3/3 loss=0.2472 l2=0.2000 label_smoothing=0.000
D step=5/5 epoch=1/3 loss=0.2246 l2=0.2000 label_smoothing=0.000
D step=5/5 epoch=2/3 loss=0.2235 l2=0.2000 label_smoothing=0.000
D step=5/5 epoch=3/3 loss=0.2228 l2=0.2000 label_smoothing=0.000
ADV epoch=29/60 g_loss=0.0005 d_loss=0.2333 reward=0.1248 reward_var=0.0005 unique=0.1000
D step=1/5 epoch=1/3 loss=0.2346 l2=0.2000 label_smoothing=0.000
D step=1/5 epoch=2/3 loss=0.2307 l2=0.2000 label_smoothing=0.000
D step=1/5 epoch=3/3 loss=0.2338 l2=0.2000 label_smoothing=0.000
D step=2/5 epoch=1/3 loss=0.2316 l2=0.2000 label_smoothing=0.000
D step=2/5 epoch=2/3 loss=0.2331 l2=0.2000 label_smoothing=0.000
D step=2/5 epoch=3/3 loss=0.2334 l2=0.2000 label_smoothing=0.000
D step=3/5 epoch=1/3 loss=0.2112 l2=0.2000 label_smoothing=0.000
D step=3/5 epoch=2/3 loss=0.2114 l2=0.2000 label_smoothing=0.000
D step=3/5 epoch=3/3 loss=0.2107 l2=0.2000 label_smoothing=0.000
D step=4/5 epoch=1/3 loss=0.2234 l2=0.2000 label_smoothing=0.000
D step=4/5 epoch=2/3 loss=0.2255 l2=0.2000 label_smoothing=0.000
D step=4/5 epoch=3/3 loss=0.2252 l2=0.2000 label_smoothing=0.000
D step=5/5 epoch=1/3 loss=0.2289 l2=0.2000 label_smoothing=0.000
D step=5/5 epoch=2/3 loss=0.2281 l2=0.2000 label_smoothing=0.000
D step=5/5 epoch=3/3 loss=0.2279 l2=0.2000 label_smoothing=0.000
ADV epoch=30/60 g_loss=0.0004 d_loss=0.2260 reward=0.1334 reward_var=0.0009 unique=0.0600
D step=1/5 epoch=1/3 loss=0.2294 l2=0.2000 label_smoothing=0.000
D step=1/5 epoch=2/3 loss=0.2287 l2=0.2000 label_smoothing=0.000
D step=1/5 epoch=3/3 loss=0.2271 l2=0.2000 label_smoothing=0.000
D step=2/5 epoch=1/3 loss=0.2263 l2=0.2000 label_smoothing=0.000
D step=2/5 epoch=2/3 loss=0.2213 l2=0.2000 label_smoothing=0.000
D step=2/5 epoch=3/3 loss=0.2219 l2=0.2000 label_smoothing=0.000
D step=3/5 epoch=1/3 loss=0.2407 l2=0.2000 label_smoothing=0.000
D step=3/5 epoch=2/3 loss=0.2372 l2=0.2000 label_smoothing=0.000
D step=3/5 epoch=3/3 loss=0.2384 l2=0.2000 label_smoothing=0.000
D step=4/5 epoch=1/3 loss=0.2434 l2=0.2000 label_smoothing=0.000
D step=4/5 epoch=2/3 loss=0.2315 l2=0.2000 label_smoothing=0.000
D step=4/5 epoch=3/3 loss=0.2277 l2=0.2000 label_smoothing=0.000
D step=5/5 epoch=1/3 loss=0.2348 l2=0.2000 label_smoothing=0.000
D step=5/5 epoch=2/3 loss=0.2379 l2=0.2000 label_smoothing=0.000
D step=5/5 epoch=3/3 loss=0.2372 l2=0.2000 label_smoothing=0.000
ADV epoch=31/60 g_loss=0.0004 d_loss=0.2322 reward=0.1424 reward_var=0.0004 unique=0.0600
D step=1/5 epoch=1/3 loss=0.2178 l2=0.2000 label_smoothing=0.000
D step=1/5 epoch=2/3 loss=0.2135 l2=0.2000 label_smoothing=0.000
D step=1/5 epoch=3/3 loss=0.2150 l2=0.2000 label_smoothing=0.000
D step=2/5 epoch=1/3 loss=0.2204 l2=0.2000 label_smoothing=0.000
D step=2/5 epoch=2/3 loss=0.2186 l2=0.2000 label_smoothing=0.000
D step=2/5 epoch=3/3 loss=0.2198 l2=0.2000 label_smoothing=0.000
D step=3/5 epoch=1/3 loss=0.2201 l2=0.2000 label_smoothing=0.000
D step=3/5 epoch=2/3 loss=0.2189 l2=0.2000 label_smoothing=0.000
D step=3/5 epoch=3/3 loss=0.2192 l2=0.2000 label_smoothing=0.000
D step=4/5 epoch=1/3 loss=0.2228 l2=0.2000 label_smoothing=0.000
D step=4/5 epoch=2/3 loss=0.2237 l2=0.2000 label_smoothing=0.000
D step=4/5 epoch=3/3 loss=0.2252 l2=0.2000 label_smoothing=0.000
D step=5/5 epoch=1/3 loss=0.2309 l2=0.2000 label_smoothing=0.000
D step=5/5 epoch=2/3 loss=0.2313 l2=0.2000 label_smoothing=0.000
D step=5/5 epoch=3/3 loss=0.2332 l2=0.2000 label_smoothing=0.000
ADV epoch=32/60 g_loss=0.0003 d_loss=0.2220 reward=0.1375 reward_var=0.0004 unique=0.1000
D step=1/5 epoch=1/3 loss=0.2296 l2=0.2000 label_smoothing=0.000
D step=1/5 epoch=2/3 loss=0.2306 l2=0.2000 label_smoothing=0.000
D step=1/5 epoch=3/3 loss=0.2311 l2=0.2000 label_smoothing=0.000
D step=2/5 epoch=1/3 loss=0.2212 l2=0.2000 label_smoothing=0.000
D step=2/5 epoch=2/3 loss=0.2210 l2=0.2000 label_smoothing=0.000
D step=2/5 epoch=3/3 loss=0.2212 l2=0.2000 label_smoothing=0.000
D step=3/5 epoch=1/3 loss=0.2339 l2=0.2000 label_smoothing=0.000
D step=3/5 epoch=2/3 loss=0.2326 l2=0.2000 label_smoothing=0.000
D step=3/5 epoch=3/3 loss=0.2352 l2=0.2000 label_smoothing=0.000
D step=4/5 epoch=1/3 loss=0.2203 l2=0.2000 label_smoothing=0.000
D step=4/5 epoch=2/3 loss=0.2182 l2=0.2000 label_smoothing=0.000
D step=4/5 epoch=3/3 loss=0.2172 l2=0.2000 label_smoothing=0.000
D step=5/5 epoch=1/3 loss=0.2224 l2=0.2000 label_smoothing=0.000
D step=5/5 epoch=2/3 loss=0.2219 l2=0.2000 label_smoothing=0.000
D step=5/5 epoch=3/3 loss=0.2229 l2=0.2000 label_smoothing=0.000
ADV epoch=33/60 g_loss=0.0009 d_loss=0.2253 reward=0.1340 reward_var=0.0006 unique=0.0400
D step=1/5 epoch=1/3 loss=0.2333 l2=0.2000 label_smoothing=0.000
D step=1/5 epoch=2/3 loss=0.2243 l2=0.2000 label_smoothing=0.000
D step=1/5 epoch=3/3 loss=0.2282 l2=0.2000 label_smoothing=0.000
D step=2/5 epoch=1/3 loss=0.2384 l2=0.2000 label_smoothing=0.000
D step=2/5 epoch=2/3 loss=0.2385 l2=0.2000 label_smoothing=0.000
D step=2/5 epoch=3/3 loss=0.2403 l2=0.2000 label_smoothing=0.000
D step=3/5 epoch=1/3 loss=0.2299 l2=0.2000 label_smoothing=0.000
D step=3/5 epoch=2/3 loss=0.2295 l2=0.2000 label_smoothing=0.000
D step=3/5 epoch=3/3 loss=0.2269 l2=0.2000 label_smoothing=0.000
D step=4/5 epoch=1/3 loss=0.2301 l2=0.2000 label_smoothing=0.000
D step=4/5 epoch=2/3 loss=0.2317 l2=0.2000 label_smoothing=0.000
D step=4/5 epoch=3/3 loss=0.2312 l2=0.2000 label_smoothing=0.000
D step=5/5 epoch=1/3 loss=0.2176 l2=0.2000 label_smoothing=0.000
D step=5/5 epoch=2/3 loss=0.2156 l2=0.2000 label_smoothing=0.000
D step=5/5 epoch=3/3 loss=0.2172 l2=0.2000 label_smoothing=0.000
ADV epoch=34/60 g_loss=0.0009 d_loss=0.2289 reward=0.1278 reward_var=0.0004 unique=0.0200
D step=1/5 epoch=1/3 loss=0.2311 l2=0.2000 label_smoothing=0.000
D step=1/5 epoch=2/3 loss=0.2285 l2=0.2000 label_smoothing=0.000
D step=1/5 epoch=3/3 loss=0.2311 l2=0.2000 label_smoothing=0.000
D step=2/5 epoch=1/3 loss=0.2217 l2=0.2000 label_smoothing=0.000
D step=2/5 epoch=2/3 loss=0.2212 l2=0.2000 label_smoothing=0.000
D step=2/5 epoch=3/3 loss=0.2204 l2=0.2000 label_smoothing=0.000
D step=3/5 epoch=1/3 loss=0.2331 l2=0.2000 label_smoothing=0.000
D step=3/5 epoch=2/3 loss=0.2339 l2=0.2000 label_smoothing=0.000
D step=3/5 epoch=3/3 loss=0.2331 l2=0.2000 label_smoothing=0.000
D step=4/5 epoch=1/3 loss=0.2162 l2=0.2000 label_smoothing=0.000
D step=4/5 epoch=2/3 loss=0.2168 l2=0.2000 label_smoothing=0.000
D step=4/5 epoch=3/3 loss=0.2152 l2=0.2000 label_smoothing=0.000
D step=5/5 epoch=1/3 loss=0.2320 l2=0.2000 label_smoothing=0.000
D step=5/5 epoch=2/3 loss=0.2316 l2=0.2000 label_smoothing=0.000
D step=5/5 epoch=3/3 loss=0.2305 l2=0.2000 label_smoothing=0.000
ADV epoch=35/60 g_loss=0.0003 d_loss=0.2264 reward=0.1190 reward_var=0.0004 unique=0.0600
D step=1/5 epoch=1/3 loss=0.2216 l2=0.2000 label_smoothing=0.000
D step=1/5 epoch=2/3 loss=0.2212 l2=0.2000 label_smoothing=0.000
D step=1/5 epoch=3/3 loss=0.2211 l2=0.2000 label_smoothing=0.000
D step=2/5 epoch=1/3 loss=0.2292 l2=0.2000 label_smoothing=0.000
D step=2/5 epoch=2/3 loss=0.2292 l2=0.2000 label_smoothing=0.000
D step=2/5 epoch=3/3 loss=0.2282 l2=0.2000 label_smoothing=0.000
D step=3/5 epoch=1/3 loss=0.2276 l2=0.2000 label_smoothing=0.000
D step=3/5 epoch=2/3 loss=0.2272 l2=0.2000 label_smoothing=0.000
D step=3/5 epoch=3/3 loss=0.2262 l2=0.2000 label_smoothing=0.000
D step=4/5 epoch=1/3 loss=0.2212 l2=0.2000 label_smoothing=0.000
D step=4/5 epoch=2/3 loss=0.2218 l2=0.2000 label_smoothing=0.000
D step=4/5 epoch=3/3 loss=0.2208 l2=0.2000 label_smoothing=0.000
D step=5/5 epoch=1/3 loss=0.2097 l2=0.2000 label_smoothing=0.000
D step=5/5 epoch=2/3 loss=0.2115 l2=0.2000 label_smoothing=0.000
D step=5/5 epoch=3/3 loss=0.2117 l2=0.2000 label_smoothing=0.000
ADV epoch=36/60 g_loss=0.0003 d_loss=0.2219 reward=0.1474 reward_var=0.0006 unique=0.0400
D step=1/5 epoch=1/3 loss=0.2308 l2=0.2000 label_smoothing=0.000
D step=1/5 epoch=2/3 loss=0.2255 l2=0.2000 label_smoothing=0.000
D step=1/5 epoch=3/3 loss=0.2268 l2=0.2000 label_smoothing=0.000
D step=2/5 epoch=1/3 loss=0.2193 l2=0.2000 label_smoothing=0.000
D step=2/5 epoch=2/3 loss=0.2139 l2=0.2000 label_smoothing=0.000
D step=2/5 epoch=3/3 loss=0.2172 l2=0.2000 label_smoothing=0.000
D step=3/5 epoch=1/3 loss=0.2350 l2=0.2000 label_smoothing=0.000
D step=3/5 epoch=2/3 loss=0.2360 l2=0.2000 label_smoothing=0.000
D step=3/5 epoch=3/3 loss=0.2360 l2=0.2000 label_smoothing=0.000
D step=4/5 epoch=1/3 loss=0.2215 l2=0.2000 label_smoothing=0.000
D step=4/5 epoch=2/3 loss=0.2236 l2=0.2000 label_smoothing=0.000
D step=4/5 epoch=3/3 loss=0.2228 l2=0.2000 label_smoothing=0.000
D step=5/5 epoch=1/3 loss=0.2215 l2=0.2000 label_smoothing=0.000
D step=5/5 epoch=2/3 loss=0.2196 l2=0.2000 label_smoothing=0.000
D step=5/5 epoch=3/3 loss=0.2193 l2=0.2000 label_smoothing=0.000
ADV epoch=37/60 g_loss=0.0003 d_loss=0.2246 reward=0.1223 reward_var=0.0007 unique=0.0600
D step=1/5 epoch=1/3 loss=0.2330 l2=0.2000 label_smoothing=0.000
D step=1/5 epoch=2/3 loss=0.2310 l2=0.2000 label_smoothing=0.000
D step=1/5 epoch=3/3 loss=0.2315 l2=0.2000 label_smoothing=0.000
D step=2/5 epoch=1/3 loss=0.2297 l2=0.2000 label_smoothing=0.000
D step=2/5 epoch=2/3 loss=0.2282 l2=0.2000 label_smoothing=0.000
D step=2/5 epoch=3/3 loss=0.2298 l2=0.2000 label_smoothing=0.000
D step=3/5 epoch=1/3 loss=0.2225 l2=0.2000 label_smoothing=0.000
D step=3/5 epoch=2/3 loss=0.2241 l2=0.2000 label_smoothing=0.000
D step=3/5 epoch=3/3 loss=0.2248 l2=0.2000 label_smoothing=0.000
D step=4/5 epoch=1/3 loss=0.2212 l2=0.2000 label_smoothing=0.000
D step=4/5 epoch=2/3 loss=0.2187 l2=0.2000 label_smoothing=0.000
D step=4/5 epoch=3/3 loss=0.2201 l2=0.2000 label_smoothing=0.000
D step=5/5 epoch=1/3 loss=0.2373 l2=0.2000 label_smoothing=0.000
D step=5/5 epoch=2/3 loss=0.2349 l2=0.2000 label_smoothing=0.000
D step=5/5 epoch=3/3 loss=0.2345 l2=0.2000 label_smoothing=0.000
ADV epoch=38/60 g_loss=0.0002 d_loss=0.2281 reward=0.1238 reward_var=0.0001 unique=0.0400
D step=1/5 epoch=1/3 loss=0.2287 l2=0.2000 label_smoothing=0.000
D step=1/5 epoch=2/3 loss=0.2284 l2=0.2000 label_smoothing=0.000
D step=1/5 epoch=3/3 loss=0.2273 l2=0.2000 label_smoothing=0.000
D step=2/5 epoch=1/3 loss=0.2073 l2=0.2000 label_smoothing=0.000
D step=2/5 epoch=2/3 loss=0.2085 l2=0.2000 label_smoothing=0.000
D step=2/5 epoch=3/3 loss=0.2092 l2=0.2000 label_smoothing=0.000
D step=3/5 epoch=1/3 loss=0.2248 l2=0.2000 label_smoothing=0.000
D step=3/5 epoch=2/3 loss=0.2236 l2=0.2000 label_smoothing=0.000
D step=3/5 epoch=3/3 loss=0.2268 l2=0.2000 label_smoothing=0.000
D step=4/5 epoch=1/3 loss=0.2187 l2=0.2000 label_smoothing=0.000
D step=4/5 epoch=2/3 loss=0.2205 l2=0.2000 label_smoothing=0.000
D step=4/5 epoch=3/3 loss=0.2195 l2=0.2000 label_smoothing=0.000
D step=5/5 epoch=1/3 loss=0.2307 l2=0.2000 label_smoothing=0.000
D step=5/5 epoch=2/3 loss=0.2313 l2=0.2000 label_smoothing=0.000
D step=5/5 epoch=3/3 loss=0.2328 l2=0.2000 label_smoothing=0.000
ADV epoch=39/60 g_loss=0.0003 d_loss=0.2225 reward=0.1412 reward_var=0.0003 unique=0.0400
D step=1/5 epoch=1/3 loss=0.2176 l2=0.2000 label_smoothing=0.000
D step=1/5 epoch=2/3 loss=0.2153 l2=0.2000 label_smoothing=0.000
D step=1/5 epoch=3/3 loss=0.2122 l2=0.2000 label_smoothing=0.000
D step=2/5 epoch=1/3 loss=0.2277 l2=0.2000 label_smoothing=0.000
D step=2/5 epoch=2/3 loss=0.2288 l2=0.2000 label_smoothing=0.000
D step=2/5 epoch=3/3 loss=0.2286 l2=0.2000 label_smoothing=0.000
D step=3/5 epoch=1/3 loss=0.2398 l2=0.2000 label_smoothing=0.000
D step=3/5 epoch=2/3 loss=0.2417 l2=0.2000 label_smoothing=0.000
D step=3/5 epoch=3/3 loss=0.2405 l2=0.2000 label_smoothing=0.000
D step=4/5 epoch=1/3 loss=0.2254 l2=0.2000 label_smoothing=0.000
D step=4/5 epoch=2/3 loss=0.2232 l2=0.2000 label_smoothing=0.000
D step=4/5 epoch=3/3 loss=0.2243 l2=0.2000 label_smoothing=0.000
D step=5/5 epoch=1/3 loss=0.2243 l2=0.2000 label_smoothing=0.000
D step=5/5 epoch=2/3 loss=0.2255 l2=0.2000 label_smoothing=0.000
D step=5/5 epoch=3/3 loss=0.2242 l2=0.2000 label_smoothing=0.000
ADV epoch=40/60 g_loss=0.0003 d_loss=0.2266 reward=0.1385 reward_var=0.0004 unique=0.0400
D step=1/5 epoch=1/3 loss=0.2291 l2=0.2000 label_smoothing=0.000
D step=1/5 epoch=2/3 loss=0.2272 l2=0.2000 label_smoothing=0.000
D step=1/5 epoch=3/3 loss=0.2267 l2=0.2000 label_smoothing=0.000
D step=2/5 epoch=1/3 loss=0.2239 l2=0.2000 label_smoothing=0.000
D step=2/5 epoch=2/3 loss=0.2226 l2=0.2000 label_smoothing=0.000
D step=2/5 epoch=3/3 loss=0.2234 l2=0.2000 label_smoothing=0.000
D step=3/5 epoch=1/3 loss=0.2234 l2=0.2000 label_smoothing=0.000
D step=3/5 epoch=2/3 loss=0.2246 l2=0.2000 label_smoothing=0.000
D step=3/5 epoch=3/3 loss=0.2233 l2=0.2000 label_smoothing=0.000
D step=4/5 epoch=1/3 loss=0.2323 l2=0.2000 label_smoothing=0.000
D step=4/5 epoch=2/3 loss=0.2240 l2=0.2000 label_smoothing=0.000
D step=4/5 epoch=3/3 loss=0.2277 l2=0.2000 label_smoothing=0.000
D step=5/5 epoch=1/3 loss=0.2333 l2=0.2000 label_smoothing=0.000
D step=5/5 epoch=2/3 loss=0.2279 l2=0.2000 label_smoothing=0.000
D step=5/5 epoch=3/3 loss=0.2303 l2=0.2000 label_smoothing=0.000
ADV epoch=41/60 g_loss=0.0132 d_loss=0.2266 reward=0.1311 reward_var=0.0025 unique=0.0600
D step=1/5 epoch=1/3 loss=0.2277 l2=0.2000 label_smoothing=0.000
D step=1/5 epoch=2/3 loss=0.2275 l2=0.2000 label_smoothing=0.000
D step=1/5 epoch=3/3 loss=0.2289 l2=0.2000 label_smoothing=0.000
D step=2/5 epoch=1/3 loss=0.2390 l2=0.2000 label_smoothing=0.000
D step=2/5 epoch=2/3 loss=0.2330 l2=0.2000 label_smoothing=0.000
D step=2/5 epoch=3/3 loss=0.2354 l2=0.2000 label_smoothing=0.000
D step=3/5 epoch=1/3 loss=0.2282 l2=0.2000 label_smoothing=0.000
D step=3/5 epoch=2/3 loss=0.2277 l2=0.2000 label_smoothing=0.000
D step=3/5 epoch=3/3 loss=0.2264 l2=0.2000 label_smoothing=0.000
D step=4/5 epoch=1/3 loss=0.2439 l2=0.2000 label_smoothing=0.000
D step=4/5 epoch=2/3 loss=0.2409 l2=0.2000 label_smoothing=0.000
D step=4/5 epoch=3/3 loss=0.2428 l2=0.2000 label_smoothing=0.000
D step=5/5 epoch=1/3 loss=0.2205 l2=0.2000 label_smoothing=0.000
D step=5/5 epoch=2/3 loss=0.2213 l2=0.2000 label_smoothing=0.000
D step=5/5 epoch=3/3 loss=0.2231 l2=0.2000 label_smoothing=0.000
ADV epoch=42/60 g_loss=0.0002 d_loss=0.2311 reward=0.1338 reward_var=0.0003 unique=0.0600
D step=1/5 epoch=1/3 loss=0.2298 l2=0.2000 label_smoothing=0.000
D step=1/5 epoch=2/3 loss=0.2320 l2=0.2000 label_smoothing=0.000
D step=1/5 epoch=3/3 loss=0.2320 l2=0.2000 label_smoothing=0.000
D step=2/5 epoch=1/3 loss=0.2258 l2=0.2000 label_smoothing=0.000
D step=2/5 epoch=2/3 loss=0.2269 l2=0.2000 label_smoothing=0.000
D step=2/5 epoch=3/3 loss=0.2237 l2=0.2000 label_smoothing=0.000
D step=3/5 epoch=1/3 loss=0.2302 l2=0.2000 label_smoothing=0.000
D step=3/5 epoch=2/3 loss=0.2258 l2=0.2000 label_smoothing=0.000
D step=3/5 epoch=3/3 loss=0.2268 l2=0.2000 label_smoothing=0.000
D step=4/5 epoch=1/3 loss=0.2320 l2=0.2000 label_smoothing=0.000
D step=4/5 epoch=2/3 loss=0.2330 l2=0.2000 label_smoothing=0.000
D step=4/5 epoch=3/3 loss=0.2315 l2=0.2000 label_smoothing=0.000
D step=5/5 epoch=1/3 loss=0.2198 l2=0.2000 label_smoothing=0.000
D step=5/5 epoch=2/3 loss=0.2194 l2=0.2000 label_smoothing=0.000
D step=5/5 epoch=3/3 loss=0.2195 l2=0.2000 label_smoothing=0.000
ADV epoch=43/60 g_loss=0.0064 d_loss=0.2272 reward=0.1339 reward_var=0.0007 unique=0.1000
D step=1/5 epoch=1/3 loss=0.2321 l2=0.2000 label_smoothing=0.000
D step=1/5 epoch=2/3 loss=0.2322 l2=0.2000 label_smoothing=0.000
D step=1/5 epoch=3/3 loss=0.2324 l2=0.2000 label_smoothing=0.000
D step=2/5 epoch=1/3 loss=0.2647 l2=0.2000 label_smoothing=0.000
D step=2/5 epoch=2/3 loss=0.2450 l2=0.2000 label_smoothing=0.000
D step=2/5 epoch=3/3 loss=0.2441 l2=0.2000 label_smoothing=0.000
D step=3/5 epoch=1/3 loss=0.2382 l2=0.2000 label_smoothing=0.000
D step=3/5 epoch=2/3 loss=0.2213 l2=0.2000 label_smoothing=0.000
D step=3/5 epoch=3/3 loss=0.2193 l2=0.2000 label_smoothing=0.000
D step=4/5 epoch=1/3 loss=0.2213 l2=0.2000 label_smoothing=0.000
D step=4/5 epoch=2/3 loss=0.2193 l2=0.2000 label_smoothing=0.000
D step=4/5 epoch=3/3 loss=0.2214 l2=0.2000 label_smoothing=0.000
D step=5/5 epoch=1/3 loss=0.2108 l2=0.2000 label_smoothing=0.000
D step=5/5 epoch=2/3 loss=0.2126 l2=0.2000 label_smoothing=0.000
D step=5/5 epoch=3/3 loss=0.2127 l2=0.2000 label_smoothing=0.000
ADV epoch=44/60 g_loss=0.0002 d_loss=0.2285 reward=0.1285 reward_var=0.0001 unique=0.0400
D step=1/5 epoch=1/3 loss=0.2102 l2=0.2000 label_smoothing=0.000
D step=1/5 epoch=2/3 loss=0.2049 l2=0.2000 label_smoothing=0.000
D step=1/5 epoch=3/3 loss=0.2049 l2=0.2000 label_smoothing=0.000
D step=2/5 epoch=1/3 loss=0.2200 l2=0.2000 label_smoothing=0.000
D step=2/5 epoch=2/3 loss=0.2205 l2=0.2000 label_smoothing=0.000
D step=2/5 epoch=3/3 loss=0.2217 l2=0.2000 label_smoothing=0.000
D step=3/5 epoch=1/3 loss=0.2407 l2=0.2000 label_smoothing=0.000
D step=3/5 epoch=2/3 loss=0.2386 l2=0.2000 label_smoothing=0.000
D step=3/5 epoch=3/3 loss=0.2381 l2=0.2000 label_smoothing=0.000
D step=4/5 epoch=1/3 loss=0.2396 l2=0.2000 label_smoothing=0.000
D step=4/5 epoch=2/3 loss=0.2387 l2=0.2000 label_smoothing=0.000
D step=4/5 epoch=3/3 loss=0.2420 l2=0.2000 label_smoothing=0.000
D step=5/5 epoch=1/3 loss=0.2207 l2=0.2000 label_smoothing=0.000
D step=5/5 epoch=2/3 loss=0.2140 l2=0.2000 label_smoothing=0.000
D step=5/5 epoch=3/3 loss=0.2150 l2=0.2000 label_smoothing=0.000
ADV epoch=45/60 g_loss=0.0002 d_loss=0.2246 reward=0.1248 reward_var=0.0000 unique=0.0400
D step=1/5 epoch=1/3 loss=0.2381 l2=0.2000 label_smoothing=0.000
D step=1/5 epoch=2/3 loss=0.2362 l2=0.2000 label_smoothing=0.000
D step=1/5 epoch=3/3 loss=0.2363 l2=0.2000 label_smoothing=0.000
D step=2/5 epoch=1/3 loss=0.2266 l2=0.2000 label_smoothing=0.000
D step=2/5 epoch=2/3 loss=0.2285 l2=0.2000 label_smoothing=0.000
D step=2/5 epoch=3/3 loss=0.2249 l2=0.2000 label_smoothing=0.000
D step=3/5 epoch=1/3 loss=0.2159 l2=0.2000 label_smoothing=0.000
D step=3/5 epoch=2/3 loss=0.2143 l2=0.2000 label_smoothing=0.000
D step=3/5 epoch=3/3 loss=0.2145 l2=0.2000 label_smoothing=0.000
D step=4/5 epoch=1/3 loss=0.2473 l2=0.2000 label_smoothing=0.000
D step=4/5 epoch=2/3 loss=0.2481 l2=0.2000 label_smoothing=0.000
D step=4/5 epoch=3/3 loss=0.2466 l2=0.2000 label_smoothing=0.000
D step=5/5 epoch=1/3 loss=0.2355 l2=0.2000 label_smoothing=0.000
D step=5/5 epoch=2/3 loss=0.2362 l2=0.2000 label_smoothing=0.000
D step=5/5 epoch=3/3 loss=0.2325 l2=0.2000 label_smoothing=0.000
ADV epoch=46/60 g_loss=0.0002 d_loss=0.2321 reward=0.1201 reward_var=0.0002 unique=0.1000
D step=1/5 epoch=1/3 loss=0.2189 l2=0.2000 label_smoothing=0.000
D step=1/5 epoch=2/3 loss=0.2135 l2=0.2000 label_smoothing=0.000
D step=1/5 epoch=3/3 loss=0.2167 l2=0.2000 label_smoothing=0.000
D step=2/5 epoch=1/3 loss=0.2272 l2=0.2000 label_smoothing=0.000
D step=2/5 epoch=2/3 loss=0.2272 l2=0.2000 label_smoothing=0.000
D step=2/5 epoch=3/3 loss=0.2269 l2=0.2000 label_smoothing=0.000
D step=3/5 epoch=1/3 loss=0.2342 l2=0.2000 label_smoothing=0.000
D step=3/5 epoch=2/3 loss=0.2374 l2=0.2000 label_smoothing=0.000
D step=3/5 epoch=3/3 loss=0.2373 l2=0.2000 label_smoothing=0.000
D step=4/5 epoch=1/3 loss=0.2353 l2=0.2000 label_smoothing=0.000
D step=4/5 epoch=2/3 loss=0.2304 l2=0.2000 label_smoothing=0.000
D step=4/5 epoch=3/3 loss=0.2316 l2=0.2000 label_smoothing=0.000
D step=5/5 epoch=1/3 loss=0.2640 l2=0.2000 label_smoothing=0.000
D step=5/5 epoch=2/3 loss=0.2288 l2=0.2000 label_smoothing=0.000
D step=5/5 epoch=3/3 loss=0.2278 l2=0.2000 label_smoothing=0.000
ADV epoch=47/60 g_loss=0.0007 d_loss=0.2305 reward=0.1407 reward_var=0.0001 unique=0.0400
D step=1/5 epoch=1/3 loss=0.2138 l2=0.2000 label_smoothing=0.000
D step=1/5 epoch=2/3 loss=0.2166 l2=0.2000 label_smoothing=0.000
D step=1/5 epoch=3/3 loss=0.2149 l2=0.2000 label_smoothing=0.000
D step=2/5 epoch=1/3 loss=0.2235 l2=0.2000 label_smoothing=0.000
D step=2/5 epoch=2/3 loss=0.2224 l2=0.2000 label_smoothing=0.000
D step=2/5 epoch=3/3 loss=0.2216 l2=0.2000 label_smoothing=0.000
D step=3/5 epoch=1/3 loss=0.2308 l2=0.2000 label_smoothing=0.000
D step=3/5 epoch=2/3 loss=0.2338 l2=0.2000 label_smoothing=0.000
D step=3/5 epoch=3/3 loss=0.2319 l2=0.2000 label_smoothing=0.000
D step=4/5 epoch=1/3 loss=0.2329 l2=0.2000 label_smoothing=0.000
D step=4/5 epoch=2/3 loss=0.2312 l2=0.2000 label_smoothing=0.000
D step=4/5 epoch=3/3 loss=0.2305 l2=0.2000 label_smoothing=0.000
D step=5/5 epoch=1/3 loss=0.2249 l2=0.2000 label_smoothing=0.000
D step=5/5 epoch=2/3 loss=0.2248 l2=0.2000 label_smoothing=0.000
D step=5/5 epoch=3/3 loss=0.2249 l2=0.2000 label_smoothing=0.000
ADV epoch=48/60 g_loss=0.0002 d_loss=0.2252 reward=0.1383 reward_var=0.0001 unique=0.0600
D step=1/5 epoch=1/3 loss=0.2419 l2=0.2000 label_smoothing=0.000
D step=1/5 epoch=2/3 loss=0.2438 l2=0.2000 label_smoothing=0.000
D step=1/5 epoch=3/3 loss=0.2429 l2=0.2000 label_smoothing=0.000
D step=2/5 epoch=1/3 loss=0.2164 l2=0.2000 label_smoothing=0.000
D step=2/5 epoch=2/3 loss=0.2162 l2=0.2000 label_smoothing=0.000
D step=2/5 epoch=3/3 loss=0.2149 l2=0.2000 label_smoothing=0.000
D step=3/5 epoch=1/3 loss=0.2516 l2=0.2000 label_smoothing=0.000
D step=3/5 epoch=2/3 loss=0.2506 l2=0.2000 label_smoothing=0.000
D step=3/5 epoch=3/3 loss=0.2512 l2=0.2000 label_smoothing=0.000
D step=4/5 epoch=1/3 loss=0.2194 l2=0.2000 label_smoothing=0.000
D step=4/5 epoch=2/3 loss=0.2195 l2=0.2000 label_smoothing=0.000
D step=4/5 epoch=3/3 loss=0.2183 l2=0.2000 label_smoothing=0.000
D step=5/5 epoch=1/3 loss=0.2281 l2=0.2000 label_smoothing=0.000
D step=5/5 epoch=2/3 loss=0.2273 l2=0.2000 label_smoothing=0.000
D step=5/5 epoch=3/3 loss=0.2277 l2=0.2000 label_smoothing=0.000
ADV epoch=49/60 g_loss=0.0002 d_loss=0.2313 reward=0.1295 reward_var=0.0002 unique=0.0400
D step=1/5 epoch=1/3 loss=0.2263 l2=0.2000 label_smoothing=0.000
D step=1/5 epoch=2/3 loss=0.2253 l2=0.2000 label_smoothing=0.000
D step=1/5 epoch=3/3 loss=0.2246 l2=0.2000 label_smoothing=0.000
D step=2/5 epoch=1/3 loss=0.2240 l2=0.2000 label_smoothing=0.000
D step=2/5 epoch=2/3 loss=0.2197 l2=0.2000 label_smoothing=0.000
D step=2/5 epoch=3/3 loss=0.2213 l2=0.2000 label_smoothing=0.000
D step=3/5 epoch=1/3 loss=0.2374 l2=0.2000 label_smoothing=0.000
D step=3/5 epoch=2/3 loss=0.2369 l2=0.2000 label_smoothing=0.000
D step=3/5 epoch=3/3 loss=0.2347 l2=0.2000 label_smoothing=0.000
D step=4/5 epoch=1/3 loss=0.2290 l2=0.2000 label_smoothing=0.000
D step=4/5 epoch=2/3 loss=0.2293 l2=0.2000 label_smoothing=0.000
D step=4/5 epoch=3/3 loss=0.2277 l2=0.2000 label_smoothing=0.000
D step=5/5 epoch=1/3 loss=0.2293 l2=0.2000 label_smoothing=0.000
D step=5/5 epoch=2/3 loss=0.2233 l2=0.2000 label_smoothing=0.000
D step=5/5 epoch=3/3 loss=0.2251 l2=0.2000 label_smoothing=0.000
ADV epoch=50/60 g_loss=0.0002 d_loss=0.2276 reward=0.1351 reward_var=0.0002 unique=0.0400
D step=1/5 epoch=1/3 loss=0.2362 l2=0.2000 label_smoothing=0.000
D step=1/5 epoch=2/3 loss=0.2344 l2=0.2000 label_smoothing=0.000
D step=1/5 epoch=3/3 loss=0.2344 l2=0.2000 label_smoothing=0.000
D step=2/5 epoch=1/3 loss=0.2171 l2=0.2000 label_smoothing=0.000
D step=2/5 epoch=2/3 loss=0.2173 l2=0.2000 label_smoothing=0.000
D step=2/5 epoch=3/3 loss=0.2181 l2=0.2000 label_smoothing=0.000
D step=3/5 epoch=1/3 loss=0.2241 l2=0.2000 label_smoothing=0.000
D step=3/5 epoch=2/3 loss=0.2245 l2=0.2000 label_smoothing=0.000
D step=3/5 epoch=3/3 loss=0.2233 l2=0.2000 label_smoothing=0.000
D step=4/5 epoch=1/3 loss=0.2186 l2=0.2000 label_smoothing=0.000
D step=4/5 epoch=2/3 loss=0.2186 l2=0.2000 label_smoothing=0.000
D step=4/5 epoch=3/3 loss=0.2187 l2=0.2000 label_smoothing=0.000
D step=5/5 epoch=1/3 loss=0.2533 l2=0.2000 label_smoothing=0.000
D step=5/5 epoch=2/3 loss=0.2266 l2=0.2000 label_smoothing=0.000
D step=5/5 epoch=3/3 loss=0.2278 l2=0.2000 label_smoothing=0.000
ADV epoch=51/60 g_loss=0.0002 d_loss=0.2262 reward=0.1301 reward_var=0.0001 unique=0.0200
D step=1/5 epoch=1/3 loss=0.2081 l2=0.2000 label_smoothing=0.000
D step=1/5 epoch=2/3 loss=0.2055 l2=0.2000 label_smoothing=0.000
D step=1/5 epoch=3/3 loss=0.2050 l2=0.2000 label_smoothing=0.000
D step=2/5 epoch=1/3 loss=0.2362 l2=0.2000 label_smoothing=0.000
D step=2/5 epoch=2/3 loss=0.2367 l2=0.2000 label_smoothing=0.000
D step=2/5 epoch=3/3 loss=0.2398 l2=0.2000 label_smoothing=0.000
D step=3/5 epoch=1/3 loss=0.2373 l2=0.2000 label_smoothing=0.000
D step=3/5 epoch=2/3 loss=0.2358 l2=0.2000 label_smoothing=0.000
D step=3/5 epoch=3/3 loss=0.2356 l2=0.2000 label_smoothing=0.000
D step=4/5 epoch=1/3 loss=0.2254 l2=0.2000 label_smoothing=0.000
D step=4/5 epoch=2/3 loss=0.2249 l2=0.2000 label_smoothing=0.000
D step=4/5 epoch=3/3 loss=0.2240 l2=0.2000 label_smoothing=0.000
D step=5/5 epoch=1/3 loss=0.2222 l2=0.2000 label_smoothing=0.000
D step=5/5 epoch=2/3 loss=0.2247 l2=0.2000 label_smoothing=0.000
D step=5/5 epoch=3/3 loss=0.2241 l2=0.2000 label_smoothing=0.000
ADV epoch=52/60 g_loss=0.0002 d_loss=0.2257 reward=0.1377 reward_var=0.0003 unique=0.0400
D step=1/5 epoch=1/3 loss=0.2466 l2=0.2000 label_smoothing=0.000
D step=1/5 epoch=2/3 loss=0.2433 l2=0.2000 label_smoothing=0.000
D step=1/5 epoch=3/3 loss=0.2441 l2=0.2000 label_smoothing=0.000
D step=2/5 epoch=1/3 loss=0.2261 l2=0.2000 label_smoothing=0.000
D step=2/5 epoch=2/3 loss=0.2214 l2=0.2000 label_smoothing=0.000
D step=2/5 epoch=3/3 loss=0.2206 l2=0.2000 label_smoothing=0.000
D step=3/5 epoch=1/3 loss=0.2300 l2=0.2000 label_smoothing=0.000
D step=3/5 epoch=2/3 loss=0.2314 l2=0.2000 label_smoothing=0.000
D step=3/5 epoch=3/3 loss=0.2292 l2=0.2000 label_smoothing=0.000
D step=4/5 epoch=1/3 loss=0.2333 l2=0.2000 label_smoothing=0.000
D step=4/5 epoch=2/3 loss=0.2336 l2=0.2000 label_smoothing=0.000
D step=4/5 epoch=3/3 loss=0.2344 l2=0.2000 label_smoothing=0.000
D step=5/5 epoch=1/3 loss=0.2284 l2=0.2000 label_smoothing=0.000
D step=5/5 epoch=2/3 loss=0.2303 l2=0.2000 label_smoothing=0.000
D step=5/5 epoch=3/3 loss=0.2273 l2=0.2000 label_smoothing=0.000
ADV epoch=53/60 g_loss=0.0002 d_loss=0.2320 reward=0.1368 reward_var=0.0001 unique=0.0400
D step=1/5 epoch=1/3 loss=0.2235 l2=0.2000 label_smoothing=0.000
D step=1/5 epoch=2/3 loss=0.2207 l2=0.2000 label_smoothing=0.000
D step=1/5 epoch=3/3 loss=0.2192 l2=0.2000 label_smoothing=0.000
D step=2/5 epoch=1/3 loss=0.2249 l2=0.2000 label_smoothing=0.000
D step=2/5 epoch=2/3 loss=0.2289 l2=0.2000 label_smoothing=0.000
D step=2/5 epoch=3/3 loss=0.2259 l2=0.2000 label_smoothing=0.000
D step=3/5 epoch=1/3 loss=0.2327 l2=0.2000 label_smoothing=0.000
D step=3/5 epoch=2/3 loss=0.2296 l2=0.2000 label_smoothing=0.000
D step=3/5 epoch=3/3 loss=0.2311 l2=0.2000 label_smoothing=0.000
D step=4/5 epoch=1/3 loss=0.2242 l2=0.2000 label_smoothing=0.000
D step=4/5 epoch=2/3 loss=0.2195 l2=0.2000 label_smoothing=0.000
D step=4/5 epoch=3/3 loss=0.2191 l2=0.2000 label_smoothing=0.000
D step=5/5 epoch=1/3 loss=0.2214 l2=0.2000 label_smoothing=0.000
D step=5/5 epoch=2/3 loss=0.2215 l2=0.2000 label_smoothing=0.000
D step=5/5 epoch=3/3 loss=0.2213 l2=0.2000 label_smoothing=0.000
ADV epoch=54/60 g_loss=0.0002 d_loss=0.2242 reward=0.1394 reward_var=0.0003 unique=0.0400
D step=1/5 epoch=1/3 loss=0.2211 l2=0.2000 label_smoothing=0.000
D step=1/5 epoch=2/3 loss=0.2224 l2=0.2000 label_smoothing=0.000
D step=1/5 epoch=3/3 loss=0.2212 l2=0.2000 label_smoothing=0.000
D step=2/5 epoch=1/3 loss=0.2274 l2=0.2000 label_smoothing=0.000
D step=2/5 epoch=2/3 loss=0.2264 l2=0.2000 label_smoothing=0.000
D step=2/5 epoch=3/3 loss=0.2269 l2=0.2000 label_smoothing=0.000
D step=3/5 epoch=1/3 loss=0.2238 l2=0.2000 label_smoothing=0.000
D step=3/5 epoch=2/3 loss=0.2217 l2=0.2000 label_smoothing=0.000
D step=3/5 epoch=3/3 loss=0.2245 l2=0.2000 label_smoothing=0.000
D step=4/5 epoch=1/3 loss=0.2274 l2=0.2000 label_smoothing=0.000
D step=4/5 epoch=2/3 loss=0.2274 l2=0.2000 label_smoothing=0.000
D step=4/5 epoch=3/3 loss=0.2252 l2=0.2000 label_smoothing=0.000
D step=5/5 epoch=1/3 loss=0.2220 l2=0.2000 label_smoothing=0.000
D step=5/5 epoch=2/3 loss=0.2222 l2=0.2000 label_smoothing=0.000
D step=5/5 epoch=3/3 loss=0.2212 l2=0.2000 label_smoothing=0.000
ADV epoch=55/60 g_loss=0.0002 d_loss=0.2240 reward=0.1305 reward_var=0.0003 unique=0.0200
D step=1/5 epoch=1/3 loss=0.2183 l2=0.2000 label_smoothing=0.000
D step=1/5 epoch=2/3 loss=0.2155 l2=0.2000 label_smoothing=0.000
D step=1/5 epoch=3/3 loss=0.2151 l2=0.2000 label_smoothing=0.000
D step=2/5 epoch=1/3 loss=0.2487 l2=0.2000 label_smoothing=0.000
D step=2/5 epoch=2/3 loss=0.2486 l2=0.2000 label_smoothing=0.000
D step=2/5 epoch=3/3 loss=0.2450 l2=0.2000 label_smoothing=0.000
D step=3/5 epoch=1/3 loss=0.2295 l2=0.2000 label_smoothing=0.000
D step=3/5 epoch=2/3 loss=0.2306 l2=0.2000 label_smoothing=0.000
D step=3/5 epoch=3/3 loss=0.2272 l2=0.2000 label_smoothing=0.000
D step=4/5 epoch=1/3 loss=0.2358 l2=0.2000 label_smoothing=0.000
D step=4/5 epoch=2/3 loss=0.2352 l2=0.2000 label_smoothing=0.000
D step=4/5 epoch=3/3 loss=0.2371 l2=0.2000 label_smoothing=0.000
D step=5/5 epoch=1/3 loss=0.2263 l2=0.2000 label_smoothing=0.000
D step=5/5 epoch=2/3 loss=0.2264 l2=0.2000 label_smoothing=0.000
D step=5/5 epoch=3/3 loss=0.2251 l2=0.2000 label_smoothing=0.000
ADV epoch=56/60 g_loss=0.0002 d_loss=0.2310 reward=0.1308 reward_var=0.0001 unique=0.0800
D step=1/5 epoch=1/3 loss=0.2273 l2=0.2000 label_smoothing=0.000
D step=1/5 epoch=2/3 loss=0.2207 l2=0.2000 label_smoothing=0.000
D step=1/5 epoch=3/3 loss=0.2214 l2=0.2000 label_smoothing=0.000
D step=2/5 epoch=1/3 loss=0.2321 l2=0.2000 label_smoothing=0.000
D step=2/5 epoch=2/3 loss=0.2327 l2=0.2000 label_smoothing=0.000
D step=2/5 epoch=3/3 loss=0.2313 l2=0.2000 label_smoothing=0.000
D step=3/5 epoch=1/3 loss=0.2323 l2=0.2000 label_smoothing=0.000
D step=3/5 epoch=2/3 loss=0.2325 l2=0.2000 label_smoothing=0.000
D step=3/5 epoch=3/3 loss=0.2330 l2=0.2000 label_smoothing=0.000
D step=4/5 epoch=1/3 loss=0.2262 l2=0.2000 label_smoothing=0.000
D step=4/5 epoch=2/3 loss=0.2257 l2=0.2000 label_smoothing=0.000
D step=4/5 epoch=3/3 loss=0.2259 l2=0.2000 label_smoothing=0.000
D step=5/5 epoch=1/3 loss=0.2329 l2=0.2000 label_smoothing=0.000
D step=5/5 epoch=2/3 loss=0.2329 l2=0.2000 label_smoothing=0.000
D step=5/5 epoch=3/3 loss=0.2313 l2=0.2000 label_smoothing=0.000
ADV epoch=57/60 g_loss=0.0002 d_loss=0.2292 reward=0.1289 reward_var=0.0003 unique=0.0200
D step=1/5 epoch=1/3 loss=0.2314 l2=0.2000 label_smoothing=0.000
D step=1/5 epoch=2/3 loss=0.2295 l2=0.2000 label_smoothing=0.000
D step=1/5 epoch=3/3 loss=0.2292 l2=0.2000 label_smoothing=0.000
D step=2/5 epoch=1/3 loss=0.2241 l2=0.2000 label_smoothing=0.000
D step=2/5 epoch=2/3 loss=0.2232 l2=0.2000 label_smoothing=0.000
D step=2/5 epoch=3/3 loss=0.2226 l2=0.2000 label_smoothing=0.000
D step=3/5 epoch=1/3 loss=0.2171 l2=0.2000 label_smoothing=0.000
D step=3/5 epoch=2/3 loss=0.2194 l2=0.2000 label_smoothing=0.000
D step=3/5 epoch=3/3 loss=0.2154 l2=0.2000 label_smoothing=0.000
D step=4/5 epoch=1/3 loss=0.2191 l2=0.2000 label_smoothing=0.000
D step=4/5 epoch=2/3 loss=0.2187 l2=0.2000 label_smoothing=0.000
D step=4/5 epoch=3/3 loss=0.2191 l2=0.2000 label_smoothing=0.000
D step=5/5 epoch=1/3 loss=0.2390 l2=0.2000 label_smoothing=0.000
D step=5/5 epoch=2/3 loss=0.2395 l2=0.2000 label_smoothing=0.000
D step=5/5 epoch=3/3 loss=0.2404 l2=0.2000 label_smoothing=0.000
ADV epoch=58/60 g_loss=0.0002 d_loss=0.2259 reward=0.1378 reward_var=0.0001 unique=0.0600
D step=1/5 epoch=1/3 loss=0.2171 l2=0.2000 label_smoothing=0.000
D step=1/5 epoch=2/3 loss=0.2159 l2=0.2000 label_smoothing=0.000
D step=1/5 epoch=3/3 loss=0.2167 l2=0.2000 label_smoothing=0.000
D step=2/5 epoch=1/3 loss=0.2300 l2=0.2000 label_smoothing=0.000
D step=2/5 epoch=2/3 loss=0.2263 l2=0.2000 label_smoothing=0.000
D step=2/5 epoch=3/3 loss=0.2280 l2=0.2000 label_smoothing=0.000
D step=3/5 epoch=1/3 loss=0.2188 l2=0.2000 label_smoothing=0.000
D step=3/5 epoch=2/3 loss=0.2186 l2=0.2000 label_smoothing=0.000
D step=3/5 epoch=3/3 loss=0.2194 l2=0.2000 label_smoothing=0.000
D step=4/5 epoch=1/3 loss=0.2237 l2=0.2000 label_smoothing=0.000
D step=4/5 epoch=2/3 loss=0.2244 l2=0.2000 label_smoothing=0.000
D step=4/5 epoch=3/3 loss=0.2230 l2=0.2000 label_smoothing=0.000
D step=5/5 epoch=1/3 loss=0.2322 l2=0.2000 label_smoothing=0.000
D step=5/5 epoch=2/3 loss=0.2315 l2=0.2000 label_smoothing=0.000
D step=5/5 epoch=3/3 loss=0.2312 l2=0.2000 label_smoothing=0.000
ADV epoch=59/60 g_loss=0.0002 d_loss=0.2238 reward=0.1486 reward_var=0.0004 unique=0.0200
D step=1/5 epoch=1/3 loss=0.1986 l2=0.2000 label_smoothing=0.000
D step=1/5 epoch=2/3 loss=0.1954 l2=0.2000 label_smoothing=0.000
D step=1/5 epoch=3/3 loss=0.1963 l2=0.2000 label_smoothing=0.000
D step=2/5 epoch=1/3 loss=0.2964 l2=0.2000 label_smoothing=0.000
D step=2/5 epoch=2/3 loss=0.2346 l2=0.2000 label_smoothing=0.000
D step=2/5 epoch=3/3 loss=0.2366 l2=0.2000 label_smoothing=0.000
D step=3/5 epoch=1/3 loss=0.2157 l2=0.2000 label_smoothing=0.000
D step=3/5 epoch=2/3 loss=0.2160 l2=0.2000 label_smoothing=0.000
D step=3/5 epoch=3/3 loss=0.2162 l2=0.2000 label_smoothing=0.000
D step=4/5 epoch=1/3 loss=0.2248 l2=0.2000 label_smoothing=0.000
D step=4/5 epoch=2/3 loss=0.2236 l2=0.2000 label_smoothing=0.000
D step=4/5 epoch=3/3 loss=0.2243 l2=0.2000 label_smoothing=0.000
D step=5/5 epoch=1/3 loss=0.2285 l2=0.2000 label_smoothing=0.000
D step=5/5 epoch=2/3 loss=0.2294 l2=0.2000 label_smoothing=0.000
D step=5/5 epoch=3/3 loss=0.2291 l2=0.2000 label_smoothing=0.000
ADV epoch=60/60 g_loss=0.0002 d_loss=0.2244 reward=0.1419 reward_var=0.0000 unique=0.0600
saved 500 raw samples to /content/drive/MyDrive/GAN/GAN_SQLi_Colab/results_seqgan_phase2b_phase3/phase2b/seqgan_master/union/D/R50/generated_payloads.csv
