
[1/3] pretrain G
G epoch=1/60 loss=4.6072
G epoch=2/60 loss=4.4866
G epoch=3/60 loss=4.3507
G epoch=4/60 loss=4.1836
G epoch=5/60 loss=3.9786
G epoch=6/60 loss=3.7437
G epoch=7/60 loss=3.5034
G epoch=8/60 loss=3.2884
G epoch=9/60 loss=3.1159
G epoch=10/60 loss=2.9896
G epoch=11/60 loss=2.8962
G epoch=12/60 loss=2.8168
G epoch=13/60 loss=2.7374
G epoch=14/60 loss=2.6566
G epoch=15/60 loss=2.5760
G epoch=16/60 loss=2.4972
G epoch=17/60 loss=2.4229
G epoch=18/60 loss=2.3528
G epoch=19/60 loss=2.2856
G epoch=20/60 loss=2.2199
G epoch=21/60 loss=2.1546
G epoch=22/60 loss=2.0894
G epoch=23/60 loss=2.0254
G epoch=24/60 loss=1.9645
G epoch=25/60 loss=1.9079
G epoch=26/60 loss=1.8555
G epoch=27/60 loss=1.8065
G epoch=28/60 loss=1.7599
G epoch=29/60 loss=1.7148
G epoch=30/60 loss=1.6706
G epoch=31/60 loss=1.6280
G epoch=32/60 loss=1.5874
G epoch=33/60 loss=1.5490
G epoch=34/60 loss=1.5118
G epoch=35/60 loss=1.4749
G epoch=36/60 loss=1.4389
G epoch=37/60 loss=1.4042
G epoch=38/60 loss=1.3714
G epoch=39/60 loss=1.3392
G epoch=40/60 loss=1.3078
G epoch=41/60 loss=1.2776
G epoch=42/60 loss=1.2488
G epoch=43/60 loss=1.2211
G epoch=44/60 loss=1.1938
G epoch=45/60 loss=1.1675
G epoch=46/60 loss=1.1418
G epoch=47/60 loss=1.1170
G epoch=48/60 loss=1.0923
G epoch=49/60 loss=1.0682
G epoch=50/60 loss=1.0451
G epoch=51/60 loss=1.0220
G epoch=52/60 loss=0.9990
G epoch=53/60 loss=0.9764
G epoch=54/60 loss=0.9543
G epoch=55/60 loss=0.9330
G epoch=56/60 loss=0.9124
G epoch=57/60 loss=0.8926
G epoch=58/60 loss=0.8732
G epoch=59/60 loss=0.8541
G epoch=60/60 loss=0.8355

[2/3] pretrain D

[3/3] adversarial
generator_reward_mode=off reward_alpha=1.000 d_steps=5 d_epochs=3
ADV epoch=1/60 g_loss=0.7772 d_loss=0.0000 reward=0.5251 reward_var=0.0006 unique=1.0000
ADV epoch=2/60 g_loss=0.8123 d_loss=0.0000 reward=0.5224 reward_var=0.0007 unique=1.0000
ADV epoch=3/60 g_loss=0.7991 d_loss=0.0000 reward=0.5247 reward_var=0.0006 unique=1.0000
ADV epoch=4/60 g_loss=0.8750 d_loss=0.0000 reward=0.5276 reward_var=0.0006 unique=1.0000
ADV epoch=5/60 g_loss=0.8736 d_loss=0.0000 reward=0.5222 reward_var=0.0007 unique=1.0000
ADV epoch=6/60 g_loss=0.8686 d_loss=0.0000 reward=0.5202 reward_var=0.0007 unique=1.0000
ADV epoch=7/60 g_loss=0.8784 d_loss=0.0000 reward=0.5233 reward_var=0.0008 unique=1.0000
ADV epoch=8/60 g_loss=0.8574 d_loss=0.0000 reward=0.5196 reward_var=0.0006 unique=1.0000
ADV epoch=9/60 g_loss=0.8700 d_loss=0.0000 reward=0.5240 reward_var=0.0006 unique=1.0000
ADV epoch=10/60 g_loss=0.8648 d_loss=0.0000 reward=0.5197 reward_var=0.0007 unique=1.0000
ADV epoch=11/60 g_loss=0.8759 d_loss=0.0000 reward=0.5189 reward_var=0.0006 unique=1.0000
ADV epoch=12/60 g_loss=0.8876 d_loss=0.0000 reward=0.5213 reward_var=0.0007 unique=1.0000
ADV epoch=13/60 g_loss=0.9079 d_loss=0.0000 reward=0.5228 reward_var=0.0008 unique=1.0000
ADV epoch=14/60 g_loss=0.8575 d_loss=0.0000 reward=0.5199 reward_var=0.0005 unique=1.0000
ADV epoch=15/60 g_loss=0.8883 d_loss=0.0000 reward=0.5189 reward_var=0.0007 unique=1.0000
ADV epoch=16/60 g_loss=0.8953 d_loss=0.0000 reward=0.5241 reward_var=0.0008 unique=1.0000
ADV epoch=17/60 g_loss=0.8857 d_loss=0.0000 reward=0.5231 reward_var=0.0006 unique=1.0000
ADV epoch=18/60 g_loss=0.9148 d_loss=0.0000 reward=0.5270 reward_var=0.0006 unique=1.0000
ADV epoch=19/60 g_loss=0.8971 d_loss=0.0000 reward=0.5244 reward_var=0.0009 unique=1.0000
ADV epoch=20/60 g_loss=0.8913 d_loss=0.0000 reward=0.5255 reward_var=0.0007 unique=1.0000
ADV epoch=21/60 g_loss=0.9312 d_loss=0.0000 reward=0.5339 reward_var=0.0009 unique=1.0000
ADV epoch=22/60 g_loss=0.9441 d_loss=0.0000 reward=0.5306 reward_var=0.0007 unique=1.0000
ADV epoch=23/60 g_loss=0.9140 d_loss=0.0000 reward=0.5312 reward_var=0.0006 unique=1.0000
ADV epoch=24/60 g_loss=0.9613 d_loss=0.0000 reward=0.5348 reward_var=0.0007 unique=1.0000
ADV epoch=25/60 g_loss=0.9399 d_loss=0.0000 reward=0.5360 reward_var=0.0009 unique=1.0000
ADV epoch=26/60 g_loss=0.9522 d_loss=0.0000 reward=0.5388 reward_var=0.0005 unique=1.0000
ADV epoch=27/60 g_loss=0.9710 d_loss=0.0000 reward=0.5359 reward_var=0.0006 unique=1.0000
ADV epoch=28/60 g_loss=1.0136 d_loss=0.0000 reward=0.5379 reward_var=0.0007 unique=1.0000
ADV epoch=29/60 g_loss=0.9659 d_loss=0.0000 reward=0.5411 reward_var=0.0006 unique=1.0000
ADV epoch=30/60 g_loss=0.9849 d_loss=0.0000 reward=0.5386 reward_var=0.0008 unique=1.0000
ADV epoch=31/60 g_loss=0.9791 d_loss=0.0000 reward=0.5368 reward_var=0.0007 unique=1.0000
ADV epoch=32/60 g_loss=1.0231 d_loss=0.0000 reward=0.5428 reward_var=0.0006 unique=1.0000
ADV epoch=33/60 g_loss=1.0013 d_loss=0.0000 reward=0.5423 reward_var=0.0006 unique=1.0000
ADV epoch=34/60 g_loss=1.0159 d_loss=0.0000 reward=0.5435 reward_var=0.0005 unique=1.0000
ADV epoch=35/60 g_loss=1.0529 d_loss=0.0000 reward=0.5427 reward_var=0.0005 unique=1.0000
ADV epoch=36/60 g_loss=1.0543 d_loss=0.0000 reward=0.5443 reward_var=0.0005 unique=1.0000
ADV epoch=37/60 g_loss=1.0959 d_loss=0.0000 reward=0.5436 reward_var=0.0006 unique=1.0000
ADV epoch=38/60 g_loss=1.1020 d_loss=0.0000 reward=0.5397 reward_var=0.0005 unique=1.0000
ADV epoch=39/60 g_loss=1.1431 d_loss=0.0000 reward=0.5419 reward_var=0.0005 unique=1.0000
ADV epoch=40/60 g_loss=1.0923 d_loss=0.0000 reward=0.5383 reward_var=0.0005 unique=1.0000
ADV epoch=41/60 g_loss=1.0576 d_loss=0.0000 reward=0.5358 reward_var=0.0005 unique=1.0000
ADV epoch=42/60 g_loss=1.0869 d_loss=0.0000 reward=0.5376 reward_var=0.0006 unique=1.0000
ADV epoch=43/60 g_loss=1.0521 d_loss=0.0000 reward=0.5370 reward_var=0.0006 unique=1.0000
ADV epoch=44/60 g_loss=1.1047 d_loss=0.0000 reward=0.5367 reward_var=0.0006 unique=1.0000
ADV epoch=45/60 g_loss=1.1044 d_loss=0.0000 reward=0.5376 reward_var=0.0006 unique=1.0000
ADV epoch=46/60 g_loss=1.1306 d_loss=0.0000 reward=0.5355 reward_var=0.0005 unique=1.0000
ADV epoch=47/60 g_loss=1.1547 d_loss=0.0000 reward=0.5330 reward_var=0.0005 unique=1.0000
ADV epoch=48/60 g_loss=1.1309 d_loss=0.0000 reward=0.5343 reward_var=0.0006 unique=1.0000
ADV epoch=49/60 g_loss=1.1689 d_loss=0.0000 reward=0.5342 reward_var=0.0005 unique=1.0000
ADV epoch=50/60 g_loss=1.1841 d_loss=0.0000 reward=0.5383 reward_var=0.0006 unique=1.0000
ADV epoch=51/60 g_loss=1.1881 d_loss=0.0000 reward=0.5358 reward_var=0.0005 unique=1.0000
ADV epoch=52/60 g_loss=1.2148 d_loss=0.0000 reward=0.5376 reward_var=0.0004 unique=1.0000
ADV epoch=53/60 g_loss=1.2116 d_loss=0.0000 reward=0.5373 reward_var=0.0008 unique=1.0000
ADV epoch=54/60 g_loss=1.1723 d_loss=0.0000 reward=0.5359 reward_var=0.0006 unique=1.0000
ADV epoch=55/60 g_loss=1.1770 d_loss=0.0000 reward=0.5357 reward_var=0.0006 unique=1.0000
ADV epoch=56/60 g_loss=1.2160 d_loss=0.0000 reward=0.5379 reward_var=0.0006 unique=1.0000
ADV epoch=57/60 g_loss=1.1772 d_loss=0.0000 reward=0.5386 reward_var=0.0007 unique=1.0000
ADV epoch=58/60 g_loss=1.1783 d_loss=0.0000 reward=0.5342 reward_var=0.0006 unique=1.0000
ADV epoch=59/60 g_loss=1.0838 d_loss=0.0000 reward=0.5379 reward_var=0.0007 unique=1.0000
ADV epoch=60/60 g_loss=1.0835 d_loss=0.0000 reward=0.5297 reward_var=0.0005 unique=1.0000
saved 500 raw samples to /content/drive/MyDrive/GAN/GAN_SQLi_Colab/results_seqgan_phase2b_phase3/phase2b/seqgan_master/union/F/R500/generated_payloads.csv
