
[1/3] pretrain G
G epoch=1/60 loss=4.6000
G epoch=2/60 loss=4.4533
G epoch=3/60 loss=4.2840
G epoch=4/60 loss=4.0654
G epoch=5/60 loss=3.8107
G epoch=6/60 loss=3.5667
G epoch=7/60 loss=3.2994
G epoch=8/60 loss=2.9954
G epoch=9/60 loss=2.8649
G epoch=10/60 loss=2.7849
G epoch=11/60 loss=2.6831
G epoch=12/60 loss=2.6050
G epoch=13/60 loss=2.5513
G epoch=14/60 loss=2.4664
G epoch=15/60 loss=2.3761
G epoch=16/60 loss=2.2639
G epoch=17/60 loss=2.2018
G epoch=18/60 loss=2.2099
G epoch=19/60 loss=2.0592
G epoch=20/60 loss=2.0717
G epoch=21/60 loss=1.9799
G epoch=22/60 loss=1.9847
G epoch=23/60 loss=1.8987
G epoch=24/60 loss=1.8222
G epoch=25/60 loss=1.8161
G epoch=26/60 loss=1.7284
G epoch=27/60 loss=1.7393
G epoch=28/60 loss=1.6685
G epoch=29/60 loss=1.6158
G epoch=30/60 loss=1.5832
G epoch=31/60 loss=1.5450
G epoch=32/60 loss=1.5565
G epoch=33/60 loss=1.4505
G epoch=34/60 loss=1.4381
G epoch=35/60 loss=1.4245
G epoch=36/60 loss=1.3933
G epoch=37/60 loss=1.3612
G epoch=38/60 loss=1.2762
G epoch=39/60 loss=1.2671
G epoch=40/60 loss=1.2937
G epoch=41/60 loss=1.2333
G epoch=42/60 loss=1.2300
G epoch=43/60 loss=1.2230
G epoch=44/60 loss=1.1751
G epoch=45/60 loss=1.1803
G epoch=46/60 loss=1.1700
G epoch=47/60 loss=1.1293
G epoch=48/60 loss=1.1216
G epoch=49/60 loss=1.0590
G epoch=50/60 loss=1.0431
G epoch=51/60 loss=1.0194
G epoch=52/60 loss=0.9572
G epoch=53/60 loss=0.9749
G epoch=54/60 loss=0.9608
G epoch=55/60 loss=0.9798
G epoch=56/60 loss=0.9320
G epoch=57/60 loss=0.9328
G epoch=58/60 loss=0.9246
G epoch=59/60 loss=0.8881
G epoch=60/60 loss=0.8911

[2/3] pretrain D
D step=1/30 epoch=1/3 loss=0.9241 l2=0.2000 label_smoothing=0.000
D step=1/30 epoch=2/3 loss=0.7051 l2=0.2000 label_smoothing=0.000
D step=1/30 epoch=3/3 loss=0.6857 l2=0.2000 label_smoothing=0.000
D step=2/30 epoch=1/3 loss=0.6858 l2=0.2000 label_smoothing=0.000
D step=2/30 epoch=2/3 loss=0.5866 l2=0.2000 label_smoothing=0.000
D step=2/30 epoch=3/3 loss=0.5585 l2=0.2000 label_smoothing=0.000
D step=3/30 epoch=1/3 loss=0.5367 l2=0.2000 label_smoothing=0.000
D step=3/30 epoch=2/3 loss=0.5131 l2=0.2000 label_smoothing=0.000
D step=3/30 epoch=3/3 loss=0.4609 l2=0.2000 label_smoothing=0.000
D step=4/30 epoch=1/3 loss=0.4709 l2=0.2000 label_smoothing=0.000
D step=4/30 epoch=2/3 loss=0.4311 l2=0.2000 label_smoothing=0.000
D step=4/30 epoch=3/3 loss=0.3902 l2=0.2000 label_smoothing=0.000
D step=5/30 epoch=1/3 loss=0.3617 l2=0.2000 label_smoothing=0.000
D step=5/30 epoch=2/3 loss=0.3486 l2=0.2000 label_smoothing=0.000
D step=5/30 epoch=3/3 loss=0.3086 l2=0.2000 label_smoothing=0.000
D step=6/30 epoch=1/3 loss=0.3389 l2=0.2000 label_smoothing=0.000
D step=6/30 epoch=2/3 loss=0.3251 l2=0.2000 label_smoothing=0.000
D step=6/30 epoch=3/3 loss=0.2854 l2=0.2000 label_smoothing=0.000
D step=7/30 epoch=1/3 loss=0.2639 l2=0.2000 label_smoothing=0.000
D step=7/30 epoch=2/3 loss=0.2525 l2=0.2000 label_smoothing=0.000
D step=7/30 epoch=3/3 loss=0.2343 l2=0.2000 label_smoothing=0.000
D step=8/30 epoch=1/3 loss=0.2407 l2=0.2000 label_smoothing=0.000
D step=8/30 epoch=2/3 loss=0.2303 l2=0.2000 label_smoothing=0.000
D step=8/30 epoch=3/3 loss=0.2151 l2=0.2000 label_smoothing=0.000
D step=9/30 epoch=1/3 loss=0.2150 l2=0.2000 label_smoothing=0.000
D step=9/30 epoch=2/3 loss=0.2080 l2=0.2000 label_smoothing=0.000
D step=9/30 epoch=3/3 loss=0.1833 l2=0.2000 label_smoothing=0.000
D step=10/30 epoch=1/3 loss=0.1528 l2=0.2000 label_smoothing=0.000
D step=10/30 epoch=2/3 loss=0.1465 l2=0.2000 label_smoothing=0.000
D step=10/30 epoch=3/3 loss=0.1396 l2=0.2000 label_smoothing=0.000
D step=11/30 epoch=1/3 loss=0.2041 l2=0.2000 label_smoothing=0.000
D step=11/30 epoch=2/3 loss=0.1888 l2=0.2000 label_smoothing=0.000
D step=11/30 epoch=3/3 loss=0.1534 l2=0.2000 label_smoothing=0.000
D step=12/30 epoch=1/3 loss=0.1289 l2=0.2000 label_smoothing=0.000
D step=12/30 epoch=2/3 loss=0.1403 l2=0.2000 label_smoothing=0.000
D step=12/30 epoch=3/3 loss=0.1242 l2=0.2000 label_smoothing=0.000
D step=13/30 epoch=1/3 loss=0.1101 l2=0.2000 label_smoothing=0.000
D step=13/30 epoch=2/3 loss=0.1156 l2=0.2000 label_smoothing=0.000
D step=13/30 epoch=3/3 loss=0.1008 l2=0.2000 label_smoothing=0.000
D step=14/30 epoch=1/3 loss=0.1271 l2=0.2000 label_smoothing=0.000
D step=14/30 epoch=2/3 loss=0.1113 l2=0.2000 label_smoothing=0.000
D step=14/30 epoch=3/3 loss=0.1097 l2=0.2000 label_smoothing=0.000
D step=15/30 epoch=1/3 loss=0.1100 l2=0.2000 label_smoothing=0.000
D step=15/30 epoch=2/3 loss=0.1052 l2=0.2000 label_smoothing=0.000
D step=15/30 epoch=3/3 loss=0.0999 l2=0.2000 label_smoothing=0.000
D step=16/30 epoch=1/3 loss=0.1177 l2=0.2000 label_smoothing=0.000
D step=16/30 epoch=2/3 loss=0.1141 l2=0.2000 label_smoothing=0.000
D step=16/30 epoch=3/3 loss=0.1084 l2=0.2000 label_smoothing=0.000
D step=17/30 epoch=1/3 loss=0.0930 l2=0.2000 label_smoothing=0.000
D step=17/30 epoch=2/3 loss=0.0885 l2=0.2000 label_smoothing=0.000
D step=17/30 epoch=3/3 loss=0.0882 l2=0.2000 label_smoothing=0.000
D step=18/30 epoch=1/3 loss=0.0809 l2=0.2000 label_smoothing=0.000
D step=18/30 epoch=2/3 loss=0.0806 l2=0.2000 label_smoothing=0.000
D step=18/30 epoch=3/3 loss=0.0809 l2=0.2000 label_smoothing=0.000
D step=19/30 epoch=1/3 loss=0.1109 l2=0.2000 label_smoothing=0.000
D step=19/30 epoch=2/3 loss=0.0910 l2=0.2000 label_smoothing=0.000
D step=19/30 epoch=3/3 loss=0.0933 l2=0.2000 label_smoothing=0.000
D step=20/30 epoch=1/3 loss=0.0920 l2=0.2000 label_smoothing=0.000
D step=20/30 epoch=2/3 loss=0.0851 l2=0.2000 label_smoothing=0.000
D step=20/30 epoch=3/3 loss=0.0816 l2=0.2000 label_smoothing=0.000
D step=21/30 epoch=1/3 loss=0.1080 l2=0.2000 label_smoothing=0.000
D step=21/30 epoch=2/3 loss=0.0983 l2=0.2000 label_smoothing=0.000
D step=21/30 epoch=3/3 loss=0.1012 l2=0.2000 label_smoothing=0.000
D step=22/30 epoch=1/3 loss=0.0921 l2=0.2000 label_smoothing=0.000
D step=22/30 epoch=2/3 loss=0.0853 l2=0.2000 label_smoothing=0.000
D step=22/30 epoch=3/3 loss=0.0887 l2=0.2000 label_smoothing=0.000
D step=23/30 epoch=1/3 loss=0.0825 l2=0.2000 label_smoothing=0.000
D step=23/30 epoch=2/3 loss=0.0787 l2=0.2000 label_smoothing=0.000
D step=23/30 epoch=3/3 loss=0.0749 l2=0.2000 label_smoothing=0.000
D step=24/30 epoch=1/3 loss=0.0789 l2=0.2000 label_smoothing=0.000
D step=24/30 epoch=2/3 loss=0.0770 l2=0.2000 label_smoothing=0.000
D step=24/30 epoch=3/3 loss=0.0735 l2=0.2000 label_smoothing=0.000
D step=25/30 epoch=1/3 loss=0.0928 l2=0.2000 label_smoothing=0.000
D step=25/30 epoch=2/3 loss=0.0873 l2=0.2000 label_smoothing=0.000
D step=25/30 epoch=3/3 loss=0.0849 l2=0.2000 label_smoothing=0.000
D step=26/30 epoch=1/3 loss=0.0921 l2=0.2000 label_smoothing=0.000
D step=26/30 epoch=2/3 loss=0.0875 l2=0.2000 label_smoothing=0.000
D step=26/30 epoch=3/3 loss=0.0794 l2=0.2000 label_smoothing=0.000
D step=27/30 epoch=1/3 loss=0.0703 l2=0.2000 label_smoothing=0.000
D step=27/30 epoch=2/3 loss=0.0696 l2=0.2000 label_smoothing=0.000
D step=27/30 epoch=3/3 loss=0.0677 l2=0.2000 label_smoothing=0.000
D step=28/30 epoch=1/3 loss=0.0659 l2=0.2000 label_smoothing=0.000
D step=28/30 epoch=2/3 loss=0.0671 l2=0.2000 label_smoothing=0.000
D step=28/30 epoch=3/3 loss=0.0654 l2=0.2000 label_smoothing=0.000
D step=29/30 epoch=1/3 loss=0.1659 l2=0.2000 label_smoothing=0.000
D step=29/30 epoch=2/3 loss=0.1117 l2=0.2000 label_smoothing=0.000
D step=29/30 epoch=3/3 loss=0.1195 l2=0.2000 label_smoothing=0.000
D step=30/30 epoch=1/3 loss=0.0948 l2=0.2000 label_smoothing=0.000
D step=30/30 epoch=2/3 loss=0.0870 l2=0.2000 label_smoothing=0.000
D step=30/30 epoch=3/3 loss=0.0966 l2=0.2000 label_smoothing=0.000

[3/3] adversarial
generator_reward_mode=off reward_alpha=1.000 d_steps=5 d_epochs=3
D step=1/5 epoch=1/3 loss=0.1061 l2=0.2000 label_smoothing=0.000
D step=1/5 epoch=2/3 loss=0.0850 l2=0.2000 label_smoothing=0.000
D step=1/5 epoch=3/3 loss=0.0638 l2=0.2000 label_smoothing=0.000
D step=2/5 epoch=1/3 loss=0.0982 l2=0.2000 label_smoothing=0.000
D step=2/5 epoch=2/3 loss=0.0816 l2=0.2000 label_smoothing=0.000
D step=2/5 epoch=3/3 loss=0.0669 l2=0.2000 label_smoothing=0.000
D step=3/5 epoch=1/3 loss=0.0655 l2=0.2000 label_smoothing=0.000
D step=3/5 epoch=2/3 loss=0.0666 l2=0.2000 label_smoothing=0.000
D step=3/5 epoch=3/3 loss=0.0653 l2=0.2000 label_smoothing=0.000
D step=4/5 epoch=1/3 loss=0.0633 l2=0.2000 label_smoothing=0.000
D step=4/5 epoch=2/3 loss=0.0647 l2=0.2000 label_smoothing=0.000
D step=4/5 epoch=3/3 loss=0.0621 l2=0.2000 label_smoothing=0.000
D step=5/5 epoch=1/3 loss=0.0739 l2=0.2000 label_smoothing=0.000
D step=5/5 epoch=2/3 loss=0.0693 l2=0.2000 label_smoothing=0.000
D step=5/5 epoch=3/3 loss=0.0652 l2=0.2000 label_smoothing=0.000
ADV epoch=1/60 g_loss=0.0509 d_loss=0.0732 reward=0.0508 reward_var=0.0149 unique=1.0000
D step=1/5 epoch=1/3 loss=0.0775 l2=0.2000 label_smoothing=0.000
D step=1/5 epoch=2/3 loss=0.0628 l2=0.2000 label_smoothing=0.000
D step=1/5 epoch=3/3 loss=0.0664 l2=0.2000 label_smoothing=0.000
D step=2/5 epoch=1/3 loss=0.0570 l2=0.2000 label_smoothing=0.000
D step=2/5 epoch=2/3 loss=0.0547 l2=0.2000 label_smoothing=0.000
D step=2/5 epoch=3/3 loss=0.0561 l2=0.2000 label_smoothing=0.000
D step=3/5 epoch=1/3 loss=0.0718 l2=0.2000 label_smoothing=0.000
D step=3/5 epoch=2/3 loss=0.0547 l2=0.2000 label_smoothing=0.000
D step=3/5 epoch=3/3 loss=0.0580 l2=0.2000 label_smoothing=0.000
D step=4/5 epoch=1/3 loss=0.0596 l2=0.2000 label_smoothing=0.000
D step=4/5 epoch=2/3 loss=0.0539 l2=0.2000 label_smoothing=0.000
D step=4/5 epoch=3/3 loss=0.0519 l2=0.2000 label_smoothing=0.000
D step=5/5 epoch=1/3 loss=0.0771 l2=0.2000 label_smoothing=0.000
D step=5/5 epoch=2/3 loss=0.0629 l2=0.2000 label_smoothing=0.000
D step=5/5 epoch=3/3 loss=0.0521 l2=0.2000 label_smoothing=0.000
ADV epoch=2/60 g_loss=0.0068 d_loss=0.0611 reward=0.0068 reward_var=0.0006 unique=1.0000
D step=1/5 epoch=1/3 loss=0.0509 l2=0.2000 label_smoothing=0.000
D step=1/5 epoch=2/3 loss=0.0583 l2=0.2000 label_smoothing=0.000
D step=1/5 epoch=3/3 loss=0.0468 l2=0.2000 label_smoothing=0.000
D step=2/5 epoch=1/3 loss=0.0496 l2=0.2000 label_smoothing=0.000
D step=2/5 epoch=2/3 loss=0.0476 l2=0.2000 label_smoothing=0.000
D step=2/5 epoch=3/3 loss=0.0456 l2=0.2000 label_smoothing=0.000
D step=3/5 epoch=1/3 loss=0.0444 l2=0.2000 label_smoothing=0.000
D step=3/5 epoch=2/3 loss=0.0443 l2=0.2000 label_smoothing=0.000
D step=3/5 epoch=3/3 loss=0.0434 l2=0.2000 label_smoothing=0.000
D step=4/5 epoch=1/3 loss=0.0825 l2=0.2000 label_smoothing=0.000
D step=4/5 epoch=2/3 loss=0.0633 l2=0.2000 label_smoothing=0.000
D step=4/5 epoch=3/3 loss=0.0559 l2=0.2000 label_smoothing=0.000
D step=5/5 epoch=1/3 loss=0.0518 l2=0.2000 label_smoothing=0.000
D step=5/5 epoch=2/3 loss=0.0408 l2=0.2000 label_smoothing=0.000
D step=5/5 epoch=3/3 loss=0.0441 l2=0.2000 label_smoothing=0.000
ADV epoch=3/60 g_loss=0.0061 d_loss=0.0513 reward=0.0049 reward_var=0.0010 unique=1.0000
D step=1/5 epoch=1/3 loss=0.0399 l2=0.2000 label_smoothing=0.000
D step=1/5 epoch=2/3 loss=0.0423 l2=0.2000 label_smoothing=0.000
D step=1/5 epoch=3/3 loss=0.0376 l2=0.2000 label_smoothing=0.000
D step=2/5 epoch=1/3 loss=0.0671 l2=0.2000 label_smoothing=0.000
D step=2/5 epoch=2/3 loss=0.0396 l2=0.2000 label_smoothing=0.000
D step=2/5 epoch=3/3 loss=0.0410 l2=0.2000 label_smoothing=0.000
D step=3/5 epoch=1/3 loss=0.0444 l2=0.2000 label_smoothing=0.000
D step=3/5 epoch=2/3 loss=0.0385 l2=0.2000 label_smoothing=0.000
D step=3/5 epoch=3/3 loss=0.0372 l2=0.2000 label_smoothing=0.000
D step=4/5 epoch=1/3 loss=0.0335 l2=0.2000 label_smoothing=0.000
D step=4/5 epoch=2/3 loss=0.0330 l2=0.2000 label_smoothing=0.000
D step=4/5 epoch=3/3 loss=0.0325 l2=0.2000 label_smoothing=0.000
D step=5/5 epoch=1/3 loss=0.0327 l2=0.2000 label_smoothing=0.000
D step=5/5 epoch=2/3 loss=0.0321 l2=0.2000 label_smoothing=0.000
D step=5/5 epoch=3/3 loss=0.0315 l2=0.2000 label_smoothing=0.000
ADV epoch=4/60 g_loss=0.0393 d_loss=0.0389 reward=0.0298 reward_var=0.0033 unique=1.0000
saved 500 raw samples to /content/drive/MyDrive/GAN/GAN_SQLi_Colab/results_seqgan_phase2b_phase3/phase2b/seqgan_master/union/D/R200/generated_payloads.csv
