{
  "metric_schema_version": "quality-metrics-v3",
  "normalization_version": "nfkc_html_percent1_casefold_ws_quotes_v1",
  "seed": 88,
  "method": "seqgan_master",
  "family": "union",
  "scenario": "F",
  "ratio": "10",
  "generation_kind": "direct",
  "schema_valid": true,
  "stop_reason": "n/a",
  "n_generated": 500,
  "unique_rate": 0.11,
  "normalized_unique_rate": 0.106,
  "duplicate_rate": 0.89,
  "model_collapse_rate": 0.89,
  "dominant_payload_share": 0.45,
  "normalized_dominant_payload_share": 0.45,
  "sql_parse_rate": 1.0,
  "sql_structure_rate": 0.634,
  "family_motif_coverage": 0.75,
  "family_motif_hit_rate": 0.548,
  "garbage_rate": 0.366,
  "wellformed_rate": 1.0,
  "shaped_rate": 0.634,
  "family_motif_coverage_by_family": {
    "union": 0.75
  },
  "family_motif_hit_rate_by_family": {
    "union": 0.548
  },
  "inferred_family_distribution": {
    "boolean": 0.0,
    "union": 0.548,
    "time": 0.0,
    "error": 0.0,
    "other": 0.452
  },
  "train_reference_count": 1560,
  "holdout_reference_count": 419,
  "exact_input_overlap": 0.0,
  "normalized_input_overlap": 0.0,
  "holdout_overlap": 0.0,
  "normalized_holdout_overlap": 0.0,
  "nearest_input_similarity_mean": 0.37604203246632084,
  "nearest_input_similarity_median": 0.3695652173913043,
  "nearest_input_similarity_p90": 0.6111111111111112,
  "nearest_char3_jaccard_mean": 0.37604203246632084,
  "nearest_char3_jaccard_median": 0.3695652173913043,
  "nearest_char3_jaccard_p90": 0.6111111111111112,
  "nearest_token_jaccard_mean": 0.40978348873348874,
  "nearest_token_jaccard_median": 0.4,
  "nearest_token_jaccard_p90": 0.5571428571428575,
  "nearest_edit_similarity_mean": 0.4206946855763787,
  "nearest_edit_similarity_median": 0.39583333333333337,
  "nearest_edit_similarity_p90": 0.6551282051282055,
  "nearest_feature_cosine_mean": 0.8205174441754892,
  "nearest_feature_cosine_median": 0.9899046563769458,
  "nearest_feature_cosine_p90": 0.9899046563769458,
  "nearest_input_distance_mean": 0.6239579675336792,
  "nearest_input_distance_median": 0.6304347826086957,
  "nearest_input_distance_p90": 0.8148148148148149,
  "mean_nearest_similarity": 0.37604203246632084,
  "median_nearest_similarity": 0.3695652173913043,
  "p90_nearest_similarity": 0.6111111111111112,
  "unique_nearest_payload_rate": 0.056,
  "dominant_retrieved_payload_share": 0.456,
  "nearest_reference_count": 1560,
  "distinct_1": 0.028012449977767896,
  "distinct_2": 0.04859919954259577,
  "distinct_3": 0.06805444355484387,
  "lexical_diversity": 0.028012449977767896,
  "character_diversity": 0.760429787159076,
  "token_diversity": 0.5826563485186405,
  "keyword_diversity": 0.7658446142086937,
  "operator_diversity": 0.6065719815902634,
  "function_diversity": 0.0,
  "comment_style_diversity": 0.0,
  "length_zone_diversity": 0.2,
  "self_bleu": 0.9778954520866359,
  "self_bleu_char": 0.9778954520866359,
  "requested_count": 500,
  "generated_count_fraction": 1.0
}
