
[1/3] pretrain G
G epoch=1/120 loss=4.6007
G epoch=2/120 loss=4.4532
G epoch=3/120 loss=4.2867
G epoch=4/120 loss=4.0855
G epoch=5/120 loss=3.8453
G epoch=6/120 loss=3.5754
G epoch=7/120 loss=3.3028
G epoch=8/120 loss=3.0608
G epoch=9/120 loss=2.8701
G epoch=10/120 loss=2.7334
G epoch=11/120 loss=2.6332
G epoch=12/120 loss=2.5481
G epoch=13/120 loss=2.4674
G epoch=14/120 loss=2.3866
G epoch=15/120 loss=2.3050
G epoch=16/120 loss=2.2251
G epoch=17/120 loss=2.1503
G epoch=18/120 loss=2.0821
G epoch=19/120 loss=2.0189
G epoch=20/120 loss=1.9590
G epoch=21/120 loss=1.9012
G epoch=22/120 loss=1.8441
G epoch=23/120 loss=1.7866
G epoch=24/120 loss=1.7294
G epoch=25/120 loss=1.6737
G epoch=26/120 loss=1.6199
G epoch=27/120 loss=1.5683
G epoch=28/120 loss=1.5187
G epoch=29/120 loss=1.4707
G epoch=30/120 loss=1.4243
G epoch=31/120 loss=1.3798
G epoch=32/120 loss=1.3380
G epoch=33/120 loss=1.2981
G epoch=34/120 loss=1.2593
G epoch=35/120 loss=1.2211
G epoch=36/120 loss=1.1838
G epoch=37/120 loss=1.1479
G epoch=38/120 loss=1.1155
G epoch=39/120 loss=1.0826
G epoch=40/120 loss=1.0522
G epoch=41/120 loss=1.0227
G epoch=42/120 loss=0.9942
G epoch=43/120 loss=0.9673
G epoch=44/120 loss=0.9424
G epoch=45/120 loss=0.9194
G epoch=46/120 loss=0.8985
G epoch=47/120 loss=0.8733
G epoch=48/120 loss=0.8562
G epoch=49/120 loss=0.8346
G epoch=50/120 loss=0.8164
G epoch=51/120 loss=0.7934
G epoch=52/120 loss=0.7806
G epoch=53/120 loss=0.7575
G epoch=54/120 loss=0.7446
G epoch=55/120 loss=0.7270
G epoch=56/120 loss=0.7099
G epoch=57/120 loss=0.6973
G epoch=58/120 loss=0.6796
G epoch=59/120 loss=0.6677
G epoch=60/120 loss=0.6522
G epoch=61/120 loss=0.6389
G epoch=62/120 loss=0.6258
G epoch=63/120 loss=0.6134
G epoch=64/120 loss=0.6010
G epoch=65/120 loss=0.5907
G epoch=66/120 loss=0.5777
G epoch=67/120 loss=0.5678
G epoch=68/120 loss=0.5558
G epoch=69/120 loss=0.5447
G epoch=70/120 loss=0.5371
G epoch=71/120 loss=0.5259
G epoch=72/120 loss=0.5159
G epoch=73/120 loss=0.5071
G epoch=74/120 loss=0.4982
G epoch=75/120 loss=0.4900
G epoch=76/120 loss=0.4812
G epoch=77/120 loss=0.4727
G epoch=78/120 loss=0.4645
G epoch=79/120 loss=0.4563
G epoch=80/120 loss=0.4483
G epoch=81/120 loss=0.4412
G epoch=82/120 loss=0.4346
G epoch=83/120 loss=0.4306
G epoch=84/120 loss=0.4377
G epoch=85/120 loss=0.4152
G epoch=86/120 loss=0.4278
G epoch=87/120 loss=0.4117
G epoch=88/120 loss=0.4128
G epoch=89/120 loss=0.3954
G epoch=90/120 loss=0.4013
G epoch=91/120 loss=0.3865
G epoch=92/120 loss=0.3847
G epoch=93/120 loss=0.3816
G epoch=94/120 loss=0.3698
G epoch=95/120 loss=0.3730
G epoch=96/120 loss=0.3606
G epoch=97/120 loss=0.3612
G epoch=98/120 loss=0.3543
G epoch=99/120 loss=0.3494
G epoch=100/120 loss=0.3464
G epoch=101/120 loss=0.3399
G epoch=102/120 loss=0.3388
G epoch=103/120 loss=0.3314
G epoch=104/120 loss=0.3312
G epoch=105/120 loss=0.3240
G epoch=106/120 loss=0.3236
G epoch=107/120 loss=0.3173
G epoch=108/120 loss=0.3168
G epoch=109/120 loss=0.3111
G epoch=110/120 loss=0.3100
G epoch=111/120 loss=0.3053
G epoch=112/120 loss=0.3039
G epoch=113/120 loss=0.2998
G epoch=114/120 loss=0.2982
G epoch=115/120 loss=0.2947
G epoch=116/120 loss=0.2929
G epoch=117/120 loss=0.2899
G epoch=118/120 loss=0.2879
G epoch=119/120 loss=0.2854
G epoch=120/120 loss=0.2832

[2/3] pretrain D

[3/3] adversarial
generator_reward_mode=off reward_alpha=1.000 d_steps=5 d_epochs=3
ADV epoch=1/200 g_loss=0.3083 d_loss=0.0000 reward=0.5085 reward_var=0.0007 unique=0.8800
ADV epoch=2/200 g_loss=0.3065 d_loss=0.0000 reward=0.5088 reward_var=0.0007 unique=0.9400
ADV epoch=3/200 g_loss=0.3399 d_loss=0.0000 reward=0.5124 reward_var=0.0005 unique=0.9600
ADV epoch=4/200 g_loss=0.3615 d_loss=0.0000 reward=0.5158 reward_var=0.0006 unique=1.0000
ADV epoch=5/200 g_loss=0.3484 d_loss=0.0000 reward=0.5134 reward_var=0.0005 unique=0.9800
ADV epoch=6/200 g_loss=0.3607 d_loss=0.0000 reward=0.5122 reward_var=0.0004 unique=0.9800
ADV epoch=7/200 g_loss=0.3376 d_loss=0.0000 reward=0.5162 reward_var=0.0004 unique=0.9800
ADV epoch=8/200 g_loss=0.3606 d_loss=0.0000 reward=0.5158 reward_var=0.0004 unique=1.0000
ADV epoch=9/200 g_loss=0.3849 d_loss=0.0000 reward=0.5179 reward_var=0.0004 unique=0.9400
ADV epoch=10/200 g_loss=0.3853 d_loss=0.0000 reward=0.5186 reward_var=0.0004 unique=1.0000
ADV epoch=11/200 g_loss=0.4008 d_loss=0.0000 reward=0.5208 reward_var=0.0004 unique=1.0000
ADV epoch=12/200 g_loss=0.4231 d_loss=0.0000 reward=0.5222 reward_var=0.0003 unique=1.0000
ADV epoch=13/200 g_loss=0.4126 d_loss=0.0000 reward=0.5228 reward_var=0.0003 unique=1.0000
ADV epoch=14/200 g_loss=0.4236 d_loss=0.0000 reward=0.5250 reward_var=0.0003 unique=1.0000
ADV epoch=15/200 g_loss=0.4301 d_loss=0.0000 reward=0.5284 reward_var=0.0003 unique=1.0000
ADV epoch=16/200 g_loss=0.4672 d_loss=0.0000 reward=0.5281 reward_var=0.0004 unique=1.0000
ADV epoch=17/200 g_loss=0.4363 d_loss=0.0000 reward=0.5278 reward_var=0.0003 unique=1.0000
ADV epoch=18/200 g_loss=0.4890 d_loss=0.0000 reward=0.5309 reward_var=0.0004 unique=1.0000
ADV epoch=19/200 g_loss=0.4401 d_loss=0.0000 reward=0.5312 reward_var=0.0004 unique=1.0000
ADV epoch=20/200 g_loss=0.4567 d_loss=0.0000 reward=0.5356 reward_var=0.0004 unique=1.0000
ADV epoch=21/200 g_loss=0.4373 d_loss=0.0000 reward=0.5291 reward_var=0.0004 unique=1.0000
ADV epoch=22/200 g_loss=0.4444 d_loss=0.0000 reward=0.5353 reward_var=0.0004 unique=1.0000
ADV epoch=23/200 g_loss=0.4671 d_loss=0.0000 reward=0.5361 reward_var=0.0004 unique=1.0000
ADV epoch=24/200 g_loss=0.4084 d_loss=0.0000 reward=0.5386 reward_var=0.0005 unique=1.0000
ADV epoch=25/200 g_loss=0.4292 d_loss=0.0000 reward=0.5357 reward_var=0.0005 unique=1.0000
ADV epoch=26/200 g_loss=0.4771 d_loss=0.0000 reward=0.5368 reward_var=0.0004 unique=1.0000
ADV epoch=27/200 g_loss=0.4401 d_loss=0.0000 reward=0.5424 reward_var=0.0005 unique=0.9800
ADV epoch=28/200 g_loss=0.4512 d_loss=0.0000 reward=0.5462 reward_var=0.0005 unique=0.9800
ADV epoch=29/200 g_loss=0.4065 d_loss=0.0000 reward=0.5488 reward_var=0.0005 unique=0.9800
ADV epoch=30/200 g_loss=0.4427 d_loss=0.0000 reward=0.5446 reward_var=0.0005 unique=1.0000
ADV epoch=31/200 g_loss=0.4737 d_loss=0.0000 reward=0.5505 reward_var=0.0005 unique=1.0000
ADV epoch=32/200 g_loss=0.4461 d_loss=0.0000 reward=0.5483 reward_var=0.0006 unique=1.0000
ADV epoch=33/200 g_loss=0.4181 d_loss=0.0000 reward=0.5514 reward_var=0.0006 unique=0.9600
ADV epoch=34/200 g_loss=0.4468 d_loss=0.0000 reward=0.5529 reward_var=0.0004 unique=0.9600
ADV epoch=35/200 g_loss=0.4444 d_loss=0.0000 reward=0.5526 reward_var=0.0005 unique=0.9800
ADV epoch=36/200 g_loss=0.4845 d_loss=0.0000 reward=0.5538 reward_var=0.0005 unique=0.9800
ADV epoch=37/200 g_loss=0.3584 d_loss=0.0000 reward=0.5570 reward_var=0.0005 unique=0.9200
ADV epoch=38/200 g_loss=0.4090 d_loss=0.0000 reward=0.5582 reward_var=0.0006 unique=0.9600
ADV epoch=39/200 g_loss=0.3732 d_loss=0.0000 reward=0.5550 reward_var=0.0006 unique=0.9800
ADV epoch=40/200 g_loss=0.4298 d_loss=0.0000 reward=0.5524 reward_var=0.0006 unique=0.9600
ADV epoch=41/200 g_loss=0.3662 d_loss=0.0000 reward=0.5582 reward_var=0.0005 unique=0.9400
ADV epoch=42/200 g_loss=0.3470 d_loss=0.0000 reward=0.5538 reward_var=0.0005 unique=0.9600
ADV epoch=43/200 g_loss=0.3517 d_loss=0.0000 reward=0.5538 reward_var=0.0006 unique=0.9600
ADV epoch=44/200 g_loss=0.3729 d_loss=0.0000 reward=0.5553 reward_var=0.0007 unique=0.9800
ADV epoch=45/200 g_loss=0.3873 d_loss=0.0000 reward=0.5523 reward_var=0.0006 unique=0.9400
ADV epoch=46/200 g_loss=0.3631 d_loss=0.0000 reward=0.5518 reward_var=0.0006 unique=0.9800
ADV epoch=47/200 g_loss=0.3423 d_loss=0.0000 reward=0.5531 reward_var=0.0006 unique=0.9400
ADV epoch=48/200 g_loss=0.3619 d_loss=0.0000 reward=0.5479 reward_var=0.0008 unique=1.0000
ADV epoch=49/200 g_loss=0.3647 d_loss=0.0000 reward=0.5463 reward_var=0.0006 unique=0.9800
ADV epoch=50/200 g_loss=0.3454 d_loss=0.0000 reward=0.5433 reward_var=0.0008 unique=0.9800
ADV epoch=51/200 g_loss=0.3412 d_loss=0.0000 reward=0.5489 reward_var=0.0006 unique=0.9800
ADV epoch=52/200 g_loss=0.4053 d_loss=0.0000 reward=0.5447 reward_var=0.0008 unique=1.0000
ADV epoch=53/200 g_loss=0.3810 d_loss=0.0000 reward=0.5485 reward_var=0.0008 unique=0.9800
ADV epoch=54/200 g_loss=0.3585 d_loss=0.0000 reward=0.5487 reward_var=0.0008 unique=0.8600
ADV epoch=55/200 g_loss=0.3428 d_loss=0.0000 reward=0.5445 reward_var=0.0007 unique=0.9400
ADV epoch=56/200 g_loss=0.3683 d_loss=0.0000 reward=0.5496 reward_var=0.0009 unique=0.9800
ADV epoch=57/200 g_loss=0.4051 d_loss=0.0000 reward=0.5515 reward_var=0.0008 unique=0.9400
ADV epoch=58/200 g_loss=0.3623 d_loss=0.0000 reward=0.5611 reward_var=0.0008 unique=0.9400
ADV epoch=59/200 g_loss=0.3372 d_loss=0.0000 reward=0.5583 reward_var=0.0009 unique=0.9400
ADV epoch=60/200 g_loss=0.3583 d_loss=0.0000 reward=0.5565 reward_var=0.0009 unique=0.9600
ADV epoch=61/200 g_loss=0.4077 d_loss=0.0000 reward=0.5616 reward_var=0.0010 unique=0.9800
ADV epoch=62/200 g_loss=0.4257 d_loss=0.0000 reward=0.5597 reward_var=0.0008 unique=0.9800
ADV epoch=63/200 g_loss=0.3907 d_loss=0.0000 reward=0.5729 reward_var=0.0007 unique=0.9800
ADV epoch=64/200 g_loss=0.4080 d_loss=0.0000 reward=0.5719 reward_var=0.0008 unique=1.0000
ADV epoch=65/200 g_loss=0.3821 d_loss=0.0000 reward=0.5688 reward_var=0.0012 unique=0.9800
ADV epoch=66/200 g_loss=0.4447 d_loss=0.0000 reward=0.5691 reward_var=0.0011 unique=0.9400
ADV epoch=67/200 g_loss=0.4102 d_loss=0.0000 reward=0.5754 reward_var=0.0008 unique=0.9800
ADV epoch=68/200 g_loss=0.3962 d_loss=0.0000 reward=0.5710 reward_var=0.0011 unique=1.0000
ADV epoch=69/200 g_loss=0.3695 d_loss=0.0000 reward=0.5753 reward_var=0.0008 unique=1.0000
ADV epoch=70/200 g_loss=0.3970 d_loss=0.0000 reward=0.5669 reward_var=0.0012 unique=1.0000
ADV epoch=71/200 g_loss=0.3619 d_loss=0.0000 reward=0.5762 reward_var=0.0011 unique=0.9800
ADV epoch=72/200 g_loss=0.3580 d_loss=0.0000 reward=0.5746 reward_var=0.0010 unique=0.9600
ADV epoch=73/200 g_loss=0.3693 d_loss=0.0000 reward=0.5745 reward_var=0.0010 unique=1.0000
ADV epoch=74/200 g_loss=0.3895 d_loss=0.0000 reward=0.5694 reward_var=0.0012 unique=1.0000
ADV epoch=75/200 g_loss=0.3548 d_loss=0.0000 reward=0.5697 reward_var=0.0011 unique=1.0000
ADV epoch=76/200 g_loss=0.3832 d_loss=0.0000 reward=0.5693 reward_var=0.0010 unique=0.9600
ADV epoch=77/200 g_loss=0.3672 d_loss=0.0000 reward=0.5677 reward_var=0.0010 unique=0.9800
ADV epoch=78/200 g_loss=0.3589 d_loss=0.0000 reward=0.5732 reward_var=0.0011 unique=0.9600
ADV epoch=79/200 g_loss=0.3779 d_loss=0.0000 reward=0.5698 reward_var=0.0009 unique=0.9800
ADV epoch=80/200 g_loss=0.3391 d_loss=0.0000 reward=0.5722 reward_var=0.0007 unique=1.0000
ADV epoch=81/200 g_loss=0.3032 d_loss=0.0000 reward=0.5801 reward_var=0.0007 unique=0.9800
ADV epoch=82/200 g_loss=0.3316 d_loss=0.0000 reward=0.5700 reward_var=0.0009 unique=0.9000
ADV epoch=83/200 g_loss=0.3660 d_loss=0.0000 reward=0.5750 reward_var=0.0009 unique=1.0000
ADV epoch=84/200 g_loss=0.3252 d_loss=0.0000 reward=0.5691 reward_var=0.0010 unique=0.9800
ADV epoch=85/200 g_loss=0.3122 d_loss=0.0000 reward=0.5734 reward_var=0.0007 unique=0.9200
ADV epoch=86/200 g_loss=0.3107 d_loss=0.0000 reward=0.5716 reward_var=0.0007 unique=1.0000
ADV epoch=87/200 g_loss=0.2808 d_loss=0.0000 reward=0.5727 reward_var=0.0006 unique=0.9200
ADV epoch=88/200 g_loss=0.3009 d_loss=0.0000 reward=0.5746 reward_var=0.0008 unique=0.8000
ADV epoch=89/200 g_loss=0.2356 d_loss=0.0000 reward=0.5762 reward_var=0.0005 unique=0.7200
ADV epoch=90/200 g_loss=0.2417 d_loss=0.0000 reward=0.5774 reward_var=0.0005 unique=0.6800
ADV epoch=91/200 g_loss=0.2062 d_loss=0.0000 reward=0.5748 reward_var=0.0008 unique=0.7400
ADV epoch=92/200 g_loss=0.2265 d_loss=0.0000 reward=0.5678 reward_var=0.0008 unique=0.6800
ADV epoch=93/200 g_loss=0.1873 d_loss=0.0000 reward=0.5748 reward_var=0.0006 unique=0.6800
ADV epoch=94/200 g_loss=0.2040 d_loss=0.0000 reward=0.5743 reward_var=0.0007 unique=0.6400
ADV epoch=95/200 g_loss=0.2026 d_loss=0.0000 reward=0.5727 reward_var=0.0010 unique=0.6200
ADV epoch=96/200 g_loss=0.1886 d_loss=0.0000 reward=0.5758 reward_var=0.0005 unique=0.6600
ADV epoch=97/200 g_loss=0.1975 d_loss=0.0000 reward=0.5773 reward_var=0.0005 unique=0.5200
ADV epoch=98/200 g_loss=0.2336 d_loss=0.0000 reward=0.5728 reward_var=0.0008 unique=0.6200
ADV epoch=99/200 g_loss=0.1941 d_loss=0.0000 reward=0.5773 reward_var=0.0005 unique=0.7000
ADV epoch=100/200 g_loss=0.1891 d_loss=0.0000 reward=0.5762 reward_var=0.0006 unique=0.6000
ADV epoch=101/200 g_loss=0.2039 d_loss=0.0000 reward=0.5815 reward_var=0.0003 unique=0.6600
ADV epoch=102/200 g_loss=0.1914 d_loss=0.0000 reward=0.5751 reward_var=0.0007 unique=0.7400
ADV epoch=103/200 g_loss=0.2068 d_loss=0.0000 reward=0.5778 reward_var=0.0004 unique=0.5600
ADV epoch=104/200 g_loss=0.2042 d_loss=0.0000 reward=0.5705 reward_var=0.0010 unique=0.5600
ADV epoch=105/200 g_loss=0.1930 d_loss=0.0000 reward=0.5730 reward_var=0.0006 unique=0.5600
ADV epoch=106/200 g_loss=0.1894 d_loss=0.0000 reward=0.5733 reward_var=0.0007 unique=0.6600
ADV epoch=107/200 g_loss=0.2042 d_loss=0.0000 reward=0.5745 reward_var=0.0005 unique=0.7200
ADV epoch=108/200 g_loss=0.2114 d_loss=0.0000 reward=0.5698 reward_var=0.0008 unique=0.7000
ADV epoch=109/200 g_loss=0.1957 d_loss=0.0000 reward=0.5686 reward_var=0.0006 unique=0.8000
ADV epoch=110/200 g_loss=0.2341 d_loss=0.0000 reward=0.5650 reward_var=0.0008 unique=0.8800
ADV epoch=111/200 g_loss=0.2290 d_loss=0.0000 reward=0.5639 reward_var=0.0007 unique=0.7200
ADV epoch=112/200 g_loss=0.2602 d_loss=0.0000 reward=0.5594 reward_var=0.0010 unique=0.6200
ADV epoch=113/200 g_loss=0.2288 d_loss=0.0000 reward=0.5611 reward_var=0.0006 unique=0.6200
ADV epoch=114/200 g_loss=0.1811 d_loss=0.0000 reward=0.5580 reward_var=0.0007 unique=0.7600
ADV epoch=115/200 g_loss=0.2388 d_loss=0.0000 reward=0.5504 reward_var=0.0012 unique=0.6400
ADV epoch=116/200 g_loss=0.2193 d_loss=0.0000 reward=0.5550 reward_var=0.0007 unique=0.7800
ADV epoch=117/200 g_loss=0.1895 d_loss=0.0000 reward=0.5526 reward_var=0.0007 unique=0.6000
ADV epoch=118/200 g_loss=0.2350 d_loss=0.0000 reward=0.5539 reward_var=0.0008 unique=0.7200
ADV epoch=119/200 g_loss=0.1959 d_loss=0.0000 reward=0.5517 reward_var=0.0006 unique=0.7400
ADV epoch=120/200 g_loss=0.2216 d_loss=0.0000 reward=0.5510 reward_var=0.0007 unique=0.6400
ADV epoch=121/200 g_loss=0.2567 d_loss=0.0000 reward=0.5562 reward_var=0.0005 unique=0.7800
ADV epoch=122/200 g_loss=0.2058 d_loss=0.0000 reward=0.5523 reward_var=0.0006 unique=0.7800
ADV epoch=123/200 g_loss=0.2434 d_loss=0.0000 reward=0.5470 reward_var=0.0009 unique=0.8000
ADV epoch=124/200 g_loss=0.2640 d_loss=0.0000 reward=0.5474 reward_var=0.0008 unique=0.7600
ADV epoch=125/200 g_loss=0.2570 d_loss=0.0000 reward=0.5504 reward_var=0.0007 unique=0.7600
ADV epoch=126/200 g_loss=0.2278 d_loss=0.0000 reward=0.5482 reward_var=0.0006 unique=0.8000
ADV epoch=127/200 g_loss=0.2348 d_loss=0.0000 reward=0.5508 reward_var=0.0006 unique=0.7400
ADV epoch=128/200 g_loss=0.2690 d_loss=0.0000 reward=0.5499 reward_var=0.0007 unique=0.8000
ADV epoch=129/200 g_loss=0.2602 d_loss=0.0000 reward=0.5467 reward_var=0.0007 unique=0.7200
ADV epoch=130/200 g_loss=0.2627 d_loss=0.0000 reward=0.5542 reward_var=0.0005 unique=0.7000
ADV epoch=131/200 g_loss=0.2642 d_loss=0.0000 reward=0.5516 reward_var=0.0005 unique=0.8400
ADV epoch=132/200 g_loss=0.2959 d_loss=0.0000 reward=0.5453 reward_var=0.0008 unique=0.8800
ADV epoch=133/200 g_loss=0.3343 d_loss=0.0000 reward=0.5514 reward_var=0.0007 unique=0.8800
ADV epoch=134/200 g_loss=0.3815 d_loss=0.0000 reward=0.5497 reward_var=0.0006 unique=0.9800
ADV epoch=135/200 g_loss=0.3858 d_loss=0.0000 reward=0.5509 reward_var=0.0005 unique=1.0000
ADV epoch=136/200 g_loss=0.4264 d_loss=0.0000 reward=0.5588 reward_var=0.0005 unique=1.0000
ADV epoch=137/200 g_loss=0.4494 d_loss=0.0000 reward=0.5550 reward_var=0.0006 unique=0.9800
ADV epoch=138/200 g_loss=0.4559 d_loss=0.0000 reward=0.5606 reward_var=0.0005 unique=1.0000
ADV epoch=139/200 g_loss=0.4592 d_loss=0.0000 reward=0.5658 reward_var=0.0006 unique=0.9600
ADV epoch=140/200 g_loss=0.4798 d_loss=0.0000 reward=0.5634 reward_var=0.0006 unique=1.0000
ADV epoch=141/200 g_loss=0.5052 d_loss=0.0000 reward=0.5597 reward_var=0.0006 unique=1.0000
ADV epoch=142/200 g_loss=0.5043 d_loss=0.0000 reward=0.5604 reward_var=0.0006 unique=1.0000
ADV epoch=143/200 g_loss=0.4987 d_loss=0.0000 reward=0.5646 reward_var=0.0005 unique=1.0000
ADV epoch=144/200 g_loss=0.5030 d_loss=0.0000 reward=0.5598 reward_var=0.0004 unique=0.9800
ADV epoch=145/200 g_loss=0.4700 d_loss=0.0000 reward=0.5603 reward_var=0.0004 unique=0.9800
ADV epoch=146/200 g_loss=0.4543 d_loss=0.0000 reward=0.5576 reward_var=0.0004 unique=1.0000
ADV epoch=147/200 g_loss=0.4116 d_loss=0.0000 reward=0.5567 reward_var=0.0005 unique=0.9600
ADV epoch=148/200 g_loss=0.3947 d_loss=0.0000 reward=0.5571 reward_var=0.0004 unique=0.9800
ADV epoch=149/200 g_loss=0.3807 d_loss=0.0000 reward=0.5539 reward_var=0.0003 unique=1.0000
ADV epoch=150/200 g_loss=0.3850 d_loss=0.0000 reward=0.5539 reward_var=0.0003 unique=1.0000
ADV epoch=151/200 g_loss=0.4197 d_loss=0.0000 reward=0.5546 reward_var=0.0003 unique=1.0000
ADV epoch=152/200 g_loss=0.3798 d_loss=0.0000 reward=0.5575 reward_var=0.0002 unique=1.0000
ADV epoch=153/200 g_loss=0.4274 d_loss=0.0000 reward=0.5538 reward_var=0.0003 unique=1.0000
ADV epoch=154/200 g_loss=0.3891 d_loss=0.0000 reward=0.5528 reward_var=0.0002 unique=1.0000
ADV epoch=155/200 g_loss=0.3601 d_loss=0.0000 reward=0.5517 reward_var=0.0003 unique=1.0000
ADV epoch=156/200 g_loss=0.3318 d_loss=0.0000 reward=0.5540 reward_var=0.0002 unique=1.0000
ADV epoch=157/200 g_loss=0.2965 d_loss=0.0000 reward=0.5530 reward_var=0.0002 unique=0.9600
ADV epoch=158/200 g_loss=0.3191 d_loss=0.0000 reward=0.5528 reward_var=0.0002 unique=0.9600
ADV epoch=159/200 g_loss=0.2566 d_loss=0.0000 reward=0.5503 reward_var=0.0002 unique=0.8800
ADV epoch=160/200 g_loss=0.2396 d_loss=0.0000 reward=0.5495 reward_var=0.0002 unique=0.8000
ADV epoch=161/200 g_loss=0.2183 d_loss=0.0000 reward=0.5474 reward_var=0.0003 unique=0.6600
ADV epoch=162/200 g_loss=0.2126 d_loss=0.0000 reward=0.5466 reward_var=0.0003 unique=0.7000
ADV epoch=163/200 g_loss=0.1747 d_loss=0.0000 reward=0.5450 reward_var=0.0002 unique=0.6800
ADV epoch=164/200 g_loss=0.1752 d_loss=0.0000 reward=0.5446 reward_var=0.0003 unique=0.7000
ADV epoch=165/200 g_loss=0.1398 d_loss=0.0000 reward=0.5453 reward_var=0.0002 unique=0.5000
ADV epoch=166/200 g_loss=0.1446 d_loss=0.0000 reward=0.5447 reward_var=0.0001 unique=0.6000
ADV epoch=167/200 g_loss=0.1279 d_loss=0.0000 reward=0.5453 reward_var=0.0001 unique=0.5800
ADV epoch=168/200 g_loss=0.1401 d_loss=0.0000 reward=0.5439 reward_var=0.0002 unique=0.5800
ADV epoch=169/200 g_loss=0.1423 d_loss=0.0000 reward=0.5403 reward_var=0.0001 unique=0.6600
ADV epoch=170/200 g_loss=0.1294 d_loss=0.0000 reward=0.5402 reward_var=0.0001 unique=0.7000
ADV epoch=171/200 g_loss=0.1531 d_loss=0.0000 reward=0.5379 reward_var=0.0001 unique=0.6400
ADV epoch=172/200 g_loss=0.1618 d_loss=0.0000 reward=0.5370 reward_var=0.0002 unique=0.8000
ADV epoch=173/200 g_loss=0.1899 d_loss=0.0000 reward=0.5399 reward_var=0.0002 unique=0.7800
ADV epoch=174/200 g_loss=0.1851 d_loss=0.0000 reward=0.5393 reward_var=0.0002 unique=0.9200
ADV epoch=175/200 g_loss=0.2109 d_loss=0.0000 reward=0.5420 reward_var=0.0002 unique=0.8400
ADV epoch=176/200 g_loss=0.2269 d_loss=0.0000 reward=0.5410 reward_var=0.0002 unique=0.8400
ADV epoch=177/200 g_loss=0.2423 d_loss=0.0000 reward=0.5449 reward_var=0.0003 unique=0.9800
ADV epoch=178/200 g_loss=0.2622 d_loss=0.0000 reward=0.5455 reward_var=0.0002 unique=0.9800
ADV epoch=179/200 g_loss=0.2363 d_loss=0.0000 reward=0.5508 reward_var=0.0002 unique=0.9200
ADV epoch=180/200 g_loss=0.2858 d_loss=0.0000 reward=0.5581 reward_var=0.0004 unique=0.9600
ADV epoch=181/200 g_loss=0.2782 d_loss=0.0000 reward=0.5650 reward_var=0.0002 unique=0.9000
ADV epoch=182/200 g_loss=0.2435 d_loss=0.0000 reward=0.5724 reward_var=0.0003 unique=0.9000
ADV epoch=183/200 g_loss=0.2376 d_loss=0.0000 reward=0.5773 reward_var=0.0002 unique=0.8200
ADV epoch=184/200 g_loss=0.2239 d_loss=0.0000 reward=0.5813 reward_var=0.0001 unique=0.9000
ADV epoch=185/200 g_loss=0.1979 d_loss=0.0000 reward=0.5836 reward_var=0.0002 unique=0.7400
ADV epoch=186/200 g_loss=0.2262 d_loss=0.0000 reward=0.5837 reward_var=0.0001 unique=0.6600
ADV epoch=187/200 g_loss=0.1731 d_loss=0.0000 reward=0.5866 reward_var=0.0001 unique=0.6800
ADV epoch=188/200 g_loss=0.2014 d_loss=0.0000 reward=0.5865 reward_var=0.0001 unique=0.7600
ADV epoch=189/200 g_loss=0.1795 d_loss=0.0000 reward=0.5880 reward_var=0.0001 unique=0.6200
ADV epoch=190/200 g_loss=0.1996 d_loss=0.0000 reward=0.5876 reward_var=0.0001 unique=0.5800
ADV epoch=191/200 g_loss=0.1642 d_loss=0.0000 reward=0.5899 reward_var=0.0001 unique=0.6000
ADV epoch=192/200 g_loss=0.1620 d_loss=0.0000 reward=0.5893 reward_var=0.0001 unique=0.5600
ADV epoch=193/200 g_loss=0.1365 d_loss=0.0000 reward=0.5902 reward_var=0.0001 unique=0.5600
ADV epoch=194/200 g_loss=0.1589 d_loss=0.0000 reward=0.5873 reward_var=0.0002 unique=0.6200
ADV epoch=195/200 g_loss=0.1766 d_loss=0.0000 reward=0.5896 reward_var=0.0001 unique=0.7600
ADV epoch=196/200 g_loss=0.1800 d_loss=0.0000 reward=0.5899 reward_var=0.0001 unique=0.4400
ADV epoch=197/200 g_loss=0.1604 d_loss=0.0000 reward=0.5897 reward_var=0.0001 unique=0.5400
ADV epoch=198/200 g_loss=0.1461 d_loss=0.0000 reward=0.5907 reward_var=0.0001 unique=0.5600
ADV epoch=199/200 g_loss=0.1923 d_loss=0.0000 reward=0.5900 reward_var=0.0001 unique=0.7200
ADV epoch=200/200 g_loss=0.1742 d_loss=0.0000 reward=0.5896 reward_var=0.0002 unique=0.5800
saved 2000 raw samples to /content/drive/MyDrive/GAN_for_SQLi - 4/result/final/seqgan_master/union/D/R500/generated_payloads.csv
