
[1/3] pretrain G
G epoch=1/120 loss=5.3390
G epoch=2/120 loss=5.2380
G epoch=3/120 loss=5.1342
G epoch=4/120 loss=5.0135
G epoch=5/120 loss=4.8665
G epoch=6/120 loss=4.6869
G epoch=7/120 loss=4.4725
G epoch=8/120 loss=4.2316
G epoch=9/120 loss=3.9841
G epoch=10/120 loss=3.7481
G epoch=11/120 loss=3.5339
G epoch=12/120 loss=3.3478
G epoch=13/120 loss=3.1924
G epoch=14/120 loss=3.0648
G epoch=15/120 loss=2.9604
G epoch=16/120 loss=2.8734
G epoch=17/120 loss=2.7971
G epoch=18/120 loss=2.7244
G epoch=19/120 loss=2.6523
G epoch=20/120 loss=2.5818
G epoch=21/120 loss=2.5147
G epoch=22/120 loss=2.4521
G epoch=23/120 loss=2.3941
G epoch=24/120 loss=2.3385
G epoch=25/120 loss=2.2844
G epoch=26/120 loss=2.2316
G epoch=27/120 loss=2.1809
G epoch=28/120 loss=2.1320
G epoch=29/120 loss=2.0828
G epoch=30/120 loss=2.0342
G epoch=31/120 loss=1.9873
G epoch=32/120 loss=1.9415
G epoch=33/120 loss=1.8970
G epoch=34/120 loss=1.8541
G epoch=35/120 loss=1.8114
G epoch=36/120 loss=1.7704
G epoch=37/120 loss=1.7321
G epoch=38/120 loss=1.6960
G epoch=39/120 loss=1.6601
G epoch=40/120 loss=1.6248
G epoch=41/120 loss=1.5920
G epoch=42/120 loss=1.5624
G epoch=43/120 loss=1.5316
G epoch=44/120 loss=1.5019
G epoch=45/120 loss=1.4742
G epoch=46/120 loss=1.4469
G epoch=47/120 loss=1.4196
G epoch=48/120 loss=1.3937
G epoch=49/120 loss=1.3690
G epoch=50/120 loss=1.3448
G epoch=51/120 loss=1.3210
G epoch=52/120 loss=1.2981
G epoch=53/120 loss=1.2762
G epoch=54/120 loss=1.2550
G epoch=55/120 loss=1.2344
G epoch=56/120 loss=1.2145
G epoch=57/120 loss=1.1952
G epoch=58/120 loss=1.1764
G epoch=59/120 loss=1.1580
G epoch=60/120 loss=1.1404
G epoch=61/120 loss=1.1235
G epoch=62/120 loss=1.1068
G epoch=63/120 loss=1.0903
G epoch=64/120 loss=1.0739
G epoch=65/120 loss=1.0577
G epoch=66/120 loss=1.0419
G epoch=67/120 loss=1.0265
G epoch=68/120 loss=1.0115
G epoch=69/120 loss=0.9969
G epoch=70/120 loss=0.9825
G epoch=71/120 loss=0.9682
G epoch=72/120 loss=0.9539
G epoch=73/120 loss=0.9399
G epoch=74/120 loss=0.9262
G epoch=75/120 loss=0.9127
G epoch=76/120 loss=0.8994
G epoch=77/120 loss=0.8860
G epoch=78/120 loss=0.8728
G epoch=79/120 loss=0.8597
G epoch=80/120 loss=0.8469
G epoch=81/120 loss=0.8343
G epoch=82/120 loss=0.8220
G epoch=83/120 loss=0.8098
G epoch=84/120 loss=0.7975
G epoch=85/120 loss=0.7854
G epoch=86/120 loss=0.7733
G epoch=87/120 loss=0.7615
G epoch=88/120 loss=0.7496
G epoch=89/120 loss=0.7380
G epoch=90/120 loss=0.7267
G epoch=91/120 loss=0.7163
G epoch=92/120 loss=0.7059
G epoch=93/120 loss=0.6948
G epoch=94/120 loss=0.6844
G epoch=95/120 loss=0.6745
G epoch=96/120 loss=0.6650
G epoch=97/120 loss=0.6555
G epoch=98/120 loss=0.6463
G epoch=99/120 loss=0.6373
G epoch=100/120 loss=0.6286
G epoch=101/120 loss=0.6201
G epoch=102/120 loss=0.6115
G epoch=103/120 loss=0.6033
G epoch=104/120 loss=0.5951
G epoch=105/120 loss=0.5875
G epoch=106/120 loss=0.5801
G epoch=107/120 loss=0.5735
G epoch=108/120 loss=0.5673
G epoch=109/120 loss=0.5584
G epoch=110/120 loss=0.5535
G epoch=111/120 loss=0.5458
G epoch=112/120 loss=0.5404
G epoch=113/120 loss=0.5331
G epoch=114/120 loss=0.5284
G epoch=115/120 loss=0.5215
G epoch=116/120 loss=0.5167
G epoch=117/120 loss=0.5105
G epoch=118/120 loss=0.5058
G epoch=119/120 loss=0.4998
G epoch=120/120 loss=0.4951

[2/3] pretrain D

[3/3] adversarial
generator_reward_mode=off reward_alpha=1.000 d_steps=5 d_epochs=3
ADV epoch=1/200 g_loss=0.6881 d_loss=0.0000 reward=0.6632 reward_var=0.0006 unique=1.0000
ADV epoch=2/200 g_loss=0.8637 d_loss=0.0000 reward=0.6772 reward_var=0.0010 unique=1.0000
ADV epoch=3/200 g_loss=1.1040 d_loss=0.0000 reward=0.6985 reward_var=0.0008 unique=1.0000
ADV epoch=4/200 g_loss=1.2042 d_loss=0.0000 reward=0.7077 reward_var=0.0007 unique=1.0000
ADV epoch=5/200 g_loss=1.2238 d_loss=0.0000 reward=0.7123 reward_var=0.0006 unique=1.0000
ADV epoch=6/200 g_loss=1.2338 d_loss=0.0000 reward=0.7144 reward_var=0.0004 unique=1.0000
ADV epoch=7/200 g_loss=1.2146 d_loss=0.0000 reward=0.7145 reward_var=0.0004 unique=1.0000
ADV epoch=8/200 g_loss=1.2241 d_loss=0.0000 reward=0.7162 reward_var=0.0003 unique=1.0000
ADV epoch=9/200 g_loss=1.2578 d_loss=0.0000 reward=0.7168 reward_var=0.0003 unique=1.0000
ADV epoch=10/200 g_loss=1.2908 d_loss=0.0000 reward=0.7177 reward_var=0.0003 unique=1.0000
ADV epoch=11/200 g_loss=1.3304 d_loss=0.0000 reward=0.7199 reward_var=0.0003 unique=1.0000
ADV epoch=12/200 g_loss=1.3690 d_loss=0.0000 reward=0.7199 reward_var=0.0002 unique=1.0000
ADV epoch=13/200 g_loss=1.3869 d_loss=0.0000 reward=0.7202 reward_var=0.0002 unique=1.0000
ADV epoch=14/200 g_loss=1.4251 d_loss=0.0000 reward=0.7212 reward_var=0.0002 unique=1.0000
ADV epoch=15/200 g_loss=1.4476 d_loss=0.0000 reward=0.7216 reward_var=0.0002 unique=1.0000
ADV epoch=16/200 g_loss=1.4809 d_loss=0.0000 reward=0.7231 reward_var=0.0002 unique=1.0000
ADV epoch=17/200 g_loss=1.5053 d_loss=0.0000 reward=0.7235 reward_var=0.0002 unique=1.0000
ADV epoch=18/200 g_loss=1.5335 d_loss=0.0000 reward=0.7237 reward_var=0.0002 unique=1.0000
ADV epoch=19/200 g_loss=1.5676 d_loss=0.0000 reward=0.7260 reward_var=0.0002 unique=1.0000
ADV epoch=20/200 g_loss=1.5732 d_loss=0.0000 reward=0.7267 reward_var=0.0002 unique=1.0000
ADV epoch=21/200 g_loss=1.6128 d_loss=0.0000 reward=0.7263 reward_var=0.0002 unique=1.0000
ADV epoch=22/200 g_loss=1.6103 d_loss=0.0000 reward=0.7271 reward_var=0.0002 unique=1.0000
ADV epoch=23/200 g_loss=1.6365 d_loss=0.0000 reward=0.7279 reward_var=0.0002 unique=1.0000
ADV epoch=24/200 g_loss=1.6366 d_loss=0.0000 reward=0.7264 reward_var=0.0002 unique=1.0000
ADV epoch=25/200 g_loss=1.6492 d_loss=0.0000 reward=0.7268 reward_var=0.0002 unique=1.0000
ADV epoch=26/200 g_loss=1.6498 d_loss=0.0000 reward=0.7262 reward_var=0.0002 unique=1.0000
ADV epoch=27/200 g_loss=1.6529 d_loss=0.0000 reward=0.7264 reward_var=0.0002 unique=1.0000
ADV epoch=28/200 g_loss=1.6429 d_loss=0.0000 reward=0.7261 reward_var=0.0002 unique=1.0000
ADV epoch=29/200 g_loss=1.6612 d_loss=0.0000 reward=0.7264 reward_var=0.0002 unique=1.0000
ADV epoch=30/200 g_loss=1.6628 d_loss=0.0000 reward=0.7267 reward_var=0.0002 unique=1.0000
ADV epoch=31/200 g_loss=1.6739 d_loss=0.0000 reward=0.7266 reward_var=0.0002 unique=1.0000
ADV epoch=32/200 g_loss=1.6693 d_loss=0.0000 reward=0.7271 reward_var=0.0002 unique=1.0000
ADV epoch=33/200 g_loss=1.6727 d_loss=0.0000 reward=0.7266 reward_var=0.0002 unique=1.0000
ADV epoch=34/200 g_loss=1.6860 d_loss=0.0000 reward=0.7280 reward_var=0.0002 unique=1.0000
ADV epoch=35/200 g_loss=1.6983 d_loss=0.0000 reward=0.7281 reward_var=0.0002 unique=1.0000
ADV epoch=36/200 g_loss=1.7019 d_loss=0.0000 reward=0.7277 reward_var=0.0002 unique=1.0000
ADV epoch=37/200 g_loss=1.7174 d_loss=0.0000 reward=0.7288 reward_var=0.0002 unique=1.0000
ADV epoch=38/200 g_loss=1.7388 d_loss=0.0000 reward=0.7297 reward_var=0.0002 unique=1.0000
ADV epoch=39/200 g_loss=1.7695 d_loss=0.0000 reward=0.7310 reward_var=0.0002 unique=1.0000
ADV epoch=40/200 g_loss=1.7995 d_loss=0.0000 reward=0.7319 reward_var=0.0002 unique=1.0000
ADV epoch=41/200 g_loss=1.8301 d_loss=0.0000 reward=0.7333 reward_var=0.0002 unique=1.0000
ADV epoch=42/200 g_loss=1.8695 d_loss=0.0000 reward=0.7340 reward_var=0.0002 unique=1.0000
ADV epoch=43/200 g_loss=1.8992 d_loss=0.0000 reward=0.7347 reward_var=0.0002 unique=1.0000
ADV epoch=44/200 g_loss=1.9117 d_loss=0.0000 reward=0.7352 reward_var=0.0002 unique=1.0000
ADV epoch=45/200 g_loss=1.9312 d_loss=0.0000 reward=0.7362 reward_var=0.0002 unique=1.0000
ADV epoch=46/200 g_loss=1.9427 d_loss=0.0000 reward=0.7377 reward_var=0.0002 unique=1.0000
ADV epoch=47/200 g_loss=1.9553 d_loss=0.0000 reward=0.7379 reward_var=0.0002 unique=1.0000
ADV epoch=48/200 g_loss=1.9671 d_loss=0.0000 reward=0.7398 reward_var=0.0002 unique=1.0000
ADV epoch=49/200 g_loss=1.9623 d_loss=0.0000 reward=0.7405 reward_var=0.0002 unique=1.0000
ADV epoch=50/200 g_loss=1.9540 d_loss=0.0000 reward=0.7398 reward_var=0.0002 unique=1.0000
ADV epoch=51/200 g_loss=1.9621 d_loss=0.0000 reward=0.7404 reward_var=0.0002 unique=1.0000
ADV epoch=52/200 g_loss=1.9587 d_loss=0.0000 reward=0.7421 reward_var=0.0002 unique=1.0000
ADV epoch=53/200 g_loss=1.9373 d_loss=0.0000 reward=0.7416 reward_var=0.0002 unique=1.0000
ADV epoch=54/200 g_loss=1.9300 d_loss=0.0000 reward=0.7434 reward_var=0.0002 unique=1.0000
ADV epoch=55/200 g_loss=1.9327 d_loss=0.0000 reward=0.7439 reward_var=0.0002 unique=1.0000
ADV epoch=56/200 g_loss=1.9303 d_loss=0.0000 reward=0.7441 reward_var=0.0002 unique=1.0000
ADV epoch=57/200 g_loss=1.9416 d_loss=0.0000 reward=0.7445 reward_var=0.0002 unique=1.0000
ADV epoch=58/200 g_loss=1.9374 d_loss=0.0000 reward=0.7444 reward_var=0.0002 unique=1.0000
ADV epoch=59/200 g_loss=1.9478 d_loss=0.0000 reward=0.7452 reward_var=0.0002 unique=1.0000
ADV epoch=60/200 g_loss=1.9325 d_loss=0.0000 reward=0.7448 reward_var=0.0002 unique=1.0000
ADV epoch=61/200 g_loss=1.9333 d_loss=0.0000 reward=0.7452 reward_var=0.0002 unique=1.0000
ADV epoch=62/200 g_loss=1.9333 d_loss=0.0000 reward=0.7456 reward_var=0.0002 unique=1.0000
ADV epoch=63/200 g_loss=1.9232 d_loss=0.0000 reward=0.7465 reward_var=0.0002 unique=1.0000
ADV epoch=64/200 g_loss=1.9191 d_loss=0.0000 reward=0.7464 reward_var=0.0002 unique=1.0000
ADV epoch=65/200 g_loss=1.9174 d_loss=0.0000 reward=0.7459 reward_var=0.0002 unique=1.0000
ADV epoch=66/200 g_loss=1.9412 d_loss=0.0000 reward=0.7467 reward_var=0.0002 unique=1.0000
ADV epoch=67/200 g_loss=1.9444 d_loss=0.0000 reward=0.7464 reward_var=0.0002 unique=1.0000
ADV epoch=68/200 g_loss=1.9248 d_loss=0.0000 reward=0.7445 reward_var=0.0002 unique=1.0000
ADV epoch=69/200 g_loss=1.9391 d_loss=0.0000 reward=0.7441 reward_var=0.0002 unique=1.0000
ADV epoch=70/200 g_loss=1.9303 d_loss=0.0000 reward=0.7438 reward_var=0.0002 unique=1.0000
ADV epoch=71/200 g_loss=1.9343 d_loss=0.0000 reward=0.7432 reward_var=0.0002 unique=1.0000
ADV epoch=72/200 g_loss=1.9449 d_loss=0.0000 reward=0.7436 reward_var=0.0002 unique=1.0000
ADV epoch=73/200 g_loss=1.9515 d_loss=0.0000 reward=0.7439 reward_var=0.0002 unique=1.0000
ADV epoch=74/200 g_loss=1.9627 d_loss=0.0000 reward=0.7445 reward_var=0.0002 unique=1.0000
ADV epoch=75/200 g_loss=1.9833 d_loss=0.0000 reward=0.7461 reward_var=0.0002 unique=1.0000
ADV epoch=76/200 g_loss=1.9961 d_loss=0.0000 reward=0.7464 reward_var=0.0002 unique=1.0000
ADV epoch=77/200 g_loss=2.0118 d_loss=0.0000 reward=0.7472 reward_var=0.0002 unique=1.0000
ADV epoch=78/200 g_loss=2.0345 d_loss=0.0000 reward=0.7477 reward_var=0.0002 unique=1.0000
ADV epoch=79/200 g_loss=2.0448 d_loss=0.0000 reward=0.7478 reward_var=0.0002 unique=1.0000
ADV epoch=80/200 g_loss=2.0436 d_loss=0.0000 reward=0.7488 reward_var=0.0002 unique=1.0000
ADV epoch=81/200 g_loss=2.0367 d_loss=0.0000 reward=0.7483 reward_var=0.0002 unique=1.0000
ADV epoch=82/200 g_loss=2.0283 d_loss=0.0000 reward=0.7483 reward_var=0.0002 unique=1.0000
ADV epoch=83/200 g_loss=2.0184 d_loss=0.0000 reward=0.7478 reward_var=0.0002 unique=1.0000
ADV epoch=84/200 g_loss=2.0048 d_loss=0.0000 reward=0.7468 reward_var=0.0002 unique=1.0000
ADV epoch=85/200 g_loss=1.9990 d_loss=0.0000 reward=0.7465 reward_var=0.0002 unique=1.0000
ADV epoch=86/200 g_loss=2.0076 d_loss=0.0000 reward=0.7476 reward_var=0.0002 unique=1.0000
ADV epoch=87/200 g_loss=2.0140 d_loss=0.0000 reward=0.7461 reward_var=0.0002 unique=1.0000
ADV epoch=88/200 g_loss=2.0300 d_loss=0.0000 reward=0.7457 reward_var=0.0002 unique=1.0000
ADV epoch=89/200 g_loss=2.0369 d_loss=0.0000 reward=0.7460 reward_var=0.0002 unique=1.0000
ADV epoch=90/200 g_loss=2.0358 d_loss=0.0000 reward=0.7456 reward_var=0.0002 unique=1.0000
ADV epoch=91/200 g_loss=2.0322 d_loss=0.0000 reward=0.7451 reward_var=0.0002 unique=1.0000
ADV epoch=92/200 g_loss=2.0417 d_loss=0.0000 reward=0.7446 reward_var=0.0002 unique=1.0000
ADV epoch=93/200 g_loss=2.0457 d_loss=0.0000 reward=0.7454 reward_var=0.0002 unique=1.0000
ADV epoch=94/200 g_loss=2.0334 d_loss=0.0000 reward=0.7448 reward_var=0.0002 unique=1.0000
ADV epoch=95/200 g_loss=2.0362 d_loss=0.0000 reward=0.7444 reward_var=0.0002 unique=1.0000
ADV epoch=96/200 g_loss=2.0383 d_loss=0.0000 reward=0.7445 reward_var=0.0002 unique=1.0000
ADV epoch=97/200 g_loss=2.0236 d_loss=0.0000 reward=0.7448 reward_var=0.0002 unique=1.0000
ADV epoch=98/200 g_loss=2.0190 d_loss=0.0000 reward=0.7439 reward_var=0.0002 unique=1.0000
ADV epoch=99/200 g_loss=2.0173 d_loss=0.0000 reward=0.7441 reward_var=0.0002 unique=1.0000
ADV epoch=100/200 g_loss=2.0142 d_loss=0.0000 reward=0.7429 reward_var=0.0002 unique=1.0000
ADV epoch=101/200 g_loss=1.9990 d_loss=0.0000 reward=0.7430 reward_var=0.0002 unique=1.0000
ADV epoch=102/200 g_loss=1.9986 d_loss=0.0000 reward=0.7407 reward_var=0.0002 unique=1.0000
ADV epoch=103/200 g_loss=1.9943 d_loss=0.0000 reward=0.7409 reward_var=0.0002 unique=1.0000
ADV epoch=104/200 g_loss=1.9931 d_loss=0.0000 reward=0.7402 reward_var=0.0002 unique=1.0000
ADV epoch=105/200 g_loss=1.9860 d_loss=0.0000 reward=0.7382 reward_var=0.0002 unique=1.0000
ADV epoch=106/200 g_loss=1.9866 d_loss=0.0000 reward=0.7383 reward_var=0.0002 unique=1.0000
ADV epoch=107/200 g_loss=1.9749 d_loss=0.0000 reward=0.7369 reward_var=0.0002 unique=1.0000
ADV epoch=108/200 g_loss=1.9641 d_loss=0.0000 reward=0.7343 reward_var=0.0002 unique=1.0000
ADV epoch=109/200 g_loss=1.9738 d_loss=0.0000 reward=0.7353 reward_var=0.0002 unique=1.0000
ADV epoch=110/200 g_loss=1.9631 d_loss=0.0000 reward=0.7360 reward_var=0.0002 unique=1.0000
ADV epoch=111/200 g_loss=1.9420 d_loss=0.0000 reward=0.7330 reward_var=0.0002 unique=1.0000
ADV epoch=112/200 g_loss=1.9289 d_loss=0.0000 reward=0.7329 reward_var=0.0002 unique=1.0000
ADV epoch=113/200 g_loss=1.9192 d_loss=0.0000 reward=0.7328 reward_var=0.0002 unique=1.0000
ADV epoch=114/200 g_loss=1.8962 d_loss=0.0000 reward=0.7328 reward_var=0.0002 unique=1.0000
ADV epoch=115/200 g_loss=1.8652 d_loss=0.0000 reward=0.7320 reward_var=0.0002 unique=1.0000
ADV epoch=116/200 g_loss=1.8538 d_loss=0.0000 reward=0.7314 reward_var=0.0002 unique=1.0000
ADV epoch=117/200 g_loss=1.8247 d_loss=0.0000 reward=0.7304 reward_var=0.0002 unique=1.0000
ADV epoch=118/200 g_loss=1.8040 d_loss=0.0000 reward=0.7308 reward_var=0.0002 unique=1.0000
ADV epoch=119/200 g_loss=1.7749 d_loss=0.0000 reward=0.7291 reward_var=0.0002 unique=1.0000
ADV epoch=120/200 g_loss=1.7496 d_loss=0.0000 reward=0.7286 reward_var=0.0002 unique=1.0000
ADV epoch=121/200 g_loss=1.7231 d_loss=0.0000 reward=0.7285 reward_var=0.0002 unique=1.0000
ADV epoch=122/200 g_loss=1.6853 d_loss=0.0000 reward=0.7269 reward_var=0.0002 unique=1.0000
ADV epoch=123/200 g_loss=1.6631 d_loss=0.0000 reward=0.7253 reward_var=0.0002 unique=1.0000
ADV epoch=124/200 g_loss=1.6378 d_loss=0.0000 reward=0.7259 reward_var=0.0002 unique=1.0000
ADV epoch=125/200 g_loss=1.6152 d_loss=0.0000 reward=0.7246 reward_var=0.0002 unique=1.0000
ADV epoch=126/200 g_loss=1.6097 d_loss=0.0000 reward=0.7243 reward_var=0.0002 unique=1.0000
ADV epoch=127/200 g_loss=1.5865 d_loss=0.0000 reward=0.7225 reward_var=0.0002 unique=1.0000
ADV epoch=128/200 g_loss=1.5839 d_loss=0.0000 reward=0.7230 reward_var=0.0002 unique=1.0000
ADV epoch=129/200 g_loss=1.5782 d_loss=0.0000 reward=0.7209 reward_var=0.0002 unique=1.0000
ADV epoch=130/200 g_loss=1.5829 d_loss=0.0000 reward=0.7214 reward_var=0.0002 unique=1.0000
ADV epoch=131/200 g_loss=1.5843 d_loss=0.0000 reward=0.7202 reward_var=0.0002 unique=1.0000
ADV epoch=132/200 g_loss=1.5924 d_loss=0.0000 reward=0.7202 reward_var=0.0002 unique=1.0000
ADV epoch=133/200 g_loss=1.6036 d_loss=0.0000 reward=0.7199 reward_var=0.0002 unique=1.0000
ADV epoch=134/200 g_loss=1.6104 d_loss=0.0000 reward=0.7192 reward_var=0.0002 unique=1.0000
ADV epoch=135/200 g_loss=1.6133 d_loss=0.0000 reward=0.7188 reward_var=0.0002 unique=1.0000
ADV epoch=136/200 g_loss=1.6219 d_loss=0.0000 reward=0.7177 reward_var=0.0002 unique=1.0000
ADV epoch=137/200 g_loss=1.6132 d_loss=0.0000 reward=0.7176 reward_var=0.0002 unique=1.0000
ADV epoch=138/200 g_loss=1.6009 d_loss=0.0000 reward=0.7176 reward_var=0.0002 unique=1.0000
ADV epoch=139/200 g_loss=1.5939 d_loss=0.0000 reward=0.7166 reward_var=0.0002 unique=1.0000
ADV epoch=140/200 g_loss=1.5950 d_loss=0.0000 reward=0.7175 reward_var=0.0002 unique=1.0000
ADV epoch=141/200 g_loss=1.5798 d_loss=0.0000 reward=0.7173 reward_var=0.0002 unique=1.0000
ADV epoch=142/200 g_loss=1.5745 d_loss=0.0000 reward=0.7171 reward_var=0.0002 unique=1.0000
ADV epoch=143/200 g_loss=1.5763 d_loss=0.0000 reward=0.7180 reward_var=0.0002 unique=1.0000
ADV epoch=144/200 g_loss=1.5793 d_loss=0.0000 reward=0.7184 reward_var=0.0002 unique=1.0000
ADV epoch=145/200 g_loss=1.5772 d_loss=0.0000 reward=0.7185 reward_var=0.0002 unique=1.0000
ADV epoch=146/200 g_loss=1.5726 d_loss=0.0000 reward=0.7195 reward_var=0.0002 unique=1.0000
ADV epoch=147/200 g_loss=1.5583 d_loss=0.0000 reward=0.7207 reward_var=0.0002 unique=1.0000
ADV epoch=148/200 g_loss=1.5385 d_loss=0.0000 reward=0.7206 reward_var=0.0002 unique=1.0000
ADV epoch=149/200 g_loss=1.5209 d_loss=0.0000 reward=0.7201 reward_var=0.0002 unique=1.0000
ADV epoch=150/200 g_loss=1.5132 d_loss=0.0000 reward=0.7201 reward_var=0.0002 unique=1.0000
ADV epoch=151/200 g_loss=1.5112 d_loss=0.0000 reward=0.7212 reward_var=0.0002 unique=1.0000
ADV epoch=152/200 g_loss=1.5040 d_loss=0.0000 reward=0.7204 reward_var=0.0002 unique=1.0000
ADV epoch=153/200 g_loss=1.5035 d_loss=0.0000 reward=0.7199 reward_var=0.0002 unique=1.0000
ADV epoch=154/200 g_loss=1.5325 d_loss=0.0000 reward=0.7200 reward_var=0.0002 unique=1.0000
ADV epoch=155/200 g_loss=1.5495 d_loss=0.0000 reward=0.7199 reward_var=0.0002 unique=1.0000
ADV epoch=156/200 g_loss=1.5722 d_loss=0.0000 reward=0.7201 reward_var=0.0002 unique=1.0000
ADV epoch=157/200 g_loss=1.5862 d_loss=0.0000 reward=0.7202 reward_var=0.0002 unique=1.0000
ADV epoch=158/200 g_loss=1.5933 d_loss=0.0000 reward=0.7206 reward_var=0.0002 unique=1.0000
ADV epoch=159/200 g_loss=1.6114 d_loss=0.0000 reward=0.7216 reward_var=0.0002 unique=1.0000
ADV epoch=160/200 g_loss=1.6183 d_loss=0.0000 reward=0.7224 reward_var=0.0002 unique=1.0000
ADV epoch=161/200 g_loss=1.6225 d_loss=0.0000 reward=0.7236 reward_var=0.0002 unique=1.0000
ADV epoch=162/200 g_loss=1.6553 d_loss=0.0000 reward=0.7254 reward_var=0.0002 unique=1.0000
ADV epoch=163/200 g_loss=1.6652 d_loss=0.0000 reward=0.7265 reward_var=0.0002 unique=1.0000


===== NEW SESSION 2026-07-18T05:47:55.193867 =====

[1/3] pretrain G
G epoch=1/120 loss=5.3390
G epoch=2/120 loss=5.2380
G epoch=3/120 loss=5.1342
G epoch=4/120 loss=5.0135
G epoch=5/120 loss=4.8665
G epoch=6/120 loss=4.6869
G epoch=7/120 loss=4.4725
G epoch=8/120 loss=4.2316
G epoch=9/120 loss=3.9841
G epoch=10/120 loss=3.7481
G epoch=11/120 loss=3.5339
G epoch=12/120 loss=3.3478
G epoch=13/120 loss=3.1924
G epoch=14/120 loss=3.0648
G epoch=15/120 loss=2.9604
G epoch=16/120 loss=2.8734
G epoch=17/120 loss=2.7971
G epoch=18/120 loss=2.7244
G epoch=19/120 loss=2.6523
G epoch=20/120 loss=2.5818
G epoch=21/120 loss=2.5147
G epoch=22/120 loss=2.4521
G epoch=23/120 loss=2.3941
G epoch=24/120 loss=2.3385
G epoch=25/120 loss=2.2844
G epoch=26/120 loss=2.2316
G epoch=27/120 loss=2.1809
G epoch=28/120 loss=2.1320
G epoch=29/120 loss=2.0828
G epoch=30/120 loss=2.0342
G epoch=31/120 loss=1.9873
G epoch=32/120 loss=1.9415
G epoch=33/120 loss=1.8970
G epoch=34/120 loss=1.8541
G epoch=35/120 loss=1.8114
G epoch=36/120 loss=1.7704
G epoch=37/120 loss=1.7321
G epoch=38/120 loss=1.6960
G epoch=39/120 loss=1.6601
G epoch=40/120 loss=1.6248
G epoch=41/120 loss=1.5920
G epoch=42/120 loss=1.5624
G epoch=43/120 loss=1.5316
G epoch=44/120 loss=1.5019
G epoch=45/120 loss=1.4742
G epoch=46/120 loss=1.4469
G epoch=47/120 loss=1.4196
G epoch=48/120 loss=1.3937
G epoch=49/120 loss=1.3690
G epoch=50/120 loss=1.3448
G epoch=51/120 loss=1.3210
G epoch=52/120 loss=1.2981
G epoch=53/120 loss=1.2762
G epoch=54/120 loss=1.2550
G epoch=55/120 loss=1.2344
G epoch=56/120 loss=1.2145
G epoch=57/120 loss=1.1952
G epoch=58/120 loss=1.1764
G epoch=59/120 loss=1.1580
G epoch=60/120 loss=1.1404
G epoch=61/120 loss=1.1235
G epoch=62/120 loss=1.1068
G epoch=63/120 loss=1.0903
G epoch=64/120 loss=1.0739
G epoch=65/120 loss=1.0577
G epoch=66/120 loss=1.0419
G epoch=67/120 loss=1.0265
G epoch=68/120 loss=1.0115
G epoch=69/120 loss=0.9969
G epoch=70/120 loss=0.9825
G epoch=71/120 loss=0.9682
G epoch=72/120 loss=0.9539
G epoch=73/120 loss=0.9399
G epoch=74/120 loss=0.9262
G epoch=75/120 loss=0.9127
G epoch=76/120 loss=0.8994
G epoch=77/120 loss=0.8860
G epoch=78/120 loss=0.8728
G epoch=79/120 loss=0.8597
G epoch=80/120 loss=0.8469
G epoch=81/120 loss=0.8343
G epoch=82/120 loss=0.8220
G epoch=83/120 loss=0.8098
G epoch=84/120 loss=0.7975
G epoch=85/120 loss=0.7853
G epoch=86/120 loss=0.7733
G epoch=87/120 loss=0.7615
G epoch=88/120 loss=0.7496
G epoch=89/120 loss=0.7380
G epoch=90/120 loss=0.7267
G epoch=91/120 loss=0.7162
G epoch=92/120 loss=0.7058
G epoch=93/120 loss=0.6948
G epoch=94/120 loss=0.6844
G epoch=95/120 loss=0.6745
G epoch=96/120 loss=0.6650
G epoch=97/120 loss=0.6554
G epoch=98/120 loss=0.6462
G epoch=99/120 loss=0.6373
G epoch=100/120 loss=0.6286
G epoch=101/120 loss=0.6201
G epoch=102/120 loss=0.6115
G epoch=103/120 loss=0.6032
G epoch=104/120 loss=0.5951
G epoch=105/120 loss=0.5874
G epoch=106/120 loss=0.5800
G epoch=107/120 loss=0.5728
G epoch=108/120 loss=0.5669
G epoch=109/120 loss=0.5600
G epoch=110/120 loss=0.5519
G epoch=111/120 loss=0.5473
G epoch=112/120 loss=0.5395
G epoch=113/120 loss=0.5344
G epoch=114/120 loss=0.5275
G epoch=115/120 loss=0.5226
G epoch=116/120 loss=0.5160
G epoch=117/120 loss=0.5112
G epoch=118/120 loss=0.5053
G epoch=119/120 loss=0.5006
G epoch=120/120 loss=0.4946

[2/3] pretrain D

[3/3] adversarial
generator_reward_mode=off reward_alpha=1.000 d_steps=5 d_epochs=3
Traceback (most recent call last):
  File "<frozen runpy>", line 198, in _run_module_as_main
  File "<frozen runpy>", line 88, in _run_code
  File "/content/GAN_for_SQLi_rerun_13/models/seqgan_improved/runtime/train.py", line 452, in <module>
    main()
  File "/content/GAN_for_SQLi_rerun_13/models/seqgan_improved/runtime/train.py", line 448, in main
    run_training(build_parser().parse_args())
  File "/content/GAN_for_SQLi_rerun_13/models/seqgan_improved/runtime/train.py", line 266, in run_training
    adversarial_stats = adv_train(
                        ^^^^^^^^^^
  File "/content/GAN_for_SQLi_rerun_13/models/seqgan_improved/runtime/adversarial.py", line 224, in adv_train
    discriminator_reward = rollout.get_reward(sequences.detach(), mask=mask.detach())
                           ^^^^^^^^^^^^^^^^^^^^^^^^^^^^^^^^^^^^^^^^^^^^^^^^^^^^^^^^^^
  File "/usr/local/lib/python3.12/dist-packages/torch/utils/_contextlib.py", line 124, in decorate_context
    return func(*args, **kwargs)
           ^^^^^^^^^^^^^^^^^^^^^
  File "/content/GAN_for_SQLi_rerun_13/models/seqgan_improved/runtime/rollout.py", line 87, in get_reward
    scores = self.discriminator.prob_real(completed).view(B, rollout_num)
             ^^^^^^^^^^^^^^^^^^^^^^^^^^^^^^^^^^^^^^^
  File "/content/GAN_for_SQLi_rerun_13/models/seqgan_improved/runtime/discriminator.py", line 128, in prob_real
    return F.softmax(self.forward(input_ids), dim=1)[:, 1]
                     ^^^^^^^^^^^^^^^^^^^^^^^
  File "/content/GAN_for_SQLi_rerun_13/models/seqgan_improved/runtime/discriminator.py", line 121, in forward
    h = h.masked_fill(fill_mask.unsqueeze(1), torch.finfo(h.dtype).min)
                      ^^^^^^^^^^^^^^^^^^^^^^
KeyboardInterrupt


===== NEW SESSION 2026-07-18T05:51:50.506263 =====

[1/3] pretrain G
G epoch=1/120 loss=5.3390
G epoch=2/120 loss=5.2380
G epoch=3/120 loss=5.1342
G epoch=4/120 loss=5.0135
G epoch=5/120 loss=4.8665
G epoch=6/120 loss=4.6869
G epoch=7/120 loss=4.4725
G epoch=8/120 loss=4.2316
G epoch=9/120 loss=3.9841
G epoch=10/120 loss=3.7481
G epoch=11/120 loss=3.5339
G epoch=12/120 loss=3.3478
G epoch=13/120 loss=3.1924
G epoch=14/120 loss=3.0648
G epoch=15/120 loss=2.9604
G epoch=16/120 loss=2.8734
G epoch=17/120 loss=2.7971
G epoch=18/120 loss=2.7244
G epoch=19/120 loss=2.6523
G epoch=20/120 loss=2.5818
G epoch=21/120 loss=2.5147
G epoch=22/120 loss=2.4521
G epoch=23/120 loss=2.3941
G epoch=24/120 loss=2.3385
G epoch=25/120 loss=2.2844
G epoch=26/120 loss=2.2316
G epoch=27/120 loss=2.1809
G epoch=28/120 loss=2.1320
G epoch=29/120 loss=2.0828
G epoch=30/120 loss=2.0342
G epoch=31/120 loss=1.9873
G epoch=32/120 loss=1.9415
G epoch=33/120 loss=1.8970
G epoch=34/120 loss=1.8541
G epoch=35/120 loss=1.8114
G epoch=36/120 loss=1.7704
G epoch=37/120 loss=1.7321
G epoch=38/120 loss=1.6960
G epoch=39/120 loss=1.6601
G epoch=40/120 loss=1.6248
G epoch=41/120 loss=1.5920
G epoch=42/120 loss=1.5624
G epoch=43/120 loss=1.5316
G epoch=44/120 loss=1.5019
G epoch=45/120 loss=1.4742
G epoch=46/120 loss=1.4469
G epoch=47/120 loss=1.4196
G epoch=48/120 loss=1.3937
G epoch=49/120 loss=1.3690
G epoch=50/120 loss=1.3448
G epoch=51/120 loss=1.3210
G epoch=52/120 loss=1.2981
G epoch=53/120 loss=1.2762
G epoch=54/120 loss=1.2550
G epoch=55/120 loss=1.2344
G epoch=56/120 loss=1.2145
G epoch=57/120 loss=1.1952
G epoch=58/120 loss=1.1764
G epoch=59/120 loss=1.1580
G epoch=60/120 loss=1.1404
G epoch=61/120 loss=1.1235
G epoch=62/120 loss=1.1068
G epoch=63/120 loss=1.0903
G epoch=64/120 loss=1.0739
G epoch=65/120 loss=1.0577
G epoch=66/120 loss=1.0419
G epoch=67/120 loss=1.0265
G epoch=68/120 loss=1.0115
G epoch=69/120 loss=0.9969
G epoch=70/120 loss=0.9825
G epoch=71/120 loss=0.9682
G epoch=72/120 loss=0.9539
G epoch=73/120 loss=0.9399
G epoch=74/120 loss=0.9262
G epoch=75/120 loss=0.9127
G epoch=76/120 loss=0.8994
G epoch=77/120 loss=0.8860
G epoch=78/120 loss=0.8728
G epoch=79/120 loss=0.8597
G epoch=80/120 loss=0.8469
G epoch=81/120 loss=0.8343
G epoch=82/120 loss=0.8220
G epoch=83/120 loss=0.8098
G epoch=84/120 loss=0.7975
G epoch=85/120 loss=0.7854
G epoch=86/120 loss=0.7733
G epoch=87/120 loss=0.7615
G epoch=88/120 loss=0.7496
G epoch=89/120 loss=0.7380
G epoch=90/120 loss=0.7267
G epoch=91/120 loss=0.7163
G epoch=92/120 loss=0.7059
G epoch=93/120 loss=0.6948
G epoch=94/120 loss=0.6844
G epoch=95/120 loss=0.6745
G epoch=96/120 loss=0.6650
G epoch=97/120 loss=0.6555
G epoch=98/120 loss=0.6463
G epoch=99/120 loss=0.6373
G epoch=100/120 loss=0.6286
G epoch=101/120 loss=0.6201
G epoch=102/120 loss=0.6115
G epoch=103/120 loss=0.6033
G epoch=104/120 loss=0.5951
G epoch=105/120 loss=0.5875
G epoch=106/120 loss=0.5800
G epoch=107/120 loss=0.5729
G epoch=108/120 loss=0.5671
G epoch=109/120 loss=0.5584
G epoch=110/120 loss=0.5522
G epoch=111/120 loss=0.5463
G epoch=112/120 loss=0.5390
G epoch=113/120 loss=0.5339
G epoch=114/120 loss=0.5270
G epoch=115/120 loss=0.5219
G epoch=116/120 loss=0.5157
G epoch=117/120 loss=0.5105
G epoch=118/120 loss=0.5050
G epoch=119/120 loss=0.4996
G epoch=120/120 loss=0.4947

[2/3] pretrain D

[3/3] adversarial
generator_reward_mode=off reward_alpha=1.000 d_steps=5 d_epochs=3
ADV epoch=1/200 g_loss=0.6884 d_loss=0.0000 reward=0.6630 reward_var=0.0006 unique=1.0000
ADV epoch=2/200 g_loss=0.8777 d_loss=0.0000 reward=0.6776 reward_var=0.0010 unique=1.0000
ADV epoch=3/200 g_loss=1.1358 d_loss=0.0000 reward=0.7028 reward_var=0.0008 unique=1.0000
ADV epoch=4/200 g_loss=1.2545 d_loss=0.0000 reward=0.7088 reward_var=0.0006 unique=1.0000
ADV epoch=5/200 g_loss=1.3129 d_loss=0.0000 reward=0.7160 reward_var=0.0004 unique=1.0000
ADV epoch=6/200 g_loss=1.3654 d_loss=0.0000 reward=0.7247 reward_var=0.0002 unique=1.0000
ADV epoch=7/200 g_loss=1.4130 d_loss=0.0000 reward=0.7289 reward_var=0.0002 unique=1.0000
ADV epoch=8/200 g_loss=1.4351 d_loss=0.0000 reward=0.7301 reward_var=0.0002 unique=1.0000
ADV epoch=9/200 g_loss=1.4593 d_loss=0.0000 reward=0.7302 reward_var=0.0002 unique=1.0000
ADV epoch=10/200 g_loss=1.4867 d_loss=0.0000 reward=0.7318 reward_var=0.0002 unique=1.0000
ADV epoch=11/200 g_loss=1.5170 d_loss=0.0000 reward=0.7326 reward_var=0.0002 unique=1.0000
ADV epoch=12/200 g_loss=1.5339 d_loss=0.0000 reward=0.7345 reward_var=0.0002 unique=1.0000


===== NEW SESSION 2026-07-18T08:55:18.022176 =====

[3/3] adversarial
generator_reward_mode=off reward_alpha=1.000 d_steps=5 d_epochs=3
Resumed adversarial checkpoint /content/drive/MyDrive/GAN/GAN_for_SQLi/result/phase2b_batch6x/_checkpoints_rerun_13/union_D_R200_V2_B6X/latest_adversarial.pt at epoch 11
Traceback (most recent call last):
  File "<frozen runpy>", line 198, in _run_module_as_main
  File "<frozen runpy>", line 88, in _run_code
  File "/content/GAN_for_SQLi_rerun_13/models/seqgan_improved/runtime/train.py", line 452, in <module>
    main()
  File "/content/GAN_for_SQLi_rerun_13/models/seqgan_improved/runtime/train.py", line 448, in main
    run_training(build_parser().parse_args())
  File "/content/GAN_for_SQLi_rerun_13/models/seqgan_improved/runtime/train.py", line 266, in run_training
    adversarial_stats = adv_train(
                        ^^^^^^^^^^
  File "/content/GAN_for_SQLi_rerun_13/models/seqgan_improved/runtime/adversarial.py", line 224, in adv_train
    discriminator_reward = rollout.get_reward(sequences.detach(), mask=mask.detach())
                           ^^^^^^^^^^^^^^^^^^^^^^^^^^^^^^^^^^^^^^^^^^^^^^^^^^^^^^^^^^
  File "/usr/local/lib/python3.12/dist-packages/torch/utils/_contextlib.py", line 124, in decorate_context
    return func(*args, **kwargs)
           ^^^^^^^^^^^^^^^^^^^^^
  File "/content/GAN_for_SQLi_rerun_13/models/seqgan_improved/runtime/rollout.py", line 87, in get_reward
    scores = self.discriminator.prob_real(completed).view(B, rollout_num)
             ^^^^^^^^^^^^^^^^^^^^^^^^^^^^^^^^^^^^^^^
  File "/content/GAN_for_SQLi_rerun_13/models/seqgan_improved/runtime/discriminator.py", line 128, in prob_real
    return F.softmax(self.forward(input_ids), dim=1)[:, 1]
                     ^^^^^^^^^^^^^^^^^^^^^^^
  File "/content/GAN_for_SQLi_rerun_13/models/seqgan_improved/runtime/discriminator.py", line 121, in forward
    h = h.masked_fill(fill_mask.unsqueeze(1), torch.finfo(h.dtype).min)
                      ^^^^^^^^^^^^^^^^^^^^^^
KeyboardInterrupt


===== NEW SESSION 2026-07-18T08:57:49.414132 =====

[3/3] adversarial
generator_reward_mode=off reward_alpha=1.000 d_steps=5 d_epochs=3
Resumed adversarial checkpoint /content/drive/MyDrive/GAN/GAN_for_SQLi/result/phase2b_batch6x/_checkpoints_rerun_13/union_D_R200_V2_B6X/latest_adversarial.pt at epoch 11
ADV epoch=11/200 g_loss=1.5061 d_loss=0.0000 reward=0.7323 reward_var=0.0002 unique=1.0000
ADV epoch=12/200 g_loss=1.5313 d_loss=0.0000 reward=0.7342 reward_var=0.0002 unique=1.0000
ADV epoch=13/200 g_loss=1.5548 d_loss=0.0000 reward=0.7356 reward_var=0.0002 unique=1.0000
ADV epoch=14/200 g_loss=1.5645 d_loss=0.0000 reward=0.7376 reward_var=0.0002 unique=1.0000
ADV epoch=15/200 g_loss=1.5846 d_loss=0.0000 reward=0.7385 reward_var=0.0002 unique=1.0000
ADV epoch=16/200 g_loss=1.6091 d_loss=0.0000 reward=0.7404 reward_var=0.0001 unique=1.0000
ADV epoch=17/200 g_loss=1.6252 d_loss=0.0000 reward=0.7418 reward_var=0.0002 unique=1.0000
ADV epoch=18/200 g_loss=1.6239 d_loss=0.0000 reward=0.7417 reward_var=0.0002 unique=1.0000
ADV epoch=19/200 g_loss=1.6298 d_loss=0.0000 reward=0.7429 reward_var=0.0002 unique=1.0000
ADV epoch=20/200 g_loss=1.6311 d_loss=0.0000 reward=0.7438 reward_var=0.0002 unique=1.0000
ADV epoch=21/200 g_loss=1.6131 d_loss=0.0000 reward=0.7443 reward_var=0.0001 unique=1.0000
ADV epoch=22/200 g_loss=1.6102 d_loss=0.0000 reward=0.7447 reward_var=0.0002 unique=1.0000
ADV epoch=23/200 g_loss=1.6028 d_loss=0.0000 reward=0.7450 reward_var=0.0001 unique=1.0000
ADV epoch=24/200 g_loss=1.6078 d_loss=0.0000 reward=0.7456 reward_var=0.0002 unique=1.0000
ADV epoch=25/200 g_loss=1.6093 d_loss=0.0000 reward=0.7462 reward_var=0.0002 unique=1.0000
ADV epoch=26/200 g_loss=1.6245 d_loss=0.0000 reward=0.7471 reward_var=0.0002 unique=1.0000
ADV epoch=27/200 g_loss=1.6433 d_loss=0.0000 reward=0.7467 reward_var=0.0001 unique=1.0000
ADV epoch=28/200 g_loss=1.6530 d_loss=0.0000 reward=0.7475 reward_var=0.0002 unique=1.0000
ADV epoch=29/200 g_loss=1.6671 d_loss=0.0000 reward=0.7480 reward_var=0.0002 unique=1.0000
ADV epoch=30/200 g_loss=1.6655 d_loss=0.0000 reward=0.7480 reward_var=0.0002 unique=1.0000
ADV epoch=31/200 g_loss=1.6777 d_loss=0.0000 reward=0.7478 reward_var=0.0002 unique=1.0000
ADV epoch=32/200 g_loss=1.6738 d_loss=0.0000 reward=0.7491 reward_var=0.0002 unique=1.0000
ADV epoch=33/200 g_loss=1.6768 d_loss=0.0000 reward=0.7481 reward_var=0.0001 unique=1.0000
ADV epoch=34/200 g_loss=1.6682 d_loss=0.0000 reward=0.7491 reward_var=0.0002 unique=1.0000
ADV epoch=35/200 g_loss=1.6719 d_loss=0.0000 reward=0.7507 reward_var=0.0001 unique=1.0000
ADV epoch=36/200 g_loss=1.6610 d_loss=0.0000 reward=0.7503 reward_var=0.0002 unique=1.0000
ADV epoch=37/200 g_loss=1.6480 d_loss=0.0000 reward=0.7506 reward_var=0.0001 unique=1.0000
ADV epoch=38/200 g_loss=1.6319 d_loss=0.0000 reward=0.7506 reward_var=0.0001 unique=1.0000
ADV epoch=39/200 g_loss=1.6307 d_loss=0.0000 reward=0.7507 reward_var=0.0002 unique=1.0000
ADV epoch=40/200 g_loss=1.6238 d_loss=0.0000 reward=0.7496 reward_var=0.0002 unique=1.0000
ADV epoch=41/200 g_loss=1.6354 d_loss=0.0000 reward=0.7496 reward_var=0.0001 unique=1.0000
ADV epoch=42/200 g_loss=1.6345 d_loss=0.0000 reward=0.7515 reward_var=0.0002 unique=1.0000
ADV epoch=43/200 g_loss=1.6472 d_loss=0.0000 reward=0.7507 reward_var=0.0001 unique=1.0000
ADV epoch=44/200 g_loss=1.6591 d_loss=0.0000 reward=0.7514 reward_var=0.0001 unique=1.0000
ADV epoch=45/200 g_loss=1.6670 d_loss=0.0000 reward=0.7521 reward_var=0.0001 unique=1.0000
ADV epoch=46/200 g_loss=1.6821 d_loss=0.0000 reward=0.7518 reward_var=0.0002 unique=1.0000
ADV epoch=47/200 g_loss=1.6742 d_loss=0.0000 reward=0.7522 reward_var=0.0002 unique=1.0000
ADV epoch=48/200 g_loss=1.6723 d_loss=0.0000 reward=0.7529 reward_var=0.0002 unique=1.0000
ADV epoch=49/200 g_loss=1.6522 d_loss=0.0000 reward=0.7529 reward_var=0.0001 unique=1.0000
ADV epoch=50/200 g_loss=1.6437 d_loss=0.0000 reward=0.7531 reward_var=0.0001 unique=1.0000
ADV epoch=51/200 g_loss=1.6247 d_loss=0.0000 reward=0.7533 reward_var=0.0001 unique=1.0000
ADV epoch=52/200 g_loss=1.6192 d_loss=0.0000 reward=0.7541 reward_var=0.0001 unique=1.0000
ADV epoch=53/200 g_loss=1.6062 d_loss=0.0000 reward=0.7544 reward_var=0.0001 unique=1.0000
ADV epoch=54/200 g_loss=1.6049 d_loss=0.0000 reward=0.7552 reward_var=0.0001 unique=1.0000
ADV epoch=55/200 g_loss=1.5918 d_loss=0.0000 reward=0.7549 reward_var=0.0001 unique=1.0000
ADV epoch=56/200 g_loss=1.5970 d_loss=0.0000 reward=0.7561 reward_var=0.0001 unique=1.0000
ADV epoch=57/200 g_loss=1.5870 d_loss=0.0000 reward=0.7558 reward_var=0.0001 unique=1.0000
ADV epoch=58/200 g_loss=1.5754 d_loss=0.0000 reward=0.7564 reward_var=0.0001 unique=1.0000
ADV epoch=59/200 g_loss=1.5722 d_loss=0.0000 reward=0.7575 reward_var=0.0001 unique=1.0000
ADV epoch=60/200 g_loss=1.5683 d_loss=0.0000 reward=0.7579 reward_var=0.0002 unique=1.0000
ADV epoch=61/200 g_loss=1.5739 d_loss=0.0000 reward=0.7584 reward_var=0.0001 unique=1.0000
ADV epoch=62/200 g_loss=1.5799 d_loss=0.0000 reward=0.7594 reward_var=0.0001 unique=1.0000
ADV epoch=63/200 g_loss=1.5925 d_loss=0.0000 reward=0.7594 reward_var=0.0001 unique=1.0000
ADV epoch=64/200 g_loss=1.5833 d_loss=0.0000 reward=0.7598 reward_var=0.0001 unique=1.0000
ADV epoch=65/200 g_loss=1.5972 d_loss=0.0000 reward=0.7597 reward_var=0.0001 unique=1.0000
ADV epoch=66/200 g_loss=1.6090 d_loss=0.0000 reward=0.7607 reward_var=0.0001 unique=1.0000
ADV epoch=67/200 g_loss=1.6074 d_loss=0.0000 reward=0.7604 reward_var=0.0002 unique=1.0000
ADV epoch=68/200 g_loss=1.6179 d_loss=0.0000 reward=0.7608 reward_var=0.0001 unique=1.0000
ADV epoch=69/200 g_loss=1.6264 d_loss=0.0000 reward=0.7604 reward_var=0.0001 unique=1.0000
ADV epoch=70/200 g_loss=1.6266 d_loss=0.0000 reward=0.7596 reward_var=0.0001 unique=1.0000
ADV epoch=71/200 g_loss=1.6286 d_loss=0.0000 reward=0.7603 reward_var=0.0001 unique=1.0000
ADV epoch=72/200 g_loss=1.6202 d_loss=0.0000 reward=0.7599 reward_var=0.0001 unique=1.0000
ADV epoch=73/200 g_loss=1.6348 d_loss=0.0000 reward=0.7595 reward_var=0.0001 unique=1.0000
ADV epoch=74/200 g_loss=1.6379 d_loss=0.0000 reward=0.7597 reward_var=0.0002 unique=1.0000
ADV epoch=75/200 g_loss=1.6584 d_loss=0.0000 reward=0.7599 reward_var=0.0001 unique=1.0000
ADV epoch=76/200 g_loss=1.6738 d_loss=0.0000 reward=0.7600 reward_var=0.0002 unique=1.0000
ADV epoch=77/200 g_loss=1.6931 d_loss=0.0000 reward=0.7611 reward_var=0.0001 unique=1.0000
ADV epoch=78/200 g_loss=1.6966 d_loss=0.0000 reward=0.7611 reward_var=0.0001 unique=1.0000
ADV epoch=79/200 g_loss=1.6995 d_loss=0.0000 reward=0.7614 reward_var=0.0002 unique=1.0000
ADV epoch=80/200 g_loss=1.7052 d_loss=0.0000 reward=0.7613 reward_var=0.0001 unique=1.0000
ADV epoch=81/200 g_loss=1.6988 d_loss=0.0000 reward=0.7612 reward_var=0.0001 unique=1.0000
ADV epoch=82/200 g_loss=1.7107 d_loss=0.0000 reward=0.7618 reward_var=0.0002 unique=1.0000
ADV epoch=83/200 g_loss=1.7076 d_loss=0.0000 reward=0.7610 reward_var=0.0002 unique=1.0000
ADV epoch=84/200 g_loss=1.7137 d_loss=0.0000 reward=0.7614 reward_var=0.0001 unique=1.0000
ADV epoch=85/200 g_loss=1.7203 d_loss=0.0000 reward=0.7618 reward_var=0.0002 unique=1.0000
ADV epoch=86/200 g_loss=1.7164 d_loss=0.0000 reward=0.7616 reward_var=0.0002 unique=1.0000
ADV epoch=87/200 g_loss=1.7267 d_loss=0.0000 reward=0.7619 reward_var=0.0002 unique=1.0000
ADV epoch=88/200 g_loss=1.7401 d_loss=0.0000 reward=0.7617 reward_var=0.0002 unique=1.0000
ADV epoch=89/200 g_loss=1.7434 d_loss=0.0000 reward=0.7604 reward_var=0.0002 unique=1.0000
ADV epoch=90/200 g_loss=1.7570 d_loss=0.0000 reward=0.7604 reward_var=0.0002 unique=1.0000
ADV epoch=91/200 g_loss=1.7577 d_loss=0.0000 reward=0.7593 reward_var=0.0002 unique=1.0000
ADV epoch=92/200 g_loss=1.7705 d_loss=0.0000 reward=0.7587 reward_var=0.0002 unique=1.0000
ADV epoch=93/200 g_loss=1.7715 d_loss=0.0000 reward=0.7571 reward_var=0.0002 unique=1.0000
ADV epoch=94/200 g_loss=1.7803 d_loss=0.0000 reward=0.7572 reward_var=0.0002 unique=1.0000
ADV epoch=95/200 g_loss=1.7793 d_loss=0.0000 reward=0.7553 reward_var=0.0002 unique=1.0000
ADV epoch=96/200 g_loss=1.7790 d_loss=0.0000 reward=0.7537 reward_var=0.0002 unique=1.0000
ADV epoch=97/200 g_loss=1.7810 d_loss=0.0000 reward=0.7525 reward_var=0.0002 unique=1.0000
ADV epoch=98/200 g_loss=1.7656 d_loss=0.0000 reward=0.7514 reward_var=0.0002 unique=1.0000
ADV epoch=99/200 g_loss=1.7679 d_loss=0.0000 reward=0.7506 reward_var=0.0002 unique=1.0000
ADV epoch=100/200 g_loss=1.7664 d_loss=0.0000 reward=0.7496 reward_var=0.0002 unique=1.0000
ADV epoch=101/200 g_loss=1.7669 d_loss=0.0000 reward=0.7478 reward_var=0.0002 unique=1.0000
ADV epoch=102/200 g_loss=1.7510 d_loss=0.0000 reward=0.7464 reward_var=0.0002 unique=1.0000
ADV epoch=103/200 g_loss=1.7567 d_loss=0.0000 reward=0.7460 reward_var=0.0002 unique=1.0000
ADV epoch=104/200 g_loss=1.7749 d_loss=0.0000 reward=0.7458 reward_var=0.0002 unique=1.0000
ADV epoch=105/200 g_loss=1.7705 d_loss=0.0000 reward=0.7443 reward_var=0.0002 unique=1.0000
ADV epoch=106/200 g_loss=1.7813 d_loss=0.0000 reward=0.7438 reward_var=0.0002 unique=1.0000
ADV epoch=107/200 g_loss=1.7942 d_loss=0.0000 reward=0.7434 reward_var=0.0002 unique=1.0000
ADV epoch=108/200 g_loss=1.7980 d_loss=0.0000 reward=0.7430 reward_var=0.0002 unique=1.0000
ADV epoch=109/200 g_loss=1.7948 d_loss=0.0000 reward=0.7433 reward_var=0.0002 unique=1.0000
ADV epoch=110/200 g_loss=1.7927 d_loss=0.0000 reward=0.7433 reward_var=0.0002 unique=1.0000
ADV epoch=111/200 g_loss=1.7936 d_loss=0.0000 reward=0.7432 reward_var=0.0002 unique=1.0000
ADV epoch=112/200 g_loss=1.8072 d_loss=0.0000 reward=0.7437 reward_var=0.0002 unique=1.0000
ADV epoch=113/200 g_loss=1.8108 d_loss=0.0000 reward=0.7438 reward_var=0.0002 unique=1.0000
ADV epoch=114/200 g_loss=1.8159 d_loss=0.0000 reward=0.7452 reward_var=0.0002 unique=1.0000
ADV epoch=115/200 g_loss=1.8171 d_loss=0.0000 reward=0.7443 reward_var=0.0002 unique=1.0000
ADV epoch=116/200 g_loss=1.8192 d_loss=0.0000 reward=0.7446 reward_var=0.0002 unique=1.0000
ADV epoch=117/200 g_loss=1.8205 d_loss=0.0000 reward=0.7448 reward_var=0.0002 unique=1.0000
ADV epoch=118/200 g_loss=1.8312 d_loss=0.0000 reward=0.7442 reward_var=0.0002 unique=1.0000
ADV epoch=119/200 g_loss=1.8179 d_loss=0.0000 reward=0.7445 reward_var=0.0002 unique=1.0000
ADV epoch=120/200 g_loss=1.8256 d_loss=0.0000 reward=0.7449 reward_var=0.0002 unique=1.0000
ADV epoch=121/200 g_loss=1.8341 d_loss=0.0000 reward=0.7454 reward_var=0.0002 unique=1.0000
ADV epoch=122/200 g_loss=1.8219 d_loss=0.0000 reward=0.7443 reward_var=0.0002 unique=1.0000
ADV epoch=123/200 g_loss=1.8283 d_loss=0.0000 reward=0.7450 reward_var=0.0001 unique=1.0000
ADV epoch=124/200 g_loss=1.8185 d_loss=0.0000 reward=0.7456 reward_var=0.0002 unique=1.0000
ADV epoch=125/200 g_loss=1.8240 d_loss=0.0000 reward=0.7468 reward_var=0.0002 unique=1.0000
ADV epoch=126/200 g_loss=1.8256 d_loss=0.0000 reward=0.7460 reward_var=0.0002 unique=1.0000
ADV epoch=127/200 g_loss=1.8071 d_loss=0.0000 reward=0.7466 reward_var=0.0002 unique=1.0000
ADV epoch=128/200 g_loss=1.8069 d_loss=0.0000 reward=0.7476 reward_var=0.0002 unique=1.0000
ADV epoch=129/200 g_loss=1.7966 d_loss=0.0000 reward=0.7476 reward_var=0.0001 unique=1.0000
ADV epoch=130/200 g_loss=1.7873 d_loss=0.0000 reward=0.7473 reward_var=0.0002 unique=1.0000
ADV epoch=131/200 g_loss=1.7663 d_loss=0.0000 reward=0.7480 reward_var=0.0001 unique=1.0000
ADV epoch=132/200 g_loss=1.7678 d_loss=0.0000 reward=0.7483 reward_var=0.0002 unique=1.0000
ADV epoch=133/200 g_loss=1.7485 d_loss=0.0000 reward=0.7488 reward_var=0.0002 unique=1.0000
ADV epoch=134/200 g_loss=1.7434 d_loss=0.0000 reward=0.7495 reward_var=0.0002 unique=1.0000
ADV epoch=135/200 g_loss=1.7375 d_loss=0.0000 reward=0.7499 reward_var=0.0002 unique=1.0000
ADV epoch=136/200 g_loss=1.7356 d_loss=0.0000 reward=0.7510 reward_var=0.0002 unique=1.0000
ADV epoch=137/200 g_loss=1.7174 d_loss=0.0000 reward=0.7514 reward_var=0.0001 unique=1.0000
ADV epoch=138/200 g_loss=1.7212 d_loss=0.0000 reward=0.7521 reward_var=0.0002 unique=1.0000
ADV epoch=139/200 g_loss=1.7123 d_loss=0.0000 reward=0.7526 reward_var=0.0001 unique=1.0000
ADV epoch=140/200 g_loss=1.6925 d_loss=0.0000 reward=0.7534 reward_var=0.0001 unique=1.0000
ADV epoch=141/200 g_loss=1.6897 d_loss=0.0000 reward=0.7544 reward_var=0.0001 unique=1.0000
ADV epoch=142/200 g_loss=1.6756 d_loss=0.0000 reward=0.7543 reward_var=0.0001 unique=1.0000
ADV epoch=143/200 g_loss=1.6489 d_loss=0.0000 reward=0.7533 reward_var=0.0001 unique=1.0000
ADV epoch=144/200 g_loss=1.6617 d_loss=0.0000 reward=0.7541 reward_var=0.0001 unique=1.0000
ADV epoch=145/200 g_loss=1.6435 d_loss=0.0000 reward=0.7543 reward_var=0.0001 unique=1.0000
ADV epoch=146/200 g_loss=1.6612 d_loss=0.0000 reward=0.7539 reward_var=0.0002 unique=1.0000
ADV epoch=147/200 g_loss=1.6910 d_loss=0.0000 reward=0.7526 reward_var=0.0001 unique=1.0000
ADV epoch=148/200 g_loss=1.7209 d_loss=0.0000 reward=0.7527 reward_var=0.0001 unique=1.0000
ADV epoch=149/200 g_loss=1.7335 d_loss=0.0000 reward=0.7527 reward_var=0.0001 unique=1.0000
ADV epoch=150/200 g_loss=1.7450 d_loss=0.0000 reward=0.7522 reward_var=0.0002 unique=1.0000
ADV epoch=151/200 g_loss=1.7488 d_loss=0.0000 reward=0.7528 reward_var=0.0002 unique=1.0000
ADV epoch=152/200 g_loss=1.7367 d_loss=0.0000 reward=0.7524 reward_var=0.0001 unique=1.0000
ADV epoch=153/200 g_loss=1.7383 d_loss=0.0000 reward=0.7520 reward_var=0.0001 unique=1.0000
ADV epoch=154/200 g_loss=1.7266 d_loss=0.0000 reward=0.7529 reward_var=0.0001 unique=1.0000
ADV epoch=155/200 g_loss=1.7242 d_loss=0.0000 reward=0.7508 reward_var=0.0001 unique=1.0000
ADV epoch=156/200 g_loss=1.7224 d_loss=0.0000 reward=0.7507 reward_var=0.0001 unique=1.0000
ADV epoch=157/200 g_loss=1.7168 d_loss=0.0000 reward=0.7514 reward_var=0.0001 unique=1.0000
ADV epoch=158/200 g_loss=1.7100 d_loss=0.0000 reward=0.7511 reward_var=0.0001 unique=1.0000
ADV epoch=159/200 g_loss=1.7246 d_loss=0.0000 reward=0.7516 reward_var=0.0001 unique=1.0000
ADV epoch=160/200 g_loss=1.7250 d_loss=0.0000 reward=0.7507 reward_var=0.0002 unique=1.0000
ADV epoch=161/200 g_loss=1.7354 d_loss=0.0000 reward=0.7502 reward_var=0.0001 unique=1.0000
ADV epoch=162/200 g_loss=1.7573 d_loss=0.0000 reward=0.7512 reward_var=0.0002 unique=1.0000
ADV epoch=163/200 g_loss=1.7655 d_loss=0.0000 reward=0.7500 reward_var=0.0001 unique=1.0000
ADV epoch=164/200 g_loss=1.7757 d_loss=0.0000 reward=0.7493 reward_var=0.0002 unique=1.0000
ADV epoch=165/200 g_loss=1.7797 d_loss=0.0000 reward=0.7507 reward_var=0.0001 unique=1.0000
ADV epoch=166/200 g_loss=1.7552 d_loss=0.0000 reward=0.7508 reward_var=0.0002 unique=1.0000
ADV epoch=167/200 g_loss=1.7273 d_loss=0.0000 reward=0.7496 reward_var=0.0001 unique=1.0000
ADV epoch=168/200 g_loss=1.6975 d_loss=0.0000 reward=0.7504 reward_var=0.0001 unique=1.0000


===== NEW SESSION 2026-07-19T09:05:26.373897 =====

[3/3] adversarial
generator_reward_mode=off reward_alpha=1.000 d_steps=5 d_epochs=3
Traceback (most recent call last):
  File "<frozen runpy>", line 198, in _run_module_as_main
  File "<frozen runpy>", line 88, in _run_code
  File "/content/GAN_for_SQLi_rerun_13/models/seqgan_improved/runtime/train.py", line 452, in <module>
    main()
  File "/content/GAN_for_SQLi_rerun_13/models/seqgan_improved/runtime/train.py", line 448, in main
    run_training(build_parser().parse_args())
  File "/content/GAN_for_SQLi_rerun_13/models/seqgan_improved/runtime/train.py", line 266, in run_training
    adversarial_stats = adv_train(
                        ^^^^^^^^^^
  File "/content/GAN_for_SQLi_rerun_13/models/seqgan_improved/runtime/adversarial.py", line 181, in adv_train
    optimizer = optim.Adam(generator.parameters(), lr=gen_lr)
                ^^^^^^^^^^^^^^^^^^^^^^^^^^^^^^^^^^^^^^^^^^^^^
  File "/usr/local/lib/python3.12/dist-packages/torch/optim/adam.py", line 102, in __init__
    super().__init__(params, defaults)
  File "/usr/local/lib/python3.12/dist-packages/torch/optim/optimizer.py", line 408, in __init__
    self.add_param_group(cast(dict, param_group))
  File "/usr/local/lib/python3.12/dist-packages/torch/_compile.py", line 47, in inner
    import torch._dynamo
  File "/usr/local/lib/python3.12/dist-packages/torch/_dynamo/__init__.py", line 13, in <module>
    from . import (
  File "/usr/local/lib/python3.12/dist-packages/torch/_dynamo/aot_compile.py", line 15, in <module>
    from torch._dynamo.convert_frame import GraphRuntimeEnv
  File "/usr/local/lib/python3.12/dist-packages/torch/_dynamo/convert_frame.py", line 62, in <module>
    from torch._dynamo.symbolic_convert import TensorifyState
  File "/usr/local/lib/python3.12/dist-packages/torch/_dynamo/symbolic_convert.py", line 54, in <module>
    from torch._dynamo.exc import ObservedException, TensorifyScalarRestartAnalysis
  File "/usr/local/lib/python3.12/dist-packages/torch/_dynamo/exc.py", line 44, in <module>
    from .utils import counters
  File "/usr/local/lib/python3.12/dist-packages/torch/_dynamo/utils.py", line 70, in <module>
    import torch.fx.experimental.symbolic_shapes
  File "/usr/local/lib/python3.12/dist-packages/torch/fx/experimental/symbolic_shapes.py", line 3, in <module>
    import sympy
  File "/usr/local/lib/python3.12/dist-packages/sympy/__init__.py", line 77, in <module>
    from .polys import (Poly, PurePoly, poly_from_expr, parallel_poly_from_expr,
  File "/usr/local/lib/python3.12/dist-packages/sympy/polys/__init__.py", line 79, in <module>
    from .polyfuncs import (symmetrize, horner, interpolate,
  File "/usr/local/lib/python3.12/dist-packages/sympy/polys/polyfuncs.py", line 10, in <module>
    from sympy.polys.specialpolys import (
  File "/usr/local/lib/python3.12/dist-packages/sympy/polys/specialpolys.py", line 298, in <module>
    from sympy.polys.rings import ring
  File "/usr/local/lib/python3.12/dist-packages/sympy/polys/rings.py", line 31, in <module>
    from sympy.printing.defaults import DefaultPrinting
  File "/usr/local/lib/python3.12/dist-packages/sympy/printing/__init__.py", line 11, in <module>
    from .pycode import pycode
  File "/usr/local/lib/python3.12/dist-packages/sympy/printing/pycode.py", line 11, in <module>
    from .codeprinter import CodePrinter
  File "/usr/local/lib/python3.12/dist-packages/sympy/printing/codeprinter.py", line 13, in <module>
    from sympy.functions.elementary.complexes import re
  File "/usr/local/lib/python3.12/dist-packages/sympy/functions/__init__.py", line 19, in <module>
    from sympy.functions.elementary.trigonometric import (sin, cos, tan,
KeyboardInterrupt


===== NEW SESSION 2026-07-19T09:05:57.407788 =====

[3/3] adversarial
generator_reward_mode=off reward_alpha=1.000 d_steps=5 d_epochs=3
Resumed adversarial checkpoint /content/drive/MyDrive/GAN/GAN_for_SQLi/result/phase2b_batch6x/_checkpoints_rerun_13/union_D_R200_V2_B6X/latest_adversarial.pt at epoch 161
ADV epoch=161/200 g_loss=1.7344 d_loss=0.0000 reward=0.7510 reward_var=0.0002 unique=1.0000
ADV epoch=162/200 g_loss=1.7354 d_loss=0.0000 reward=0.7512 reward_var=0.0001 unique=1.0000
ADV epoch=163/200 g_loss=1.7326 d_loss=0.0000 reward=0.7498 reward_var=0.0002 unique=1.0000
ADV epoch=164/200 g_loss=1.7257 d_loss=0.0000 reward=0.7505 reward_var=0.0001 unique=1.0000
ADV epoch=165/200 g_loss=1.7148 d_loss=0.0000 reward=0.7496 reward_var=0.0001 unique=1.0000
ADV epoch=166/200 g_loss=1.7041 d_loss=0.0000 reward=0.7500 reward_var=0.0001 unique=1.0000
ADV epoch=167/200 g_loss=1.7014 d_loss=0.0000 reward=0.7486 reward_var=0.0002 unique=1.0000
ADV epoch=168/200 g_loss=1.6842 d_loss=0.0000 reward=0.7478 reward_var=0.0002 unique=1.0000
ADV epoch=169/200 g_loss=1.6670 d_loss=0.0000 reward=0.7486 reward_var=0.0001 unique=1.0000
ADV epoch=170/200 g_loss=1.6503 d_loss=0.0000 reward=0.7474 reward_var=0.0001 unique=1.0000
ADV epoch=171/200 g_loss=1.6398 d_loss=0.0000 reward=0.7475 reward_var=0.0001 unique=1.0000
ADV epoch=172/200 g_loss=1.6304 d_loss=0.0000 reward=0.7456 reward_var=0.0001 unique=1.0000
ADV epoch=173/200 g_loss=1.6124 d_loss=0.0000 reward=0.7452 reward_var=0.0001 unique=1.0000
ADV epoch=174/200 g_loss=1.5908 d_loss=0.0000 reward=0.7437 reward_var=0.0001 unique=1.0000
ADV epoch=175/200 g_loss=1.5570 d_loss=0.0000 reward=0.7435 reward_var=0.0002 unique=1.0000
ADV epoch=176/200 g_loss=1.5253 d_loss=0.0000 reward=0.7432 reward_var=0.0001 unique=1.0000
ADV epoch=177/200 g_loss=1.5024 d_loss=0.0000 reward=0.7428 reward_var=0.0001 unique=1.0000
ADV epoch=178/200 g_loss=1.4848 d_loss=0.0000 reward=0.7420 reward_var=0.0002 unique=1.0000
ADV epoch=179/200 g_loss=1.4717 d_loss=0.0000 reward=0.7422 reward_var=0.0001 unique=1.0000
ADV epoch=180/200 g_loss=1.4527 d_loss=0.0000 reward=0.7424 reward_var=0.0001 unique=1.0000
ADV epoch=181/200 g_loss=1.4397 d_loss=0.0000 reward=0.7415 reward_var=0.0001 unique=1.0000
ADV epoch=182/200 g_loss=1.4389 d_loss=0.0000 reward=0.7420 reward_var=0.0002 unique=1.0000
ADV epoch=183/200 g_loss=1.4431 d_loss=0.0000 reward=0.7424 reward_var=0.0001 unique=1.0000
ADV epoch=184/200 g_loss=1.4491 d_loss=0.0000 reward=0.7425 reward_var=0.0001 unique=1.0000
ADV epoch=185/200 g_loss=1.4601 d_loss=0.0000 reward=0.7440 reward_var=0.0001 unique=1.0000
ADV epoch=186/200 g_loss=1.4480 d_loss=0.0000 reward=0.7445 reward_var=0.0001 unique=1.0000
ADV epoch=187/200 g_loss=1.4440 d_loss=0.0000 reward=0.7448 reward_var=0.0001 unique=1.0000
ADV epoch=188/200 g_loss=1.4332 d_loss=0.0000 reward=0.7455 reward_var=0.0001 unique=1.0000
ADV epoch=189/200 g_loss=1.4262 d_loss=0.0000 reward=0.7453 reward_var=0.0001 unique=1.0000
ADV epoch=190/200 g_loss=1.4186 d_loss=0.0000 reward=0.7459 reward_var=0.0001 unique=1.0000
ADV epoch=191/200 g_loss=1.4241 d_loss=0.0000 reward=0.7457 reward_var=0.0001 unique=1.0000
ADV epoch=192/200 g_loss=1.4197 d_loss=0.0000 reward=0.7458 reward_var=0.0001 unique=1.0000
ADV epoch=193/200 g_loss=1.4177 d_loss=0.0000 reward=0.7475 reward_var=0.0001 unique=1.0000
ADV epoch=194/200 g_loss=1.4224 d_loss=0.0000 reward=0.7484 reward_var=0.0001 unique=1.0000
ADV epoch=195/200 g_loss=1.4184 d_loss=0.0000 reward=0.7478 reward_var=0.0001 unique=1.0000
ADV epoch=196/200 g_loss=1.4105 d_loss=0.0000 reward=0.7489 reward_var=0.0001 unique=1.0000
ADV epoch=197/200 g_loss=1.3980 d_loss=0.0000 reward=0.7488 reward_var=0.0001 unique=1.0000
ADV epoch=198/200 g_loss=1.3979 d_loss=0.0000 reward=0.7484 reward_var=0.0001 unique=1.0000
ADV epoch=199/200 g_loss=1.3939 d_loss=0.0000 reward=0.7494 reward_var=0.0001 unique=1.0000
ADV epoch=200/200 g_loss=1.3810 d_loss=0.0000 reward=0.7500 reward_var=0.0001 unique=1.0000
saved 2000 raw samples to /content/drive/MyDrive/GAN/GAN_for_SQLi/result/phase2b_batch6x/union/D/R200/V2_B6X/generated_payloads.csv
