
[1/3] pretrain G
G epoch=1/60 loss=4.5889
G epoch=2/60 loss=4.4228
G epoch=3/60 loss=4.2467
G epoch=4/60 loss=4.0105
G epoch=5/60 loss=3.7449
G epoch=6/60 loss=3.4666
G epoch=7/60 loss=3.2084
G epoch=8/60 loss=3.0012
G epoch=9/60 loss=2.9225
G epoch=10/60 loss=2.7783
G epoch=11/60 loss=2.7113
G epoch=12/60 loss=2.6959
G epoch=13/60 loss=2.6468
G epoch=14/60 loss=2.5820
G epoch=15/60 loss=2.6056
G epoch=16/60 loss=2.5529
G epoch=17/60 loss=2.4859
G epoch=18/60 loss=2.5132
G epoch=19/60 loss=2.3773
G epoch=20/60 loss=2.3662
G epoch=21/60 loss=2.3406
G epoch=22/60 loss=2.3629
G epoch=23/60 loss=2.3031
G epoch=24/60 loss=2.2055
G epoch=25/60 loss=2.1945
G epoch=26/60 loss=2.1736
G epoch=27/60 loss=2.1262
G epoch=28/60 loss=2.1219
G epoch=29/60 loss=2.0931
G epoch=30/60 loss=2.1354
G epoch=31/60 loss=2.0056
G epoch=32/60 loss=2.0060
G epoch=33/60 loss=2.0227
G epoch=34/60 loss=1.9638
G epoch=35/60 loss=1.9633
G epoch=36/60 loss=1.9559
G epoch=37/60 loss=1.9894
G epoch=38/60 loss=1.9395
G epoch=39/60 loss=1.9202
G epoch=40/60 loss=1.8389
G epoch=41/60 loss=1.8548
G epoch=42/60 loss=1.8328
G epoch=43/60 loss=1.8091
G epoch=44/60 loss=1.7529
G epoch=45/60 loss=1.7869
G epoch=46/60 loss=1.7026
G epoch=47/60 loss=1.6964
G epoch=48/60 loss=1.7566
G epoch=49/60 loss=1.7052
G epoch=50/60 loss=1.7484
G epoch=51/60 loss=1.6859
G epoch=52/60 loss=1.6703
G epoch=53/60 loss=1.6341
G epoch=54/60 loss=1.6334
G epoch=55/60 loss=1.6428
G epoch=56/60 loss=1.5901
G epoch=57/60 loss=1.5547
G epoch=58/60 loss=1.5352
G epoch=59/60 loss=1.5378
G epoch=60/60 loss=1.5028

[2/3] pretrain D
D step=1/30 epoch=1/3 loss=0.9278 l2=0.2000 label_smoothing=0.000
D step=1/30 epoch=2/3 loss=0.7135 l2=0.2000 label_smoothing=0.000
D step=1/30 epoch=3/3 loss=0.7101 l2=0.2000 label_smoothing=0.000
D step=2/30 epoch=1/3 loss=0.7137 l2=0.2000 label_smoothing=0.000
D step=2/30 epoch=2/3 loss=0.6317 l2=0.2000 label_smoothing=0.000
D step=2/30 epoch=3/3 loss=0.6040 l2=0.2000 label_smoothing=0.000
D step=3/30 epoch=1/3 loss=0.5897 l2=0.2000 label_smoothing=0.000
D step=3/30 epoch=2/3 loss=0.5811 l2=0.2000 label_smoothing=0.000
D step=3/30 epoch=3/3 loss=0.5334 l2=0.2000 label_smoothing=0.000
D step=4/30 epoch=1/3 loss=0.5340 l2=0.2000 label_smoothing=0.000
D step=4/30 epoch=2/3 loss=0.4943 l2=0.2000 label_smoothing=0.000
D step=4/30 epoch=3/3 loss=0.4440 l2=0.2000 label_smoothing=0.000
D step=5/30 epoch=1/3 loss=0.4392 l2=0.2000 label_smoothing=0.000
D step=5/30 epoch=2/3 loss=0.4077 l2=0.2000 label_smoothing=0.000
D step=5/30 epoch=3/3 loss=0.3571 l2=0.2000 label_smoothing=0.000
D step=6/30 epoch=1/3 loss=0.3496 l2=0.2000 label_smoothing=0.000
D step=6/30 epoch=2/3 loss=0.3291 l2=0.2000 label_smoothing=0.000
D step=6/30 epoch=3/3 loss=0.2850 l2=0.2000 label_smoothing=0.000
D step=7/30 epoch=1/3 loss=0.2861 l2=0.2000 label_smoothing=0.000
D step=7/30 epoch=2/3 loss=0.2557 l2=0.2000 label_smoothing=0.000
D step=7/30 epoch=3/3 loss=0.2377 l2=0.2000 label_smoothing=0.000
D step=8/30 epoch=1/3 loss=0.2124 l2=0.2000 label_smoothing=0.000
D step=8/30 epoch=2/3 loss=0.1989 l2=0.2000 label_smoothing=0.000
D step=8/30 epoch=3/3 loss=0.1808 l2=0.2000 label_smoothing=0.000
D step=9/30 epoch=1/3 loss=0.1782 l2=0.2000 label_smoothing=0.000
D step=9/30 epoch=2/3 loss=0.1694 l2=0.2000 label_smoothing=0.000
D step=9/30 epoch=3/3 loss=0.1494 l2=0.2000 label_smoothing=0.000
D step=10/30 epoch=1/3 loss=0.1383 l2=0.2000 label_smoothing=0.000
D step=10/30 epoch=2/3 loss=0.1372 l2=0.2000 label_smoothing=0.000
D step=10/30 epoch=3/3 loss=0.1283 l2=0.2000 label_smoothing=0.000
D step=11/30 epoch=1/3 loss=0.1287 l2=0.2000 label_smoothing=0.000
D step=11/30 epoch=2/3 loss=0.1211 l2=0.2000 label_smoothing=0.000
D step=11/30 epoch=3/3 loss=0.1156 l2=0.2000 label_smoothing=0.000
D step=12/30 epoch=1/3 loss=0.1194 l2=0.2000 label_smoothing=0.000
D step=12/30 epoch=2/3 loss=0.1062 l2=0.2000 label_smoothing=0.000
D step=12/30 epoch=3/3 loss=0.1077 l2=0.2000 label_smoothing=0.000
D step=13/30 epoch=1/3 loss=0.0994 l2=0.2000 label_smoothing=0.000
D step=13/30 epoch=2/3 loss=0.0991 l2=0.2000 label_smoothing=0.000
D step=13/30 epoch=3/3 loss=0.0961 l2=0.2000 label_smoothing=0.000
D step=14/30 epoch=1/3 loss=0.0922 l2=0.2000 label_smoothing=0.000
D step=14/30 epoch=2/3 loss=0.0904 l2=0.2000 label_smoothing=0.000
D step=14/30 epoch=3/3 loss=0.0888 l2=0.2000 label_smoothing=0.000
D step=15/30 epoch=1/3 loss=0.0911 l2=0.2000 label_smoothing=0.000
D step=15/30 epoch=2/3 loss=0.0879 l2=0.2000 label_smoothing=0.000
D step=15/30 epoch=3/3 loss=0.0860 l2=0.2000 label_smoothing=0.000
D step=16/30 epoch=1/3 loss=0.0831 l2=0.2000 label_smoothing=0.000
D step=16/30 epoch=2/3 loss=0.0803 l2=0.2000 label_smoothing=0.000
D step=16/30 epoch=3/3 loss=0.0794 l2=0.2000 label_smoothing=0.000
D step=17/30 epoch=1/3 loss=0.0814 l2=0.2000 label_smoothing=0.000
D step=17/30 epoch=2/3 loss=0.0815 l2=0.2000 label_smoothing=0.000
D step=17/30 epoch=3/3 loss=0.0789 l2=0.2000 label_smoothing=0.000
D step=18/30 epoch=1/3 loss=0.0813 l2=0.2000 label_smoothing=0.000
D step=18/30 epoch=2/3 loss=0.0801 l2=0.2000 label_smoothing=0.000
D step=18/30 epoch=3/3 loss=0.0785 l2=0.2000 label_smoothing=0.000
D step=19/30 epoch=1/3 loss=0.0840 l2=0.2000 label_smoothing=0.000
D step=19/30 epoch=2/3 loss=0.0783 l2=0.2000 label_smoothing=0.000
D step=19/30 epoch=3/3 loss=0.0758 l2=0.2000 label_smoothing=0.000
D step=20/30 epoch=1/3 loss=0.0764 l2=0.2000 label_smoothing=0.000
D step=20/30 epoch=2/3 loss=0.0751 l2=0.2000 label_smoothing=0.000
D step=20/30 epoch=3/3 loss=0.0740 l2=0.2000 label_smoothing=0.000
D step=21/30 epoch=1/3 loss=0.0706 l2=0.2000 label_smoothing=0.000
D step=21/30 epoch=2/3 loss=0.0705 l2=0.2000 label_smoothing=0.000
D step=21/30 epoch=3/3 loss=0.0704 l2=0.2000 label_smoothing=0.000
D step=22/30 epoch=1/3 loss=0.0742 l2=0.2000 label_smoothing=0.000
D step=22/30 epoch=2/3 loss=0.0713 l2=0.2000 label_smoothing=0.000
D step=22/30 epoch=3/3 loss=0.0714 l2=0.2000 label_smoothing=0.000
D step=23/30 epoch=1/3 loss=0.0739 l2=0.2000 label_smoothing=0.000
D step=23/30 epoch=2/3 loss=0.0711 l2=0.2000 label_smoothing=0.000
D step=23/30 epoch=3/3 loss=0.0694 l2=0.2000 label_smoothing=0.000
D step=24/30 epoch=1/3 loss=0.0687 l2=0.2000 label_smoothing=0.000
D step=24/30 epoch=2/3 loss=0.0680 l2=0.2000 label_smoothing=0.000
D step=24/30 epoch=3/3 loss=0.0671 l2=0.2000 label_smoothing=0.000
D step=25/30 epoch=1/3 loss=0.0720 l2=0.2000 label_smoothing=0.000
D step=25/30 epoch=2/3 loss=0.0721 l2=0.2000 label_smoothing=0.000
D step=25/30 epoch=3/3 loss=0.0706 l2=0.2000 label_smoothing=0.000
D step=26/30 epoch=1/3 loss=0.0707 l2=0.2000 label_smoothing=0.000
D step=26/30 epoch=2/3 loss=0.0669 l2=0.2000 label_smoothing=0.000
D step=26/30 epoch=3/3 loss=0.0659 l2=0.2000 label_smoothing=0.000
D step=27/30 epoch=1/3 loss=0.0708 l2=0.2000 label_smoothing=0.000
D step=27/30 epoch=2/3 loss=0.0669 l2=0.2000 label_smoothing=0.000
D step=27/30 epoch=3/3 loss=0.0653 l2=0.2000 label_smoothing=0.000
D step=28/30 epoch=1/3 loss=0.0661 l2=0.2000 label_smoothing=0.000
D step=28/30 epoch=2/3 loss=0.0654 l2=0.2000 label_smoothing=0.000
D step=28/30 epoch=3/3 loss=0.0642 l2=0.2000 label_smoothing=0.000
D step=29/30 epoch=1/3 loss=0.0648 l2=0.2000 label_smoothing=0.000
D step=29/30 epoch=2/3 loss=0.0635 l2=0.2000 label_smoothing=0.000
D step=29/30 epoch=3/3 loss=0.0635 l2=0.2000 label_smoothing=0.000
D step=30/30 epoch=1/3 loss=0.0693 l2=0.2000 label_smoothing=0.000
D step=30/30 epoch=2/3 loss=0.0652 l2=0.2000 label_smoothing=0.000
D step=30/30 epoch=3/3 loss=0.0653 l2=0.2000 label_smoothing=0.000

[3/3] adversarial
generator_reward_mode=off reward_alpha=1.000 d_steps=5 d_epochs=3
D step=1/5 epoch=1/3 loss=0.0621 l2=0.2000 label_smoothing=0.000
D step=1/5 epoch=2/3 loss=0.0615 l2=0.2000 label_smoothing=0.000
D step=1/5 epoch=3/3 loss=0.0575 l2=0.2000 label_smoothing=0.000
D step=2/5 epoch=1/3 loss=0.0572 l2=0.2000 label_smoothing=0.000
D step=2/5 epoch=2/3 loss=0.0549 l2=0.2000 label_smoothing=0.000
D step=2/5 epoch=3/3 loss=0.0532 l2=0.2000 label_smoothing=0.000
D step=3/5 epoch=1/3 loss=0.0524 l2=0.2000 label_smoothing=0.000
D step=3/5 epoch=2/3 loss=0.0510 l2=0.2000 label_smoothing=0.000
D step=3/5 epoch=3/3 loss=0.0498 l2=0.2000 label_smoothing=0.000
D step=4/5 epoch=1/3 loss=0.0495 l2=0.2000 label_smoothing=0.000
D step=4/5 epoch=2/3 loss=0.0476 l2=0.2000 label_smoothing=0.000
D step=4/5 epoch=3/3 loss=0.0465 l2=0.2000 label_smoothing=0.000
D step=5/5 epoch=1/3 loss=0.0518 l2=0.2000 label_smoothing=0.000
D step=5/5 epoch=2/3 loss=0.0450 l2=0.2000 label_smoothing=0.000
D step=5/5 epoch=3/3 loss=0.0454 l2=0.2000 label_smoothing=0.000
ADV epoch=1/60 g_loss=0.0043 d_loss=0.0523 reward=0.0023 reward_var=0.0001 unique=1.0000
D step=1/5 epoch=1/3 loss=0.0440 l2=0.2000 label_smoothing=0.000
D step=1/5 epoch=2/3 loss=0.0414 l2=0.2000 label_smoothing=0.000
D step=1/5 epoch=3/3 loss=0.0398 l2=0.2000 label_smoothing=0.000
D step=2/5 epoch=1/3 loss=0.0396 l2=0.2000 label_smoothing=0.000
D step=2/5 epoch=2/3 loss=0.0379 l2=0.2000 label_smoothing=0.000
D step=2/5 epoch=3/3 loss=0.0368 l2=0.2000 label_smoothing=0.000
D step=3/5 epoch=1/3 loss=0.0394 l2=0.2000 label_smoothing=0.000
D step=3/5 epoch=2/3 loss=0.0375 l2=0.2000 label_smoothing=0.000
D step=3/5 epoch=3/3 loss=0.0353 l2=0.2000 label_smoothing=0.000
D step=4/5 epoch=1/3 loss=0.0403 l2=0.2000 label_smoothing=0.000
D step=4/5 epoch=2/3 loss=0.0340 l2=0.2000 label_smoothing=0.000
D step=4/5 epoch=3/3 loss=0.0332 l2=0.2000 label_smoothing=0.000
D step=5/5 epoch=1/3 loss=0.0322 l2=0.2000 label_smoothing=0.000
D step=5/5 epoch=2/3 loss=0.0325 l2=0.2000 label_smoothing=0.000
D step=5/5 epoch=3/3 loss=0.0305 l2=0.2000 label_smoothing=0.000
ADV epoch=2/60 g_loss=0.0064 d_loss=0.0370 reward=0.0044 reward_var=0.0011 unique=1.0000
D step=1/5 epoch=1/3 loss=0.0307 l2=0.2000 label_smoothing=0.000
D step=1/5 epoch=2/3 loss=0.0293 l2=0.2000 label_smoothing=0.000
D step=1/5 epoch=3/3 loss=0.0282 l2=0.2000 label_smoothing=0.000
D step=2/5 epoch=1/3 loss=0.0306 l2=0.2000 label_smoothing=0.000
D step=2/5 epoch=2/3 loss=0.0307 l2=0.2000 label_smoothing=0.000
D step=2/5 epoch=3/3 loss=0.0269 l2=0.2000 label_smoothing=0.000
D step=3/5 epoch=1/3 loss=0.0253 l2=0.2000 label_smoothing=0.000
D step=3/5 epoch=2/3 loss=0.0257 l2=0.2000 label_smoothing=0.000
D step=3/5 epoch=3/3 loss=0.0249 l2=0.2000 label_smoothing=0.000
D step=4/5 epoch=1/3 loss=0.0345 l2=0.2000 label_smoothing=0.000
D step=4/5 epoch=2/3 loss=0.0236 l2=0.2000 label_smoothing=0.000
D step=4/5 epoch=3/3 loss=0.0267 l2=0.2000 label_smoothing=0.000
D step=5/5 epoch=1/3 loss=0.0268 l2=0.2000 label_smoothing=0.000
D step=5/5 epoch=2/3 loss=0.0232 l2=0.2000 label_smoothing=0.000
D step=5/5 epoch=3/3 loss=0.0230 l2=0.2000 label_smoothing=0.000
ADV epoch=3/60 g_loss=0.0057 d_loss=0.0273 reward=0.0034 reward_var=0.0001 unique=1.0000
saved 500 raw samples to /content/drive/MyDrive/GAN/GAN_SQLi_Colab/results_seqgan_phase2b_phase3/phase2b/seqgan_master/boolean/E/R200/generated_payloads.csv
