{
  "metric_schema_version": "quality-metrics-v3",
  "normalization_version": "nfkc_html_percent1_casefold_ws_quotes_v1",
  "seed": 88,
  "method": "ctgan",
  "family": "boolean",
  "scenario": "E",
  "ratio": "10",
  "generation_kind": "retrieval",
  "schema_valid": true,
  "stop_reason": "n/a",
  "n_generated": 500,
  "unique_rate": 0.608,
  "normalized_unique_rate": 0.608,
  "duplicate_rate": 0.392,
  "model_collapse_rate": 0.392,
  "dominant_payload_share": 0.026,
  "normalized_dominant_payload_share": 0.026,
  "sql_parse_rate": 1.0,
  "sql_structure_rate": 1.0,
  "family_motif_coverage": 0.75,
  "family_motif_hit_rate": 1.0,
  "garbage_rate": 0.0,
  "wellformed_rate": 1.0,
  "shaped_rate": 1.0,
  "family_motif_coverage_by_family": {
    "boolean": 0.75
  },
  "family_motif_hit_rate_by_family": {
    "boolean": 1.0
  },
  "inferred_family_distribution": {
    "boolean": 0.568,
    "union": 0.432,
    "time": 0.0,
    "error": 0.0,
    "other": 0.0
  },
  "train_reference_count": 1560,
  "holdout_reference_count": 917,
  "exact_input_overlap": 1.0,
  "normalized_input_overlap": 1.0,
  "holdout_overlap": 0.0,
  "normalized_holdout_overlap": 0.0,
  "nearest_input_similarity_mean": 1.0,
  "nearest_input_similarity_median": 1.0,
  "nearest_input_similarity_p90": 1.0,
  "nearest_char3_jaccard_mean": 1.0,
  "nearest_char3_jaccard_median": 1.0,
  "nearest_char3_jaccard_p90": 1.0,
  "nearest_token_jaccard_mean": 0.9992000000000001,
  "nearest_token_jaccard_median": 1.0,
  "nearest_token_jaccard_p90": 1.0,
  "nearest_edit_similarity_mean": 0.9995530550335464,
  "nearest_edit_similarity_median": 1.0,
  "nearest_edit_similarity_p90": 1.0,
  "nearest_feature_cosine_mean": 0.9999875169040339,
  "nearest_feature_cosine_median": 1.0,
  "nearest_feature_cosine_p90": 1.0000000000000002,
  "nearest_input_distance_mean": 0.0,
  "nearest_input_distance_median": 0.0,
  "nearest_input_distance_p90": 0.0,
  "mean_nearest_similarity": 1.0,
  "median_nearest_similarity": 1.0,
  "p90_nearest_similarity": 1.0,
  "unique_nearest_payload_rate": 0.6,
  "dominant_retrieved_payload_share": 0.026,
  "nearest_reference_count": 1560,
  "distinct_1": 0.06971700061970668,
  "distinct_2": 0.17403615769984754,
  "distinct_3": 0.2100898410504492,
  "lexical_diversity": 0.06971700061970668,
  "character_diversity": 0.8428279188098315,
  "token_diversity": 0.6748584548473939,
  "keyword_diversity": 0.8860446528331198,
  "operator_diversity": 0.7887597373563048,
  "function_diversity": 0.7984911138356114,
  "comment_style_diversity": 0.6666666666666666,
  "length_zone_diversity": 1.0,
  "self_bleu": 0.9644980699122704,
  "self_bleu_char": 0.9644980699122704,
  "requested_count": 500,
  "generated_count_fraction": 1.0
}
