
[1/3] pretrain G
G epoch=1/160 loss=4.5898
G epoch=2/160 loss=4.4156
G epoch=3/160 loss=4.2141
G epoch=4/160 loss=3.9765
G epoch=5/160 loss=3.7097
G epoch=6/160 loss=3.4316
G epoch=7/160 loss=3.1738
G epoch=8/160 loss=2.9705
G epoch=9/160 loss=2.8366
G epoch=10/160 loss=2.7489
G epoch=11/160 loss=2.6818
G epoch=12/160 loss=2.6220
G epoch=13/160 loss=2.5631
G epoch=14/160 loss=2.5075
G epoch=15/160 loss=2.4572
G epoch=16/160 loss=2.4106
G epoch=17/160 loss=2.3644
G epoch=18/160 loss=2.3166
G epoch=19/160 loss=2.2668
G epoch=20/160 loss=2.2152
G epoch=21/160 loss=2.1625
G epoch=22/160 loss=2.1138
G epoch=23/160 loss=2.0722
G epoch=24/160 loss=2.0317
G epoch=25/160 loss=1.9917
G epoch=26/160 loss=1.9529
G epoch=27/160 loss=1.9152
G epoch=28/160 loss=1.8787
G epoch=29/160 loss=1.8435
G epoch=30/160 loss=1.8088
G epoch=31/160 loss=1.7741
G epoch=32/160 loss=1.7403
G epoch=33/160 loss=1.7084
G epoch=34/160 loss=1.6779
G epoch=35/160 loss=1.6480
G epoch=36/160 loss=1.6193
G epoch=37/160 loss=1.5921
G epoch=38/160 loss=1.5660
G epoch=39/160 loss=1.5399
G epoch=40/160 loss=1.5144
G epoch=41/160 loss=1.4897
G epoch=42/160 loss=1.4651
G epoch=43/160 loss=1.4405
G epoch=44/160 loss=1.4170
G epoch=45/160 loss=1.3941
G epoch=46/160 loss=1.3726
G epoch=47/160 loss=1.3501
G epoch=48/160 loss=1.3281
G epoch=49/160 loss=1.3072
G epoch=50/160 loss=1.2869
G epoch=51/160 loss=1.2666
G epoch=52/160 loss=1.2470
G epoch=53/160 loss=1.2280
G epoch=54/160 loss=1.2089
G epoch=55/160 loss=1.1903
G epoch=56/160 loss=1.1721
G epoch=57/160 loss=1.1543
G epoch=58/160 loss=1.1352
G epoch=59/160 loss=1.1186
G epoch=60/160 loss=1.1038
G epoch=61/160 loss=1.0860
G epoch=62/160 loss=1.0701
G epoch=63/160 loss=1.0538
G epoch=64/160 loss=1.0364
G epoch=65/160 loss=1.0206
G epoch=66/160 loss=1.0050
G epoch=67/160 loss=0.9888
G epoch=68/160 loss=0.9742
G epoch=69/160 loss=0.9595
G epoch=70/160 loss=0.9452
G epoch=71/160 loss=0.9319
G epoch=72/160 loss=0.9181
G epoch=73/160 loss=0.9051
G epoch=74/160 loss=0.8932
G epoch=75/160 loss=0.8812
G epoch=76/160 loss=0.8681
G epoch=77/160 loss=0.8575
G epoch=78/160 loss=0.8467
G epoch=79/160 loss=0.8335
G epoch=80/160 loss=0.8250
G epoch=81/160 loss=0.8150
G epoch=82/160 loss=0.8020
G epoch=83/160 loss=0.7957
G epoch=84/160 loss=0.7827
G epoch=85/160 loss=0.7746
G epoch=86/160 loss=0.7631
G epoch=87/160 loss=0.7550
G epoch=88/160 loss=0.7463
G epoch=89/160 loss=0.7366
G epoch=90/160 loss=0.7292
G epoch=91/160 loss=0.7182
G epoch=92/160 loss=0.7116
G epoch=93/160 loss=0.7014
G epoch=94/160 loss=0.6945
G epoch=95/160 loss=0.6866
G epoch=96/160 loss=0.6774
G epoch=97/160 loss=0.6719
G epoch=98/160 loss=0.6640
G epoch=99/160 loss=0.6554
G epoch=100/160 loss=0.6496
G epoch=101/160 loss=0.6416
G epoch=102/160 loss=0.6335
G epoch=103/160 loss=0.6282
G epoch=104/160 loss=0.6187
G epoch=105/160 loss=0.6136
G epoch=106/160 loss=0.6062
G epoch=107/160 loss=0.5998
G epoch=108/160 loss=0.5939
G epoch=109/160 loss=0.5879
G epoch=110/160 loss=0.5813
G epoch=111/160 loss=0.5761
G epoch=112/160 loss=0.5699
G epoch=113/160 loss=0.5651
G epoch=114/160 loss=0.5595
G epoch=115/160 loss=0.5546
G epoch=116/160 loss=0.5489
G epoch=117/160 loss=0.5445
G epoch=118/160 loss=0.5392
G epoch=119/160 loss=0.5345
G epoch=120/160 loss=0.5296
G epoch=121/160 loss=0.5247
G epoch=122/160 loss=0.5203
G epoch=123/160 loss=0.5155
G epoch=124/160 loss=0.5114
G epoch=125/160 loss=0.5075
G epoch=126/160 loss=0.5029
G epoch=127/160 loss=0.4998
G epoch=128/160 loss=0.4944
G epoch=129/160 loss=0.4903
G epoch=130/160 loss=0.4864
G epoch=131/160 loss=0.4818
G epoch=132/160 loss=0.4784
G epoch=133/160 loss=0.4745
G epoch=134/160 loss=0.4721
G epoch=135/160 loss=0.4721
G epoch=136/160 loss=0.4769
G epoch=137/160 loss=0.4620
G epoch=138/160 loss=0.4624
G epoch=139/160 loss=0.4618
G epoch=140/160 loss=0.4533
G epoch=141/160 loss=0.4560
G epoch=142/160 loss=0.4449
G epoch=143/160 loss=0.4466
G epoch=144/160 loss=0.4385
G epoch=145/160 loss=0.4390
G epoch=146/160 loss=0.4336
G epoch=147/160 loss=0.4309
G epoch=148/160 loss=0.4277
G epoch=149/160 loss=0.4246
G epoch=150/160 loss=0.4215
G epoch=151/160 loss=0.4204
G epoch=152/160 loss=0.4189
G epoch=153/160 loss=0.4173
G epoch=154/160 loss=0.4109
G epoch=155/160 loss=0.4110
G epoch=156/160 loss=0.4060
G epoch=157/160 loss=0.4038
G epoch=158/160 loss=0.4016
G epoch=159/160 loss=0.3968
G epoch=160/160 loss=0.3973

[2/3] pretrain D

[3/3] adversarial
generator_reward_mode=on reward_alpha=0.700 d_steps=5 d_epochs=3
ADV epoch=1/200 g_loss=0.3448 d_loss=0.0000 reward=0.4130 reward_var=0.0072 unique=1.0000
ADV epoch=2/200 g_loss=0.3826 d_loss=0.0000 reward=0.4227 reward_var=0.0073 unique=1.0000
ADV epoch=3/200 g_loss=0.4421 d_loss=0.0000 reward=0.4185 reward_var=0.0074 unique=1.0000
ADV epoch=4/200 g_loss=0.4352 d_loss=0.0000 reward=0.4149 reward_var=0.0055 unique=1.0000
ADV epoch=5/200 g_loss=0.4641 d_loss=0.0000 reward=0.4220 reward_var=0.0078 unique=1.0000
ADV epoch=6/200 g_loss=0.4461 d_loss=0.0000 reward=0.4117 reward_var=0.0061 unique=1.0000
ADV epoch=7/200 g_loss=0.4504 d_loss=0.0000 reward=0.3997 reward_var=0.0049 unique=1.0000
ADV epoch=8/200 g_loss=0.5117 d_loss=0.0000 reward=0.4180 reward_var=0.0076 unique=1.0000
ADV epoch=9/200 g_loss=0.5096 d_loss=0.0000 reward=0.4105 reward_var=0.0053 unique=1.0000
ADV epoch=10/200 g_loss=0.4770 d_loss=0.0000 reward=0.4004 reward_var=0.0029 unique=1.0000
ADV epoch=11/200 g_loss=0.4717 d_loss=0.0000 reward=0.3992 reward_var=0.0059 unique=1.0000
ADV epoch=12/200 g_loss=0.5084 d_loss=0.0000 reward=0.4273 reward_var=0.0104 unique=1.0000
ADV epoch=13/200 g_loss=0.4596 d_loss=0.0000 reward=0.4060 reward_var=0.0065 unique=1.0000
ADV epoch=14/200 g_loss=0.4404 d_loss=0.0000 reward=0.4080 reward_var=0.0050 unique=1.0000
ADV epoch=15/200 g_loss=0.4697 d_loss=0.0000 reward=0.4392 reward_var=0.0110 unique=1.0000
ADV epoch=16/200 g_loss=0.4773 d_loss=0.0000 reward=0.4186 reward_var=0.0078 unique=1.0000
ADV epoch=17/200 g_loss=0.5122 d_loss=0.0000 reward=0.4419 reward_var=0.0105 unique=1.0000
ADV epoch=18/200 g_loss=0.4527 d_loss=0.0000 reward=0.4035 reward_var=0.0072 unique=1.0000
ADV epoch=19/200 g_loss=0.4694 d_loss=0.0000 reward=0.4298 reward_var=0.0093 unique=1.0000
ADV epoch=20/200 g_loss=0.4911 d_loss=0.0000 reward=0.4517 reward_var=0.0112 unique=1.0000
ADV epoch=21/200 g_loss=0.4714 d_loss=0.0000 reward=0.4347 reward_var=0.0101 unique=1.0000
ADV epoch=22/200 g_loss=0.4628 d_loss=0.0000 reward=0.4354 reward_var=0.0115 unique=1.0000
ADV epoch=23/200 g_loss=0.5161 d_loss=0.0000 reward=0.4840 reward_var=0.0167 unique=1.0000
ADV epoch=24/200 g_loss=0.5253 d_loss=0.0000 reward=0.4787 reward_var=0.0149 unique=1.0000
ADV epoch=25/200 g_loss=0.4906 d_loss=0.0000 reward=0.4688 reward_var=0.0145 unique=1.0000
ADV epoch=26/200 g_loss=0.5584 d_loss=0.0000 reward=0.5247 reward_var=0.0183 unique=1.0000
ADV epoch=27/200 g_loss=0.5105 d_loss=0.0000 reward=0.5184 reward_var=0.0191 unique=1.0000
ADV epoch=28/200 g_loss=0.5032 d_loss=0.0000 reward=0.5295 reward_var=0.0165 unique=1.0000
ADV epoch=29/200 g_loss=0.4948 d_loss=0.0000 reward=0.5325 reward_var=0.0172 unique=1.0000
ADV epoch=30/200 g_loss=0.5149 d_loss=0.0000 reward=0.5440 reward_var=0.0178 unique=1.0000
ADV epoch=31/200 g_loss=0.4859 d_loss=0.0000 reward=0.5555 reward_var=0.0165 unique=1.0000
ADV epoch=32/200 g_loss=0.4551 d_loss=0.0000 reward=0.5483 reward_var=0.0168 unique=0.9800
ADV epoch=33/200 g_loss=0.4148 d_loss=0.0000 reward=0.5698 reward_var=0.0149 unique=0.9800
ADV epoch=34/200 g_loss=0.4081 d_loss=0.0000 reward=0.5873 reward_var=0.0127 unique=0.9800
ADV epoch=35/200 g_loss=0.4444 d_loss=0.0000 reward=0.5616 reward_var=0.0167 unique=0.9600
ADV epoch=36/200 g_loss=0.4332 d_loss=0.0000 reward=0.5630 reward_var=0.0167 unique=0.9800
ADV epoch=37/200 g_loss=0.4173 d_loss=0.0000 reward=0.5822 reward_var=0.0134 unique=0.9800
ADV epoch=38/200 g_loss=0.4054 d_loss=0.0000 reward=0.5405 reward_var=0.0182 unique=1.0000
ADV epoch=39/200 g_loss=0.4188 d_loss=0.0000 reward=0.6020 reward_var=0.0100 unique=1.0000
ADV epoch=40/200 g_loss=0.4587 d_loss=0.0000 reward=0.5980 reward_var=0.0102 unique=1.0000
ADV epoch=41/200 g_loss=0.4250 d_loss=0.0000 reward=0.6164 reward_var=0.0080 unique=1.0000
ADV epoch=42/200 g_loss=0.4517 d_loss=0.0000 reward=0.6182 reward_var=0.0075 unique=1.0000
ADV epoch=43/200 g_loss=0.4901 d_loss=0.0000 reward=0.6203 reward_var=0.0088 unique=1.0000
ADV epoch=44/200 g_loss=0.5217 d_loss=0.0000 reward=0.6192 reward_var=0.0092 unique=1.0000
ADV epoch=45/200 g_loss=0.4964 d_loss=0.0000 reward=0.6049 reward_var=0.0138 unique=1.0000
ADV epoch=46/200 g_loss=0.4828 d_loss=0.0000 reward=0.5999 reward_var=0.0140 unique=1.0000
ADV epoch=47/200 g_loss=0.5233 d_loss=0.0000 reward=0.6454 reward_var=0.0048 unique=1.0000
ADV epoch=48/200 g_loss=0.5606 d_loss=0.0000 reward=0.6253 reward_var=0.0110 unique=1.0000
ADV epoch=49/200 g_loss=0.5221 d_loss=0.0000 reward=0.6240 reward_var=0.0121 unique=1.0000
ADV epoch=50/200 g_loss=0.5282 d_loss=0.0000 reward=0.6429 reward_var=0.0067 unique=1.0000
ADV epoch=51/200 g_loss=0.5543 d_loss=0.0000 reward=0.6305 reward_var=0.0100 unique=1.0000
ADV epoch=52/200 g_loss=0.5199 d_loss=0.0000 reward=0.6269 reward_var=0.0112 unique=1.0000
ADV epoch=53/200 g_loss=0.5411 d_loss=0.0000 reward=0.6162 reward_var=0.0115 unique=1.0000
ADV epoch=54/200 g_loss=0.5121 d_loss=0.0000 reward=0.6374 reward_var=0.0094 unique=1.0000
ADV epoch=55/200 g_loss=0.5459 d_loss=0.0000 reward=0.6555 reward_var=0.0045 unique=1.0000
ADV epoch=56/200 g_loss=0.5645 d_loss=0.0000 reward=0.6241 reward_var=0.0122 unique=1.0000
ADV epoch=57/200 g_loss=0.4934 d_loss=0.0000 reward=0.6170 reward_var=0.0123 unique=1.0000
ADV epoch=58/200 g_loss=0.4684 d_loss=0.0000 reward=0.6174 reward_var=0.0120 unique=1.0000
ADV epoch=59/200 g_loss=0.4730 d_loss=0.0000 reward=0.6308 reward_var=0.0093 unique=0.9800
ADV epoch=60/200 g_loss=0.4545 d_loss=0.0000 reward=0.6409 reward_var=0.0076 unique=0.9600
ADV epoch=61/200 g_loss=0.4498 d_loss=0.0000 reward=0.6199 reward_var=0.0103 unique=0.9600
ADV epoch=62/200 g_loss=0.4818 d_loss=0.0000 reward=0.6367 reward_var=0.0084 unique=0.9800
ADV epoch=63/200 g_loss=0.4742 d_loss=0.0000 reward=0.6431 reward_var=0.0067 unique=1.0000
ADV epoch=64/200 g_loss=0.5160 d_loss=0.0000 reward=0.6427 reward_var=0.0068 unique=1.0000
ADV epoch=65/200 g_loss=0.4555 d_loss=0.0000 reward=0.6515 reward_var=0.0057 unique=1.0000
ADV epoch=66/200 g_loss=0.5106 d_loss=0.0000 reward=0.6374 reward_var=0.0088 unique=1.0000
ADV epoch=67/200 g_loss=0.4937 d_loss=0.0000 reward=0.6515 reward_var=0.0058 unique=1.0000
ADV epoch=68/200 g_loss=0.4825 d_loss=0.0000 reward=0.6646 reward_var=0.0036 unique=1.0000
ADV epoch=69/200 g_loss=0.4925 d_loss=0.0000 reward=0.6523 reward_var=0.0072 unique=1.0000
ADV epoch=70/200 g_loss=0.4949 d_loss=0.0000 reward=0.6765 reward_var=0.0011 unique=1.0000
ADV epoch=71/200 g_loss=0.5070 d_loss=0.0000 reward=0.6712 reward_var=0.0030 unique=1.0000
ADV epoch=72/200 g_loss=0.5164 d_loss=0.0000 reward=0.6742 reward_var=0.0028 unique=1.0000
ADV epoch=73/200 g_loss=0.4513 d_loss=0.0000 reward=0.6623 reward_var=0.0055 unique=1.0000
ADV epoch=74/200 g_loss=0.5431 d_loss=0.0000 reward=0.6773 reward_var=0.0018 unique=1.0000
ADV epoch=75/200 g_loss=0.5052 d_loss=0.0000 reward=0.6755 reward_var=0.0031 unique=1.0000
ADV epoch=76/200 g_loss=0.5196 d_loss=0.0000 reward=0.6631 reward_var=0.0054 unique=1.0000
ADV epoch=77/200 g_loss=0.5048 d_loss=0.0000 reward=0.6855 reward_var=0.0010 unique=1.0000
ADV epoch=78/200 g_loss=0.4866 d_loss=0.0000 reward=0.6699 reward_var=0.0044 unique=1.0000
ADV epoch=79/200 g_loss=0.5038 d_loss=0.0000 reward=0.6592 reward_var=0.0065 unique=1.0000
ADV epoch=80/200 g_loss=0.4846 d_loss=0.0000 reward=0.6832 reward_var=0.0019 unique=1.0000
ADV epoch=81/200 g_loss=0.4981 d_loss=0.0000 reward=0.6703 reward_var=0.0049 unique=1.0000
ADV epoch=82/200 g_loss=0.4746 d_loss=0.0000 reward=0.6887 reward_var=0.0002 unique=1.0000
ADV epoch=83/200 g_loss=0.4794 d_loss=0.0000 reward=0.6884 reward_var=0.0009 unique=1.0000
ADV epoch=84/200 g_loss=0.4574 d_loss=0.0000 reward=0.6840 reward_var=0.0019 unique=1.0000
ADV epoch=85/200 g_loss=0.4641 d_loss=0.0000 reward=0.6882 reward_var=0.0012 unique=1.0000
ADV epoch=86/200 g_loss=0.4548 d_loss=0.0000 reward=0.6940 reward_var=0.0001 unique=1.0000
ADV epoch=87/200 g_loss=0.4679 d_loss=0.0000 reward=0.6893 reward_var=0.0010 unique=1.0000
ADV epoch=88/200 g_loss=0.4429 d_loss=0.0000 reward=0.6878 reward_var=0.0025 unique=0.9800
ADV epoch=89/200 g_loss=0.4470 d_loss=0.0000 reward=0.6817 reward_var=0.0026 unique=0.9600
ADV epoch=90/200 g_loss=0.4366 d_loss=0.0000 reward=0.6904 reward_var=0.0015 unique=1.0000
ADV epoch=91/200 g_loss=0.4303 d_loss=0.0000 reward=0.6796 reward_var=0.0032 unique=1.0000
ADV epoch=92/200 g_loss=0.4036 d_loss=0.0000 reward=0.6903 reward_var=0.0008 unique=1.0000
ADV epoch=93/200 g_loss=0.4257 d_loss=0.0000 reward=0.6782 reward_var=0.0041 unique=0.9800
ADV epoch=94/200 g_loss=0.4239 d_loss=0.0000 reward=0.6852 reward_var=0.0018 unique=1.0000
ADV epoch=95/200 g_loss=0.3628 d_loss=0.0000 reward=0.6746 reward_var=0.0045 unique=0.9800
ADV epoch=96/200 g_loss=0.3940 d_loss=0.0000 reward=0.6805 reward_var=0.0024 unique=0.9600
ADV epoch=97/200 g_loss=0.3578 d_loss=0.0000 reward=0.6761 reward_var=0.0034 unique=0.8000
ADV epoch=98/200 g_loss=0.2739 d_loss=0.0000 reward=0.6827 reward_var=0.0014 unique=0.6400
ADV epoch=99/200 g_loss=0.2228 d_loss=0.0000 reward=0.6808 reward_var=0.0015 unique=0.5400
ADV epoch=100/200 g_loss=0.2083 d_loss=0.0000 reward=0.6743 reward_var=0.0026 unique=0.5600
ADV epoch=101/200 g_loss=0.1923 d_loss=0.0000 reward=0.6699 reward_var=0.0026 unique=0.4200
ADV epoch=102/200 g_loss=0.1873 d_loss=0.0000 reward=0.6581 reward_var=0.0054 unique=0.5400
ADV epoch=103/200 g_loss=0.1734 d_loss=0.0000 reward=0.6561 reward_var=0.0049 unique=0.3800
ADV epoch=104/200 g_loss=0.1735 d_loss=0.0000 reward=0.6648 reward_var=0.0027 unique=0.4800
ADV epoch=105/200 g_loss=0.1236 d_loss=0.0000 reward=0.6686 reward_var=0.0017 unique=0.4600
ADV epoch=106/200 g_loss=0.1431 d_loss=0.0000 reward=0.6581 reward_var=0.0040 unique=0.4400
ADV epoch=107/200 g_loss=0.1350 d_loss=0.0000 reward=0.6707 reward_var=0.0013 unique=0.4400
ADV epoch=108/200 g_loss=0.1498 d_loss=0.0000 reward=0.6636 reward_var=0.0028 unique=0.4000
ADV epoch=109/200 g_loss=0.1487 d_loss=0.0000 reward=0.6646 reward_var=0.0020 unique=0.3200
ADV epoch=110/200 g_loss=0.1277 d_loss=0.0000 reward=0.6698 reward_var=0.0005 unique=0.3600
ADV epoch=111/200 g_loss=0.1086 d_loss=0.0000 reward=0.6620 reward_var=0.0029 unique=0.4000
ADV epoch=112/200 g_loss=0.1247 d_loss=0.0000 reward=0.6530 reward_var=0.0044 unique=0.3800
ADV epoch=113/200 g_loss=0.1371 d_loss=0.0000 reward=0.6509 reward_var=0.0050 unique=0.2600
ADV epoch=114/200 g_loss=0.1086 d_loss=0.0000 reward=0.6602 reward_var=0.0025 unique=0.4000
ADV epoch=115/200 g_loss=0.1029 d_loss=0.0000 reward=0.6620 reward_var=0.0026 unique=0.3800
ADV epoch=116/200 g_loss=0.1307 d_loss=0.0000 reward=0.6672 reward_var=0.0010 unique=0.4200
ADV epoch=117/200 g_loss=0.1031 d_loss=0.0000 reward=0.6672 reward_var=0.0014 unique=0.3800
ADV epoch=118/200 g_loss=0.1164 d_loss=0.0000 reward=0.6517 reward_var=0.0045 unique=0.3200
ADV epoch=119/200 g_loss=0.1136 d_loss=0.0000 reward=0.6601 reward_var=0.0030 unique=0.3600
ADV epoch=120/200 g_loss=0.1239 d_loss=0.0000 reward=0.6503 reward_var=0.0047 unique=0.3600
ADV epoch=121/200 g_loss=0.1279 d_loss=0.0000 reward=0.6631 reward_var=0.0019 unique=0.4200
ADV epoch=122/200 g_loss=0.1183 d_loss=0.0000 reward=0.6552 reward_var=0.0037 unique=0.2800
ADV epoch=123/200 g_loss=0.0968 d_loss=0.0000 reward=0.6720 reward_var=0.0001 unique=0.2200
ADV epoch=124/200 g_loss=0.1161 d_loss=0.0000 reward=0.6634 reward_var=0.0018 unique=0.3000
ADV epoch=125/200 g_loss=0.1216 d_loss=0.0000 reward=0.6556 reward_var=0.0033 unique=0.2800
ADV epoch=126/200 g_loss=0.1141 d_loss=0.0000 reward=0.6603 reward_var=0.0030 unique=0.3800
ADV epoch=127/200 g_loss=0.1106 d_loss=0.0000 reward=0.6559 reward_var=0.0041 unique=0.3800
ADV epoch=128/200 g_loss=0.1315 d_loss=0.0000 reward=0.6512 reward_var=0.0046 unique=0.3000
ADV epoch=129/200 g_loss=0.1179 d_loss=0.0000 reward=0.6717 reward_var=0.0001 unique=0.3200
ADV epoch=130/200 g_loss=0.1109 d_loss=0.0000 reward=0.6509 reward_var=0.0050 unique=0.3400
ADV epoch=131/200 g_loss=0.1334 d_loss=0.0000 reward=0.6642 reward_var=0.0020 unique=0.2600
ADV epoch=132/200 g_loss=0.1148 d_loss=0.0000 reward=0.6544 reward_var=0.0040 unique=0.5200
ADV epoch=133/200 g_loss=0.1487 d_loss=0.0000 reward=0.6519 reward_var=0.0038 unique=0.5200
ADV epoch=134/200 g_loss=0.1373 d_loss=0.0000 reward=0.6593 reward_var=0.0024 unique=0.4600
ADV epoch=135/200 g_loss=0.1669 d_loss=0.0000 reward=0.6490 reward_var=0.0044 unique=0.5000
ADV epoch=136/200 g_loss=0.1605 d_loss=0.0000 reward=0.6543 reward_var=0.0034 unique=0.5400
ADV epoch=137/200 g_loss=0.1516 d_loss=0.0000 reward=0.6641 reward_var=0.0013 unique=0.5600
ADV epoch=138/200 g_loss=0.1832 d_loss=0.0000 reward=0.6426 reward_var=0.0050 unique=0.7200
ADV epoch=139/200 g_loss=0.1824 d_loss=0.0000 reward=0.6587 reward_var=0.0021 unique=0.6800
ADV epoch=140/200 g_loss=0.1968 d_loss=0.0000 reward=0.6571 reward_var=0.0017 unique=0.7800
ADV epoch=141/200 g_loss=0.2139 d_loss=0.0000 reward=0.6599 reward_var=0.0015 unique=0.8400
ADV epoch=142/200 g_loss=0.2424 d_loss=0.0000 reward=0.6424 reward_var=0.0048 unique=0.7000
ADV epoch=143/200 g_loss=0.2419 d_loss=0.0000 reward=0.6521 reward_var=0.0026 unique=0.8200
ADV epoch=144/200 g_loss=0.2460 d_loss=0.0000 reward=0.6485 reward_var=0.0035 unique=0.8000
ADV epoch=145/200 g_loss=0.2377 d_loss=0.0000 reward=0.6611 reward_var=0.0010 unique=0.6600
ADV epoch=146/200 g_loss=0.2304 d_loss=0.0000 reward=0.6541 reward_var=0.0024 unique=0.7400
ADV epoch=147/200 g_loss=0.2396 d_loss=0.0000 reward=0.6506 reward_var=0.0029 unique=0.8000
ADV epoch=148/200 g_loss=0.2231 d_loss=0.0000 reward=0.6569 reward_var=0.0015 unique=0.7600
ADV epoch=149/200 g_loss=0.2411 d_loss=0.0000 reward=0.6611 reward_var=0.0010 unique=0.8600
ADV epoch=150/200 g_loss=0.2772 d_loss=0.0000 reward=0.6547 reward_var=0.0023 unique=0.7800
ADV epoch=151/200 g_loss=0.2776 d_loss=0.0000 reward=0.6464 reward_var=0.0041 unique=0.8000
ADV epoch=152/200 g_loss=0.2664 d_loss=0.0000 reward=0.6524 reward_var=0.0028 unique=0.8400
ADV epoch=153/200 g_loss=0.2669 d_loss=0.0000 reward=0.6532 reward_var=0.0029 unique=0.8000
ADV epoch=154/200 g_loss=0.2538 d_loss=0.0000 reward=0.6566 reward_var=0.0023 unique=0.7200
ADV epoch=155/200 g_loss=0.2041 d_loss=0.0000 reward=0.6503 reward_var=0.0033 unique=0.7600
ADV epoch=156/200 g_loss=0.2118 d_loss=0.0000 reward=0.6648 reward_var=0.0007 unique=0.7600
ADV epoch=157/200 g_loss=0.2405 d_loss=0.0000 reward=0.6626 reward_var=0.0010 unique=0.4600
ADV epoch=158/200 g_loss=0.2058 d_loss=0.0000 reward=0.6495 reward_var=0.0040 unique=0.3400
ADV epoch=159/200 g_loss=0.1513 d_loss=0.0000 reward=0.6636 reward_var=0.0010 unique=0.5400
ADV epoch=160/200 g_loss=0.1716 d_loss=0.0000 reward=0.6567 reward_var=0.0023 unique=0.5000
ADV epoch=161/200 g_loss=0.1687 d_loss=0.0000 reward=0.6608 reward_var=0.0016 unique=0.4600
ADV epoch=162/200 g_loss=0.1760 d_loss=0.0000 reward=0.6666 reward_var=0.0001 unique=0.5000
ADV epoch=163/200 g_loss=0.1880 d_loss=0.0000 reward=0.6493 reward_var=0.0041 unique=0.5800
ADV epoch=164/200 g_loss=0.1913 d_loss=0.0000 reward=0.6615 reward_var=0.0019 unique=0.5800
ADV epoch=165/200 g_loss=0.1982 d_loss=0.0000 reward=0.6665 reward_var=0.0007 unique=0.4600
ADV epoch=166/200 g_loss=0.1910 d_loss=0.0000 reward=0.6625 reward_var=0.0017 unique=0.7000
ADV epoch=167/200 g_loss=0.2044 d_loss=0.0000 reward=0.6602 reward_var=0.0021 unique=0.5800
ADV epoch=168/200 g_loss=0.2383 d_loss=0.0000 reward=0.6640 reward_var=0.0013 unique=0.7200
ADV epoch=169/200 g_loss=0.2643 d_loss=0.0000 reward=0.6588 reward_var=0.0031 unique=0.6600
ADV epoch=170/200 g_loss=0.2922 d_loss=0.0000 reward=0.6660 reward_var=0.0015 unique=0.8200
ADV epoch=171/200 g_loss=0.2706 d_loss=0.0000 reward=0.6688 reward_var=0.0008 unique=0.8800
ADV epoch=172/200 g_loss=0.3196 d_loss=0.0000 reward=0.6731 reward_var=0.0001 unique=0.9000
ADV epoch=173/200 g_loss=0.3790 d_loss=0.0000 reward=0.6755 reward_var=0.0001 unique=0.9200
ADV epoch=174/200 g_loss=0.4047 d_loss=0.0000 reward=0.6759 reward_var=0.0001 unique=0.9000
ADV epoch=175/200 g_loss=0.3814 d_loss=0.0000 reward=0.6750 reward_var=0.0009 unique=1.0000
ADV epoch=176/200 g_loss=0.4267 d_loss=0.0000 reward=0.6736 reward_var=0.0013 unique=1.0000
ADV epoch=177/200 g_loss=0.4232 d_loss=0.0000 reward=0.6717 reward_var=0.0019 unique=1.0000
ADV epoch=178/200 g_loss=0.4777 d_loss=0.0000 reward=0.6779 reward_var=0.0008 unique=1.0000
ADV epoch=179/200 g_loss=0.4630 d_loss=0.0000 reward=0.6763 reward_var=0.0012 unique=1.0000
ADV epoch=180/200 g_loss=0.4753 d_loss=0.0000 reward=0.6467 reward_var=0.0072 unique=1.0000
ADV epoch=181/200 g_loss=0.4393 d_loss=0.0000 reward=0.6691 reward_var=0.0035 unique=1.0000
ADV epoch=182/200 g_loss=0.4750 d_loss=0.0000 reward=0.6761 reward_var=0.0021 unique=1.0000
ADV epoch=183/200 g_loss=0.4727 d_loss=0.0000 reward=0.6751 reward_var=0.0018 unique=1.0000
ADV epoch=184/200 g_loss=0.4585 d_loss=0.0000 reward=0.6779 reward_var=0.0013 unique=0.9800
ADV epoch=185/200 g_loss=0.4590 d_loss=0.0000 reward=0.6804 reward_var=0.0008 unique=1.0000
ADV epoch=186/200 g_loss=0.5219 d_loss=0.0000 reward=0.6695 reward_var=0.0036 unique=1.0000
ADV epoch=187/200 g_loss=0.4463 d_loss=0.0000 reward=0.6647 reward_var=0.0044 unique=1.0000
ADV epoch=188/200 g_loss=0.4607 d_loss=0.0000 reward=0.6778 reward_var=0.0016 unique=1.0000
ADV epoch=189/200 g_loss=0.4241 d_loss=0.0000 reward=0.6683 reward_var=0.0036 unique=1.0000
ADV epoch=190/200 g_loss=0.4540 d_loss=0.0000 reward=0.6793 reward_var=0.0010 unique=0.9800
ADV epoch=191/200 g_loss=0.4343 d_loss=0.0000 reward=0.6612 reward_var=0.0043 unique=0.9800
ADV epoch=192/200 g_loss=0.4048 d_loss=0.0000 reward=0.6690 reward_var=0.0028 unique=0.9600
ADV epoch=193/200 g_loss=0.3848 d_loss=0.0000 reward=0.6604 reward_var=0.0044 unique=0.9400
ADV epoch=194/200 g_loss=0.3782 d_loss=0.0000 reward=0.6580 reward_var=0.0040 unique=0.9000
ADV epoch=195/200 g_loss=0.4232 d_loss=0.0000 reward=0.6554 reward_var=0.0046 unique=0.9200
ADV epoch=196/200 g_loss=0.4145 d_loss=0.0000 reward=0.6677 reward_var=0.0020 unique=0.8600
ADV epoch=197/200 g_loss=0.3730 d_loss=0.0000 reward=0.6612 reward_var=0.0026 unique=0.9200
ADV epoch=198/200 g_loss=0.3421 d_loss=0.0000 reward=0.6471 reward_var=0.0056 unique=0.8400
ADV epoch=199/200 g_loss=0.3507 d_loss=0.0000 reward=0.6507 reward_var=0.0039 unique=0.9200
ADV epoch=200/200 g_loss=0.3295 d_loss=0.0000 reward=0.6572 reward_var=0.0027 unique=0.9400
saved 2000 raw samples to /content/drive/MyDrive/GAN/GAN_for_SQLi/result/phase3/seqgan_improved/boolean/D/R500/V7/generated_payloads.csv
