{
  "metric_schema_version": "quality-metrics-v3",
  "normalization_version": "nfkc_html_percent1_casefold_ws_quotes_v1",
  "seed": 88,
  "method": "smote",
  "family": "error",
  "scenario": "D",
  "ratio": "100",
  "generation_kind": "retrieval",
  "schema_valid": true,
  "stop_reason": "n/a",
  "n_generated": 2000,
  "unique_rate": 0.076,
  "normalized_unique_rate": 0.076,
  "duplicate_rate": 0.924,
  "model_collapse_rate": 0.924,
  "dominant_payload_share": 0.0225,
  "normalized_dominant_payload_share": 0.0225,
  "sql_parse_rate": 1.0,
  "sql_structure_rate": 1.0,
  "family_motif_coverage": 0.625,
  "family_motif_hit_rate": 0.795,
  "garbage_rate": 0.0,
  "wellformed_rate": 1.0,
  "shaped_rate": 1.0,
  "family_motif_coverage_by_family": {
    "error": 0.625
  },
  "family_motif_hit_rate_by_family": {
    "error": 0.795
  },
  "inferred_family_distribution": {
    "boolean": 0.0175,
    "union": 0.1875,
    "time": 0.0,
    "error": 0.795,
    "other": 0.0
  },
  "train_reference_count": 156,
  "holdout_reference_count": 259,
  "exact_input_overlap": 1.0,
  "normalized_input_overlap": 1.0,
  "holdout_overlap": 0.0,
  "normalized_holdout_overlap": 0.0,
  "nearest_input_similarity_mean": 1.0,
  "nearest_input_similarity_median": 1.0,
  "nearest_input_similarity_p90": 1.0,
  "nearest_char3_jaccard_mean": 1.0,
  "nearest_char3_jaccard_median": 1.0,
  "nearest_char3_jaccard_p90": 1.0,
  "nearest_token_jaccard_mean": 0.9976,
  "nearest_token_jaccard_median": 1.0,
  "nearest_token_jaccard_p90": 1.0,
  "nearest_edit_similarity_mean": 0.9999090909090909,
  "nearest_edit_similarity_median": 1.0,
  "nearest_edit_similarity_p90": 1.0,
  "nearest_feature_cosine_mean": 0.9999994856082584,
  "nearest_feature_cosine_median": 1.0,
  "nearest_feature_cosine_p90": 1.0000000000000002,
  "nearest_input_distance_mean": 0.0,
  "nearest_input_distance_median": 0.0,
  "nearest_input_distance_p90": 0.0,
  "mean_nearest_similarity": 1.0,
  "median_nearest_similarity": 1.0,
  "p90_nearest_similarity": 1.0,
  "unique_nearest_payload_rate": 0.0755,
  "dominant_retrieved_payload_share": 0.0225,
  "nearest_reference_count": 156,
  "distinct_1": 0.005537422256864942,
  "distinct_2": 0.013158557258186335,
  "distinct_3": 0.0157517236588458,
  "lexical_diversity": 0.005537422256864942,
  "character_diversity": 0.8044223867578392,
  "token_diversity": 0.6745493227188154,
  "keyword_diversity": 0.8248423147596557,
  "operator_diversity": 0.7835425368843099,
  "function_diversity": 0.8407278157330306,
  "comment_style_diversity": 0.6666666666666666,
  "length_zone_diversity": 0.2,
  "self_bleu": 1.0,
  "self_bleu_char": 1.0,
  "requested_count": 2000,
  "generated_count_fraction": 1.0
}
