{
  "metric_schema_version": "quality-metrics-v3",
  "normalization_version": "nfkc_html_percent1_casefold_ws_quotes_v1",
  "seed": 88,
  "method": "seqgan_master",
  "family": "time",
  "scenario": "E",
  "ratio": "50",
  "generation_kind": "direct",
  "schema_valid": true,
  "stop_reason": "n/a",
  "n_generated": 200,
  "unique_rate": 1.0,
  "normalized_unique_rate": 1.0,
  "duplicate_rate": 0.0,
  "model_collapse_rate": 0.0,
  "dominant_payload_share": 0.005,
  "normalized_dominant_payload_share": 0.005,
  "sql_parse_rate": 1.0,
  "sql_structure_rate": 0.02,
  "family_motif_coverage": 0.0,
  "family_motif_hit_rate": 0.0,
  "garbage_rate": 0.98,
  "wellformed_rate": 1.0,
  "shaped_rate": 0.02,
  "family_motif_coverage_by_family": {
    "time": 0.0
  },
  "family_motif_hit_rate_by_family": {
    "time": 0.0
  },
  "inferred_family_distribution": {
    "boolean": 0.0,
    "union": 0.0,
    "time": 0.0,
    "error": 0.0,
    "other": 1.0
  },
  "train_reference_count": 312,
  "holdout_reference_count": 296,
  "exact_input_overlap": 0.0,
  "normalized_input_overlap": 0.0,
  "holdout_overlap": 0.0,
  "normalized_holdout_overlap": 0.0,
  "nearest_input_similarity_mean": 0.1265291592013389,
  "nearest_input_similarity_median": 0.11237373737373738,
  "nearest_input_similarity_p90": 0.21459627329192543,
  "nearest_char3_jaccard_mean": 0.1265291592013389,
  "nearest_char3_jaccard_median": 0.11237373737373738,
  "nearest_char3_jaccard_p90": 0.21459627329192543,
  "nearest_token_jaccard_mean": 0.20199893284819756,
  "nearest_token_jaccard_median": 0.2,
  "nearest_token_jaccard_p90": 0.375,
  "nearest_edit_similarity_mean": 0.2961258057972543,
  "nearest_edit_similarity_median": 0.3021739130434783,
  "nearest_edit_similarity_p90": 0.42307692307692313,
  "nearest_feature_cosine_mean": 0.8615532016686918,
  "nearest_feature_cosine_median": 0.8900714566549315,
  "nearest_feature_cosine_p90": 0.9579005243044696,
  "nearest_input_distance_mean": 0.8734708407986611,
  "nearest_input_distance_median": 0.8876262626262625,
  "nearest_input_distance_p90": 0.9378676470588235,
  "mean_nearest_similarity": 0.1265291592013389,
  "median_nearest_similarity": 0.11237373737373738,
  "p90_nearest_similarity": 0.21459627329192543,
  "unique_nearest_payload_rate": 0.24,
  "dominant_retrieved_payload_share": 0.115,
  "nearest_reference_count": 312,
  "distinct_1": 0.26554787759131293,
  "distinct_2": 0.5584255842558425,
  "distinct_3": 0.7471451876019576,
  "lexical_diversity": 0.26554787759131293,
  "character_diversity": 0.7643772357777747,
  "token_diversity": 0.619408080168718,
  "keyword_diversity": 0.8112781244591328,
  "operator_diversity": 0.6737577523997048,
  "function_diversity": 0.9999999999999998,
  "comment_style_diversity": 0.0,
  "length_zone_diversity": 0.2,
  "self_bleu": 0.6661323114697915,
  "self_bleu_char": 0.6661323114697915,
  "requested_count": 200,
  "generated_count_fraction": 1.0
}
