
[1/3] pretrain G
G epoch=1/15 loss=4.2983
G epoch=2/15 loss=3.3832
G epoch=3/15 loss=2.7533
G epoch=4/15 loss=2.4870
G epoch=5/15 loss=2.3442
G epoch=6/15 loss=2.2115
G epoch=7/15 loss=2.0942
G epoch=8/15 loss=1.9482
G epoch=9/15 loss=1.9058
G epoch=10/15 loss=1.8147
G epoch=11/15 loss=1.7812
G epoch=12/15 loss=1.6990
G epoch=13/15 loss=1.6366
G epoch=14/15 loss=1.5607
G epoch=15/15 loss=1.5120

[2/3] pretrain D
D step=1/8 epoch=1/2 loss=0.8660 l2=0.2000 label_smoothing=0.000
D step=1/8 epoch=2/2 loss=0.6964 l2=0.2000 label_smoothing=0.000
D step=2/8 epoch=1/2 loss=0.5858 l2=0.2000 label_smoothing=0.000
D step=2/8 epoch=2/2 loss=0.4926 l2=0.2000 label_smoothing=0.000
D step=3/8 epoch=1/2 loss=0.4124 l2=0.2000 label_smoothing=0.000
D step=3/8 epoch=2/2 loss=0.3269 l2=0.2000 label_smoothing=0.000
D step=4/8 epoch=1/2 loss=0.2954 l2=0.2000 label_smoothing=0.000
D step=4/8 epoch=2/2 loss=0.2345 l2=0.2000 label_smoothing=0.000
D step=5/8 epoch=1/2 loss=0.1891 l2=0.2000 label_smoothing=0.000
D step=5/8 epoch=2/2 loss=0.1576 l2=0.2000 label_smoothing=0.000
D step=6/8 epoch=1/2 loss=0.1382 l2=0.2000 label_smoothing=0.000
D step=6/8 epoch=2/2 loss=0.1237 l2=0.2000 label_smoothing=0.000
D step=7/8 epoch=1/2 loss=0.1115 l2=0.2000 label_smoothing=0.000
D step=7/8 epoch=2/2 loss=0.0984 l2=0.2000 label_smoothing=0.000
D step=8/8 epoch=1/2 loss=0.1154 l2=0.2000 label_smoothing=0.000
D step=8/8 epoch=2/2 loss=0.1027 l2=0.2000 label_smoothing=0.000

[3/3] adversarial
generator_reward_mode=off reward_alpha=1.000 d_steps=3 d_epochs=1
D step=1/3 epoch=1/1 loss=0.1040 l2=0.2000 label_smoothing=0.000
D step=2/3 epoch=1/1 loss=0.0848 l2=0.2000 label_smoothing=0.000
D step=3/3 epoch=1/1 loss=0.0870 l2=0.2000 label_smoothing=0.000
ADV epoch=1/6 g_loss=0.0325 d_loss=0.0919 reward=0.0176 reward_var=0.0010 unique=1.0000
D step=1/3 epoch=1/1 loss=0.0800 l2=0.2000 label_smoothing=0.000
D step=2/3 epoch=1/1 loss=0.0698 l2=0.2000 label_smoothing=0.000
D step=3/3 epoch=1/1 loss=0.0676 l2=0.2000 label_smoothing=0.000
ADV epoch=2/6 g_loss=0.0271 d_loss=0.0724 reward=0.0173 reward_var=0.0026 unique=1.0000
D step=1/3 epoch=1/1 loss=0.0746 l2=0.2000 label_smoothing=0.000
D step=2/3 epoch=1/1 loss=0.0679 l2=0.2000 label_smoothing=0.000
D step=3/3 epoch=1/1 loss=0.0592 l2=0.2000 label_smoothing=0.000
ADV epoch=3/6 g_loss=0.0084 d_loss=0.0672 reward=0.0058 reward_var=0.0004 unique=1.0000
saved 200 raw samples to /content/drive/MyDrive/GAN/GAN_SQLi_Colab/results_seqgan_only_mini/phase2a/seqgan_master/time/E/R50/generated_payloads.csv
