
[1/3] pretrain G
G epoch=1/60 loss=4.5500
G epoch=2/60 loss=4.3909
G epoch=3/60 loss=4.2184
G epoch=4/60 loss=4.0086
G epoch=5/60 loss=3.7605
G epoch=6/60 loss=3.4732
G epoch=7/60 loss=3.2688
G epoch=8/60 loss=2.9480
G epoch=9/60 loss=2.8038
G epoch=10/60 loss=2.7294
G epoch=11/60 loss=2.6288
G epoch=12/60 loss=2.6294
G epoch=13/60 loss=2.6007
G epoch=14/60 loss=2.4653
G epoch=15/60 loss=2.4767
G epoch=16/60 loss=2.3929
G epoch=17/60 loss=2.3695
G epoch=18/60 loss=2.3682
G epoch=19/60 loss=2.3096
G epoch=20/60 loss=2.2711
G epoch=21/60 loss=2.2405
G epoch=22/60 loss=2.2051
G epoch=23/60 loss=2.1402
G epoch=24/60 loss=2.0473
G epoch=25/60 loss=2.0889
G epoch=26/60 loss=2.0367
G epoch=27/60 loss=2.0613
G epoch=28/60 loss=2.0454
G epoch=29/60 loss=1.9790
G epoch=30/60 loss=1.9205
G epoch=31/60 loss=1.9127
G epoch=32/60 loss=1.9103
G epoch=33/60 loss=1.8438
G epoch=34/60 loss=1.8563
G epoch=35/60 loss=1.8007
G epoch=36/60 loss=1.8116
G epoch=37/60 loss=1.7836
G epoch=38/60 loss=1.8384
G epoch=39/60 loss=1.7422
G epoch=40/60 loss=1.7246
G epoch=41/60 loss=1.7022
G epoch=42/60 loss=1.6957
G epoch=43/60 loss=1.7243
G epoch=44/60 loss=1.6474
G epoch=45/60 loss=1.6581
G epoch=46/60 loss=1.6783
G epoch=47/60 loss=1.6366
G epoch=48/60 loss=1.6219
G epoch=49/60 loss=1.5470
G epoch=50/60 loss=1.5497
G epoch=51/60 loss=1.5995
G epoch=52/60 loss=1.5597
G epoch=53/60 loss=1.5041
G epoch=54/60 loss=1.4966
G epoch=55/60 loss=1.4959
G epoch=56/60 loss=1.4790
G epoch=57/60 loss=1.4804
G epoch=58/60 loss=1.4634
G epoch=59/60 loss=1.4476
G epoch=60/60 loss=1.4225

[2/3] pretrain D
D step=1/30 epoch=1/3 loss=0.7744 l2=0.2000 label_smoothing=0.050
D step=1/30 epoch=2/3 loss=0.7503 l2=0.2000 label_smoothing=0.050
D step=1/30 epoch=3/3 loss=0.7288 l2=0.2000 label_smoothing=0.050
D step=2/30 epoch=1/3 loss=0.7481 l2=0.2000 label_smoothing=0.050
D step=2/30 epoch=2/3 loss=0.7342 l2=0.2000 label_smoothing=0.050
D step=2/30 epoch=3/3 loss=0.7243 l2=0.2000 label_smoothing=0.050
D step=3/30 epoch=1/3 loss=0.7150 l2=0.2000 label_smoothing=0.050
D step=3/30 epoch=2/3 loss=0.6853 l2=0.2000 label_smoothing=0.050
D step=3/30 epoch=3/3 loss=0.6694 l2=0.2000 label_smoothing=0.050
D step=4/30 epoch=1/3 loss=0.6447 l2=0.2000 label_smoothing=0.050
D step=4/30 epoch=2/3 loss=0.6429 l2=0.2000 label_smoothing=0.050
D step=4/30 epoch=3/3 loss=0.6218 l2=0.2000 label_smoothing=0.050
D step=5/30 epoch=1/3 loss=0.6359 l2=0.2000 label_smoothing=0.050
D step=5/30 epoch=2/3 loss=0.6433 l2=0.2000 label_smoothing=0.050
D step=5/30 epoch=3/3 loss=0.6299 l2=0.2000 label_smoothing=0.050
D step=6/30 epoch=1/3 loss=0.5877 l2=0.2000 label_smoothing=0.050
D step=6/30 epoch=2/3 loss=0.5835 l2=0.2000 label_smoothing=0.050
D step=6/30 epoch=3/3 loss=0.5820 l2=0.2000 label_smoothing=0.050
D step=7/30 epoch=1/3 loss=0.5513 l2=0.2000 label_smoothing=0.050
D step=7/30 epoch=2/3 loss=0.5477 l2=0.2000 label_smoothing=0.050
D step=7/30 epoch=3/3 loss=0.5481 l2=0.2000 label_smoothing=0.050
D step=8/30 epoch=1/3 loss=0.5087 l2=0.2000 label_smoothing=0.050
D step=8/30 epoch=2/3 loss=0.5026 l2=0.2000 label_smoothing=0.050
D step=8/30 epoch=3/3 loss=0.4957 l2=0.2000 label_smoothing=0.050
D step=9/30 epoch=1/3 loss=0.4871 l2=0.2000 label_smoothing=0.050
D step=9/30 epoch=2/3 loss=0.4739 l2=0.2000 label_smoothing=0.050
D step=9/30 epoch=3/3 loss=0.4485 l2=0.2000 label_smoothing=0.050
D step=10/30 epoch=1/3 loss=0.4585 l2=0.2000 label_smoothing=0.050
D step=10/30 epoch=2/3 loss=0.4317 l2=0.2000 label_smoothing=0.050
D step=10/30 epoch=3/3 loss=0.4148 l2=0.2000 label_smoothing=0.050
D step=11/30 epoch=1/3 loss=0.4069 l2=0.2000 label_smoothing=0.050
D step=11/30 epoch=2/3 loss=0.4011 l2=0.2000 label_smoothing=0.050
D step=11/30 epoch=3/3 loss=0.3893 l2=0.2000 label_smoothing=0.050
D step=12/30 epoch=1/3 loss=0.3556 l2=0.2000 label_smoothing=0.050
D step=12/30 epoch=2/3 loss=0.3551 l2=0.2000 label_smoothing=0.050
D step=12/30 epoch=3/3 loss=0.3400 l2=0.2000 label_smoothing=0.050
D step=13/30 epoch=1/3 loss=0.3368 l2=0.2000 label_smoothing=0.050
D step=13/30 epoch=2/3 loss=0.3356 l2=0.2000 label_smoothing=0.050
D step=13/30 epoch=3/3 loss=0.3270 l2=0.2000 label_smoothing=0.050
D step=14/30 epoch=1/3 loss=0.3106 l2=0.2000 label_smoothing=0.050
D step=14/30 epoch=2/3 loss=0.3026 l2=0.2000 label_smoothing=0.050
D step=14/30 epoch=3/3 loss=0.2913 l2=0.2000 label_smoothing=0.050
D step=15/30 epoch=1/3 loss=0.2715 l2=0.2000 label_smoothing=0.050
D step=15/30 epoch=2/3 loss=0.2701 l2=0.2000 label_smoothing=0.050
D step=15/30 epoch=3/3 loss=0.2683 l2=0.2000 label_smoothing=0.050
D step=16/30 epoch=1/3 loss=0.2694 l2=0.2000 label_smoothing=0.050
D step=16/30 epoch=2/3 loss=0.2625 l2=0.2000 label_smoothing=0.050
D step=16/30 epoch=3/3 loss=0.2543 l2=0.2000 label_smoothing=0.050
D step=17/30 epoch=1/3 loss=0.2614 l2=0.2000 label_smoothing=0.050
D step=17/30 epoch=2/3 loss=0.2581 l2=0.2000 label_smoothing=0.050
D step=17/30 epoch=3/3 loss=0.2498 l2=0.2000 label_smoothing=0.050
D step=18/30 epoch=1/3 loss=0.2418 l2=0.2000 label_smoothing=0.050
D step=18/30 epoch=2/3 loss=0.2436 l2=0.2000 label_smoothing=0.050
D step=18/30 epoch=3/3 loss=0.2361 l2=0.2000 label_smoothing=0.050
D step=19/30 epoch=1/3 loss=0.2354 l2=0.2000 label_smoothing=0.050
D step=19/30 epoch=2/3 loss=0.2290 l2=0.2000 label_smoothing=0.050
D step=19/30 epoch=3/3 loss=0.2248 l2=0.2000 label_smoothing=0.050
D step=20/30 epoch=1/3 loss=0.2126 l2=0.2000 label_smoothing=0.050
D step=20/30 epoch=2/3 loss=0.2101 l2=0.2000 label_smoothing=0.050
D step=20/30 epoch=3/3 loss=0.2080 l2=0.2000 label_smoothing=0.050
D step=21/30 epoch=1/3 loss=0.2183 l2=0.2000 label_smoothing=0.050
D step=21/30 epoch=2/3 loss=0.2159 l2=0.2000 label_smoothing=0.050
D step=21/30 epoch=3/3 loss=0.2110 l2=0.2000 label_smoothing=0.050
D step=22/30 epoch=1/3 loss=0.2142 l2=0.2000 label_smoothing=0.050
D step=22/30 epoch=2/3 loss=0.2077 l2=0.2000 label_smoothing=0.050
D step=22/30 epoch=3/3 loss=0.2078 l2=0.2000 label_smoothing=0.050
D step=23/30 epoch=1/3 loss=0.2071 l2=0.2000 label_smoothing=0.050
D step=23/30 epoch=2/3 loss=0.2044 l2=0.2000 label_smoothing=0.050
D step=23/30 epoch=3/3 loss=0.2013 l2=0.2000 label_smoothing=0.050
D step=24/30 epoch=1/3 loss=0.1980 l2=0.2000 label_smoothing=0.050
D step=24/30 epoch=2/3 loss=0.1987 l2=0.2000 label_smoothing=0.050
D step=24/30 epoch=3/3 loss=0.1957 l2=0.2000 label_smoothing=0.050
D step=25/30 epoch=1/3 loss=0.2011 l2=0.2000 label_smoothing=0.050
D step=25/30 epoch=2/3 loss=0.2016 l2=0.2000 label_smoothing=0.050
D step=25/30 epoch=3/3 loss=0.2007 l2=0.2000 label_smoothing=0.050
D step=26/30 epoch=1/3 loss=0.1942 l2=0.2000 label_smoothing=0.050
D step=26/30 epoch=2/3 loss=0.1961 l2=0.2000 label_smoothing=0.050
D step=26/30 epoch=3/3 loss=0.1936 l2=0.2000 label_smoothing=0.050
D step=27/30 epoch=1/3 loss=0.1953 l2=0.2000 label_smoothing=0.050
D step=27/30 epoch=2/3 loss=0.1956 l2=0.2000 label_smoothing=0.050
D step=27/30 epoch=3/3 loss=0.1930 l2=0.2000 label_smoothing=0.050
D step=28/30 epoch=1/3 loss=0.1905 l2=0.2000 label_smoothing=0.050
D step=28/30 epoch=2/3 loss=0.1898 l2=0.2000 label_smoothing=0.050
D step=28/30 epoch=3/3 loss=0.1892 l2=0.2000 label_smoothing=0.050
D step=29/30 epoch=1/3 loss=0.1949 l2=0.2000 label_smoothing=0.050
D step=29/30 epoch=2/3 loss=0.1972 l2=0.2000 label_smoothing=0.050
D step=29/30 epoch=3/3 loss=0.1929 l2=0.2000 label_smoothing=0.050
D step=30/30 epoch=1/3 loss=0.1901 l2=0.2000 label_smoothing=0.050
D step=30/30 epoch=2/3 loss=0.1908 l2=0.2000 label_smoothing=0.050
D step=30/30 epoch=3/3 loss=0.1890 l2=0.2000 label_smoothing=0.050

[3/3] adversarial
generator_reward_mode=off reward_alpha=1.000 d_steps=5 d_epochs=3
D step=1/5 epoch=1/3 loss=0.1914 l2=0.2000 label_smoothing=0.050
D step=1/5 epoch=2/3 loss=0.1888 l2=0.2000 label_smoothing=0.050
D step=1/5 epoch=3/3 loss=0.1868 l2=0.2000 label_smoothing=0.050
D step=2/5 epoch=1/3 loss=0.1894 l2=0.2000 label_smoothing=0.050
D step=2/5 epoch=2/3 loss=0.1897 l2=0.2000 label_smoothing=0.050
D step=2/5 epoch=3/3 loss=0.1856 l2=0.2000 label_smoothing=0.050
D step=3/5 epoch=1/3 loss=0.1823 l2=0.2000 label_smoothing=0.050
D step=3/5 epoch=2/3 loss=0.1828 l2=0.2000 label_smoothing=0.050
D step=3/5 epoch=3/3 loss=0.1815 l2=0.2000 label_smoothing=0.050
D step=4/5 epoch=1/3 loss=0.1829 l2=0.2000 label_smoothing=0.050
D step=4/5 epoch=2/3 loss=0.1819 l2=0.2000 label_smoothing=0.050
D step=4/5 epoch=3/3 loss=0.1797 l2=0.2000 label_smoothing=0.050
D step=5/5 epoch=1/3 loss=0.1832 l2=0.2000 label_smoothing=0.050
D step=5/5 epoch=2/3 loss=0.1826 l2=0.2000 label_smoothing=0.050
D step=5/5 epoch=3/3 loss=0.1823 l2=0.2000 label_smoothing=0.050
ADV epoch=1/60 g_loss=0.0534 d_loss=0.1847 reward=0.0324 reward_var=0.0007 unique=1.0000
D step=1/5 epoch=1/3 loss=0.1793 l2=0.2000 label_smoothing=0.050
D step=1/5 epoch=2/3 loss=0.1767 l2=0.2000 label_smoothing=0.050
D step=1/5 epoch=3/3 loss=0.1771 l2=0.2000 label_smoothing=0.050
D step=2/5 epoch=1/3 loss=0.1805 l2=0.2000 label_smoothing=0.050
D step=2/5 epoch=2/3 loss=0.1776 l2=0.2000 label_smoothing=0.050
D step=2/5 epoch=3/3 loss=0.1773 l2=0.2000 label_smoothing=0.050
D step=3/5 epoch=1/3 loss=0.1789 l2=0.2000 label_smoothing=0.050
D step=3/5 epoch=2/3 loss=0.1764 l2=0.2000 label_smoothing=0.050
D step=3/5 epoch=3/3 loss=0.1746 l2=0.2000 label_smoothing=0.050
D step=4/5 epoch=1/3 loss=0.1828 l2=0.2000 label_smoothing=0.050
D step=4/5 epoch=2/3 loss=0.1788 l2=0.2000 label_smoothing=0.050
D step=4/5 epoch=3/3 loss=0.1774 l2=0.2000 label_smoothing=0.050
D step=5/5 epoch=1/3 loss=0.1748 l2=0.2000 label_smoothing=0.050
D step=5/5 epoch=2/3 loss=0.1716 l2=0.2000 label_smoothing=0.050
D step=5/5 epoch=3/3 loss=0.1719 l2=0.2000 label_smoothing=0.050
ADV epoch=2/60 g_loss=0.0506 d_loss=0.1770 reward=0.0355 reward_var=0.0017 unique=1.0000
D step=1/5 epoch=1/3 loss=0.1827 l2=0.2000 label_smoothing=0.050
D step=1/5 epoch=2/3 loss=0.1762 l2=0.2000 label_smoothing=0.050
D step=1/5 epoch=3/3 loss=0.1715 l2=0.2000 label_smoothing=0.050
D step=2/5 epoch=1/3 loss=0.1827 l2=0.2000 label_smoothing=0.050
D step=2/5 epoch=2/3 loss=0.1787 l2=0.2000 label_smoothing=0.050
D step=2/5 epoch=3/3 loss=0.1750 l2=0.2000 label_smoothing=0.050
D step=3/5 epoch=1/3 loss=0.1756 l2=0.2000 label_smoothing=0.050
D step=3/5 epoch=2/3 loss=0.1727 l2=0.2000 label_smoothing=0.050
D step=3/5 epoch=3/3 loss=0.1723 l2=0.2000 label_smoothing=0.050
D step=4/5 epoch=1/3 loss=0.1678 l2=0.2000 label_smoothing=0.050
D step=4/5 epoch=2/3 loss=0.1674 l2=0.2000 label_smoothing=0.050
D step=4/5 epoch=3/3 loss=0.1668 l2=0.2000 label_smoothing=0.050
D step=5/5 epoch=1/3 loss=0.1679 l2=0.2000 label_smoothing=0.050
D step=5/5 epoch=2/3 loss=0.1688 l2=0.2000 label_smoothing=0.050
D step=5/5 epoch=3/3 loss=0.1682 l2=0.2000 label_smoothing=0.050
ADV epoch=3/60 g_loss=0.0638 d_loss=0.1730 reward=0.0470 reward_var=0.0043 unique=1.0000
saved 500 raw samples to /content/drive/MyDrive/GAN/GAN_SQLi_Colab/results_seqgan_phase2b_phase3/phase3/seqgan_improved/time/D/R200/V1/generated_payloads.csv
