{
  "metric_schema_version": "quality-metrics-v3",
  "normalization_version": "nfkc_html_percent1_casefold_ws_quotes_v1",
  "seed": 88,
  "method": "smote",
  "family": "all",
  "scenario": "raw",
  "ratio": "full",
  "generation_kind": "retrieval",
  "schema_valid": true,
  "stop_reason": "n/a",
  "n_generated": 200,
  "unique_rate": 0.97,
  "normalized_unique_rate": 0.97,
  "duplicate_rate": 0.030000000000000027,
  "model_collapse_rate": 0.030000000000000027,
  "dominant_payload_share": 0.01,
  "normalized_dominant_payload_share": 0.01,
  "sql_parse_rate": 1.0,
  "sql_structure_rate": 0.97,
  "family_motif_coverage": 0.8095238095238095,
  "family_motif_hit_rate": 0.875,
  "garbage_rate": 0.030000000000000027,
  "wellformed_rate": 1.0,
  "shaped_rate": 0.97,
  "family_motif_coverage_by_family": {
    "boolean": 0.75,
    "union": 1.0,
    "time": 0.8,
    "error": 0.75
  },
  "family_motif_hit_rate_by_family": {
    "boolean": 0.595,
    "union": 0.475,
    "time": 0.145,
    "error": 0.05
  },
  "inferred_family_distribution": {
    "boolean": 0.27,
    "union": 0.41,
    "time": 0.145,
    "error": 0.05,
    "other": 0.125
  },
  "train_reference_count": 9049,
  "holdout_reference_count": 2260,
  "exact_input_overlap": 1.0,
  "normalized_input_overlap": 1.0,
  "holdout_overlap": 0.0,
  "normalized_holdout_overlap": 0.0,
  "nearest_input_similarity_mean": 1.0,
  "nearest_input_similarity_median": 1.0,
  "nearest_input_similarity_p90": 1.0,
  "nearest_char3_jaccard_mean": 1.0,
  "nearest_char3_jaccard_median": 1.0,
  "nearest_char3_jaccard_p90": 1.0,
  "nearest_token_jaccard_mean": 0.998,
  "nearest_token_jaccard_median": 1.0,
  "nearest_token_jaccard_p90": 1.0,
  "nearest_edit_similarity_mean": 0.9830741800357657,
  "nearest_edit_similarity_median": 1.0,
  "nearest_edit_similarity_p90": 1.0,
  "nearest_feature_cosine_mean": 0.9996016555167043,
  "nearest_feature_cosine_median": 1.0,
  "nearest_feature_cosine_p90": 1.0000000000000002,
  "nearest_input_distance_mean": 0.0,
  "nearest_input_distance_median": 0.0,
  "nearest_input_distance_p90": 0.0,
  "mean_nearest_similarity": 1.0,
  "median_nearest_similarity": 1.0,
  "p90_nearest_similarity": 1.0,
  "unique_nearest_payload_rate": 0.965,
  "dominant_retrieved_payload_share": 0.01,
  "nearest_reference_count": 9049,
  "distinct_1": 0.14047954866008464,
  "distinct_2": 0.36831091180866965,
  "distinct_3": 0.4761602034329307,
  "lexical_diversity": 0.14047954866008464,
  "character_diversity": 0.8132041022569237,
  "token_diversity": 0.7132889570905582,
  "keyword_diversity": 0.7201463285763716,
  "operator_diversity": 0.7567029593149226,
  "function_diversity": 0.7677452623008317,
  "comment_style_diversity": 0.6666666666666666,
  "length_zone_diversity": 1.0,
  "self_bleu": 0.9062659103305517,
  "self_bleu_char": 0.9062659103305517,
  "requested_count": 200,
  "generated_count_fraction": 1.0
}
