
[1/3] pretrain G
G epoch=1/60 loss=3.5179
G epoch=2/60 loss=2.3105
G epoch=3/60 loss=1.8135
G epoch=4/60 loss=1.4996
G epoch=5/60 loss=1.2750
G epoch=6/60 loss=1.1167
G epoch=7/60 loss=1.0076
G epoch=8/60 loss=0.9355
G epoch=9/60 loss=0.8656
G epoch=10/60 loss=0.8153
G epoch=11/60 loss=0.7838
G epoch=12/60 loss=0.7499
G epoch=13/60 loss=0.7373
G epoch=14/60 loss=0.7163
G epoch=15/60 loss=0.6929
G epoch=16/60 loss=0.6745
G epoch=17/60 loss=0.6603
G epoch=18/60 loss=0.6465
G epoch=19/60 loss=0.6369
G epoch=20/60 loss=0.6230
G epoch=21/60 loss=0.6172
G epoch=22/60 loss=0.6029
G epoch=23/60 loss=0.5946
G epoch=24/60 loss=0.5904
G epoch=25/60 loss=0.5832
G epoch=26/60 loss=0.5810
G epoch=27/60 loss=0.5779
G epoch=28/60 loss=0.5754
G epoch=29/60 loss=0.5678
G epoch=30/60 loss=0.5661
G epoch=31/60 loss=0.5655
G epoch=32/60 loss=0.5658
G epoch=33/60 loss=0.5603
G epoch=34/60 loss=0.5559
G epoch=35/60 loss=0.5533
G epoch=36/60 loss=0.5510
G epoch=37/60 loss=0.5462
G epoch=38/60 loss=0.5459
G epoch=39/60 loss=0.5425
G epoch=40/60 loss=0.5408
G epoch=41/60 loss=0.5425
G epoch=42/60 loss=0.5377
G epoch=43/60 loss=0.5380
G epoch=44/60 loss=0.5330
G epoch=45/60 loss=0.5331
G epoch=46/60 loss=0.5301
G epoch=47/60 loss=0.5278
G epoch=48/60 loss=0.5274
G epoch=49/60 loss=0.5237
G epoch=50/60 loss=0.5195
G epoch=51/60 loss=0.5201
G epoch=52/60 loss=0.5220
G epoch=53/60 loss=0.5167
G epoch=54/60 loss=0.5149
G epoch=55/60 loss=0.5142
G epoch=56/60 loss=0.5122
G epoch=57/60 loss=0.5116
G epoch=58/60 loss=0.5094
G epoch=59/60 loss=0.5060
G epoch=60/60 loss=0.5067

[2/3] pretrain D
D step=1/30 epoch=1/3 loss=0.8169 l2=0.2000 label_smoothing=0.000
D step=1/30 epoch=2/3 loss=0.7608 l2=0.2000 label_smoothing=0.000
D step=1/30 epoch=3/3 loss=0.7412 l2=0.2000 label_smoothing=0.000
D step=2/30 epoch=1/3 loss=0.7555 l2=0.2000 label_smoothing=0.000
D step=2/30 epoch=2/3 loss=0.7332 l2=0.2000 label_smoothing=0.000
D step=2/30 epoch=3/3 loss=0.7137 l2=0.2000 label_smoothing=0.000
D step=3/30 epoch=1/3 loss=0.7306 l2=0.2000 label_smoothing=0.000
D step=3/30 epoch=2/3 loss=0.7191 l2=0.2000 label_smoothing=0.000
D step=3/30 epoch=3/3 loss=0.7119 l2=0.2000 label_smoothing=0.000
D step=4/30 epoch=1/3 loss=0.7171 l2=0.2000 label_smoothing=0.000
D step=4/30 epoch=2/3 loss=0.6993 l2=0.2000 label_smoothing=0.000
D step=4/30 epoch=3/3 loss=0.6907 l2=0.2000 label_smoothing=0.000
D step=5/30 epoch=1/3 loss=0.6903 l2=0.2000 label_smoothing=0.000
D step=5/30 epoch=2/3 loss=0.6806 l2=0.2000 label_smoothing=0.000
D step=5/30 epoch=3/3 loss=0.6719 l2=0.2000 label_smoothing=0.000
D step=6/30 epoch=1/3 loss=0.7006 l2=0.2000 label_smoothing=0.000
D step=6/30 epoch=2/3 loss=0.6780 l2=0.2000 label_smoothing=0.000
D step=6/30 epoch=3/3 loss=0.6532 l2=0.2000 label_smoothing=0.000
D step=7/30 epoch=1/3 loss=0.6572 l2=0.2000 label_smoothing=0.000
D step=7/30 epoch=2/3 loss=0.6569 l2=0.2000 label_smoothing=0.000
D step=7/30 epoch=3/3 loss=0.6343 l2=0.2000 label_smoothing=0.000
D step=8/30 epoch=1/3 loss=0.6438 l2=0.2000 label_smoothing=0.000
D step=8/30 epoch=2/3 loss=0.6335 l2=0.2000 label_smoothing=0.000
D step=8/30 epoch=3/3 loss=0.6201 l2=0.2000 label_smoothing=0.000
D step=9/30 epoch=1/3 loss=0.6468 l2=0.2000 label_smoothing=0.000
D step=9/30 epoch=2/3 loss=0.6188 l2=0.2000 label_smoothing=0.000
D step=9/30 epoch=3/3 loss=0.6006 l2=0.2000 label_smoothing=0.000
D step=10/30 epoch=1/3 loss=0.6294 l2=0.2000 label_smoothing=0.000
D step=10/30 epoch=2/3 loss=0.6152 l2=0.2000 label_smoothing=0.000
D step=10/30 epoch=3/3 loss=0.6086 l2=0.2000 label_smoothing=0.000
D step=11/30 epoch=1/3 loss=0.6018 l2=0.2000 label_smoothing=0.000
D step=11/30 epoch=2/3 loss=0.5761 l2=0.2000 label_smoothing=0.000
D step=11/30 epoch=3/3 loss=0.5660 l2=0.2000 label_smoothing=0.000
D step=12/30 epoch=1/3 loss=0.5865 l2=0.2000 label_smoothing=0.000
D step=12/30 epoch=2/3 loss=0.5528 l2=0.2000 label_smoothing=0.000
D step=12/30 epoch=3/3 loss=0.5335 l2=0.2000 label_smoothing=0.000
D step=13/30 epoch=1/3 loss=0.5805 l2=0.2000 label_smoothing=0.000
D step=13/30 epoch=2/3 loss=0.5525 l2=0.2000 label_smoothing=0.000
D step=13/30 epoch=3/3 loss=0.5366 l2=0.2000 label_smoothing=0.000
D step=14/30 epoch=1/3 loss=0.5742 l2=0.2000 label_smoothing=0.000
D step=14/30 epoch=2/3 loss=0.5227 l2=0.2000 label_smoothing=0.000
D step=14/30 epoch=3/3 loss=0.5000 l2=0.2000 label_smoothing=0.000
D step=15/30 epoch=1/3 loss=0.5415 l2=0.2000 label_smoothing=0.000
D step=15/30 epoch=2/3 loss=0.5135 l2=0.2000 label_smoothing=0.000
D step=15/30 epoch=3/3 loss=0.4817 l2=0.2000 label_smoothing=0.000
D step=16/30 epoch=1/3 loss=0.5480 l2=0.2000 label_smoothing=0.000
D step=16/30 epoch=2/3 loss=0.5014 l2=0.2000 label_smoothing=0.000
D step=16/30 epoch=3/3 loss=0.4654 l2=0.2000 label_smoothing=0.000
D step=17/30 epoch=1/3 loss=0.4834 l2=0.2000 label_smoothing=0.000
D step=17/30 epoch=2/3 loss=0.4613 l2=0.2000 label_smoothing=0.000
D step=17/30 epoch=3/3 loss=0.4362 l2=0.2000 label_smoothing=0.000
D step=18/30 epoch=1/3 loss=0.5069 l2=0.2000 label_smoothing=0.000
D step=18/30 epoch=2/3 loss=0.4477 l2=0.2000 label_smoothing=0.000
D step=18/30 epoch=3/3 loss=0.4323 l2=0.2000 label_smoothing=0.000
D step=19/30 epoch=1/3 loss=0.4650 l2=0.2000 label_smoothing=0.000
D step=19/30 epoch=2/3 loss=0.4498 l2=0.2000 label_smoothing=0.000
D step=19/30 epoch=3/3 loss=0.4362 l2=0.2000 label_smoothing=0.000
D step=20/30 epoch=1/3 loss=0.4621 l2=0.2000 label_smoothing=0.000
D step=20/30 epoch=2/3 loss=0.4301 l2=0.2000 label_smoothing=0.000
D step=20/30 epoch=3/3 loss=0.4137 l2=0.2000 label_smoothing=0.000
D step=21/30 epoch=1/3 loss=0.4888 l2=0.2000 label_smoothing=0.000
D step=21/30 epoch=2/3 loss=0.4301 l2=0.2000 label_smoothing=0.000
D step=21/30 epoch=3/3 loss=0.3974 l2=0.2000 label_smoothing=0.000
D step=22/30 epoch=1/3 loss=0.4179 l2=0.2000 label_smoothing=0.000
D step=22/30 epoch=2/3 loss=0.3935 l2=0.2000 label_smoothing=0.000
D step=22/30 epoch=3/3 loss=0.3770 l2=0.2000 label_smoothing=0.000
D step=23/30 epoch=1/3 loss=0.4328 l2=0.2000 label_smoothing=0.000
D step=23/30 epoch=2/3 loss=0.4113 l2=0.2000 label_smoothing=0.000
D step=23/30 epoch=3/3 loss=0.3915 l2=0.2000 label_smoothing=0.000
D step=24/30 epoch=1/3 loss=0.4529 l2=0.2000 label_smoothing=0.000
D step=24/30 epoch=2/3 loss=0.4127 l2=0.2000 label_smoothing=0.000
D step=24/30 epoch=3/3 loss=0.3738 l2=0.2000 label_smoothing=0.000
D step=25/30 epoch=1/3 loss=0.4273 l2=0.2000 label_smoothing=0.000
D step=25/30 epoch=2/3 loss=0.3907 l2=0.2000 label_smoothing=0.000
D step=25/30 epoch=3/3 loss=0.3743 l2=0.2000 label_smoothing=0.000
D step=26/30 epoch=1/3 loss=0.4114 l2=0.2000 label_smoothing=0.000
D step=26/30 epoch=2/3 loss=0.3548 l2=0.2000 label_smoothing=0.000
D step=26/30 epoch=3/3 loss=0.3363 l2=0.2000 label_smoothing=0.000
D step=27/30 epoch=1/3 loss=0.3890 l2=0.2000 label_smoothing=0.000
D step=27/30 epoch=2/3 loss=0.3435 l2=0.2000 label_smoothing=0.000
D step=27/30 epoch=3/3 loss=0.3219 l2=0.2000 label_smoothing=0.000
D step=28/30 epoch=1/3 loss=0.3762 l2=0.2000 label_smoothing=0.000
D step=28/30 epoch=2/3 loss=0.3541 l2=0.2000 label_smoothing=0.000
D step=28/30 epoch=3/3 loss=0.3488 l2=0.2000 label_smoothing=0.000
D step=29/30 epoch=1/3 loss=0.3826 l2=0.2000 label_smoothing=0.000
D step=29/30 epoch=2/3 loss=0.3372 l2=0.2000 label_smoothing=0.000
D step=29/30 epoch=3/3 loss=0.3278 l2=0.2000 label_smoothing=0.000
D step=30/30 epoch=1/3 loss=0.3921 l2=0.2000 label_smoothing=0.000
D step=30/30 epoch=2/3 loss=0.3469 l2=0.2000 label_smoothing=0.000
D step=30/30 epoch=3/3 loss=0.3393 l2=0.2000 label_smoothing=0.000

[3/3] adversarial
generator_reward_mode=off reward_alpha=1.000 d_steps=5 d_epochs=3
D step=1/5 epoch=1/3 loss=0.2277 l2=0.2000 label_smoothing=0.000
D step=1/5 epoch=2/3 loss=0.1692 l2=0.2000 label_smoothing=0.000
D step=1/5 epoch=3/3 loss=0.1643 l2=0.2000 label_smoothing=0.000
D step=2/5 epoch=1/3 loss=0.1902 l2=0.2000 label_smoothing=0.000
D step=2/5 epoch=2/3 loss=0.1743 l2=0.2000 label_smoothing=0.000
D step=2/5 epoch=3/3 loss=0.1640 l2=0.2000 label_smoothing=0.000
D step=3/5 epoch=1/3 loss=0.1765 l2=0.2000 label_smoothing=0.000
D step=3/5 epoch=2/3 loss=0.1696 l2=0.2000 label_smoothing=0.000
D step=3/5 epoch=3/3 loss=0.1658 l2=0.2000 label_smoothing=0.000
D step=4/5 epoch=1/3 loss=0.1922 l2=0.2000 label_smoothing=0.000
D step=4/5 epoch=2/3 loss=0.1638 l2=0.2000 label_smoothing=0.000
D step=4/5 epoch=3/3 loss=0.1576 l2=0.2000 label_smoothing=0.000
D step=5/5 epoch=1/3 loss=0.1476 l2=0.2000 label_smoothing=0.000
D step=5/5 epoch=2/3 loss=0.1370 l2=0.2000 label_smoothing=0.000
D step=5/5 epoch=3/3 loss=0.1351 l2=0.2000 label_smoothing=0.000
ADV epoch=1/60 g_loss=0.0587 d_loss=0.1690 reward=0.2205 reward_var=0.0506 unique=0.7400
D step=1/5 epoch=1/3 loss=0.1304 l2=0.2000 label_smoothing=0.000
D step=1/5 epoch=2/3 loss=0.1203 l2=0.2000 label_smoothing=0.000
D step=1/5 epoch=3/3 loss=0.1180 l2=0.2000 label_smoothing=0.000
D step=2/5 epoch=1/3 loss=0.1151 l2=0.2000 label_smoothing=0.000
D step=2/5 epoch=2/3 loss=0.1116 l2=0.2000 label_smoothing=0.000
D step=2/5 epoch=3/3 loss=0.1135 l2=0.2000 label_smoothing=0.000
D step=3/5 epoch=1/3 loss=0.1153 l2=0.2000 label_smoothing=0.000
D step=3/5 epoch=2/3 loss=0.1106 l2=0.2000 label_smoothing=0.000
D step=3/5 epoch=3/3 loss=0.1089 l2=0.2000 label_smoothing=0.000
D step=4/5 epoch=1/3 loss=0.1298 l2=0.2000 label_smoothing=0.000
D step=4/5 epoch=2/3 loss=0.1297 l2=0.2000 label_smoothing=0.000
D step=4/5 epoch=3/3 loss=0.1234 l2=0.2000 label_smoothing=0.000
D step=5/5 epoch=1/3 loss=0.1198 l2=0.2000 label_smoothing=0.000
D step=5/5 epoch=2/3 loss=0.1178 l2=0.2000 label_smoothing=0.000
D step=5/5 epoch=3/3 loss=0.1175 l2=0.2000 label_smoothing=0.000
ADV epoch=2/60 g_loss=0.1658 d_loss=0.1188 reward=0.3827 reward_var=0.1067 unique=0.8800
D step=1/5 epoch=1/3 loss=0.1239 l2=0.2000 label_smoothing=0.000
D step=1/5 epoch=2/3 loss=0.1212 l2=0.2000 label_smoothing=0.000
D step=1/5 epoch=3/3 loss=0.1190 l2=0.2000 label_smoothing=0.000
D step=2/5 epoch=1/3 loss=0.1277 l2=0.2000 label_smoothing=0.000
D step=2/5 epoch=2/3 loss=0.1095 l2=0.2000 label_smoothing=0.000
D step=2/5 epoch=3/3 loss=0.1090 l2=0.2000 label_smoothing=0.000
D step=3/5 epoch=1/3 loss=0.1201 l2=0.2000 label_smoothing=0.000
D step=3/5 epoch=2/3 loss=0.1166 l2=0.2000 label_smoothing=0.000
D step=3/5 epoch=3/3 loss=0.1111 l2=0.2000 label_smoothing=0.000
D step=4/5 epoch=1/3 loss=0.1154 l2=0.2000 label_smoothing=0.000
D step=4/5 epoch=2/3 loss=0.1142 l2=0.2000 label_smoothing=0.000
D step=4/5 epoch=3/3 loss=0.1125 l2=0.2000 label_smoothing=0.000
D step=5/5 epoch=1/3 loss=0.1197 l2=0.2000 label_smoothing=0.000
D step=5/5 epoch=2/3 loss=0.1161 l2=0.2000 label_smoothing=0.000
D step=5/5 epoch=3/3 loss=0.1152 l2=0.2000 label_smoothing=0.000
ADV epoch=3/60 g_loss=0.0679 d_loss=0.1168 reward=0.1306 reward_var=0.0380 unique=0.5000
D step=1/5 epoch=1/3 loss=0.1195 l2=0.2000 label_smoothing=0.000
D step=1/5 epoch=2/3 loss=0.1180 l2=0.2000 label_smoothing=0.000
D step=1/5 epoch=3/3 loss=0.1175 l2=0.2000 label_smoothing=0.000
D step=2/5 epoch=1/3 loss=0.1209 l2=0.2000 label_smoothing=0.000
D step=2/5 epoch=2/3 loss=0.1206 l2=0.2000 label_smoothing=0.000
D step=2/5 epoch=3/3 loss=0.1192 l2=0.2000 label_smoothing=0.000
D step=3/5 epoch=1/3 loss=0.1174 l2=0.2000 label_smoothing=0.000
D step=3/5 epoch=2/3 loss=0.1185 l2=0.2000 label_smoothing=0.000
D step=3/5 epoch=3/3 loss=0.1186 l2=0.2000 label_smoothing=0.000
D step=4/5 epoch=1/3 loss=0.1185 l2=0.2000 label_smoothing=0.000
D step=4/5 epoch=2/3 loss=0.1195 l2=0.2000 label_smoothing=0.000
D step=4/5 epoch=3/3 loss=0.1193 l2=0.2000 label_smoothing=0.000
D step=5/5 epoch=1/3 loss=0.1250 l2=0.2000 label_smoothing=0.000
D step=5/5 epoch=2/3 loss=0.1207 l2=0.2000 label_smoothing=0.000
D step=5/5 epoch=3/3 loss=0.1197 l2=0.2000 label_smoothing=0.000
ADV epoch=4/60 g_loss=0.0253 d_loss=0.1195 reward=0.0826 reward_var=0.0232 unique=0.5000
D step=1/5 epoch=1/3 loss=0.1323 l2=0.2000 label_smoothing=0.000
D step=1/5 epoch=2/3 loss=0.1302 l2=0.2000 label_smoothing=0.000
D step=1/5 epoch=3/3 loss=0.1293 l2=0.2000 label_smoothing=0.000
D step=2/5 epoch=1/3 loss=0.1352 l2=0.2000 label_smoothing=0.000
D step=2/5 epoch=2/3 loss=0.1345 l2=0.2000 label_smoothing=0.000
D step=2/5 epoch=3/3 loss=0.1340 l2=0.2000 label_smoothing=0.000
D step=3/5 epoch=1/3 loss=0.1284 l2=0.2000 label_smoothing=0.000
D step=3/5 epoch=2/3 loss=0.1281 l2=0.2000 label_smoothing=0.000
D step=3/5 epoch=3/3 loss=0.1279 l2=0.2000 label_smoothing=0.000
D step=4/5 epoch=1/3 loss=0.1264 l2=0.2000 label_smoothing=0.000
D step=4/5 epoch=2/3 loss=0.1284 l2=0.2000 label_smoothing=0.000
D step=4/5 epoch=3/3 loss=0.1264 l2=0.2000 label_smoothing=0.000
D step=5/5 epoch=1/3 loss=0.1401 l2=0.2000 label_smoothing=0.000
D step=5/5 epoch=2/3 loss=0.1356 l2=0.2000 label_smoothing=0.000
D step=5/5 epoch=3/3 loss=0.1366 l2=0.2000 label_smoothing=0.000
ADV epoch=5/60 g_loss=0.0128 d_loss=0.1316 reward=0.0826 reward_var=0.0221 unique=0.3000
D step=1/5 epoch=1/3 loss=0.1477 l2=0.2000 label_smoothing=0.000
D step=1/5 epoch=2/3 loss=0.1463 l2=0.2000 label_smoothing=0.000
D step=1/5 epoch=3/3 loss=0.1468 l2=0.2000 label_smoothing=0.000
D step=2/5 epoch=1/3 loss=0.1489 l2=0.2000 label_smoothing=0.000
D step=2/5 epoch=2/3 loss=0.1511 l2=0.2000 label_smoothing=0.000
D step=2/5 epoch=3/3 loss=0.1488 l2=0.2000 label_smoothing=0.000
D step=3/5 epoch=1/3 loss=0.1464 l2=0.2000 label_smoothing=0.000
D step=3/5 epoch=2/3 loss=0.1470 l2=0.2000 label_smoothing=0.000
D step=3/5 epoch=3/3 loss=0.1469 l2=0.2000 label_smoothing=0.000
D step=4/5 epoch=1/3 loss=0.1462 l2=0.2000 label_smoothing=0.000
D step=4/5 epoch=2/3 loss=0.1434 l2=0.2000 label_smoothing=0.000
D step=4/5 epoch=3/3 loss=0.1436 l2=0.2000 label_smoothing=0.000
D step=5/5 epoch=1/3 loss=0.1401 l2=0.2000 label_smoothing=0.000
D step=5/5 epoch=2/3 loss=0.1400 l2=0.2000 label_smoothing=0.000
D step=5/5 epoch=3/3 loss=0.1396 l2=0.2000 label_smoothing=0.000
ADV epoch=6/60 g_loss=0.0098 d_loss=0.1455 reward=0.0920 reward_var=0.0219 unique=0.3600
D step=1/5 epoch=1/3 loss=0.1619 l2=0.2000 label_smoothing=0.000
D step=1/5 epoch=2/3 loss=0.1608 l2=0.2000 label_smoothing=0.000
D step=1/5 epoch=3/3 loss=0.1596 l2=0.2000 label_smoothing=0.000
D step=2/5 epoch=1/3 loss=0.1595 l2=0.2000 label_smoothing=0.000
D step=2/5 epoch=2/3 loss=0.1564 l2=0.2000 label_smoothing=0.000
D step=2/5 epoch=3/3 loss=0.1558 l2=0.2000 label_smoothing=0.000
D step=3/5 epoch=1/3 loss=0.1613 l2=0.2000 label_smoothing=0.000
D step=3/5 epoch=2/3 loss=0.1607 l2=0.2000 label_smoothing=0.000
D step=3/5 epoch=3/3 loss=0.1600 l2=0.2000 label_smoothing=0.000
D step=4/5 epoch=1/3 loss=0.1602 l2=0.2000 label_smoothing=0.000
D step=4/5 epoch=2/3 loss=0.1588 l2=0.2000 label_smoothing=0.000
D step=4/5 epoch=3/3 loss=0.1581 l2=0.2000 label_smoothing=0.000
D step=5/5 epoch=1/3 loss=0.1577 l2=0.2000 label_smoothing=0.000
D step=5/5 epoch=2/3 loss=0.1575 l2=0.2000 label_smoothing=0.000
D step=5/5 epoch=3/3 loss=0.1572 l2=0.2000 label_smoothing=0.000
ADV epoch=7/60 g_loss=0.0082 d_loss=0.1590 reward=0.1102 reward_var=0.0222 unique=0.4200
D step=1/5 epoch=1/3 loss=0.1700 l2=0.2000 label_smoothing=0.000
D step=1/5 epoch=2/3 loss=0.1701 l2=0.2000 label_smoothing=0.000
D step=1/5 epoch=3/3 loss=0.1698 l2=0.2000 label_smoothing=0.000
D step=2/5 epoch=1/3 loss=0.1699 l2=0.2000 label_smoothing=0.000
D step=2/5 epoch=2/3 loss=0.1680 l2=0.2000 label_smoothing=0.000
D step=2/5 epoch=3/3 loss=0.1691 l2=0.2000 label_smoothing=0.000
D step=3/5 epoch=1/3 loss=0.1696 l2=0.2000 label_smoothing=0.000
D step=3/5 epoch=2/3 loss=0.1688 l2=0.2000 label_smoothing=0.000
D step=3/5 epoch=3/3 loss=0.1685 l2=0.2000 label_smoothing=0.000
D step=4/5 epoch=1/3 loss=0.1696 l2=0.2000 label_smoothing=0.000
D step=4/5 epoch=2/3 loss=0.1698 l2=0.2000 label_smoothing=0.000
D step=4/5 epoch=3/3 loss=0.1689 l2=0.2000 label_smoothing=0.000
D step=5/5 epoch=1/3 loss=0.1677 l2=0.2000 label_smoothing=0.000
D step=5/5 epoch=2/3 loss=0.1689 l2=0.2000 label_smoothing=0.000
D step=5/5 epoch=3/3 loss=0.1679 l2=0.2000 label_smoothing=0.000
ADV epoch=8/60 g_loss=0.0055 d_loss=0.1691 reward=0.1003 reward_var=0.0150 unique=0.5000
D step=1/5 epoch=1/3 loss=0.1833 l2=0.2000 label_smoothing=0.000
D step=1/5 epoch=2/3 loss=0.1822 l2=0.2000 label_smoothing=0.000
D step=1/5 epoch=3/3 loss=0.1840 l2=0.2000 label_smoothing=0.000
D step=2/5 epoch=1/3 loss=0.1828 l2=0.2000 label_smoothing=0.000
D step=2/5 epoch=2/3 loss=0.1836 l2=0.2000 label_smoothing=0.000
D step=2/5 epoch=3/3 loss=0.1853 l2=0.2000 label_smoothing=0.000
D step=3/5 epoch=1/3 loss=0.1880 l2=0.2000 label_smoothing=0.000
D step=3/5 epoch=2/3 loss=0.1883 l2=0.2000 label_smoothing=0.000
D step=3/5 epoch=3/3 loss=0.1888 l2=0.2000 label_smoothing=0.000
D step=4/5 epoch=1/3 loss=0.1863 l2=0.2000 label_smoothing=0.000
D step=4/5 epoch=2/3 loss=0.1863 l2=0.2000 label_smoothing=0.000
D step=4/5 epoch=3/3 loss=0.1870 l2=0.2000 label_smoothing=0.000
D step=5/5 epoch=1/3 loss=0.1819 l2=0.2000 label_smoothing=0.000
D step=5/5 epoch=2/3 loss=0.1818 l2=0.2000 label_smoothing=0.000
D step=5/5 epoch=3/3 loss=0.1815 l2=0.2000 label_smoothing=0.000
ADV epoch=9/60 g_loss=0.0053 d_loss=0.1847 reward=0.1395 reward_var=0.0096 unique=0.3600
D step=1/5 epoch=1/3 loss=0.1952 l2=0.2000 label_smoothing=0.000
D step=1/5 epoch=2/3 loss=0.1953 l2=0.2000 label_smoothing=0.000
D step=1/5 epoch=3/3 loss=0.1948 l2=0.2000 label_smoothing=0.000
D step=2/5 epoch=1/3 loss=0.1925 l2=0.2000 label_smoothing=0.000
D step=2/5 epoch=2/3 loss=0.1931 l2=0.2000 label_smoothing=0.000
D step=2/5 epoch=3/3 loss=0.1928 l2=0.2000 label_smoothing=0.000
D step=3/5 epoch=1/3 loss=0.1910 l2=0.2000 label_smoothing=0.000
D step=3/5 epoch=2/3 loss=0.1921 l2=0.2000 label_smoothing=0.000
D step=3/5 epoch=3/3 loss=0.1907 l2=0.2000 label_smoothing=0.000
D step=4/5 epoch=1/3 loss=0.1942 l2=0.2000 label_smoothing=0.000
D step=4/5 epoch=2/3 loss=0.1940 l2=0.2000 label_smoothing=0.000
D step=4/5 epoch=3/3 loss=0.1925 l2=0.2000 label_smoothing=0.000
D step=5/5 epoch=1/3 loss=0.1916 l2=0.2000 label_smoothing=0.000
D step=5/5 epoch=2/3 loss=0.1915 l2=0.2000 label_smoothing=0.000
D step=5/5 epoch=3/3 loss=0.1911 l2=0.2000 label_smoothing=0.000
ADV epoch=10/60 g_loss=0.0033 d_loss=0.1928 reward=0.1284 reward_var=0.0067 unique=0.2200
D step=1/5 epoch=1/3 loss=0.2025 l2=0.2000 label_smoothing=0.000
D step=1/5 epoch=2/3 loss=0.2031 l2=0.2000 label_smoothing=0.000
D step=1/5 epoch=3/3 loss=0.2016 l2=0.2000 label_smoothing=0.000
D step=2/5 epoch=1/3 loss=0.1970 l2=0.2000 label_smoothing=0.000
D step=2/5 epoch=2/3 loss=0.1966 l2=0.2000 label_smoothing=0.000
D step=2/5 epoch=3/3 loss=0.1971 l2=0.2000 label_smoothing=0.000
D step=3/5 epoch=1/3 loss=0.2065 l2=0.2000 label_smoothing=0.000
D step=3/5 epoch=2/3 loss=0.2064 l2=0.2000 label_smoothing=0.000
D step=3/5 epoch=3/3 loss=0.2038 l2=0.2000 label_smoothing=0.000
D step=4/5 epoch=1/3 loss=0.1988 l2=0.2000 label_smoothing=0.000
D step=4/5 epoch=2/3 loss=0.1990 l2=0.2000 label_smoothing=0.000
D step=4/5 epoch=3/3 loss=0.1982 l2=0.2000 label_smoothing=0.000
D step=5/5 epoch=1/3 loss=0.1994 l2=0.2000 label_smoothing=0.000
D step=5/5 epoch=2/3 loss=0.2009 l2=0.2000 label_smoothing=0.000
D step=5/5 epoch=3/3 loss=0.2005 l2=0.2000 label_smoothing=0.000
ADV epoch=11/60 g_loss=0.0019 d_loss=0.2008 reward=0.1131 reward_var=0.0040 unique=0.2000
D step=1/5 epoch=1/3 loss=0.2092 l2=0.2000 label_smoothing=0.000
D step=1/5 epoch=2/3 loss=0.2078 l2=0.2000 label_smoothing=0.000
D step=1/5 epoch=3/3 loss=0.2045 l2=0.2000 label_smoothing=0.000
D step=2/5 epoch=1/3 loss=0.2022 l2=0.2000 label_smoothing=0.000
D step=2/5 epoch=2/3 loss=0.2028 l2=0.2000 label_smoothing=0.000
D step=2/5 epoch=3/3 loss=0.2031 l2=0.2000 label_smoothing=0.000
D step=3/5 epoch=1/3 loss=0.2025 l2=0.2000 label_smoothing=0.000
D step=3/5 epoch=2/3 loss=0.2049 l2=0.2000 label_smoothing=0.000
D step=3/5 epoch=3/3 loss=0.2051 l2=0.2000 label_smoothing=0.000
D step=4/5 epoch=1/3 loss=0.2048 l2=0.2000 label_smoothing=0.000
D step=4/5 epoch=2/3 loss=0.2048 l2=0.2000 label_smoothing=0.000
D step=4/5 epoch=3/3 loss=0.2055 l2=0.2000 label_smoothing=0.000
D step=5/5 epoch=1/3 loss=0.2083 l2=0.2000 label_smoothing=0.000
D step=5/5 epoch=2/3 loss=0.2084 l2=0.2000 label_smoothing=0.000
D step=5/5 epoch=3/3 loss=0.2077 l2=0.2000 label_smoothing=0.000
ADV epoch=12/60 g_loss=0.0014 d_loss=0.2054 reward=0.1241 reward_var=0.0033 unique=0.0800
D step=1/5 epoch=1/3 loss=0.2079 l2=0.2000 label_smoothing=0.000
D step=1/5 epoch=2/3 loss=0.2075 l2=0.2000 label_smoothing=0.000
D step=1/5 epoch=3/3 loss=0.2071 l2=0.2000 label_smoothing=0.000
D step=2/5 epoch=1/3 loss=0.2101 l2=0.2000 label_smoothing=0.000
D step=2/5 epoch=2/3 loss=0.2088 l2=0.2000 label_smoothing=0.000
D step=2/5 epoch=3/3 loss=0.2100 l2=0.2000 label_smoothing=0.000
D step=3/5 epoch=1/3 loss=0.2097 l2=0.2000 label_smoothing=0.000
D step=3/5 epoch=2/3 loss=0.2097 l2=0.2000 label_smoothing=0.000
D step=3/5 epoch=3/3 loss=0.2093 l2=0.2000 label_smoothing=0.000
D step=4/5 epoch=1/3 loss=0.2082 l2=0.2000 label_smoothing=0.000
D step=4/5 epoch=2/3 loss=0.2084 l2=0.2000 label_smoothing=0.000
D step=4/5 epoch=3/3 loss=0.2094 l2=0.2000 label_smoothing=0.000
D step=5/5 epoch=1/3 loss=0.2111 l2=0.2000 label_smoothing=0.000
D step=5/5 epoch=2/3 loss=0.2113 l2=0.2000 label_smoothing=0.000
D step=5/5 epoch=3/3 loss=0.2108 l2=0.2000 label_smoothing=0.000
ADV epoch=13/60 g_loss=0.0010 d_loss=0.2093 reward=0.1321 reward_var=0.0020 unique=0.1200
D step=1/5 epoch=1/3 loss=0.2115 l2=0.2000 label_smoothing=0.000
D step=1/5 epoch=2/3 loss=0.2110 l2=0.2000 label_smoothing=0.000
D step=1/5 epoch=3/3 loss=0.2104 l2=0.2000 label_smoothing=0.000
D step=2/5 epoch=1/3 loss=0.2110 l2=0.2000 label_smoothing=0.000
D step=2/5 epoch=2/3 loss=0.2100 l2=0.2000 label_smoothing=0.000
D step=2/5 epoch=3/3 loss=0.2121 l2=0.2000 label_smoothing=0.000
D step=3/5 epoch=1/3 loss=0.2089 l2=0.2000 label_smoothing=0.000
D step=3/5 epoch=2/3 loss=0.2100 l2=0.2000 label_smoothing=0.000
D step=3/5 epoch=3/3 loss=0.2102 l2=0.2000 label_smoothing=0.000
D step=4/5 epoch=1/3 loss=0.2106 l2=0.2000 label_smoothing=0.000
D step=4/5 epoch=2/3 loss=0.2109 l2=0.2000 label_smoothing=0.000
D step=4/5 epoch=3/3 loss=0.2107 l2=0.2000 label_smoothing=0.000
D step=5/5 epoch=1/3 loss=0.2131 l2=0.2000 label_smoothing=0.000
D step=5/5 epoch=2/3 loss=0.2111 l2=0.2000 label_smoothing=0.000
D step=5/5 epoch=3/3 loss=0.2117 l2=0.2000 label_smoothing=0.000
ADV epoch=14/60 g_loss=0.0006 d_loss=0.2109 reward=0.1242 reward_var=0.0005 unique=0.0800
D step=1/5 epoch=1/3 loss=0.2132 l2=0.2000 label_smoothing=0.000
D step=1/5 epoch=2/3 loss=0.2113 l2=0.2000 label_smoothing=0.000
D step=1/5 epoch=3/3 loss=0.2114 l2=0.2000 label_smoothing=0.000
D step=2/5 epoch=1/3 loss=0.2128 l2=0.2000 label_smoothing=0.000
D step=2/5 epoch=2/3 loss=0.2138 l2=0.2000 label_smoothing=0.000
D step=2/5 epoch=3/3 loss=0.2128 l2=0.2000 label_smoothing=0.000
D step=3/5 epoch=1/3 loss=0.2096 l2=0.2000 label_smoothing=0.000
D step=3/5 epoch=2/3 loss=0.2077 l2=0.2000 label_smoothing=0.000
D step=3/5 epoch=3/3 loss=0.2105 l2=0.2000 label_smoothing=0.000
D step=4/5 epoch=1/3 loss=0.2102 l2=0.2000 label_smoothing=0.000
D step=4/5 epoch=2/3 loss=0.2076 l2=0.2000 label_smoothing=0.000
D step=4/5 epoch=3/3 loss=0.2090 l2=0.2000 label_smoothing=0.000
D step=5/5 epoch=1/3 loss=0.2085 l2=0.2000 label_smoothing=0.000
D step=5/5 epoch=2/3 loss=0.2079 l2=0.2000 label_smoothing=0.000
D step=5/5 epoch=3/3 loss=0.2091 l2=0.2000 label_smoothing=0.000
ADV epoch=15/60 g_loss=0.0005 d_loss=0.2104 reward=0.1317 reward_var=0.0003 unique=0.0400
D step=1/5 epoch=1/3 loss=0.2116 l2=0.2000 label_smoothing=0.000
D step=1/5 epoch=2/3 loss=0.2128 l2=0.2000 label_smoothing=0.000
D step=1/5 epoch=3/3 loss=0.2133 l2=0.2000 label_smoothing=0.000
D step=2/5 epoch=1/3 loss=0.2113 l2=0.2000 label_smoothing=0.000
D step=2/5 epoch=2/3 loss=0.2107 l2=0.2000 label_smoothing=0.000
D step=2/5 epoch=3/3 loss=0.2117 l2=0.2000 label_smoothing=0.000
D step=3/5 epoch=1/3 loss=0.2123 l2=0.2000 label_smoothing=0.000
D step=3/5 epoch=2/3 loss=0.2115 l2=0.2000 label_smoothing=0.000
D step=3/5 epoch=3/3 loss=0.2120 l2=0.2000 label_smoothing=0.000
D step=4/5 epoch=1/3 loss=0.2099 l2=0.2000 label_smoothing=0.000
D step=4/5 epoch=2/3 loss=0.2112 l2=0.2000 label_smoothing=0.000
D step=4/5 epoch=3/3 loss=0.2109 l2=0.2000 label_smoothing=0.000
D step=5/5 epoch=1/3 loss=0.2134 l2=0.2000 label_smoothing=0.000
D step=5/5 epoch=2/3 loss=0.2112 l2=0.2000 label_smoothing=0.000
D step=5/5 epoch=3/3 loss=0.2126 l2=0.2000 label_smoothing=0.000
ADV epoch=16/60 g_loss=0.0004 d_loss=0.2118 reward=0.1289 reward_var=0.0001 unique=0.1000
D step=1/5 epoch=1/3 loss=0.2128 l2=0.2000 label_smoothing=0.000
D step=1/5 epoch=2/3 loss=0.2105 l2=0.2000 label_smoothing=0.000
D step=1/5 epoch=3/3 loss=0.2109 l2=0.2000 label_smoothing=0.000
D step=2/5 epoch=1/3 loss=0.2077 l2=0.2000 label_smoothing=0.000
D step=2/5 epoch=2/3 loss=0.2100 l2=0.2000 label_smoothing=0.000
D step=2/5 epoch=3/3 loss=0.2084 l2=0.2000 label_smoothing=0.000
D step=3/5 epoch=1/3 loss=0.2122 l2=0.2000 label_smoothing=0.000
D step=3/5 epoch=2/3 loss=0.2129 l2=0.2000 label_smoothing=0.000
D step=3/5 epoch=3/3 loss=0.2119 l2=0.2000 label_smoothing=0.000
D step=4/5 epoch=1/3 loss=0.2104 l2=0.2000 label_smoothing=0.000
D step=4/5 epoch=2/3 loss=0.2109 l2=0.2000 label_smoothing=0.000
D step=4/5 epoch=3/3 loss=0.2110 l2=0.2000 label_smoothing=0.000
D step=5/5 epoch=1/3 loss=0.2123 l2=0.2000 label_smoothing=0.000
D step=5/5 epoch=2/3 loss=0.2126 l2=0.2000 label_smoothing=0.000
D step=5/5 epoch=3/3 loss=0.2113 l2=0.2000 label_smoothing=0.000
ADV epoch=17/60 g_loss=0.0003 d_loss=0.2111 reward=0.1257 reward_var=0.0005 unique=0.0400
D step=1/5 epoch=1/3 loss=0.2122 l2=0.2000 label_smoothing=0.000
D step=1/5 epoch=2/3 loss=0.2103 l2=0.2000 label_smoothing=0.000
D step=1/5 epoch=3/3 loss=0.2118 l2=0.2000 label_smoothing=0.000
D step=2/5 epoch=1/3 loss=0.2132 l2=0.2000 label_smoothing=0.000
D step=2/5 epoch=2/3 loss=0.2132 l2=0.2000 label_smoothing=0.000
D step=2/5 epoch=3/3 loss=0.2126 l2=0.2000 label_smoothing=0.000
D step=3/5 epoch=1/3 loss=0.2159 l2=0.2000 label_smoothing=0.000
D step=3/5 epoch=2/3 loss=0.2140 l2=0.2000 label_smoothing=0.000
D step=3/5 epoch=3/3 loss=0.2150 l2=0.2000 label_smoothing=0.000
D step=4/5 epoch=1/3 loss=0.2130 l2=0.2000 label_smoothing=0.000
D step=4/5 epoch=2/3 loss=0.2138 l2=0.2000 label_smoothing=0.000
D step=4/5 epoch=3/3 loss=0.2123 l2=0.2000 label_smoothing=0.000
D step=5/5 epoch=1/3 loss=0.2118 l2=0.2000 label_smoothing=0.000
D step=5/5 epoch=2/3 loss=0.2111 l2=0.2000 label_smoothing=0.000
D step=5/5 epoch=3/3 loss=0.2111 l2=0.2000 label_smoothing=0.000
ADV epoch=18/60 g_loss=0.0003 d_loss=0.2128 reward=0.1229 reward_var=0.0007 unique=0.0400
D step=1/5 epoch=1/3 loss=0.2110 l2=0.2000 label_smoothing=0.000
D step=1/5 epoch=2/3 loss=0.2118 l2=0.2000 label_smoothing=0.000
D step=1/5 epoch=3/3 loss=0.2112 l2=0.2000 label_smoothing=0.000
D step=2/5 epoch=1/3 loss=0.2117 l2=0.2000 label_smoothing=0.000
D step=2/5 epoch=2/3 loss=0.2105 l2=0.2000 label_smoothing=0.000
D step=2/5 epoch=3/3 loss=0.2128 l2=0.2000 label_smoothing=0.000
D step=3/5 epoch=1/3 loss=0.2134 l2=0.2000 label_smoothing=0.000
D step=3/5 epoch=2/3 loss=0.2136 l2=0.2000 label_smoothing=0.000
D step=3/5 epoch=3/3 loss=0.2144 l2=0.2000 label_smoothing=0.000
D step=4/5 epoch=1/3 loss=0.2154 l2=0.2000 label_smoothing=0.000
D step=4/5 epoch=2/3 loss=0.2135 l2=0.2000 label_smoothing=0.000
D step=4/5 epoch=3/3 loss=0.2143 l2=0.2000 label_smoothing=0.000
D step=5/5 epoch=1/3 loss=0.2152 l2=0.2000 label_smoothing=0.000
D step=5/5 epoch=2/3 loss=0.2141 l2=0.2000 label_smoothing=0.000
D step=5/5 epoch=3/3 loss=0.2136 l2=0.2000 label_smoothing=0.000
ADV epoch=19/60 g_loss=0.0002 d_loss=0.2131 reward=0.1214 reward_var=0.0001 unique=0.0600
D step=1/5 epoch=1/3 loss=0.2116 l2=0.2000 label_smoothing=0.000
D step=1/5 epoch=2/3 loss=0.2135 l2=0.2000 label_smoothing=0.000
D step=1/5 epoch=3/3 loss=0.2128 l2=0.2000 label_smoothing=0.000
D step=2/5 epoch=1/3 loss=0.2112 l2=0.2000 label_smoothing=0.000
D step=2/5 epoch=2/3 loss=0.2117 l2=0.2000 label_smoothing=0.000
D step=2/5 epoch=3/3 loss=0.2147 l2=0.2000 label_smoothing=0.000
D step=3/5 epoch=1/3 loss=0.2127 l2=0.2000 label_smoothing=0.000
D step=3/5 epoch=2/3 loss=0.2120 l2=0.2000 label_smoothing=0.000
D step=3/5 epoch=3/3 loss=0.2133 l2=0.2000 label_smoothing=0.000
D step=4/5 epoch=1/3 loss=0.2113 l2=0.2000 label_smoothing=0.000
D step=4/5 epoch=2/3 loss=0.2103 l2=0.2000 label_smoothing=0.000
D step=4/5 epoch=3/3 loss=0.2101 l2=0.2000 label_smoothing=0.000
D step=5/5 epoch=1/3 loss=0.2152 l2=0.2000 label_smoothing=0.000
D step=5/5 epoch=2/3 loss=0.2166 l2=0.2000 label_smoothing=0.000
D step=5/5 epoch=3/3 loss=0.2150 l2=0.2000 label_smoothing=0.000
ADV epoch=20/60 g_loss=0.0002 d_loss=0.2128 reward=0.1201 reward_var=0.0006 unique=0.0600
D step=1/5 epoch=1/3 loss=0.2131 l2=0.2000 label_smoothing=0.000
D step=1/5 epoch=2/3 loss=0.2127 l2=0.2000 label_smoothing=0.000
D step=1/5 epoch=3/3 loss=0.2116 l2=0.2000 label_smoothing=0.000
D step=2/5 epoch=1/3 loss=0.2142 l2=0.2000 label_smoothing=0.000
D step=2/5 epoch=2/3 loss=0.2153 l2=0.2000 label_smoothing=0.000
D step=2/5 epoch=3/3 loss=0.2165 l2=0.2000 label_smoothing=0.000
D step=3/5 epoch=1/3 loss=0.2156 l2=0.2000 label_smoothing=0.000
D step=3/5 epoch=2/3 loss=0.2158 l2=0.2000 label_smoothing=0.000
D step=3/5 epoch=3/3 loss=0.2167 l2=0.2000 label_smoothing=0.000
D step=4/5 epoch=1/3 loss=0.2141 l2=0.2000 label_smoothing=0.000
D step=4/5 epoch=2/3 loss=0.2117 l2=0.2000 label_smoothing=0.000
D step=4/5 epoch=3/3 loss=0.2144 l2=0.2000 label_smoothing=0.000
D step=5/5 epoch=1/3 loss=0.2152 l2=0.2000 label_smoothing=0.000
D step=5/5 epoch=2/3 loss=0.2148 l2=0.2000 label_smoothing=0.000
D step=5/5 epoch=3/3 loss=0.2144 l2=0.2000 label_smoothing=0.000
ADV epoch=21/60 g_loss=0.0002 d_loss=0.2144 reward=0.1233 reward_var=0.0005 unique=0.0400
D step=1/5 epoch=1/3 loss=0.2111 l2=0.2000 label_smoothing=0.000
D step=1/5 epoch=2/3 loss=0.2123 l2=0.2000 label_smoothing=0.000
D step=1/5 epoch=3/3 loss=0.2106 l2=0.2000 label_smoothing=0.000
D step=2/5 epoch=1/3 loss=0.2108 l2=0.2000 label_smoothing=0.000
D step=2/5 epoch=2/3 loss=0.2114 l2=0.2000 label_smoothing=0.000
D step=2/5 epoch=3/3 loss=0.2113 l2=0.2000 label_smoothing=0.000
D step=3/5 epoch=1/3 loss=0.2134 l2=0.2000 label_smoothing=0.000
D step=3/5 epoch=2/3 loss=0.2127 l2=0.2000 label_smoothing=0.000
D step=3/5 epoch=3/3 loss=0.2114 l2=0.2000 label_smoothing=0.000
D step=4/5 epoch=1/3 loss=0.2128 l2=0.2000 label_smoothing=0.000
D step=4/5 epoch=2/3 loss=0.2122 l2=0.2000 label_smoothing=0.000
D step=4/5 epoch=3/3 loss=0.2130 l2=0.2000 label_smoothing=0.000
D step=5/5 epoch=1/3 loss=0.2111 l2=0.2000 label_smoothing=0.000
D step=5/5 epoch=2/3 loss=0.2098 l2=0.2000 label_smoothing=0.000
D step=5/5 epoch=3/3 loss=0.2099 l2=0.2000 label_smoothing=0.000
ADV epoch=22/60 g_loss=0.0002 d_loss=0.2116 reward=0.1291 reward_var=0.0000 unique=0.0600
D step=1/5 epoch=1/3 loss=0.2140 l2=0.2000 label_smoothing=0.000
D step=1/5 epoch=2/3 loss=0.2141 l2=0.2000 label_smoothing=0.000
D step=1/5 epoch=3/3 loss=0.2138 l2=0.2000 label_smoothing=0.000
D step=2/5 epoch=1/3 loss=0.2106 l2=0.2000 label_smoothing=0.000
D step=2/5 epoch=2/3 loss=0.2112 l2=0.2000 label_smoothing=0.000
D step=2/5 epoch=3/3 loss=0.2119 l2=0.2000 label_smoothing=0.000
D step=3/5 epoch=1/3 loss=0.2152 l2=0.2000 label_smoothing=0.000
D step=3/5 epoch=2/3 loss=0.2172 l2=0.2000 label_smoothing=0.000
D step=3/5 epoch=3/3 loss=0.2176 l2=0.2000 label_smoothing=0.000
D step=4/5 epoch=1/3 loss=0.2149 l2=0.2000 label_smoothing=0.000
D step=4/5 epoch=2/3 loss=0.2152 l2=0.2000 label_smoothing=0.000
D step=4/5 epoch=3/3 loss=0.2134 l2=0.2000 label_smoothing=0.000
D step=5/5 epoch=1/3 loss=0.2167 l2=0.2000 label_smoothing=0.000
D step=5/5 epoch=2/3 loss=0.2154 l2=0.2000 label_smoothing=0.000
D step=5/5 epoch=3/3 loss=0.2155 l2=0.2000 label_smoothing=0.000
ADV epoch=23/60 g_loss=0.0002 d_loss=0.2145 reward=0.1261 reward_var=0.0002 unique=0.0200
D step=1/5 epoch=1/3 loss=0.2127 l2=0.2000 label_smoothing=0.000
D step=1/5 epoch=2/3 loss=0.2146 l2=0.2000 label_smoothing=0.000
D step=1/5 epoch=3/3 loss=0.2133 l2=0.2000 label_smoothing=0.000
D step=2/5 epoch=1/3 loss=0.2137 l2=0.2000 label_smoothing=0.000
D step=2/5 epoch=2/3 loss=0.2137 l2=0.2000 label_smoothing=0.000
D step=2/5 epoch=3/3 loss=0.2115 l2=0.2000 label_smoothing=0.000
D step=3/5 epoch=1/3 loss=0.2108 l2=0.2000 label_smoothing=0.000
D step=3/5 epoch=2/3 loss=0.2118 l2=0.2000 label_smoothing=0.000
D step=3/5 epoch=3/3 loss=0.2121 l2=0.2000 label_smoothing=0.000
D step=4/5 epoch=1/3 loss=0.2125 l2=0.2000 label_smoothing=0.000
D step=4/5 epoch=2/3 loss=0.2129 l2=0.2000 label_smoothing=0.000
D step=4/5 epoch=3/3 loss=0.2134 l2=0.2000 label_smoothing=0.000
D step=5/5 epoch=1/3 loss=0.2151 l2=0.2000 label_smoothing=0.000
D step=5/5 epoch=2/3 loss=0.2143 l2=0.2000 label_smoothing=0.000
D step=5/5 epoch=3/3 loss=0.2127 l2=0.2000 label_smoothing=0.000
ADV epoch=24/60 g_loss=0.0001 d_loss=0.2130 reward=0.1260 reward_var=0.0000 unique=0.0400
D step=1/5 epoch=1/3 loss=0.2160 l2=0.2000 label_smoothing=0.000
D step=1/5 epoch=2/3 loss=0.2156 l2=0.2000 label_smoothing=0.000
D step=1/5 epoch=3/3 loss=0.2167 l2=0.2000 label_smoothing=0.000
D step=2/5 epoch=1/3 loss=0.2125 l2=0.2000 label_smoothing=0.000
D step=2/5 epoch=2/3 loss=0.2124 l2=0.2000 label_smoothing=0.000
D step=2/5 epoch=3/3 loss=0.2139 l2=0.2000 label_smoothing=0.000
D step=3/5 epoch=1/3 loss=0.2140 l2=0.2000 label_smoothing=0.000
D step=3/5 epoch=2/3 loss=0.2153 l2=0.2000 label_smoothing=0.000
D step=3/5 epoch=3/3 loss=0.2139 l2=0.2000 label_smoothing=0.000
D step=4/5 epoch=1/3 loss=0.2144 l2=0.2000 label_smoothing=0.000
D step=4/5 epoch=2/3 loss=0.2136 l2=0.2000 label_smoothing=0.000
D step=4/5 epoch=3/3 loss=0.2140 l2=0.2000 label_smoothing=0.000
D step=5/5 epoch=1/3 loss=0.2103 l2=0.2000 label_smoothing=0.000
D step=5/5 epoch=2/3 loss=0.2116 l2=0.2000 label_smoothing=0.000
D step=5/5 epoch=3/3 loss=0.2113 l2=0.2000 label_smoothing=0.000
ADV epoch=25/60 g_loss=0.0001 d_loss=0.2137 reward=0.1254 reward_var=0.0002 unique=0.0400
D step=1/5 epoch=1/3 loss=0.2139 l2=0.2000 label_smoothing=0.000
D step=1/5 epoch=2/3 loss=0.2137 l2=0.2000 label_smoothing=0.000
D step=1/5 epoch=3/3 loss=0.2136 l2=0.2000 label_smoothing=0.000
D step=2/5 epoch=1/3 loss=0.2117 l2=0.2000 label_smoothing=0.000
D step=2/5 epoch=2/3 loss=0.2094 l2=0.2000 label_smoothing=0.000
D step=2/5 epoch=3/3 loss=0.2107 l2=0.2000 label_smoothing=0.000
D step=3/5 epoch=1/3 loss=0.2110 l2=0.2000 label_smoothing=0.000
D step=3/5 epoch=2/3 loss=0.2105 l2=0.2000 label_smoothing=0.000
D step=3/5 epoch=3/3 loss=0.2115 l2=0.2000 label_smoothing=0.000
D step=4/5 epoch=1/3 loss=0.2133 l2=0.2000 label_smoothing=0.000
D step=4/5 epoch=2/3 loss=0.2126 l2=0.2000 label_smoothing=0.000
D step=4/5 epoch=3/3 loss=0.2140 l2=0.2000 label_smoothing=0.000
D step=5/5 epoch=1/3 loss=0.2143 l2=0.2000 label_smoothing=0.000
D step=5/5 epoch=2/3 loss=0.2118 l2=0.2000 label_smoothing=0.000
D step=5/5 epoch=3/3 loss=0.2120 l2=0.2000 label_smoothing=0.000
ADV epoch=26/60 g_loss=0.0001 d_loss=0.2123 reward=0.1218 reward_var=0.0000 unique=0.0400
D step=1/5 epoch=1/3 loss=0.2147 l2=0.2000 label_smoothing=0.000
D step=1/5 epoch=2/3 loss=0.2152 l2=0.2000 label_smoothing=0.000
D step=1/5 epoch=3/3 loss=0.2144 l2=0.2000 label_smoothing=0.000
D step=2/5 epoch=1/3 loss=0.2131 l2=0.2000 label_smoothing=0.000
D step=2/5 epoch=2/3 loss=0.2153 l2=0.2000 label_smoothing=0.000
D step=2/5 epoch=3/3 loss=0.2143 l2=0.2000 label_smoothing=0.000
D step=3/5 epoch=1/3 loss=0.2162 l2=0.2000 label_smoothing=0.000
D step=3/5 epoch=2/3 loss=0.2157 l2=0.2000 label_smoothing=0.000
D step=3/5 epoch=3/3 loss=0.2140 l2=0.2000 label_smoothing=0.000
D step=4/5 epoch=1/3 loss=0.2142 l2=0.2000 label_smoothing=0.000
D step=4/5 epoch=2/3 loss=0.2146 l2=0.2000 label_smoothing=0.000
D step=4/5 epoch=3/3 loss=0.2147 l2=0.2000 label_smoothing=0.000
D step=5/5 epoch=1/3 loss=0.2116 l2=0.2000 label_smoothing=0.000
D step=5/5 epoch=2/3 loss=0.2124 l2=0.2000 label_smoothing=0.000
D step=5/5 epoch=3/3 loss=0.2115 l2=0.2000 label_smoothing=0.000
ADV epoch=27/60 g_loss=0.0001 d_loss=0.2141 reward=0.1263 reward_var=0.0000 unique=0.0200
D step=1/5 epoch=1/3 loss=0.2144 l2=0.2000 label_smoothing=0.000
D step=1/5 epoch=2/3 loss=0.2143 l2=0.2000 label_smoothing=0.000
D step=1/5 epoch=3/3 loss=0.2137 l2=0.2000 label_smoothing=0.000
D step=2/5 epoch=1/3 loss=0.2134 l2=0.2000 label_smoothing=0.000
D step=2/5 epoch=2/3 loss=0.2112 l2=0.2000 label_smoothing=0.000
D step=2/5 epoch=3/3 loss=0.2129 l2=0.2000 label_smoothing=0.000
D step=3/5 epoch=1/3 loss=0.2094 l2=0.2000 label_smoothing=0.000
D step=3/5 epoch=2/3 loss=0.2112 l2=0.2000 label_smoothing=0.000
D step=3/5 epoch=3/3 loss=0.2105 l2=0.2000 label_smoothing=0.000
D step=4/5 epoch=1/3 loss=0.2110 l2=0.2000 label_smoothing=0.000
D step=4/5 epoch=2/3 loss=0.2125 l2=0.2000 label_smoothing=0.000
D step=4/5 epoch=3/3 loss=0.2099 l2=0.2000 label_smoothing=0.000
D step=5/5 epoch=1/3 loss=0.2132 l2=0.2000 label_smoothing=0.000
D step=5/5 epoch=2/3 loss=0.2134 l2=0.2000 label_smoothing=0.000
D step=5/5 epoch=3/3 loss=0.2141 l2=0.2000 label_smoothing=0.000
ADV epoch=28/60 g_loss=0.0001 d_loss=0.2123 reward=0.1274 reward_var=0.0000 unique=0.0200
D step=1/5 epoch=1/3 loss=0.2131 l2=0.2000 label_smoothing=0.000
D step=1/5 epoch=2/3 loss=0.2129 l2=0.2000 label_smoothing=0.000
D step=1/5 epoch=3/3 loss=0.2135 l2=0.2000 label_smoothing=0.000
D step=2/5 epoch=1/3 loss=0.2147 l2=0.2000 label_smoothing=0.000
D step=2/5 epoch=2/3 loss=0.2151 l2=0.2000 label_smoothing=0.000
D step=2/5 epoch=3/3 loss=0.2136 l2=0.2000 label_smoothing=0.000
D step=3/5 epoch=1/3 loss=0.2147 l2=0.2000 label_smoothing=0.000
D step=3/5 epoch=2/3 loss=0.2145 l2=0.2000 label_smoothing=0.000
D step=3/5 epoch=3/3 loss=0.2152 l2=0.2000 label_smoothing=0.000
D step=4/5 epoch=1/3 loss=0.2130 l2=0.2000 label_smoothing=0.000
D step=4/5 epoch=2/3 loss=0.2130 l2=0.2000 label_smoothing=0.000
D step=4/5 epoch=3/3 loss=0.2115 l2=0.2000 label_smoothing=0.000
D step=5/5 epoch=1/3 loss=0.2110 l2=0.2000 label_smoothing=0.000
D step=5/5 epoch=2/3 loss=0.2123 l2=0.2000 label_smoothing=0.000
D step=5/5 epoch=3/3 loss=0.2118 l2=0.2000 label_smoothing=0.000
ADV epoch=29/60 g_loss=0.0001 d_loss=0.2133 reward=0.1283 reward_var=0.0001 unique=0.0400
D step=1/5 epoch=1/3 loss=0.2158 l2=0.2000 label_smoothing=0.000
D step=1/5 epoch=2/3 loss=0.2143 l2=0.2000 label_smoothing=0.000
D step=1/5 epoch=3/3 loss=0.2151 l2=0.2000 label_smoothing=0.000
D step=2/5 epoch=1/3 loss=0.2147 l2=0.2000 label_smoothing=0.000
D step=2/5 epoch=2/3 loss=0.2149 l2=0.2000 label_smoothing=0.000
D step=2/5 epoch=3/3 loss=0.2162 l2=0.2000 label_smoothing=0.000
D step=3/5 epoch=1/3 loss=0.2150 l2=0.2000 label_smoothing=0.000
D step=3/5 epoch=2/3 loss=0.2132 l2=0.2000 label_smoothing=0.000
D step=3/5 epoch=3/3 loss=0.2140 l2=0.2000 label_smoothing=0.000
D step=4/5 epoch=1/3 loss=0.2135 l2=0.2000 label_smoothing=0.000
D step=4/5 epoch=2/3 loss=0.2130 l2=0.2000 label_smoothing=0.000
D step=4/5 epoch=3/3 loss=0.2121 l2=0.2000 label_smoothing=0.000
D step=5/5 epoch=1/3 loss=0.2143 l2=0.2000 label_smoothing=0.000
D step=5/5 epoch=2/3 loss=0.2142 l2=0.2000 label_smoothing=0.000
D step=5/5 epoch=3/3 loss=0.2118 l2=0.2000 label_smoothing=0.000
ADV epoch=30/60 g_loss=0.0001 d_loss=0.2142 reward=0.1222 reward_var=0.0001 unique=0.0400
D step=1/5 epoch=1/3 loss=0.2141 l2=0.2000 label_smoothing=0.000
D step=1/5 epoch=2/3 loss=0.2117 l2=0.2000 label_smoothing=0.000
D step=1/5 epoch=3/3 loss=0.2125 l2=0.2000 label_smoothing=0.000
D step=2/5 epoch=1/3 loss=0.2129 l2=0.2000 label_smoothing=0.000
D step=2/5 epoch=2/3 loss=0.2126 l2=0.2000 label_smoothing=0.000
D step=2/5 epoch=3/3 loss=0.2143 l2=0.2000 label_smoothing=0.000
D step=3/5 epoch=1/3 loss=0.2145 l2=0.2000 label_smoothing=0.000
D step=3/5 epoch=2/3 loss=0.2150 l2=0.2000 label_smoothing=0.000
D step=3/5 epoch=3/3 loss=0.2153 l2=0.2000 label_smoothing=0.000
D step=4/5 epoch=1/3 loss=0.2132 l2=0.2000 label_smoothing=0.000
D step=4/5 epoch=2/3 loss=0.2126 l2=0.2000 label_smoothing=0.000
D step=4/5 epoch=3/3 loss=0.2137 l2=0.2000 label_smoothing=0.000
D step=5/5 epoch=1/3 loss=0.2137 l2=0.2000 label_smoothing=0.000
D step=5/5 epoch=2/3 loss=0.2142 l2=0.2000 label_smoothing=0.000
D step=5/5 epoch=3/3 loss=0.2125 l2=0.2000 label_smoothing=0.000
ADV epoch=31/60 g_loss=0.0001 d_loss=0.2135 reward=0.1147 reward_var=0.0001 unique=0.0400
D step=1/5 epoch=1/3 loss=0.2140 l2=0.2000 label_smoothing=0.000
D step=1/5 epoch=2/3 loss=0.2141 l2=0.2000 label_smoothing=0.000
D step=1/5 epoch=3/3 loss=0.2111 l2=0.2000 label_smoothing=0.000
D step=2/5 epoch=1/3 loss=0.2145 l2=0.2000 label_smoothing=0.000
D step=2/5 epoch=2/3 loss=0.2128 l2=0.2000 label_smoothing=0.000
D step=2/5 epoch=3/3 loss=0.2133 l2=0.2000 label_smoothing=0.000
D step=3/5 epoch=1/3 loss=0.2139 l2=0.2000 label_smoothing=0.000
D step=3/5 epoch=2/3 loss=0.2135 l2=0.2000 label_smoothing=0.000
D step=3/5 epoch=3/3 loss=0.2142 l2=0.2000 label_smoothing=0.000
D step=4/5 epoch=1/3 loss=0.2162 l2=0.2000 label_smoothing=0.000
D step=4/5 epoch=2/3 loss=0.2162 l2=0.2000 label_smoothing=0.000
D step=4/5 epoch=3/3 loss=0.2165 l2=0.2000 label_smoothing=0.000
D step=5/5 epoch=1/3 loss=0.2121 l2=0.2000 label_smoothing=0.000
D step=5/5 epoch=2/3 loss=0.2133 l2=0.2000 label_smoothing=0.000
D step=5/5 epoch=3/3 loss=0.2126 l2=0.2000 label_smoothing=0.000
ADV epoch=32/60 g_loss=0.0001 d_loss=0.2139 reward=0.1251 reward_var=0.0003 unique=0.0600
D step=1/5 epoch=1/3 loss=0.2157 l2=0.2000 label_smoothing=0.000
D step=1/5 epoch=2/3 loss=0.2163 l2=0.2000 label_smoothing=0.000
D step=1/5 epoch=3/3 loss=0.2155 l2=0.2000 label_smoothing=0.000
D step=2/5 epoch=1/3 loss=0.2129 l2=0.2000 label_smoothing=0.000
D step=2/5 epoch=2/3 loss=0.2150 l2=0.2000 label_smoothing=0.000
D step=2/5 epoch=3/3 loss=0.2147 l2=0.2000 label_smoothing=0.000
D step=3/5 epoch=1/3 loss=0.2159 l2=0.2000 label_smoothing=0.000
D step=3/5 epoch=2/3 loss=0.2144 l2=0.2000 label_smoothing=0.000
D step=3/5 epoch=3/3 loss=0.2145 l2=0.2000 label_smoothing=0.000
D step=4/5 epoch=1/3 loss=0.2104 l2=0.2000 label_smoothing=0.000
D step=4/5 epoch=2/3 loss=0.2105 l2=0.2000 label_smoothing=0.000
D step=4/5 epoch=3/3 loss=0.2120 l2=0.2000 label_smoothing=0.000
D step=5/5 epoch=1/3 loss=0.2125 l2=0.2000 label_smoothing=0.000
D step=5/5 epoch=2/3 loss=0.2115 l2=0.2000 label_smoothing=0.000
D step=5/5 epoch=3/3 loss=0.2127 l2=0.2000 label_smoothing=0.000
ADV epoch=33/60 g_loss=0.0001 d_loss=0.2136 reward=0.1193 reward_var=0.0001 unique=0.0200
D step=1/5 epoch=1/3 loss=0.2142 l2=0.2000 label_smoothing=0.000
D step=1/5 epoch=2/3 loss=0.2124 l2=0.2000 label_smoothing=0.000
D step=1/5 epoch=3/3 loss=0.2126 l2=0.2000 label_smoothing=0.000
D step=2/5 epoch=1/3 loss=0.2132 l2=0.2000 label_smoothing=0.000
D step=2/5 epoch=2/3 loss=0.2110 l2=0.2000 label_smoothing=0.000
D step=2/5 epoch=3/3 loss=0.2127 l2=0.2000 label_smoothing=0.000
D step=3/5 epoch=1/3 loss=0.2137 l2=0.2000 label_smoothing=0.000
D step=3/5 epoch=2/3 loss=0.2148 l2=0.2000 label_smoothing=0.000
D step=3/5 epoch=3/3 loss=0.2148 l2=0.2000 label_smoothing=0.000
D step=4/5 epoch=1/3 loss=0.2142 l2=0.2000 label_smoothing=0.000
D step=4/5 epoch=2/3 loss=0.2127 l2=0.2000 label_smoothing=0.000
D step=4/5 epoch=3/3 loss=0.2140 l2=0.2000 label_smoothing=0.000
D step=5/5 epoch=1/3 loss=0.2106 l2=0.2000 label_smoothing=0.000
D step=5/5 epoch=2/3 loss=0.2129 l2=0.2000 label_smoothing=0.000
D step=5/5 epoch=3/3 loss=0.2118 l2=0.2000 label_smoothing=0.000
ADV epoch=34/60 g_loss=0.0001 d_loss=0.2130 reward=0.1272 reward_var=0.0001 unique=0.0200
D step=1/5 epoch=1/3 loss=0.2144 l2=0.2000 label_smoothing=0.000
D step=1/5 epoch=2/3 loss=0.2140 l2=0.2000 label_smoothing=0.000
D step=1/5 epoch=3/3 loss=0.2159 l2=0.2000 label_smoothing=0.000
D step=2/5 epoch=1/3 loss=0.2136 l2=0.2000 label_smoothing=0.000
D step=2/5 epoch=2/3 loss=0.2137 l2=0.2000 label_smoothing=0.000
D step=2/5 epoch=3/3 loss=0.2136 l2=0.2000 label_smoothing=0.000
D step=3/5 epoch=1/3 loss=0.2130 l2=0.2000 label_smoothing=0.000
D step=3/5 epoch=2/3 loss=0.2127 l2=0.2000 label_smoothing=0.000
D step=3/5 epoch=3/3 loss=0.2140 l2=0.2000 label_smoothing=0.000
D step=4/5 epoch=1/3 loss=0.2154 l2=0.2000 label_smoothing=0.000
D step=4/5 epoch=2/3 loss=0.2139 l2=0.2000 label_smoothing=0.000
D step=4/5 epoch=3/3 loss=0.2149 l2=0.2000 label_smoothing=0.000
D step=5/5 epoch=1/3 loss=0.2152 l2=0.2000 label_smoothing=0.000
D step=5/5 epoch=2/3 loss=0.2160 l2=0.2000 label_smoothing=0.000
D step=5/5 epoch=3/3 loss=0.2158 l2=0.2000 label_smoothing=0.000
ADV epoch=35/60 g_loss=0.0001 d_loss=0.2144 reward=0.1221 reward_var=0.0002 unique=0.0400
D step=1/5 epoch=1/3 loss=0.2209 l2=0.2000 label_smoothing=0.000
D step=1/5 epoch=2/3 loss=0.2126 l2=0.2000 label_smoothing=0.000
D step=1/5 epoch=3/3 loss=0.2120 l2=0.2000 label_smoothing=0.000
D step=2/5 epoch=1/3 loss=0.2166 l2=0.2000 label_smoothing=0.000
D step=2/5 epoch=2/3 loss=0.2160 l2=0.2000 label_smoothing=0.000
D step=2/5 epoch=3/3 loss=0.2164 l2=0.2000 label_smoothing=0.000
D step=3/5 epoch=1/3 loss=0.2158 l2=0.2000 label_smoothing=0.000
D step=3/5 epoch=2/3 loss=0.2135 l2=0.2000 label_smoothing=0.000
D step=3/5 epoch=3/3 loss=0.2125 l2=0.2000 label_smoothing=0.000
D step=4/5 epoch=1/3 loss=0.2129 l2=0.2000 label_smoothing=0.000
D step=4/5 epoch=2/3 loss=0.2127 l2=0.2000 label_smoothing=0.000
D step=4/5 epoch=3/3 loss=0.2129 l2=0.2000 label_smoothing=0.000
D step=5/5 epoch=1/3 loss=0.2102 l2=0.2000 label_smoothing=0.000
D step=5/5 epoch=2/3 loss=0.2096 l2=0.2000 label_smoothing=0.000
D step=5/5 epoch=3/3 loss=0.2092 l2=0.2000 label_smoothing=0.000
ADV epoch=36/60 g_loss=0.0001 d_loss=0.2136 reward=0.1226 reward_var=0.0002 unique=0.0200
D step=1/5 epoch=1/3 loss=0.2116 l2=0.2000 label_smoothing=0.000
D step=1/5 epoch=2/3 loss=0.2140 l2=0.2000 label_smoothing=0.000
D step=1/5 epoch=3/3 loss=0.2137 l2=0.2000 label_smoothing=0.000
D step=2/5 epoch=1/3 loss=0.2121 l2=0.2000 label_smoothing=0.000
D step=2/5 epoch=2/3 loss=0.2117 l2=0.2000 label_smoothing=0.000
D step=2/5 epoch=3/3 loss=0.2116 l2=0.2000 label_smoothing=0.000
D step=3/5 epoch=1/3 loss=0.2151 l2=0.2000 label_smoothing=0.000
D step=3/5 epoch=2/3 loss=0.2148 l2=0.2000 label_smoothing=0.000
D step=3/5 epoch=3/3 loss=0.2158 l2=0.2000 label_smoothing=0.000
D step=4/5 epoch=1/3 loss=0.2140 l2=0.2000 label_smoothing=0.000
D step=4/5 epoch=2/3 loss=0.2136 l2=0.2000 label_smoothing=0.000
D step=4/5 epoch=3/3 loss=0.2153 l2=0.2000 label_smoothing=0.000
D step=5/5 epoch=1/3 loss=0.2146 l2=0.2000 label_smoothing=0.000
D step=5/5 epoch=2/3 loss=0.2153 l2=0.2000 label_smoothing=0.000
D step=5/5 epoch=3/3 loss=0.2155 l2=0.2000 label_smoothing=0.000
ADV epoch=37/60 g_loss=0.0001 d_loss=0.2139 reward=0.1201 reward_var=0.0002 unique=0.0200
D step=1/5 epoch=1/3 loss=0.2136 l2=0.2000 label_smoothing=0.000
D step=1/5 epoch=2/3 loss=0.2138 l2=0.2000 label_smoothing=0.000
D step=1/5 epoch=3/3 loss=0.2141 l2=0.2000 label_smoothing=0.000
D step=2/5 epoch=1/3 loss=0.2165 l2=0.2000 label_smoothing=0.000
D step=2/5 epoch=2/3 loss=0.2159 l2=0.2000 label_smoothing=0.000
D step=2/5 epoch=3/3 loss=0.2159 l2=0.2000 label_smoothing=0.000
D step=3/5 epoch=1/3 loss=0.2139 l2=0.2000 label_smoothing=0.000
D step=3/5 epoch=2/3 loss=0.2134 l2=0.2000 label_smoothing=0.000
D step=3/5 epoch=3/3 loss=0.2132 l2=0.2000 label_smoothing=0.000
D step=4/5 epoch=1/3 loss=0.2137 l2=0.2000 label_smoothing=0.000
D step=4/5 epoch=2/3 loss=0.2143 l2=0.2000 label_smoothing=0.000
D step=4/5 epoch=3/3 loss=0.2134 l2=0.2000 label_smoothing=0.000
D step=5/5 epoch=1/3 loss=0.2153 l2=0.2000 label_smoothing=0.000
D step=5/5 epoch=2/3 loss=0.2162 l2=0.2000 label_smoothing=0.000
D step=5/5 epoch=3/3 loss=0.2160 l2=0.2000 label_smoothing=0.000
ADV epoch=38/60 g_loss=0.0001 d_loss=0.2146 reward=0.1235 reward_var=0.0002 unique=0.0200
D step=1/5 epoch=1/3 loss=0.2131 l2=0.2000 label_smoothing=0.000
D step=1/5 epoch=2/3 loss=0.2133 l2=0.2000 label_smoothing=0.000
D step=1/5 epoch=3/3 loss=0.2133 l2=0.2000 label_smoothing=0.000
D step=2/5 epoch=1/3 loss=0.2145 l2=0.2000 label_smoothing=0.000
D step=2/5 epoch=2/3 loss=0.2149 l2=0.2000 label_smoothing=0.000
D step=2/5 epoch=3/3 loss=0.2148 l2=0.2000 label_smoothing=0.000
D step=3/5 epoch=1/3 loss=0.2118 l2=0.2000 label_smoothing=0.000
D step=3/5 epoch=2/3 loss=0.2112 l2=0.2000 label_smoothing=0.000
D step=3/5 epoch=3/3 loss=0.2122 l2=0.2000 label_smoothing=0.000
D step=4/5 epoch=1/3 loss=0.2147 l2=0.2000 label_smoothing=0.000
D step=4/5 epoch=2/3 loss=0.2180 l2=0.2000 label_smoothing=0.000
D step=4/5 epoch=3/3 loss=0.2156 l2=0.2000 label_smoothing=0.000
D step=5/5 epoch=1/3 loss=0.2162 l2=0.2000 label_smoothing=0.000
D step=5/5 epoch=2/3 loss=0.2165 l2=0.2000 label_smoothing=0.000
D step=5/5 epoch=3/3 loss=0.2148 l2=0.2000 label_smoothing=0.000
ADV epoch=39/60 g_loss=0.0001 d_loss=0.2143 reward=0.1275 reward_var=0.0000 unique=0.0400
D step=1/5 epoch=1/3 loss=0.2167 l2=0.2000 label_smoothing=0.000
D step=1/5 epoch=2/3 loss=0.2159 l2=0.2000 label_smoothing=0.000
D step=1/5 epoch=3/3 loss=0.2166 l2=0.2000 label_smoothing=0.000
D step=2/5 epoch=1/3 loss=0.2149 l2=0.2000 label_smoothing=0.000
D step=2/5 epoch=2/3 loss=0.2137 l2=0.2000 label_smoothing=0.000
D step=2/5 epoch=3/3 loss=0.2149 l2=0.2000 label_smoothing=0.000
D step=3/5 epoch=1/3 loss=0.2110 l2=0.2000 label_smoothing=0.000
D step=3/5 epoch=2/3 loss=0.2120 l2=0.2000 label_smoothing=0.000
D step=3/5 epoch=3/3 loss=0.2130 l2=0.2000 label_smoothing=0.000
D step=4/5 epoch=1/3 loss=0.2133 l2=0.2000 label_smoothing=0.000
D step=4/5 epoch=2/3 loss=0.2130 l2=0.2000 label_smoothing=0.000
D step=4/5 epoch=3/3 loss=0.2129 l2=0.2000 label_smoothing=0.000
D step=5/5 epoch=1/3 loss=0.2135 l2=0.2000 label_smoothing=0.000
D step=5/5 epoch=2/3 loss=0.2126 l2=0.2000 label_smoothing=0.000
D step=5/5 epoch=3/3 loss=0.2136 l2=0.2000 label_smoothing=0.000
ADV epoch=40/60 g_loss=0.0001 d_loss=0.2138 reward=0.1292 reward_var=0.0002 unique=0.0400
D step=1/5 epoch=1/3 loss=0.2107 l2=0.2000 label_smoothing=0.000
D step=1/5 epoch=2/3 loss=0.2088 l2=0.2000 label_smoothing=0.000
D step=1/5 epoch=3/3 loss=0.2104 l2=0.2000 label_smoothing=0.000
D step=2/5 epoch=1/3 loss=0.2158 l2=0.2000 label_smoothing=0.000
D step=2/5 epoch=2/3 loss=0.2178 l2=0.2000 label_smoothing=0.000
D step=2/5 epoch=3/3 loss=0.2159 l2=0.2000 label_smoothing=0.000
D step=3/5 epoch=1/3 loss=0.2118 l2=0.2000 label_smoothing=0.000
D step=3/5 epoch=2/3 loss=0.2127 l2=0.2000 label_smoothing=0.000
D step=3/5 epoch=3/3 loss=0.2130 l2=0.2000 label_smoothing=0.000
D step=4/5 epoch=1/3 loss=0.2133 l2=0.2000 label_smoothing=0.000
D step=4/5 epoch=2/3 loss=0.2154 l2=0.2000 label_smoothing=0.000
D step=4/5 epoch=3/3 loss=0.2135 l2=0.2000 label_smoothing=0.000
D step=5/5 epoch=1/3 loss=0.2164 l2=0.2000 label_smoothing=0.000
D step=5/5 epoch=2/3 loss=0.2164 l2=0.2000 label_smoothing=0.000
D step=5/5 epoch=3/3 loss=0.2178 l2=0.2000 label_smoothing=0.000
ADV epoch=41/60 g_loss=0.0001 d_loss=0.2140 reward=0.1264 reward_var=0.0002 unique=0.0400
D step=1/5 epoch=1/3 loss=0.2130 l2=0.2000 label_smoothing=0.000
D step=1/5 epoch=2/3 loss=0.2119 l2=0.2000 label_smoothing=0.000
D step=1/5 epoch=3/3 loss=0.2125 l2=0.2000 label_smoothing=0.000
D step=2/5 epoch=1/3 loss=0.2135 l2=0.2000 label_smoothing=0.000
D step=2/5 epoch=2/3 loss=0.2133 l2=0.2000 label_smoothing=0.000
D step=2/5 epoch=3/3 loss=0.2148 l2=0.2000 label_smoothing=0.000
D step=3/5 epoch=1/3 loss=0.2135 l2=0.2000 label_smoothing=0.000
D step=3/5 epoch=2/3 loss=0.2136 l2=0.2000 label_smoothing=0.000
D step=3/5 epoch=3/3 loss=0.2130 l2=0.2000 label_smoothing=0.000
D step=4/5 epoch=1/3 loss=0.2132 l2=0.2000 label_smoothing=0.000
D step=4/5 epoch=2/3 loss=0.2121 l2=0.2000 label_smoothing=0.000
D step=4/5 epoch=3/3 loss=0.2126 l2=0.2000 label_smoothing=0.000
D step=5/5 epoch=1/3 loss=0.2127 l2=0.2000 label_smoothing=0.000
D step=5/5 epoch=2/3 loss=0.2143 l2=0.2000 label_smoothing=0.000
D step=5/5 epoch=3/3 loss=0.2137 l2=0.2000 label_smoothing=0.000
ADV epoch=42/60 g_loss=0.0001 d_loss=0.2132 reward=0.1218 reward_var=0.0004 unique=0.0400
D step=1/5 epoch=1/3 loss=0.2243 l2=0.2000 label_smoothing=0.000
D step=1/5 epoch=2/3 loss=0.2157 l2=0.2000 label_smoothing=0.000
D step=1/5 epoch=3/3 loss=0.2154 l2=0.2000 label_smoothing=0.000
D step=2/5 epoch=1/3 loss=0.2155 l2=0.2000 label_smoothing=0.000
D step=2/5 epoch=2/3 loss=0.2130 l2=0.2000 label_smoothing=0.000
D step=2/5 epoch=3/3 loss=0.2118 l2=0.2000 label_smoothing=0.000
D step=3/5 epoch=1/3 loss=0.2153 l2=0.2000 label_smoothing=0.000
D step=3/5 epoch=2/3 loss=0.2151 l2=0.2000 label_smoothing=0.000
D step=3/5 epoch=3/3 loss=0.2157 l2=0.2000 label_smoothing=0.000
D step=4/5 epoch=1/3 loss=0.2170 l2=0.2000 label_smoothing=0.000
D step=4/5 epoch=2/3 loss=0.2146 l2=0.2000 label_smoothing=0.000
D step=4/5 epoch=3/3 loss=0.2162 l2=0.2000 label_smoothing=0.000
D step=5/5 epoch=1/3 loss=0.2154 l2=0.2000 label_smoothing=0.000
D step=5/5 epoch=2/3 loss=0.2160 l2=0.2000 label_smoothing=0.000
D step=5/5 epoch=3/3 loss=0.2154 l2=0.2000 label_smoothing=0.000
ADV epoch=43/60 g_loss=0.0000 d_loss=0.2158 reward=0.1206 reward_var=0.0000 unique=0.0400
D step=1/5 epoch=1/3 loss=0.2156 l2=0.2000 label_smoothing=0.000
D step=1/5 epoch=2/3 loss=0.2137 l2=0.2000 label_smoothing=0.000
D step=1/5 epoch=3/3 loss=0.2146 l2=0.2000 label_smoothing=0.000
D step=2/5 epoch=1/3 loss=0.2102 l2=0.2000 label_smoothing=0.000
D step=2/5 epoch=2/3 loss=0.2112 l2=0.2000 label_smoothing=0.000
D step=2/5 epoch=3/3 loss=0.2101 l2=0.2000 label_smoothing=0.000
D step=3/5 epoch=1/3 loss=0.2145 l2=0.2000 label_smoothing=0.000
D step=3/5 epoch=2/3 loss=0.2132 l2=0.2000 label_smoothing=0.000
D step=3/5 epoch=3/3 loss=0.2152 l2=0.2000 label_smoothing=0.000
D step=4/5 epoch=1/3 loss=0.2139 l2=0.2000 label_smoothing=0.000
D step=4/5 epoch=2/3 loss=0.2126 l2=0.2000 label_smoothing=0.000
D step=4/5 epoch=3/3 loss=0.2122 l2=0.2000 label_smoothing=0.000
D step=5/5 epoch=1/3 loss=0.2149 l2=0.2000 label_smoothing=0.000
D step=5/5 epoch=2/3 loss=0.2153 l2=0.2000 label_smoothing=0.000
D step=5/5 epoch=3/3 loss=0.2162 l2=0.2000 label_smoothing=0.000
ADV epoch=44/60 g_loss=0.0000 d_loss=0.2136 reward=0.1174 reward_var=0.0000 unique=0.0200
D step=1/5 epoch=1/3 loss=0.2161 l2=0.2000 label_smoothing=0.000
D step=1/5 epoch=2/3 loss=0.2144 l2=0.2000 label_smoothing=0.000
D step=1/5 epoch=3/3 loss=0.2146 l2=0.2000 label_smoothing=0.000
D step=2/5 epoch=1/3 loss=0.2161 l2=0.2000 label_smoothing=0.000
D step=2/5 epoch=2/3 loss=0.2154 l2=0.2000 label_smoothing=0.000
D step=2/5 epoch=3/3 loss=0.2175 l2=0.2000 label_smoothing=0.000
D step=3/5 epoch=1/3 loss=0.2098 l2=0.2000 label_smoothing=0.000
D step=3/5 epoch=2/3 loss=0.2117 l2=0.2000 label_smoothing=0.000
D step=3/5 epoch=3/3 loss=0.2104 l2=0.2000 label_smoothing=0.000
D step=4/5 epoch=1/3 loss=0.2149 l2=0.2000 label_smoothing=0.000
D step=4/5 epoch=2/3 loss=0.2139 l2=0.2000 label_smoothing=0.000
D step=4/5 epoch=3/3 loss=0.2141 l2=0.2000 label_smoothing=0.000
D step=5/5 epoch=1/3 loss=0.2138 l2=0.2000 label_smoothing=0.000
D step=5/5 epoch=2/3 loss=0.2134 l2=0.2000 label_smoothing=0.000
D step=5/5 epoch=3/3 loss=0.2144 l2=0.2000 label_smoothing=0.000
ADV epoch=45/60 g_loss=0.0000 d_loss=0.2140 reward=0.1270 reward_var=0.0000 unique=0.0200
D step=1/5 epoch=1/3 loss=0.2129 l2=0.2000 label_smoothing=0.000
D step=1/5 epoch=2/3 loss=0.2120 l2=0.2000 label_smoothing=0.000
D step=1/5 epoch=3/3 loss=0.2136 l2=0.2000 label_smoothing=0.000
D step=2/5 epoch=1/3 loss=0.2140 l2=0.2000 label_smoothing=0.000
D step=2/5 epoch=2/3 loss=0.2133 l2=0.2000 label_smoothing=0.000
D step=2/5 epoch=3/3 loss=0.2145 l2=0.2000 label_smoothing=0.000
D step=3/5 epoch=1/3 loss=0.2146 l2=0.2000 label_smoothing=0.000
D step=3/5 epoch=2/3 loss=0.2159 l2=0.2000 label_smoothing=0.000
D step=3/5 epoch=3/3 loss=0.2156 l2=0.2000 label_smoothing=0.000
D step=4/5 epoch=1/3 loss=0.2136 l2=0.2000 label_smoothing=0.000
D step=4/5 epoch=2/3 loss=0.2150 l2=0.2000 label_smoothing=0.000
D step=4/5 epoch=3/3 loss=0.2160 l2=0.2000 label_smoothing=0.000
D step=5/5 epoch=1/3 loss=0.2147 l2=0.2000 label_smoothing=0.000
D step=5/5 epoch=2/3 loss=0.2152 l2=0.2000 label_smoothing=0.000
D step=5/5 epoch=3/3 loss=0.2151 l2=0.2000 label_smoothing=0.000
ADV epoch=46/60 g_loss=0.0000 d_loss=0.2144 reward=0.1232 reward_var=0.0002 unique=0.0200
D step=1/5 epoch=1/3 loss=0.2146 l2=0.2000 label_smoothing=0.000
D step=1/5 epoch=2/3 loss=0.2136 l2=0.2000 label_smoothing=0.000
D step=1/5 epoch=3/3 loss=0.2134 l2=0.2000 label_smoothing=0.000
D step=2/5 epoch=1/3 loss=0.2143 l2=0.2000 label_smoothing=0.000
D step=2/5 epoch=2/3 loss=0.2143 l2=0.2000 label_smoothing=0.000
D step=2/5 epoch=3/3 loss=0.2160 l2=0.2000 label_smoothing=0.000
D step=3/5 epoch=1/3 loss=0.2168 l2=0.2000 label_smoothing=0.000
D step=3/5 epoch=2/3 loss=0.2170 l2=0.2000 label_smoothing=0.000
D step=3/5 epoch=3/3 loss=0.2173 l2=0.2000 label_smoothing=0.000
D step=4/5 epoch=1/3 loss=0.2111 l2=0.2000 label_smoothing=0.000
D step=4/5 epoch=2/3 loss=0.2127 l2=0.2000 label_smoothing=0.000
D step=4/5 epoch=3/3 loss=0.2134 l2=0.2000 label_smoothing=0.000
D step=5/5 epoch=1/3 loss=0.2135 l2=0.2000 label_smoothing=0.000
D step=5/5 epoch=2/3 loss=0.2126 l2=0.2000 label_smoothing=0.000
D step=5/5 epoch=3/3 loss=0.2135 l2=0.2000 label_smoothing=0.000
ADV epoch=47/60 g_loss=0.0000 d_loss=0.2143 reward=0.1223 reward_var=0.0001 unique=0.0200
D step=1/5 epoch=1/3 loss=0.2152 l2=0.2000 label_smoothing=0.000
D step=1/5 epoch=2/3 loss=0.2136 l2=0.2000 label_smoothing=0.000
D step=1/5 epoch=3/3 loss=0.2149 l2=0.2000 label_smoothing=0.000
D step=2/5 epoch=1/3 loss=0.2126 l2=0.2000 label_smoothing=0.000
D step=2/5 epoch=2/3 loss=0.2137 l2=0.2000 label_smoothing=0.000
D step=2/5 epoch=3/3 loss=0.2132 l2=0.2000 label_smoothing=0.000
D step=3/5 epoch=1/3 loss=0.2167 l2=0.2000 label_smoothing=0.000
D step=3/5 epoch=2/3 loss=0.2157 l2=0.2000 label_smoothing=0.000
D step=3/5 epoch=3/3 loss=0.2162 l2=0.2000 label_smoothing=0.000
D step=4/5 epoch=1/3 loss=0.2152 l2=0.2000 label_smoothing=0.000
D step=4/5 epoch=2/3 loss=0.2130 l2=0.2000 label_smoothing=0.000
D step=4/5 epoch=3/3 loss=0.2139 l2=0.2000 label_smoothing=0.000
D step=5/5 epoch=1/3 loss=0.2142 l2=0.2000 label_smoothing=0.000
D step=5/5 epoch=2/3 loss=0.2152 l2=0.2000 label_smoothing=0.000
D step=5/5 epoch=3/3 loss=0.2145 l2=0.2000 label_smoothing=0.000
ADV epoch=48/60 g_loss=0.0000 d_loss=0.2145 reward=0.1214 reward_var=0.0000 unique=0.0200
D step=1/5 epoch=1/3 loss=0.2176 l2=0.2000 label_smoothing=0.000
D step=1/5 epoch=2/3 loss=0.2165 l2=0.2000 label_smoothing=0.000
D step=1/5 epoch=3/3 loss=0.2153 l2=0.2000 label_smoothing=0.000
D step=2/5 epoch=1/3 loss=0.2170 l2=0.2000 label_smoothing=0.000
D step=2/5 epoch=2/3 loss=0.2158 l2=0.2000 label_smoothing=0.000
D step=2/5 epoch=3/3 loss=0.2145 l2=0.2000 label_smoothing=0.000
D step=3/5 epoch=1/3 loss=0.2168 l2=0.2000 label_smoothing=0.000
D step=3/5 epoch=2/3 loss=0.2142 l2=0.2000 label_smoothing=0.000
D step=3/5 epoch=3/3 loss=0.2159 l2=0.2000 label_smoothing=0.000
D step=4/5 epoch=1/3 loss=0.2115 l2=0.2000 label_smoothing=0.000
D step=4/5 epoch=2/3 loss=0.2116 l2=0.2000 label_smoothing=0.000
D step=4/5 epoch=3/3 loss=0.2136 l2=0.2000 label_smoothing=0.000
D step=5/5 epoch=1/3 loss=0.2154 l2=0.2000 label_smoothing=0.000
D step=5/5 epoch=2/3 loss=0.2150 l2=0.2000 label_smoothing=0.000
D step=5/5 epoch=3/3 loss=0.2150 l2=0.2000 label_smoothing=0.000
ADV epoch=49/60 g_loss=0.0000 d_loss=0.2150 reward=0.1179 reward_var=0.0002 unique=0.0400
D step=1/5 epoch=1/3 loss=0.2125 l2=0.2000 label_smoothing=0.000
D step=1/5 epoch=2/3 loss=0.2137 l2=0.2000 label_smoothing=0.000
D step=1/5 epoch=3/3 loss=0.2143 l2=0.2000 label_smoothing=0.000
D step=2/5 epoch=1/3 loss=0.2139 l2=0.2000 label_smoothing=0.000
D step=2/5 epoch=2/3 loss=0.2143 l2=0.2000 label_smoothing=0.000
D step=2/5 epoch=3/3 loss=0.2135 l2=0.2000 label_smoothing=0.000
D step=3/5 epoch=1/3 loss=0.2133 l2=0.2000 label_smoothing=0.000
D step=3/5 epoch=2/3 loss=0.2131 l2=0.2000 label_smoothing=0.000
D step=3/5 epoch=3/3 loss=0.2131 l2=0.2000 label_smoothing=0.000
D step=4/5 epoch=1/3 loss=0.2157 l2=0.2000 label_smoothing=0.000
D step=4/5 epoch=2/3 loss=0.2159 l2=0.2000 label_smoothing=0.000
D step=4/5 epoch=3/3 loss=0.2139 l2=0.2000 label_smoothing=0.000
D step=5/5 epoch=1/3 loss=0.2138 l2=0.2000 label_smoothing=0.000
D step=5/5 epoch=2/3 loss=0.2128 l2=0.2000 label_smoothing=0.000
D step=5/5 epoch=3/3 loss=0.2115 l2=0.2000 label_smoothing=0.000
ADV epoch=50/60 g_loss=0.0000 d_loss=0.2137 reward=0.1268 reward_var=0.0002 unique=0.0200
D step=1/5 epoch=1/3 loss=0.2140 l2=0.2000 label_smoothing=0.000
D step=1/5 epoch=2/3 loss=0.2143 l2=0.2000 label_smoothing=0.000
D step=1/5 epoch=3/3 loss=0.2138 l2=0.2000 label_smoothing=0.000
D step=2/5 epoch=1/3 loss=0.2135 l2=0.2000 label_smoothing=0.000
D step=2/5 epoch=2/3 loss=0.2131 l2=0.2000 label_smoothing=0.000
D step=2/5 epoch=3/3 loss=0.2123 l2=0.2000 label_smoothing=0.000
D step=3/5 epoch=1/3 loss=0.2142 l2=0.2000 label_smoothing=0.000
D step=3/5 epoch=2/3 loss=0.2149 l2=0.2000 label_smoothing=0.000
D step=3/5 epoch=3/3 loss=0.2135 l2=0.2000 label_smoothing=0.000
D step=4/5 epoch=1/3 loss=0.2163 l2=0.2000 label_smoothing=0.000
D step=4/5 epoch=2/3 loss=0.2161 l2=0.2000 label_smoothing=0.000
D step=4/5 epoch=3/3 loss=0.2171 l2=0.2000 label_smoothing=0.000
D step=5/5 epoch=1/3 loss=0.2155 l2=0.2000 label_smoothing=0.000
D step=5/5 epoch=2/3 loss=0.2164 l2=0.2000 label_smoothing=0.000
D step=5/5 epoch=3/3 loss=0.2147 l2=0.2000 label_smoothing=0.000
ADV epoch=51/60 g_loss=0.0000 d_loss=0.2146 reward=0.1262 reward_var=0.0001 unique=0.0400
D step=1/5 epoch=1/3 loss=0.2124 l2=0.2000 label_smoothing=0.000
D step=1/5 epoch=2/3 loss=0.2114 l2=0.2000 label_smoothing=0.000
D step=1/5 epoch=3/3 loss=0.2127 l2=0.2000 label_smoothing=0.000
D step=2/5 epoch=1/3 loss=0.2165 l2=0.2000 label_smoothing=0.000
D step=2/5 epoch=2/3 loss=0.2171 l2=0.2000 label_smoothing=0.000
D step=2/5 epoch=3/3 loss=0.2175 l2=0.2000 label_smoothing=0.000
D step=3/5 epoch=1/3 loss=0.2157 l2=0.2000 label_smoothing=0.000
D step=3/5 epoch=2/3 loss=0.2166 l2=0.2000 label_smoothing=0.000
D step=3/5 epoch=3/3 loss=0.2162 l2=0.2000 label_smoothing=0.000
D step=4/5 epoch=1/3 loss=0.2138 l2=0.2000 label_smoothing=0.000
D step=4/5 epoch=2/3 loss=0.2137 l2=0.2000 label_smoothing=0.000
D step=4/5 epoch=3/3 loss=0.2157 l2=0.2000 label_smoothing=0.000
D step=5/5 epoch=1/3 loss=0.2122 l2=0.2000 label_smoothing=0.000
D step=5/5 epoch=2/3 loss=0.2148 l2=0.2000 label_smoothing=0.000
D step=5/5 epoch=3/3 loss=0.2119 l2=0.2000 label_smoothing=0.000
ADV epoch=52/60 g_loss=0.0000 d_loss=0.2145 reward=0.1229 reward_var=0.0000 unique=0.0400
D step=1/5 epoch=1/3 loss=0.2099 l2=0.2000 label_smoothing=0.000
D step=1/5 epoch=2/3 loss=0.2115 l2=0.2000 label_smoothing=0.000
D step=1/5 epoch=3/3 loss=0.2106 l2=0.2000 label_smoothing=0.000
D step=2/5 epoch=1/3 loss=0.2130 l2=0.2000 label_smoothing=0.000
D step=2/5 epoch=2/3 loss=0.2143 l2=0.2000 label_smoothing=0.000
D step=2/5 epoch=3/3 loss=0.2123 l2=0.2000 label_smoothing=0.000
D step=3/5 epoch=1/3 loss=0.2175 l2=0.2000 label_smoothing=0.000
D step=3/5 epoch=2/3 loss=0.2131 l2=0.2000 label_smoothing=0.000
D step=3/5 epoch=3/3 loss=0.2153 l2=0.2000 label_smoothing=0.000
D step=4/5 epoch=1/3 loss=0.2134 l2=0.2000 label_smoothing=0.000
D step=4/5 epoch=2/3 loss=0.2127 l2=0.2000 label_smoothing=0.000
D step=4/5 epoch=3/3 loss=0.2128 l2=0.2000 label_smoothing=0.000
D step=5/5 epoch=1/3 loss=0.2133 l2=0.2000 label_smoothing=0.000
D step=5/5 epoch=2/3 loss=0.2120 l2=0.2000 label_smoothing=0.000
D step=5/5 epoch=3/3 loss=0.2127 l2=0.2000 label_smoothing=0.000
ADV epoch=53/60 g_loss=0.0000 d_loss=0.2130 reward=0.1223 reward_var=0.0000 unique=0.0200
D step=1/5 epoch=1/3 loss=0.2152 l2=0.2000 label_smoothing=0.000
D step=1/5 epoch=2/3 loss=0.2175 l2=0.2000 label_smoothing=0.000
D step=1/5 epoch=3/3 loss=0.2172 l2=0.2000 label_smoothing=0.000
D step=2/5 epoch=1/3 loss=0.2127 l2=0.2000 label_smoothing=0.000
D step=2/5 epoch=2/3 loss=0.2144 l2=0.2000 label_smoothing=0.000
D step=2/5 epoch=3/3 loss=0.2140 l2=0.2000 label_smoothing=0.000
D step=3/5 epoch=1/3 loss=0.2130 l2=0.2000 label_smoothing=0.000
D step=3/5 epoch=2/3 loss=0.2142 l2=0.2000 label_smoothing=0.000
D step=3/5 epoch=3/3 loss=0.2116 l2=0.2000 label_smoothing=0.000
D step=4/5 epoch=1/3 loss=0.2146 l2=0.2000 label_smoothing=0.000
D step=4/5 epoch=2/3 loss=0.2140 l2=0.2000 label_smoothing=0.000
D step=4/5 epoch=3/3 loss=0.2155 l2=0.2000 label_smoothing=0.000
D step=5/5 epoch=1/3 loss=0.2143 l2=0.2000 label_smoothing=0.000
D step=5/5 epoch=2/3 loss=0.2118 l2=0.2000 label_smoothing=0.000
D step=5/5 epoch=3/3 loss=0.2121 l2=0.2000 label_smoothing=0.000
ADV epoch=54/60 g_loss=0.0000 d_loss=0.2141 reward=0.1318 reward_var=0.0000 unique=0.0200
D step=1/5 epoch=1/3 loss=0.2141 l2=0.2000 label_smoothing=0.000
D step=1/5 epoch=2/3 loss=0.2139 l2=0.2000 label_smoothing=0.000
D step=1/5 epoch=3/3 loss=0.2138 l2=0.2000 label_smoothing=0.000
D step=2/5 epoch=1/3 loss=0.2173 l2=0.2000 label_smoothing=0.000
D step=2/5 epoch=2/3 loss=0.2157 l2=0.2000 label_smoothing=0.000
D step=2/5 epoch=3/3 loss=0.2170 l2=0.2000 label_smoothing=0.000
D step=3/5 epoch=1/3 loss=0.2123 l2=0.2000 label_smoothing=0.000
D step=3/5 epoch=2/3 loss=0.2153 l2=0.2000 label_smoothing=0.000
D step=3/5 epoch=3/3 loss=0.2145 l2=0.2000 label_smoothing=0.000
D step=4/5 epoch=1/3 loss=0.2166 l2=0.2000 label_smoothing=0.000
D step=4/5 epoch=2/3 loss=0.2162 l2=0.2000 label_smoothing=0.000
D step=4/5 epoch=3/3 loss=0.2151 l2=0.2000 label_smoothing=0.000
D step=5/5 epoch=1/3 loss=0.2115 l2=0.2000 label_smoothing=0.000
D step=5/5 epoch=2/3 loss=0.2133 l2=0.2000 label_smoothing=0.000
D step=5/5 epoch=3/3 loss=0.2127 l2=0.2000 label_smoothing=0.000
ADV epoch=55/60 g_loss=0.0000 d_loss=0.2146 reward=0.1230 reward_var=0.0000 unique=0.0200
D step=1/5 epoch=1/3 loss=0.2142 l2=0.2000 label_smoothing=0.000
D step=1/5 epoch=2/3 loss=0.2134 l2=0.2000 label_smoothing=0.000
D step=1/5 epoch=3/3 loss=0.2122 l2=0.2000 label_smoothing=0.000
D step=2/5 epoch=1/3 loss=0.2161 l2=0.2000 label_smoothing=0.000
D step=2/5 epoch=2/3 loss=0.2157 l2=0.2000 label_smoothing=0.000
D step=2/5 epoch=3/3 loss=0.2164 l2=0.2000 label_smoothing=0.000
D step=3/5 epoch=1/3 loss=0.2162 l2=0.2000 label_smoothing=0.000
D step=3/5 epoch=2/3 loss=0.2163 l2=0.2000 label_smoothing=0.000
D step=3/5 epoch=3/3 loss=0.2165 l2=0.2000 label_smoothing=0.000
D step=4/5 epoch=1/3 loss=0.2151 l2=0.2000 label_smoothing=0.000
D step=4/5 epoch=2/3 loss=0.2153 l2=0.2000 label_smoothing=0.000
D step=4/5 epoch=3/3 loss=0.2169 l2=0.2000 label_smoothing=0.000
D step=5/5 epoch=1/3 loss=0.2153 l2=0.2000 label_smoothing=0.000
D step=5/5 epoch=2/3 loss=0.2137 l2=0.2000 label_smoothing=0.000
D step=5/5 epoch=3/3 loss=0.2144 l2=0.2000 label_smoothing=0.000
ADV epoch=56/60 g_loss=0.0000 d_loss=0.2152 reward=0.1240 reward_var=0.0001 unique=0.0200
D step=1/5 epoch=1/3 loss=0.2144 l2=0.2000 label_smoothing=0.000
D step=1/5 epoch=2/3 loss=0.2127 l2=0.2000 label_smoothing=0.000
D step=1/5 epoch=3/3 loss=0.2145 l2=0.2000 label_smoothing=0.000
D step=2/5 epoch=1/3 loss=0.2158 l2=0.2000 label_smoothing=0.000
D step=2/5 epoch=2/3 loss=0.2157 l2=0.2000 label_smoothing=0.000
D step=2/5 epoch=3/3 loss=0.2145 l2=0.2000 label_smoothing=0.000
D step=3/5 epoch=1/3 loss=0.2131 l2=0.2000 label_smoothing=0.000
D step=3/5 epoch=2/3 loss=0.2128 l2=0.2000 label_smoothing=0.000
D step=3/5 epoch=3/3 loss=0.2117 l2=0.2000 label_smoothing=0.000
D step=4/5 epoch=1/3 loss=0.2146 l2=0.2000 label_smoothing=0.000
D step=4/5 epoch=2/3 loss=0.2138 l2=0.2000 label_smoothing=0.000
D step=4/5 epoch=3/3 loss=0.2122 l2=0.2000 label_smoothing=0.000
D step=5/5 epoch=1/3 loss=0.2130 l2=0.2000 label_smoothing=0.000
D step=5/5 epoch=2/3 loss=0.2137 l2=0.2000 label_smoothing=0.000
D step=5/5 epoch=3/3 loss=0.2144 l2=0.2000 label_smoothing=0.000
ADV epoch=57/60 g_loss=0.0000 d_loss=0.2138 reward=0.1289 reward_var=0.0002 unique=0.0200
D step=1/5 epoch=1/3 loss=0.2179 l2=0.2000 label_smoothing=0.000
D step=1/5 epoch=2/3 loss=0.2168 l2=0.2000 label_smoothing=0.000
D step=1/5 epoch=3/3 loss=0.2159 l2=0.2000 label_smoothing=0.000
D step=2/5 epoch=1/3 loss=0.2154 l2=0.2000 label_smoothing=0.000
D step=2/5 epoch=2/3 loss=0.2164 l2=0.2000 label_smoothing=0.000
D step=2/5 epoch=3/3 loss=0.2154 l2=0.2000 label_smoothing=0.000
D step=3/5 epoch=1/3 loss=0.2152 l2=0.2000 label_smoothing=0.000
D step=3/5 epoch=2/3 loss=0.2133 l2=0.2000 label_smoothing=0.000
D step=3/5 epoch=3/3 loss=0.2158 l2=0.2000 label_smoothing=0.000
D step=4/5 epoch=1/3 loss=0.2140 l2=0.2000 label_smoothing=0.000
D step=4/5 epoch=2/3 loss=0.2149 l2=0.2000 label_smoothing=0.000
D step=4/5 epoch=3/3 loss=0.2144 l2=0.2000 label_smoothing=0.000
D step=5/5 epoch=1/3 loss=0.2156 l2=0.2000 label_smoothing=0.000
D step=5/5 epoch=2/3 loss=0.2140 l2=0.2000 label_smoothing=0.000
D step=5/5 epoch=3/3 loss=0.2163 l2=0.2000 label_smoothing=0.000
ADV epoch=58/60 g_loss=0.0000 d_loss=0.2154 reward=0.1249 reward_var=0.0000 unique=0.0200
D step=1/5 epoch=1/3 loss=0.2145 l2=0.2000 label_smoothing=0.000
D step=1/5 epoch=2/3 loss=0.2128 l2=0.2000 label_smoothing=0.000
D step=1/5 epoch=3/3 loss=0.2141 l2=0.2000 label_smoothing=0.000
D step=2/5 epoch=1/3 loss=0.2149 l2=0.2000 label_smoothing=0.000
D step=2/5 epoch=2/3 loss=0.2160 l2=0.2000 label_smoothing=0.000
D step=2/5 epoch=3/3 loss=0.2154 l2=0.2000 label_smoothing=0.000
D step=3/5 epoch=1/3 loss=0.2158 l2=0.2000 label_smoothing=0.000
D step=3/5 epoch=2/3 loss=0.2131 l2=0.2000 label_smoothing=0.000
D step=3/5 epoch=3/3 loss=0.2163 l2=0.2000 label_smoothing=0.000
D step=4/5 epoch=1/3 loss=0.2173 l2=0.2000 label_smoothing=0.000
D step=4/5 epoch=2/3 loss=0.2168 l2=0.2000 label_smoothing=0.000
D step=4/5 epoch=3/3 loss=0.2161 l2=0.2000 label_smoothing=0.000
D step=5/5 epoch=1/3 loss=0.2145 l2=0.2000 label_smoothing=0.000
D step=5/5 epoch=2/3 loss=0.2148 l2=0.2000 label_smoothing=0.000
D step=5/5 epoch=3/3 loss=0.2133 l2=0.2000 label_smoothing=0.000
ADV epoch=59/60 g_loss=0.0000 d_loss=0.2151 reward=0.1279 reward_var=0.0000 unique=0.0200
D step=1/5 epoch=1/3 loss=0.2118 l2=0.2000 label_smoothing=0.000
D step=1/5 epoch=2/3 loss=0.2148 l2=0.2000 label_smoothing=0.000
D step=1/5 epoch=3/3 loss=0.2118 l2=0.2000 label_smoothing=0.000
D step=2/5 epoch=1/3 loss=0.2149 l2=0.2000 label_smoothing=0.000
D step=2/5 epoch=2/3 loss=0.2170 l2=0.2000 label_smoothing=0.000
D step=2/5 epoch=3/3 loss=0.2167 l2=0.2000 label_smoothing=0.000
D step=3/5 epoch=1/3 loss=0.2140 l2=0.2000 label_smoothing=0.000
D step=3/5 epoch=2/3 loss=0.2268 l2=0.2000 label_smoothing=0.000
D step=3/5 epoch=3/3 loss=0.2166 l2=0.2000 label_smoothing=0.000
D step=4/5 epoch=1/3 loss=0.2133 l2=0.2000 label_smoothing=0.000
D step=4/5 epoch=2/3 loss=0.2162 l2=0.2000 label_smoothing=0.000
D step=4/5 epoch=3/3 loss=0.2136 l2=0.2000 label_smoothing=0.000
D step=5/5 epoch=1/3 loss=0.2130 l2=0.2000 label_smoothing=0.000
D step=5/5 epoch=2/3 loss=0.2137 l2=0.2000 label_smoothing=0.000
D step=5/5 epoch=3/3 loss=0.2128 l2=0.2000 label_smoothing=0.000
ADV epoch=60/60 g_loss=0.0000 d_loss=0.2151 reward=0.1260 reward_var=0.0000 unique=0.0200
saved 500 raw samples to /content/drive/MyDrive/GAN/GAN_SQLi_Colab/results_seqgan_phase2b_phase3/phase2b/seqgan_master/union/D/R20/generated_payloads.csv
