{
  "metric_schema_version": "quality-metrics-v3",
  "normalization_version": "nfkc_html_percent1_casefold_ws_quotes_v1",
  "seed": 88,
  "method": "seqgan_improved",
  "family": "union",
  "scenario": "F",
  "ratio": "500",
  "generation_kind": "direct",
  "schema_valid": true,
  "stop_reason": "n/a",
  "n_generated": 2000,
  "unique_rate": 0.9615,
  "normalized_unique_rate": 0.9585,
  "duplicate_rate": 0.03849999999999998,
  "model_collapse_rate": 0.03849999999999998,
  "dominant_payload_share": 0.0025,
  "normalized_dominant_payload_share": 0.0025,
  "sql_parse_rate": 1.0,
  "sql_structure_rate": 0.134,
  "family_motif_coverage": 0.25,
  "family_motif_hit_rate": 0.1285,
  "garbage_rate": 0.866,
  "wellformed_rate": 1.0,
  "shaped_rate": 0.134,
  "family_motif_coverage_by_family": {
    "union": 0.25
  },
  "family_motif_hit_rate_by_family": {
    "union": 0.1285
  },
  "inferred_family_distribution": {
    "boolean": 0.0,
    "union": 0.1285,
    "time": 0.0,
    "error": 0.0,
    "other": 0.8715
  },
  "train_reference_count": 31,
  "holdout_reference_count": 419,
  "exact_input_overlap": 0.0,
  "normalized_input_overlap": 0.0,
  "holdout_overlap": 0.0,
  "normalized_holdout_overlap": 0.0,
  "nearest_input_similarity_mean": 0.11936326506277356,
  "nearest_input_similarity_median": 0.07921568627450981,
  "nearest_input_similarity_p90": 0.3076923076923077,
  "nearest_char3_jaccard_mean": 0.11936326506277356,
  "nearest_char3_jaccard_median": 0.07921568627450981,
  "nearest_char3_jaccard_p90": 0.3076923076923077,
  "nearest_token_jaccard_mean": 0.04266322518211063,
  "nearest_token_jaccard_median": 0.0,
  "nearest_token_jaccard_p90": 0.10111111111111264,
  "nearest_edit_similarity_mean": 0.23887822349031448,
  "nearest_edit_similarity_median": 0.2295081967213115,
  "nearest_edit_similarity_p90": 0.360655737704918,
  "nearest_feature_cosine_mean": 0.7701518372376595,
  "nearest_feature_cosine_median": 0.7941451378033251,
  "nearest_feature_cosine_p90": 0.9298065644747602,
  "nearest_input_distance_mean": 0.8806367349372265,
  "nearest_input_distance_median": 0.9207843137254903,
  "nearest_input_distance_p90": 0.9361702127659575,
  "mean_nearest_similarity": 0.11936326506277356,
  "median_nearest_similarity": 0.07921568627450981,
  "p90_nearest_similarity": 0.3076923076923077,
  "unique_nearest_payload_rate": 0.0095,
  "dominant_retrieved_payload_share": 0.758,
  "nearest_reference_count": 31,
  "distinct_1": 0.5536447638603696,
  "distinct_2": 0.7959936742224565,
  "distinct_3": 0.9516129032258065,
  "lexical_diversity": 0.5536447638603696,
  "character_diversity": 0.6416366232855676,
  "token_diversity": 0.8020408155330638,
  "keyword_diversity": 0.707676529682256,
  "operator_diversity": 0.8687155224989539,
  "function_diversity": 1.0,
  "comment_style_diversity": 0.3333333333333333,
  "length_zone_diversity": 0.8,
  "self_bleu": 0.9902405203238415,
  "self_bleu_char": 0.9902405203238415,
  "requested_count": 2000,
  "generated_count_fraction": 1.0
}
