
[1/3] pretrain G
G epoch=1/160 loss=5.1276
G epoch=2/160 loss=5.0386
G epoch=3/160 loss=4.9462
G epoch=4/160 loss=4.8360
G epoch=5/160 loss=4.6980
G epoch=6/160 loss=4.5283
G epoch=7/160 loss=4.3326
G epoch=8/160 loss=4.1294
G epoch=9/160 loss=3.9413
G epoch=10/160 loss=3.7730
G epoch=11/160 loss=3.6197
G epoch=12/160 loss=3.4835
G epoch=13/160 loss=3.3610
G epoch=14/160 loss=3.2538
G epoch=15/160 loss=3.1561
G epoch=16/160 loss=3.0600
G epoch=17/160 loss=2.9677
G epoch=18/160 loss=2.8813
G epoch=19/160 loss=2.7980
G epoch=20/160 loss=2.7178
G epoch=21/160 loss=2.6394
G epoch=22/160 loss=2.5603
G epoch=23/160 loss=2.4819
G epoch=24/160 loss=2.4050
G epoch=25/160 loss=2.3292
G epoch=26/160 loss=2.2561
G epoch=27/160 loss=2.1865
G epoch=28/160 loss=2.1190
G epoch=29/160 loss=2.0531
G epoch=30/160 loss=1.9891
G epoch=31/160 loss=1.9262
G epoch=32/160 loss=1.8646
G epoch=33/160 loss=1.8055
G epoch=34/160 loss=1.7488
G epoch=35/160 loss=1.6939
G epoch=36/160 loss=1.6402
G epoch=37/160 loss=1.5881
G epoch=38/160 loss=1.5382
G epoch=39/160 loss=1.4905
G epoch=40/160 loss=1.4441
G epoch=41/160 loss=1.3984
G epoch=42/160 loss=1.3541
G epoch=43/160 loss=1.3110
G epoch=44/160 loss=1.2701
G epoch=45/160 loss=1.2299
G epoch=46/160 loss=1.1905
G epoch=47/160 loss=1.1527
G epoch=48/160 loss=1.1155
G epoch=49/160 loss=1.0800
G epoch=50/160 loss=1.0454
G epoch=51/160 loss=1.0122
G epoch=52/160 loss=0.9809
G epoch=53/160 loss=0.9506
G epoch=54/160 loss=0.9216
G epoch=55/160 loss=0.8935
G epoch=56/160 loss=0.8669
G epoch=57/160 loss=0.8411
G epoch=58/160 loss=0.8164
G epoch=59/160 loss=0.7929
G epoch=60/160 loss=0.7703
G epoch=61/160 loss=0.7483
G epoch=62/160 loss=0.7271
G epoch=63/160 loss=0.7068
G epoch=64/160 loss=0.6873
G epoch=65/160 loss=0.6688
G epoch=66/160 loss=0.6509
G epoch=67/160 loss=0.6337
G epoch=68/160 loss=0.6171
G epoch=69/160 loss=0.6012
G epoch=70/160 loss=0.5859
G epoch=71/160 loss=0.5712
G epoch=72/160 loss=0.5570
G epoch=73/160 loss=0.5435
G epoch=74/160 loss=0.5307
G epoch=75/160 loss=0.5183
G epoch=76/160 loss=0.5065
G epoch=77/160 loss=0.4950
G epoch=78/160 loss=0.4841
G epoch=79/160 loss=0.4736
G epoch=80/160 loss=0.4637
G epoch=81/160 loss=0.4542
G epoch=82/160 loss=0.4452
G epoch=83/160 loss=0.4365
G epoch=84/160 loss=0.4282
G epoch=85/160 loss=0.4203
G epoch=86/160 loss=0.4127
G epoch=87/160 loss=0.4054
G epoch=88/160 loss=0.3984
G epoch=89/160 loss=0.3917
G epoch=90/160 loss=0.3852
G epoch=91/160 loss=0.3790
G epoch=92/160 loss=0.3731
G epoch=93/160 loss=0.3678
G epoch=94/160 loss=0.3645
G epoch=95/160 loss=0.3595
G epoch=96/160 loss=0.3539
G epoch=97/160 loss=0.3479
G epoch=98/160 loss=0.3454
G epoch=99/160 loss=0.3391
G epoch=100/160 loss=0.3352
G epoch=101/160 loss=0.3311
G epoch=102/160 loss=0.3258
G epoch=103/160 loss=0.3225
G epoch=104/160 loss=0.3174
G epoch=105/160 loss=0.3140
G epoch=106/160 loss=0.3099
G epoch=107/160 loss=0.3065
G epoch=108/160 loss=0.3027
G epoch=109/160 loss=0.2994
G epoch=110/160 loss=0.2961
G epoch=111/160 loss=0.2929
G epoch=112/160 loss=0.2897
G epoch=113/160 loss=0.2867
G epoch=114/160 loss=0.2839
G epoch=115/160 loss=0.2808
G epoch=116/160 loss=0.2783
G epoch=117/160 loss=0.2754
G epoch=118/160 loss=0.2728
G epoch=119/160 loss=0.2704
G epoch=120/160 loss=0.2678
G epoch=121/160 loss=0.2655
G epoch=122/160 loss=0.2630
G epoch=123/160 loss=0.2608
G epoch=124/160 loss=0.2585
G epoch=125/160 loss=0.2564
G epoch=126/160 loss=0.2543
G epoch=127/160 loss=0.2523
G epoch=128/160 loss=0.2503
G epoch=129/160 loss=0.2484
G epoch=130/160 loss=0.2465
G epoch=131/160 loss=0.2448
G epoch=132/160 loss=0.2430
G epoch=133/160 loss=0.2413
G epoch=134/160 loss=0.2396
G epoch=135/160 loss=0.2378
G epoch=136/160 loss=0.2361
G epoch=137/160 loss=0.2351
G epoch=138/160 loss=0.2400
G epoch=139/160 loss=0.2404
G epoch=140/160 loss=0.2425
G epoch=141/160 loss=0.2437
G epoch=142/160 loss=0.2394
G epoch=143/160 loss=0.2364
G epoch=144/160 loss=0.2336
G epoch=145/160 loss=0.2330
G epoch=146/160 loss=0.2315
G epoch=147/160 loss=0.2299
G epoch=148/160 loss=0.2282
G epoch=149/160 loss=0.2270
G epoch=150/160 loss=0.2260
G epoch=151/160 loss=0.2249
G epoch=152/160 loss=0.2232
G epoch=153/160 loss=0.2223
G epoch=154/160 loss=0.2210
G epoch=155/160 loss=0.2195
G epoch=156/160 loss=0.2186
G epoch=157/160 loss=0.2173
G epoch=158/160 loss=0.2162
G epoch=159/160 loss=0.2152
G epoch=160/160 loss=0.2141

[2/3] pretrain D

[3/3] adversarial
generator_reward_mode=off reward_alpha=1.000 d_steps=5 d_epochs=3
ADV epoch=1/200 g_loss=0.2476 d_loss=0.0000 reward=0.4771 reward_var=0.0003 unique=0.8400
ADV epoch=2/200 g_loss=0.2850 d_loss=0.0000 reward=0.4783 reward_var=0.0004 unique=0.9800
ADV epoch=3/200 g_loss=0.3142 d_loss=0.0000 reward=0.4720 reward_var=0.0005 unique=0.9600
ADV epoch=4/200 g_loss=0.3542 d_loss=0.0000 reward=0.4748 reward_var=0.0006 unique=0.9600
ADV epoch=5/200 g_loss=0.4055 d_loss=0.0000 reward=0.4717 reward_var=0.0004 unique=1.0000
ADV epoch=6/200 g_loss=0.4172 d_loss=0.0000 reward=0.4770 reward_var=0.0006 unique=0.9400
ADV epoch=7/200 g_loss=0.4931 d_loss=0.0000 reward=0.4783 reward_var=0.0005 unique=0.9400
ADV epoch=8/200 g_loss=0.5216 d_loss=0.0000 reward=0.4784 reward_var=0.0007 unique=1.0000
ADV epoch=9/200 g_loss=0.4726 d_loss=0.0000 reward=0.4822 reward_var=0.0006 unique=0.9800
ADV epoch=10/200 g_loss=0.5325 d_loss=0.0000 reward=0.4837 reward_var=0.0006 unique=0.9600
ADV epoch=11/200 g_loss=0.5420 d_loss=0.0000 reward=0.4797 reward_var=0.0008 unique=0.9800
ADV epoch=12/200 g_loss=0.5223 d_loss=0.0000 reward=0.4788 reward_var=0.0006 unique=1.0000
ADV epoch=13/200 g_loss=0.5460 d_loss=0.0000 reward=0.4771 reward_var=0.0006 unique=1.0000
ADV epoch=14/200 g_loss=0.5260 d_loss=0.0000 reward=0.4761 reward_var=0.0006 unique=1.0000
ADV epoch=15/200 g_loss=0.5205 d_loss=0.0000 reward=0.4771 reward_var=0.0005 unique=1.0000
ADV epoch=16/200 g_loss=0.5580 d_loss=0.0000 reward=0.4769 reward_var=0.0005 unique=1.0000
ADV epoch=17/200 g_loss=0.5647 d_loss=0.0000 reward=0.4800 reward_var=0.0004 unique=1.0000
ADV epoch=18/200 g_loss=0.5898 d_loss=0.0000 reward=0.4785 reward_var=0.0004 unique=1.0000
ADV epoch=19/200 g_loss=0.5292 d_loss=0.0000 reward=0.4764 reward_var=0.0005 unique=1.0000
ADV epoch=20/200 g_loss=0.5700 d_loss=0.0000 reward=0.4791 reward_var=0.0004 unique=1.0000
ADV epoch=21/200 g_loss=0.5516 d_loss=0.0000 reward=0.4784 reward_var=0.0004 unique=1.0000
ADV epoch=22/200 g_loss=0.5867 d_loss=0.0000 reward=0.4792 reward_var=0.0004 unique=1.0000
ADV epoch=23/200 g_loss=0.6110 d_loss=0.0000 reward=0.4780 reward_var=0.0006 unique=1.0000
ADV epoch=24/200 g_loss=0.5741 d_loss=0.0000 reward=0.4790 reward_var=0.0004 unique=1.0000
ADV epoch=25/200 g_loss=0.5847 d_loss=0.0000 reward=0.4797 reward_var=0.0004 unique=1.0000
ADV epoch=26/200 g_loss=0.6199 d_loss=0.0000 reward=0.4802 reward_var=0.0004 unique=1.0000
ADV epoch=27/200 g_loss=0.6070 d_loss=0.0000 reward=0.4794 reward_var=0.0004 unique=1.0000
ADV epoch=28/200 g_loss=0.6109 d_loss=0.0000 reward=0.4793 reward_var=0.0004 unique=1.0000
ADV epoch=29/200 g_loss=0.5717 d_loss=0.0000 reward=0.4766 reward_var=0.0005 unique=1.0000
ADV epoch=30/200 g_loss=0.5923 d_loss=0.0000 reward=0.4807 reward_var=0.0004 unique=1.0000
ADV epoch=31/200 g_loss=0.5991 d_loss=0.0000 reward=0.4756 reward_var=0.0005 unique=1.0000
ADV epoch=32/200 g_loss=0.5878 d_loss=0.0000 reward=0.4772 reward_var=0.0005 unique=1.0000
ADV epoch=33/200 g_loss=0.5955 d_loss=0.0000 reward=0.4792 reward_var=0.0004 unique=1.0000
ADV epoch=34/200 g_loss=0.5980 d_loss=0.0000 reward=0.4759 reward_var=0.0004 unique=1.0000
ADV epoch=35/200 g_loss=0.6308 d_loss=0.0000 reward=0.4793 reward_var=0.0004 unique=1.0000
ADV epoch=36/200 g_loss=0.6618 d_loss=0.0000 reward=0.4748 reward_var=0.0004 unique=1.0000
ADV epoch=37/200 g_loss=0.6540 d_loss=0.0000 reward=0.4767 reward_var=0.0004 unique=1.0000
ADV epoch=38/200 g_loss=0.6540 d_loss=0.0000 reward=0.4766 reward_var=0.0005 unique=1.0000
ADV epoch=39/200 g_loss=0.6463 d_loss=0.0000 reward=0.4771 reward_var=0.0004 unique=1.0000
ADV epoch=40/200 g_loss=0.6776 d_loss=0.0000 reward=0.4765 reward_var=0.0005 unique=1.0000
ADV epoch=41/200 g_loss=0.6922 d_loss=0.0000 reward=0.4782 reward_var=0.0004 unique=1.0000
ADV epoch=42/200 g_loss=0.6755 d_loss=0.0000 reward=0.4785 reward_var=0.0005 unique=1.0000
ADV epoch=43/200 g_loss=0.6654 d_loss=0.0000 reward=0.4795 reward_var=0.0004 unique=1.0000
ADV epoch=44/200 g_loss=0.6607 d_loss=0.0000 reward=0.4833 reward_var=0.0005 unique=1.0000
ADV epoch=45/200 g_loss=0.7064 d_loss=0.0000 reward=0.4835 reward_var=0.0004 unique=1.0000
ADV epoch=46/200 g_loss=0.6757 d_loss=0.0000 reward=0.4841 reward_var=0.0004 unique=1.0000
ADV epoch=47/200 g_loss=0.7182 d_loss=0.0000 reward=0.4833 reward_var=0.0004 unique=1.0000
ADV epoch=48/200 g_loss=0.7009 d_loss=0.0000 reward=0.4896 reward_var=0.0004 unique=1.0000
ADV epoch=49/200 g_loss=0.6905 d_loss=0.0000 reward=0.4872 reward_var=0.0005 unique=1.0000
ADV epoch=50/200 g_loss=0.6750 d_loss=0.0000 reward=0.4870 reward_var=0.0004 unique=1.0000
ADV epoch=51/200 g_loss=0.6931 d_loss=0.0000 reward=0.4905 reward_var=0.0004 unique=1.0000
ADV epoch=52/200 g_loss=0.6760 d_loss=0.0000 reward=0.4871 reward_var=0.0004 unique=1.0000
ADV epoch=53/200 g_loss=0.6979 d_loss=0.0000 reward=0.4877 reward_var=0.0004 unique=1.0000
ADV epoch=54/200 g_loss=0.6980 d_loss=0.0000 reward=0.4865 reward_var=0.0004 unique=1.0000
ADV epoch=55/200 g_loss=0.6818 d_loss=0.0000 reward=0.4855 reward_var=0.0004 unique=1.0000
ADV epoch=56/200 g_loss=0.6621 d_loss=0.0000 reward=0.4889 reward_var=0.0004 unique=1.0000
ADV epoch=57/200 g_loss=0.6915 d_loss=0.0000 reward=0.4894 reward_var=0.0005 unique=1.0000
ADV epoch=58/200 g_loss=0.6839 d_loss=0.0000 reward=0.4878 reward_var=0.0005 unique=1.0000
ADV epoch=59/200 g_loss=0.7012 d_loss=0.0000 reward=0.4896 reward_var=0.0005 unique=1.0000
ADV epoch=60/200 g_loss=0.6986 d_loss=0.0000 reward=0.4915 reward_var=0.0004 unique=1.0000
ADV epoch=61/200 g_loss=0.6854 d_loss=0.0000 reward=0.4907 reward_var=0.0004 unique=1.0000
ADV epoch=62/200 g_loss=0.7011 d_loss=0.0000 reward=0.4899 reward_var=0.0004 unique=1.0000
ADV epoch=63/200 g_loss=0.7677 d_loss=0.0000 reward=0.4945 reward_var=0.0006 unique=1.0000
ADV epoch=64/200 g_loss=0.6888 d_loss=0.0000 reward=0.4921 reward_var=0.0006 unique=1.0000
ADV epoch=65/200 g_loss=0.7171 d_loss=0.0000 reward=0.4899 reward_var=0.0006 unique=1.0000
ADV epoch=66/200 g_loss=0.7804 d_loss=0.0000 reward=0.4963 reward_var=0.0005 unique=1.0000
ADV epoch=67/200 g_loss=0.7441 d_loss=0.0000 reward=0.4947 reward_var=0.0006 unique=1.0000
ADV epoch=68/200 g_loss=0.7268 d_loss=0.0000 reward=0.4952 reward_var=0.0006 unique=1.0000
ADV epoch=69/200 g_loss=0.6920 d_loss=0.0000 reward=0.4947 reward_var=0.0005 unique=1.0000
ADV epoch=70/200 g_loss=0.7221 d_loss=0.0000 reward=0.4940 reward_var=0.0005 unique=1.0000
ADV epoch=71/200 g_loss=0.7183 d_loss=0.0000 reward=0.4976 reward_var=0.0007 unique=1.0000
ADV epoch=72/200 g_loss=0.7323 d_loss=0.0000 reward=0.4966 reward_var=0.0008 unique=1.0000
ADV epoch=73/200 g_loss=0.7394 d_loss=0.0000 reward=0.4957 reward_var=0.0007 unique=1.0000
ADV epoch=74/200 g_loss=0.6947 d_loss=0.0000 reward=0.4994 reward_var=0.0006 unique=1.0000
ADV epoch=75/200 g_loss=0.6485 d_loss=0.0000 reward=0.4968 reward_var=0.0007 unique=1.0000
ADV epoch=76/200 g_loss=0.7081 d_loss=0.0000 reward=0.4989 reward_var=0.0008 unique=1.0000
ADV epoch=77/200 g_loss=0.6806 d_loss=0.0000 reward=0.4939 reward_var=0.0008 unique=1.0000
ADV epoch=78/200 g_loss=0.6791 d_loss=0.0000 reward=0.4941 reward_var=0.0007 unique=1.0000
ADV epoch=79/200 g_loss=0.6382 d_loss=0.0000 reward=0.5004 reward_var=0.0008 unique=1.0000
ADV epoch=80/200 g_loss=0.6440 d_loss=0.0000 reward=0.4989 reward_var=0.0007 unique=1.0000
ADV epoch=81/200 g_loss=0.7407 d_loss=0.0000 reward=0.4958 reward_var=0.0007 unique=1.0000
ADV epoch=82/200 g_loss=0.6816 d_loss=0.0000 reward=0.4954 reward_var=0.0008 unique=1.0000
ADV epoch=83/200 g_loss=0.6913 d_loss=0.0000 reward=0.4946 reward_var=0.0007 unique=1.0000
ADV epoch=84/200 g_loss=0.6877 d_loss=0.0000 reward=0.4923 reward_var=0.0009 unique=1.0000
ADV epoch=85/200 g_loss=0.6885 d_loss=0.0000 reward=0.4920 reward_var=0.0008 unique=1.0000
ADV epoch=86/200 g_loss=0.6431 d_loss=0.0000 reward=0.4870 reward_var=0.0009 unique=1.0000
ADV epoch=87/200 g_loss=0.7178 d_loss=0.0000 reward=0.4915 reward_var=0.0008 unique=1.0000
ADV epoch=88/200 g_loss=0.7068 d_loss=0.0000 reward=0.4884 reward_var=0.0006 unique=1.0000
ADV epoch=89/200 g_loss=0.7261 d_loss=0.0000 reward=0.4917 reward_var=0.0006 unique=1.0000
ADV epoch=90/200 g_loss=0.7516 d_loss=0.0000 reward=0.4875 reward_var=0.0009 unique=1.0000
ADV epoch=91/200 g_loss=0.7061 d_loss=0.0000 reward=0.4839 reward_var=0.0006 unique=1.0000
ADV epoch=92/200 g_loss=0.7235 d_loss=0.0000 reward=0.4865 reward_var=0.0009 unique=1.0000
ADV epoch=93/200 g_loss=0.7196 d_loss=0.0000 reward=0.4888 reward_var=0.0006 unique=1.0000
ADV epoch=94/200 g_loss=0.7309 d_loss=0.0000 reward=0.4885 reward_var=0.0006 unique=1.0000
ADV epoch=95/200 g_loss=0.7369 d_loss=0.0000 reward=0.4846 reward_var=0.0007 unique=1.0000
ADV epoch=96/200 g_loss=0.7479 d_loss=0.0000 reward=0.4865 reward_var=0.0005 unique=1.0000
ADV epoch=97/200 g_loss=0.7235 d_loss=0.0000 reward=0.4881 reward_var=0.0007 unique=1.0000
ADV epoch=98/200 g_loss=0.7212 d_loss=0.0000 reward=0.4896 reward_var=0.0006 unique=1.0000
ADV epoch=99/200 g_loss=0.7319 d_loss=0.0000 reward=0.4893 reward_var=0.0006 unique=1.0000
ADV epoch=100/200 g_loss=0.7334 d_loss=0.0000 reward=0.4923 reward_var=0.0005 unique=1.0000
ADV epoch=101/200 g_loss=0.7226 d_loss=0.0000 reward=0.4948 reward_var=0.0007 unique=1.0000
ADV epoch=102/200 g_loss=0.7550 d_loss=0.0000 reward=0.4938 reward_var=0.0007 unique=1.0000
ADV epoch=103/200 g_loss=0.7433 d_loss=0.0000 reward=0.5022 reward_var=0.0005 unique=1.0000
ADV epoch=104/200 g_loss=0.7457 d_loss=0.0000 reward=0.4978 reward_var=0.0007 unique=1.0000
ADV epoch=105/200 g_loss=0.7574 d_loss=0.0000 reward=0.5018 reward_var=0.0007 unique=1.0000
ADV epoch=106/200 g_loss=0.7555 d_loss=0.0000 reward=0.5040 reward_var=0.0006 unique=1.0000
ADV epoch=107/200 g_loss=0.6896 d_loss=0.0000 reward=0.5001 reward_var=0.0006 unique=1.0000
ADV epoch=108/200 g_loss=0.7279 d_loss=0.0000 reward=0.5066 reward_var=0.0007 unique=1.0000
ADV epoch=109/200 g_loss=0.6922 d_loss=0.0000 reward=0.5102 reward_var=0.0006 unique=1.0000
ADV epoch=110/200 g_loss=0.7166 d_loss=0.0000 reward=0.5110 reward_var=0.0006 unique=1.0000
ADV epoch=111/200 g_loss=0.7072 d_loss=0.0000 reward=0.5169 reward_var=0.0006 unique=1.0000
ADV epoch=112/200 g_loss=0.6753 d_loss=0.0000 reward=0.5169 reward_var=0.0006 unique=1.0000
ADV epoch=113/200 g_loss=0.6371 d_loss=0.0000 reward=0.5210 reward_var=0.0005 unique=1.0000
ADV epoch=114/200 g_loss=0.6017 d_loss=0.0000 reward=0.5237 reward_var=0.0006 unique=1.0000
ADV epoch=115/200 g_loss=0.6074 d_loss=0.0000 reward=0.5249 reward_var=0.0006 unique=1.0000
ADV epoch=116/200 g_loss=0.5839 d_loss=0.0000 reward=0.5263 reward_var=0.0005 unique=1.0000
ADV epoch=117/200 g_loss=0.5549 d_loss=0.0000 reward=0.5339 reward_var=0.0005 unique=0.9800
ADV epoch=118/200 g_loss=0.5112 d_loss=0.0000 reward=0.5350 reward_var=0.0004 unique=1.0000
ADV epoch=119/200 g_loss=0.5075 d_loss=0.0000 reward=0.5384 reward_var=0.0005 unique=1.0000
ADV epoch=120/200 g_loss=0.4709 d_loss=0.0000 reward=0.5418 reward_var=0.0005 unique=1.0000
ADV epoch=121/200 g_loss=0.4703 d_loss=0.0000 reward=0.5430 reward_var=0.0003 unique=1.0000
ADV epoch=122/200 g_loss=0.4598 d_loss=0.0000 reward=0.5439 reward_var=0.0004 unique=1.0000
ADV epoch=123/200 g_loss=0.4341 d_loss=0.0000 reward=0.5479 reward_var=0.0003 unique=1.0000
ADV epoch=124/200 g_loss=0.4324 d_loss=0.0000 reward=0.5486 reward_var=0.0003 unique=1.0000
ADV epoch=125/200 g_loss=0.4577 d_loss=0.0000 reward=0.5494 reward_var=0.0002 unique=1.0000
ADV epoch=126/200 g_loss=0.4616 d_loss=0.0000 reward=0.5501 reward_var=0.0003 unique=1.0000
ADV epoch=127/200 g_loss=0.4405 d_loss=0.0000 reward=0.5530 reward_var=0.0003 unique=1.0000
ADV epoch=128/200 g_loss=0.4723 d_loss=0.0000 reward=0.5534 reward_var=0.0003 unique=1.0000
ADV epoch=129/200 g_loss=0.4207 d_loss=0.0000 reward=0.5550 reward_var=0.0002 unique=1.0000
ADV epoch=130/200 g_loss=0.3927 d_loss=0.0000 reward=0.5578 reward_var=0.0002 unique=1.0000
ADV epoch=131/200 g_loss=0.4359 d_loss=0.0000 reward=0.5555 reward_var=0.0002 unique=1.0000
ADV epoch=132/200 g_loss=0.4275 d_loss=0.0000 reward=0.5577 reward_var=0.0003 unique=1.0000
ADV epoch=133/200 g_loss=0.3916 d_loss=0.0000 reward=0.5557 reward_var=0.0002 unique=1.0000
ADV epoch=134/200 g_loss=0.4148 d_loss=0.0000 reward=0.5551 reward_var=0.0002 unique=1.0000
ADV epoch=135/200 g_loss=0.3757 d_loss=0.0000 reward=0.5545 reward_var=0.0002 unique=1.0000
ADV epoch=136/200 g_loss=0.3353 d_loss=0.0000 reward=0.5585 reward_var=0.0002 unique=1.0000
ADV epoch=137/200 g_loss=0.3486 d_loss=0.0000 reward=0.5545 reward_var=0.0003 unique=0.9200
ADV epoch=138/200 g_loss=0.2580 d_loss=0.0000 reward=0.5546 reward_var=0.0002 unique=0.7600
ADV epoch=139/200 g_loss=0.2299 d_loss=0.0000 reward=0.5523 reward_var=0.0002 unique=0.8000
ADV epoch=140/200 g_loss=0.2074 d_loss=0.0000 reward=0.5503 reward_var=0.0002 unique=0.7000
ADV epoch=141/200 g_loss=0.2254 d_loss=0.0000 reward=0.5518 reward_var=0.0003 unique=0.6600
ADV epoch=142/200 g_loss=0.1975 d_loss=0.0000 reward=0.5492 reward_var=0.0003 unique=0.7800
ADV epoch=143/200 g_loss=0.1841 d_loss=0.0000 reward=0.5530 reward_var=0.0003 unique=0.8000
ADV epoch=144/200 g_loss=0.2018 d_loss=0.0000 reward=0.5515 reward_var=0.0003 unique=0.6800
ADV epoch=145/200 g_loss=0.2377 d_loss=0.0000 reward=0.5556 reward_var=0.0003 unique=0.8000
ADV epoch=146/200 g_loss=0.1997 d_loss=0.0000 reward=0.5559 reward_var=0.0003 unique=0.7000
ADV epoch=147/200 g_loss=0.2331 d_loss=0.0000 reward=0.5571 reward_var=0.0003 unique=0.7400
ADV epoch=148/200 g_loss=0.2383 d_loss=0.0000 reward=0.5589 reward_var=0.0004 unique=0.8200
ADV epoch=149/200 g_loss=0.2302 d_loss=0.0000 reward=0.5586 reward_var=0.0002 unique=0.9000
ADV epoch=150/200 g_loss=0.2413 d_loss=0.0000 reward=0.5644 reward_var=0.0003 unique=0.8200
ADV epoch=151/200 g_loss=0.2524 d_loss=0.0000 reward=0.5613 reward_var=0.0003 unique=0.8600
ADV epoch=152/200 g_loss=0.2690 d_loss=0.0000 reward=0.5655 reward_var=0.0002 unique=1.0000
ADV epoch=153/200 g_loss=0.2862 d_loss=0.0000 reward=0.5664 reward_var=0.0002 unique=0.8800
ADV epoch=154/200 g_loss=0.3212 d_loss=0.0000 reward=0.5692 reward_var=0.0003 unique=1.0000
ADV epoch=155/200 g_loss=0.3129 d_loss=0.0000 reward=0.5677 reward_var=0.0003 unique=1.0000
ADV epoch=156/200 g_loss=0.3390 d_loss=0.0000 reward=0.5692 reward_var=0.0002 unique=0.9800
ADV epoch=157/200 g_loss=0.3211 d_loss=0.0000 reward=0.5716 reward_var=0.0002 unique=0.9200
ADV epoch=158/200 g_loss=0.3420 d_loss=0.0000 reward=0.5719 reward_var=0.0002 unique=0.9800
ADV epoch=159/200 g_loss=0.3080 d_loss=0.0000 reward=0.5766 reward_var=0.0002 unique=0.9800
ADV epoch=160/200 g_loss=0.3269 d_loss=0.0000 reward=0.5735 reward_var=0.0002 unique=0.9600
ADV epoch=161/200 g_loss=0.3234 d_loss=0.0000 reward=0.5756 reward_var=0.0003 unique=1.0000
ADV epoch=162/200 g_loss=0.3554 d_loss=0.0000 reward=0.5763 reward_var=0.0002 unique=1.0000
ADV epoch=163/200 g_loss=0.3868 d_loss=0.0000 reward=0.5773 reward_var=0.0003 unique=1.0000
ADV epoch=164/200 g_loss=0.3817 d_loss=0.0000 reward=0.5783 reward_var=0.0003 unique=1.0000
ADV epoch=165/200 g_loss=0.4088 d_loss=0.0000 reward=0.5802 reward_var=0.0003 unique=1.0000
ADV epoch=166/200 g_loss=0.4431 d_loss=0.0000 reward=0.5786 reward_var=0.0003 unique=1.0000
ADV epoch=167/200 g_loss=0.4209 d_loss=0.0000 reward=0.5832 reward_var=0.0002 unique=1.0000
ADV epoch=168/200 g_loss=0.4373 d_loss=0.0000 reward=0.5804 reward_var=0.0002 unique=1.0000
ADV epoch=169/200 g_loss=0.4418 d_loss=0.0000 reward=0.5823 reward_var=0.0003 unique=1.0000
ADV epoch=170/200 g_loss=0.4682 d_loss=0.0000 reward=0.5828 reward_var=0.0003 unique=1.0000
ADV epoch=171/200 g_loss=0.4360 d_loss=0.0000 reward=0.5812 reward_var=0.0002 unique=1.0000
ADV epoch=172/200 g_loss=0.4334 d_loss=0.0000 reward=0.5822 reward_var=0.0002 unique=1.0000
ADV epoch=173/200 g_loss=0.4405 d_loss=0.0000 reward=0.5815 reward_var=0.0002 unique=1.0000
ADV epoch=174/200 g_loss=0.4492 d_loss=0.0000 reward=0.5840 reward_var=0.0003 unique=1.0000
ADV epoch=175/200 g_loss=0.4492 d_loss=0.0000 reward=0.5843 reward_var=0.0002 unique=1.0000
ADV epoch=176/200 g_loss=0.4782 d_loss=0.0000 reward=0.5823 reward_var=0.0002 unique=1.0000
ADV epoch=177/200 g_loss=0.4545 d_loss=0.0000 reward=0.5841 reward_var=0.0002 unique=1.0000
ADV epoch=178/200 g_loss=0.4930 d_loss=0.0000 reward=0.5824 reward_var=0.0002 unique=1.0000
ADV epoch=179/200 g_loss=0.4652 d_loss=0.0000 reward=0.5826 reward_var=0.0002 unique=1.0000
ADV epoch=180/200 g_loss=0.4931 d_loss=0.0000 reward=0.5835 reward_var=0.0002 unique=1.0000
ADV epoch=181/200 g_loss=0.4901 d_loss=0.0000 reward=0.5797 reward_var=0.0002 unique=1.0000
ADV epoch=182/200 g_loss=0.4915 d_loss=0.0000 reward=0.5804 reward_var=0.0003 unique=1.0000
ADV epoch=183/200 g_loss=0.4771 d_loss=0.0000 reward=0.5773 reward_var=0.0003 unique=1.0000
ADV epoch=184/200 g_loss=0.5184 d_loss=0.0000 reward=0.5750 reward_var=0.0003 unique=1.0000
ADV epoch=185/200 g_loss=0.4710 d_loss=0.0000 reward=0.5768 reward_var=0.0002 unique=1.0000
ADV epoch=186/200 g_loss=0.4851 d_loss=0.0000 reward=0.5715 reward_var=0.0004 unique=1.0000
ADV epoch=187/200 g_loss=0.4175 d_loss=0.0000 reward=0.5733 reward_var=0.0003 unique=1.0000
ADV epoch=188/200 g_loss=0.4825 d_loss=0.0000 reward=0.5722 reward_var=0.0004 unique=1.0000
ADV epoch=189/200 g_loss=0.4237 d_loss=0.0000 reward=0.5718 reward_var=0.0003 unique=1.0000
ADV epoch=190/200 g_loss=0.4313 d_loss=0.0000 reward=0.5707 reward_var=0.0005 unique=1.0000
ADV epoch=191/200 g_loss=0.4265 d_loss=0.0000 reward=0.5710 reward_var=0.0003 unique=0.9800
ADV epoch=192/200 g_loss=0.4655 d_loss=0.0000 reward=0.5677 reward_var=0.0004 unique=1.0000
ADV epoch=193/200 g_loss=0.3998 d_loss=0.0000 reward=0.5646 reward_var=0.0004 unique=0.9600
ADV epoch=194/200 g_loss=0.3668 d_loss=0.0000 reward=0.5683 reward_var=0.0004 unique=0.9000
ADV epoch=195/200 g_loss=0.4376 d_loss=0.0000 reward=0.5642 reward_var=0.0005 unique=0.9800
ADV epoch=196/200 g_loss=0.3449 d_loss=0.0000 reward=0.5677 reward_var=0.0004 unique=0.9800
ADV epoch=197/200 g_loss=0.3806 d_loss=0.0000 reward=0.5683 reward_var=0.0003 unique=0.9800
ADV epoch=198/200 g_loss=0.4158 d_loss=0.0000 reward=0.5675 reward_var=0.0004 unique=1.0000
ADV epoch=199/200 g_loss=0.4230 d_loss=0.0000 reward=0.5649 reward_var=0.0003 unique=1.0000
ADV epoch=200/200 g_loss=0.4221 d_loss=0.0000 reward=0.5672 reward_var=0.0003 unique=1.0000
saved 2000 raw samples to /content/drive/MyDrive/GAN/GAN_for_SQLi/result/phase3/seqgan_improved/union/F/R500/V3/generated_payloads.csv
