{
  "metric_schema_version": "quality-metrics-v3",
  "normalization_version": "nfkc_html_percent1_casefold_ws_quotes_v1",
  "seed": 88,
  "method": "seqgan_master",
  "family": "boolean",
  "scenario": "E",
  "ratio": "200",
  "generation_kind": "direct",
  "schema_valid": true,
  "stop_reason": "n/a",
  "n_generated": 500,
  "unique_rate": 1.0,
  "normalized_unique_rate": 1.0,
  "duplicate_rate": 0.0,
  "model_collapse_rate": 0.0,
  "dominant_payload_share": 0.002,
  "normalized_dominant_payload_share": 0.002,
  "sql_parse_rate": 1.0,
  "sql_structure_rate": 0.1,
  "family_motif_coverage": 0.25,
  "family_motif_hit_rate": 0.022,
  "garbage_rate": 0.9,
  "wellformed_rate": 1.0,
  "shaped_rate": 0.1,
  "family_motif_coverage_by_family": {
    "boolean": 0.25
  },
  "family_motif_hit_rate_by_family": {
    "boolean": 0.022
  },
  "inferred_family_distribution": {
    "boolean": 0.022,
    "union": 0.0,
    "time": 0.0,
    "error": 0.0,
    "other": 0.978
  },
  "train_reference_count": 78,
  "holdout_reference_count": 917,
  "exact_input_overlap": 0.0,
  "normalized_input_overlap": 0.0,
  "holdout_overlap": 0.0,
  "normalized_holdout_overlap": 0.0,
  "nearest_input_similarity_mean": 0.08153313516688017,
  "nearest_input_similarity_median": 0.07142857142857142,
  "nearest_input_similarity_p90": 0.14814814814814814,
  "nearest_char3_jaccard_mean": 0.08153313516688017,
  "nearest_char3_jaccard_median": 0.07142857142857142,
  "nearest_char3_jaccard_p90": 0.14814814814814814,
  "nearest_token_jaccard_mean": 0.1354481357559746,
  "nearest_token_jaccard_median": 0.1111111111111111,
  "nearest_token_jaccard_p90": 0.2727272727272727,
  "nearest_edit_similarity_mean": 0.20541007969325745,
  "nearest_edit_similarity_median": 0.19999999999999996,
  "nearest_edit_similarity_p90": 0.33333333333333337,
  "nearest_feature_cosine_mean": 0.7751204308125194,
  "nearest_feature_cosine_median": 0.8096938192060017,
  "nearest_feature_cosine_p90": 0.9355308559132057,
  "nearest_input_distance_mean": 0.9184668648331199,
  "nearest_input_distance_median": 0.9285714285714286,
  "nearest_input_distance_p90": 0.9696969696969697,
  "mean_nearest_similarity": 0.08153313516688017,
  "median_nearest_similarity": 0.07142857142857142,
  "p90_nearest_similarity": 0.14814814814814814,
  "unique_nearest_payload_rate": 0.094,
  "dominant_retrieved_payload_share": 0.134,
  "nearest_reference_count": 78,
  "distinct_1": 0.25664451827242524,
  "distinct_2": 0.6477987421383647,
  "distinct_3": 0.8902266288951841,
  "lexical_diversity": 0.25664451827242524,
  "character_diversity": 0.7853988652982593,
  "token_diversity": 0.676490702377609,
  "keyword_diversity": 0.676256007557276,
  "operator_diversity": 0.6711018049258701,
  "function_diversity": 0.9726583886968343,
  "comment_style_diversity": 0.6666666666666666,
  "length_zone_diversity": 0.2,
  "self_bleu": 0.7312289654729224,
  "self_bleu_char": 0.7312289654729224,
  "requested_count": 500,
  "generated_count_fraction": 1.0
}
