{
  "metric_schema_version": "quality-metrics-v3",
  "normalization_version": "nfkc_html_percent1_casefold_ws_quotes_v1",
  "seed": 88,
  "method": "seqgan_improved",
  "family": "error",
  "scenario": "D",
  "ratio": "200",
  "generation_kind": "direct",
  "schema_valid": true,
  "stop_reason": "n/a",
  "n_generated": 500,
  "unique_rate": 0.982,
  "normalized_unique_rate": 0.974,
  "duplicate_rate": 0.018000000000000016,
  "model_collapse_rate": 0.018000000000000016,
  "dominant_payload_share": 0.006,
  "normalized_dominant_payload_share": 0.008,
  "sql_parse_rate": 1.0,
  "sql_structure_rate": 0.416,
  "family_motif_coverage": 0.625,
  "family_motif_hit_rate": 0.23,
  "garbage_rate": 0.5840000000000001,
  "wellformed_rate": 1.0,
  "shaped_rate": 0.416,
  "family_motif_coverage_by_family": {
    "error": 0.625
  },
  "family_motif_hit_rate_by_family": {
    "error": 0.23
  },
  "inferred_family_distribution": {
    "boolean": 0.0,
    "union": 0.034,
    "time": 0.0,
    "error": 0.23,
    "other": 0.736
  },
  "train_reference_count": 78,
  "holdout_reference_count": 259,
  "exact_input_overlap": 0.002,
  "normalized_input_overlap": 0.002,
  "holdout_overlap": 0.0,
  "normalized_holdout_overlap": 0.0,
  "nearest_input_similarity_mean": 0.2493257178395553,
  "nearest_input_similarity_median": 0.06414285714285714,
  "nearest_input_similarity_p90": 0.8639809583129421,
  "nearest_char3_jaccard_mean": 0.2493257178395553,
  "nearest_char3_jaccard_median": 0.06414285714285714,
  "nearest_char3_jaccard_p90": 0.8639809583129421,
  "nearest_token_jaccard_mean": 0.1410159867655437,
  "nearest_token_jaccard_median": 0.1,
  "nearest_token_jaccard_p90": 0.4,
  "nearest_edit_similarity_mean": 0.2757197147255525,
  "nearest_edit_similarity_median": 0.09629629629629632,
  "nearest_edit_similarity_p90": 0.9088038277511962,
  "nearest_feature_cosine_mean": 0.7086676711231438,
  "nearest_feature_cosine_median": 0.7151889748327614,
  "nearest_feature_cosine_p90": 0.9986180277111505,
  "nearest_input_distance_mean": 0.7506742821604447,
  "nearest_input_distance_median": 0.9358571428571428,
  "nearest_input_distance_p90": 1.0,
  "mean_nearest_similarity": 0.2493257178395553,
  "median_nearest_similarity": 0.06414285714285714,
  "p90_nearest_similarity": 0.8639809583129421,
  "unique_nearest_payload_rate": 0.122,
  "dominant_retrieved_payload_share": 0.186,
  "nearest_reference_count": 78,
  "distinct_1": 0.2839506172839506,
  "distinct_2": 0.7172379032258065,
  "distinct_3": 0.9123028391167193,
  "lexical_diversity": 0.2839506172839506,
  "character_diversity": 0.7825765801781542,
  "token_diversity": 0.7530220200387865,
  "keyword_diversity": 0.9274086768991981,
  "operator_diversity": 0.7644058186522849,
  "function_diversity": 0.6815210663046035,
  "comment_style_diversity": 0.6666666666666666,
  "length_zone_diversity": 1.0,
  "self_bleu": 0.6265188267446586,
  "self_bleu_char": 0.6265188267446586,
  "requested_count": 500,
  "generated_count_fraction": 1.0
}
