
[1/3] pretrain G
G epoch=1/60 loss=5.5150
G epoch=2/60 loss=5.4218
G epoch=3/60 loss=5.3056
G epoch=4/60 loss=5.1273
G epoch=5/60 loss=4.9003
G epoch=6/60 loss=4.6500
G epoch=7/60 loss=4.3628
G epoch=8/60 loss=4.1033
G epoch=9/60 loss=3.9350
G epoch=10/60 loss=3.8717
G epoch=11/60 loss=3.8459
G epoch=12/60 loss=3.6738
G epoch=13/60 loss=3.6825
G epoch=14/60 loss=3.6744
G epoch=15/60 loss=3.5715
G epoch=16/60 loss=3.5879
G epoch=17/60 loss=3.4841
G epoch=18/60 loss=3.4556
G epoch=19/60 loss=3.4224
G epoch=20/60 loss=3.3941
G epoch=21/60 loss=3.3436
G epoch=22/60 loss=3.3334
G epoch=23/60 loss=3.2433
G epoch=24/60 loss=3.1794
G epoch=25/60 loss=3.0977
G epoch=26/60 loss=3.0926
G epoch=27/60 loss=3.0766
G epoch=28/60 loss=3.0197
G epoch=29/60 loss=2.9738
G epoch=30/60 loss=2.9167
G epoch=31/60 loss=2.8167
G epoch=32/60 loss=2.7940
G epoch=33/60 loss=2.7815
G epoch=34/60 loss=2.7000
G epoch=35/60 loss=2.7477
G epoch=36/60 loss=2.7154
G epoch=37/60 loss=2.6868
G epoch=38/60 loss=2.5696
G epoch=39/60 loss=2.5853
G epoch=40/60 loss=2.5765
G epoch=41/60 loss=2.5383
G epoch=42/60 loss=2.4713
G epoch=43/60 loss=2.4255
G epoch=44/60 loss=2.4233
G epoch=45/60 loss=2.3876
G epoch=46/60 loss=2.3211
G epoch=47/60 loss=2.3214
G epoch=48/60 loss=2.2773
G epoch=49/60 loss=2.2719
G epoch=50/60 loss=2.2573
G epoch=51/60 loss=2.1834
G epoch=52/60 loss=2.2234
G epoch=53/60 loss=2.1683
G epoch=54/60 loss=2.1332
G epoch=55/60 loss=2.1670
G epoch=56/60 loss=2.0688
G epoch=57/60 loss=2.0779
G epoch=58/60 loss=2.0056
G epoch=59/60 loss=2.0281
G epoch=60/60 loss=1.9815

[2/3] pretrain D
D step=1/30 epoch=1/3 loss=0.7692 l2=0.2000 label_smoothing=0.050
D step=1/30 epoch=2/3 loss=0.7470 l2=0.2000 label_smoothing=0.050
D step=1/30 epoch=3/3 loss=0.7417 l2=0.2000 label_smoothing=0.050
D step=2/30 epoch=1/3 loss=0.7397 l2=0.2000 label_smoothing=0.050
D step=2/30 epoch=2/3 loss=0.6955 l2=0.2000 label_smoothing=0.050
D step=2/30 epoch=3/3 loss=0.6720 l2=0.2000 label_smoothing=0.050
D step=3/30 epoch=1/3 loss=0.6330 l2=0.2000 label_smoothing=0.050
D step=3/30 epoch=2/3 loss=0.6407 l2=0.2000 label_smoothing=0.050
D step=3/30 epoch=3/3 loss=0.6144 l2=0.2000 label_smoothing=0.050
D step=4/30 epoch=1/3 loss=0.6115 l2=0.2000 label_smoothing=0.050
D step=4/30 epoch=2/3 loss=0.5809 l2=0.2000 label_smoothing=0.050
D step=4/30 epoch=3/3 loss=0.5584 l2=0.2000 label_smoothing=0.050
D step=5/30 epoch=1/3 loss=0.5574 l2=0.2000 label_smoothing=0.050
D step=5/30 epoch=2/3 loss=0.5289 l2=0.2000 label_smoothing=0.050
D step=5/30 epoch=3/3 loss=0.5177 l2=0.2000 label_smoothing=0.050
D step=6/30 epoch=1/3 loss=0.4966 l2=0.2000 label_smoothing=0.050
D step=6/30 epoch=2/3 loss=0.4817 l2=0.2000 label_smoothing=0.050
D step=6/30 epoch=3/3 loss=0.4744 l2=0.2000 label_smoothing=0.050
D step=7/30 epoch=1/3 loss=0.4675 l2=0.2000 label_smoothing=0.050
D step=7/30 epoch=2/3 loss=0.4665 l2=0.2000 label_smoothing=0.050
D step=7/30 epoch=3/3 loss=0.4408 l2=0.2000 label_smoothing=0.050
D step=8/30 epoch=1/3 loss=0.4261 l2=0.2000 label_smoothing=0.050
D step=8/30 epoch=2/3 loss=0.4163 l2=0.2000 label_smoothing=0.050
D step=8/30 epoch=3/3 loss=0.3918 l2=0.2000 label_smoothing=0.050
D step=9/30 epoch=1/3 loss=0.3837 l2=0.2000 label_smoothing=0.050
D step=9/30 epoch=2/3 loss=0.3890 l2=0.2000 label_smoothing=0.050
D step=9/30 epoch=3/3 loss=0.3784 l2=0.2000 label_smoothing=0.050
D step=10/30 epoch=1/3 loss=0.3586 l2=0.2000 label_smoothing=0.050
D step=10/30 epoch=2/3 loss=0.3549 l2=0.2000 label_smoothing=0.050
D step=10/30 epoch=3/3 loss=0.3397 l2=0.2000 label_smoothing=0.050
D step=11/30 epoch=1/3 loss=0.3089 l2=0.2000 label_smoothing=0.050
D step=11/30 epoch=2/3 loss=0.3065 l2=0.2000 label_smoothing=0.050
D step=11/30 epoch=3/3 loss=0.3114 l2=0.2000 label_smoothing=0.050
D step=12/30 epoch=1/3 loss=0.3155 l2=0.2000 label_smoothing=0.050
D step=12/30 epoch=2/3 loss=0.3192 l2=0.2000 label_smoothing=0.050
D step=12/30 epoch=3/3 loss=0.3072 l2=0.2000 label_smoothing=0.050
D step=13/30 epoch=1/3 loss=0.2868 l2=0.2000 label_smoothing=0.050
D step=13/30 epoch=2/3 loss=0.2873 l2=0.2000 label_smoothing=0.050
D step=13/30 epoch=3/3 loss=0.2731 l2=0.2000 label_smoothing=0.050
D step=14/30 epoch=1/3 loss=0.3019 l2=0.2000 label_smoothing=0.050
D step=14/30 epoch=2/3 loss=0.2961 l2=0.2000 label_smoothing=0.050
D step=14/30 epoch=3/3 loss=0.2836 l2=0.2000 label_smoothing=0.050
D step=15/30 epoch=1/3 loss=0.2778 l2=0.2000 label_smoothing=0.050
D step=15/30 epoch=2/3 loss=0.2774 l2=0.2000 label_smoothing=0.050
D step=15/30 epoch=3/3 loss=0.2740 l2=0.2000 label_smoothing=0.050
D step=16/30 epoch=1/3 loss=0.2890 l2=0.2000 label_smoothing=0.050
D step=16/30 epoch=2/3 loss=0.2821 l2=0.2000 label_smoothing=0.050
D step=16/30 epoch=3/3 loss=0.2788 l2=0.2000 label_smoothing=0.050
D step=17/30 epoch=1/3 loss=0.2533 l2=0.2000 label_smoothing=0.050
D step=17/30 epoch=2/3 loss=0.2501 l2=0.2000 label_smoothing=0.050
D step=17/30 epoch=3/3 loss=0.2461 l2=0.2000 label_smoothing=0.050
D step=18/30 epoch=1/3 loss=0.2430 l2=0.2000 label_smoothing=0.050
D step=18/30 epoch=2/3 loss=0.2367 l2=0.2000 label_smoothing=0.050
D step=18/30 epoch=3/3 loss=0.2362 l2=0.2000 label_smoothing=0.050
D step=19/30 epoch=1/3 loss=0.2394 l2=0.2000 label_smoothing=0.050
D step=19/30 epoch=2/3 loss=0.2364 l2=0.2000 label_smoothing=0.050
D step=19/30 epoch=3/3 loss=0.2343 l2=0.2000 label_smoothing=0.050
D step=20/30 epoch=1/3 loss=0.2297 l2=0.2000 label_smoothing=0.050
D step=20/30 epoch=2/3 loss=0.2280 l2=0.2000 label_smoothing=0.050
D step=20/30 epoch=3/3 loss=0.2267 l2=0.2000 label_smoothing=0.050
D step=21/30 epoch=1/3 loss=0.2350 l2=0.2000 label_smoothing=0.050
D step=21/30 epoch=2/3 loss=0.2344 l2=0.2000 label_smoothing=0.050
D step=21/30 epoch=3/3 loss=0.2288 l2=0.2000 label_smoothing=0.050
D step=22/30 epoch=1/3 loss=0.2371 l2=0.2000 label_smoothing=0.050
D step=22/30 epoch=2/3 loss=0.2409 l2=0.2000 label_smoothing=0.050
D step=22/30 epoch=3/3 loss=0.2371 l2=0.2000 label_smoothing=0.050
D step=23/30 epoch=1/3 loss=0.2261 l2=0.2000 label_smoothing=0.050
D step=23/30 epoch=2/3 loss=0.2279 l2=0.2000 label_smoothing=0.050
D step=23/30 epoch=3/3 loss=0.2274 l2=0.2000 label_smoothing=0.050
D step=24/30 epoch=1/3 loss=0.2303 l2=0.2000 label_smoothing=0.050
D step=24/30 epoch=2/3 loss=0.2280 l2=0.2000 label_smoothing=0.050
D step=24/30 epoch=3/3 loss=0.2272 l2=0.2000 label_smoothing=0.050
D step=25/30 epoch=1/3 loss=0.2204 l2=0.2000 label_smoothing=0.050
D step=25/30 epoch=2/3 loss=0.2173 l2=0.2000 label_smoothing=0.050
D step=25/30 epoch=3/3 loss=0.2150 l2=0.2000 label_smoothing=0.050
D step=26/30 epoch=1/3 loss=0.2155 l2=0.2000 label_smoothing=0.050
D step=26/30 epoch=2/3 loss=0.2134 l2=0.2000 label_smoothing=0.050
D step=26/30 epoch=3/3 loss=0.2069 l2=0.2000 label_smoothing=0.050
D step=27/30 epoch=1/3 loss=0.2069 l2=0.2000 label_smoothing=0.050
D step=27/30 epoch=2/3 loss=0.2074 l2=0.2000 label_smoothing=0.050
D step=27/30 epoch=3/3 loss=0.2074 l2=0.2000 label_smoothing=0.050
D step=28/30 epoch=1/3 loss=0.2068 l2=0.2000 label_smoothing=0.050
D step=28/30 epoch=2/3 loss=0.2059 l2=0.2000 label_smoothing=0.050
D step=28/30 epoch=3/3 loss=0.2054 l2=0.2000 label_smoothing=0.050
D step=29/30 epoch=1/3 loss=0.2016 l2=0.2000 label_smoothing=0.050
D step=29/30 epoch=2/3 loss=0.2021 l2=0.2000 label_smoothing=0.050
D step=29/30 epoch=3/3 loss=0.1996 l2=0.2000 label_smoothing=0.050
D step=30/30 epoch=1/3 loss=0.2120 l2=0.2000 label_smoothing=0.050
D step=30/30 epoch=2/3 loss=0.2069 l2=0.2000 label_smoothing=0.050
D step=30/30 epoch=3/3 loss=0.2065 l2=0.2000 label_smoothing=0.050

[3/3] adversarial
generator_reward_mode=off reward_alpha=1.000 d_steps=5 d_epochs=3
D step=1/5 epoch=1/3 loss=0.2214 l2=0.2000 label_smoothing=0.050
D step=1/5 epoch=2/3 loss=0.2137 l2=0.2000 label_smoothing=0.050
D step=1/5 epoch=3/3 loss=0.2072 l2=0.2000 label_smoothing=0.050
D step=2/5 epoch=1/3 loss=0.2099 l2=0.2000 label_smoothing=0.050
D step=2/5 epoch=2/3 loss=0.2061 l2=0.2000 label_smoothing=0.050
D step=2/5 epoch=3/3 loss=0.2050 l2=0.2000 label_smoothing=0.050
D step=3/5 epoch=1/3 loss=0.2056 l2=0.2000 label_smoothing=0.050
D step=3/5 epoch=2/3 loss=0.2023 l2=0.2000 label_smoothing=0.050
D step=3/5 epoch=3/3 loss=0.1994 l2=0.2000 label_smoothing=0.050
D step=4/5 epoch=1/3 loss=0.1987 l2=0.2000 label_smoothing=0.050
D step=4/5 epoch=2/3 loss=0.1954 l2=0.2000 label_smoothing=0.050
D step=4/5 epoch=3/3 loss=0.1902 l2=0.2000 label_smoothing=0.050
D step=5/5 epoch=1/3 loss=0.1943 l2=0.2000 label_smoothing=0.050
D step=5/5 epoch=2/3 loss=0.1914 l2=0.2000 label_smoothing=0.050
D step=5/5 epoch=3/3 loss=0.1880 l2=0.2000 label_smoothing=0.050
ADV epoch=1/60 g_loss=0.0565 d_loss=0.2019 reward=0.0202 reward_var=0.0004 unique=1.0000
D step=1/5 epoch=1/3 loss=0.2054 l2=0.2000 label_smoothing=0.050
D step=1/5 epoch=2/3 loss=0.1998 l2=0.2000 label_smoothing=0.050
D step=1/5 epoch=3/3 loss=0.1951 l2=0.2000 label_smoothing=0.050
D step=2/5 epoch=1/3 loss=0.2023 l2=0.2000 label_smoothing=0.050
D step=2/5 epoch=2/3 loss=0.1946 l2=0.2000 label_smoothing=0.050
D step=2/5 epoch=3/3 loss=0.1911 l2=0.2000 label_smoothing=0.050
D step=3/5 epoch=1/3 loss=0.1968 l2=0.2000 label_smoothing=0.050
D step=3/5 epoch=2/3 loss=0.1903 l2=0.2000 label_smoothing=0.050
D step=3/5 epoch=3/3 loss=0.1855 l2=0.2000 label_smoothing=0.050
D step=4/5 epoch=1/3 loss=0.1841 l2=0.2000 label_smoothing=0.050
D step=4/5 epoch=2/3 loss=0.1814 l2=0.2000 label_smoothing=0.050
D step=4/5 epoch=3/3 loss=0.1815 l2=0.2000 label_smoothing=0.050
D step=5/5 epoch=1/3 loss=0.1814 l2=0.2000 label_smoothing=0.050
D step=5/5 epoch=2/3 loss=0.1783 l2=0.2000 label_smoothing=0.050
D step=5/5 epoch=3/3 loss=0.1772 l2=0.2000 label_smoothing=0.050
ADV epoch=2/60 g_loss=0.0649 d_loss=0.1896 reward=0.0220 reward_var=0.0003 unique=1.0000
D step=1/5 epoch=1/3 loss=0.1818 l2=0.2000 label_smoothing=0.050
D step=1/5 epoch=2/3 loss=0.1792 l2=0.2000 label_smoothing=0.050
D step=1/5 epoch=3/3 loss=0.1770 l2=0.2000 label_smoothing=0.050
D step=2/5 epoch=1/3 loss=0.1811 l2=0.2000 label_smoothing=0.050
D step=2/5 epoch=2/3 loss=0.1776 l2=0.2000 label_smoothing=0.050
D step=2/5 epoch=3/3 loss=0.1758 l2=0.2000 label_smoothing=0.050
D step=3/5 epoch=1/3 loss=0.1746 l2=0.2000 label_smoothing=0.050
D step=3/5 epoch=2/3 loss=0.1731 l2=0.2000 label_smoothing=0.050
D step=3/5 epoch=3/3 loss=0.1718 l2=0.2000 label_smoothing=0.050
D step=4/5 epoch=1/3 loss=0.1737 l2=0.2000 label_smoothing=0.050
D step=4/5 epoch=2/3 loss=0.1735 l2=0.2000 label_smoothing=0.050
D step=4/5 epoch=3/3 loss=0.1717 l2=0.2000 label_smoothing=0.050
D step=5/5 epoch=1/3 loss=0.1682 l2=0.2000 label_smoothing=0.050
D step=5/5 epoch=2/3 loss=0.1675 l2=0.2000 label_smoothing=0.050
D step=5/5 epoch=3/3 loss=0.1674 l2=0.2000 label_smoothing=0.050
ADV epoch=3/60 g_loss=0.0574 d_loss=0.1743 reward=0.0181 reward_var=0.0003 unique=1.0000
saved 500 raw samples to /content/drive/MyDrive/GAN/GAN_SQLi_Colab/results_seqgan_phase2b_phase3/phase3/seqgan_improved/error/D/R200/V2/generated_payloads.csv
