
[1/3] pretrain G
G epoch=1/60 loss=4.6007
G epoch=2/60 loss=4.4531
G epoch=3/60 loss=4.2867
G epoch=4/60 loss=4.0854
G epoch=5/60 loss=3.8450
G epoch=6/60 loss=3.5749
G epoch=7/60 loss=3.3021
G epoch=8/60 loss=3.0602
G epoch=9/60 loss=2.8699
G epoch=10/60 loss=2.7334
G epoch=11/60 loss=2.6333
G epoch=12/60 loss=2.5484
G epoch=13/60 loss=2.4675
G epoch=14/60 loss=2.3866
G epoch=15/60 loss=2.3049
G epoch=16/60 loss=2.2250
G epoch=17/60 loss=2.1505
G epoch=18/60 loss=2.0826
G epoch=19/60 loss=2.0197
G epoch=20/60 loss=1.9600
G epoch=21/60 loss=1.9026
G epoch=22/60 loss=1.8460
G epoch=23/60 loss=1.7884
G epoch=24/60 loss=1.7313
G epoch=25/60 loss=1.6755
G epoch=26/60 loss=1.6218
G epoch=27/60 loss=1.5704
G epoch=28/60 loss=1.5211
G epoch=29/60 loss=1.4735
G epoch=30/60 loss=1.4271
G epoch=31/60 loss=1.3824
G epoch=32/60 loss=1.3403
G epoch=33/60 loss=1.3002
G epoch=34/60 loss=1.2613
G epoch=35/60 loss=1.2233
G epoch=36/60 loss=1.1860
G epoch=37/60 loss=1.1512
G epoch=38/60 loss=1.1169
G epoch=39/60 loss=1.0848
G epoch=40/60 loss=1.0543
G epoch=41/60 loss=1.0246
G epoch=42/60 loss=0.9958
G epoch=43/60 loss=0.9690
G epoch=44/60 loss=0.9443
G epoch=45/60 loss=0.9220
G epoch=46/60 loss=0.8987
G epoch=47/60 loss=0.8761
G epoch=48/60 loss=0.8530
G epoch=49/60 loss=0.8358
G epoch=50/60 loss=0.8152
G epoch=51/60 loss=0.7975
G epoch=52/60 loss=0.7753
G epoch=53/60 loss=0.7633
G epoch=54/60 loss=0.7419
G epoch=55/60 loss=0.7290
G epoch=56/60 loss=0.7105
G epoch=57/60 loss=0.6967
G epoch=58/60 loss=0.6800
G epoch=59/60 loss=0.6669
G epoch=60/60 loss=0.6526

[2/3] pretrain D

[3/3] adversarial
generator_reward_mode=off reward_alpha=1.000 d_steps=5 d_epochs=3
ADV epoch=1/60 g_loss=0.5959 d_loss=0.0000 reward=0.5173 reward_var=0.0006 unique=1.0000
ADV epoch=2/60 g_loss=0.6336 d_loss=0.0000 reward=0.5215 reward_var=0.0007 unique=1.0000
ADV epoch=3/60 g_loss=0.6183 d_loss=0.0000 reward=0.5176 reward_var=0.0006 unique=1.0000
ADV epoch=4/60 g_loss=0.6495 d_loss=0.0000 reward=0.5214 reward_var=0.0005 unique=1.0000
ADV epoch=5/60 g_loss=0.6746 d_loss=0.0000 reward=0.5204 reward_var=0.0005 unique=1.0000
ADV epoch=6/60 g_loss=0.6244 d_loss=0.0000 reward=0.5205 reward_var=0.0005 unique=1.0000
ADV epoch=7/60 g_loss=0.6309 d_loss=0.0000 reward=0.5207 reward_var=0.0005 unique=1.0000
ADV epoch=8/60 g_loss=0.6245 d_loss=0.0000 reward=0.5244 reward_var=0.0004 unique=1.0000
ADV epoch=9/60 g_loss=0.6661 d_loss=0.0000 reward=0.5249 reward_var=0.0005 unique=1.0000
ADV epoch=10/60 g_loss=0.6923 d_loss=0.0000 reward=0.5222 reward_var=0.0005 unique=1.0000
ADV epoch=11/60 g_loss=0.6414 d_loss=0.0000 reward=0.5227 reward_var=0.0005 unique=1.0000
ADV epoch=12/60 g_loss=0.6461 d_loss=0.0000 reward=0.5231 reward_var=0.0007 unique=1.0000
ADV epoch=13/60 g_loss=0.6711 d_loss=0.0000 reward=0.5269 reward_var=0.0005 unique=1.0000
ADV epoch=14/60 g_loss=0.6648 d_loss=0.0000 reward=0.5210 reward_var=0.0006 unique=1.0000
ADV epoch=15/60 g_loss=0.6448 d_loss=0.0000 reward=0.5232 reward_var=0.0005 unique=1.0000
ADV epoch=16/60 g_loss=0.6571 d_loss=0.0000 reward=0.5220 reward_var=0.0004 unique=1.0000
ADV epoch=17/60 g_loss=0.6598 d_loss=0.0000 reward=0.5176 reward_var=0.0006 unique=1.0000
ADV epoch=18/60 g_loss=0.6750 d_loss=0.0000 reward=0.5214 reward_var=0.0006 unique=1.0000
ADV epoch=19/60 g_loss=0.6945 d_loss=0.0000 reward=0.5222 reward_var=0.0005 unique=1.0000
ADV epoch=20/60 g_loss=0.6966 d_loss=0.0000 reward=0.5172 reward_var=0.0006 unique=1.0000
ADV epoch=21/60 g_loss=0.6748 d_loss=0.0000 reward=0.5228 reward_var=0.0006 unique=1.0000
ADV epoch=22/60 g_loss=0.6940 d_loss=0.0000 reward=0.5232 reward_var=0.0005 unique=1.0000
ADV epoch=23/60 g_loss=0.6670 d_loss=0.0000 reward=0.5157 reward_var=0.0006 unique=1.0000
ADV epoch=24/60 g_loss=0.6497 d_loss=0.0000 reward=0.5180 reward_var=0.0005 unique=1.0000
ADV epoch=25/60 g_loss=0.6488 d_loss=0.0000 reward=0.5142 reward_var=0.0006 unique=1.0000
ADV epoch=26/60 g_loss=0.6610 d_loss=0.0000 reward=0.5173 reward_var=0.0006 unique=1.0000
ADV epoch=27/60 g_loss=0.6909 d_loss=0.0000 reward=0.5159 reward_var=0.0005 unique=1.0000
ADV epoch=28/60 g_loss=0.6881 d_loss=0.0000 reward=0.5180 reward_var=0.0005 unique=1.0000
ADV epoch=29/60 g_loss=0.6643 d_loss=0.0000 reward=0.5159 reward_var=0.0005 unique=1.0000
ADV epoch=30/60 g_loss=0.6921 d_loss=0.0000 reward=0.5198 reward_var=0.0006 unique=1.0000
ADV epoch=31/60 g_loss=0.7272 d_loss=0.0000 reward=0.5208 reward_var=0.0006 unique=1.0000
ADV epoch=32/60 g_loss=0.6887 d_loss=0.0000 reward=0.5199 reward_var=0.0008 unique=1.0000
ADV epoch=33/60 g_loss=0.6778 d_loss=0.0000 reward=0.5207 reward_var=0.0007 unique=1.0000
ADV epoch=34/60 g_loss=0.6797 d_loss=0.0000 reward=0.5217 reward_var=0.0005 unique=1.0000
ADV epoch=35/60 g_loss=0.7063 d_loss=0.0000 reward=0.5242 reward_var=0.0006 unique=1.0000
ADV epoch=36/60 g_loss=0.7298 d_loss=0.0000 reward=0.5273 reward_var=0.0005 unique=1.0000
ADV epoch=37/60 g_loss=0.7206 d_loss=0.0000 reward=0.5249 reward_var=0.0005 unique=1.0000
ADV epoch=38/60 g_loss=0.7519 d_loss=0.0000 reward=0.5286 reward_var=0.0005 unique=1.0000
ADV epoch=39/60 g_loss=0.7491 d_loss=0.0000 reward=0.5257 reward_var=0.0005 unique=1.0000
ADV epoch=40/60 g_loss=0.7526 d_loss=0.0000 reward=0.5317 reward_var=0.0005 unique=1.0000
ADV epoch=41/60 g_loss=0.7312 d_loss=0.0000 reward=0.5267 reward_var=0.0005 unique=1.0000
ADV epoch=42/60 g_loss=0.7503 d_loss=0.0000 reward=0.5315 reward_var=0.0005 unique=1.0000
ADV epoch=43/60 g_loss=0.7546 d_loss=0.0000 reward=0.5331 reward_var=0.0004 unique=1.0000
ADV epoch=44/60 g_loss=0.7134 d_loss=0.0000 reward=0.5351 reward_var=0.0003 unique=1.0000
ADV epoch=45/60 g_loss=0.7623 d_loss=0.0000 reward=0.5344 reward_var=0.0004 unique=1.0000
ADV epoch=46/60 g_loss=0.8009 d_loss=0.0000 reward=0.5385 reward_var=0.0004 unique=1.0000
ADV epoch=47/60 g_loss=0.7396 d_loss=0.0000 reward=0.5411 reward_var=0.0004 unique=1.0000
ADV epoch=48/60 g_loss=0.7343 d_loss=0.0000 reward=0.5382 reward_var=0.0005 unique=1.0000
ADV epoch=49/60 g_loss=0.7393 d_loss=0.0000 reward=0.5370 reward_var=0.0005 unique=1.0000
ADV epoch=50/60 g_loss=0.7758 d_loss=0.0000 reward=0.5433 reward_var=0.0004 unique=1.0000
ADV epoch=51/60 g_loss=0.7741 d_loss=0.0000 reward=0.5431 reward_var=0.0003 unique=1.0000
ADV epoch=52/60 g_loss=0.7376 d_loss=0.0000 reward=0.5453 reward_var=0.0005 unique=1.0000
ADV epoch=53/60 g_loss=0.7669 d_loss=0.0000 reward=0.5462 reward_var=0.0004 unique=1.0000
ADV epoch=54/60 g_loss=0.7823 d_loss=0.0000 reward=0.5474 reward_var=0.0005 unique=1.0000
ADV epoch=55/60 g_loss=0.7754 d_loss=0.0000 reward=0.5473 reward_var=0.0004 unique=1.0000
ADV epoch=56/60 g_loss=0.7664 d_loss=0.0000 reward=0.5483 reward_var=0.0004 unique=1.0000
ADV epoch=57/60 g_loss=0.7977 d_loss=0.0000 reward=0.5470 reward_var=0.0004 unique=1.0000
ADV epoch=58/60 g_loss=0.7838 d_loss=0.0000 reward=0.5503 reward_var=0.0004 unique=1.0000
ADV epoch=59/60 g_loss=0.7459 d_loss=0.0000 reward=0.5483 reward_var=0.0005 unique=1.0000
ADV epoch=60/60 g_loss=0.7813 d_loss=0.0000 reward=0.5475 reward_var=0.0004 unique=1.0000
saved 500 raw samples to /content/drive/MyDrive/GAN/GAN_SQLi_Colab/results_seqgan_phase2b_phase3/phase2b/seqgan_master/union/D/R500/generated_payloads.csv
