{
  "metric_schema_version": "quality-metrics-v3",
  "normalization_version": "nfkc_html_percent1_casefold_ws_quotes_v1",
  "seed": 88,
  "method": "seqgan_master",
  "family": "union",
  "scenario": "D",
  "ratio": "100",
  "generation_kind": "direct",
  "schema_valid": true,
  "stop_reason": "n/a",
  "n_generated": 2000,
  "unique_rate": 0.026,
  "normalized_unique_rate": 0.024,
  "duplicate_rate": 0.974,
  "model_collapse_rate": 0.974,
  "dominant_payload_share": 0.6545,
  "normalized_dominant_payload_share": 0.6545,
  "sql_parse_rate": 1.0,
  "sql_structure_rate": 0.8195,
  "family_motif_coverage": 0.5,
  "family_motif_hit_rate": 0.789,
  "garbage_rate": 0.1805,
  "wellformed_rate": 1.0,
  "shaped_rate": 0.8195,
  "family_motif_coverage_by_family": {
    "union": 0.5
  },
  "family_motif_hit_rate_by_family": {
    "union": 0.789
  },
  "inferred_family_distribution": {
    "boolean": 0.0,
    "union": 0.789,
    "time": 0.0,
    "error": 0.0,
    "other": 0.211
  },
  "train_reference_count": 156,
  "holdout_reference_count": 419,
  "exact_input_overlap": 0.0,
  "normalized_input_overlap": 0.0,
  "holdout_overlap": 0.0,
  "normalized_holdout_overlap": 0.0,
  "nearest_input_similarity_mean": 0.394062618466983,
  "nearest_input_similarity_median": 0.30357142857142855,
  "nearest_input_similarity_p90": 0.6296296296296297,
  "nearest_char3_jaccard_mean": 0.394062618466983,
  "nearest_char3_jaccard_median": 0.30357142857142855,
  "nearest_char3_jaccard_p90": 0.6296296296296297,
  "nearest_token_jaccard_mean": 0.34589603174603173,
  "nearest_token_jaccard_median": 0.26666666666666666,
  "nearest_token_jaccard_p90": 0.5714285714285714,
  "nearest_edit_similarity_mean": 0.2988633875518867,
  "nearest_edit_similarity_median": 0.28787878787878785,
  "nearest_edit_similarity_p90": 0.32692307692307687,
  "nearest_feature_cosine_mean": 0.9557260186947887,
  "nearest_feature_cosine_median": 0.957758961370911,
  "nearest_feature_cosine_p90": 0.9653626335393652,
  "nearest_input_distance_mean": 0.6059373815330169,
  "nearest_input_distance_median": 0.6964285714285714,
  "nearest_input_distance_p90": 0.6964285714285714,
  "mean_nearest_similarity": 0.394062618466983,
  "median_nearest_similarity": 0.30357142857142855,
  "p90_nearest_similarity": 0.6296296296296297,
  "unique_nearest_payload_rate": 0.006,
  "dominant_retrieved_payload_share": 0.662,
  "nearest_reference_count": 156,
  "distinct_1": 0.004994772912068765,
  "distinct_2": 0.010137691027386897,
  "distinct_3": 0.015187676285528313,
  "lexical_diversity": 0.004994772912068765,
  "character_diversity": 0.8273427033543673,
  "token_diversity": 0.5935044134468078,
  "keyword_diversity": 0.9497761044436949,
  "operator_diversity": 0.39767614960673453,
  "function_diversity": 0.0,
  "comment_style_diversity": 0.0,
  "length_zone_diversity": 0.2,
  "self_bleu": 0.9996993936392816,
  "self_bleu_char": 0.9996993936392816,
  "requested_count": 2000,
  "generated_count_fraction": 1.0
}
