
[1/3] pretrain G
G epoch=1/80 loss=5.5403
G epoch=2/80 loss=5.4382
G epoch=3/80 loss=5.3227
G epoch=4/80 loss=5.1746
G epoch=5/80 loss=4.9704
G epoch=6/80 loss=4.7133
G epoch=7/80 loss=4.4361
G epoch=8/80 loss=4.2182
G epoch=9/80 loss=4.0523
G epoch=10/80 loss=3.9211
G epoch=11/80 loss=3.8429
G epoch=12/80 loss=3.8302
G epoch=13/80 loss=3.7638
G epoch=14/80 loss=3.7182
G epoch=15/80 loss=3.6596
G epoch=16/80 loss=3.5978
G epoch=17/80 loss=3.5792
G epoch=18/80 loss=3.5431
G epoch=19/80 loss=3.4433
G epoch=20/80 loss=3.4183
G epoch=21/80 loss=3.3419
G epoch=22/80 loss=3.3173
G epoch=23/80 loss=3.2360
G epoch=24/80 loss=3.2199
G epoch=25/80 loss=3.1799
G epoch=26/80 loss=3.0962
G epoch=27/80 loss=3.0965
G epoch=28/80 loss=3.0536
G epoch=29/80 loss=3.0245
G epoch=30/80 loss=2.9470
G epoch=31/80 loss=2.9055
G epoch=32/80 loss=2.8627
G epoch=33/80 loss=2.8302
G epoch=34/80 loss=2.7798
G epoch=35/80 loss=2.7694
G epoch=36/80 loss=2.7194
G epoch=37/80 loss=2.6830
G epoch=38/80 loss=2.6217
G epoch=39/80 loss=2.6122
G epoch=40/80 loss=2.5817
G epoch=41/80 loss=2.5240
G epoch=42/80 loss=2.4803
G epoch=43/80 loss=2.4778
G epoch=44/80 loss=2.4112
G epoch=45/80 loss=2.4057
G epoch=46/80 loss=2.3512
G epoch=47/80 loss=2.2967
G epoch=48/80 loss=2.2617
G epoch=49/80 loss=2.2665
G epoch=50/80 loss=2.1996
G epoch=51/80 loss=2.1747
G epoch=52/80 loss=2.1666
G epoch=53/80 loss=2.1307
G epoch=54/80 loss=2.1162
G epoch=55/80 loss=2.0981
G epoch=56/80 loss=2.0626
G epoch=57/80 loss=2.0162
G epoch=58/80 loss=1.9796
G epoch=59/80 loss=1.9536
G epoch=60/80 loss=1.9631
G epoch=61/80 loss=1.9340
G epoch=62/80 loss=1.8647
G epoch=63/80 loss=1.8267
G epoch=64/80 loss=1.8541
G epoch=65/80 loss=1.8097
G epoch=66/80 loss=1.7775
G epoch=67/80 loss=1.7726
G epoch=68/80 loss=1.7208
G epoch=69/80 loss=1.6964
G epoch=70/80 loss=1.6649
G epoch=71/80 loss=1.7064
G epoch=72/80 loss=1.6553
G epoch=73/80 loss=1.6121
G epoch=74/80 loss=1.6130
G epoch=75/80 loss=1.5676
G epoch=76/80 loss=1.5601
G epoch=77/80 loss=1.5519
G epoch=78/80 loss=1.5165
G epoch=79/80 loss=1.5278
G epoch=80/80 loss=1.4875

[2/3] pretrain D
D step=1/30 epoch=1/3 loss=0.7662 l2=0.2000 label_smoothing=0.050
D step=1/30 epoch=2/3 loss=0.7757 l2=0.2000 label_smoothing=0.050
D step=1/30 epoch=3/3 loss=0.7290 l2=0.2000 label_smoothing=0.050
D step=2/30 epoch=1/3 loss=0.7009 l2=0.2000 label_smoothing=0.050
D step=2/30 epoch=2/3 loss=0.7323 l2=0.2000 label_smoothing=0.050
D step=2/30 epoch=3/3 loss=0.6709 l2=0.2000 label_smoothing=0.050
D step=3/30 epoch=1/3 loss=0.6739 l2=0.2000 label_smoothing=0.050
D step=3/30 epoch=2/3 loss=0.6784 l2=0.2000 label_smoothing=0.050
D step=3/30 epoch=3/3 loss=0.6351 l2=0.2000 label_smoothing=0.050
D step=4/30 epoch=1/3 loss=0.6084 l2=0.2000 label_smoothing=0.050
D step=4/30 epoch=2/3 loss=0.5993 l2=0.2000 label_smoothing=0.050
D step=4/30 epoch=3/3 loss=0.5777 l2=0.2000 label_smoothing=0.050
D step=5/30 epoch=1/3 loss=0.5749 l2=0.2000 label_smoothing=0.050
D step=5/30 epoch=2/3 loss=0.5454 l2=0.2000 label_smoothing=0.050
D step=5/30 epoch=3/3 loss=0.5353 l2=0.2000 label_smoothing=0.050
D step=6/30 epoch=1/3 loss=0.5296 l2=0.2000 label_smoothing=0.050
D step=6/30 epoch=2/3 loss=0.5064 l2=0.2000 label_smoothing=0.050
D step=6/30 epoch=3/3 loss=0.5096 l2=0.2000 label_smoothing=0.050
D step=7/30 epoch=1/3 loss=0.4731 l2=0.2000 label_smoothing=0.050
D step=7/30 epoch=2/3 loss=0.4458 l2=0.2000 label_smoothing=0.050
D step=7/30 epoch=3/3 loss=0.4323 l2=0.2000 label_smoothing=0.050
D step=8/30 epoch=1/3 loss=0.4273 l2=0.2000 label_smoothing=0.050
D step=8/30 epoch=2/3 loss=0.4159 l2=0.2000 label_smoothing=0.050
D step=8/30 epoch=3/3 loss=0.3930 l2=0.2000 label_smoothing=0.050
D step=9/30 epoch=1/3 loss=0.3994 l2=0.2000 label_smoothing=0.050
D step=9/30 epoch=2/3 loss=0.3794 l2=0.2000 label_smoothing=0.050
D step=9/30 epoch=3/3 loss=0.3814 l2=0.2000 label_smoothing=0.050
D step=10/30 epoch=1/3 loss=0.3540 l2=0.2000 label_smoothing=0.050
D step=10/30 epoch=2/3 loss=0.3335 l2=0.2000 label_smoothing=0.050
D step=10/30 epoch=3/3 loss=0.3247 l2=0.2000 label_smoothing=0.050
D step=11/30 epoch=1/3 loss=0.3181 l2=0.2000 label_smoothing=0.050
D step=11/30 epoch=2/3 loss=0.3035 l2=0.2000 label_smoothing=0.050
D step=11/30 epoch=3/3 loss=0.2976 l2=0.2000 label_smoothing=0.050
D step=12/30 epoch=1/3 loss=0.2922 l2=0.2000 label_smoothing=0.050
D step=12/30 epoch=2/3 loss=0.2746 l2=0.2000 label_smoothing=0.050
D step=12/30 epoch=3/3 loss=0.2679 l2=0.2000 label_smoothing=0.050
D step=13/30 epoch=1/3 loss=0.2695 l2=0.2000 label_smoothing=0.050
D step=13/30 epoch=2/3 loss=0.2585 l2=0.2000 label_smoothing=0.050
D step=13/30 epoch=3/3 loss=0.2565 l2=0.2000 label_smoothing=0.050
D step=14/30 epoch=1/3 loss=0.2568 l2=0.2000 label_smoothing=0.050
D step=14/30 epoch=2/3 loss=0.2532 l2=0.2000 label_smoothing=0.050
D step=14/30 epoch=3/3 loss=0.2398 l2=0.2000 label_smoothing=0.050
D step=15/30 epoch=1/3 loss=0.2454 l2=0.2000 label_smoothing=0.050
D step=15/30 epoch=2/3 loss=0.2436 l2=0.2000 label_smoothing=0.050
D step=15/30 epoch=3/3 loss=0.2393 l2=0.2000 label_smoothing=0.050
D step=16/30 epoch=1/3 loss=0.2370 l2=0.2000 label_smoothing=0.050
D step=16/30 epoch=2/3 loss=0.2359 l2=0.2000 label_smoothing=0.050
D step=16/30 epoch=3/3 loss=0.2275 l2=0.2000 label_smoothing=0.050
D step=17/30 epoch=1/3 loss=0.2199 l2=0.2000 label_smoothing=0.050
D step=17/30 epoch=2/3 loss=0.2170 l2=0.2000 label_smoothing=0.050
D step=17/30 epoch=3/3 loss=0.2209 l2=0.2000 label_smoothing=0.050
D step=18/30 epoch=1/3 loss=0.2199 l2=0.2000 label_smoothing=0.050
D step=18/30 epoch=2/3 loss=0.2126 l2=0.2000 label_smoothing=0.050
D step=18/30 epoch=3/3 loss=0.2134 l2=0.2000 label_smoothing=0.050
D step=19/30 epoch=1/3 loss=0.2208 l2=0.2000 label_smoothing=0.050
D step=19/30 epoch=2/3 loss=0.2216 l2=0.2000 label_smoothing=0.050
D step=19/30 epoch=3/3 loss=0.2203 l2=0.2000 label_smoothing=0.050
D step=20/30 epoch=1/3 loss=0.2156 l2=0.2000 label_smoothing=0.050
D step=20/30 epoch=2/3 loss=0.2056 l2=0.2000 label_smoothing=0.050
D step=20/30 epoch=3/3 loss=0.2130 l2=0.2000 label_smoothing=0.050
D step=21/30 epoch=1/3 loss=0.2154 l2=0.2000 label_smoothing=0.050
D step=21/30 epoch=2/3 loss=0.2151 l2=0.2000 label_smoothing=0.050
D step=21/30 epoch=3/3 loss=0.2104 l2=0.2000 label_smoothing=0.050
D step=22/30 epoch=1/3 loss=0.2042 l2=0.2000 label_smoothing=0.050
D step=22/30 epoch=2/3 loss=0.2045 l2=0.2000 label_smoothing=0.050
D step=22/30 epoch=3/3 loss=0.2033 l2=0.2000 label_smoothing=0.050
D step=23/30 epoch=1/3 loss=0.2012 l2=0.2000 label_smoothing=0.050
D step=23/30 epoch=2/3 loss=0.1986 l2=0.2000 label_smoothing=0.050
D step=23/30 epoch=3/3 loss=0.1994 l2=0.2000 label_smoothing=0.050
D step=24/30 epoch=1/3 loss=0.1995 l2=0.2000 label_smoothing=0.050
D step=24/30 epoch=2/3 loss=0.1960 l2=0.2000 label_smoothing=0.050
D step=24/30 epoch=3/3 loss=0.1963 l2=0.2000 label_smoothing=0.050
D step=25/30 epoch=1/3 loss=0.2106 l2=0.2000 label_smoothing=0.050
D step=25/30 epoch=2/3 loss=0.2094 l2=0.2000 label_smoothing=0.050
D step=25/30 epoch=3/3 loss=0.2068 l2=0.2000 label_smoothing=0.050
D step=26/30 epoch=1/3 loss=0.2004 l2=0.2000 label_smoothing=0.050
D step=26/30 epoch=2/3 loss=0.1998 l2=0.2000 label_smoothing=0.050
D step=26/30 epoch=3/3 loss=0.1991 l2=0.2000 label_smoothing=0.050
D step=27/30 epoch=1/3 loss=0.2141 l2=0.2000 label_smoothing=0.050
D step=27/30 epoch=2/3 loss=0.2070 l2=0.2000 label_smoothing=0.050
D step=27/30 epoch=3/3 loss=0.2059 l2=0.2000 label_smoothing=0.050
D step=28/30 epoch=1/3 loss=0.1973 l2=0.2000 label_smoothing=0.050
D step=28/30 epoch=2/3 loss=0.1981 l2=0.2000 label_smoothing=0.050
D step=28/30 epoch=3/3 loss=0.1979 l2=0.2000 label_smoothing=0.050
D step=29/30 epoch=1/3 loss=0.1974 l2=0.2000 label_smoothing=0.050
D step=29/30 epoch=2/3 loss=0.1927 l2=0.2000 label_smoothing=0.050
D step=29/30 epoch=3/3 loss=0.1947 l2=0.2000 label_smoothing=0.050
D step=30/30 epoch=1/3 loss=0.1935 l2=0.2000 label_smoothing=0.050
D step=30/30 epoch=2/3 loss=0.1926 l2=0.2000 label_smoothing=0.050
D step=30/30 epoch=3/3 loss=0.1909 l2=0.2000 label_smoothing=0.050

[3/3] adversarial
generator_reward_mode=on reward_alpha=0.700 d_steps=5 d_epochs=3
D step=1/5 epoch=1/3 loss=0.1956 l2=0.2000 label_smoothing=0.050
D step=1/5 epoch=2/3 loss=0.1972 l2=0.2000 label_smoothing=0.050
D step=1/5 epoch=3/3 loss=0.1888 l2=0.2000 label_smoothing=0.050
D step=2/5 epoch=1/3 loss=0.1960 l2=0.2000 label_smoothing=0.050
D step=2/5 epoch=2/3 loss=0.1906 l2=0.2000 label_smoothing=0.050
D step=2/5 epoch=3/3 loss=0.1894 l2=0.2000 label_smoothing=0.050
D step=3/5 epoch=1/3 loss=0.1861 l2=0.2000 label_smoothing=0.050
D step=3/5 epoch=2/3 loss=0.1866 l2=0.2000 label_smoothing=0.050
D step=3/5 epoch=3/3 loss=0.1840 l2=0.2000 label_smoothing=0.050
D step=4/5 epoch=1/3 loss=0.1829 l2=0.2000 label_smoothing=0.050
D step=4/5 epoch=2/3 loss=0.1818 l2=0.2000 label_smoothing=0.050
D step=4/5 epoch=3/3 loss=0.1823 l2=0.2000 label_smoothing=0.050
D step=5/5 epoch=1/3 loss=0.2031 l2=0.2000 label_smoothing=0.050
D step=5/5 epoch=2/3 loss=0.1941 l2=0.2000 label_smoothing=0.050
D step=5/5 epoch=3/3 loss=0.1914 l2=0.2000 label_smoothing=0.050
ADV epoch=1/60 g_loss=0.6527 d_loss=0.1900 reward=0.2867 reward_var=0.0051 unique=1.0000
D step=1/5 epoch=1/3 loss=0.1852 l2=0.2000 label_smoothing=0.050
D step=1/5 epoch=2/3 loss=0.1820 l2=0.2000 label_smoothing=0.050
D step=1/5 epoch=3/3 loss=0.1797 l2=0.2000 label_smoothing=0.050
D step=2/5 epoch=1/3 loss=0.1815 l2=0.2000 label_smoothing=0.050
D step=2/5 epoch=2/3 loss=0.1787 l2=0.2000 label_smoothing=0.050
D step=2/5 epoch=3/3 loss=0.1796 l2=0.2000 label_smoothing=0.050
D step=3/5 epoch=1/3 loss=0.1785 l2=0.2000 label_smoothing=0.050
D step=3/5 epoch=2/3 loss=0.1771 l2=0.2000 label_smoothing=0.050
D step=3/5 epoch=3/3 loss=0.1763 l2=0.2000 label_smoothing=0.050
D step=4/5 epoch=1/3 loss=0.1776 l2=0.2000 label_smoothing=0.050
D step=4/5 epoch=2/3 loss=0.1765 l2=0.2000 label_smoothing=0.050
D step=4/5 epoch=3/3 loss=0.1750 l2=0.2000 label_smoothing=0.050
D step=5/5 epoch=1/3 loss=0.1786 l2=0.2000 label_smoothing=0.050
D step=5/5 epoch=2/3 loss=0.1746 l2=0.2000 label_smoothing=0.050
D step=5/5 epoch=3/3 loss=0.1754 l2=0.2000 label_smoothing=0.050
ADV epoch=2/60 g_loss=0.6419 d_loss=0.1784 reward=0.2778 reward_var=0.0051 unique=1.0000
D step=1/5 epoch=1/3 loss=0.1734 l2=0.2000 label_smoothing=0.050
D step=1/5 epoch=2/3 loss=0.1715 l2=0.2000 label_smoothing=0.050
D step=1/5 epoch=3/3 loss=0.1705 l2=0.2000 label_smoothing=0.050
D step=2/5 epoch=1/3 loss=0.1700 l2=0.2000 label_smoothing=0.050
D step=2/5 epoch=2/3 loss=0.1699 l2=0.2000 label_smoothing=0.050
D step=2/5 epoch=3/3 loss=0.1686 l2=0.2000 label_smoothing=0.050
D step=3/5 epoch=1/3 loss=0.1687 l2=0.2000 label_smoothing=0.050
D step=3/5 epoch=2/3 loss=0.1685 l2=0.2000 label_smoothing=0.050
D step=3/5 epoch=3/3 loss=0.1670 l2=0.2000 label_smoothing=0.050
D step=4/5 epoch=1/3 loss=0.1685 l2=0.2000 label_smoothing=0.050
D step=4/5 epoch=2/3 loss=0.1688 l2=0.2000 label_smoothing=0.050
D step=4/5 epoch=3/3 loss=0.1666 l2=0.2000 label_smoothing=0.050
D step=5/5 epoch=1/3 loss=0.1716 l2=0.2000 label_smoothing=0.050
D step=5/5 epoch=2/3 loss=0.1700 l2=0.2000 label_smoothing=0.050
D step=5/5 epoch=3/3 loss=0.1670 l2=0.2000 label_smoothing=0.050
ADV epoch=3/60 g_loss=0.6698 d_loss=0.1694 reward=0.2949 reward_var=0.0029 unique=1.0000
saved 500 raw samples to /content/drive/MyDrive/GAN_for_SQLi - 6/result/phase3/seqgan_improved/union/F/R200/V8/generated_payloads.csv
