{
  "metric_schema_version": "quality-metrics-v3",
  "normalization_version": "nfkc_html_percent1_casefold_ws_quotes_v1",
  "seed": 88,
  "method": "seqgan_improved",
  "family": "boolean",
  "scenario": "E",
  "ratio": "200",
  "generation_kind": "direct",
  "schema_valid": true,
  "stop_reason": "n/a",
  "n_generated": 499,
  "unique_rate": 0.9218436873747495,
  "normalized_unique_rate": 0.9218436873747495,
  "duplicate_rate": 0.07815631262525047,
  "model_collapse_rate": 0.07815631262525047,
  "dominant_payload_share": 0.04609218436873747,
  "normalized_dominant_payload_share": 0.04609218436873747,
  "sql_parse_rate": 1.0,
  "sql_structure_rate": 0.43687374749499,
  "family_motif_coverage": 0.5,
  "family_motif_hit_rate": 0.3667334669338677,
  "garbage_rate": 0.56312625250501,
  "wellformed_rate": 1.0,
  "shaped_rate": 0.43687374749499,
  "family_motif_coverage_by_family": {
    "boolean": 0.5
  },
  "family_motif_hit_rate_by_family": {
    "boolean": 0.3667334669338677
  },
  "inferred_family_distribution": {
    "boolean": 0.3667334669338677,
    "union": 0.0,
    "time": 0.0,
    "error": 0.0,
    "other": 0.6332665330661322
  },
  "train_reference_count": 78,
  "holdout_reference_count": 917,
  "exact_input_overlap": 0.0,
  "normalized_input_overlap": 0.0,
  "holdout_overlap": 0.0,
  "normalized_holdout_overlap": 0.0,
  "nearest_input_similarity_mean": 0.0757950158403507,
  "nearest_input_similarity_median": 0.08571428571428572,
  "nearest_input_similarity_p90": 0.11771315267680105,
  "nearest_char3_jaccard_mean": 0.0757950158403507,
  "nearest_char3_jaccard_median": 0.08571428571428572,
  "nearest_char3_jaccard_p90": 0.11771315267680105,
  "nearest_token_jaccard_mean": 0.08350526956424166,
  "nearest_token_jaccard_median": 0.07142857142857142,
  "nearest_token_jaccard_p90": 0.2,
  "nearest_edit_similarity_mean": 0.18148814474613278,
  "nearest_edit_similarity_median": 0.2093023255813954,
  "nearest_edit_similarity_p90": 0.27488304093567256,
  "nearest_feature_cosine_mean": 0.7434182309526214,
  "nearest_feature_cosine_median": 0.8730627518312514,
  "nearest_feature_cosine_p90": 0.9535019769888061,
  "nearest_input_distance_mean": 0.9242049841596492,
  "nearest_input_distance_median": 0.9142857142857143,
  "nearest_input_distance_p90": 1.0,
  "mean_nearest_similarity": 0.0757950158403507,
  "median_nearest_similarity": 0.08571428571428572,
  "p90_nearest_similarity": 0.11771315267680105,
  "unique_nearest_payload_rate": 0.12625250501002003,
  "dominant_retrieved_payload_share": 0.15430861723446893,
  "nearest_reference_count": 78,
  "distinct_1": 0.26247469334286055,
  "distinct_2": 0.6107102164830991,
  "distinct_3": 0.8581379772270596,
  "lexical_diversity": 0.26247469334286055,
  "character_diversity": 0.7533518940917656,
  "token_diversity": 0.6360213774273833,
  "keyword_diversity": 0.6378509527222168,
  "operator_diversity": 0.5684937268209739,
  "function_diversity": 0.8632025147688198,
  "comment_style_diversity": 0.6666666666666666,
  "length_zone_diversity": 0.8,
  "self_bleu": 0.723626568039621,
  "self_bleu_char": 0.723626568039621,
  "requested_count": 500,
  "generated_count_fraction": 0.998
}
