
[1/3] pretrain G
G epoch=1/120 loss=5.7231
G epoch=2/120 loss=5.6166
G epoch=3/120 loss=5.5105
G epoch=4/120 loss=5.3826
G epoch=5/120 loss=5.2179
G epoch=6/120 loss=5.0061
G epoch=7/120 loss=4.7504
G epoch=8/120 loss=4.4777
G epoch=9/120 loss=4.2258
G epoch=10/120 loss=4.0145
G epoch=11/120 loss=3.8444
G epoch=12/120 loss=3.7107
G epoch=13/120 loss=3.6069
G epoch=14/120 loss=3.5234
G epoch=15/120 loss=3.4493
G epoch=16/120 loss=3.3770
G epoch=17/120 loss=3.3026
G epoch=18/120 loss=3.2289
G epoch=19/120 loss=3.1636
G epoch=20/120 loss=3.0970
G epoch=21/120 loss=3.0282
G epoch=22/120 loss=2.9593
G epoch=23/120 loss=2.8923
G epoch=24/120 loss=2.8298
G epoch=25/120 loss=2.7722
G epoch=26/120 loss=2.7129
G epoch=27/120 loss=2.6549
G epoch=28/120 loss=2.6014
G epoch=29/120 loss=2.5516
G epoch=30/120 loss=2.5024
G epoch=31/120 loss=2.4514
G epoch=32/120 loss=2.4028
G epoch=33/120 loss=2.3557
G epoch=34/120 loss=2.3054
G epoch=35/120 loss=2.2616
G epoch=36/120 loss=2.2156
G epoch=37/120 loss=2.1746
G epoch=38/120 loss=2.1281
G epoch=39/120 loss=2.0903
G epoch=40/120 loss=2.0524
G epoch=41/120 loss=2.0158
G epoch=42/120 loss=1.9816
G epoch=43/120 loss=1.9459
G epoch=44/120 loss=1.9147
G epoch=45/120 loss=1.8832
G epoch=46/120 loss=1.8520
G epoch=47/120 loss=1.8226
G epoch=48/120 loss=1.7922
G epoch=49/120 loss=1.7647
G epoch=50/120 loss=1.7368
G epoch=51/120 loss=1.7096
G epoch=52/120 loss=1.6838
G epoch=53/120 loss=1.6573
G epoch=54/120 loss=1.6325
G epoch=55/120 loss=1.6075
G epoch=56/120 loss=1.5833
G epoch=57/120 loss=1.5601
G epoch=58/120 loss=1.5372
G epoch=59/120 loss=1.5154
G epoch=60/120 loss=1.4933
G epoch=61/120 loss=1.4719
G epoch=62/120 loss=1.4505
G epoch=63/120 loss=1.4292
G epoch=64/120 loss=1.4087
G epoch=65/120 loss=1.3886
G epoch=66/120 loss=1.3691
G epoch=67/120 loss=1.3495
G epoch=68/120 loss=1.3304
G epoch=69/120 loss=1.3113
G epoch=70/120 loss=1.2928
G epoch=71/120 loss=1.2748
G epoch=72/120 loss=1.2569
G epoch=73/120 loss=1.2396
G epoch=74/120 loss=1.2226
G epoch=75/120 loss=1.2057
G epoch=76/120 loss=1.1895
G epoch=77/120 loss=1.1737
G epoch=78/120 loss=1.1580
G epoch=79/120 loss=1.1432
G epoch=80/120 loss=1.1287
G epoch=81/120 loss=1.1144
G epoch=82/120 loss=1.1006
G epoch=83/120 loss=1.0871
G epoch=84/120 loss=1.0741
G epoch=85/120 loss=1.0616
G epoch=86/120 loss=1.0492
G epoch=87/120 loss=1.0371
G epoch=88/120 loss=1.0253
G epoch=89/120 loss=1.0138
G epoch=90/120 loss=1.0026
G epoch=91/120 loss=0.9916
G epoch=92/120 loss=0.9812
G epoch=93/120 loss=0.9708
G epoch=94/120 loss=0.9606
G epoch=95/120 loss=0.9506
G epoch=96/120 loss=0.9411
G epoch=97/120 loss=0.9314
G epoch=98/120 loss=0.9222
G epoch=99/120 loss=0.9129
G epoch=100/120 loss=0.9040
G epoch=101/120 loss=0.8952
G epoch=102/120 loss=0.8866
G epoch=103/120 loss=0.8780
G epoch=104/120 loss=0.8697
G epoch=105/120 loss=0.8615
G epoch=106/120 loss=0.8535
G epoch=107/120 loss=0.8455
G epoch=108/120 loss=0.8380
G epoch=109/120 loss=0.8305
G epoch=110/120 loss=0.8229
G epoch=111/120 loss=0.8159
G epoch=112/120 loss=0.8086
G epoch=113/120 loss=0.8017
G epoch=114/120 loss=0.7951
G epoch=115/120 loss=0.7883
G epoch=116/120 loss=0.7818
G epoch=117/120 loss=0.7749
G epoch=118/120 loss=0.7686
G epoch=119/120 loss=0.7619
G epoch=120/120 loss=0.7554

[2/3] pretrain D

[3/3] adversarial
generator_reward_mode=off reward_alpha=1.000 d_steps=5 d_epochs=3
ADV epoch=1/200 g_loss=0.8636 d_loss=0.0000 reward=0.6259 reward_var=0.0004 unique=1.0000
ADV epoch=2/200 g_loss=0.9788 d_loss=0.0000 reward=0.6262 reward_var=0.0004 unique=1.0000
ADV epoch=3/200 g_loss=1.0353 d_loss=0.0000 reward=0.6242 reward_var=0.0004 unique=1.0000
ADV epoch=4/200 g_loss=1.0924 d_loss=0.0000 reward=0.6220 reward_var=0.0004 unique=1.0000
ADV epoch=5/200 g_loss=1.1085 d_loss=0.0000 reward=0.6221 reward_var=0.0004 unique=1.0000
ADV epoch=6/200 g_loss=1.1012 d_loss=0.0000 reward=0.6208 reward_var=0.0004 unique=1.0000
ADV epoch=7/200 g_loss=1.0756 d_loss=0.0000 reward=0.6197 reward_var=0.0004 unique=1.0000
ADV epoch=8/200 g_loss=1.0976 d_loss=0.0000 reward=0.6208 reward_var=0.0004 unique=1.0000
ADV epoch=9/200 g_loss=1.0389 d_loss=0.0000 reward=0.6206 reward_var=0.0004 unique=1.0000
ADV epoch=10/200 g_loss=1.0265 d_loss=0.0000 reward=0.6216 reward_var=0.0003 unique=1.0000
ADV epoch=11/200 g_loss=0.9659 d_loss=0.0000 reward=0.6225 reward_var=0.0003 unique=1.0000
ADV epoch=12/200 g_loss=0.9706 d_loss=0.0000 reward=0.6207 reward_var=0.0003 unique=1.0000
ADV epoch=13/200 g_loss=0.9952 d_loss=0.0000 reward=0.6216 reward_var=0.0003 unique=1.0000
ADV epoch=14/200 g_loss=1.0154 d_loss=0.0000 reward=0.6225 reward_var=0.0003 unique=1.0000
ADV epoch=15/200 g_loss=1.0214 d_loss=0.0000 reward=0.6214 reward_var=0.0003 unique=1.0000
ADV epoch=16/200 g_loss=1.0301 d_loss=0.0000 reward=0.6201 reward_var=0.0003 unique=1.0000
ADV epoch=17/200 g_loss=1.0371 d_loss=0.0000 reward=0.6189 reward_var=0.0003 unique=1.0000
ADV epoch=18/200 g_loss=1.0270 d_loss=0.0000 reward=0.6211 reward_var=0.0003 unique=1.0000
ADV epoch=19/200 g_loss=1.0131 d_loss=0.0000 reward=0.6195 reward_var=0.0003 unique=1.0000
ADV epoch=20/200 g_loss=1.0251 d_loss=0.0000 reward=0.6201 reward_var=0.0003 unique=1.0000
ADV epoch=21/200 g_loss=1.0545 d_loss=0.0000 reward=0.6174 reward_var=0.0003 unique=1.0000
ADV epoch=22/200 g_loss=1.0959 d_loss=0.0000 reward=0.6192 reward_var=0.0003 unique=1.0000
ADV epoch=23/200 g_loss=1.1331 d_loss=0.0000 reward=0.6166 reward_var=0.0003 unique=1.0000
ADV epoch=24/200 g_loss=1.1717 d_loss=0.0000 reward=0.6163 reward_var=0.0003 unique=1.0000
ADV epoch=25/200 g_loss=1.2001 d_loss=0.0000 reward=0.6159 reward_var=0.0003 unique=1.0000
ADV epoch=26/200 g_loss=1.2067 d_loss=0.0000 reward=0.6142 reward_var=0.0003 unique=1.0000
ADV epoch=27/200 g_loss=1.2199 d_loss=0.0000 reward=0.6140 reward_var=0.0003 unique=1.0000
ADV epoch=28/200 g_loss=1.2125 d_loss=0.0000 reward=0.6138 reward_var=0.0003 unique=1.0000
ADV epoch=29/200 g_loss=1.2124 d_loss=0.0000 reward=0.6129 reward_var=0.0003 unique=1.0000
ADV epoch=30/200 g_loss=1.1956 d_loss=0.0000 reward=0.6105 reward_var=0.0003 unique=1.0000
ADV epoch=31/200 g_loss=1.1749 d_loss=0.0000 reward=0.6105 reward_var=0.0003 unique=1.0000
ADV epoch=32/200 g_loss=1.1499 d_loss=0.0000 reward=0.6083 reward_var=0.0003 unique=1.0000
ADV epoch=33/200 g_loss=1.1395 d_loss=0.0000 reward=0.6088 reward_var=0.0003 unique=1.0000
ADV epoch=34/200 g_loss=1.1191 d_loss=0.0000 reward=0.6075 reward_var=0.0003 unique=1.0000
ADV epoch=35/200 g_loss=1.1052 d_loss=0.0000 reward=0.6074 reward_var=0.0003 unique=1.0000
ADV epoch=36/200 g_loss=1.0910 d_loss=0.0000 reward=0.6078 reward_var=0.0003 unique=1.0000
ADV epoch=37/200 g_loss=1.0799 d_loss=0.0000 reward=0.6092 reward_var=0.0003 unique=1.0000
ADV epoch=38/200 g_loss=1.0699 d_loss=0.0000 reward=0.6093 reward_var=0.0003 unique=1.0000
ADV epoch=39/200 g_loss=1.0625 d_loss=0.0000 reward=0.6116 reward_var=0.0003 unique=1.0000
ADV epoch=40/200 g_loss=1.0575 d_loss=0.0000 reward=0.6134 reward_var=0.0003 unique=1.0000
ADV epoch=41/200 g_loss=1.0499 d_loss=0.0000 reward=0.6153 reward_var=0.0003 unique=1.0000
ADV epoch=42/200 g_loss=1.0447 d_loss=0.0000 reward=0.6185 reward_var=0.0003 unique=1.0000
ADV epoch=43/200 g_loss=1.0517 d_loss=0.0000 reward=0.6198 reward_var=0.0003 unique=1.0000
ADV epoch=44/200 g_loss=1.0631 d_loss=0.0000 reward=0.6208 reward_var=0.0003 unique=1.0000
ADV epoch=45/200 g_loss=1.0766 d_loss=0.0000 reward=0.6236 reward_var=0.0003 unique=1.0000
ADV epoch=46/200 g_loss=1.0833 d_loss=0.0000 reward=0.6230 reward_var=0.0003 unique=1.0000
ADV epoch=47/200 g_loss=1.0987 d_loss=0.0000 reward=0.6243 reward_var=0.0003 unique=1.0000
ADV epoch=48/200 g_loss=1.1094 d_loss=0.0000 reward=0.6240 reward_var=0.0003 unique=1.0000
ADV epoch=49/200 g_loss=1.0937 d_loss=0.0000 reward=0.6225 reward_var=0.0003 unique=1.0000
ADV epoch=50/200 g_loss=1.0675 d_loss=0.0000 reward=0.6205 reward_var=0.0003 unique=1.0000
ADV epoch=51/200 g_loss=1.0348 d_loss=0.0000 reward=0.6176 reward_var=0.0003 unique=1.0000
ADV epoch=52/200 g_loss=1.0051 d_loss=0.0000 reward=0.6185 reward_var=0.0003 unique=1.0000
ADV epoch=53/200 g_loss=0.9789 d_loss=0.0000 reward=0.6175 reward_var=0.0002 unique=1.0000
ADV epoch=54/200 g_loss=0.9533 d_loss=0.0000 reward=0.6186 reward_var=0.0003 unique=1.0000
ADV epoch=55/200 g_loss=0.9232 d_loss=0.0000 reward=0.6210 reward_var=0.0003 unique=1.0000
ADV epoch=56/200 g_loss=0.8932 d_loss=0.0000 reward=0.6196 reward_var=0.0003 unique=1.0000
ADV epoch=57/200 g_loss=0.8713 d_loss=0.0000 reward=0.6217 reward_var=0.0003 unique=1.0000
ADV epoch=58/200 g_loss=0.8503 d_loss=0.0000 reward=0.6230 reward_var=0.0003 unique=1.0000
ADV epoch=59/200 g_loss=0.8257 d_loss=0.0000 reward=0.6244 reward_var=0.0002 unique=1.0000
ADV epoch=60/200 g_loss=0.7903 d_loss=0.0000 reward=0.6250 reward_var=0.0002 unique=1.0000
ADV epoch=61/200 g_loss=0.7473 d_loss=0.0000 reward=0.6252 reward_var=0.0003 unique=1.0000
ADV epoch=62/200 g_loss=0.7393 d_loss=0.0000 reward=0.6270 reward_var=0.0002 unique=1.0000
ADV epoch=63/200 g_loss=0.7277 d_loss=0.0000 reward=0.6265 reward_var=0.0003 unique=1.0000
ADV epoch=64/200 g_loss=0.7144 d_loss=0.0000 reward=0.6290 reward_var=0.0003 unique=1.0000
ADV epoch=65/200 g_loss=0.6945 d_loss=0.0000 reward=0.6300 reward_var=0.0002 unique=1.0000
ADV epoch=66/200 g_loss=0.6777 d_loss=0.0000 reward=0.6309 reward_var=0.0003 unique=1.0000
ADV epoch=67/200 g_loss=0.6666 d_loss=0.0000 reward=0.6322 reward_var=0.0002 unique=1.0000
ADV epoch=68/200 g_loss=0.6822 d_loss=0.0000 reward=0.6358 reward_var=0.0003 unique=1.0000
ADV epoch=69/200 g_loss=0.6933 d_loss=0.0000 reward=0.6384 reward_var=0.0003 unique=1.0000
ADV epoch=70/200 g_loss=0.7109 d_loss=0.0000 reward=0.6416 reward_var=0.0003 unique=1.0000
ADV epoch=71/200 g_loss=0.7038 d_loss=0.0000 reward=0.6442 reward_var=0.0003 unique=1.0000
ADV epoch=72/200 g_loss=0.6934 d_loss=0.0000 reward=0.6476 reward_var=0.0002 unique=1.0000
ADV epoch=73/200 g_loss=0.6711 d_loss=0.0000 reward=0.6480 reward_var=0.0002 unique=1.0000
ADV epoch=74/200 g_loss=0.6276 d_loss=0.0000 reward=0.6507 reward_var=0.0002 unique=1.0000
ADV epoch=75/200 g_loss=0.5984 d_loss=0.0000 reward=0.6520 reward_var=0.0002 unique=1.0000
ADV epoch=76/200 g_loss=0.5770 d_loss=0.0000 reward=0.6508 reward_var=0.0002 unique=1.0000
ADV epoch=77/200 g_loss=0.5342 d_loss=0.0000 reward=0.6512 reward_var=0.0002 unique=1.0000
ADV epoch=78/200 g_loss=0.5230 d_loss=0.0000 reward=0.6509 reward_var=0.0002 unique=1.0000
ADV epoch=79/200 g_loss=0.4992 d_loss=0.0000 reward=0.6504 reward_var=0.0002 unique=1.0000
ADV epoch=80/200 g_loss=0.4869 d_loss=0.0000 reward=0.6486 reward_var=0.0003 unique=1.0000
ADV epoch=81/200 g_loss=0.4729 d_loss=0.0000 reward=0.6510 reward_var=0.0003 unique=1.0000
ADV epoch=82/200 g_loss=0.4690 d_loss=0.0000 reward=0.6487 reward_var=0.0003 unique=1.0000
ADV epoch=83/200 g_loss=0.4718 d_loss=0.0000 reward=0.6503 reward_var=0.0003 unique=0.9800
ADV epoch=84/200 g_loss=0.4632 d_loss=0.0000 reward=0.6491 reward_var=0.0003 unique=1.0000
ADV epoch=85/200 g_loss=0.4666 d_loss=0.0000 reward=0.6512 reward_var=0.0003 unique=1.0000
ADV epoch=86/200 g_loss=0.4267 d_loss=0.0000 reward=0.6475 reward_var=0.0003 unique=1.0000
ADV epoch=87/200 g_loss=0.4619 d_loss=0.0000 reward=0.6516 reward_var=0.0003 unique=1.0000
ADV epoch=88/200 g_loss=0.4728 d_loss=0.0000 reward=0.6506 reward_var=0.0004 unique=1.0000
ADV epoch=89/200 g_loss=0.4936 d_loss=0.0000 reward=0.6535 reward_var=0.0004 unique=1.0000
ADV epoch=90/200 g_loss=0.5005 d_loss=0.0000 reward=0.6553 reward_var=0.0003 unique=1.0000
ADV epoch=91/200 g_loss=0.5148 d_loss=0.0000 reward=0.6565 reward_var=0.0004 unique=1.0000
ADV epoch=92/200 g_loss=0.5178 d_loss=0.0000 reward=0.6589 reward_var=0.0003 unique=1.0000
ADV epoch=93/200 g_loss=0.5219 d_loss=0.0000 reward=0.6600 reward_var=0.0003 unique=1.0000
ADV epoch=94/200 g_loss=0.5212 d_loss=0.0000 reward=0.6604 reward_var=0.0003 unique=1.0000
ADV epoch=95/200 g_loss=0.5134 d_loss=0.0000 reward=0.6618 reward_var=0.0003 unique=1.0000
ADV epoch=96/200 g_loss=0.4998 d_loss=0.0000 reward=0.6628 reward_var=0.0003 unique=1.0000
ADV epoch=97/200 g_loss=0.5012 d_loss=0.0000 reward=0.6645 reward_var=0.0002 unique=1.0000
ADV epoch=98/200 g_loss=0.4809 d_loss=0.0000 reward=0.6635 reward_var=0.0003 unique=1.0000
ADV epoch=99/200 g_loss=0.4779 d_loss=0.0000 reward=0.6628 reward_var=0.0003 unique=1.0000
ADV epoch=100/200 g_loss=0.4474 d_loss=0.0000 reward=0.6616 reward_var=0.0002 unique=1.0000
ADV epoch=101/200 g_loss=0.4176 d_loss=0.0000 reward=0.6614 reward_var=0.0002 unique=1.0000
ADV epoch=102/200 g_loss=0.4025 d_loss=0.0000 reward=0.6613 reward_var=0.0002 unique=1.0000
ADV epoch=103/200 g_loss=0.3921 d_loss=0.0000 reward=0.6610 reward_var=0.0003 unique=1.0000
ADV epoch=104/200 g_loss=0.3659 d_loss=0.0000 reward=0.6606 reward_var=0.0003 unique=1.0000
ADV epoch=105/200 g_loss=0.3726 d_loss=0.0000 reward=0.6601 reward_var=0.0003 unique=1.0000
ADV epoch=106/200 g_loss=0.3888 d_loss=0.0000 reward=0.6598 reward_var=0.0003 unique=1.0000
ADV epoch=107/200 g_loss=0.3761 d_loss=0.0000 reward=0.6599 reward_var=0.0002 unique=1.0000
ADV epoch=108/200 g_loss=0.3498 d_loss=0.0000 reward=0.6588 reward_var=0.0003 unique=1.0000
ADV epoch=109/200 g_loss=0.3435 d_loss=0.0000 reward=0.6586 reward_var=0.0003 unique=1.0000
ADV epoch=110/200 g_loss=0.3369 d_loss=0.0000 reward=0.6578 reward_var=0.0003 unique=1.0000
ADV epoch=111/200 g_loss=0.3250 d_loss=0.0000 reward=0.6566 reward_var=0.0003 unique=1.0000
ADV epoch=112/200 g_loss=0.3260 d_loss=0.0000 reward=0.6573 reward_var=0.0003 unique=1.0000
ADV epoch=113/200 g_loss=0.3434 d_loss=0.0000 reward=0.6588 reward_var=0.0003 unique=1.0000
ADV epoch=114/200 g_loss=0.3407 d_loss=0.0000 reward=0.6572 reward_var=0.0003 unique=1.0000
ADV epoch=115/200 g_loss=0.3384 d_loss=0.0000 reward=0.6585 reward_var=0.0002 unique=1.0000
ADV epoch=116/200 g_loss=0.3396 d_loss=0.0000 reward=0.6592 reward_var=0.0003 unique=1.0000
ADV epoch=117/200 g_loss=0.3278 d_loss=0.0000 reward=0.6600 reward_var=0.0003 unique=1.0000
ADV epoch=118/200 g_loss=0.3160 d_loss=0.0000 reward=0.6600 reward_var=0.0003 unique=1.0000
ADV epoch=119/200 g_loss=0.3073 d_loss=0.0000 reward=0.6595 reward_var=0.0003 unique=1.0000
ADV epoch=120/200 g_loss=0.2906 d_loss=0.0000 reward=0.6583 reward_var=0.0003 unique=1.0000
ADV epoch=121/200 g_loss=0.2774 d_loss=0.0000 reward=0.6579 reward_var=0.0003 unique=1.0000
ADV epoch=122/200 g_loss=0.2660 d_loss=0.0000 reward=0.6588 reward_var=0.0003 unique=1.0000
ADV epoch=123/200 g_loss=0.2468 d_loss=0.0000 reward=0.6565 reward_var=0.0003 unique=1.0000
ADV epoch=124/200 g_loss=0.2281 d_loss=0.0000 reward=0.6552 reward_var=0.0003 unique=1.0000
ADV epoch=125/200 g_loss=0.2119 d_loss=0.0000 reward=0.6554 reward_var=0.0003 unique=1.0000
ADV epoch=126/200 g_loss=0.2011 d_loss=0.0000 reward=0.6521 reward_var=0.0003 unique=1.0000
ADV epoch=127/200 g_loss=0.1955 d_loss=0.0000 reward=0.6519 reward_var=0.0003 unique=1.0000
ADV epoch=128/200 g_loss=0.1934 d_loss=0.0000 reward=0.6525 reward_var=0.0004 unique=1.0000
ADV epoch=129/200 g_loss=0.1893 d_loss=0.0000 reward=0.6529 reward_var=0.0003 unique=1.0000
ADV epoch=130/200 g_loss=0.1867 d_loss=0.0000 reward=0.6509 reward_var=0.0004 unique=1.0000
ADV epoch=131/200 g_loss=0.1851 d_loss=0.0000 reward=0.6507 reward_var=0.0003 unique=1.0000
ADV epoch=132/200 g_loss=0.1762 d_loss=0.0000 reward=0.6506 reward_var=0.0003 unique=1.0000
ADV epoch=133/200 g_loss=0.1633 d_loss=0.0000 reward=0.6496 reward_var=0.0003 unique=1.0000
ADV epoch=134/200 g_loss=0.1535 d_loss=0.0000 reward=0.6479 reward_var=0.0004 unique=1.0000
ADV epoch=135/200 g_loss=0.1403 d_loss=0.0000 reward=0.6465 reward_var=0.0003 unique=1.0000
ADV epoch=136/200 g_loss=0.1363 d_loss=0.0000 reward=0.6450 reward_var=0.0004 unique=1.0000
ADV epoch=137/200 g_loss=0.1276 d_loss=0.0000 reward=0.6459 reward_var=0.0004 unique=1.0000
ADV epoch=138/200 g_loss=0.1196 d_loss=0.0000 reward=0.6449 reward_var=0.0004 unique=1.0000
ADV epoch=139/200 g_loss=0.1159 d_loss=0.0000 reward=0.6439 reward_var=0.0004 unique=0.9800
ADV epoch=140/200 g_loss=0.1095 d_loss=0.0000 reward=0.6440 reward_var=0.0004 unique=0.9600
ADV epoch=141/200 g_loss=0.1109 d_loss=0.0000 reward=0.6411 reward_var=0.0005 unique=1.0000
ADV epoch=142/200 g_loss=0.1063 d_loss=0.0000 reward=0.6435 reward_var=0.0004 unique=1.0000
ADV epoch=143/200 g_loss=0.1032 d_loss=0.0000 reward=0.6414 reward_var=0.0004 unique=0.9800
ADV epoch=144/200 g_loss=0.1004 d_loss=0.0000 reward=0.6421 reward_var=0.0004 unique=0.9800
ADV epoch=145/200 g_loss=0.1026 d_loss=0.0000 reward=0.6400 reward_var=0.0005 unique=1.0000
ADV epoch=146/200 g_loss=0.1044 d_loss=0.0000 reward=0.6419 reward_var=0.0005 unique=0.9800
ADV epoch=147/200 g_loss=0.1014 d_loss=0.0000 reward=0.6410 reward_var=0.0005 unique=1.0000
ADV epoch=148/200 g_loss=0.0988 d_loss=0.0000 reward=0.6390 reward_var=0.0005 unique=1.0000
ADV epoch=149/200 g_loss=0.0963 d_loss=0.0000 reward=0.6399 reward_var=0.0004 unique=1.0000
ADV epoch=150/200 g_loss=0.0961 d_loss=0.0000 reward=0.6420 reward_var=0.0005 unique=1.0000
ADV epoch=151/200 g_loss=0.0982 d_loss=0.0000 reward=0.6423 reward_var=0.0004 unique=1.0000
ADV epoch=152/200 g_loss=0.0976 d_loss=0.0000 reward=0.6411 reward_var=0.0005 unique=1.0000
ADV epoch=153/200 g_loss=0.1033 d_loss=0.0000 reward=0.6428 reward_var=0.0005 unique=1.0000
ADV epoch=154/200 g_loss=0.0960 d_loss=0.0000 reward=0.6416 reward_var=0.0005 unique=1.0000
ADV epoch=155/200 g_loss=0.1002 d_loss=0.0000 reward=0.6416 reward_var=0.0006 unique=0.9800
ADV epoch=156/200 g_loss=0.0960 d_loss=0.0000 reward=0.6420 reward_var=0.0005 unique=1.0000
ADV epoch=157/200 g_loss=0.0970 d_loss=0.0000 reward=0.6427 reward_var=0.0005 unique=0.9800
ADV epoch=158/200 g_loss=0.0974 d_loss=0.0000 reward=0.6446 reward_var=0.0006 unique=1.0000
ADV epoch=159/200 g_loss=0.0990 d_loss=0.0000 reward=0.6431 reward_var=0.0005 unique=0.9800
ADV epoch=160/200 g_loss=0.0930 d_loss=0.0000 reward=0.6415 reward_var=0.0005 unique=1.0000
ADV epoch=161/200 g_loss=0.0939 d_loss=0.0000 reward=0.6434 reward_var=0.0005 unique=1.0000
ADV epoch=162/200 g_loss=0.0911 d_loss=0.0000 reward=0.6436 reward_var=0.0004 unique=0.9800
ADV epoch=163/200 g_loss=0.0913 d_loss=0.0000 reward=0.6434 reward_var=0.0005 unique=0.9600


===== NEW SESSION 2026-07-18T05:47:55.193924 =====

[1/3] pretrain G
G epoch=1/120 loss=5.7231
G epoch=2/120 loss=5.6166
G epoch=3/120 loss=5.5105
G epoch=4/120 loss=5.3826
G epoch=5/120 loss=5.2179
G epoch=6/120 loss=5.0061
G epoch=7/120 loss=4.7504
G epoch=8/120 loss=4.4777
G epoch=9/120 loss=4.2258
G epoch=10/120 loss=4.0145
G epoch=11/120 loss=3.8444
G epoch=12/120 loss=3.7107
G epoch=13/120 loss=3.6069
G epoch=14/120 loss=3.5234
G epoch=15/120 loss=3.4493
G epoch=16/120 loss=3.3770
G epoch=17/120 loss=3.3026
G epoch=18/120 loss=3.2289
G epoch=19/120 loss=3.1636
G epoch=20/120 loss=3.0970
G epoch=21/120 loss=3.0282
G epoch=22/120 loss=2.9593
G epoch=23/120 loss=2.8923
G epoch=24/120 loss=2.8298
G epoch=25/120 loss=2.7722
G epoch=26/120 loss=2.7129
G epoch=27/120 loss=2.6549
G epoch=28/120 loss=2.6014
G epoch=29/120 loss=2.5516
G epoch=30/120 loss=2.5024
G epoch=31/120 loss=2.4514
G epoch=32/120 loss=2.4028
G epoch=33/120 loss=2.3557
G epoch=34/120 loss=2.3054
G epoch=35/120 loss=2.2616
G epoch=36/120 loss=2.2156
G epoch=37/120 loss=2.1746
G epoch=38/120 loss=2.1281
G epoch=39/120 loss=2.0903
G epoch=40/120 loss=2.0524
G epoch=41/120 loss=2.0158
G epoch=42/120 loss=1.9816
G epoch=43/120 loss=1.9459
G epoch=44/120 loss=1.9147
G epoch=45/120 loss=1.8832
G epoch=46/120 loss=1.8520
G epoch=47/120 loss=1.8226
G epoch=48/120 loss=1.7922
G epoch=49/120 loss=1.7647
G epoch=50/120 loss=1.7368
G epoch=51/120 loss=1.7096
G epoch=52/120 loss=1.6838
G epoch=53/120 loss=1.6573
G epoch=54/120 loss=1.6325
G epoch=55/120 loss=1.6075
G epoch=56/120 loss=1.5833
G epoch=57/120 loss=1.5601
G epoch=58/120 loss=1.5372
G epoch=59/120 loss=1.5154
G epoch=60/120 loss=1.4933
G epoch=61/120 loss=1.4719
G epoch=62/120 loss=1.4505
G epoch=63/120 loss=1.4292
G epoch=64/120 loss=1.4087
G epoch=65/120 loss=1.3886
G epoch=66/120 loss=1.3691
G epoch=67/120 loss=1.3495
G epoch=68/120 loss=1.3304
G epoch=69/120 loss=1.3113
G epoch=70/120 loss=1.2928
G epoch=71/120 loss=1.2748
G epoch=72/120 loss=1.2569
G epoch=73/120 loss=1.2396
G epoch=74/120 loss=1.2226
G epoch=75/120 loss=1.2057
G epoch=76/120 loss=1.1895
G epoch=77/120 loss=1.1737
G epoch=78/120 loss=1.1580
G epoch=79/120 loss=1.1432
G epoch=80/120 loss=1.1287
G epoch=81/120 loss=1.1144
G epoch=82/120 loss=1.1006
G epoch=83/120 loss=1.0871
G epoch=84/120 loss=1.0741
G epoch=85/120 loss=1.0616
G epoch=86/120 loss=1.0492
G epoch=87/120 loss=1.0371
G epoch=88/120 loss=1.0253
G epoch=89/120 loss=1.0138
G epoch=90/120 loss=1.0026
G epoch=91/120 loss=0.9916
G epoch=92/120 loss=0.9812
G epoch=93/120 loss=0.9708
G epoch=94/120 loss=0.9606
G epoch=95/120 loss=0.9506
G epoch=96/120 loss=0.9411
G epoch=97/120 loss=0.9314
G epoch=98/120 loss=0.9222
G epoch=99/120 loss=0.9129
G epoch=100/120 loss=0.9040
G epoch=101/120 loss=0.8952
G epoch=102/120 loss=0.8866
G epoch=103/120 loss=0.8780
G epoch=104/120 loss=0.8697
G epoch=105/120 loss=0.8615
G epoch=106/120 loss=0.8535
G epoch=107/120 loss=0.8455
G epoch=108/120 loss=0.8380
G epoch=109/120 loss=0.8305
G epoch=110/120 loss=0.8229
G epoch=111/120 loss=0.8159
G epoch=112/120 loss=0.8086
G epoch=113/120 loss=0.8017
G epoch=114/120 loss=0.7951
G epoch=115/120 loss=0.7883
G epoch=116/120 loss=0.7818
G epoch=117/120 loss=0.7749
G epoch=118/120 loss=0.7686
G epoch=119/120 loss=0.7619
G epoch=120/120 loss=0.7554

[2/3] pretrain D

[3/3] adversarial
generator_reward_mode=off reward_alpha=1.000 d_steps=5 d_epochs=3
Traceback (most recent call last):
  File "<frozen runpy>", line 198, in _run_module_as_main
  File "<frozen runpy>", line 88, in _run_code
  File "/content/GAN_for_SQLi_rerun_13/models/seqgan_improved/runtime/train.py", line 452, in <module>
    main()
  File "/content/GAN_for_SQLi_rerun_13/models/seqgan_improved/runtime/train.py", line 448, in main
    run_training(build_parser().parse_args())
  File "/content/GAN_for_SQLi_rerun_13/models/seqgan_improved/runtime/train.py", line 266, in run_training
    adversarial_stats = adv_train(
                        ^^^^^^^^^^
  File "/content/GAN_for_SQLi_rerun_13/models/seqgan_improved/runtime/adversarial.py", line 224, in adv_train
    discriminator_reward = rollout.get_reward(sequences.detach(), mask=mask.detach())
                           ^^^^^^^^^^^^^^^^^^^^^^^^^^^^^^^^^^^^^^^^^^^^^^^^^^^^^^^^^^
  File "/usr/local/lib/python3.12/dist-packages/torch/utils/_contextlib.py", line 124, in decorate_context
    return func(*args, **kwargs)
           ^^^^^^^^^^^^^^^^^^^^^
  File "/content/GAN_for_SQLi_rerun_13/models/seqgan_improved/runtime/rollout.py", line 87, in get_reward
    scores = self.discriminator.prob_real(completed).view(B, rollout_num)
             ^^^^^^^^^^^^^^^^^^^^^^^^^^^^^^^^^^^^^^^
  File "/content/GAN_for_SQLi_rerun_13/models/seqgan_improved/runtime/discriminator.py", line 128, in prob_real
    return F.softmax(self.forward(input_ids), dim=1)[:, 1]
                     ^^^^^^^^^^^^^^^^^^^^^^^
  File "/content/GAN_for_SQLi_rerun_13/models/seqgan_improved/runtime/discriminator.py", line 108, in forward
    h = F.relu(conv(emb)).squeeze(3)  
        ^^^^^^^^^^^^^^^^^
  File "/usr/local/lib/python3.12/dist-packages/torch/nn/functional.py", line 1723, in relu
    result = torch.relu(input)
             ^^^^^^^^^^^^^^^^^
torch.OutOfMemoryError: CUDA out of memory. Tried to allocate 160.00 MiB. GPU 0 has a total capacity of 22.03 GiB of which 33.44 MiB is free. Process 10265 has 456.00 MiB memory in use. Process 10264 has 808.00 MiB memory in use. Process 10266 has 1.99 GiB memory in use. Process 10304 has 1.90 GiB memory in use. Process 10284 has 1.91 GiB memory in use. Process 10269 has 2.02 GiB memory in use. Process 10281 has 1.96 GiB memory in use. Including non-PyTorch memory, this process has 1.41 GiB memory in use. Process 10290 has 1.89 GiB memory in use. Process 10268 has 1.94 GiB memory in use. Process 10270 has 1.84 GiB memory in use. Process 10303 has 1.90 GiB memory in use. Process 10276 has 1.93 GiB memory in use. Of the allocated memory 1.14 GiB is allocated by PyTorch, and 30.19 MiB is reserved by PyTorch but unallocated. If reserved but unallocated memory is large try setting PYTORCH_CUDA_ALLOC_CONF=expandable_segments:True to avoid fragmentation.  See documentation for Memory Management  (https://docs.pytorch.org/docs/stable/notes/cuda.html#optimizing-memory-usage-with-pytorch-cuda-alloc-conf)


===== NEW SESSION 2026-07-18T05:51:50.508201 =====

[1/3] pretrain G
G epoch=1/120 loss=5.7231
G epoch=2/120 loss=5.6166
G epoch=3/120 loss=5.5105
G epoch=4/120 loss=5.3826
G epoch=5/120 loss=5.2179
G epoch=6/120 loss=5.0061
G epoch=7/120 loss=4.7504
G epoch=8/120 loss=4.4777
G epoch=9/120 loss=4.2258
G epoch=10/120 loss=4.0145
G epoch=11/120 loss=3.8444
G epoch=12/120 loss=3.7107
G epoch=13/120 loss=3.6069
G epoch=14/120 loss=3.5234
G epoch=15/120 loss=3.4493
G epoch=16/120 loss=3.3770
G epoch=17/120 loss=3.3026
G epoch=18/120 loss=3.2289
G epoch=19/120 loss=3.1636
G epoch=20/120 loss=3.0970
G epoch=21/120 loss=3.0282
G epoch=22/120 loss=2.9593
G epoch=23/120 loss=2.8923
G epoch=24/120 loss=2.8298
G epoch=25/120 loss=2.7722
G epoch=26/120 loss=2.7129
G epoch=27/120 loss=2.6549
G epoch=28/120 loss=2.6014
G epoch=29/120 loss=2.5516
G epoch=30/120 loss=2.5024
G epoch=31/120 loss=2.4514
G epoch=32/120 loss=2.4028
G epoch=33/120 loss=2.3557
G epoch=34/120 loss=2.3054
G epoch=35/120 loss=2.2616
G epoch=36/120 loss=2.2156
G epoch=37/120 loss=2.1746
G epoch=38/120 loss=2.1281
G epoch=39/120 loss=2.0903
G epoch=40/120 loss=2.0524
G epoch=41/120 loss=2.0158
G epoch=42/120 loss=1.9816
G epoch=43/120 loss=1.9459
G epoch=44/120 loss=1.9147
G epoch=45/120 loss=1.8832
G epoch=46/120 loss=1.8520
G epoch=47/120 loss=1.8226
G epoch=48/120 loss=1.7922
G epoch=49/120 loss=1.7647
G epoch=50/120 loss=1.7368
G epoch=51/120 loss=1.7096
G epoch=52/120 loss=1.6838
G epoch=53/120 loss=1.6573
G epoch=54/120 loss=1.6325
G epoch=55/120 loss=1.6075
G epoch=56/120 loss=1.5833
G epoch=57/120 loss=1.5601
G epoch=58/120 loss=1.5372
G epoch=59/120 loss=1.5154
G epoch=60/120 loss=1.4933
G epoch=61/120 loss=1.4719
G epoch=62/120 loss=1.4505
G epoch=63/120 loss=1.4292
G epoch=64/120 loss=1.4087
G epoch=65/120 loss=1.3886
G epoch=66/120 loss=1.3691
G epoch=67/120 loss=1.3495
G epoch=68/120 loss=1.3304
G epoch=69/120 loss=1.3113
G epoch=70/120 loss=1.2928
G epoch=71/120 loss=1.2748
G epoch=72/120 loss=1.2569
G epoch=73/120 loss=1.2396
G epoch=74/120 loss=1.2226
G epoch=75/120 loss=1.2057
G epoch=76/120 loss=1.1895
G epoch=77/120 loss=1.1737
G epoch=78/120 loss=1.1580
G epoch=79/120 loss=1.1432
G epoch=80/120 loss=1.1287
G epoch=81/120 loss=1.1144
G epoch=82/120 loss=1.1006
G epoch=83/120 loss=1.0871
G epoch=84/120 loss=1.0741
G epoch=85/120 loss=1.0616
G epoch=86/120 loss=1.0492
G epoch=87/120 loss=1.0371
G epoch=88/120 loss=1.0253
G epoch=89/120 loss=1.0138
G epoch=90/120 loss=1.0026
G epoch=91/120 loss=0.9916
G epoch=92/120 loss=0.9812
G epoch=93/120 loss=0.9708
G epoch=94/120 loss=0.9606
G epoch=95/120 loss=0.9506
G epoch=96/120 loss=0.9411
G epoch=97/120 loss=0.9314
G epoch=98/120 loss=0.9222
G epoch=99/120 loss=0.9129
G epoch=100/120 loss=0.9040
G epoch=101/120 loss=0.8952
G epoch=102/120 loss=0.8866
G epoch=103/120 loss=0.8780
G epoch=104/120 loss=0.8697
G epoch=105/120 loss=0.8615
G epoch=106/120 loss=0.8535
G epoch=107/120 loss=0.8455
G epoch=108/120 loss=0.8380
G epoch=109/120 loss=0.8305
G epoch=110/120 loss=0.8229
G epoch=111/120 loss=0.8159
G epoch=112/120 loss=0.8086
G epoch=113/120 loss=0.8017
G epoch=114/120 loss=0.7951
G epoch=115/120 loss=0.7883
G epoch=116/120 loss=0.7818
G epoch=117/120 loss=0.7749
G epoch=118/120 loss=0.7686
G epoch=119/120 loss=0.7619
G epoch=120/120 loss=0.7554

[2/3] pretrain D

[3/3] adversarial
generator_reward_mode=off reward_alpha=1.000 d_steps=5 d_epochs=3
ADV epoch=1/200 g_loss=0.8636 d_loss=0.0000 reward=0.6259 reward_var=0.0004 unique=1.0000
ADV epoch=2/200 g_loss=0.9788 d_loss=0.0000 reward=0.6262 reward_var=0.0004 unique=1.0000
ADV epoch=3/200 g_loss=1.0353 d_loss=0.0000 reward=0.6242 reward_var=0.0004 unique=1.0000
ADV epoch=4/200 g_loss=1.0924 d_loss=0.0000 reward=0.6220 reward_var=0.0004 unique=1.0000
ADV epoch=5/200 g_loss=1.1085 d_loss=0.0000 reward=0.6221 reward_var=0.0004 unique=1.0000
ADV epoch=6/200 g_loss=1.1012 d_loss=0.0000 reward=0.6208 reward_var=0.0004 unique=1.0000
ADV epoch=7/200 g_loss=1.0756 d_loss=0.0000 reward=0.6197 reward_var=0.0004 unique=1.0000
ADV epoch=8/200 g_loss=1.0976 d_loss=0.0000 reward=0.6208 reward_var=0.0004 unique=1.0000
ADV epoch=9/200 g_loss=1.0389 d_loss=0.0000 reward=0.6206 reward_var=0.0004 unique=1.0000
ADV epoch=10/200 g_loss=1.0265 d_loss=0.0000 reward=0.6216 reward_var=0.0003 unique=1.0000
ADV epoch=11/200 g_loss=0.9659 d_loss=0.0000 reward=0.6225 reward_var=0.0003 unique=1.0000
ADV epoch=12/200 g_loss=0.9706 d_loss=0.0000 reward=0.6207 reward_var=0.0003 unique=1.0000
Traceback (most recent call last):
  File "<frozen runpy>", line 198, in _run_module_as_main
  File "<frozen runpy>", line 88, in _run_code
  File "/content/GAN_for_SQLi_rerun_13/models/seqgan_improved/runtime/train.py", line 452, in <module>
    main()
  File "/content/GAN_for_SQLi_rerun_13/models/seqgan_improved/runtime/train.py", line 448, in main
    run_training(build_parser().parse_args())
  File "/content/GAN_for_SQLi_rerun_13/models/seqgan_improved/runtime/train.py", line 266, in run_training
    adversarial_stats = adv_train(
                        ^^^^^^^^^^
  File "/content/GAN_for_SQLi_rerun_13/models/seqgan_improved/runtime/adversarial.py", line 224, in adv_train
    discriminator_reward = rollout.get_reward(sequences.detach(), mask=mask.detach())
                           ^^^^^^^^^^^^^^^^^^^^^^^^^^^^^^^^^^^^^^^^^^^^^^^^^^^^^^^^^^
  File "/usr/local/lib/python3.12/dist-packages/torch/utils/_contextlib.py", line 124, in decorate_context
    return func(*args, **kwargs)
           ^^^^^^^^^^^^^^^^^^^^^
  File "/content/GAN_for_SQLi_rerun_13/models/seqgan_improved/runtime/rollout.py", line 79, in get_reward
    tails = self.beta.continue_batched(


===== NEW SESSION 2026-07-18T08:55:18.018242 =====

[3/3] adversarial
generator_reward_mode=off reward_alpha=1.000 d_steps=5 d_epochs=3
Resumed adversarial checkpoint /content/drive/MyDrive/GAN/GAN_for_SQLi/result/phase2b_batch6x/_checkpoints_rerun_13/union_D_R100_V2_B6X/latest_adversarial.pt at epoch 11
Traceback (most recent call last):
  File "<frozen runpy>", line 198, in _run_module_as_main
  File "<frozen runpy>", line 88, in _run_code
  File "/content/GAN_for_SQLi_rerun_13/models/seqgan_improved/runtime/train.py", line 452, in <module>
    main()
  File "/content/GAN_for_SQLi_rerun_13/models/seqgan_improved/runtime/train.py", line 448, in main
    run_training(build_parser().parse_args())
  File "/content/GAN_for_SQLi_rerun_13/models/seqgan_improved/runtime/train.py", line 266, in run_training
    adversarial_stats = adv_train(
                        ^^^^^^^^^^
  File "/content/GAN_for_SQLi_rerun_13/models/seqgan_improved/runtime/adversarial.py", line 224, in adv_train
    discriminator_reward = rollout.get_reward(sequences.detach(), mask=mask.detach())
                           ^^^^^^^^^^^^^^^^^^^^^^^^^^^^^^^^^^^^^^^^^^^^^^^^^^^^^^^^^^
  File "/usr/local/lib/python3.12/dist-packages/torch/utils/_contextlib.py", line 124, in decorate_context
    return func(*args, **kwargs)
           ^^^^^^^^^^^^^^^^^^^^^
  File "/content/GAN_for_SQLi_rerun_13/models/seqgan_improved/runtime/rollout.py", line 79, in get_reward
    tails = self.beta.continue_batched(
            ^^^^^^^^^^^^^^^^^^^^^^^^^^^
  File "/usr/local/lib/python3.12/dist-packages/torch/utils/_contextlib.py", line 124, in decorate_context
    return func(*args, **kwargs)
           ^^^^^^^^^^^^^^^^^^^^^
  File "/content/GAN_for_SQLi_rerun_13/models/seqgan_improved/runtime/generator.py", line 180, in continue_batched
    done = done | nxt.eq(self.eos_id)
                  ^^^^^^^^^^^^^^^^^^^
KeyboardInterrupt


===== NEW SESSION 2026-07-18T08:57:49.419262 =====

[3/3] adversarial
generator_reward_mode=off reward_alpha=1.000 d_steps=5 d_epochs=3
Resumed adversarial checkpoint /content/drive/MyDrive/GAN/GAN_for_SQLi/result/phase2b_batch6x/_checkpoints_rerun_13/union_D_R100_V2_B6X/latest_adversarial.pt at epoch 11
ADV epoch=11/200 g_loss=0.9611 d_loss=0.0000 reward=0.6209 reward_var=0.0004 unique=1.0000
ADV epoch=12/200 g_loss=0.9184 d_loss=0.0000 reward=0.6215 reward_var=0.0003 unique=1.0000
ADV epoch=13/200 g_loss=0.9045 d_loss=0.0000 reward=0.6227 reward_var=0.0003 unique=1.0000
ADV epoch=14/200 g_loss=0.9122 d_loss=0.0000 reward=0.6230 reward_var=0.0003 unique=1.0000
ADV epoch=15/200 g_loss=0.9368 d_loss=0.0000 reward=0.6233 reward_var=0.0003 unique=1.0000
ADV epoch=16/200 g_loss=0.9618 d_loss=0.0000 reward=0.6228 reward_var=0.0003 unique=1.0000
ADV epoch=17/200 g_loss=0.9905 d_loss=0.0000 reward=0.6220 reward_var=0.0004 unique=1.0000
ADV epoch=18/200 g_loss=0.9947 d_loss=0.0000 reward=0.6234 reward_var=0.0003 unique=1.0000
ADV epoch=19/200 g_loss=1.0053 d_loss=0.0000 reward=0.6225 reward_var=0.0003 unique=1.0000
ADV epoch=20/200 g_loss=0.9943 d_loss=0.0000 reward=0.6207 reward_var=0.0003 unique=1.0000
ADV epoch=21/200 g_loss=0.9756 d_loss=0.0000 reward=0.6225 reward_var=0.0003 unique=1.0000
ADV epoch=22/200 g_loss=0.9663 d_loss=0.0000 reward=0.6223 reward_var=0.0003 unique=1.0000
ADV epoch=23/200 g_loss=0.9454 d_loss=0.0000 reward=0.6227 reward_var=0.0003 unique=1.0000
ADV epoch=24/200 g_loss=0.9332 d_loss=0.0000 reward=0.6234 reward_var=0.0003 unique=1.0000
ADV epoch=25/200 g_loss=0.8988 d_loss=0.0000 reward=0.6222 reward_var=0.0003 unique=1.0000
ADV epoch=26/200 g_loss=0.8583 d_loss=0.0000 reward=0.6229 reward_var=0.0003 unique=1.0000
ADV epoch=27/200 g_loss=0.8169 d_loss=0.0000 reward=0.6235 reward_var=0.0003 unique=1.0000
ADV epoch=28/200 g_loss=0.7468 d_loss=0.0000 reward=0.6217 reward_var=0.0003 unique=1.0000
ADV epoch=29/200 g_loss=0.7256 d_loss=0.0000 reward=0.6222 reward_var=0.0003 unique=1.0000
ADV epoch=30/200 g_loss=0.7016 d_loss=0.0000 reward=0.6228 reward_var=0.0003 unique=1.0000
ADV epoch=31/200 g_loss=0.6756 d_loss=0.0000 reward=0.6215 reward_var=0.0003 unique=1.0000
ADV epoch=32/200 g_loss=0.6376 d_loss=0.0000 reward=0.6203 reward_var=0.0003 unique=1.0000
ADV epoch=33/200 g_loss=0.6609 d_loss=0.0000 reward=0.6211 reward_var=0.0003 unique=1.0000
ADV epoch=34/200 g_loss=0.6638 d_loss=0.0000 reward=0.6205 reward_var=0.0003 unique=1.0000
ADV epoch=35/200 g_loss=0.6546 d_loss=0.0000 reward=0.6200 reward_var=0.0003 unique=1.0000
ADV epoch=36/200 g_loss=0.6119 d_loss=0.0000 reward=0.6201 reward_var=0.0004 unique=1.0000
ADV epoch=37/200 g_loss=0.5607 d_loss=0.0000 reward=0.6199 reward_var=0.0003 unique=1.0000
ADV epoch=38/200 g_loss=0.5248 d_loss=0.0000 reward=0.6200 reward_var=0.0003 unique=1.0000
ADV epoch=39/200 g_loss=0.4944 d_loss=0.0000 reward=0.6206 reward_var=0.0003 unique=1.0000
ADV epoch=40/200 g_loss=0.4793 d_loss=0.0000 reward=0.6197 reward_var=0.0003 unique=1.0000
ADV epoch=41/200 g_loss=0.4667 d_loss=0.0000 reward=0.6199 reward_var=0.0003 unique=1.0000
ADV epoch=42/200 g_loss=0.4669 d_loss=0.0000 reward=0.6195 reward_var=0.0004 unique=1.0000
ADV epoch=43/200 g_loss=0.4748 d_loss=0.0000 reward=0.6216 reward_var=0.0004 unique=1.0000
ADV epoch=44/200 g_loss=0.4778 d_loss=0.0000 reward=0.6235 reward_var=0.0004 unique=1.0000
ADV epoch=45/200 g_loss=0.4710 d_loss=0.0000 reward=0.6254 reward_var=0.0004 unique=1.0000
ADV epoch=46/200 g_loss=0.4878 d_loss=0.0000 reward=0.6292 reward_var=0.0004 unique=1.0000
ADV epoch=47/200 g_loss=0.4919 d_loss=0.0000 reward=0.6311 reward_var=0.0004 unique=1.0000
ADV epoch=48/200 g_loss=0.5109 d_loss=0.0000 reward=0.6349 reward_var=0.0004 unique=1.0000
ADV epoch=49/200 g_loss=0.5184 d_loss=0.0000 reward=0.6356 reward_var=0.0004 unique=1.0000
ADV epoch=50/200 g_loss=0.5370 d_loss=0.0000 reward=0.6379 reward_var=0.0004 unique=1.0000
ADV epoch=51/200 g_loss=0.5462 d_loss=0.0000 reward=0.6378 reward_var=0.0004 unique=1.0000
ADV epoch=52/200 g_loss=0.5458 d_loss=0.0000 reward=0.6397 reward_var=0.0004 unique=1.0000
ADV epoch=53/200 g_loss=0.5562 d_loss=0.0000 reward=0.6432 reward_var=0.0004 unique=1.0000
ADV epoch=54/200 g_loss=0.5641 d_loss=0.0000 reward=0.6440 reward_var=0.0004 unique=1.0000
ADV epoch=55/200 g_loss=0.5571 d_loss=0.0000 reward=0.6439 reward_var=0.0003 unique=1.0000
ADV epoch=56/200 g_loss=0.5659 d_loss=0.0000 reward=0.6456 reward_var=0.0003 unique=1.0000
ADV epoch=57/200 g_loss=0.5814 d_loss=0.0000 reward=0.6464 reward_var=0.0004 unique=1.0000
ADV epoch=58/200 g_loss=0.5945 d_loss=0.0000 reward=0.6487 reward_var=0.0003 unique=1.0000
ADV epoch=59/200 g_loss=0.5893 d_loss=0.0000 reward=0.6495 reward_var=0.0003 unique=1.0000
ADV epoch=60/200 g_loss=0.5881 d_loss=0.0000 reward=0.6508 reward_var=0.0004 unique=1.0000
ADV epoch=61/200 g_loss=0.5620 d_loss=0.0000 reward=0.6499 reward_var=0.0004 unique=1.0000
ADV epoch=62/200 g_loss=0.5610 d_loss=0.0000 reward=0.6501 reward_var=0.0004 unique=1.0000
ADV epoch=63/200 g_loss=0.5481 d_loss=0.0000 reward=0.6518 reward_var=0.0004 unique=1.0000
ADV epoch=64/200 g_loss=0.5354 d_loss=0.0000 reward=0.6513 reward_var=0.0003 unique=1.0000
ADV epoch=65/200 g_loss=0.5364 d_loss=0.0000 reward=0.6514 reward_var=0.0004 unique=1.0000
ADV epoch=66/200 g_loss=0.5222 d_loss=0.0000 reward=0.6519 reward_var=0.0004 unique=1.0000
ADV epoch=67/200 g_loss=0.5154 d_loss=0.0000 reward=0.6525 reward_var=0.0003 unique=1.0000
ADV epoch=68/200 g_loss=0.4865 d_loss=0.0000 reward=0.6530 reward_var=0.0003 unique=1.0000
ADV epoch=69/200 g_loss=0.4398 d_loss=0.0000 reward=0.6532 reward_var=0.0003 unique=1.0000
ADV epoch=70/200 g_loss=0.4185 d_loss=0.0000 reward=0.6514 reward_var=0.0003 unique=1.0000
ADV epoch=71/200 g_loss=0.4293 d_loss=0.0000 reward=0.6525 reward_var=0.0003 unique=1.0000
ADV epoch=72/200 g_loss=0.4457 d_loss=0.0000 reward=0.6521 reward_var=0.0004 unique=1.0000
ADV epoch=73/200 g_loss=0.4600 d_loss=0.0000 reward=0.6531 reward_var=0.0004 unique=1.0000
ADV epoch=74/200 g_loss=0.4680 d_loss=0.0000 reward=0.6557 reward_var=0.0003 unique=1.0000
ADV epoch=75/200 g_loss=0.4759 d_loss=0.0000 reward=0.6529 reward_var=0.0004 unique=1.0000
ADV epoch=76/200 g_loss=0.4913 d_loss=0.0000 reward=0.6537 reward_var=0.0004 unique=1.0000
ADV epoch=77/200 g_loss=0.5207 d_loss=0.0000 reward=0.6542 reward_var=0.0003 unique=1.0000
ADV epoch=78/200 g_loss=0.5413 d_loss=0.0000 reward=0.6559 reward_var=0.0004 unique=1.0000
ADV epoch=79/200 g_loss=0.5627 d_loss=0.0000 reward=0.6572 reward_var=0.0003 unique=1.0000
ADV epoch=80/200 g_loss=0.5846 d_loss=0.0000 reward=0.6557 reward_var=0.0004 unique=1.0000
ADV epoch=81/200 g_loss=0.6034 d_loss=0.0000 reward=0.6564 reward_var=0.0003 unique=1.0000
ADV epoch=82/200 g_loss=0.6242 d_loss=0.0000 reward=0.6563 reward_var=0.0003 unique=1.0000
ADV epoch=83/200 g_loss=0.6410 d_loss=0.0000 reward=0.6593 reward_var=0.0003 unique=1.0000
ADV epoch=84/200 g_loss=0.6415 d_loss=0.0000 reward=0.6602 reward_var=0.0003 unique=1.0000
ADV epoch=85/200 g_loss=0.6442 d_loss=0.0000 reward=0.6599 reward_var=0.0003 unique=1.0000
ADV epoch=86/200 g_loss=0.6478 d_loss=0.0000 reward=0.6619 reward_var=0.0003 unique=1.0000
ADV epoch=87/200 g_loss=0.6370 d_loss=0.0000 reward=0.6608 reward_var=0.0003 unique=1.0000
ADV epoch=88/200 g_loss=0.6402 d_loss=0.0000 reward=0.6628 reward_var=0.0003 unique=1.0000
ADV epoch=89/200 g_loss=0.6321 d_loss=0.0000 reward=0.6649 reward_var=0.0003 unique=1.0000
ADV epoch=90/200 g_loss=0.5870 d_loss=0.0000 reward=0.6655 reward_var=0.0003 unique=1.0000
ADV epoch=91/200 g_loss=0.5630 d_loss=0.0000 reward=0.6654 reward_var=0.0003 unique=1.0000
ADV epoch=92/200 g_loss=0.5263 d_loss=0.0000 reward=0.6659 reward_var=0.0003 unique=1.0000
ADV epoch=93/200 g_loss=0.5114 d_loss=0.0000 reward=0.6683 reward_var=0.0003 unique=1.0000
ADV epoch=94/200 g_loss=0.4722 d_loss=0.0000 reward=0.6681 reward_var=0.0003 unique=1.0000
ADV epoch=95/200 g_loss=0.4589 d_loss=0.0000 reward=0.6693 reward_var=0.0003 unique=1.0000
ADV epoch=96/200 g_loss=0.4321 d_loss=0.0000 reward=0.6698 reward_var=0.0003 unique=1.0000
ADV epoch=97/200 g_loss=0.4104 d_loss=0.0000 reward=0.6700 reward_var=0.0003 unique=1.0000
ADV epoch=98/200 g_loss=0.3951 d_loss=0.0000 reward=0.6700 reward_var=0.0003 unique=1.0000
ADV epoch=99/200 g_loss=0.3736 d_loss=0.0000 reward=0.6684 reward_var=0.0003 unique=1.0000
ADV epoch=100/200 g_loss=0.3589 d_loss=0.0000 reward=0.6685 reward_var=0.0003 unique=1.0000
ADV epoch=101/200 g_loss=0.3487 d_loss=0.0000 reward=0.6684 reward_var=0.0003 unique=1.0000
ADV epoch=102/200 g_loss=0.3530 d_loss=0.0000 reward=0.6683 reward_var=0.0003 unique=1.0000
ADV epoch=103/200 g_loss=0.3538 d_loss=0.0000 reward=0.6672 reward_var=0.0003 unique=1.0000
ADV epoch=104/200 g_loss=0.3562 d_loss=0.0000 reward=0.6675 reward_var=0.0003 unique=1.0000
ADV epoch=105/200 g_loss=0.3599 d_loss=0.0000 reward=0.6666 reward_var=0.0003 unique=1.0000
ADV epoch=106/200 g_loss=0.3650 d_loss=0.0000 reward=0.6662 reward_var=0.0003 unique=1.0000
ADV epoch=107/200 g_loss=0.3729 d_loss=0.0000 reward=0.6667 reward_var=0.0003 unique=1.0000
ADV epoch=108/200 g_loss=0.3716 d_loss=0.0000 reward=0.6664 reward_var=0.0003 unique=1.0000
ADV epoch=109/200 g_loss=0.3763 d_loss=0.0000 reward=0.6670 reward_var=0.0003 unique=1.0000
ADV epoch=110/200 g_loss=0.3697 d_loss=0.0000 reward=0.6668 reward_var=0.0003 unique=1.0000
ADV epoch=111/200 g_loss=0.3789 d_loss=0.0000 reward=0.6658 reward_var=0.0003 unique=1.0000
ADV epoch=112/200 g_loss=0.3921 d_loss=0.0000 reward=0.6662 reward_var=0.0003 unique=1.0000
ADV epoch=113/200 g_loss=0.3995 d_loss=0.0000 reward=0.6677 reward_var=0.0003 unique=1.0000
ADV epoch=114/200 g_loss=0.4174 d_loss=0.0000 reward=0.6697 reward_var=0.0003 unique=1.0000
ADV epoch=115/200 g_loss=0.4203 d_loss=0.0000 reward=0.6696 reward_var=0.0003 unique=1.0000
ADV epoch=116/200 g_loss=0.4192 d_loss=0.0000 reward=0.6704 reward_var=0.0003 unique=1.0000
ADV epoch=117/200 g_loss=0.4198 d_loss=0.0000 reward=0.6714 reward_var=0.0003 unique=1.0000
ADV epoch=118/200 g_loss=0.4189 d_loss=0.0000 reward=0.6714 reward_var=0.0003 unique=1.0000
ADV epoch=119/200 g_loss=0.4202 d_loss=0.0000 reward=0.6729 reward_var=0.0003 unique=1.0000
ADV epoch=120/200 g_loss=0.4125 d_loss=0.0000 reward=0.6720 reward_var=0.0003 unique=1.0000
ADV epoch=121/200 g_loss=0.4164 d_loss=0.0000 reward=0.6732 reward_var=0.0003 unique=1.0000
ADV epoch=122/200 g_loss=0.4126 d_loss=0.0000 reward=0.6721 reward_var=0.0003 unique=1.0000
ADV epoch=123/200 g_loss=0.4040 d_loss=0.0000 reward=0.6735 reward_var=0.0003 unique=1.0000
ADV epoch=124/200 g_loss=0.4081 d_loss=0.0000 reward=0.6728 reward_var=0.0003 unique=1.0000
ADV epoch=125/200 g_loss=0.3755 d_loss=0.0000 reward=0.6709 reward_var=0.0003 unique=1.0000
ADV epoch=126/200 g_loss=0.3505 d_loss=0.0000 reward=0.6704 reward_var=0.0003 unique=1.0000
ADV epoch=127/200 g_loss=0.3203 d_loss=0.0000 reward=0.6680 reward_var=0.0003 unique=1.0000
ADV epoch=128/200 g_loss=0.3077 d_loss=0.0000 reward=0.6693 reward_var=0.0003 unique=1.0000
ADV epoch=129/200 g_loss=0.2993 d_loss=0.0000 reward=0.6681 reward_var=0.0003 unique=1.0000
ADV epoch=130/200 g_loss=0.2894 d_loss=0.0000 reward=0.6670 reward_var=0.0003 unique=1.0000
ADV epoch=131/200 g_loss=0.2976 d_loss=0.0000 reward=0.6662 reward_var=0.0003 unique=1.0000
ADV epoch=132/200 g_loss=0.2961 d_loss=0.0000 reward=0.6670 reward_var=0.0003 unique=1.0000
ADV epoch=133/200 g_loss=0.3081 d_loss=0.0000 reward=0.6680 reward_var=0.0003 unique=1.0000
ADV epoch=134/200 g_loss=0.3200 d_loss=0.0000 reward=0.6684 reward_var=0.0003 unique=1.0000
ADV epoch=135/200 g_loss=0.3160 d_loss=0.0000 reward=0.6670 reward_var=0.0003 unique=1.0000
ADV epoch=136/200 g_loss=0.3180 d_loss=0.0000 reward=0.6679 reward_var=0.0003 unique=1.0000
ADV epoch=137/200 g_loss=0.3231 d_loss=0.0000 reward=0.6666 reward_var=0.0003 unique=1.0000
ADV epoch=138/200 g_loss=0.3106 d_loss=0.0000 reward=0.6668 reward_var=0.0003 unique=1.0000
ADV epoch=139/200 g_loss=0.3128 d_loss=0.0000 reward=0.6667 reward_var=0.0003 unique=1.0000
ADV epoch=140/200 g_loss=0.3047 d_loss=0.0000 reward=0.6666 reward_var=0.0003 unique=1.0000
ADV epoch=141/200 g_loss=0.3085 d_loss=0.0000 reward=0.6654 reward_var=0.0003 unique=1.0000
ADV epoch=142/200 g_loss=0.3017 d_loss=0.0000 reward=0.6651 reward_var=0.0003 unique=1.0000
ADV epoch=143/200 g_loss=0.2962 d_loss=0.0000 reward=0.6643 reward_var=0.0003 unique=1.0000
ADV epoch=144/200 g_loss=0.2826 d_loss=0.0000 reward=0.6639 reward_var=0.0002 unique=1.0000
ADV epoch=145/200 g_loss=0.2881 d_loss=0.0000 reward=0.6642 reward_var=0.0003 unique=1.0000
ADV epoch=146/200 g_loss=0.2870 d_loss=0.0000 reward=0.6638 reward_var=0.0003 unique=1.0000
ADV epoch=147/200 g_loss=0.2947 d_loss=0.0000 reward=0.6637 reward_var=0.0003 unique=1.0000
ADV epoch=148/200 g_loss=0.2932 d_loss=0.0000 reward=0.6647 reward_var=0.0003 unique=1.0000
ADV epoch=149/200 g_loss=0.2926 d_loss=0.0000 reward=0.6625 reward_var=0.0003 unique=1.0000
ADV epoch=150/200 g_loss=0.2845 d_loss=0.0000 reward=0.6630 reward_var=0.0003 unique=1.0000
ADV epoch=151/200 g_loss=0.2787 d_loss=0.0000 reward=0.6632 reward_var=0.0003 unique=1.0000
ADV epoch=152/200 g_loss=0.2682 d_loss=0.0000 reward=0.6630 reward_var=0.0003 unique=1.0000
ADV epoch=153/200 g_loss=0.2562 d_loss=0.0000 reward=0.6612 reward_var=0.0003 unique=1.0000
ADV epoch=154/200 g_loss=0.2711 d_loss=0.0000 reward=0.6614 reward_var=0.0003 unique=1.0000
ADV epoch=155/200 g_loss=0.2711 d_loss=0.0000 reward=0.6629 reward_var=0.0003 unique=1.0000
ADV epoch=156/200 g_loss=0.2759 d_loss=0.0000 reward=0.6629 reward_var=0.0003 unique=1.0000
ADV epoch=157/200 g_loss=0.2872 d_loss=0.0000 reward=0.6624 reward_var=0.0003 unique=1.0000
ADV epoch=158/200 g_loss=0.2874 d_loss=0.0000 reward=0.6627 reward_var=0.0003 unique=1.0000
ADV epoch=159/200 g_loss=0.2975 d_loss=0.0000 reward=0.6631 reward_var=0.0002 unique=1.0000
ADV epoch=160/200 g_loss=0.3049 d_loss=0.0000 reward=0.6616 reward_var=0.0002 unique=1.0000
ADV epoch=161/200 g_loss=0.3127 d_loss=0.0000 reward=0.6625 reward_var=0.0003 unique=1.0000
ADV epoch=162/200 g_loss=0.3204 d_loss=0.0000 reward=0.6613 reward_var=0.0003 unique=1.0000
ADV epoch=163/200 g_loss=0.3195 d_loss=0.0000 reward=0.6621 reward_var=0.0003 unique=1.0000
ADV epoch=164/200 g_loss=0.3196 d_loss=0.0000 reward=0.6608 reward_var=0.0002 unique=1.0000
ADV epoch=165/200 g_loss=0.3096 d_loss=0.0000 reward=0.6612 reward_var=0.0003 unique=1.0000
ADV epoch=166/200 g_loss=0.3035 d_loss=0.0000 reward=0.6601 reward_var=0.0003 unique=1.0000


===== NEW SESSION 2026-07-19T09:05:26.371333 =====

[3/3] adversarial
generator_reward_mode=off reward_alpha=1.000 d_steps=5 d_epochs=3
Traceback (most recent call last):
  File "<frozen runpy>", line 198, in _run_module_as_main
  File "<frozen runpy>", line 88, in _run_code
  File "/content/GAN_for_SQLi_rerun_13/models/seqgan_improved/runtime/train.py", line 452, in <module>
    main()
  File "/content/GAN_for_SQLi_rerun_13/models/seqgan_improved/runtime/train.py", line 448, in main
    run_training(build_parser().parse_args())
  File "/content/GAN_for_SQLi_rerun_13/models/seqgan_improved/runtime/train.py", line 266, in run_training
    adversarial_stats = adv_train(
                        ^^^^^^^^^^
  File "/content/GAN_for_SQLi_rerun_13/models/seqgan_improved/runtime/adversarial.py", line 181, in adv_train
    optimizer = optim.Adam(generator.parameters(), lr=gen_lr)
                ^^^^^^^^^^^^^^^^^^^^^^^^^^^^^^^^^^^^^^^^^^^^^
  File "/usr/local/lib/python3.12/dist-packages/torch/optim/adam.py", line 102, in __init__
    super().__init__(params, defaults)
  File "/usr/local/lib/python3.12/dist-packages/torch/optim/optimizer.py", line 408, in __init__
    self.add_param_group(cast(dict, param_group))
  File "/usr/local/lib/python3.12/dist-packages/torch/_compile.py", line 47, in inner
    import torch._dynamo
  File "/usr/local/lib/python3.12/dist-packages/torch/_dynamo/__init__.py", line 13, in <module>
    from . import (
  File "/usr/local/lib/python3.12/dist-packages/torch/_dynamo/aot_compile.py", line 15, in <module>
    from torch._dynamo.convert_frame import GraphRuntimeEnv
  File "/usr/local/lib/python3.12/dist-packages/torch/_dynamo/convert_frame.py", line 62, in <module>
    from torch._dynamo.symbolic_convert import TensorifyState
  File "/usr/local/lib/python3.12/dist-packages/torch/_dynamo/symbolic_convert.py", line 54, in <module>
    from torch._dynamo.exc import ObservedException, TensorifyScalarRestartAnalysis
  File "/usr/local/lib/python3.12/dist-packages/torch/_dynamo/exc.py", line 44, in <module>
    from .utils import counters
  File "/usr/local/lib/python3.12/dist-packages/torch/_dynamo/utils.py", line 70, in <module>
    import torch.fx.experimental.symbolic_shapes
  File "/usr/local/lib/python3.12/dist-packages/torch/fx/experimental/symbolic_shapes.py", line 3, in <module>
    import sympy
  File "/usr/local/lib/python3.12/dist-packages/sympy/__init__.py", line 77, in <module>
    from .polys import (Poly, PurePoly, poly_from_expr, parallel_poly_from_expr,
  File "/usr/local/lib/python3.12/dist-packages/sympy/polys/__init__.py", line 79, in <module>
    from .polyfuncs import (symmetrize, horner, interpolate,
  File "/usr/local/lib/python3.12/dist-packages/sympy/polys/polyfuncs.py", line 10, in <module>
    from sympy.polys.specialpolys import (
  File "/usr/local/lib/python3.12/dist-packages/sympy/polys/specialpolys.py", line 298, in <module>
    from sympy.polys.rings import ring
  File "/usr/local/lib/python3.12/dist-packages/sympy/polys/rings.py", line 31, in <module>
    from sympy.printing.defaults import DefaultPrinting
  File "/usr/local/lib/python3.12/dist-packages/sympy/printing/__init__.py", line 11, in <module>
    from .pycode import pycode
  File "/usr/local/lib/python3.12/dist-packages/sympy/printing/pycode.py", line 11, in <module>
    from .codeprinter import CodePrinter
  File "/usr/local/lib/python3.12/dist-packages/sympy/printing/codeprinter.py", line 13, in <module>
    from sympy.functions.elementary.complexes import re
  File "/usr/local/lib/python3.12/dist-packages/sympy/functions/__init__.py", line 19, in <module>
    from sympy.functions.elementary.trigonometric import (sin, cos, tan,
KeyboardInterrupt


===== NEW SESSION 2026-07-19T09:05:57.401470 =====

[3/3] adversarial
generator_reward_mode=off reward_alpha=1.000 d_steps=5 d_epochs=3
Resumed adversarial checkpoint /content/drive/MyDrive/GAN/GAN_for_SQLi/result/phase2b_batch6x/_checkpoints_rerun_13/union_D_R100_V2_B6X/latest_adversarial.pt at epoch 161
ADV epoch=161/200 g_loss=0.3085 d_loss=0.0000 reward=0.6604 reward_var=0.0002 unique=1.0000
ADV epoch=162/200 g_loss=0.3080 d_loss=0.0000 reward=0.6607 reward_var=0.0003 unique=1.0000
ADV epoch=163/200 g_loss=0.2996 d_loss=0.0000 reward=0.6614 reward_var=0.0002 unique=1.0000
ADV epoch=164/200 g_loss=0.2979 d_loss=0.0000 reward=0.6602 reward_var=0.0003 unique=1.0000
ADV epoch=165/200 g_loss=0.2959 d_loss=0.0000 reward=0.6609 reward_var=0.0003 unique=1.0000
ADV epoch=166/200 g_loss=0.2817 d_loss=0.0000 reward=0.6606 reward_var=0.0003 unique=1.0000
ADV epoch=167/200 g_loss=0.2720 d_loss=0.0000 reward=0.6600 reward_var=0.0003 unique=1.0000
ADV epoch=168/200 g_loss=0.2704 d_loss=0.0000 reward=0.6584 reward_var=0.0003 unique=1.0000
ADV epoch=169/200 g_loss=0.2653 d_loss=0.0000 reward=0.6591 reward_var=0.0003 unique=1.0000
ADV epoch=170/200 g_loss=0.2680 d_loss=0.0000 reward=0.6589 reward_var=0.0003 unique=1.0000
ADV epoch=171/200 g_loss=0.2716 d_loss=0.0000 reward=0.6598 reward_var=0.0003 unique=1.0000
ADV epoch=172/200 g_loss=0.2680 d_loss=0.0000 reward=0.6595 reward_var=0.0003 unique=1.0000
ADV epoch=173/200 g_loss=0.2694 d_loss=0.0000 reward=0.6619 reward_var=0.0003 unique=1.0000
ADV epoch=174/200 g_loss=0.2650 d_loss=0.0000 reward=0.6610 reward_var=0.0003 unique=1.0000
ADV epoch=175/200 g_loss=0.2799 d_loss=0.0000 reward=0.6613 reward_var=0.0003 unique=1.0000
ADV epoch=176/200 g_loss=0.2772 d_loss=0.0000 reward=0.6618 reward_var=0.0003 unique=1.0000
ADV epoch=177/200 g_loss=0.2795 d_loss=0.0000 reward=0.6629 reward_var=0.0002 unique=1.0000
ADV epoch=178/200 g_loss=0.2786 d_loss=0.0000 reward=0.6623 reward_var=0.0003 unique=1.0000
ADV epoch=179/200 g_loss=0.2872 d_loss=0.0000 reward=0.6649 reward_var=0.0003 unique=1.0000
ADV epoch=180/200 g_loss=0.2911 d_loss=0.0000 reward=0.6650 reward_var=0.0003 unique=1.0000
ADV epoch=181/200 g_loss=0.2910 d_loss=0.0000 reward=0.6646 reward_var=0.0003 unique=1.0000
ADV epoch=182/200 g_loss=0.2999 d_loss=0.0000 reward=0.6674 reward_var=0.0003 unique=1.0000
ADV epoch=183/200 g_loss=0.2977 d_loss=0.0000 reward=0.6672 reward_var=0.0003 unique=1.0000
ADV epoch=184/200 g_loss=0.3120 d_loss=0.0000 reward=0.6675 reward_var=0.0003 unique=1.0000
ADV epoch=185/200 g_loss=0.3193 d_loss=0.0000 reward=0.6681 reward_var=0.0002 unique=1.0000
ADV epoch=186/200 g_loss=0.3488 d_loss=0.0000 reward=0.6676 reward_var=0.0003 unique=1.0000
ADV epoch=187/200 g_loss=0.3765 d_loss=0.0000 reward=0.6692 reward_var=0.0003 unique=1.0000
ADV epoch=188/200 g_loss=0.4090 d_loss=0.0000 reward=0.6701 reward_var=0.0003 unique=1.0000
ADV epoch=189/200 g_loss=0.4519 d_loss=0.0000 reward=0.6713 reward_var=0.0003 unique=1.0000
ADV epoch=190/200 g_loss=0.5078 d_loss=0.0000 reward=0.6730 reward_var=0.0003 unique=1.0000
ADV epoch=191/200 g_loss=0.5972 d_loss=0.0000 reward=0.6753 reward_var=0.0002 unique=1.0000
ADV epoch=192/200 g_loss=0.6780 d_loss=0.0000 reward=0.6750 reward_var=0.0002 unique=1.0000
ADV epoch=193/200 g_loss=0.7585 d_loss=0.0000 reward=0.6760 reward_var=0.0003 unique=1.0000
ADV epoch=194/200 g_loss=0.8812 d_loss=0.0000 reward=0.6765 reward_var=0.0003 unique=1.0000
ADV epoch=195/200 g_loss=0.9531 d_loss=0.0000 reward=0.6754 reward_var=0.0003 unique=1.0000
ADV epoch=196/200 g_loss=1.0135 d_loss=0.0000 reward=0.6749 reward_var=0.0003 unique=1.0000
ADV epoch=197/200 g_loss=1.0664 d_loss=0.0000 reward=0.6731 reward_var=0.0003 unique=1.0000
ADV epoch=198/200 g_loss=1.1302 d_loss=0.0000 reward=0.6722 reward_var=0.0002 unique=1.0000
ADV epoch=199/200 g_loss=1.1698 d_loss=0.0000 reward=0.6682 reward_var=0.0002 unique=1.0000
ADV epoch=200/200 g_loss=1.1309 d_loss=0.0000 reward=0.6635 reward_var=0.0003 unique=1.0000
saved 2000 raw samples to /content/drive/MyDrive/GAN/GAN_for_SQLi/result/phase2b_batch6x/union/D/R100/V2_B6X/generated_payloads.csv
