{
  "metric_schema_version": "quality-metrics-v3",
  "normalization_version": "nfkc_html_percent1_casefold_ws_quotes_v1",
  "seed": 88,
  "method": "seqgan_improved",
  "family": "time",
  "scenario": "D",
  "ratio": "200",
  "generation_kind": "direct",
  "schema_valid": true,
  "stop_reason": "n/a",
  "n_generated": 1999,
  "unique_rate": 0.9879939969984992,
  "normalized_unique_rate": 0.9859929964982491,
  "duplicate_rate": 0.012006003001500787,
  "model_collapse_rate": 0.012006003001500787,
  "dominant_payload_share": 0.003501750875437719,
  "normalized_dominant_payload_share": 0.003501750875437719,
  "sql_parse_rate": 1.0,
  "sql_structure_rate": 0.9139569784892446,
  "family_motif_coverage": 0.8,
  "family_motif_hit_rate": 0.6853426713356678,
  "garbage_rate": 0.08604302151075538,
  "wellformed_rate": 1.0,
  "shaped_rate": 0.9139569784892446,
  "family_motif_coverage_by_family": {
    "time": 0.8
  },
  "family_motif_hit_rate_by_family": {
    "time": 0.6853426713356678
  },
  "inferred_family_distribution": {
    "boolean": 0.07453726863431716,
    "union": 0.07103551775887944,
    "time": 0.6853426713356678,
    "error": 0.0,
    "other": 0.16908454227113556
  },
  "train_reference_count": 78,
  "holdout_reference_count": 296,
  "exact_input_overlap": 0.007003501750875438,
  "normalized_input_overlap": 0.007003501750875438,
  "holdout_overlap": 0.0005002501250625312,
  "normalized_holdout_overlap": 0.0010005002501250625,
  "nearest_input_similarity_mean": 0.36326202935637636,
  "nearest_input_similarity_median": 0.3416666666666667,
  "nearest_input_similarity_p90": 0.5502040816326531,
  "nearest_char3_jaccard_mean": 0.36326202935637636,
  "nearest_char3_jaccard_median": 0.3416666666666667,
  "nearest_char3_jaccard_p90": 0.5502040816326531,
  "nearest_token_jaccard_mean": 0.3715810917509984,
  "nearest_token_jaccard_median": 0.38461538461538464,
  "nearest_token_jaccard_p90": 0.5833333333333334,
  "nearest_edit_similarity_mean": 0.35750117158306477,
  "nearest_edit_similarity_median": 0.32530120481927716,
  "nearest_edit_similarity_p90": 0.574468085106383,
  "nearest_feature_cosine_mean": 0.9026599680528797,
  "nearest_feature_cosine_median": 0.9304233257527004,
  "nearest_feature_cosine_p90": 0.9837720385842524,
  "nearest_input_distance_mean": 0.6367379706436236,
  "nearest_input_distance_median": 0.6583333333333333,
  "nearest_input_distance_p90": 0.809688013136289,
  "mean_nearest_similarity": 0.36326202935637636,
  "median_nearest_similarity": 0.3416666666666667,
  "p90_nearest_similarity": 0.5502040816326531,
  "unique_nearest_payload_rate": 0.03801900950475238,
  "dominant_retrieved_payload_share": 0.09304652326163082,
  "nearest_reference_count": 78,
  "distinct_1": 0.04248294078802553,
  "distinct_2": 0.13129001568486282,
  "distinct_3": 0.2650253243411609,
  "lexical_diversity": 0.04248294078802553,
  "character_diversity": 0.7879143307818517,
  "token_diversity": 0.48664520901454394,
  "keyword_diversity": 0.8060030050333388,
  "operator_diversity": 0.4206797857978474,
  "function_diversity": 0.4566139061067772,
  "comment_style_diversity": 0.6666666666666666,
  "length_zone_diversity": 1.0,
  "self_bleu": 0.9542295171546599,
  "self_bleu_char": 0.9542295171546599,
  "requested_count": 2000,
  "generated_count_fraction": 0.9995
}
