
[1/3] pretrain G
G epoch=1/15 loss=4.2955
G epoch=2/15 loss=3.3215
G epoch=3/15 loss=2.8110
G epoch=4/15 loss=2.5515
G epoch=5/15 loss=2.3992
G epoch=6/15 loss=2.2356
G epoch=7/15 loss=2.1440
G epoch=8/15 loss=1.9915
G epoch=9/15 loss=1.8986
G epoch=10/15 loss=1.8242
G epoch=11/15 loss=1.7323
G epoch=12/15 loss=1.6502
G epoch=13/15 loss=1.5775
G epoch=14/15 loss=1.5220
G epoch=15/15 loss=1.4830

[2/3] pretrain D
D step=1/8 epoch=1/2 loss=0.8961 l2=0.2000 label_smoothing=0.000
D step=1/8 epoch=2/2 loss=0.7150 l2=0.2000 label_smoothing=0.000
D step=2/8 epoch=1/2 loss=0.6062 l2=0.2000 label_smoothing=0.000
D step=2/8 epoch=2/2 loss=0.5134 l2=0.2000 label_smoothing=0.000
D step=3/8 epoch=1/2 loss=0.4309 l2=0.2000 label_smoothing=0.000
D step=3/8 epoch=2/2 loss=0.3443 l2=0.2000 label_smoothing=0.000
D step=4/8 epoch=1/2 loss=0.2926 l2=0.2000 label_smoothing=0.000
D step=4/8 epoch=2/2 loss=0.2452 l2=0.2000 label_smoothing=0.000
D step=5/8 epoch=1/2 loss=0.2041 l2=0.2000 label_smoothing=0.000
D step=5/8 epoch=2/2 loss=0.1674 l2=0.2000 label_smoothing=0.000
D step=6/8 epoch=1/2 loss=0.1480 l2=0.2000 label_smoothing=0.000
D step=6/8 epoch=2/2 loss=0.1397 l2=0.2000 label_smoothing=0.000
D step=7/8 epoch=1/2 loss=0.1278 l2=0.2000 label_smoothing=0.000
D step=7/8 epoch=2/2 loss=0.1096 l2=0.2000 label_smoothing=0.000
D step=8/8 epoch=1/2 loss=0.1022 l2=0.2000 label_smoothing=0.000
D step=8/8 epoch=2/2 loss=0.0939 l2=0.2000 label_smoothing=0.000

[3/3] adversarial
generator_reward_mode=off reward_alpha=1.000 d_steps=3 d_epochs=1
D step=1/3 epoch=1/1 loss=0.1159 l2=0.2000 label_smoothing=0.000
D step=2/3 epoch=1/1 loss=0.1006 l2=0.2000 label_smoothing=0.000
D step=3/3 epoch=1/1 loss=0.0911 l2=0.2000 label_smoothing=0.000
ADV epoch=1/6 g_loss=0.0532 d_loss=0.1025 reward=0.0285 reward_var=0.0032 unique=1.0000
D step=1/3 epoch=1/1 loss=0.0866 l2=0.2000 label_smoothing=0.000
D step=2/3 epoch=1/1 loss=0.0761 l2=0.2000 label_smoothing=0.000
D step=3/3 epoch=1/1 loss=0.0724 l2=0.2000 label_smoothing=0.000
ADV epoch=2/6 g_loss=0.0262 d_loss=0.0784 reward=0.0145 reward_var=0.0009 unique=1.0000
D step=1/3 epoch=1/1 loss=0.0714 l2=0.2000 label_smoothing=0.000
D step=2/3 epoch=1/1 loss=0.0670 l2=0.2000 label_smoothing=0.000
D step=3/3 epoch=1/1 loss=0.0607 l2=0.2000 label_smoothing=0.000
ADV epoch=3/6 g_loss=0.0133 d_loss=0.0664 reward=0.0079 reward_var=0.0022 unique=1.0000
saved 200 raw samples to /content/drive/MyDrive/GAN/GAN_SQLi_Colab/results_seqgan_only_mini/phase2a/seqgan_master/boolean/D/R50/generated_payloads.csv
