
[1/3] pretrain G
G epoch=1/60 loss=4.6100
G epoch=2/60 loss=4.4860
G epoch=3/60 loss=4.3506
G epoch=4/60 loss=4.1913
G epoch=5/60 loss=3.9672
G epoch=6/60 loss=3.7615
G epoch=7/60 loss=3.4667
G epoch=8/60 loss=3.2578
G epoch=9/60 loss=3.1058
G epoch=10/60 loss=2.9435
G epoch=11/60 loss=2.8826
G epoch=12/60 loss=2.7862
G epoch=13/60 loss=2.7403
G epoch=14/60 loss=2.6071
G epoch=15/60 loss=2.5333
G epoch=16/60 loss=2.4610
G epoch=17/60 loss=2.4200
G epoch=18/60 loss=2.3535
G epoch=19/60 loss=2.2463
G epoch=20/60 loss=2.2235
G epoch=21/60 loss=2.1547
G epoch=22/60 loss=2.0818
G epoch=23/60 loss=2.0321
G epoch=24/60 loss=1.9881
G epoch=25/60 loss=1.9423
G epoch=26/60 loss=1.8444
G epoch=27/60 loss=1.8484
G epoch=28/60 loss=1.7721
G epoch=29/60 loss=1.7680
G epoch=30/60 loss=1.7334
G epoch=31/60 loss=1.6446
G epoch=32/60 loss=1.6554
G epoch=33/60 loss=1.5780
G epoch=34/60 loss=1.5443
G epoch=35/60 loss=1.5383
G epoch=36/60 loss=1.5115
G epoch=37/60 loss=1.4808
G epoch=38/60 loss=1.3888
G epoch=39/60 loss=1.4116
G epoch=40/60 loss=1.3797
G epoch=41/60 loss=1.3435
G epoch=42/60 loss=1.3098
G epoch=43/60 loss=1.2744
G epoch=44/60 loss=1.2519
G epoch=45/60 loss=1.2396
G epoch=46/60 loss=1.2276
G epoch=47/60 loss=1.1893
G epoch=48/60 loss=1.1470
G epoch=49/60 loss=1.1324
G epoch=50/60 loss=1.1078
G epoch=51/60 loss=1.0896
G epoch=52/60 loss=1.0752
G epoch=53/60 loss=1.0724
G epoch=54/60 loss=1.0533
G epoch=55/60 loss=1.0575
G epoch=56/60 loss=1.0260
G epoch=57/60 loss=1.0180
G epoch=58/60 loss=0.9967
G epoch=59/60 loss=0.9607
G epoch=60/60 loss=0.9768

[2/3] pretrain D
D step=1/30 epoch=1/3 loss=0.9199 l2=0.2000 label_smoothing=0.000
D step=1/30 epoch=2/3 loss=0.6699 l2=0.2000 label_smoothing=0.000
D step=1/30 epoch=3/3 loss=0.6483 l2=0.2000 label_smoothing=0.000
D step=2/30 epoch=1/3 loss=0.6242 l2=0.2000 label_smoothing=0.000
D step=2/30 epoch=2/3 loss=0.5292 l2=0.2000 label_smoothing=0.000
D step=2/30 epoch=3/3 loss=0.4777 l2=0.2000 label_smoothing=0.000
D step=3/30 epoch=1/3 loss=0.4588 l2=0.2000 label_smoothing=0.000
D step=3/30 epoch=2/3 loss=0.4360 l2=0.2000 label_smoothing=0.000
D step=3/30 epoch=3/3 loss=0.3793 l2=0.2000 label_smoothing=0.000
D step=4/30 epoch=1/3 loss=0.3861 l2=0.2000 label_smoothing=0.000
D step=4/30 epoch=2/3 loss=0.3583 l2=0.2000 label_smoothing=0.000
D step=4/30 epoch=3/3 loss=0.3075 l2=0.2000 label_smoothing=0.000
D step=5/30 epoch=1/3 loss=0.2857 l2=0.2000 label_smoothing=0.000
D step=5/30 epoch=2/3 loss=0.2567 l2=0.2000 label_smoothing=0.000
D step=5/30 epoch=3/3 loss=0.2322 l2=0.2000 label_smoothing=0.000
D step=6/30 epoch=1/3 loss=0.2419 l2=0.2000 label_smoothing=0.000
D step=6/30 epoch=2/3 loss=0.2143 l2=0.2000 label_smoothing=0.000
D step=6/30 epoch=3/3 loss=0.1903 l2=0.2000 label_smoothing=0.000
D step=7/30 epoch=1/3 loss=0.1930 l2=0.2000 label_smoothing=0.000
D step=7/30 epoch=2/3 loss=0.1776 l2=0.2000 label_smoothing=0.000
D step=7/30 epoch=3/3 loss=0.1614 l2=0.2000 label_smoothing=0.000
D step=8/30 epoch=1/3 loss=0.1565 l2=0.2000 label_smoothing=0.000
D step=8/30 epoch=2/3 loss=0.1474 l2=0.2000 label_smoothing=0.000
D step=8/30 epoch=3/3 loss=0.1410 l2=0.2000 label_smoothing=0.000
D step=9/30 epoch=1/3 loss=0.1203 l2=0.2000 label_smoothing=0.000
D step=9/30 epoch=2/3 loss=0.1164 l2=0.2000 label_smoothing=0.000
D step=9/30 epoch=3/3 loss=0.1059 l2=0.2000 label_smoothing=0.000
D step=10/30 epoch=1/3 loss=0.1295 l2=0.2000 label_smoothing=0.000
D step=10/30 epoch=2/3 loss=0.1300 l2=0.2000 label_smoothing=0.000
D step=10/30 epoch=3/3 loss=0.1184 l2=0.2000 label_smoothing=0.000
D step=11/30 epoch=1/3 loss=0.1095 l2=0.2000 label_smoothing=0.000
D step=11/30 epoch=2/3 loss=0.1045 l2=0.2000 label_smoothing=0.000
D step=11/30 epoch=3/3 loss=0.0984 l2=0.2000 label_smoothing=0.000
D step=12/30 epoch=1/3 loss=0.0995 l2=0.2000 label_smoothing=0.000
D step=12/30 epoch=2/3 loss=0.0975 l2=0.2000 label_smoothing=0.000
D step=12/30 epoch=3/3 loss=0.0944 l2=0.2000 label_smoothing=0.000
D step=13/30 epoch=1/3 loss=0.1163 l2=0.2000 label_smoothing=0.000
D step=13/30 epoch=2/3 loss=0.1119 l2=0.2000 label_smoothing=0.000
D step=13/30 epoch=3/3 loss=0.1027 l2=0.2000 label_smoothing=0.000
D step=14/30 epoch=1/3 loss=0.0920 l2=0.2000 label_smoothing=0.000
D step=14/30 epoch=2/3 loss=0.0879 l2=0.2000 label_smoothing=0.000
D step=14/30 epoch=3/3 loss=0.0841 l2=0.2000 label_smoothing=0.000
D step=15/30 epoch=1/3 loss=0.1372 l2=0.2000 label_smoothing=0.000
D step=15/30 epoch=2/3 loss=0.0998 l2=0.2000 label_smoothing=0.000
D step=15/30 epoch=3/3 loss=0.0967 l2=0.2000 label_smoothing=0.000
D step=16/30 epoch=1/3 loss=0.0950 l2=0.2000 label_smoothing=0.000
D step=16/30 epoch=2/3 loss=0.0833 l2=0.2000 label_smoothing=0.000
D step=16/30 epoch=3/3 loss=0.0818 l2=0.2000 label_smoothing=0.000
D step=17/30 epoch=1/3 loss=0.0992 l2=0.2000 label_smoothing=0.000
D step=17/30 epoch=2/3 loss=0.0913 l2=0.2000 label_smoothing=0.000
D step=17/30 epoch=3/3 loss=0.0781 l2=0.2000 label_smoothing=0.000
D step=18/30 epoch=1/3 loss=0.0757 l2=0.2000 label_smoothing=0.000
D step=18/30 epoch=2/3 loss=0.0801 l2=0.2000 label_smoothing=0.000
D step=18/30 epoch=3/3 loss=0.0794 l2=0.2000 label_smoothing=0.000
D step=19/30 epoch=1/3 loss=0.0774 l2=0.2000 label_smoothing=0.000
D step=19/30 epoch=2/3 loss=0.0743 l2=0.2000 label_smoothing=0.000
D step=19/30 epoch=3/3 loss=0.0746 l2=0.2000 label_smoothing=0.000
D step=20/30 epoch=1/3 loss=0.0994 l2=0.2000 label_smoothing=0.000
D step=20/30 epoch=2/3 loss=0.0810 l2=0.2000 label_smoothing=0.000
D step=20/30 epoch=3/3 loss=0.0795 l2=0.2000 label_smoothing=0.000
D step=21/30 epoch=1/3 loss=0.0781 l2=0.2000 label_smoothing=0.000
D step=21/30 epoch=2/3 loss=0.0730 l2=0.2000 label_smoothing=0.000
D step=21/30 epoch=3/3 loss=0.0705 l2=0.2000 label_smoothing=0.000
D step=22/30 epoch=1/3 loss=0.0668 l2=0.2000 label_smoothing=0.000
D step=22/30 epoch=2/3 loss=0.0668 l2=0.2000 label_smoothing=0.000
D step=22/30 epoch=3/3 loss=0.0666 l2=0.2000 label_smoothing=0.000
D step=23/30 epoch=1/3 loss=0.0691 l2=0.2000 label_smoothing=0.000
D step=23/30 epoch=2/3 loss=0.0670 l2=0.2000 label_smoothing=0.000
D step=23/30 epoch=3/3 loss=0.0669 l2=0.2000 label_smoothing=0.000
D step=24/30 epoch=1/3 loss=0.0686 l2=0.2000 label_smoothing=0.000
D step=24/30 epoch=2/3 loss=0.0670 l2=0.2000 label_smoothing=0.000
D step=24/30 epoch=3/3 loss=0.0660 l2=0.2000 label_smoothing=0.000
D step=25/30 epoch=1/3 loss=0.0863 l2=0.2000 label_smoothing=0.000
D step=25/30 epoch=2/3 loss=0.0789 l2=0.2000 label_smoothing=0.000
D step=25/30 epoch=3/3 loss=0.0780 l2=0.2000 label_smoothing=0.000
D step=26/30 epoch=1/3 loss=0.0722 l2=0.2000 label_smoothing=0.000
D step=26/30 epoch=2/3 loss=0.0656 l2=0.2000 label_smoothing=0.000
D step=26/30 epoch=3/3 loss=0.0651 l2=0.2000 label_smoothing=0.000
D step=27/30 epoch=1/3 loss=0.0706 l2=0.2000 label_smoothing=0.000
D step=27/30 epoch=2/3 loss=0.0669 l2=0.2000 label_smoothing=0.000
D step=27/30 epoch=3/3 loss=0.0638 l2=0.2000 label_smoothing=0.000
D step=28/30 epoch=1/3 loss=0.0610 l2=0.2000 label_smoothing=0.000
D step=28/30 epoch=2/3 loss=0.0614 l2=0.2000 label_smoothing=0.000
D step=28/30 epoch=3/3 loss=0.0610 l2=0.2000 label_smoothing=0.000
D step=29/30 epoch=1/3 loss=0.0638 l2=0.2000 label_smoothing=0.000
D step=29/30 epoch=2/3 loss=0.0647 l2=0.2000 label_smoothing=0.000
D step=29/30 epoch=3/3 loss=0.0618 l2=0.2000 label_smoothing=0.000
D step=30/30 epoch=1/3 loss=0.0606 l2=0.2000 label_smoothing=0.000
D step=30/30 epoch=2/3 loss=0.0601 l2=0.2000 label_smoothing=0.000
D step=30/30 epoch=3/3 loss=0.0594 l2=0.2000 label_smoothing=0.000

[3/3] adversarial
generator_reward_mode=off reward_alpha=1.000 d_steps=5 d_epochs=3
D step=1/5 epoch=1/3 loss=0.0835 l2=0.2000 label_smoothing=0.000
D step=1/5 epoch=2/3 loss=0.0641 l2=0.2000 label_smoothing=0.000
D step=1/5 epoch=3/3 loss=0.0632 l2=0.2000 label_smoothing=0.000
D step=2/5 epoch=1/3 loss=0.0571 l2=0.2000 label_smoothing=0.000
D step=2/5 epoch=2/3 loss=0.0563 l2=0.2000 label_smoothing=0.000
D step=2/5 epoch=3/3 loss=0.0578 l2=0.2000 label_smoothing=0.000
D step=3/5 epoch=1/3 loss=0.0601 l2=0.2000 label_smoothing=0.000
D step=3/5 epoch=2/3 loss=0.0545 l2=0.2000 label_smoothing=0.000
D step=3/5 epoch=3/3 loss=0.0533 l2=0.2000 label_smoothing=0.000
D step=4/5 epoch=1/3 loss=0.0538 l2=0.2000 label_smoothing=0.000
D step=4/5 epoch=2/3 loss=0.0535 l2=0.2000 label_smoothing=0.000
D step=4/5 epoch=3/3 loss=0.0527 l2=0.2000 label_smoothing=0.000
D step=5/5 epoch=1/3 loss=0.0515 l2=0.2000 label_smoothing=0.000
D step=5/5 epoch=2/3 loss=0.0509 l2=0.2000 label_smoothing=0.000
D step=5/5 epoch=3/3 loss=0.0492 l2=0.2000 label_smoothing=0.000
ADV epoch=1/60 g_loss=0.0132 d_loss=0.0574 reward=0.0137 reward_var=0.0026 unique=1.0000
D step=1/5 epoch=1/3 loss=0.0602 l2=0.2000 label_smoothing=0.000
D step=1/5 epoch=2/3 loss=0.0575 l2=0.2000 label_smoothing=0.000
D step=1/5 epoch=3/3 loss=0.0482 l2=0.2000 label_smoothing=0.000
D step=2/5 epoch=1/3 loss=0.0480 l2=0.2000 label_smoothing=0.000
D step=2/5 epoch=2/3 loss=0.0490 l2=0.2000 label_smoothing=0.000
D step=2/5 epoch=3/3 loss=0.0470 l2=0.2000 label_smoothing=0.000
D step=3/5 epoch=1/3 loss=0.0490 l2=0.2000 label_smoothing=0.000
D step=3/5 epoch=2/3 loss=0.0454 l2=0.2000 label_smoothing=0.000
D step=3/5 epoch=3/3 loss=0.0453 l2=0.2000 label_smoothing=0.000
D step=4/5 epoch=1/3 loss=0.0448 l2=0.2000 label_smoothing=0.000
D step=4/5 epoch=2/3 loss=0.0437 l2=0.2000 label_smoothing=0.000
D step=4/5 epoch=3/3 loss=0.0421 l2=0.2000 label_smoothing=0.000
D step=5/5 epoch=1/3 loss=0.0420 l2=0.2000 label_smoothing=0.000
D step=5/5 epoch=2/3 loss=0.0416 l2=0.2000 label_smoothing=0.000
D step=5/5 epoch=3/3 loss=0.0402 l2=0.2000 label_smoothing=0.000
ADV epoch=2/60 g_loss=0.0144 d_loss=0.0469 reward=0.0107 reward_var=0.0008 unique=1.0000
D step=1/5 epoch=1/3 loss=0.0429 l2=0.2000 label_smoothing=0.000
D step=1/5 epoch=2/3 loss=0.0404 l2=0.2000 label_smoothing=0.000
D step=1/5 epoch=3/3 loss=0.0385 l2=0.2000 label_smoothing=0.000
D step=2/5 epoch=1/3 loss=0.0372 l2=0.2000 label_smoothing=0.000
D step=2/5 epoch=2/3 loss=0.0361 l2=0.2000 label_smoothing=0.000
D step=2/5 epoch=3/3 loss=0.0350 l2=0.2000 label_smoothing=0.000
D step=3/5 epoch=1/3 loss=0.0356 l2=0.2000 label_smoothing=0.000
D step=3/5 epoch=2/3 loss=0.0344 l2=0.2000 label_smoothing=0.000
D step=3/5 epoch=3/3 loss=0.0336 l2=0.2000 label_smoothing=0.000
D step=4/5 epoch=1/3 loss=0.0321 l2=0.2000 label_smoothing=0.000
D step=4/5 epoch=2/3 loss=0.0311 l2=0.2000 label_smoothing=0.000
D step=4/5 epoch=3/3 loss=0.0302 l2=0.2000 label_smoothing=0.000
D step=5/5 epoch=1/3 loss=0.0348 l2=0.2000 label_smoothing=0.000
D step=5/5 epoch=2/3 loss=0.0298 l2=0.2000 label_smoothing=0.000
D step=5/5 epoch=3/3 loss=0.0311 l2=0.2000 label_smoothing=0.000
ADV epoch=3/60 g_loss=0.0097 d_loss=0.0349 reward=0.0095 reward_var=0.0009 unique=1.0000
saved 500 raw samples to /content/drive/MyDrive/GAN/GAN_SQLi_Colab/results_seqgan_phase2b_phase3/phase2b/seqgan_master/union/F/R200/generated_payloads.csv
