{
  "metric_schema_version": "quality-metrics-v3",
  "normalization_version": "nfkc_html_percent1_casefold_ws_quotes_v1",
  "seed": 88,
  "method": "seqgan_master",
  "family": "time",
  "scenario": "D",
  "ratio": "500",
  "generation_kind": "direct",
  "schema_valid": true,
  "stop_reason": "n/a",
  "n_generated": 500,
  "unique_rate": 1.0,
  "normalized_unique_rate": 1.0,
  "duplicate_rate": 0.0,
  "model_collapse_rate": 0.0,
  "dominant_payload_share": 0.002,
  "normalized_dominant_payload_share": 0.002,
  "sql_parse_rate": 1.0,
  "sql_structure_rate": 0.0,
  "family_motif_coverage": 0.0,
  "family_motif_hit_rate": 0.0,
  "garbage_rate": 1.0,
  "wellformed_rate": 1.0,
  "shaped_rate": 0.0,
  "family_motif_coverage_by_family": {
    "time": 0.0
  },
  "family_motif_hit_rate_by_family": {
    "time": 0.0
  },
  "inferred_family_distribution": {
    "boolean": 0.0,
    "union": 0.0,
    "time": 0.0,
    "error": 0.0,
    "other": 1.0
  },
  "train_reference_count": 31,
  "holdout_reference_count": 296,
  "exact_input_overlap": 0.0,
  "normalized_input_overlap": 0.0,
  "holdout_overlap": 0.0,
  "normalized_holdout_overlap": 0.0,
  "nearest_input_similarity_mean": 0.037243818228605854,
  "nearest_input_similarity_median": 0.037037037037037035,
  "nearest_input_similarity_p90": 0.058823529411764705,
  "nearest_char3_jaccard_mean": 0.037243818228605854,
  "nearest_char3_jaccard_median": 0.037037037037037035,
  "nearest_char3_jaccard_p90": 0.058823529411764705,
  "nearest_token_jaccard_mean": 0.10496728647169823,
  "nearest_token_jaccard_median": 0.1,
  "nearest_token_jaccard_p90": 0.16666666666666666,
  "nearest_edit_similarity_mean": 0.16056616094890003,
  "nearest_edit_similarity_median": 0.1607142857142857,
  "nearest_edit_similarity_p90": 0.20833333333333337,
  "nearest_feature_cosine_mean": 0.7968322919417025,
  "nearest_feature_cosine_median": 0.836945809800412,
  "nearest_feature_cosine_p90": 0.9290874089961167,
  "nearest_input_distance_mean": 0.9627561817713941,
  "nearest_input_distance_median": 0.962962962962963,
  "nearest_input_distance_p90": 0.9836065573770492,
  "mean_nearest_similarity": 0.037243818228605854,
  "median_nearest_similarity": 0.037037037037037035,
  "p90_nearest_similarity": 0.058823529411764705,
  "unique_nearest_payload_rate": 0.046,
  "dominant_retrieved_payload_share": 0.168,
  "nearest_reference_count": 31,
  "distinct_1": 0.26516052318668254,
  "distinct_2": 0.5805335968379447,
  "distinct_3": 0.774657086871326,
  "lexical_diversity": 0.26516052318668254,
  "character_diversity": 0.6842319665525013,
  "token_diversity": 0.612790335459257,
  "keyword_diversity": 0.0,
  "operator_diversity": 0.0756091964849004,
  "function_diversity": 1.0000000000000002,
  "comment_style_diversity": 0.0,
  "length_zone_diversity": 0.2,
  "self_bleu": 0.8482908159376608,
  "self_bleu_char": 0.8482908159376608,
  "requested_count": 500,
  "generated_count_fraction": 1.0
}
