
[1/3] pretrain G
G epoch=1/80 loss=4.5884
G epoch=2/80 loss=4.4280
G epoch=3/80 loss=4.2255
G epoch=4/80 loss=3.9945
G epoch=5/80 loss=3.7358
G epoch=6/80 loss=3.4344
G epoch=7/80 loss=3.2283
G epoch=8/80 loss=2.9443
G epoch=9/80 loss=2.8336
G epoch=10/80 loss=2.8435
G epoch=11/80 loss=2.6976
G epoch=12/80 loss=2.7423
G epoch=13/80 loss=2.6403
G epoch=14/80 loss=2.5318
G epoch=15/80 loss=2.5584
G epoch=16/80 loss=2.5053
G epoch=17/80 loss=2.4412
G epoch=18/80 loss=2.4644
G epoch=19/80 loss=2.3740
G epoch=20/80 loss=2.3058
G epoch=21/80 loss=2.3470
G epoch=22/80 loss=2.2346
G epoch=23/80 loss=2.2521
G epoch=24/80 loss=2.2071
G epoch=25/80 loss=2.1756
G epoch=26/80 loss=2.1049
G epoch=27/80 loss=2.0518
G epoch=28/80 loss=2.0258
G epoch=29/80 loss=1.9991
G epoch=30/80 loss=1.9626
G epoch=31/80 loss=1.8683
G epoch=32/80 loss=1.8878
G epoch=33/80 loss=1.8807
G epoch=34/80 loss=1.8299
G epoch=35/80 loss=1.8297
G epoch=36/80 loss=1.8022
G epoch=37/80 loss=1.7526
G epoch=38/80 loss=1.7329
G epoch=39/80 loss=1.7486
G epoch=40/80 loss=1.7281
G epoch=41/80 loss=1.6973
G epoch=42/80 loss=1.6473
G epoch=43/80 loss=1.6732
G epoch=44/80 loss=1.6066
G epoch=45/80 loss=1.5972
G epoch=46/80 loss=1.5339
G epoch=47/80 loss=1.5581
G epoch=48/80 loss=1.4977
G epoch=49/80 loss=1.5359
G epoch=50/80 loss=1.4966
G epoch=51/80 loss=1.4904
G epoch=52/80 loss=1.4547
G epoch=53/80 loss=1.4801
G epoch=54/80 loss=1.4273
G epoch=55/80 loss=1.3762
G epoch=56/80 loss=1.4117
G epoch=57/80 loss=1.3814
G epoch=58/80 loss=1.3750
G epoch=59/80 loss=1.3541
G epoch=60/80 loss=1.3328
G epoch=61/80 loss=1.3383
G epoch=62/80 loss=1.3323
G epoch=63/80 loss=1.2944
G epoch=64/80 loss=1.2755
G epoch=65/80 loss=1.2783
G epoch=66/80 loss=1.2970
G epoch=67/80 loss=1.2325
G epoch=68/80 loss=1.2305
G epoch=69/80 loss=1.2034
G epoch=70/80 loss=1.2252
G epoch=71/80 loss=1.1836
G epoch=72/80 loss=1.1825
G epoch=73/80 loss=1.1545
G epoch=74/80 loss=1.1487
G epoch=75/80 loss=1.1184
G epoch=76/80 loss=1.1311
G epoch=77/80 loss=1.0969
G epoch=78/80 loss=1.0911
G epoch=79/80 loss=1.0946
G epoch=80/80 loss=1.1074

[2/3] pretrain D
D step=1/30 epoch=1/3 loss=0.7818 l2=0.2000 label_smoothing=0.050
D step=1/30 epoch=2/3 loss=0.7552 l2=0.2000 label_smoothing=0.050
D step=1/30 epoch=3/3 loss=0.7385 l2=0.2000 label_smoothing=0.050
D step=2/30 epoch=1/3 loss=0.7382 l2=0.2000 label_smoothing=0.050
D step=2/30 epoch=2/3 loss=0.7375 l2=0.2000 label_smoothing=0.050
D step=2/30 epoch=3/3 loss=0.7328 l2=0.2000 label_smoothing=0.050
D step=3/30 epoch=1/3 loss=0.7127 l2=0.2000 label_smoothing=0.050
D step=3/30 epoch=2/3 loss=0.6985 l2=0.2000 label_smoothing=0.050
D step=3/30 epoch=3/3 loss=0.6666 l2=0.2000 label_smoothing=0.050
D step=4/30 epoch=1/3 loss=0.6641 l2=0.2000 label_smoothing=0.050
D step=4/30 epoch=2/3 loss=0.6638 l2=0.2000 label_smoothing=0.050
D step=4/30 epoch=3/3 loss=0.6483 l2=0.2000 label_smoothing=0.050
D step=5/30 epoch=1/3 loss=0.6380 l2=0.2000 label_smoothing=0.050
D step=5/30 epoch=2/3 loss=0.6327 l2=0.2000 label_smoothing=0.050
D step=5/30 epoch=3/3 loss=0.6282 l2=0.2000 label_smoothing=0.050
D step=6/30 epoch=1/3 loss=0.6260 l2=0.2000 label_smoothing=0.050
D step=6/30 epoch=2/3 loss=0.6166 l2=0.2000 label_smoothing=0.050
D step=6/30 epoch=3/3 loss=0.5963 l2=0.2000 label_smoothing=0.050
D step=7/30 epoch=1/3 loss=0.5859 l2=0.2000 label_smoothing=0.050
D step=7/30 epoch=2/3 loss=0.5739 l2=0.2000 label_smoothing=0.050
D step=7/30 epoch=3/3 loss=0.5735 l2=0.2000 label_smoothing=0.050
D step=8/30 epoch=1/3 loss=0.5533 l2=0.2000 label_smoothing=0.050
D step=8/30 epoch=2/3 loss=0.5286 l2=0.2000 label_smoothing=0.050
D step=8/30 epoch=3/3 loss=0.5191 l2=0.2000 label_smoothing=0.050
D step=9/30 epoch=1/3 loss=0.5415 l2=0.2000 label_smoothing=0.050
D step=9/30 epoch=2/3 loss=0.5163 l2=0.2000 label_smoothing=0.050
D step=9/30 epoch=3/3 loss=0.5093 l2=0.2000 label_smoothing=0.050
D step=10/30 epoch=1/3 loss=0.5211 l2=0.2000 label_smoothing=0.050
D step=10/30 epoch=2/3 loss=0.4916 l2=0.2000 label_smoothing=0.050
D step=10/30 epoch=3/3 loss=0.4742 l2=0.2000 label_smoothing=0.050
D step=11/30 epoch=1/3 loss=0.4480 l2=0.2000 label_smoothing=0.050
D step=11/30 epoch=2/3 loss=0.4302 l2=0.2000 label_smoothing=0.050
D step=11/30 epoch=3/3 loss=0.4155 l2=0.2000 label_smoothing=0.050
D step=12/30 epoch=1/3 loss=0.4253 l2=0.2000 label_smoothing=0.050
D step=12/30 epoch=2/3 loss=0.4128 l2=0.2000 label_smoothing=0.050
D step=12/30 epoch=3/3 loss=0.4037 l2=0.2000 label_smoothing=0.050
D step=13/30 epoch=1/3 loss=0.4211 l2=0.2000 label_smoothing=0.050
D step=13/30 epoch=2/3 loss=0.3950 l2=0.2000 label_smoothing=0.050
D step=13/30 epoch=3/3 loss=0.4010 l2=0.2000 label_smoothing=0.050
D step=14/30 epoch=1/3 loss=0.3702 l2=0.2000 label_smoothing=0.050
D step=14/30 epoch=2/3 loss=0.3672 l2=0.2000 label_smoothing=0.050
D step=14/30 epoch=3/3 loss=0.3532 l2=0.2000 label_smoothing=0.050
D step=15/30 epoch=1/3 loss=0.3470 l2=0.2000 label_smoothing=0.050
D step=15/30 epoch=2/3 loss=0.3423 l2=0.2000 label_smoothing=0.050
D step=15/30 epoch=3/3 loss=0.3307 l2=0.2000 label_smoothing=0.050
D step=16/30 epoch=1/3 loss=0.3315 l2=0.2000 label_smoothing=0.050
D step=16/30 epoch=2/3 loss=0.3405 l2=0.2000 label_smoothing=0.050
D step=16/30 epoch=3/3 loss=0.3192 l2=0.2000 label_smoothing=0.050
D step=17/30 epoch=1/3 loss=0.3095 l2=0.2000 label_smoothing=0.050
D step=17/30 epoch=2/3 loss=0.2942 l2=0.2000 label_smoothing=0.050
D step=17/30 epoch=3/3 loss=0.2865 l2=0.2000 label_smoothing=0.050
D step=18/30 epoch=1/3 loss=0.2966 l2=0.2000 label_smoothing=0.050
D step=18/30 epoch=2/3 loss=0.2879 l2=0.2000 label_smoothing=0.050
D step=18/30 epoch=3/3 loss=0.2773 l2=0.2000 label_smoothing=0.050
D step=19/30 epoch=1/3 loss=0.2694 l2=0.2000 label_smoothing=0.050
D step=19/30 epoch=2/3 loss=0.2661 l2=0.2000 label_smoothing=0.050
D step=19/30 epoch=3/3 loss=0.2600 l2=0.2000 label_smoothing=0.050
D step=20/30 epoch=1/3 loss=0.2586 l2=0.2000 label_smoothing=0.050
D step=20/30 epoch=2/3 loss=0.2506 l2=0.2000 label_smoothing=0.050
D step=20/30 epoch=3/3 loss=0.2505 l2=0.2000 label_smoothing=0.050
D step=21/30 epoch=1/3 loss=0.2463 l2=0.2000 label_smoothing=0.050
D step=21/30 epoch=2/3 loss=0.2336 l2=0.2000 label_smoothing=0.050
D step=21/30 epoch=3/3 loss=0.2324 l2=0.2000 label_smoothing=0.050
D step=22/30 epoch=1/3 loss=0.2512 l2=0.2000 label_smoothing=0.050
D step=22/30 epoch=2/3 loss=0.2452 l2=0.2000 label_smoothing=0.050
D step=22/30 epoch=3/3 loss=0.2313 l2=0.2000 label_smoothing=0.050
D step=23/30 epoch=1/3 loss=0.2274 l2=0.2000 label_smoothing=0.050
D step=23/30 epoch=2/3 loss=0.2339 l2=0.2000 label_smoothing=0.050
D step=23/30 epoch=3/3 loss=0.2251 l2=0.2000 label_smoothing=0.050
D step=24/30 epoch=1/3 loss=0.2157 l2=0.2000 label_smoothing=0.050
D step=24/30 epoch=2/3 loss=0.2157 l2=0.2000 label_smoothing=0.050
D step=24/30 epoch=3/3 loss=0.2145 l2=0.2000 label_smoothing=0.050
D step=25/30 epoch=1/3 loss=0.2459 l2=0.2000 label_smoothing=0.050
D step=25/30 epoch=2/3 loss=0.2353 l2=0.2000 label_smoothing=0.050
D step=25/30 epoch=3/3 loss=0.2346 l2=0.2000 label_smoothing=0.050
D step=26/30 epoch=1/3 loss=0.2238 l2=0.2000 label_smoothing=0.050
D step=26/30 epoch=2/3 loss=0.2149 l2=0.2000 label_smoothing=0.050
D step=26/30 epoch=3/3 loss=0.2074 l2=0.2000 label_smoothing=0.050
D step=27/30 epoch=1/3 loss=0.2467 l2=0.2000 label_smoothing=0.050
D step=27/30 epoch=2/3 loss=0.2316 l2=0.2000 label_smoothing=0.050
D step=27/30 epoch=3/3 loss=0.2192 l2=0.2000 label_smoothing=0.050
D step=28/30 epoch=1/3 loss=0.2118 l2=0.2000 label_smoothing=0.050
D step=28/30 epoch=2/3 loss=0.2106 l2=0.2000 label_smoothing=0.050
D step=28/30 epoch=3/3 loss=0.2038 l2=0.2000 label_smoothing=0.050
D step=29/30 epoch=1/3 loss=0.2097 l2=0.2000 label_smoothing=0.050
D step=29/30 epoch=2/3 loss=0.2115 l2=0.2000 label_smoothing=0.050
D step=29/30 epoch=3/3 loss=0.2060 l2=0.2000 label_smoothing=0.050
D step=30/30 epoch=1/3 loss=0.2072 l2=0.2000 label_smoothing=0.050
D step=30/30 epoch=2/3 loss=0.2092 l2=0.2000 label_smoothing=0.050
D step=30/30 epoch=3/3 loss=0.2090 l2=0.2000 label_smoothing=0.050

[3/3] adversarial
generator_reward_mode=on reward_alpha=0.700 d_steps=5 d_epochs=3
D step=1/5 epoch=1/3 loss=0.2007 l2=0.2000 label_smoothing=0.050
D step=1/5 epoch=2/3 loss=0.1957 l2=0.2000 label_smoothing=0.050
D step=1/5 epoch=3/3 loss=0.1903 l2=0.2000 label_smoothing=0.050
D step=2/5 epoch=1/3 loss=0.2038 l2=0.2000 label_smoothing=0.050
D step=2/5 epoch=2/3 loss=0.1980 l2=0.2000 label_smoothing=0.050
D step=2/5 epoch=3/3 loss=0.1920 l2=0.2000 label_smoothing=0.050
D step=3/5 epoch=1/3 loss=0.1936 l2=0.2000 label_smoothing=0.050
D step=3/5 epoch=2/3 loss=0.1972 l2=0.2000 label_smoothing=0.050
D step=3/5 epoch=3/3 loss=0.1897 l2=0.2000 label_smoothing=0.050
D step=4/5 epoch=1/3 loss=0.1893 l2=0.2000 label_smoothing=0.050
D step=4/5 epoch=2/3 loss=0.1880 l2=0.2000 label_smoothing=0.050
D step=4/5 epoch=3/3 loss=0.1896 l2=0.2000 label_smoothing=0.050
D step=5/5 epoch=1/3 loss=0.1888 l2=0.2000 label_smoothing=0.050
D step=5/5 epoch=2/3 loss=0.1850 l2=0.2000 label_smoothing=0.050
D step=5/5 epoch=3/3 loss=0.1833 l2=0.2000 label_smoothing=0.050
ADV epoch=1/60 g_loss=0.1568 d_loss=0.1923 reward=0.1016 reward_var=0.0048 unique=1.0000
D step=1/5 epoch=1/3 loss=0.1864 l2=0.2000 label_smoothing=0.050
D step=1/5 epoch=2/3 loss=0.1856 l2=0.2000 label_smoothing=0.050
D step=1/5 epoch=3/3 loss=0.1802 l2=0.2000 label_smoothing=0.050
D step=2/5 epoch=1/3 loss=0.1815 l2=0.2000 label_smoothing=0.050
D step=2/5 epoch=2/3 loss=0.1808 l2=0.2000 label_smoothing=0.050
D step=2/5 epoch=3/3 loss=0.1787 l2=0.2000 label_smoothing=0.050
D step=3/5 epoch=1/3 loss=0.1876 l2=0.2000 label_smoothing=0.050
D step=3/5 epoch=2/3 loss=0.1854 l2=0.2000 label_smoothing=0.050
D step=3/5 epoch=3/3 loss=0.1813 l2=0.2000 label_smoothing=0.050
D step=4/5 epoch=1/3 loss=0.1764 l2=0.2000 label_smoothing=0.050
D step=4/5 epoch=2/3 loss=0.1756 l2=0.2000 label_smoothing=0.050
D step=4/5 epoch=3/3 loss=0.1745 l2=0.2000 label_smoothing=0.050
D step=5/5 epoch=1/3 loss=0.1937 l2=0.2000 label_smoothing=0.050
D step=5/5 epoch=2/3 loss=0.1827 l2=0.2000 label_smoothing=0.050
D step=5/5 epoch=3/3 loss=0.1824 l2=0.2000 label_smoothing=0.050
ADV epoch=2/60 g_loss=0.2038 d_loss=0.1822 reward=0.1326 reward_var=0.0081 unique=1.0000
D step=1/5 epoch=1/3 loss=0.1861 l2=0.2000 label_smoothing=0.050
D step=1/5 epoch=2/3 loss=0.1756 l2=0.2000 label_smoothing=0.050
D step=1/5 epoch=3/3 loss=0.1751 l2=0.2000 label_smoothing=0.050
D step=2/5 epoch=1/3 loss=0.1745 l2=0.2000 label_smoothing=0.050
D step=2/5 epoch=2/3 loss=0.1734 l2=0.2000 label_smoothing=0.050
D step=2/5 epoch=3/3 loss=0.1745 l2=0.2000 label_smoothing=0.050
D step=3/5 epoch=1/3 loss=0.1751 l2=0.2000 label_smoothing=0.050
D step=3/5 epoch=2/3 loss=0.1760 l2=0.2000 label_smoothing=0.050
D step=3/5 epoch=3/3 loss=0.1760 l2=0.2000 label_smoothing=0.050
D step=4/5 epoch=1/3 loss=0.1977 l2=0.2000 label_smoothing=0.050
D step=4/5 epoch=2/3 loss=0.1951 l2=0.2000 label_smoothing=0.050
D step=4/5 epoch=3/3 loss=0.1896 l2=0.2000 label_smoothing=0.050
D step=5/5 epoch=1/3 loss=0.1775 l2=0.2000 label_smoothing=0.050
D step=5/5 epoch=2/3 loss=0.1760 l2=0.2000 label_smoothing=0.050
D step=5/5 epoch=3/3 loss=0.1741 l2=0.2000 label_smoothing=0.050
ADV epoch=3/60 g_loss=0.1508 d_loss=0.1797 reward=0.1006 reward_var=0.0041 unique=1.0000
D step=1/5 epoch=1/3 loss=0.1755 l2=0.2000 label_smoothing=0.050
D step=1/5 epoch=2/3 loss=0.1732 l2=0.2000 label_smoothing=0.050
D step=1/5 epoch=3/3 loss=0.1734 l2=0.2000 label_smoothing=0.050
D step=2/5 epoch=1/3 loss=0.1747 l2=0.2000 label_smoothing=0.050
D step=2/5 epoch=2/3 loss=0.1718 l2=0.2000 label_smoothing=0.050
D step=2/5 epoch=3/3 loss=0.1709 l2=0.2000 label_smoothing=0.050
D step=3/5 epoch=1/3 loss=0.1663 l2=0.2000 label_smoothing=0.050
D step=3/5 epoch=2/3 loss=0.1657 l2=0.2000 label_smoothing=0.050
D step=3/5 epoch=3/3 loss=0.1657 l2=0.2000 label_smoothing=0.050
D step=4/5 epoch=1/3 loss=0.1752 l2=0.2000 label_smoothing=0.050
D step=4/5 epoch=2/3 loss=0.1675 l2=0.2000 label_smoothing=0.050
D step=4/5 epoch=3/3 loss=0.1707 l2=0.2000 label_smoothing=0.050
D step=5/5 epoch=1/3 loss=0.1672 l2=0.2000 label_smoothing=0.050
D step=5/5 epoch=2/3 loss=0.1620 l2=0.2000 label_smoothing=0.050
D step=5/5 epoch=3/3 loss=0.1619 l2=0.2000 label_smoothing=0.050
ADV epoch=4/60 g_loss=0.2034 d_loss=0.1695 reward=0.1466 reward_var=0.0090 unique=1.0000
D step=1/5 epoch=1/3 loss=0.1669 l2=0.2000 label_smoothing=0.050
D step=1/5 epoch=2/3 loss=0.1631 l2=0.2000 label_smoothing=0.050
D step=1/5 epoch=3/3 loss=0.1610 l2=0.2000 label_smoothing=0.050
D step=2/5 epoch=1/3 loss=0.1633 l2=0.2000 label_smoothing=0.050
D step=2/5 epoch=2/3 loss=0.1610 l2=0.2000 label_smoothing=0.050
D step=2/5 epoch=3/3 loss=0.1609 l2=0.2000 label_smoothing=0.050
D step=3/5 epoch=1/3 loss=0.1625 l2=0.2000 label_smoothing=0.050
D step=3/5 epoch=2/3 loss=0.1612 l2=0.2000 label_smoothing=0.050
D step=3/5 epoch=3/3 loss=0.1601 l2=0.2000 label_smoothing=0.050
D step=4/5 epoch=1/3 loss=0.1584 l2=0.2000 label_smoothing=0.050
D step=4/5 epoch=2/3 loss=0.1574 l2=0.2000 label_smoothing=0.050
D step=4/5 epoch=3/3 loss=0.1573 l2=0.2000 label_smoothing=0.050
D step=5/5 epoch=1/3 loss=0.1575 l2=0.2000 label_smoothing=0.050
D step=5/5 epoch=2/3 loss=0.1575 l2=0.2000 label_smoothing=0.050
D step=5/5 epoch=3/3 loss=0.1568 l2=0.2000 label_smoothing=0.050
ADV epoch=5/60 g_loss=0.1919 d_loss=0.1603 reward=0.1440 reward_var=0.0094 unique=1.0000
D step=1/5 epoch=1/3 loss=0.1561 l2=0.2000 label_smoothing=0.050
D step=1/5 epoch=2/3 loss=0.1547 l2=0.2000 label_smoothing=0.050
D step=1/5 epoch=3/3 loss=0.1537 l2=0.2000 label_smoothing=0.050
D step=2/5 epoch=1/3 loss=0.1539 l2=0.2000 label_smoothing=0.050
D step=2/5 epoch=2/3 loss=0.1534 l2=0.2000 label_smoothing=0.050
D step=2/5 epoch=3/3 loss=0.1526 l2=0.2000 label_smoothing=0.050
D step=3/5 epoch=1/3 loss=0.1531 l2=0.2000 label_smoothing=0.050
D step=3/5 epoch=2/3 loss=0.1531 l2=0.2000 label_smoothing=0.050
D step=3/5 epoch=3/3 loss=0.1517 l2=0.2000 label_smoothing=0.050
D step=4/5 epoch=1/3 loss=0.1529 l2=0.2000 label_smoothing=0.050
D step=4/5 epoch=2/3 loss=0.1523 l2=0.2000 label_smoothing=0.050
D step=4/5 epoch=3/3 loss=0.1510 l2=0.2000 label_smoothing=0.050
D step=5/5 epoch=1/3 loss=0.1510 l2=0.2000 label_smoothing=0.050
D step=5/5 epoch=2/3 loss=0.1499 l2=0.2000 label_smoothing=0.050
D step=5/5 epoch=3/3 loss=0.1495 l2=0.2000 label_smoothing=0.050
ADV epoch=6/60 g_loss=0.1859 d_loss=0.1526 reward=0.1420 reward_var=0.0108 unique=1.0000
D step=1/5 epoch=1/3 loss=0.1498 l2=0.2000 label_smoothing=0.050
D step=1/5 epoch=2/3 loss=0.1482 l2=0.2000 label_smoothing=0.050
D step=1/5 epoch=3/3 loss=0.1485 l2=0.2000 label_smoothing=0.050
D step=2/5 epoch=1/3 loss=0.1519 l2=0.2000 label_smoothing=0.050
D step=2/5 epoch=2/3 loss=0.1486 l2=0.2000 label_smoothing=0.050
D step=2/5 epoch=3/3 loss=0.1473 l2=0.2000 label_smoothing=0.050
D step=3/5 epoch=1/3 loss=0.1496 l2=0.2000 label_smoothing=0.050
D step=3/5 epoch=2/3 loss=0.1472 l2=0.2000 label_smoothing=0.050
D step=3/5 epoch=3/3 loss=0.1469 l2=0.2000 label_smoothing=0.050
D step=4/5 epoch=1/3 loss=0.1467 l2=0.2000 label_smoothing=0.050
D step=4/5 epoch=2/3 loss=0.1457 l2=0.2000 label_smoothing=0.050
D step=4/5 epoch=3/3 loss=0.1451 l2=0.2000 label_smoothing=0.050
D step=5/5 epoch=1/3 loss=0.1458 l2=0.2000 label_smoothing=0.050
D step=5/5 epoch=2/3 loss=0.1451 l2=0.2000 label_smoothing=0.050
D step=5/5 epoch=3/3 loss=0.1443 l2=0.2000 label_smoothing=0.050
ADV epoch=7/60 g_loss=0.1973 d_loss=0.1474 reward=0.1498 reward_var=0.0109 unique=1.0000
D step=1/5 epoch=1/3 loss=0.1459 l2=0.2000 label_smoothing=0.050
D step=1/5 epoch=2/3 loss=0.1451 l2=0.2000 label_smoothing=0.050
D step=1/5 epoch=3/3 loss=0.1434 l2=0.2000 label_smoothing=0.050
D step=2/5 epoch=1/3 loss=0.1442 l2=0.2000 label_smoothing=0.050
D step=2/5 epoch=2/3 loss=0.1440 l2=0.2000 label_smoothing=0.050
D step=2/5 epoch=3/3 loss=0.1438 l2=0.2000 label_smoothing=0.050
D step=3/5 epoch=1/3 loss=0.1447 l2=0.2000 label_smoothing=0.050
D step=3/5 epoch=2/3 loss=0.1434 l2=0.2000 label_smoothing=0.050
D step=3/5 epoch=3/3 loss=0.1420 l2=0.2000 label_smoothing=0.050
D step=4/5 epoch=1/3 loss=0.1426 l2=0.2000 label_smoothing=0.050
D step=4/5 epoch=2/3 loss=0.1421 l2=0.2000 label_smoothing=0.050
D step=4/5 epoch=3/3 loss=0.1414 l2=0.2000 label_smoothing=0.050
D step=5/5 epoch=1/3 loss=0.1403 l2=0.2000 label_smoothing=0.050
D step=5/5 epoch=2/3 loss=0.1398 l2=0.2000 label_smoothing=0.050
D step=5/5 epoch=3/3 loss=0.1400 l2=0.2000 label_smoothing=0.050
ADV epoch=8/60 g_loss=0.2156 d_loss=0.1429 reward=0.1676 reward_var=0.0106 unique=1.0000
saved 500 raw samples to /content/drive/MyDrive/GAN/GAN_SQLi_Colab/results_seqgan_phase2b_phase3/phase3/seqgan_improved/boolean/D/R200/V7/generated_payloads.csv
