{
  "metric_schema_version": "quality-metrics-v3",
  "normalization_version": "nfkc_html_percent1_casefold_ws_quotes_v1",
  "seed": 88,
  "method": "ctgan",
  "family": "all",
  "scenario": "raw",
  "ratio": "full",
  "generation_kind": "retrieval",
  "schema_valid": true,
  "stop_reason": "n/a",
  "n_generated": 200,
  "unique_rate": 0.83,
  "normalized_unique_rate": 0.83,
  "duplicate_rate": 0.17000000000000004,
  "model_collapse_rate": 0.17000000000000004,
  "dominant_payload_share": 0.04,
  "normalized_dominant_payload_share": 0.04,
  "sql_parse_rate": 1.0,
  "sql_structure_rate": 0.995,
  "family_motif_coverage": 0.8571428571428571,
  "family_motif_hit_rate": 0.905,
  "garbage_rate": 0.0050000000000000044,
  "wellformed_rate": 1.0,
  "shaped_rate": 0.995,
  "family_motif_coverage_by_family": {
    "boolean": 1.0,
    "union": 1.0,
    "time": 0.8,
    "error": 0.75
  },
  "family_motif_hit_rate_by_family": {
    "boolean": 0.53,
    "union": 0.595,
    "time": 0.2,
    "error": 0.145
  },
  "inferred_family_distribution": {
    "boolean": 0.13,
    "union": 0.445,
    "time": 0.185,
    "error": 0.145,
    "other": 0.095
  },
  "train_reference_count": 9049,
  "holdout_reference_count": 2260,
  "exact_input_overlap": 1.0,
  "normalized_input_overlap": 1.0,
  "holdout_overlap": 0.0,
  "normalized_holdout_overlap": 0.0,
  "nearest_input_similarity_mean": 1.0,
  "nearest_input_similarity_median": 1.0,
  "nearest_input_similarity_p90": 1.0,
  "nearest_char3_jaccard_mean": 1.0,
  "nearest_char3_jaccard_median": 1.0,
  "nearest_char3_jaccard_p90": 1.0,
  "nearest_token_jaccard_mean": 1.0,
  "nearest_token_jaccard_median": 1.0,
  "nearest_token_jaccard_p90": 1.0,
  "nearest_edit_similarity_mean": 0.9949104301239133,
  "nearest_edit_similarity_median": 1.0,
  "nearest_edit_similarity_p90": 1.0,
  "nearest_feature_cosine_mean": 0.9999253743053353,
  "nearest_feature_cosine_median": 1.0,
  "nearest_feature_cosine_p90": 1.0000000000000002,
  "nearest_input_distance_mean": 0.0,
  "nearest_input_distance_median": 0.0,
  "nearest_input_distance_p90": 0.0,
  "mean_nearest_similarity": 1.0,
  "median_nearest_similarity": 1.0,
  "p90_nearest_similarity": 1.0,
  "unique_nearest_payload_rate": 0.82,
  "dominant_retrieved_payload_share": 0.04,
  "nearest_reference_count": 9049,
  "distinct_1": 0.09688346883468835,
  "distinct_2": 0.2672658467360454,
  "distinct_3": 0.3536857781087118,
  "lexical_diversity": 0.09688346883468835,
  "character_diversity": 0.8117482507709092,
  "token_diversity": 0.6853134805275619,
  "keyword_diversity": 0.6623303456037528,
  "operator_diversity": 0.6351178568832156,
  "function_diversity": 0.8457372379327377,
  "comment_style_diversity": 0.6666666666666666,
  "length_zone_diversity": 1.0,
  "self_bleu": 0.9221029087301753,
  "self_bleu_char": 0.9221029087301753,
  "requested_count": 200,
  "generated_count_fraction": 1.0
}
