
[1/3] pretrain G
G epoch=1/15 loss=4.3987
G epoch=2/15 loss=3.4525
G epoch=3/15 loss=2.6067
G epoch=4/15 loss=2.2221
G epoch=5/15 loss=1.9576
G epoch=6/15 loss=1.6640
G epoch=7/15 loss=1.3909
G epoch=8/15 loss=1.2243
G epoch=9/15 loss=1.1080
G epoch=10/15 loss=1.0263
G epoch=11/15 loss=0.8266
G epoch=12/15 loss=0.7934
G epoch=13/15 loss=0.7515
G epoch=14/15 loss=0.6719
G epoch=15/15 loss=0.6354

[2/3] pretrain D
D step=1/8 epoch=1/2 loss=0.8403 l2=0.2000 label_smoothing=0.000
D step=1/8 epoch=2/2 loss=0.6655 l2=0.2000 label_smoothing=0.000
D step=2/8 epoch=1/2 loss=0.5174 l2=0.2000 label_smoothing=0.000
D step=2/8 epoch=2/2 loss=0.4591 l2=0.2000 label_smoothing=0.000
D step=3/8 epoch=1/2 loss=0.4399 l2=0.2000 label_smoothing=0.000
D step=3/8 epoch=2/2 loss=0.4027 l2=0.2000 label_smoothing=0.000
D step=4/8 epoch=1/2 loss=0.3419 l2=0.2000 label_smoothing=0.000
D step=4/8 epoch=2/2 loss=0.3083 l2=0.2000 label_smoothing=0.000
D step=5/8 epoch=1/2 loss=0.2940 l2=0.2000 label_smoothing=0.000
D step=5/8 epoch=2/2 loss=0.2849 l2=0.2000 label_smoothing=0.000
D step=6/8 epoch=1/2 loss=0.2887 l2=0.2000 label_smoothing=0.000
D step=6/8 epoch=2/2 loss=0.2899 l2=0.2000 label_smoothing=0.000
D step=7/8 epoch=1/2 loss=0.2954 l2=0.2000 label_smoothing=0.000
D step=7/8 epoch=2/2 loss=0.2847 l2=0.2000 label_smoothing=0.000
D step=8/8 epoch=1/2 loss=0.2537 l2=0.2000 label_smoothing=0.000
D step=8/8 epoch=2/2 loss=0.2430 l2=0.2000 label_smoothing=0.000

[3/3] adversarial
generator_reward_mode=off reward_alpha=1.000 d_steps=3 d_epochs=1
D step=1/3 epoch=1/1 loss=0.3988 l2=0.2000 label_smoothing=0.000
D step=2/3 epoch=1/1 loss=0.2739 l2=0.2000 label_smoothing=0.000
D step=3/3 epoch=1/1 loss=0.2530 l2=0.2000 label_smoothing=0.000
ADV epoch=1/6 g_loss=0.0696 d_loss=0.3086 reward=0.1199 reward_var=0.0343 unique=0.8800
D step=1/3 epoch=1/1 loss=0.3434 l2=0.2000 label_smoothing=0.000
D step=2/3 epoch=1/1 loss=0.2996 l2=0.2000 label_smoothing=0.000
D step=3/3 epoch=1/1 loss=0.2890 l2=0.2000 label_smoothing=0.000
ADV epoch=2/6 g_loss=0.0682 d_loss=0.3107 reward=0.1530 reward_var=0.0543 unique=0.8600
D step=1/3 epoch=1/1 loss=0.4109 l2=0.2000 label_smoothing=0.000
D step=2/3 epoch=1/1 loss=0.3565 l2=0.2000 label_smoothing=0.000
D step=3/3 epoch=1/1 loss=0.2824 l2=0.2000 label_smoothing=0.000
ADV epoch=3/6 g_loss=0.0492 d_loss=0.3499 reward=0.1265 reward_var=0.0457 unique=0.7200
D step=1/3 epoch=1/1 loss=0.4136 l2=0.2000 label_smoothing=0.000
D step=2/3 epoch=1/1 loss=0.3961 l2=0.2000 label_smoothing=0.000
D step=3/3 epoch=1/1 loss=0.3902 l2=0.2000 label_smoothing=0.000
ADV epoch=4/6 g_loss=0.0604 d_loss=0.4000 reward=0.1787 reward_var=0.0588 unique=0.7800
D step=1/3 epoch=1/1 loss=0.4323 l2=0.2000 label_smoothing=0.000
D step=2/3 epoch=1/1 loss=0.3439 l2=0.2000 label_smoothing=0.000
D step=3/3 epoch=1/1 loss=0.4141 l2=0.2000 label_smoothing=0.000
ADV epoch=5/6 g_loss=0.0324 d_loss=0.3967 reward=0.1984 reward_var=0.0708 unique=0.7800
D step=1/3 epoch=1/1 loss=0.4465 l2=0.2000 label_smoothing=0.000
D step=2/3 epoch=1/1 loss=0.4201 l2=0.2000 label_smoothing=0.000
D step=3/3 epoch=1/1 loss=0.3733 l2=0.2000 label_smoothing=0.000
ADV epoch=6/6 g_loss=0.0178 d_loss=0.4133 reward=0.2105 reward_var=0.0640 unique=0.6200
saved 200 raw samples to /content/drive/MyDrive/GAN/GAN_SQLi_Colab/results_seqgan_only_mini/phase2a/seqgan_master/union/A/R50/generated_payloads.csv
