{
  "metric_schema_version": "quality-metrics-v3",
  "normalization_version": "nfkc_html_percent1_casefold_ws_quotes_v1",
  "seed": 88,
  "method": "seqgan_improved",
  "family": "boolean",
  "scenario": "E",
  "ratio": "200",
  "generation_kind": "direct",
  "schema_valid": true,
  "stop_reason": "n/a",
  "n_generated": 500,
  "unique_rate": 0.964,
  "normalized_unique_rate": 0.96,
  "duplicate_rate": 0.03600000000000003,
  "model_collapse_rate": 0.03600000000000003,
  "dominant_payload_share": 0.01,
  "normalized_dominant_payload_share": 0.012,
  "sql_parse_rate": 1.0,
  "sql_structure_rate": 0.39,
  "family_motif_coverage": 0.5,
  "family_motif_hit_rate": 0.218,
  "garbage_rate": 0.61,
  "wellformed_rate": 1.0,
  "shaped_rate": 0.39,
  "family_motif_coverage_by_family": {
    "boolean": 0.5
  },
  "family_motif_hit_rate_by_family": {
    "boolean": 0.218
  },
  "inferred_family_distribution": {
    "boolean": 0.124,
    "union": 0.108,
    "time": 0.0,
    "error": 0.0,
    "other": 0.768
  },
  "train_reference_count": 78,
  "holdout_reference_count": 917,
  "exact_input_overlap": 0.0,
  "normalized_input_overlap": 0.0,
  "holdout_overlap": 0.0,
  "normalized_holdout_overlap": 0.0,
  "nearest_input_similarity_mean": 0.1920638984940276,
  "nearest_input_similarity_median": 0.09847610251673977,
  "nearest_input_similarity_p90": 0.6641592920353984,
  "nearest_char3_jaccard_mean": 0.1920638984940276,
  "nearest_char3_jaccard_median": 0.09847610251673977,
  "nearest_char3_jaccard_p90": 0.6641592920353984,
  "nearest_token_jaccard_mean": 0.1200526215863217,
  "nearest_token_jaccard_median": 0.1,
  "nearest_token_jaccard_p90": 0.2727272727272727,
  "nearest_edit_similarity_mean": 0.25871804823588546,
  "nearest_edit_similarity_median": 0.17208707914683585,
  "nearest_edit_similarity_p90": 0.7448872180451133,
  "nearest_feature_cosine_mean": 0.7550626304567549,
  "nearest_feature_cosine_median": 0.8258543195122003,
  "nearest_feature_cosine_p90": 0.996154971176806,
  "nearest_input_distance_mean": 0.8079361015059724,
  "nearest_input_distance_median": 0.9015238974832602,
  "nearest_input_distance_p90": 1.0,
  "mean_nearest_similarity": 0.1920638984940276,
  "median_nearest_similarity": 0.09847610251673977,
  "p90_nearest_similarity": 0.6641592920353984,
  "unique_nearest_payload_rate": 0.148,
  "dominant_retrieved_payload_share": 0.156,
  "nearest_reference_count": 78,
  "distinct_1": 0.28604711364224694,
  "distinct_2": 0.7250889679715302,
  "distinct_3": 0.9139414802065404,
  "lexical_diversity": 0.28604711364224694,
  "character_diversity": 0.8042675444761002,
  "token_diversity": 0.7389089860298578,
  "keyword_diversity": 0.9348155248680174,
  "operator_diversity": 0.7421498556973377,
  "function_diversity": 0.6233611554314298,
  "comment_style_diversity": 1.0,
  "length_zone_diversity": 1.0,
  "self_bleu": 0.7154592153007162,
  "self_bleu_char": 0.7154592153007162,
  "requested_count": 500,
  "generated_count_fraction": 1.0
}
