{
  "metric_schema_version": "quality-metrics-v3",
  "normalization_version": "nfkc_html_percent1_casefold_ws_quotes_v1",
  "seed": 88,
  "method": "gan",
  "family": "time",
  "scenario": "A",
  "ratio": "200",
  "generation_kind": "retrieval",
  "schema_valid": true,
  "stop_reason": "n/a",
  "n_generated": 2000,
  "unique_rate": 0.004,
  "normalized_unique_rate": 0.004,
  "duplicate_rate": 0.996,
  "model_collapse_rate": 0.996,
  "dominant_payload_share": 0.641,
  "normalized_dominant_payload_share": 0.641,
  "sql_parse_rate": 1.0,
  "sql_structure_rate": 1.0,
  "family_motif_coverage": 0.6,
  "family_motif_hit_rate": 1.0,
  "garbage_rate": 0.0,
  "wellformed_rate": 1.0,
  "shaped_rate": 1.0,
  "family_motif_coverage_by_family": {
    "time": 0.6
  },
  "family_motif_hit_rate_by_family": {
    "time": 1.0
  },
  "inferred_family_distribution": {
    "boolean": 0.0,
    "union": 0.0,
    "time": 1.0,
    "error": 0.0,
    "other": 0.0
  },
  "train_reference_count": 78,
  "holdout_reference_count": 296,
  "exact_input_overlap": 1.0,
  "normalized_input_overlap": 1.0,
  "holdout_overlap": 0.0,
  "normalized_holdout_overlap": 0.0,
  "nearest_input_similarity_mean": 1.0,
  "nearest_input_similarity_median": 1.0,
  "nearest_input_similarity_p90": 1.0,
  "nearest_char3_jaccard_mean": 1.0,
  "nearest_char3_jaccard_median": 1.0,
  "nearest_char3_jaccard_p90": 1.0,
  "nearest_token_jaccard_mean": 1.0,
  "nearest_token_jaccard_median": 1.0,
  "nearest_token_jaccard_p90": 1.0,
  "nearest_edit_similarity_mean": 1.0,
  "nearest_edit_similarity_median": 1.0,
  "nearest_edit_similarity_p90": 1.0,
  "nearest_feature_cosine_mean": 0.9999999999999999,
  "nearest_feature_cosine_median": 0.9999999999999998,
  "nearest_feature_cosine_p90": 1.0,
  "nearest_input_distance_mean": 0.0,
  "nearest_input_distance_median": 0.0,
  "nearest_input_distance_p90": 0.0,
  "mean_nearest_similarity": 1.0,
  "median_nearest_similarity": 1.0,
  "p90_nearest_similarity": 1.0,
  "unique_nearest_payload_rate": 0.004,
  "dominant_retrieved_payload_share": 0.641,
  "nearest_reference_count": 78,
  "distinct_1": 0.0008080920667651239,
  "distinct_2": 0.0018001003334612094,
  "distinct_3": 0.0021325304983222004,
  "lexical_diversity": 0.0008080920667651239,
  "character_diversity": 0.7703500655783546,
  "token_diversity": 0.7947844470795472,
  "keyword_diversity": 0.7851200670895054,
  "operator_diversity": 0.010415700308295474,
  "function_diversity": 0.5286182357933863,
  "comment_style_diversity": 0.6666666666666666,
  "length_zone_diversity": 0.2,
  "self_bleu": 1.0,
  "self_bleu_char": 1.0,
  "requested_count": 2000,
  "generated_count_fraction": 1.0
}
