{
  "metric_schema_version": "quality-metrics-v3",
  "normalization_version": "nfkc_html_percent1_casefold_ws_quotes_v1",
  "seed": 88,
  "method": "seqgan_master",
  "family": "all",
  "scenario": "raw",
  "ratio": "full",
  "generation_kind": "direct",
  "schema_valid": true,
  "stop_reason": "n/a",
  "n_generated": 200,
  "unique_rate": 0.5,
  "normalized_unique_rate": 0.435,
  "duplicate_rate": 0.5,
  "model_collapse_rate": 0.5,
  "dominant_payload_share": 0.13,
  "normalized_dominant_payload_share": 0.225,
  "sql_parse_rate": 1.0,
  "sql_structure_rate": 0.195,
  "family_motif_coverage": 0.09523809523809523,
  "family_motif_hit_rate": 0.08,
  "garbage_rate": 0.8049999999999999,
  "wellformed_rate": 1.0,
  "shaped_rate": 0.195,
  "family_motif_coverage_by_family": {
    "boolean": 0.25,
    "union": 0.25,
    "time": 0.0,
    "error": 0.0
  },
  "family_motif_hit_rate_by_family": {
    "boolean": 0.01,
    "union": 0.07,
    "time": 0.0,
    "error": 0.0
  },
  "inferred_family_distribution": {
    "boolean": 0.01,
    "union": 0.07,
    "time": 0.0,
    "error": 0.0,
    "other": 0.92
  },
  "train_reference_count": 9049,
  "holdout_reference_count": 2260,
  "exact_input_overlap": 0.01,
  "normalized_input_overlap": 0.515,
  "holdout_overlap": 0.0,
  "normalized_holdout_overlap": 0.025,
  "nearest_input_similarity_mean": 0.7141523576411086,
  "nearest_input_similarity_median": 1.0,
  "nearest_input_similarity_p90": 1.0,
  "nearest_char3_jaccard_mean": 0.7141523576411086,
  "nearest_char3_jaccard_median": 1.0,
  "nearest_char3_jaccard_p90": 1.0,
  "nearest_token_jaccard_mean": 0.7065812798312798,
  "nearest_token_jaccard_median": 1.0,
  "nearest_token_jaccard_p90": 1.0,
  "nearest_edit_similarity_mean": 0.6964828632514408,
  "nearest_edit_similarity_median": 0.75,
  "nearest_edit_similarity_p90": 1.0,
  "nearest_feature_cosine_mean": 0.9431449255356903,
  "nearest_feature_cosine_median": 0.9899241899527308,
  "nearest_feature_cosine_p90": 1.0,
  "nearest_input_distance_mean": 0.2858476423588913,
  "nearest_input_distance_median": 0.0,
  "nearest_input_distance_p90": 0.7,
  "mean_nearest_similarity": 0.7141523576411086,
  "median_nearest_similarity": 1.0,
  "p90_nearest_similarity": 1.0,
  "unique_nearest_payload_rate": 0.18,
  "dominant_retrieved_payload_share": 0.28,
  "nearest_reference_count": 9049,
  "distinct_1": 0.1261904761904762,
  "distinct_2": 0.2515625,
  "distinct_3": 0.3522727272727273,
  "lexical_diversity": 0.1261904761904762,
  "character_diversity": 0.7052089343651349,
  "token_diversity": 0.4886675674659967,
  "keyword_diversity": 0.7175660457248834,
  "operator_diversity": 0.8150754036266901,
  "function_diversity": 0.8730017623570719,
  "comment_style_diversity": 0.3333333333333333,
  "length_zone_diversity": 0.2,
  "self_bleu": 0.9198933856041032,
  "self_bleu_char": 0.9198933856041032,
  "requested_count": 200,
  "generated_count_fraction": 1.0
}
