
[1/3] pretrain G
G epoch=1/15 loss=1.8853
G epoch=2/15 loss=1.0928
G epoch=3/15 loss=0.9268
G epoch=4/15 loss=0.8502
G epoch=5/15 loss=0.8050
G epoch=6/15 loss=0.7773
G epoch=7/15 loss=0.7767
G epoch=8/15 loss=0.7402
G epoch=9/15 loss=0.7265
G epoch=10/15 loss=0.7215
G epoch=11/15 loss=0.7122
G epoch=12/15 loss=0.7056
G epoch=13/15 loss=0.6996
G epoch=14/15 loss=0.6938
G epoch=15/15 loss=0.6889

[2/3] pretrain D
D step=1/8 epoch=1/2 loss=0.7390 l2=0.2000 label_smoothing=0.000
D step=1/8 epoch=2/2 loss=0.6635 l2=0.2000 label_smoothing=0.000
D step=2/8 epoch=1/2 loss=0.6275 l2=0.2000 label_smoothing=0.000
D step=2/8 epoch=2/2 loss=0.5844 l2=0.2000 label_smoothing=0.000
D step=3/8 epoch=1/2 loss=0.5626 l2=0.2000 label_smoothing=0.000
D step=3/8 epoch=2/2 loss=0.5244 l2=0.2000 label_smoothing=0.000
D step=4/8 epoch=1/2 loss=0.5168 l2=0.2000 label_smoothing=0.000
D step=4/8 epoch=2/2 loss=0.4819 l2=0.2000 label_smoothing=0.000
D step=5/8 epoch=1/2 loss=0.4890 l2=0.2000 label_smoothing=0.000
D step=5/8 epoch=2/2 loss=0.4570 l2=0.2000 label_smoothing=0.000
D step=6/8 epoch=1/2 loss=0.4550 l2=0.2000 label_smoothing=0.000
D step=6/8 epoch=2/2 loss=0.4236 l2=0.2000 label_smoothing=0.000
D step=7/8 epoch=1/2 loss=0.4361 l2=0.2000 label_smoothing=0.000
D step=7/8 epoch=2/2 loss=0.4069 l2=0.2000 label_smoothing=0.000
D step=8/8 epoch=1/2 loss=0.4155 l2=0.2000 label_smoothing=0.000
D step=8/8 epoch=2/2 loss=0.3846 l2=0.2000 label_smoothing=0.000

[3/3] adversarial
generator_reward_mode=off reward_alpha=1.000 d_steps=3 d_epochs=1
D step=1/3 epoch=1/1 loss=0.2903 l2=0.2000 label_smoothing=0.000
D step=2/3 epoch=1/1 loss=0.2683 l2=0.2000 label_smoothing=0.000
D step=3/3 epoch=1/1 loss=0.2530 l2=0.2000 label_smoothing=0.000
ADV epoch=1/6 g_loss=0.1457 d_loss=0.2706 reward=0.2498 reward_var=0.0568 unique=0.9200
D step=1/3 epoch=1/1 loss=0.3362 l2=0.2000 label_smoothing=0.000
D step=2/3 epoch=1/1 loss=0.3274 l2=0.2000 label_smoothing=0.000
D step=3/3 epoch=1/1 loss=0.3231 l2=0.2000 label_smoothing=0.000
ADV epoch=2/6 g_loss=0.1158 d_loss=0.3289 reward=0.2834 reward_var=0.0843 unique=0.8400
D step=1/3 epoch=1/1 loss=0.2145 l2=0.2000 label_smoothing=0.000
D step=2/3 epoch=1/1 loss=0.2033 l2=0.2000 label_smoothing=0.000
D step=3/3 epoch=1/1 loss=0.2063 l2=0.2000 label_smoothing=0.000
ADV epoch=3/6 g_loss=0.0676 d_loss=0.2081 reward=0.2551 reward_var=0.0513 unique=0.8600
D step=1/3 epoch=1/1 loss=0.3250 l2=0.2000 label_smoothing=0.000
D step=2/3 epoch=1/1 loss=0.3074 l2=0.2000 label_smoothing=0.000
D step=3/3 epoch=1/1 loss=0.3021 l2=0.2000 label_smoothing=0.000
ADV epoch=4/6 g_loss=0.1292 d_loss=0.3115 reward=0.4248 reward_var=0.1070 unique=0.7800
D step=1/3 epoch=1/1 loss=0.2788 l2=0.2000 label_smoothing=0.000
D step=2/3 epoch=1/1 loss=0.2709 l2=0.2000 label_smoothing=0.000
D step=3/3 epoch=1/1 loss=0.2650 l2=0.2000 label_smoothing=0.000
ADV epoch=5/6 g_loss=0.1001 d_loss=0.2716 reward=0.2715 reward_var=0.0368 unique=0.6800
D step=1/3 epoch=1/1 loss=0.2372 l2=0.2000 label_smoothing=0.000
D step=2/3 epoch=1/1 loss=0.2341 l2=0.2000 label_smoothing=0.000
D step=3/3 epoch=1/1 loss=0.2366 l2=0.2000 label_smoothing=0.000
ADV epoch=6/6 g_loss=0.1427 d_loss=0.2360 reward=0.3530 reward_var=0.0593 unique=0.5600
saved 200 raw samples to /content/drive/MyDrive/GAN/GAN_SQLi_Colab/results_seqgan_only_mini/phase1/seqgan_master/all/raw/Rfull/generated_payloads.csv
