
[1/3] pretrain G
G epoch=1/60 loss=2.9603
G epoch=2/60 loss=1.7027
G epoch=3/60 loss=1.2357
G epoch=4/60 loss=0.9927
G epoch=5/60 loss=0.8781
G epoch=6/60 loss=0.8101
G epoch=7/60 loss=0.7698
G epoch=8/60 loss=0.7464
G epoch=9/60 loss=0.7250
G epoch=10/60 loss=0.7069
G epoch=11/60 loss=0.6913
G epoch=12/60 loss=0.6772
G epoch=13/60 loss=0.6628
G epoch=14/60 loss=0.6588
G epoch=15/60 loss=0.6486
G epoch=16/60 loss=0.6378
G epoch=17/60 loss=0.6368
G epoch=18/60 loss=0.6291
G epoch=19/60 loss=0.6236
G epoch=20/60 loss=0.6213
G epoch=21/60 loss=0.6214
G epoch=22/60 loss=0.6150
G epoch=23/60 loss=0.6106
G epoch=24/60 loss=0.6113
G epoch=25/60 loss=0.6074
G epoch=26/60 loss=0.6055
G epoch=27/60 loss=0.6033
G epoch=28/60 loss=0.6002
G epoch=29/60 loss=0.6010
G epoch=30/60 loss=0.5981
G epoch=31/60 loss=0.5945
G epoch=32/60 loss=0.5944
G epoch=33/60 loss=0.5900
G epoch=34/60 loss=0.5908
G epoch=35/60 loss=0.5906
G epoch=36/60 loss=0.5867
G epoch=37/60 loss=0.5877
G epoch=38/60 loss=0.5846
G epoch=39/60 loss=0.5801
G epoch=40/60 loss=0.5823
G epoch=41/60 loss=0.5793
G epoch=42/60 loss=0.5791
G epoch=43/60 loss=0.5787
G epoch=44/60 loss=0.5747
G epoch=45/60 loss=0.5739
G epoch=46/60 loss=0.5709
G epoch=47/60 loss=0.5709
G epoch=48/60 loss=0.5705
G epoch=49/60 loss=0.5662
G epoch=50/60 loss=0.5658
G epoch=51/60 loss=0.5663
G epoch=52/60 loss=0.5656
G epoch=53/60 loss=0.5652
G epoch=54/60 loss=0.5641
G epoch=55/60 loss=0.5606
G epoch=56/60 loss=0.5620
G epoch=57/60 loss=0.5630
G epoch=58/60 loss=0.5602
G epoch=59/60 loss=0.5604
G epoch=60/60 loss=0.5590

[2/3] pretrain D
D step=1/30 epoch=1/3 loss=0.7796 l2=0.2000 label_smoothing=0.000
D step=1/30 epoch=2/3 loss=0.7586 l2=0.2000 label_smoothing=0.000
D step=1/30 epoch=3/3 loss=0.7430 l2=0.2000 label_smoothing=0.000
D step=2/30 epoch=1/3 loss=0.7355 l2=0.2000 label_smoothing=0.000
D step=2/30 epoch=2/3 loss=0.7137 l2=0.2000 label_smoothing=0.000
D step=2/30 epoch=3/3 loss=0.6997 l2=0.2000 label_smoothing=0.000
D step=3/30 epoch=1/3 loss=0.7059 l2=0.2000 label_smoothing=0.000
D step=3/30 epoch=2/3 loss=0.7033 l2=0.2000 label_smoothing=0.000
D step=3/30 epoch=3/3 loss=0.6901 l2=0.2000 label_smoothing=0.000
D step=4/30 epoch=1/3 loss=0.6977 l2=0.2000 label_smoothing=0.000
D step=4/30 epoch=2/3 loss=0.6867 l2=0.2000 label_smoothing=0.000
D step=4/30 epoch=3/3 loss=0.6776 l2=0.2000 label_smoothing=0.000
D step=5/30 epoch=1/3 loss=0.6859 l2=0.2000 label_smoothing=0.000
D step=5/30 epoch=2/3 loss=0.6669 l2=0.2000 label_smoothing=0.000
D step=5/30 epoch=3/3 loss=0.6548 l2=0.2000 label_smoothing=0.000
D step=6/30 epoch=1/3 loss=0.6556 l2=0.2000 label_smoothing=0.000
D step=6/30 epoch=2/3 loss=0.6328 l2=0.2000 label_smoothing=0.000
D step=6/30 epoch=3/3 loss=0.6206 l2=0.2000 label_smoothing=0.000
D step=7/30 epoch=1/3 loss=0.6413 l2=0.2000 label_smoothing=0.000
D step=7/30 epoch=2/3 loss=0.6217 l2=0.2000 label_smoothing=0.000
D step=7/30 epoch=3/3 loss=0.6015 l2=0.2000 label_smoothing=0.000
D step=8/30 epoch=1/3 loss=0.6269 l2=0.2000 label_smoothing=0.000
D step=8/30 epoch=2/3 loss=0.6004 l2=0.2000 label_smoothing=0.000
D step=8/30 epoch=3/3 loss=0.5787 l2=0.2000 label_smoothing=0.000
D step=9/30 epoch=1/3 loss=0.6079 l2=0.2000 label_smoothing=0.000
D step=9/30 epoch=2/3 loss=0.5782 l2=0.2000 label_smoothing=0.000
D step=9/30 epoch=3/3 loss=0.5530 l2=0.2000 label_smoothing=0.000
D step=10/30 epoch=1/3 loss=0.5795 l2=0.2000 label_smoothing=0.000
D step=10/30 epoch=2/3 loss=0.5489 l2=0.2000 label_smoothing=0.000
D step=10/30 epoch=3/3 loss=0.5287 l2=0.2000 label_smoothing=0.000
D step=11/30 epoch=1/3 loss=0.5609 l2=0.2000 label_smoothing=0.000
D step=11/30 epoch=2/3 loss=0.5187 l2=0.2000 label_smoothing=0.000
D step=11/30 epoch=3/3 loss=0.4964 l2=0.2000 label_smoothing=0.000
D step=12/30 epoch=1/3 loss=0.5494 l2=0.2000 label_smoothing=0.000
D step=12/30 epoch=2/3 loss=0.5114 l2=0.2000 label_smoothing=0.000
D step=12/30 epoch=3/3 loss=0.4800 l2=0.2000 label_smoothing=0.000
D step=13/30 epoch=1/3 loss=0.5336 l2=0.2000 label_smoothing=0.000
D step=13/30 epoch=2/3 loss=0.5063 l2=0.2000 label_smoothing=0.000
D step=13/30 epoch=3/3 loss=0.4774 l2=0.2000 label_smoothing=0.000
D step=14/30 epoch=1/3 loss=0.5345 l2=0.2000 label_smoothing=0.000
D step=14/30 epoch=2/3 loss=0.4871 l2=0.2000 label_smoothing=0.000
D step=14/30 epoch=3/3 loss=0.4559 l2=0.2000 label_smoothing=0.000
D step=15/30 epoch=1/3 loss=0.4875 l2=0.2000 label_smoothing=0.000
D step=15/30 epoch=2/3 loss=0.4690 l2=0.2000 label_smoothing=0.000
D step=15/30 epoch=3/3 loss=0.4376 l2=0.2000 label_smoothing=0.000
D step=16/30 epoch=1/3 loss=0.4681 l2=0.2000 label_smoothing=0.000
D step=16/30 epoch=2/3 loss=0.4331 l2=0.2000 label_smoothing=0.000
D step=16/30 epoch=3/3 loss=0.4197 l2=0.2000 label_smoothing=0.000
D step=17/30 epoch=1/3 loss=0.4728 l2=0.2000 label_smoothing=0.000
D step=17/30 epoch=2/3 loss=0.4215 l2=0.2000 label_smoothing=0.000
D step=17/30 epoch=3/3 loss=0.3949 l2=0.2000 label_smoothing=0.000
D step=18/30 epoch=1/3 loss=0.4384 l2=0.2000 label_smoothing=0.000
D step=18/30 epoch=2/3 loss=0.4126 l2=0.2000 label_smoothing=0.000
D step=18/30 epoch=3/3 loss=0.3934 l2=0.2000 label_smoothing=0.000
D step=19/30 epoch=1/3 loss=0.4186 l2=0.2000 label_smoothing=0.000
D step=19/30 epoch=2/3 loss=0.3794 l2=0.2000 label_smoothing=0.000
D step=19/30 epoch=3/3 loss=0.3597 l2=0.2000 label_smoothing=0.000
D step=20/30 epoch=1/3 loss=0.4086 l2=0.2000 label_smoothing=0.000
D step=20/30 epoch=2/3 loss=0.3596 l2=0.2000 label_smoothing=0.000
D step=20/30 epoch=3/3 loss=0.3399 l2=0.2000 label_smoothing=0.000
D step=21/30 epoch=1/3 loss=0.3971 l2=0.2000 label_smoothing=0.000
D step=21/30 epoch=2/3 loss=0.3628 l2=0.2000 label_smoothing=0.000
D step=21/30 epoch=3/3 loss=0.3396 l2=0.2000 label_smoothing=0.000
D step=22/30 epoch=1/3 loss=0.3921 l2=0.2000 label_smoothing=0.000
D step=22/30 epoch=2/3 loss=0.3514 l2=0.2000 label_smoothing=0.000
D step=22/30 epoch=3/3 loss=0.3287 l2=0.2000 label_smoothing=0.000
D step=23/30 epoch=1/3 loss=0.3658 l2=0.2000 label_smoothing=0.000
D step=23/30 epoch=2/3 loss=0.3327 l2=0.2000 label_smoothing=0.000
D step=23/30 epoch=3/3 loss=0.3267 l2=0.2000 label_smoothing=0.000
D step=24/30 epoch=1/3 loss=0.3486 l2=0.2000 label_smoothing=0.000
D step=24/30 epoch=2/3 loss=0.3029 l2=0.2000 label_smoothing=0.000
D step=24/30 epoch=3/3 loss=0.2862 l2=0.2000 label_smoothing=0.000
D step=25/30 epoch=1/3 loss=0.3916 l2=0.2000 label_smoothing=0.000
D step=25/30 epoch=2/3 loss=0.3394 l2=0.2000 label_smoothing=0.000
D step=25/30 epoch=3/3 loss=0.3216 l2=0.2000 label_smoothing=0.000
D step=26/30 epoch=1/3 loss=0.3564 l2=0.2000 label_smoothing=0.000
D step=26/30 epoch=2/3 loss=0.3057 l2=0.2000 label_smoothing=0.000
D step=26/30 epoch=3/3 loss=0.2848 l2=0.2000 label_smoothing=0.000
D step=27/30 epoch=1/3 loss=0.3520 l2=0.2000 label_smoothing=0.000
D step=27/30 epoch=2/3 loss=0.2938 l2=0.2000 label_smoothing=0.000
D step=27/30 epoch=3/3 loss=0.2878 l2=0.2000 label_smoothing=0.000
D step=28/30 epoch=1/3 loss=0.3484 l2=0.2000 label_smoothing=0.000
D step=28/30 epoch=2/3 loss=0.3104 l2=0.2000 label_smoothing=0.000
D step=28/30 epoch=3/3 loss=0.2817 l2=0.2000 label_smoothing=0.000
D step=29/30 epoch=1/3 loss=0.3443 l2=0.2000 label_smoothing=0.000
D step=29/30 epoch=2/3 loss=0.3086 l2=0.2000 label_smoothing=0.000
D step=29/30 epoch=3/3 loss=0.3032 l2=0.2000 label_smoothing=0.000
D step=30/30 epoch=1/3 loss=0.3220 l2=0.2000 label_smoothing=0.000
D step=30/30 epoch=2/3 loss=0.2877 l2=0.2000 label_smoothing=0.000
D step=30/30 epoch=3/3 loss=0.2796 l2=0.2000 label_smoothing=0.000

[3/3] adversarial
generator_reward_mode=off reward_alpha=1.000 d_steps=5 d_epochs=3
D step=1/5 epoch=1/3 loss=0.3137 l2=0.2000 label_smoothing=0.000
D step=1/5 epoch=2/3 loss=0.2664 l2=0.2000 label_smoothing=0.000
D step=1/5 epoch=3/3 loss=0.2518 l2=0.2000 label_smoothing=0.000
D step=2/5 epoch=1/3 loss=0.3082 l2=0.2000 label_smoothing=0.000
D step=2/5 epoch=2/3 loss=0.2796 l2=0.2000 label_smoothing=0.000
D step=2/5 epoch=3/3 loss=0.2590 l2=0.2000 label_smoothing=0.000
D step=3/5 epoch=1/3 loss=0.2980 l2=0.2000 label_smoothing=0.000
D step=3/5 epoch=2/3 loss=0.2591 l2=0.2000 label_smoothing=0.000
D step=3/5 epoch=3/3 loss=0.2634 l2=0.2000 label_smoothing=0.000
D step=4/5 epoch=1/3 loss=0.3064 l2=0.2000 label_smoothing=0.000
D step=4/5 epoch=2/3 loss=0.2652 l2=0.2000 label_smoothing=0.000
D step=4/5 epoch=3/3 loss=0.2458 l2=0.2000 label_smoothing=0.000
D step=5/5 epoch=1/3 loss=0.2814 l2=0.2000 label_smoothing=0.000
D step=5/5 epoch=2/3 loss=0.2506 l2=0.2000 label_smoothing=0.000
D step=5/5 epoch=3/3 loss=0.2381 l2=0.2000 label_smoothing=0.000
ADV epoch=1/60 g_loss=0.0898 d_loss=0.2724 reward=0.2060 reward_var=0.0497 unique=0.8600
D step=1/5 epoch=1/3 loss=0.3183 l2=0.2000 label_smoothing=0.000
D step=1/5 epoch=2/3 loss=0.2934 l2=0.2000 label_smoothing=0.000
D step=1/5 epoch=3/3 loss=0.2960 l2=0.2000 label_smoothing=0.000
D step=2/5 epoch=1/3 loss=0.3339 l2=0.2000 label_smoothing=0.000
D step=2/5 epoch=2/3 loss=0.2904 l2=0.2000 label_smoothing=0.000
D step=2/5 epoch=3/3 loss=0.2810 l2=0.2000 label_smoothing=0.000
D step=3/5 epoch=1/3 loss=0.3116 l2=0.2000 label_smoothing=0.000
D step=3/5 epoch=2/3 loss=0.2718 l2=0.2000 label_smoothing=0.000
D step=3/5 epoch=3/3 loss=0.2580 l2=0.2000 label_smoothing=0.000
D step=4/5 epoch=1/3 loss=0.2887 l2=0.2000 label_smoothing=0.000
D step=4/5 epoch=2/3 loss=0.2655 l2=0.2000 label_smoothing=0.000
D step=4/5 epoch=3/3 loss=0.2642 l2=0.2000 label_smoothing=0.000
D step=5/5 epoch=1/3 loss=0.2882 l2=0.2000 label_smoothing=0.000
D step=5/5 epoch=2/3 loss=0.2568 l2=0.2000 label_smoothing=0.000
D step=5/5 epoch=3/3 loss=0.2481 l2=0.2000 label_smoothing=0.000
ADV epoch=2/60 g_loss=0.1018 d_loss=0.2844 reward=0.2079 reward_var=0.0516 unique=0.8200
D step=1/5 epoch=1/3 loss=0.3382 l2=0.2000 label_smoothing=0.000
D step=1/5 epoch=2/3 loss=0.3007 l2=0.2000 label_smoothing=0.000
D step=1/5 epoch=3/3 loss=0.3031 l2=0.2000 label_smoothing=0.000
D step=2/5 epoch=1/3 loss=0.3149 l2=0.2000 label_smoothing=0.000
D step=2/5 epoch=2/3 loss=0.2844 l2=0.2000 label_smoothing=0.000
D step=2/5 epoch=3/3 loss=0.2756 l2=0.2000 label_smoothing=0.000
D step=3/5 epoch=1/3 loss=0.3238 l2=0.2000 label_smoothing=0.000
D step=3/5 epoch=2/3 loss=0.2946 l2=0.2000 label_smoothing=0.000
D step=3/5 epoch=3/3 loss=0.2890 l2=0.2000 label_smoothing=0.000
D step=4/5 epoch=1/3 loss=0.3324 l2=0.2000 label_smoothing=0.000
D step=4/5 epoch=2/3 loss=0.3028 l2=0.2000 label_smoothing=0.000
D step=4/5 epoch=3/3 loss=0.3183 l2=0.2000 label_smoothing=0.000
D step=5/5 epoch=1/3 loss=0.3265 l2=0.2000 label_smoothing=0.000
D step=5/5 epoch=2/3 loss=0.2906 l2=0.2000 label_smoothing=0.000
D step=5/5 epoch=3/3 loss=0.2752 l2=0.2000 label_smoothing=0.000
ADV epoch=3/60 g_loss=0.0511 d_loss=0.3047 reward=0.2182 reward_var=0.0516 unique=0.7400
D step=1/5 epoch=1/3 loss=0.3228 l2=0.2000 label_smoothing=0.000
D step=1/5 epoch=2/3 loss=0.2936 l2=0.2000 label_smoothing=0.000
D step=1/5 epoch=3/3 loss=0.2751 l2=0.2000 label_smoothing=0.000
D step=2/5 epoch=1/3 loss=0.3052 l2=0.2000 label_smoothing=0.000
D step=2/5 epoch=2/3 loss=0.2859 l2=0.2000 label_smoothing=0.000
D step=2/5 epoch=3/3 loss=0.2958 l2=0.2000 label_smoothing=0.000
D step=3/5 epoch=1/3 loss=0.3337 l2=0.2000 label_smoothing=0.000
D step=3/5 epoch=2/3 loss=0.2927 l2=0.2000 label_smoothing=0.000
D step=3/5 epoch=3/3 loss=0.2771 l2=0.2000 label_smoothing=0.000
D step=4/5 epoch=1/3 loss=0.3118 l2=0.2000 label_smoothing=0.000
D step=4/5 epoch=2/3 loss=0.2900 l2=0.2000 label_smoothing=0.000
D step=4/5 epoch=3/3 loss=0.2801 l2=0.2000 label_smoothing=0.000
D step=5/5 epoch=1/3 loss=0.3158 l2=0.2000 label_smoothing=0.000
D step=5/5 epoch=2/3 loss=0.2857 l2=0.2000 label_smoothing=0.000
D step=5/5 epoch=3/3 loss=0.2798 l2=0.2000 label_smoothing=0.000
ADV epoch=4/60 g_loss=0.0418 d_loss=0.2963 reward=0.1763 reward_var=0.0323 unique=0.6800
D step=1/5 epoch=1/3 loss=0.2899 l2=0.2000 label_smoothing=0.000
D step=1/5 epoch=2/3 loss=0.2636 l2=0.2000 label_smoothing=0.000
D step=1/5 epoch=3/3 loss=0.2648 l2=0.2000 label_smoothing=0.000
D step=2/5 epoch=1/3 loss=0.2679 l2=0.2000 label_smoothing=0.000
D step=2/5 epoch=2/3 loss=0.2432 l2=0.2000 label_smoothing=0.000
D step=2/5 epoch=3/3 loss=0.2388 l2=0.2000 label_smoothing=0.000
D step=3/5 epoch=1/3 loss=0.2739 l2=0.2000 label_smoothing=0.000
D step=3/5 epoch=2/3 loss=0.2541 l2=0.2000 label_smoothing=0.000
D step=3/5 epoch=3/3 loss=0.2532 l2=0.2000 label_smoothing=0.000
D step=4/5 epoch=1/3 loss=0.2652 l2=0.2000 label_smoothing=0.000
D step=4/5 epoch=2/3 loss=0.2353 l2=0.2000 label_smoothing=0.000
D step=4/5 epoch=3/3 loss=0.2286 l2=0.2000 label_smoothing=0.000
D step=5/5 epoch=1/3 loss=0.2580 l2=0.2000 label_smoothing=0.000
D step=5/5 epoch=2/3 loss=0.2498 l2=0.2000 label_smoothing=0.000
D step=5/5 epoch=3/3 loss=0.2337 l2=0.2000 label_smoothing=0.000
ADV epoch=5/60 g_loss=0.0489 d_loss=0.2547 reward=0.1764 reward_var=0.0286 unique=0.6400
D step=1/5 epoch=1/3 loss=0.3321 l2=0.2000 label_smoothing=0.000
D step=1/5 epoch=2/3 loss=0.3053 l2=0.2000 label_smoothing=0.000
D step=1/5 epoch=3/3 loss=0.2951 l2=0.2000 label_smoothing=0.000
D step=2/5 epoch=1/3 loss=0.3340 l2=0.2000 label_smoothing=0.000
D step=2/5 epoch=2/3 loss=0.3118 l2=0.2000 label_smoothing=0.000
D step=2/5 epoch=3/3 loss=0.3019 l2=0.2000 label_smoothing=0.000
D step=3/5 epoch=1/3 loss=0.3156 l2=0.2000 label_smoothing=0.000
D step=3/5 epoch=2/3 loss=0.2970 l2=0.2000 label_smoothing=0.000
D step=3/5 epoch=3/3 loss=0.2888 l2=0.2000 label_smoothing=0.000
D step=4/5 epoch=1/3 loss=0.3139 l2=0.2000 label_smoothing=0.000
D step=4/5 epoch=2/3 loss=0.3007 l2=0.2000 label_smoothing=0.000
D step=4/5 epoch=3/3 loss=0.2941 l2=0.2000 label_smoothing=0.000
D step=5/5 epoch=1/3 loss=0.3214 l2=0.2000 label_smoothing=0.000
D step=5/5 epoch=2/3 loss=0.3033 l2=0.2000 label_smoothing=0.000
D step=5/5 epoch=3/3 loss=0.2954 l2=0.2000 label_smoothing=0.000
ADV epoch=6/60 g_loss=0.0625 d_loss=0.3074 reward=0.2746 reward_var=0.0512 unique=0.5400
D step=1/5 epoch=1/3 loss=0.3224 l2=0.2000 label_smoothing=0.000
D step=1/5 epoch=2/3 loss=0.3027 l2=0.2000 label_smoothing=0.000
D step=1/5 epoch=3/3 loss=0.2976 l2=0.2000 label_smoothing=0.000
D step=2/5 epoch=1/3 loss=0.3183 l2=0.2000 label_smoothing=0.000
D step=2/5 epoch=2/3 loss=0.3039 l2=0.2000 label_smoothing=0.000
D step=2/5 epoch=3/3 loss=0.3102 l2=0.2000 label_smoothing=0.000
D step=3/5 epoch=1/3 loss=0.3276 l2=0.2000 label_smoothing=0.000
D step=3/5 epoch=2/3 loss=0.3108 l2=0.2000 label_smoothing=0.000
D step=3/5 epoch=3/3 loss=0.3013 l2=0.2000 label_smoothing=0.000
D step=4/5 epoch=1/3 loss=0.3304 l2=0.2000 label_smoothing=0.000
D step=4/5 epoch=2/3 loss=0.3036 l2=0.2000 label_smoothing=0.000
D step=4/5 epoch=3/3 loss=0.2942 l2=0.2000 label_smoothing=0.000
D step=5/5 epoch=1/3 loss=0.3304 l2=0.2000 label_smoothing=0.000
D step=5/5 epoch=2/3 loss=0.3131 l2=0.2000 label_smoothing=0.000
D step=5/5 epoch=3/3 loss=0.3298 l2=0.2000 label_smoothing=0.000
ADV epoch=7/60 g_loss=0.0577 d_loss=0.3131 reward=0.2133 reward_var=0.0245 unique=0.6000
D step=1/5 epoch=1/3 loss=0.3315 l2=0.2000 label_smoothing=0.000
D step=1/5 epoch=2/3 loss=0.3007 l2=0.2000 label_smoothing=0.000
D step=1/5 epoch=3/3 loss=0.2959 l2=0.2000 label_smoothing=0.000
D step=2/5 epoch=1/3 loss=0.3351 l2=0.2000 label_smoothing=0.000
D step=2/5 epoch=2/3 loss=0.3197 l2=0.2000 label_smoothing=0.000
D step=2/5 epoch=3/3 loss=0.3073 l2=0.2000 label_smoothing=0.000
D step=3/5 epoch=1/3 loss=0.3337 l2=0.2000 label_smoothing=0.000
D step=3/5 epoch=2/3 loss=0.3150 l2=0.2000 label_smoothing=0.000
D step=3/5 epoch=3/3 loss=0.3045 l2=0.2000 label_smoothing=0.000
D step=4/5 epoch=1/3 loss=0.3287 l2=0.2000 label_smoothing=0.000
D step=4/5 epoch=2/3 loss=0.2998 l2=0.2000 label_smoothing=0.000
D step=4/5 epoch=3/3 loss=0.2936 l2=0.2000 label_smoothing=0.000
D step=5/5 epoch=1/3 loss=0.3200 l2=0.2000 label_smoothing=0.000
D step=5/5 epoch=2/3 loss=0.2980 l2=0.2000 label_smoothing=0.000
D step=5/5 epoch=3/3 loss=0.2955 l2=0.2000 label_smoothing=0.000
ADV epoch=8/60 g_loss=0.0439 d_loss=0.3119 reward=0.2365 reward_var=0.0137 unique=0.3600
D step=1/5 epoch=1/3 loss=0.3247 l2=0.2000 label_smoothing=0.000
D step=1/5 epoch=2/3 loss=0.2966 l2=0.2000 label_smoothing=0.000
D step=1/5 epoch=3/3 loss=0.2960 l2=0.2000 label_smoothing=0.000
D step=2/5 epoch=1/3 loss=0.3108 l2=0.2000 label_smoothing=0.000
D step=2/5 epoch=2/3 loss=0.3013 l2=0.2000 label_smoothing=0.000
D step=2/5 epoch=3/3 loss=0.2926 l2=0.2000 label_smoothing=0.000
D step=3/5 epoch=1/3 loss=0.3271 l2=0.2000 label_smoothing=0.000
D step=3/5 epoch=2/3 loss=0.3112 l2=0.2000 label_smoothing=0.000
D step=3/5 epoch=3/3 loss=0.3037 l2=0.2000 label_smoothing=0.000
D step=4/5 epoch=1/3 loss=0.3199 l2=0.2000 label_smoothing=0.000
D step=4/5 epoch=2/3 loss=0.2987 l2=0.2000 label_smoothing=0.000
D step=4/5 epoch=3/3 loss=0.2941 l2=0.2000 label_smoothing=0.000
D step=5/5 epoch=1/3 loss=0.3087 l2=0.2000 label_smoothing=0.000
D step=5/5 epoch=2/3 loss=0.2992 l2=0.2000 label_smoothing=0.000
D step=5/5 epoch=3/3 loss=0.2881 l2=0.2000 label_smoothing=0.000
ADV epoch=9/60 g_loss=0.0496 d_loss=0.3048 reward=0.1966 reward_var=0.0138 unique=0.4600
D step=1/5 epoch=1/3 loss=0.3212 l2=0.2000 label_smoothing=0.000
D step=1/5 epoch=2/3 loss=0.2962 l2=0.2000 label_smoothing=0.000
D step=1/5 epoch=3/3 loss=0.2945 l2=0.2000 label_smoothing=0.000
D step=2/5 epoch=1/3 loss=0.3000 l2=0.2000 label_smoothing=0.000
D step=2/5 epoch=2/3 loss=0.2950 l2=0.2000 label_smoothing=0.000
D step=2/5 epoch=3/3 loss=0.2920 l2=0.2000 label_smoothing=0.000
D step=3/5 epoch=1/3 loss=0.3066 l2=0.2000 label_smoothing=0.000
D step=3/5 epoch=2/3 loss=0.2872 l2=0.2000 label_smoothing=0.000
D step=3/5 epoch=3/3 loss=0.2831 l2=0.2000 label_smoothing=0.000
D step=4/5 epoch=1/3 loss=0.3105 l2=0.2000 label_smoothing=0.000
D step=4/5 epoch=2/3 loss=0.2951 l2=0.2000 label_smoothing=0.000
D step=4/5 epoch=3/3 loss=0.2903 l2=0.2000 label_smoothing=0.000
D step=5/5 epoch=1/3 loss=0.3047 l2=0.2000 label_smoothing=0.000
D step=5/5 epoch=2/3 loss=0.2905 l2=0.2000 label_smoothing=0.000
D step=5/5 epoch=3/3 loss=0.2901 l2=0.2000 label_smoothing=0.000
ADV epoch=10/60 g_loss=0.0557 d_loss=0.2971 reward=0.2120 reward_var=0.0274 unique=0.4000
D step=1/5 epoch=1/3 loss=0.3075 l2=0.2000 label_smoothing=0.000
D step=1/5 epoch=2/3 loss=0.2891 l2=0.2000 label_smoothing=0.000
D step=1/5 epoch=3/3 loss=0.2826 l2=0.2000 label_smoothing=0.000
D step=2/5 epoch=1/3 loss=0.3240 l2=0.2000 label_smoothing=0.000
D step=2/5 epoch=2/3 loss=0.3120 l2=0.2000 label_smoothing=0.000
D step=2/5 epoch=3/3 loss=0.2897 l2=0.2000 label_smoothing=0.000
D step=3/5 epoch=1/3 loss=0.2970 l2=0.2000 label_smoothing=0.000
D step=3/5 epoch=2/3 loss=0.2818 l2=0.2000 label_smoothing=0.000
D step=3/5 epoch=3/3 loss=0.2806 l2=0.2000 label_smoothing=0.000
D step=4/5 epoch=1/3 loss=0.3009 l2=0.2000 label_smoothing=0.000
D step=4/5 epoch=2/3 loss=0.2856 l2=0.2000 label_smoothing=0.000
D step=4/5 epoch=3/3 loss=0.2829 l2=0.2000 label_smoothing=0.000
D step=5/5 epoch=1/3 loss=0.3092 l2=0.2000 label_smoothing=0.000
D step=5/5 epoch=2/3 loss=0.2898 l2=0.2000 label_smoothing=0.000
D step=5/5 epoch=3/3 loss=0.2836 l2=0.2000 label_smoothing=0.000
ADV epoch=11/60 g_loss=0.0543 d_loss=0.2944 reward=0.2331 reward_var=0.0219 unique=0.4400
D step=1/5 epoch=1/3 loss=0.3039 l2=0.2000 label_smoothing=0.000
D step=1/5 epoch=2/3 loss=0.2898 l2=0.2000 label_smoothing=0.000
D step=1/5 epoch=3/3 loss=0.2872 l2=0.2000 label_smoothing=0.000
D step=2/5 epoch=1/3 loss=0.3024 l2=0.2000 label_smoothing=0.000
D step=2/5 epoch=2/3 loss=0.2885 l2=0.2000 label_smoothing=0.000
D step=2/5 epoch=3/3 loss=0.2905 l2=0.2000 label_smoothing=0.000
D step=3/5 epoch=1/3 loss=0.3103 l2=0.2000 label_smoothing=0.000
D step=3/5 epoch=2/3 loss=0.2959 l2=0.2000 label_smoothing=0.000
D step=3/5 epoch=3/3 loss=0.2898 l2=0.2000 label_smoothing=0.000
D step=4/5 epoch=1/3 loss=0.3040 l2=0.2000 label_smoothing=0.000
D step=4/5 epoch=2/3 loss=0.2950 l2=0.2000 label_smoothing=0.000
D step=4/5 epoch=3/3 loss=0.2872 l2=0.2000 label_smoothing=0.000
D step=5/5 epoch=1/3 loss=0.3155 l2=0.2000 label_smoothing=0.000
D step=5/5 epoch=2/3 loss=0.3014 l2=0.2000 label_smoothing=0.000
D step=5/5 epoch=3/3 loss=0.2967 l2=0.2000 label_smoothing=0.000
ADV epoch=12/60 g_loss=0.0354 d_loss=0.2972 reward=0.2261 reward_var=0.0182 unique=0.5000
D step=1/5 epoch=1/3 loss=0.3265 l2=0.2000 label_smoothing=0.000
D step=1/5 epoch=2/3 loss=0.3023 l2=0.2000 label_smoothing=0.000
D step=1/5 epoch=3/3 loss=0.2956 l2=0.2000 label_smoothing=0.000
D step=2/5 epoch=1/3 loss=0.3152 l2=0.2000 label_smoothing=0.000
D step=2/5 epoch=2/3 loss=0.3007 l2=0.2000 label_smoothing=0.000
D step=2/5 epoch=3/3 loss=0.2919 l2=0.2000 label_smoothing=0.000
D step=3/5 epoch=1/3 loss=0.3173 l2=0.2000 label_smoothing=0.000
D step=3/5 epoch=2/3 loss=0.2994 l2=0.2000 label_smoothing=0.000
D step=3/5 epoch=3/3 loss=0.2952 l2=0.2000 label_smoothing=0.000
D step=4/5 epoch=1/3 loss=0.3078 l2=0.2000 label_smoothing=0.000
D step=4/5 epoch=2/3 loss=0.3005 l2=0.2000 label_smoothing=0.000
D step=4/5 epoch=3/3 loss=0.3027 l2=0.2000 label_smoothing=0.000
D step=5/5 epoch=1/3 loss=0.3194 l2=0.2000 label_smoothing=0.000
D step=5/5 epoch=2/3 loss=0.2994 l2=0.2000 label_smoothing=0.000
D step=5/5 epoch=3/3 loss=0.2949 l2=0.2000 label_smoothing=0.000
ADV epoch=13/60 g_loss=0.0300 d_loss=0.3046 reward=0.1734 reward_var=0.0085 unique=0.3400
D step=1/5 epoch=1/3 loss=0.3225 l2=0.2000 label_smoothing=0.000
D step=1/5 epoch=2/3 loss=0.3053 l2=0.2000 label_smoothing=0.000
D step=1/5 epoch=3/3 loss=0.3031 l2=0.2000 label_smoothing=0.000
D step=2/5 epoch=1/3 loss=0.3153 l2=0.2000 label_smoothing=0.000
D step=2/5 epoch=2/3 loss=0.2975 l2=0.2000 label_smoothing=0.000
D step=2/5 epoch=3/3 loss=0.3006 l2=0.2000 label_smoothing=0.000
D step=3/5 epoch=1/3 loss=0.3165 l2=0.2000 label_smoothing=0.000
D step=3/5 epoch=2/3 loss=0.3004 l2=0.2000 label_smoothing=0.000
D step=3/5 epoch=3/3 loss=0.2986 l2=0.2000 label_smoothing=0.000
D step=4/5 epoch=1/3 loss=0.3208 l2=0.2000 label_smoothing=0.000
D step=4/5 epoch=2/3 loss=0.2996 l2=0.2000 label_smoothing=0.000
D step=4/5 epoch=3/3 loss=0.2962 l2=0.2000 label_smoothing=0.000
D step=5/5 epoch=1/3 loss=0.3153 l2=0.2000 label_smoothing=0.000
D step=5/5 epoch=2/3 loss=0.3015 l2=0.2000 label_smoothing=0.000
D step=5/5 epoch=3/3 loss=0.2988 l2=0.2000 label_smoothing=0.000
ADV epoch=14/60 g_loss=0.0392 d_loss=0.3061 reward=0.2262 reward_var=0.0158 unique=0.3600
D step=1/5 epoch=1/3 loss=0.3115 l2=0.2000 label_smoothing=0.000
D step=1/5 epoch=2/3 loss=0.2973 l2=0.2000 label_smoothing=0.000
D step=1/5 epoch=3/3 loss=0.3007 l2=0.2000 label_smoothing=0.000
D step=2/5 epoch=1/3 loss=0.3274 l2=0.2000 label_smoothing=0.000
D step=2/5 epoch=2/3 loss=0.3120 l2=0.2000 label_smoothing=0.000
D step=2/5 epoch=3/3 loss=0.3083 l2=0.2000 label_smoothing=0.000
D step=3/5 epoch=1/3 loss=0.3153 l2=0.2000 label_smoothing=0.000
D step=3/5 epoch=2/3 loss=0.3030 l2=0.2000 label_smoothing=0.000
D step=3/5 epoch=3/3 loss=0.3005 l2=0.2000 label_smoothing=0.000
D step=4/5 epoch=1/3 loss=0.3321 l2=0.2000 label_smoothing=0.000
D step=4/5 epoch=2/3 loss=0.3076 l2=0.2000 label_smoothing=0.000
D step=4/5 epoch=3/3 loss=0.3103 l2=0.2000 label_smoothing=0.000
D step=5/5 epoch=1/3 loss=0.3169 l2=0.2000 label_smoothing=0.000
D step=5/5 epoch=2/3 loss=0.3052 l2=0.2000 label_smoothing=0.000
D step=5/5 epoch=3/3 loss=0.2977 l2=0.2000 label_smoothing=0.000
ADV epoch=15/60 g_loss=0.0247 d_loss=0.3097 reward=0.2039 reward_var=0.0083 unique=0.2600
D step=1/5 epoch=1/3 loss=0.3265 l2=0.2000 label_smoothing=0.000
D step=1/5 epoch=2/3 loss=0.3028 l2=0.2000 label_smoothing=0.000
D step=1/5 epoch=3/3 loss=0.3015 l2=0.2000 label_smoothing=0.000
D step=2/5 epoch=1/3 loss=0.3106 l2=0.2000 label_smoothing=0.000
D step=2/5 epoch=2/3 loss=0.2980 l2=0.2000 label_smoothing=0.000
D step=2/5 epoch=3/3 loss=0.2961 l2=0.2000 label_smoothing=0.000
D step=3/5 epoch=1/3 loss=0.3129 l2=0.2000 label_smoothing=0.000
D step=3/5 epoch=2/3 loss=0.3069 l2=0.2000 label_smoothing=0.000
D step=3/5 epoch=3/3 loss=0.3128 l2=0.2000 label_smoothing=0.000
D step=4/5 epoch=1/3 loss=0.3223 l2=0.2000 label_smoothing=0.000
D step=4/5 epoch=2/3 loss=0.3051 l2=0.2000 label_smoothing=0.000
D step=4/5 epoch=3/3 loss=0.2985 l2=0.2000 label_smoothing=0.000
D step=5/5 epoch=1/3 loss=0.3225 l2=0.2000 label_smoothing=0.000
D step=5/5 epoch=2/3 loss=0.2986 l2=0.2000 label_smoothing=0.000
D step=5/5 epoch=3/3 loss=0.2953 l2=0.2000 label_smoothing=0.000
ADV epoch=16/60 g_loss=0.0326 d_loss=0.3074 reward=0.2105 reward_var=0.0184 unique=0.2200
D step=1/5 epoch=1/3 loss=0.3236 l2=0.2000 label_smoothing=0.000
D step=1/5 epoch=2/3 loss=0.3034 l2=0.2000 label_smoothing=0.000
D step=1/5 epoch=3/3 loss=0.3014 l2=0.2000 label_smoothing=0.000
D step=2/5 epoch=1/3 loss=0.3304 l2=0.2000 label_smoothing=0.000
D step=2/5 epoch=2/3 loss=0.3081 l2=0.2000 label_smoothing=0.000
D step=2/5 epoch=3/3 loss=0.3023 l2=0.2000 label_smoothing=0.000
D step=3/5 epoch=1/3 loss=0.3178 l2=0.2000 label_smoothing=0.000
D step=3/5 epoch=2/3 loss=0.3004 l2=0.2000 label_smoothing=0.000
D step=3/5 epoch=3/3 loss=0.2963 l2=0.2000 label_smoothing=0.000
D step=4/5 epoch=1/3 loss=0.3250 l2=0.2000 label_smoothing=0.000
D step=4/5 epoch=2/3 loss=0.3135 l2=0.2000 label_smoothing=0.000
D step=4/5 epoch=3/3 loss=0.3075 l2=0.2000 label_smoothing=0.000
D step=5/5 epoch=1/3 loss=0.3111 l2=0.2000 label_smoothing=0.000
D step=5/5 epoch=2/3 loss=0.2983 l2=0.2000 label_smoothing=0.000
D step=5/5 epoch=3/3 loss=0.2974 l2=0.2000 label_smoothing=0.000
ADV epoch=17/60 g_loss=0.0329 d_loss=0.3091 reward=0.2022 reward_var=0.0131 unique=0.3400
D step=1/5 epoch=1/3 loss=0.3168 l2=0.2000 label_smoothing=0.000
D step=1/5 epoch=2/3 loss=0.2983 l2=0.2000 label_smoothing=0.000
D step=1/5 epoch=3/3 loss=0.2976 l2=0.2000 label_smoothing=0.000
D step=2/5 epoch=1/3 loss=0.3203 l2=0.2000 label_smoothing=0.000
D step=2/5 epoch=2/3 loss=0.3043 l2=0.2000 label_smoothing=0.000
D step=2/5 epoch=3/3 loss=0.3005 l2=0.2000 label_smoothing=0.000
D step=3/5 epoch=1/3 loss=0.3104 l2=0.2000 label_smoothing=0.000
D step=3/5 epoch=2/3 loss=0.3021 l2=0.2000 label_smoothing=0.000
D step=3/5 epoch=3/3 loss=0.2933 l2=0.2000 label_smoothing=0.000
D step=4/5 epoch=1/3 loss=0.3251 l2=0.2000 label_smoothing=0.000
D step=4/5 epoch=2/3 loss=0.3067 l2=0.2000 label_smoothing=0.000
D step=4/5 epoch=3/3 loss=0.3006 l2=0.2000 label_smoothing=0.000
D step=5/5 epoch=1/3 loss=0.3103 l2=0.2000 label_smoothing=0.000
D step=5/5 epoch=2/3 loss=0.2997 l2=0.2000 label_smoothing=0.000
D step=5/5 epoch=3/3 loss=0.2958 l2=0.2000 label_smoothing=0.000
ADV epoch=18/60 g_loss=0.0294 d_loss=0.3055 reward=0.2064 reward_var=0.0168 unique=0.3400
D step=1/5 epoch=1/3 loss=0.3141 l2=0.2000 label_smoothing=0.000
D step=1/5 epoch=2/3 loss=0.3023 l2=0.2000 label_smoothing=0.000
D step=1/5 epoch=3/3 loss=0.2969 l2=0.2000 label_smoothing=0.000
D step=2/5 epoch=1/3 loss=0.3104 l2=0.2000 label_smoothing=0.000
D step=2/5 epoch=2/3 loss=0.3022 l2=0.2000 label_smoothing=0.000
D step=2/5 epoch=3/3 loss=0.2988 l2=0.2000 label_smoothing=0.000
D step=3/5 epoch=1/3 loss=0.3219 l2=0.2000 label_smoothing=0.000
D step=3/5 epoch=2/3 loss=0.3071 l2=0.2000 label_smoothing=0.000
D step=3/5 epoch=3/3 loss=0.3015 l2=0.2000 label_smoothing=0.000
D step=4/5 epoch=1/3 loss=0.3110 l2=0.2000 label_smoothing=0.000
D step=4/5 epoch=2/3 loss=0.2979 l2=0.2000 label_smoothing=0.000
D step=4/5 epoch=3/3 loss=0.2993 l2=0.2000 label_smoothing=0.000
D step=5/5 epoch=1/3 loss=0.3185 l2=0.2000 label_smoothing=0.000
D step=5/5 epoch=2/3 loss=0.3005 l2=0.2000 label_smoothing=0.000
D step=5/5 epoch=3/3 loss=0.2912 l2=0.2000 label_smoothing=0.000
ADV epoch=19/60 g_loss=0.0305 d_loss=0.3049 reward=0.1996 reward_var=0.0112 unique=0.3200
D step=1/5 epoch=1/3 loss=0.3148 l2=0.2000 label_smoothing=0.000
D step=1/5 epoch=2/3 loss=0.2983 l2=0.2000 label_smoothing=0.000
D step=1/5 epoch=3/3 loss=0.2942 l2=0.2000 label_smoothing=0.000
D step=2/5 epoch=1/3 loss=0.3109 l2=0.2000 label_smoothing=0.000
D step=2/5 epoch=2/3 loss=0.2949 l2=0.2000 label_smoothing=0.000
D step=2/5 epoch=3/3 loss=0.2937 l2=0.2000 label_smoothing=0.000
D step=3/5 epoch=1/3 loss=0.3047 l2=0.2000 label_smoothing=0.000
D step=3/5 epoch=2/3 loss=0.3011 l2=0.2000 label_smoothing=0.000
D step=3/5 epoch=3/3 loss=0.2944 l2=0.2000 label_smoothing=0.000
D step=4/5 epoch=1/3 loss=0.3065 l2=0.2000 label_smoothing=0.000
D step=4/5 epoch=2/3 loss=0.2936 l2=0.2000 label_smoothing=0.000
D step=4/5 epoch=3/3 loss=0.2937 l2=0.2000 label_smoothing=0.000
D step=5/5 epoch=1/3 loss=0.3049 l2=0.2000 label_smoothing=0.000
D step=5/5 epoch=2/3 loss=0.2933 l2=0.2000 label_smoothing=0.000
D step=5/5 epoch=3/3 loss=0.2913 l2=0.2000 label_smoothing=0.000
ADV epoch=20/60 g_loss=0.0259 d_loss=0.2993 reward=0.1824 reward_var=0.0092 unique=0.3400
D step=1/5 epoch=1/3 loss=0.3195 l2=0.2000 label_smoothing=0.000
D step=1/5 epoch=2/3 loss=0.3026 l2=0.2000 label_smoothing=0.000
D step=1/5 epoch=3/3 loss=0.2997 l2=0.2000 label_smoothing=0.000
D step=2/5 epoch=1/3 loss=0.3094 l2=0.2000 label_smoothing=0.000
D step=2/5 epoch=2/3 loss=0.2957 l2=0.2000 label_smoothing=0.000
D step=2/5 epoch=3/3 loss=0.2913 l2=0.2000 label_smoothing=0.000
D step=3/5 epoch=1/3 loss=0.3096 l2=0.2000 label_smoothing=0.000
D step=3/5 epoch=2/3 loss=0.3067 l2=0.2000 label_smoothing=0.000
D step=3/5 epoch=3/3 loss=0.2952 l2=0.2000 label_smoothing=0.000
D step=4/5 epoch=1/3 loss=0.3151 l2=0.2000 label_smoothing=0.000
D step=4/5 epoch=2/3 loss=0.2934 l2=0.2000 label_smoothing=0.000
D step=4/5 epoch=3/3 loss=0.2879 l2=0.2000 label_smoothing=0.000
D step=5/5 epoch=1/3 loss=0.3097 l2=0.2000 label_smoothing=0.000
D step=5/5 epoch=2/3 loss=0.3019 l2=0.2000 label_smoothing=0.000
D step=5/5 epoch=3/3 loss=0.2973 l2=0.2000 label_smoothing=0.000
ADV epoch=21/60 g_loss=0.0305 d_loss=0.3023 reward=0.1886 reward_var=0.0068 unique=0.4000
D step=1/5 epoch=1/3 loss=0.3143 l2=0.2000 label_smoothing=0.000
D step=1/5 epoch=2/3 loss=0.2959 l2=0.2000 label_smoothing=0.000
D step=1/5 epoch=3/3 loss=0.2946 l2=0.2000 label_smoothing=0.000
D step=2/5 epoch=1/3 loss=0.3090 l2=0.2000 label_smoothing=0.000
D step=2/5 epoch=2/3 loss=0.2986 l2=0.2000 label_smoothing=0.000
D step=2/5 epoch=3/3 loss=0.2983 l2=0.2000 label_smoothing=0.000
D step=3/5 epoch=1/3 loss=0.3086 l2=0.2000 label_smoothing=0.000
D step=3/5 epoch=2/3 loss=0.2945 l2=0.2000 label_smoothing=0.000
D step=3/5 epoch=3/3 loss=0.2909 l2=0.2000 label_smoothing=0.000
D step=4/5 epoch=1/3 loss=0.3040 l2=0.2000 label_smoothing=0.000
D step=4/5 epoch=2/3 loss=0.2909 l2=0.2000 label_smoothing=0.000
D step=4/5 epoch=3/3 loss=0.2917 l2=0.2000 label_smoothing=0.000
D step=5/5 epoch=1/3 loss=0.3161 l2=0.2000 label_smoothing=0.000
D step=5/5 epoch=2/3 loss=0.3036 l2=0.2000 label_smoothing=0.000
D step=5/5 epoch=3/3 loss=0.2923 l2=0.2000 label_smoothing=0.000
ADV epoch=22/60 g_loss=0.0300 d_loss=0.3002 reward=0.1791 reward_var=0.0067 unique=0.3400
D step=1/5 epoch=1/3 loss=0.3064 l2=0.2000 label_smoothing=0.000
D step=1/5 epoch=2/3 loss=0.2917 l2=0.2000 label_smoothing=0.000
D step=1/5 epoch=3/3 loss=0.2890 l2=0.2000 label_smoothing=0.000
D step=2/5 epoch=1/3 loss=0.3099 l2=0.2000 label_smoothing=0.000
D step=2/5 epoch=2/3 loss=0.2991 l2=0.2000 label_smoothing=0.000
D step=2/5 epoch=3/3 loss=0.2952 l2=0.2000 label_smoothing=0.000
D step=3/5 epoch=1/3 loss=0.3184 l2=0.2000 label_smoothing=0.000
D step=3/5 epoch=2/3 loss=0.2969 l2=0.2000 label_smoothing=0.000
D step=3/5 epoch=3/3 loss=0.2938 l2=0.2000 label_smoothing=0.000
D step=4/5 epoch=1/3 loss=0.3132 l2=0.2000 label_smoothing=0.000
D step=4/5 epoch=2/3 loss=0.2962 l2=0.2000 label_smoothing=0.000
D step=4/5 epoch=3/3 loss=0.2946 l2=0.2000 label_smoothing=0.000
D step=5/5 epoch=1/3 loss=0.3059 l2=0.2000 label_smoothing=0.000
D step=5/5 epoch=2/3 loss=0.2934 l2=0.2000 label_smoothing=0.000
D step=5/5 epoch=3/3 loss=0.2935 l2=0.2000 label_smoothing=0.000
ADV epoch=23/60 g_loss=0.0371 d_loss=0.2998 reward=0.1994 reward_var=0.0075 unique=0.3600
D step=1/5 epoch=1/3 loss=0.3084 l2=0.2000 label_smoothing=0.000
D step=1/5 epoch=2/3 loss=0.2922 l2=0.2000 label_smoothing=0.000
D step=1/5 epoch=3/3 loss=0.2917 l2=0.2000 label_smoothing=0.000
D step=2/5 epoch=1/3 loss=0.3041 l2=0.2000 label_smoothing=0.000
D step=2/5 epoch=2/3 loss=0.2945 l2=0.2000 label_smoothing=0.000
D step=2/5 epoch=3/3 loss=0.2913 l2=0.2000 label_smoothing=0.000
D step=3/5 epoch=1/3 loss=0.3097 l2=0.2000 label_smoothing=0.000
D step=3/5 epoch=2/3 loss=0.2998 l2=0.2000 label_smoothing=0.000
D step=3/5 epoch=3/3 loss=0.2919 l2=0.2000 label_smoothing=0.000
D step=4/5 epoch=1/3 loss=0.3109 l2=0.2000 label_smoothing=0.000
D step=4/5 epoch=2/3 loss=0.2965 l2=0.2000 label_smoothing=0.000
D step=4/5 epoch=3/3 loss=0.2880 l2=0.2000 label_smoothing=0.000
D step=5/5 epoch=1/3 loss=0.3126 l2=0.2000 label_smoothing=0.000
D step=5/5 epoch=2/3 loss=0.2969 l2=0.2000 label_smoothing=0.000
D step=5/5 epoch=3/3 loss=0.2907 l2=0.2000 label_smoothing=0.000
ADV epoch=24/60 g_loss=0.0269 d_loss=0.2986 reward=0.1883 reward_var=0.0058 unique=0.3200
D step=1/5 epoch=1/3 loss=0.3063 l2=0.2000 label_smoothing=0.000
D step=1/5 epoch=2/3 loss=0.2934 l2=0.2000 label_smoothing=0.000
D step=1/5 epoch=3/3 loss=0.2870 l2=0.2000 label_smoothing=0.000
D step=2/5 epoch=1/3 loss=0.2999 l2=0.2000 label_smoothing=0.000
D step=2/5 epoch=2/3 loss=0.2904 l2=0.2000 label_smoothing=0.000
D step=2/5 epoch=3/3 loss=0.2894 l2=0.2000 label_smoothing=0.000
D step=3/5 epoch=1/3 loss=0.3056 l2=0.2000 label_smoothing=0.000
D step=3/5 epoch=2/3 loss=0.2919 l2=0.2000 label_smoothing=0.000
D step=3/5 epoch=3/3 loss=0.2877 l2=0.2000 label_smoothing=0.000
D step=4/5 epoch=1/3 loss=0.3065 l2=0.2000 label_smoothing=0.000
D step=4/5 epoch=2/3 loss=0.2955 l2=0.2000 label_smoothing=0.000
D step=4/5 epoch=3/3 loss=0.2945 l2=0.2000 label_smoothing=0.000
D step=5/5 epoch=1/3 loss=0.3018 l2=0.2000 label_smoothing=0.000
D step=5/5 epoch=2/3 loss=0.2917 l2=0.2000 label_smoothing=0.000
D step=5/5 epoch=3/3 loss=0.2862 l2=0.2000 label_smoothing=0.000
ADV epoch=25/60 g_loss=0.0349 d_loss=0.2952 reward=0.2016 reward_var=0.0105 unique=0.3000
D step=1/5 epoch=1/3 loss=0.3066 l2=0.2000 label_smoothing=0.000
D step=1/5 epoch=2/3 loss=0.2866 l2=0.2000 label_smoothing=0.000
D step=1/5 epoch=3/3 loss=0.2829 l2=0.2000 label_smoothing=0.000
D step=2/5 epoch=1/3 loss=0.2994 l2=0.2000 label_smoothing=0.000
D step=2/5 epoch=2/3 loss=0.2859 l2=0.2000 label_smoothing=0.000
D step=2/5 epoch=3/3 loss=0.2857 l2=0.2000 label_smoothing=0.000
D step=3/5 epoch=1/3 loss=0.2964 l2=0.2000 label_smoothing=0.000
D step=3/5 epoch=2/3 loss=0.2879 l2=0.2000 label_smoothing=0.000
D step=3/5 epoch=3/3 loss=0.2861 l2=0.2000 label_smoothing=0.000
D step=4/5 epoch=1/3 loss=0.2903 l2=0.2000 label_smoothing=0.000
D step=4/5 epoch=2/3 loss=0.2950 l2=0.2000 label_smoothing=0.000
D step=4/5 epoch=3/3 loss=0.2853 l2=0.2000 label_smoothing=0.000
D step=5/5 epoch=1/3 loss=0.3068 l2=0.2000 label_smoothing=0.000
D step=5/5 epoch=2/3 loss=0.2892 l2=0.2000 label_smoothing=0.000
D step=5/5 epoch=3/3 loss=0.2853 l2=0.2000 label_smoothing=0.000
ADV epoch=26/60 g_loss=0.0264 d_loss=0.2913 reward=0.2051 reward_var=0.0084 unique=0.3400
D step=1/5 epoch=1/3 loss=0.2978 l2=0.2000 label_smoothing=0.000
D step=1/5 epoch=2/3 loss=0.2812 l2=0.2000 label_smoothing=0.000
D step=1/5 epoch=3/3 loss=0.2851 l2=0.2000 label_smoothing=0.000
D step=2/5 epoch=1/3 loss=0.3059 l2=0.2000 label_smoothing=0.000
D step=2/5 epoch=2/3 loss=0.2896 l2=0.2000 label_smoothing=0.000
D step=2/5 epoch=3/3 loss=0.2865 l2=0.2000 label_smoothing=0.000
D step=3/5 epoch=1/3 loss=0.3079 l2=0.2000 label_smoothing=0.000
D step=3/5 epoch=2/3 loss=0.2845 l2=0.2000 label_smoothing=0.000
D step=3/5 epoch=3/3 loss=0.2825 l2=0.2000 label_smoothing=0.000
D step=4/5 epoch=1/3 loss=0.3001 l2=0.2000 label_smoothing=0.000
D step=4/5 epoch=2/3 loss=0.2905 l2=0.2000 label_smoothing=0.000
D step=4/5 epoch=3/3 loss=0.2859 l2=0.2000 label_smoothing=0.000
D step=5/5 epoch=1/3 loss=0.2973 l2=0.2000 label_smoothing=0.000
D step=5/5 epoch=2/3 loss=0.2892 l2=0.2000 label_smoothing=0.000
D step=5/5 epoch=3/3 loss=0.2831 l2=0.2000 label_smoothing=0.000
ADV epoch=27/60 g_loss=0.0275 d_loss=0.2911 reward=0.2033 reward_var=0.0142 unique=0.3600
D step=1/5 epoch=1/3 loss=0.2967 l2=0.2000 label_smoothing=0.000
D step=1/5 epoch=2/3 loss=0.2832 l2=0.2000 label_smoothing=0.000
D step=1/5 epoch=3/3 loss=0.2829 l2=0.2000 label_smoothing=0.000
D step=2/5 epoch=1/3 loss=0.3010 l2=0.2000 label_smoothing=0.000
D step=2/5 epoch=2/3 loss=0.2859 l2=0.2000 label_smoothing=0.000
D step=2/5 epoch=3/3 loss=0.2782 l2=0.2000 label_smoothing=0.000
D step=3/5 epoch=1/3 loss=0.2940 l2=0.2000 label_smoothing=0.000
D step=3/5 epoch=2/3 loss=0.2837 l2=0.2000 label_smoothing=0.000
D step=3/5 epoch=3/3 loss=0.2849 l2=0.2000 label_smoothing=0.000
D step=4/5 epoch=1/3 loss=0.2953 l2=0.2000 label_smoothing=0.000
D step=4/5 epoch=2/3 loss=0.2885 l2=0.2000 label_smoothing=0.000
D step=4/5 epoch=3/3 loss=0.2842 l2=0.2000 label_smoothing=0.000
D step=5/5 epoch=1/3 loss=0.2947 l2=0.2000 label_smoothing=0.000
D step=5/5 epoch=2/3 loss=0.2855 l2=0.2000 label_smoothing=0.000
D step=5/5 epoch=3/3 loss=0.2838 l2=0.2000 label_smoothing=0.000
ADV epoch=28/60 g_loss=0.0256 d_loss=0.2882 reward=0.2047 reward_var=0.0085 unique=0.3400
D step=1/5 epoch=1/3 loss=0.2906 l2=0.2000 label_smoothing=0.000
D step=1/5 epoch=2/3 loss=0.2786 l2=0.2000 label_smoothing=0.000
D step=1/5 epoch=3/3 loss=0.2811 l2=0.2000 label_smoothing=0.000
D step=2/5 epoch=1/3 loss=0.2924 l2=0.2000 label_smoothing=0.000
D step=2/5 epoch=2/3 loss=0.2808 l2=0.2000 label_smoothing=0.000
D step=2/5 epoch=3/3 loss=0.2775 l2=0.2000 label_smoothing=0.000
D step=3/5 epoch=1/3 loss=0.2960 l2=0.2000 label_smoothing=0.000
D step=3/5 epoch=2/3 loss=0.2861 l2=0.2000 label_smoothing=0.000
D step=3/5 epoch=3/3 loss=0.2863 l2=0.2000 label_smoothing=0.000
D step=4/5 epoch=1/3 loss=0.2992 l2=0.2000 label_smoothing=0.000
D step=4/5 epoch=2/3 loss=0.2868 l2=0.2000 label_smoothing=0.000
D step=4/5 epoch=3/3 loss=0.2765 l2=0.2000 label_smoothing=0.000
D step=5/5 epoch=1/3 loss=0.2992 l2=0.2000 label_smoothing=0.000
D step=5/5 epoch=2/3 loss=0.2858 l2=0.2000 label_smoothing=0.000
D step=5/5 epoch=3/3 loss=0.2801 l2=0.2000 label_smoothing=0.000
ADV epoch=29/60 g_loss=0.0353 d_loss=0.2865 reward=0.1792 reward_var=0.0141 unique=0.4000
D step=1/5 epoch=1/3 loss=0.2929 l2=0.2000 label_smoothing=0.000
D step=1/5 epoch=2/3 loss=0.2804 l2=0.2000 label_smoothing=0.000
D step=1/5 epoch=3/3 loss=0.2801 l2=0.2000 label_smoothing=0.000
D step=2/5 epoch=1/3 loss=0.3008 l2=0.2000 label_smoothing=0.000
D step=2/5 epoch=2/3 loss=0.2867 l2=0.2000 label_smoothing=0.000
D step=2/5 epoch=3/3 loss=0.2836 l2=0.2000 label_smoothing=0.000
D step=3/5 epoch=1/3 loss=0.3033 l2=0.2000 label_smoothing=0.000
D step=3/5 epoch=2/3 loss=0.2881 l2=0.2000 label_smoothing=0.000
D step=3/5 epoch=3/3 loss=0.2871 l2=0.2000 label_smoothing=0.000
D step=4/5 epoch=1/3 loss=0.2933 l2=0.2000 label_smoothing=0.000
D step=4/5 epoch=2/3 loss=0.2811 l2=0.2000 label_smoothing=0.000
D step=4/5 epoch=3/3 loss=0.2807 l2=0.2000 label_smoothing=0.000
D step=5/5 epoch=1/3 loss=0.2972 l2=0.2000 label_smoothing=0.000
D step=5/5 epoch=2/3 loss=0.2851 l2=0.2000 label_smoothing=0.000
D step=5/5 epoch=3/3 loss=0.2828 l2=0.2000 label_smoothing=0.000
ADV epoch=30/60 g_loss=0.0419 d_loss=0.2882 reward=0.2255 reward_var=0.0168 unique=0.2800
D step=1/5 epoch=1/3 loss=0.2987 l2=0.2000 label_smoothing=0.000
D step=1/5 epoch=2/3 loss=0.2939 l2=0.2000 label_smoothing=0.000
D step=1/5 epoch=3/3 loss=0.2878 l2=0.2000 label_smoothing=0.000
D step=2/5 epoch=1/3 loss=0.2937 l2=0.2000 label_smoothing=0.000
D step=2/5 epoch=2/3 loss=0.2860 l2=0.2000 label_smoothing=0.000
D step=2/5 epoch=3/3 loss=0.2834 l2=0.2000 label_smoothing=0.000
D step=3/5 epoch=1/3 loss=0.2961 l2=0.2000 label_smoothing=0.000
D step=3/5 epoch=2/3 loss=0.2864 l2=0.2000 label_smoothing=0.000
D step=3/5 epoch=3/3 loss=0.2806 l2=0.2000 label_smoothing=0.000
D step=4/5 epoch=1/3 loss=0.2955 l2=0.2000 label_smoothing=0.000
D step=4/5 epoch=2/3 loss=0.2856 l2=0.2000 label_smoothing=0.000
D step=4/5 epoch=3/3 loss=0.2814 l2=0.2000 label_smoothing=0.000
D step=5/5 epoch=1/3 loss=0.3029 l2=0.2000 label_smoothing=0.000
D step=5/5 epoch=2/3 loss=0.2932 l2=0.2000 label_smoothing=0.000
D step=5/5 epoch=3/3 loss=0.2896 l2=0.2000 label_smoothing=0.000
ADV epoch=31/60 g_loss=0.0228 d_loss=0.2903 reward=0.1700 reward_var=0.0111 unique=0.3400
D step=1/5 epoch=1/3 loss=0.3010 l2=0.2000 label_smoothing=0.000
D step=1/5 epoch=2/3 loss=0.2888 l2=0.2000 label_smoothing=0.000
D step=1/5 epoch=3/3 loss=0.2884 l2=0.2000 label_smoothing=0.000
D step=2/5 epoch=1/3 loss=0.2937 l2=0.2000 label_smoothing=0.000
D step=2/5 epoch=2/3 loss=0.2910 l2=0.2000 label_smoothing=0.000
D step=2/5 epoch=3/3 loss=0.2844 l2=0.2000 label_smoothing=0.000
D step=3/5 epoch=1/3 loss=0.2937 l2=0.2000 label_smoothing=0.000
D step=3/5 epoch=2/3 loss=0.2864 l2=0.2000 label_smoothing=0.000
D step=3/5 epoch=3/3 loss=0.2870 l2=0.2000 label_smoothing=0.000
D step=4/5 epoch=1/3 loss=0.3058 l2=0.2000 label_smoothing=0.000
D step=4/5 epoch=2/3 loss=0.2876 l2=0.2000 label_smoothing=0.000
D step=4/5 epoch=3/3 loss=0.2829 l2=0.2000 label_smoothing=0.000
D step=5/5 epoch=1/3 loss=0.3017 l2=0.2000 label_smoothing=0.000
D step=5/5 epoch=2/3 loss=0.2949 l2=0.2000 label_smoothing=0.000
D step=5/5 epoch=3/3 loss=0.2954 l2=0.2000 label_smoothing=0.000
ADV epoch=32/60 g_loss=0.0252 d_loss=0.2922 reward=0.1895 reward_var=0.0143 unique=0.3400
D step=1/5 epoch=1/3 loss=0.3014 l2=0.2000 label_smoothing=0.000
D step=1/5 epoch=2/3 loss=0.2915 l2=0.2000 label_smoothing=0.000
D step=1/5 epoch=3/3 loss=0.2953 l2=0.2000 label_smoothing=0.000
D step=2/5 epoch=1/3 loss=0.3188 l2=0.2000 label_smoothing=0.000
D step=2/5 epoch=2/3 loss=0.3021 l2=0.2000 label_smoothing=0.000
D step=2/5 epoch=3/3 loss=0.2960 l2=0.2000 label_smoothing=0.000
D step=3/5 epoch=1/3 loss=0.3044 l2=0.2000 label_smoothing=0.000
D step=3/5 epoch=2/3 loss=0.2950 l2=0.2000 label_smoothing=0.000
D step=3/5 epoch=3/3 loss=0.2930 l2=0.2000 label_smoothing=0.000
D step=4/5 epoch=1/3 loss=0.3050 l2=0.2000 label_smoothing=0.000
D step=4/5 epoch=2/3 loss=0.3068 l2=0.2000 label_smoothing=0.000
D step=4/5 epoch=3/3 loss=0.2988 l2=0.2000 label_smoothing=0.000
D step=5/5 epoch=1/3 loss=0.3102 l2=0.2000 label_smoothing=0.000
D step=5/5 epoch=2/3 loss=0.2937 l2=0.2000 label_smoothing=0.000
D step=5/5 epoch=3/3 loss=0.2913 l2=0.2000 label_smoothing=0.000
ADV epoch=33/60 g_loss=0.0311 d_loss=0.3002 reward=0.2233 reward_var=0.0201 unique=0.3800
D step=1/5 epoch=1/3 loss=0.3175 l2=0.2000 label_smoothing=0.000
D step=1/5 epoch=2/3 loss=0.3036 l2=0.2000 label_smoothing=0.000
D step=1/5 epoch=3/3 loss=0.3015 l2=0.2000 label_smoothing=0.000
D step=2/5 epoch=1/3 loss=0.3097 l2=0.2000 label_smoothing=0.000
D step=2/5 epoch=2/3 loss=0.2990 l2=0.2000 label_smoothing=0.000
D step=2/5 epoch=3/3 loss=0.2983 l2=0.2000 label_smoothing=0.000
D step=3/5 epoch=1/3 loss=0.3136 l2=0.2000 label_smoothing=0.000
D step=3/5 epoch=2/3 loss=0.3006 l2=0.2000 label_smoothing=0.000
D step=3/5 epoch=3/3 loss=0.2959 l2=0.2000 label_smoothing=0.000
D step=4/5 epoch=1/3 loss=0.3180 l2=0.2000 label_smoothing=0.000
D step=4/5 epoch=2/3 loss=0.3120 l2=0.2000 label_smoothing=0.000
D step=4/5 epoch=3/3 loss=0.3032 l2=0.2000 label_smoothing=0.000
D step=5/5 epoch=1/3 loss=0.3186 l2=0.2000 label_smoothing=0.000
D step=5/5 epoch=2/3 loss=0.3016 l2=0.2000 label_smoothing=0.000
D step=5/5 epoch=3/3 loss=0.3014 l2=0.2000 label_smoothing=0.000
ADV epoch=34/60 g_loss=0.0304 d_loss=0.3063 reward=0.1852 reward_var=0.0166 unique=0.3800
D step=1/5 epoch=1/3 loss=0.3124 l2=0.2000 label_smoothing=0.000
D step=1/5 epoch=2/3 loss=0.3045 l2=0.2000 label_smoothing=0.000
D step=1/5 epoch=3/3 loss=0.2958 l2=0.2000 label_smoothing=0.000
D step=2/5 epoch=1/3 loss=0.3159 l2=0.2000 label_smoothing=0.000
D step=2/5 epoch=2/3 loss=0.3016 l2=0.2000 label_smoothing=0.000
D step=2/5 epoch=3/3 loss=0.2988 l2=0.2000 label_smoothing=0.000
D step=3/5 epoch=1/3 loss=0.3160 l2=0.2000 label_smoothing=0.000
D step=3/5 epoch=2/3 loss=0.3027 l2=0.2000 label_smoothing=0.000
D step=3/5 epoch=3/3 loss=0.3038 l2=0.2000 label_smoothing=0.000
D step=4/5 epoch=1/3 loss=0.3147 l2=0.2000 label_smoothing=0.000
D step=4/5 epoch=2/3 loss=0.3144 l2=0.2000 label_smoothing=0.000
D step=4/5 epoch=3/3 loss=0.3027 l2=0.2000 label_smoothing=0.000
D step=5/5 epoch=1/3 loss=0.3141 l2=0.2000 label_smoothing=0.000
D step=5/5 epoch=2/3 loss=0.3035 l2=0.2000 label_smoothing=0.000
D step=5/5 epoch=3/3 loss=0.3009 l2=0.2000 label_smoothing=0.000
ADV epoch=35/60 g_loss=0.0198 d_loss=0.3068 reward=0.1917 reward_var=0.0077 unique=0.3600
D step=1/5 epoch=1/3 loss=0.3165 l2=0.2000 label_smoothing=0.000
D step=1/5 epoch=2/3 loss=0.3069 l2=0.2000 label_smoothing=0.000
D step=1/5 epoch=3/3 loss=0.3043 l2=0.2000 label_smoothing=0.000
D step=2/5 epoch=1/3 loss=0.3170 l2=0.2000 label_smoothing=0.000
D step=2/5 epoch=2/3 loss=0.3137 l2=0.2000 label_smoothing=0.000
D step=2/5 epoch=3/3 loss=0.3171 l2=0.2000 label_smoothing=0.000
D step=3/5 epoch=1/3 loss=0.3157 l2=0.2000 label_smoothing=0.000
D step=3/5 epoch=2/3 loss=0.3090 l2=0.2000 label_smoothing=0.000
D step=3/5 epoch=3/3 loss=0.3057 l2=0.2000 label_smoothing=0.000
D step=4/5 epoch=1/3 loss=0.3165 l2=0.2000 label_smoothing=0.000
D step=4/5 epoch=2/3 loss=0.3086 l2=0.2000 label_smoothing=0.000
D step=4/5 epoch=3/3 loss=0.3072 l2=0.2000 label_smoothing=0.000
D step=5/5 epoch=1/3 loss=0.3193 l2=0.2000 label_smoothing=0.000
D step=5/5 epoch=2/3 loss=0.3036 l2=0.2000 label_smoothing=0.000
D step=5/5 epoch=3/3 loss=0.3030 l2=0.2000 label_smoothing=0.000
ADV epoch=36/60 g_loss=0.0272 d_loss=0.3109 reward=0.2101 reward_var=0.0079 unique=0.3400
D step=1/5 epoch=1/3 loss=0.3203 l2=0.2000 label_smoothing=0.000
D step=1/5 epoch=2/3 loss=0.3061 l2=0.2000 label_smoothing=0.000
D step=1/5 epoch=3/3 loss=0.3078 l2=0.2000 label_smoothing=0.000
D step=2/5 epoch=1/3 loss=0.3145 l2=0.2000 label_smoothing=0.000
D step=2/5 epoch=2/3 loss=0.3079 l2=0.2000 label_smoothing=0.000
D step=2/5 epoch=3/3 loss=0.3063 l2=0.2000 label_smoothing=0.000
D step=3/5 epoch=1/3 loss=0.3212 l2=0.2000 label_smoothing=0.000
D step=3/5 epoch=2/3 loss=0.3094 l2=0.2000 label_smoothing=0.000
D step=3/5 epoch=3/3 loss=0.3105 l2=0.2000 label_smoothing=0.000
D step=4/5 epoch=1/3 loss=0.3155 l2=0.2000 label_smoothing=0.000
D step=4/5 epoch=2/3 loss=0.3061 l2=0.2000 label_smoothing=0.000
D step=4/5 epoch=3/3 loss=0.3065 l2=0.2000 label_smoothing=0.000
D step=5/5 epoch=1/3 loss=0.3124 l2=0.2000 label_smoothing=0.000
D step=5/5 epoch=2/3 loss=0.3049 l2=0.2000 label_smoothing=0.000
D step=5/5 epoch=3/3 loss=0.3052 l2=0.2000 label_smoothing=0.000
ADV epoch=37/60 g_loss=0.0223 d_loss=0.3103 reward=0.1805 reward_var=0.0056 unique=0.2800
D step=1/5 epoch=1/3 loss=0.3135 l2=0.2000 label_smoothing=0.000
D step=1/5 epoch=2/3 loss=0.3100 l2=0.2000 label_smoothing=0.000
D step=1/5 epoch=3/3 loss=0.3102 l2=0.2000 label_smoothing=0.000
D step=2/5 epoch=1/3 loss=0.3267 l2=0.2000 label_smoothing=0.000
D step=2/5 epoch=2/3 loss=0.3111 l2=0.2000 label_smoothing=0.000
D step=2/5 epoch=3/3 loss=0.3068 l2=0.2000 label_smoothing=0.000
D step=3/5 epoch=1/3 loss=0.3262 l2=0.2000 label_smoothing=0.000
D step=3/5 epoch=2/3 loss=0.3085 l2=0.2000 label_smoothing=0.000
D step=3/5 epoch=3/3 loss=0.3067 l2=0.2000 label_smoothing=0.000
D step=4/5 epoch=1/3 loss=0.3210 l2=0.2000 label_smoothing=0.000
D step=4/5 epoch=2/3 loss=0.3073 l2=0.2000 label_smoothing=0.000
D step=4/5 epoch=3/3 loss=0.3094 l2=0.2000 label_smoothing=0.000
D step=5/5 epoch=1/3 loss=0.3289 l2=0.2000 label_smoothing=0.000
D step=5/5 epoch=2/3 loss=0.3137 l2=0.2000 label_smoothing=0.000
D step=5/5 epoch=3/3 loss=0.3109 l2=0.2000 label_smoothing=0.000
ADV epoch=38/60 g_loss=0.0248 d_loss=0.3141 reward=0.1980 reward_var=0.0051 unique=0.3800
D step=1/5 epoch=1/3 loss=0.3128 l2=0.2000 label_smoothing=0.000
D step=1/5 epoch=2/3 loss=0.3047 l2=0.2000 label_smoothing=0.000
D step=1/5 epoch=3/3 loss=0.3012 l2=0.2000 label_smoothing=0.000
D step=2/5 epoch=1/3 loss=0.3340 l2=0.2000 label_smoothing=0.000
D step=2/5 epoch=2/3 loss=0.3103 l2=0.2000 label_smoothing=0.000
D step=2/5 epoch=3/3 loss=0.3043 l2=0.2000 label_smoothing=0.000
D step=3/5 epoch=1/3 loss=0.3202 l2=0.2000 label_smoothing=0.000
D step=3/5 epoch=2/3 loss=0.3159 l2=0.2000 label_smoothing=0.000
D step=3/5 epoch=3/3 loss=0.3068 l2=0.2000 label_smoothing=0.000
D step=4/5 epoch=1/3 loss=0.3168 l2=0.2000 label_smoothing=0.000
D step=4/5 epoch=2/3 loss=0.3071 l2=0.2000 label_smoothing=0.000
D step=4/5 epoch=3/3 loss=0.3041 l2=0.2000 label_smoothing=0.000
D step=5/5 epoch=1/3 loss=0.3160 l2=0.2000 label_smoothing=0.000
D step=5/5 epoch=2/3 loss=0.3079 l2=0.2000 label_smoothing=0.000
D step=5/5 epoch=3/3 loss=0.3040 l2=0.2000 label_smoothing=0.000
ADV epoch=39/60 g_loss=0.0293 d_loss=0.3111 reward=0.2015 reward_var=0.0067 unique=0.3400
D step=1/5 epoch=1/3 loss=0.3136 l2=0.2000 label_smoothing=0.000
D step=1/5 epoch=2/3 loss=0.3104 l2=0.2000 label_smoothing=0.000
D step=1/5 epoch=3/3 loss=0.3043 l2=0.2000 label_smoothing=0.000
D step=2/5 epoch=1/3 loss=0.3232 l2=0.2000 label_smoothing=0.000
D step=2/5 epoch=2/3 loss=0.3076 l2=0.2000 label_smoothing=0.000
D step=2/5 epoch=3/3 loss=0.3017 l2=0.2000 label_smoothing=0.000
D step=3/5 epoch=1/3 loss=0.3183 l2=0.2000 label_smoothing=0.000
D step=3/5 epoch=2/3 loss=0.3106 l2=0.2000 label_smoothing=0.000
D step=3/5 epoch=3/3 loss=0.3034 l2=0.2000 label_smoothing=0.000
D step=4/5 epoch=1/3 loss=0.3095 l2=0.2000 label_smoothing=0.000
D step=4/5 epoch=2/3 loss=0.3030 l2=0.2000 label_smoothing=0.000
D step=4/5 epoch=3/3 loss=0.3014 l2=0.2000 label_smoothing=0.000
D step=5/5 epoch=1/3 loss=0.3127 l2=0.2000 label_smoothing=0.000
D step=5/5 epoch=2/3 loss=0.3045 l2=0.2000 label_smoothing=0.000
D step=5/5 epoch=3/3 loss=0.3041 l2=0.2000 label_smoothing=0.000
ADV epoch=40/60 g_loss=0.0181 d_loss=0.3085 reward=0.2018 reward_var=0.0038 unique=0.3200
D step=1/5 epoch=1/3 loss=0.3219 l2=0.2000 label_smoothing=0.000
D step=1/5 epoch=2/3 loss=0.3075 l2=0.2000 label_smoothing=0.000
D step=1/5 epoch=3/3 loss=0.3085 l2=0.2000 label_smoothing=0.000
D step=2/5 epoch=1/3 loss=0.3095 l2=0.2000 label_smoothing=0.000
D step=2/5 epoch=2/3 loss=0.3031 l2=0.2000 label_smoothing=0.000
D step=2/5 epoch=3/3 loss=0.3021 l2=0.2000 label_smoothing=0.000
D step=3/5 epoch=1/3 loss=0.3189 l2=0.2000 label_smoothing=0.000
D step=3/5 epoch=2/3 loss=0.3037 l2=0.2000 label_smoothing=0.000
D step=3/5 epoch=3/3 loss=0.3050 l2=0.2000 label_smoothing=0.000
D step=4/5 epoch=1/3 loss=0.3088 l2=0.2000 label_smoothing=0.000
D step=4/5 epoch=2/3 loss=0.3033 l2=0.2000 label_smoothing=0.000
D step=4/5 epoch=3/3 loss=0.3040 l2=0.2000 label_smoothing=0.000
D step=5/5 epoch=1/3 loss=0.3171 l2=0.2000 label_smoothing=0.000
D step=5/5 epoch=2/3 loss=0.3102 l2=0.2000 label_smoothing=0.000
D step=5/5 epoch=3/3 loss=0.3054 l2=0.2000 label_smoothing=0.000
ADV epoch=41/60 g_loss=0.0238 d_loss=0.3086 reward=0.1842 reward_var=0.0049 unique=0.2200
D step=1/5 epoch=1/3 loss=0.3156 l2=0.2000 label_smoothing=0.000
D step=1/5 epoch=2/3 loss=0.3059 l2=0.2000 label_smoothing=0.000
D step=1/5 epoch=3/3 loss=0.3052 l2=0.2000 label_smoothing=0.000
D step=2/5 epoch=1/3 loss=0.3124 l2=0.2000 label_smoothing=0.000
D step=2/5 epoch=2/3 loss=0.3081 l2=0.2000 label_smoothing=0.000
D step=2/5 epoch=3/3 loss=0.3049 l2=0.2000 label_smoothing=0.000
D step=3/5 epoch=1/3 loss=0.3171 l2=0.2000 label_smoothing=0.000
D step=3/5 epoch=2/3 loss=0.3034 l2=0.2000 label_smoothing=0.000
D step=3/5 epoch=3/3 loss=0.3015 l2=0.2000 label_smoothing=0.000
D step=4/5 epoch=1/3 loss=0.3179 l2=0.2000 label_smoothing=0.000
D step=4/5 epoch=2/3 loss=0.3091 l2=0.2000 label_smoothing=0.000
D step=4/5 epoch=3/3 loss=0.3028 l2=0.2000 label_smoothing=0.000
D step=5/5 epoch=1/3 loss=0.3193 l2=0.2000 label_smoothing=0.000
D step=5/5 epoch=2/3 loss=0.3094 l2=0.2000 label_smoothing=0.000
D step=5/5 epoch=3/3 loss=0.3059 l2=0.2000 label_smoothing=0.000
ADV epoch=42/60 g_loss=0.0348 d_loss=0.3092 reward=0.2053 reward_var=0.0069 unique=0.3400
D step=1/5 epoch=1/3 loss=0.3173 l2=0.2000 label_smoothing=0.000
D step=1/5 epoch=2/3 loss=0.3063 l2=0.2000 label_smoothing=0.000
D step=1/5 epoch=3/3 loss=0.3054 l2=0.2000 label_smoothing=0.000
D step=2/5 epoch=1/3 loss=0.3112 l2=0.2000 label_smoothing=0.000
D step=2/5 epoch=2/3 loss=0.3051 l2=0.2000 label_smoothing=0.000
D step=2/5 epoch=3/3 loss=0.3058 l2=0.2000 label_smoothing=0.000
D step=3/5 epoch=1/3 loss=0.3118 l2=0.2000 label_smoothing=0.000
D step=3/5 epoch=2/3 loss=0.3031 l2=0.2000 label_smoothing=0.000
D step=3/5 epoch=3/3 loss=0.3051 l2=0.2000 label_smoothing=0.000
D step=4/5 epoch=1/3 loss=0.3139 l2=0.2000 label_smoothing=0.000
D step=4/5 epoch=2/3 loss=0.3112 l2=0.2000 label_smoothing=0.000
D step=4/5 epoch=3/3 loss=0.3066 l2=0.2000 label_smoothing=0.000
D step=5/5 epoch=1/3 loss=0.3226 l2=0.2000 label_smoothing=0.000
D step=5/5 epoch=2/3 loss=0.3078 l2=0.2000 label_smoothing=0.000
D step=5/5 epoch=3/3 loss=0.3016 l2=0.2000 label_smoothing=0.000
ADV epoch=43/60 g_loss=0.0329 d_loss=0.3090 reward=0.1938 reward_var=0.0121 unique=0.2400
D step=1/5 epoch=1/3 loss=0.3124 l2=0.2000 label_smoothing=0.000
D step=1/5 epoch=2/3 loss=0.3038 l2=0.2000 label_smoothing=0.000
D step=1/5 epoch=3/3 loss=0.3016 l2=0.2000 label_smoothing=0.000
D step=2/5 epoch=1/3 loss=0.3092 l2=0.2000 label_smoothing=0.000
D step=2/5 epoch=2/3 loss=0.3066 l2=0.2000 label_smoothing=0.000
D step=2/5 epoch=3/3 loss=0.3028 l2=0.2000 label_smoothing=0.000
D step=3/5 epoch=1/3 loss=0.3272 l2=0.2000 label_smoothing=0.000
D step=3/5 epoch=2/3 loss=0.3116 l2=0.2000 label_smoothing=0.000
D step=3/5 epoch=3/3 loss=0.3075 l2=0.2000 label_smoothing=0.000
D step=4/5 epoch=1/3 loss=0.3170 l2=0.2000 label_smoothing=0.000
D step=4/5 epoch=2/3 loss=0.3169 l2=0.2000 label_smoothing=0.000
D step=4/5 epoch=3/3 loss=0.3074 l2=0.2000 label_smoothing=0.000
D step=5/5 epoch=1/3 loss=0.3166 l2=0.2000 label_smoothing=0.000
D step=5/5 epoch=2/3 loss=0.3101 l2=0.2000 label_smoothing=0.000
D step=5/5 epoch=3/3 loss=0.3066 l2=0.2000 label_smoothing=0.000
ADV epoch=44/60 g_loss=0.0201 d_loss=0.3105 reward=0.1881 reward_var=0.0038 unique=0.3000
D step=1/5 epoch=1/3 loss=0.3278 l2=0.2000 label_smoothing=0.000
D step=1/5 epoch=2/3 loss=0.3137 l2=0.2000 label_smoothing=0.000
D step=1/5 epoch=3/3 loss=0.3073 l2=0.2000 label_smoothing=0.000
D step=2/5 epoch=1/3 loss=0.3233 l2=0.2000 label_smoothing=0.000
D step=2/5 epoch=2/3 loss=0.3103 l2=0.2000 label_smoothing=0.000
D step=2/5 epoch=3/3 loss=0.3077 l2=0.2000 label_smoothing=0.000
D step=3/5 epoch=1/3 loss=0.3138 l2=0.2000 label_smoothing=0.000
D step=3/5 epoch=2/3 loss=0.3050 l2=0.2000 label_smoothing=0.000
D step=3/5 epoch=3/3 loss=0.3045 l2=0.2000 label_smoothing=0.000
D step=4/5 epoch=1/3 loss=0.3230 l2=0.2000 label_smoothing=0.000
D step=4/5 epoch=2/3 loss=0.3129 l2=0.2000 label_smoothing=0.000
D step=4/5 epoch=3/3 loss=0.3060 l2=0.2000 label_smoothing=0.000
D step=5/5 epoch=1/3 loss=0.3194 l2=0.2000 label_smoothing=0.000
D step=5/5 epoch=2/3 loss=0.3094 l2=0.2000 label_smoothing=0.000
D step=5/5 epoch=3/3 loss=0.3063 l2=0.2000 label_smoothing=0.000
ADV epoch=45/60 g_loss=0.0314 d_loss=0.3127 reward=0.2258 reward_var=0.0113 unique=0.3000
D step=1/5 epoch=1/3 loss=0.3246 l2=0.2000 label_smoothing=0.000
D step=1/5 epoch=2/3 loss=0.3064 l2=0.2000 label_smoothing=0.000
D step=1/5 epoch=3/3 loss=0.3052 l2=0.2000 label_smoothing=0.000
D step=2/5 epoch=1/3 loss=0.3111 l2=0.2000 label_smoothing=0.000
D step=2/5 epoch=2/3 loss=0.3117 l2=0.2000 label_smoothing=0.000
D step=2/5 epoch=3/3 loss=0.3084 l2=0.2000 label_smoothing=0.000
D step=3/5 epoch=1/3 loss=0.3167 l2=0.2000 label_smoothing=0.000
D step=3/5 epoch=2/3 loss=0.3123 l2=0.2000 label_smoothing=0.000
D step=3/5 epoch=3/3 loss=0.3087 l2=0.2000 label_smoothing=0.000
D step=4/5 epoch=1/3 loss=0.3152 l2=0.2000 label_smoothing=0.000
D step=4/5 epoch=2/3 loss=0.3092 l2=0.2000 label_smoothing=0.000
D step=4/5 epoch=3/3 loss=0.3084 l2=0.2000 label_smoothing=0.000
D step=5/5 epoch=1/3 loss=0.3169 l2=0.2000 label_smoothing=0.000
D step=5/5 epoch=2/3 loss=0.3070 l2=0.2000 label_smoothing=0.000
D step=5/5 epoch=3/3 loss=0.3052 l2=0.2000 label_smoothing=0.000
ADV epoch=46/60 g_loss=0.0224 d_loss=0.3111 reward=0.2201 reward_var=0.0045 unique=0.3600
D step=1/5 epoch=1/3 loss=0.3216 l2=0.2000 label_smoothing=0.000
D step=1/5 epoch=2/3 loss=0.3096 l2=0.2000 label_smoothing=0.000
D step=1/5 epoch=3/3 loss=0.3099 l2=0.2000 label_smoothing=0.000
D step=2/5 epoch=1/3 loss=0.3166 l2=0.2000 label_smoothing=0.000
D step=2/5 epoch=2/3 loss=0.3141 l2=0.2000 label_smoothing=0.000
D step=2/5 epoch=3/3 loss=0.3128 l2=0.2000 label_smoothing=0.000
D step=3/5 epoch=1/3 loss=0.3189 l2=0.2000 label_smoothing=0.000
D step=3/5 epoch=2/3 loss=0.3130 l2=0.2000 label_smoothing=0.000
D step=3/5 epoch=3/3 loss=0.3061 l2=0.2000 label_smoothing=0.000
D step=4/5 epoch=1/3 loss=0.3275 l2=0.2000 label_smoothing=0.000
D step=4/5 epoch=2/3 loss=0.3147 l2=0.2000 label_smoothing=0.000
D step=4/5 epoch=3/3 loss=0.3097 l2=0.2000 label_smoothing=0.000
D step=5/5 epoch=1/3 loss=0.3151 l2=0.2000 label_smoothing=0.000
D step=5/5 epoch=2/3 loss=0.3099 l2=0.2000 label_smoothing=0.000
D step=5/5 epoch=3/3 loss=0.3075 l2=0.2000 label_smoothing=0.000
ADV epoch=47/60 g_loss=0.0337 d_loss=0.3138 reward=0.2285 reward_var=0.0097 unique=0.3600
D step=1/5 epoch=1/3 loss=0.3203 l2=0.2000 label_smoothing=0.000
D step=1/5 epoch=2/3 loss=0.3142 l2=0.2000 label_smoothing=0.000
D step=1/5 epoch=3/3 loss=0.3100 l2=0.2000 label_smoothing=0.000
D step=2/5 epoch=1/3 loss=0.3189 l2=0.2000 label_smoothing=0.000
D step=2/5 epoch=2/3 loss=0.3118 l2=0.2000 label_smoothing=0.000
D step=2/5 epoch=3/3 loss=0.3124 l2=0.2000 label_smoothing=0.000
D step=3/5 epoch=1/3 loss=0.3257 l2=0.2000 label_smoothing=0.000
D step=3/5 epoch=2/3 loss=0.3210 l2=0.2000 label_smoothing=0.000
D step=3/5 epoch=3/3 loss=0.3136 l2=0.2000 label_smoothing=0.000
D step=4/5 epoch=1/3 loss=0.3210 l2=0.2000 label_smoothing=0.000
D step=4/5 epoch=2/3 loss=0.3090 l2=0.2000 label_smoothing=0.000
D step=4/5 epoch=3/3 loss=0.3077 l2=0.2000 label_smoothing=0.000
D step=5/5 epoch=1/3 loss=0.3184 l2=0.2000 label_smoothing=0.000
D step=5/5 epoch=2/3 loss=0.3123 l2=0.2000 label_smoothing=0.000
D step=5/5 epoch=3/3 loss=0.3076 l2=0.2000 label_smoothing=0.000
ADV epoch=48/60 g_loss=0.0199 d_loss=0.3149 reward=0.2022 reward_var=0.0020 unique=0.3400
D step=1/5 epoch=1/3 loss=0.3183 l2=0.2000 label_smoothing=0.000
D step=1/5 epoch=2/3 loss=0.3085 l2=0.2000 label_smoothing=0.000
D step=1/5 epoch=3/3 loss=0.3067 l2=0.2000 label_smoothing=0.000
D step=2/5 epoch=1/3 loss=0.3103 l2=0.2000 label_smoothing=0.000
D step=2/5 epoch=2/3 loss=0.3071 l2=0.2000 label_smoothing=0.000
D step=2/5 epoch=3/3 loss=0.3083 l2=0.2000 label_smoothing=0.000
D step=3/5 epoch=1/3 loss=0.3216 l2=0.2000 label_smoothing=0.000
D step=3/5 epoch=2/3 loss=0.3123 l2=0.2000 label_smoothing=0.000
D step=3/5 epoch=3/3 loss=0.3106 l2=0.2000 label_smoothing=0.000
D step=4/5 epoch=1/3 loss=0.3209 l2=0.2000 label_smoothing=0.000
D step=4/5 epoch=2/3 loss=0.3106 l2=0.2000 label_smoothing=0.000
D step=4/5 epoch=3/3 loss=0.3102 l2=0.2000 label_smoothing=0.000
D step=5/5 epoch=1/3 loss=0.3238 l2=0.2000 label_smoothing=0.000
D step=5/5 epoch=2/3 loss=0.3191 l2=0.2000 label_smoothing=0.000
D step=5/5 epoch=3/3 loss=0.3147 l2=0.2000 label_smoothing=0.000
ADV epoch=49/60 g_loss=0.0213 d_loss=0.3135 reward=0.2154 reward_var=0.0034 unique=0.3200
D step=1/5 epoch=1/3 loss=0.3182 l2=0.2000 label_smoothing=0.000
D step=1/5 epoch=2/3 loss=0.3098 l2=0.2000 label_smoothing=0.000
D step=1/5 epoch=3/3 loss=0.3072 l2=0.2000 label_smoothing=0.000
D step=2/5 epoch=1/3 loss=0.3160 l2=0.2000 label_smoothing=0.000
D step=2/5 epoch=2/3 loss=0.3072 l2=0.2000 label_smoothing=0.000
D step=2/5 epoch=3/3 loss=0.3069 l2=0.2000 label_smoothing=0.000
D step=3/5 epoch=1/3 loss=0.3258 l2=0.2000 label_smoothing=0.000
D step=3/5 epoch=2/3 loss=0.3139 l2=0.2000 label_smoothing=0.000
D step=3/5 epoch=3/3 loss=0.3106 l2=0.2000 label_smoothing=0.000
D step=4/5 epoch=1/3 loss=0.3171 l2=0.2000 label_smoothing=0.000
D step=4/5 epoch=2/3 loss=0.3062 l2=0.2000 label_smoothing=0.000
D step=4/5 epoch=3/3 loss=0.3053 l2=0.2000 label_smoothing=0.000
D step=5/5 epoch=1/3 loss=0.3304 l2=0.2000 label_smoothing=0.000
D step=5/5 epoch=2/3 loss=0.3120 l2=0.2000 label_smoothing=0.000
D step=5/5 epoch=3/3 loss=0.3057 l2=0.2000 label_smoothing=0.000
ADV epoch=50/60 g_loss=0.0344 d_loss=0.3128 reward=0.2103 reward_var=0.0129 unique=0.2800
D step=1/5 epoch=1/3 loss=0.3147 l2=0.2000 label_smoothing=0.000
D step=1/5 epoch=2/3 loss=0.3036 l2=0.2000 label_smoothing=0.000
D step=1/5 epoch=3/3 loss=0.3027 l2=0.2000 label_smoothing=0.000
D step=2/5 epoch=1/3 loss=0.3131 l2=0.2000 label_smoothing=0.000
D step=2/5 epoch=2/3 loss=0.3054 l2=0.2000 label_smoothing=0.000
D step=2/5 epoch=3/3 loss=0.3034 l2=0.2000 label_smoothing=0.000
D step=3/5 epoch=1/3 loss=0.3091 l2=0.2000 label_smoothing=0.000
D step=3/5 epoch=2/3 loss=0.3042 l2=0.2000 label_smoothing=0.000
D step=3/5 epoch=3/3 loss=0.3027 l2=0.2000 label_smoothing=0.000
D step=4/5 epoch=1/3 loss=0.3282 l2=0.2000 label_smoothing=0.000
D step=4/5 epoch=2/3 loss=0.3118 l2=0.2000 label_smoothing=0.000
D step=4/5 epoch=3/3 loss=0.3080 l2=0.2000 label_smoothing=0.000
D step=5/5 epoch=1/3 loss=0.3218 l2=0.2000 label_smoothing=0.000
D step=5/5 epoch=2/3 loss=0.3092 l2=0.2000 label_smoothing=0.000
D step=5/5 epoch=3/3 loss=0.3062 l2=0.2000 label_smoothing=0.000
ADV epoch=51/60 g_loss=0.0330 d_loss=0.3096 reward=0.2030 reward_var=0.0058 unique=0.3600
D step=1/5 epoch=1/3 loss=0.3195 l2=0.2000 label_smoothing=0.000
D step=1/5 epoch=2/3 loss=0.3056 l2=0.2000 label_smoothing=0.000
D step=1/5 epoch=3/3 loss=0.3047 l2=0.2000 label_smoothing=0.000
D step=2/5 epoch=1/3 loss=0.3149 l2=0.2000 label_smoothing=0.000
D step=2/5 epoch=2/3 loss=0.3049 l2=0.2000 label_smoothing=0.000
D step=2/5 epoch=3/3 loss=0.3028 l2=0.2000 label_smoothing=0.000
D step=3/5 epoch=1/3 loss=0.3100 l2=0.2000 label_smoothing=0.000
D step=3/5 epoch=2/3 loss=0.3041 l2=0.2000 label_smoothing=0.000
D step=3/5 epoch=3/3 loss=0.3004 l2=0.2000 label_smoothing=0.000
D step=4/5 epoch=1/3 loss=0.3128 l2=0.2000 label_smoothing=0.000
D step=4/5 epoch=2/3 loss=0.3122 l2=0.2000 label_smoothing=0.000
D step=4/5 epoch=3/3 loss=0.3100 l2=0.2000 label_smoothing=0.000
D step=5/5 epoch=1/3 loss=0.3193 l2=0.2000 label_smoothing=0.000
D step=5/5 epoch=2/3 loss=0.3070 l2=0.2000 label_smoothing=0.000
D step=5/5 epoch=3/3 loss=0.3026 l2=0.2000 label_smoothing=0.000
ADV epoch=52/60 g_loss=0.0318 d_loss=0.3087 reward=0.2330 reward_var=0.0145 unique=0.2600
D step=1/5 epoch=1/3 loss=0.3132 l2=0.2000 label_smoothing=0.000
D step=1/5 epoch=2/3 loss=0.3038 l2=0.2000 label_smoothing=0.000
D step=1/5 epoch=3/3 loss=0.3041 l2=0.2000 label_smoothing=0.000
D step=2/5 epoch=1/3 loss=0.3236 l2=0.2000 label_smoothing=0.000
D step=2/5 epoch=2/3 loss=0.3083 l2=0.2000 label_smoothing=0.000
D step=2/5 epoch=3/3 loss=0.3048 l2=0.2000 label_smoothing=0.000
D step=3/5 epoch=1/3 loss=0.3185 l2=0.2000 label_smoothing=0.000
D step=3/5 epoch=2/3 loss=0.3060 l2=0.2000 label_smoothing=0.000
D step=3/5 epoch=3/3 loss=0.3055 l2=0.2000 label_smoothing=0.000
D step=4/5 epoch=1/3 loss=0.3211 l2=0.2000 label_smoothing=0.000
D step=4/5 epoch=2/3 loss=0.3098 l2=0.2000 label_smoothing=0.000
D step=4/5 epoch=3/3 loss=0.3058 l2=0.2000 label_smoothing=0.000
D step=5/5 epoch=1/3 loss=0.3132 l2=0.2000 label_smoothing=0.000
D step=5/5 epoch=2/3 loss=0.3044 l2=0.2000 label_smoothing=0.000
D step=5/5 epoch=3/3 loss=0.3044 l2=0.2000 label_smoothing=0.000
ADV epoch=53/60 g_loss=0.0278 d_loss=0.3098 reward=0.1888 reward_var=0.0066 unique=0.2600
D step=1/5 epoch=1/3 loss=0.3159 l2=0.2000 label_smoothing=0.000
D step=1/5 epoch=2/3 loss=0.3057 l2=0.2000 label_smoothing=0.000
D step=1/5 epoch=3/3 loss=0.3032 l2=0.2000 label_smoothing=0.000
D step=2/5 epoch=1/3 loss=0.3085 l2=0.2000 label_smoothing=0.000
D step=2/5 epoch=2/3 loss=0.3107 l2=0.2000 label_smoothing=0.000
D step=2/5 epoch=3/3 loss=0.3060 l2=0.2000 label_smoothing=0.000
D step=3/5 epoch=1/3 loss=0.3113 l2=0.2000 label_smoothing=0.000
D step=3/5 epoch=2/3 loss=0.3116 l2=0.2000 label_smoothing=0.000
D step=3/5 epoch=3/3 loss=0.3085 l2=0.2000 label_smoothing=0.000
D step=4/5 epoch=1/3 loss=0.3248 l2=0.2000 label_smoothing=0.000
D step=4/5 epoch=2/3 loss=0.3106 l2=0.2000 label_smoothing=0.000
D step=4/5 epoch=3/3 loss=0.3074 l2=0.2000 label_smoothing=0.000
D step=5/5 epoch=1/3 loss=0.3211 l2=0.2000 label_smoothing=0.000
D step=5/5 epoch=2/3 loss=0.3070 l2=0.2000 label_smoothing=0.000
D step=5/5 epoch=3/3 loss=0.3084 l2=0.2000 label_smoothing=0.000
ADV epoch=54/60 g_loss=0.0239 d_loss=0.3107 reward=0.1978 reward_var=0.0055 unique=0.2600
D step=1/5 epoch=1/3 loss=0.3215 l2=0.2000 label_smoothing=0.000
D step=1/5 epoch=2/3 loss=0.3085 l2=0.2000 label_smoothing=0.000
D step=1/5 epoch=3/3 loss=0.3079 l2=0.2000 label_smoothing=0.000
D step=2/5 epoch=1/3 loss=0.3085 l2=0.2000 label_smoothing=0.000
D step=2/5 epoch=2/3 loss=0.3054 l2=0.2000 label_smoothing=0.000
D step=2/5 epoch=3/3 loss=0.3047 l2=0.2000 label_smoothing=0.000
D step=3/5 epoch=1/3 loss=0.3254 l2=0.2000 label_smoothing=0.000
D step=3/5 epoch=2/3 loss=0.3096 l2=0.2000 label_smoothing=0.000
D step=3/5 epoch=3/3 loss=0.3074 l2=0.2000 label_smoothing=0.000
D step=4/5 epoch=1/3 loss=0.3085 l2=0.2000 label_smoothing=0.000
D step=4/5 epoch=2/3 loss=0.3095 l2=0.2000 label_smoothing=0.000
D step=4/5 epoch=3/3 loss=0.3078 l2=0.2000 label_smoothing=0.000
D step=5/5 epoch=1/3 loss=0.3261 l2=0.2000 label_smoothing=0.000
D step=5/5 epoch=2/3 loss=0.3123 l2=0.2000 label_smoothing=0.000
D step=5/5 epoch=3/3 loss=0.3060 l2=0.2000 label_smoothing=0.000
ADV epoch=55/60 g_loss=0.0227 d_loss=0.3113 reward=0.1926 reward_var=0.0095 unique=0.3400
D step=1/5 epoch=1/3 loss=0.3219 l2=0.2000 label_smoothing=0.000
D step=1/5 epoch=2/3 loss=0.3131 l2=0.2000 label_smoothing=0.000
D step=1/5 epoch=3/3 loss=0.3159 l2=0.2000 label_smoothing=0.000
D step=2/5 epoch=1/3 loss=0.3187 l2=0.2000 label_smoothing=0.000
D step=2/5 epoch=2/3 loss=0.3104 l2=0.2000 label_smoothing=0.000
D step=2/5 epoch=3/3 loss=0.3082 l2=0.2000 label_smoothing=0.000
D step=3/5 epoch=1/3 loss=0.3196 l2=0.2000 label_smoothing=0.000
D step=3/5 epoch=2/3 loss=0.3095 l2=0.2000 label_smoothing=0.000
D step=3/5 epoch=3/3 loss=0.3048 l2=0.2000 label_smoothing=0.000
D step=4/5 epoch=1/3 loss=0.3182 l2=0.2000 label_smoothing=0.000
D step=4/5 epoch=2/3 loss=0.3160 l2=0.2000 label_smoothing=0.000
D step=4/5 epoch=3/3 loss=0.3085 l2=0.2000 label_smoothing=0.000
D step=5/5 epoch=1/3 loss=0.3179 l2=0.2000 label_smoothing=0.000
D step=5/5 epoch=2/3 loss=0.3091 l2=0.2000 label_smoothing=0.000
D step=5/5 epoch=3/3 loss=0.3081 l2=0.2000 label_smoothing=0.000
ADV epoch=56/60 g_loss=0.0268 d_loss=0.3133 reward=0.2219 reward_var=0.0060 unique=0.2800
D step=1/5 epoch=1/3 loss=0.3202 l2=0.2000 label_smoothing=0.000
D step=1/5 epoch=2/3 loss=0.3124 l2=0.2000 label_smoothing=0.000
D step=1/5 epoch=3/3 loss=0.3121 l2=0.2000 label_smoothing=0.000
D step=2/5 epoch=1/3 loss=0.3137 l2=0.2000 label_smoothing=0.000
D step=2/5 epoch=2/3 loss=0.3099 l2=0.2000 label_smoothing=0.000
D step=2/5 epoch=3/3 loss=0.3074 l2=0.2000 label_smoothing=0.000
D step=3/5 epoch=1/3 loss=0.3211 l2=0.2000 label_smoothing=0.000
D step=3/5 epoch=2/3 loss=0.3165 l2=0.2000 label_smoothing=0.000
D step=3/5 epoch=3/3 loss=0.3098 l2=0.2000 label_smoothing=0.000
D step=4/5 epoch=1/3 loss=0.3226 l2=0.2000 label_smoothing=0.000
D step=4/5 epoch=2/3 loss=0.3125 l2=0.2000 label_smoothing=0.000
D step=4/5 epoch=3/3 loss=0.3122 l2=0.2000 label_smoothing=0.000
D step=5/5 epoch=1/3 loss=0.3210 l2=0.2000 label_smoothing=0.000
D step=5/5 epoch=2/3 loss=0.3141 l2=0.2000 label_smoothing=0.000
D step=5/5 epoch=3/3 loss=0.3106 l2=0.2000 label_smoothing=0.000
ADV epoch=57/60 g_loss=0.0271 d_loss=0.3144 reward=0.2151 reward_var=0.0102 unique=0.3000
D step=1/5 epoch=1/3 loss=0.3213 l2=0.2000 label_smoothing=0.000
D step=1/5 epoch=2/3 loss=0.3117 l2=0.2000 label_smoothing=0.000
D step=1/5 epoch=3/3 loss=0.3080 l2=0.2000 label_smoothing=0.000
D step=2/5 epoch=1/3 loss=0.3208 l2=0.2000 label_smoothing=0.000
D step=2/5 epoch=2/3 loss=0.3142 l2=0.2000 label_smoothing=0.000
D step=2/5 epoch=3/3 loss=0.3150 l2=0.2000 label_smoothing=0.000
D step=3/5 epoch=1/3 loss=0.3197 l2=0.2000 label_smoothing=0.000
D step=3/5 epoch=2/3 loss=0.3089 l2=0.2000 label_smoothing=0.000
D step=3/5 epoch=3/3 loss=0.3085 l2=0.2000 label_smoothing=0.000
D step=4/5 epoch=1/3 loss=0.3167 l2=0.2000 label_smoothing=0.000
D step=4/5 epoch=2/3 loss=0.3090 l2=0.2000 label_smoothing=0.000
D step=4/5 epoch=3/3 loss=0.3088 l2=0.2000 label_smoothing=0.000
D step=5/5 epoch=1/3 loss=0.3150 l2=0.2000 label_smoothing=0.000
D step=5/5 epoch=2/3 loss=0.3132 l2=0.2000 label_smoothing=0.000
D step=5/5 epoch=3/3 loss=0.3114 l2=0.2000 label_smoothing=0.000
ADV epoch=58/60 g_loss=0.0229 d_loss=0.3135 reward=0.2223 reward_var=0.0034 unique=0.3600
D step=1/5 epoch=1/3 loss=0.3211 l2=0.2000 label_smoothing=0.000
D step=1/5 epoch=2/3 loss=0.3070 l2=0.2000 label_smoothing=0.000
D step=1/5 epoch=3/3 loss=0.3071 l2=0.2000 label_smoothing=0.000
D step=2/5 epoch=1/3 loss=0.3158 l2=0.2000 label_smoothing=0.000
D step=2/5 epoch=2/3 loss=0.3092 l2=0.2000 label_smoothing=0.000
D step=2/5 epoch=3/3 loss=0.3050 l2=0.2000 label_smoothing=0.000
D step=3/5 epoch=1/3 loss=0.3183 l2=0.2000 label_smoothing=0.000
D step=3/5 epoch=2/3 loss=0.3088 l2=0.2000 label_smoothing=0.000
D step=3/5 epoch=3/3 loss=0.3107 l2=0.2000 label_smoothing=0.000
D step=4/5 epoch=1/3 loss=0.3094 l2=0.2000 label_smoothing=0.000
D step=4/5 epoch=2/3 loss=0.3065 l2=0.2000 label_smoothing=0.000
D step=4/5 epoch=3/3 loss=0.3059 l2=0.2000 label_smoothing=0.000
D step=5/5 epoch=1/3 loss=0.3184 l2=0.2000 label_smoothing=0.000
D step=5/5 epoch=2/3 loss=0.3131 l2=0.2000 label_smoothing=0.000
D step=5/5 epoch=3/3 loss=0.3120 l2=0.2000 label_smoothing=0.000
ADV epoch=59/60 g_loss=0.0352 d_loss=0.3112 reward=0.2122 reward_var=0.0190 unique=0.2000
D step=1/5 epoch=1/3 loss=0.3139 l2=0.2000 label_smoothing=0.000
D step=1/5 epoch=2/3 loss=0.3054 l2=0.2000 label_smoothing=0.000
D step=1/5 epoch=3/3 loss=0.3041 l2=0.2000 label_smoothing=0.000
D step=2/5 epoch=1/3 loss=0.3129 l2=0.2000 label_smoothing=0.000
D step=2/5 epoch=2/3 loss=0.3073 l2=0.2000 label_smoothing=0.000
D step=2/5 epoch=3/3 loss=0.3063 l2=0.2000 label_smoothing=0.000
D step=3/5 epoch=1/3 loss=0.3101 l2=0.2000 label_smoothing=0.000
D step=3/5 epoch=2/3 loss=0.3072 l2=0.2000 label_smoothing=0.000
D step=3/5 epoch=3/3 loss=0.3031 l2=0.2000 label_smoothing=0.000
D step=4/5 epoch=1/3 loss=0.3156 l2=0.2000 label_smoothing=0.000
D step=4/5 epoch=2/3 loss=0.3038 l2=0.2000 label_smoothing=0.000
D step=4/5 epoch=3/3 loss=0.3028 l2=0.2000 label_smoothing=0.000
D step=5/5 epoch=1/3 loss=0.3212 l2=0.2000 label_smoothing=0.000
D step=5/5 epoch=2/3 loss=0.3115 l2=0.2000 label_smoothing=0.000
D step=5/5 epoch=3/3 loss=0.3054 l2=0.2000 label_smoothing=0.000
ADV epoch=60/60 g_loss=0.0238 d_loss=0.3087 reward=0.2069 reward_var=0.0028 unique=0.2600
saved 500 raw samples to /content/drive/MyDrive/GAN/GAN_SQLi_Colab/results_seqgan_phase2b_phase3/phase2b/seqgan_master/union/F/R10/generated_payloads.csv
