
[1/3] pretrain G
G epoch=1/60 loss=4.6244
G epoch=2/60 loss=4.5271
G epoch=3/60 loss=4.4239
G epoch=4/60 loss=4.3029
G epoch=5/60 loss=4.1355
G epoch=6/60 loss=3.9350
G epoch=7/60 loss=3.7027
G epoch=8/60 loss=3.5210
G epoch=9/60 loss=3.4086
G epoch=10/60 loss=3.3304
G epoch=11/60 loss=3.2627
G epoch=12/60 loss=3.1982
G epoch=13/60 loss=3.1364
G epoch=14/60 loss=3.0665
G epoch=15/60 loss=3.0082
G epoch=16/60 loss=2.9521
G epoch=17/60 loss=2.9301
G epoch=18/60 loss=2.8864
G epoch=19/60 loss=2.8090
G epoch=20/60 loss=2.7745
G epoch=21/60 loss=2.7155
G epoch=22/60 loss=2.6916
G epoch=23/60 loss=2.6336
G epoch=24/60 loss=2.6031
G epoch=25/60 loss=2.5758
G epoch=26/60 loss=2.4995
G epoch=27/60 loss=2.4892
G epoch=28/60 loss=2.4617
G epoch=29/60 loss=2.4295
G epoch=30/60 loss=2.3936
G epoch=31/60 loss=2.3276
G epoch=32/60 loss=2.3181
G epoch=33/60 loss=2.2851
G epoch=34/60 loss=2.2334
G epoch=35/60 loss=2.2452
G epoch=36/60 loss=2.2252
G epoch=37/60 loss=2.1867
G epoch=38/60 loss=2.1349
G epoch=39/60 loss=2.1312
G epoch=40/60 loss=2.1152
G epoch=41/60 loss=2.0839
G epoch=42/60 loss=2.0614
G epoch=43/60 loss=2.0464
G epoch=44/60 loss=1.9974
G epoch=45/60 loss=1.9996
G epoch=46/60 loss=1.9755
G epoch=47/60 loss=1.9444
G epoch=48/60 loss=1.9033
G epoch=49/60 loss=1.9084
G epoch=50/60 loss=1.8577
G epoch=51/60 loss=1.8502
G epoch=52/60 loss=1.8486
G epoch=53/60 loss=1.8367
G epoch=54/60 loss=1.8149
G epoch=55/60 loss=1.8001
G epoch=56/60 loss=1.7659
G epoch=57/60 loss=1.7565
G epoch=58/60 loss=1.7150
G epoch=59/60 loss=1.7084
G epoch=60/60 loss=1.7086

[2/3] pretrain D
D step=1/30 epoch=1/3 loss=0.7825 l2=0.2000 label_smoothing=0.050
D step=1/30 epoch=2/3 loss=0.6948 l2=0.2000 label_smoothing=0.050
D step=1/30 epoch=3/3 loss=0.6694 l2=0.2000 label_smoothing=0.050
D step=2/30 epoch=1/3 loss=0.6450 l2=0.2000 label_smoothing=0.050
D step=2/30 epoch=2/3 loss=0.6219 l2=0.2000 label_smoothing=0.050
D step=2/30 epoch=3/3 loss=0.5863 l2=0.2000 label_smoothing=0.050
D step=3/30 epoch=1/3 loss=0.5604 l2=0.2000 label_smoothing=0.050
D step=3/30 epoch=2/3 loss=0.5423 l2=0.2000 label_smoothing=0.050
D step=3/30 epoch=3/3 loss=0.5047 l2=0.2000 label_smoothing=0.050
D step=4/30 epoch=1/3 loss=0.4811 l2=0.2000 label_smoothing=0.050
D step=4/30 epoch=2/3 loss=0.4494 l2=0.2000 label_smoothing=0.050
D step=4/30 epoch=3/3 loss=0.4353 l2=0.2000 label_smoothing=0.050
D step=5/30 epoch=1/3 loss=0.4453 l2=0.2000 label_smoothing=0.050
D step=5/30 epoch=2/3 loss=0.3935 l2=0.2000 label_smoothing=0.050
D step=5/30 epoch=3/3 loss=0.3880 l2=0.2000 label_smoothing=0.050
D step=6/30 epoch=1/3 loss=0.3512 l2=0.2000 label_smoothing=0.050
D step=6/30 epoch=2/3 loss=0.3496 l2=0.2000 label_smoothing=0.050
D step=6/30 epoch=3/3 loss=0.3214 l2=0.2000 label_smoothing=0.050
D step=7/30 epoch=1/3 loss=0.3293 l2=0.2000 label_smoothing=0.050
D step=7/30 epoch=2/3 loss=0.3147 l2=0.2000 label_smoothing=0.050
D step=7/30 epoch=3/3 loss=0.3051 l2=0.2000 label_smoothing=0.050
D step=8/30 epoch=1/3 loss=0.2728 l2=0.2000 label_smoothing=0.050
D step=8/30 epoch=2/3 loss=0.2450 l2=0.2000 label_smoothing=0.050
D step=8/30 epoch=3/3 loss=0.2506 l2=0.2000 label_smoothing=0.050
D step=9/30 epoch=1/3 loss=0.2457 l2=0.2000 label_smoothing=0.050
D step=9/30 epoch=2/3 loss=0.2386 l2=0.2000 label_smoothing=0.050
D step=9/30 epoch=3/3 loss=0.2379 l2=0.2000 label_smoothing=0.050
D step=10/30 epoch=1/3 loss=0.2274 l2=0.2000 label_smoothing=0.050
D step=10/30 epoch=2/3 loss=0.2364 l2=0.2000 label_smoothing=0.050
D step=10/30 epoch=3/3 loss=0.2271 l2=0.2000 label_smoothing=0.050
D step=11/30 epoch=1/3 loss=0.2332 l2=0.2000 label_smoothing=0.050
D step=11/30 epoch=2/3 loss=0.2354 l2=0.2000 label_smoothing=0.050
D step=11/30 epoch=3/3 loss=0.2304 l2=0.2000 label_smoothing=0.050
D step=12/30 epoch=1/3 loss=0.2129 l2=0.2000 label_smoothing=0.050
D step=12/30 epoch=2/3 loss=0.2027 l2=0.2000 label_smoothing=0.050
D step=12/30 epoch=3/3 loss=0.2051 l2=0.2000 label_smoothing=0.050
D step=13/30 epoch=1/3 loss=0.2014 l2=0.2000 label_smoothing=0.050
D step=13/30 epoch=2/3 loss=0.2057 l2=0.2000 label_smoothing=0.050
D step=13/30 epoch=3/3 loss=0.1983 l2=0.2000 label_smoothing=0.050
D step=14/30 epoch=1/3 loss=0.2103 l2=0.2000 label_smoothing=0.050
D step=14/30 epoch=2/3 loss=0.2078 l2=0.2000 label_smoothing=0.050
D step=14/30 epoch=3/3 loss=0.2070 l2=0.2000 label_smoothing=0.050
D step=15/30 epoch=1/3 loss=0.1971 l2=0.2000 label_smoothing=0.050
D step=15/30 epoch=2/3 loss=0.1970 l2=0.2000 label_smoothing=0.050
D step=15/30 epoch=3/3 loss=0.1967 l2=0.2000 label_smoothing=0.050
D step=16/30 epoch=1/3 loss=0.2027 l2=0.2000 label_smoothing=0.050
D step=16/30 epoch=2/3 loss=0.1990 l2=0.2000 label_smoothing=0.050
D step=16/30 epoch=3/3 loss=0.1958 l2=0.2000 label_smoothing=0.050
D step=17/30 epoch=1/3 loss=0.2000 l2=0.2000 label_smoothing=0.050
D step=17/30 epoch=2/3 loss=0.1993 l2=0.2000 label_smoothing=0.050
D step=17/30 epoch=3/3 loss=0.1967 l2=0.2000 label_smoothing=0.050
D step=18/30 epoch=1/3 loss=0.1962 l2=0.2000 label_smoothing=0.050
D step=18/30 epoch=2/3 loss=0.1913 l2=0.2000 label_smoothing=0.050
D step=18/30 epoch=3/3 loss=0.1915 l2=0.2000 label_smoothing=0.050
D step=19/30 epoch=1/3 loss=0.1904 l2=0.2000 label_smoothing=0.050
D step=19/30 epoch=2/3 loss=0.1916 l2=0.2000 label_smoothing=0.050
D step=19/30 epoch=3/3 loss=0.1898 l2=0.2000 label_smoothing=0.050
D step=20/30 epoch=1/3 loss=0.1953 l2=0.2000 label_smoothing=0.050
D step=20/30 epoch=2/3 loss=0.1961 l2=0.2000 label_smoothing=0.050
D step=20/30 epoch=3/3 loss=0.1961 l2=0.2000 label_smoothing=0.050
D step=21/30 epoch=1/3 loss=0.1902 l2=0.2000 label_smoothing=0.050
D step=21/30 epoch=2/3 loss=0.1871 l2=0.2000 label_smoothing=0.050
D step=21/30 epoch=3/3 loss=0.1887 l2=0.2000 label_smoothing=0.050
D step=22/30 epoch=1/3 loss=0.1880 l2=0.2000 label_smoothing=0.050
D step=22/30 epoch=2/3 loss=0.1888 l2=0.2000 label_smoothing=0.050
D step=22/30 epoch=3/3 loss=0.1864 l2=0.2000 label_smoothing=0.050
D step=23/30 epoch=1/3 loss=0.1905 l2=0.2000 label_smoothing=0.050
D step=23/30 epoch=2/3 loss=0.1863 l2=0.2000 label_smoothing=0.050
D step=23/30 epoch=3/3 loss=0.1887 l2=0.2000 label_smoothing=0.050
D step=24/30 epoch=1/3 loss=0.1836 l2=0.2000 label_smoothing=0.050
D step=24/30 epoch=2/3 loss=0.1839 l2=0.2000 label_smoothing=0.050
D step=24/30 epoch=3/3 loss=0.1839 l2=0.2000 label_smoothing=0.050
D step=25/30 epoch=1/3 loss=0.1836 l2=0.2000 label_smoothing=0.050
D step=25/30 epoch=2/3 loss=0.1827 l2=0.2000 label_smoothing=0.050
D step=25/30 epoch=3/3 loss=0.1824 l2=0.2000 label_smoothing=0.050
D step=26/30 epoch=1/3 loss=0.1827 l2=0.2000 label_smoothing=0.050
D step=26/30 epoch=2/3 loss=0.1839 l2=0.2000 label_smoothing=0.050
D step=26/30 epoch=3/3 loss=0.1832 l2=0.2000 label_smoothing=0.050
D step=27/30 epoch=1/3 loss=0.1816 l2=0.2000 label_smoothing=0.050
D step=27/30 epoch=2/3 loss=0.1816 l2=0.2000 label_smoothing=0.050
D step=27/30 epoch=3/3 loss=0.1813 l2=0.2000 label_smoothing=0.050
D step=28/30 epoch=1/3 loss=0.1814 l2=0.2000 label_smoothing=0.050
D step=28/30 epoch=2/3 loss=0.1796 l2=0.2000 label_smoothing=0.050
D step=28/30 epoch=3/3 loss=0.1781 l2=0.2000 label_smoothing=0.050
D step=29/30 epoch=1/3 loss=0.1806 l2=0.2000 label_smoothing=0.050
D step=29/30 epoch=2/3 loss=0.1795 l2=0.2000 label_smoothing=0.050
D step=29/30 epoch=3/3 loss=0.1785 l2=0.2000 label_smoothing=0.050
D step=30/30 epoch=1/3 loss=0.1821 l2=0.2000 label_smoothing=0.050
D step=30/30 epoch=2/3 loss=0.1791 l2=0.2000 label_smoothing=0.050
D step=30/30 epoch=3/3 loss=0.1824 l2=0.2000 label_smoothing=0.050

[3/3] adversarial
generator_reward_mode=on reward_alpha=0.700 d_steps=5 d_epochs=3
D step=1/5 epoch=1/3 loss=0.1876 l2=0.2000 label_smoothing=0.050
D step=1/5 epoch=2/3 loss=0.1806 l2=0.2000 label_smoothing=0.050
D step=1/5 epoch=3/3 loss=0.1813 l2=0.2000 label_smoothing=0.050
D step=2/5 epoch=1/3 loss=0.1781 l2=0.2000 label_smoothing=0.050
D step=2/5 epoch=2/3 loss=0.1775 l2=0.2000 label_smoothing=0.050
D step=2/5 epoch=3/3 loss=0.1765 l2=0.2000 label_smoothing=0.050
D step=3/5 epoch=1/3 loss=0.1762 l2=0.2000 label_smoothing=0.050
D step=3/5 epoch=2/3 loss=0.1755 l2=0.2000 label_smoothing=0.050
D step=3/5 epoch=3/3 loss=0.1735 l2=0.2000 label_smoothing=0.050
D step=4/5 epoch=1/3 loss=0.1737 l2=0.2000 label_smoothing=0.050
D step=4/5 epoch=2/3 loss=0.1725 l2=0.2000 label_smoothing=0.050
D step=4/5 epoch=3/3 loss=0.1719 l2=0.2000 label_smoothing=0.050
D step=5/5 epoch=1/3 loss=0.1697 l2=0.2000 label_smoothing=0.050
D step=5/5 epoch=2/3 loss=0.1695 l2=0.2000 label_smoothing=0.050
D step=5/5 epoch=3/3 loss=0.1697 l2=0.2000 label_smoothing=0.050
ADV epoch=1/60 g_loss=0.3974 d_loss=0.1756 reward=0.1850 reward_var=0.0118 unique=1.0000
D step=1/5 epoch=1/3 loss=0.1693 l2=0.2000 label_smoothing=0.050
D step=1/5 epoch=2/3 loss=0.1683 l2=0.2000 label_smoothing=0.050
D step=1/5 epoch=3/3 loss=0.1676 l2=0.2000 label_smoothing=0.050
D step=2/5 epoch=1/3 loss=0.1687 l2=0.2000 label_smoothing=0.050
D step=2/5 epoch=2/3 loss=0.1679 l2=0.2000 label_smoothing=0.050
D step=2/5 epoch=3/3 loss=0.1655 l2=0.2000 label_smoothing=0.050
D step=3/5 epoch=1/3 loss=0.1669 l2=0.2000 label_smoothing=0.050
D step=3/5 epoch=2/3 loss=0.1657 l2=0.2000 label_smoothing=0.050
D step=3/5 epoch=3/3 loss=0.1648 l2=0.2000 label_smoothing=0.050
D step=4/5 epoch=1/3 loss=0.1643 l2=0.2000 label_smoothing=0.050
D step=4/5 epoch=2/3 loss=0.1640 l2=0.2000 label_smoothing=0.050
D step=4/5 epoch=3/3 loss=0.1635 l2=0.2000 label_smoothing=0.050
D step=5/5 epoch=1/3 loss=0.1631 l2=0.2000 label_smoothing=0.050
D step=5/5 epoch=2/3 loss=0.1624 l2=0.2000 label_smoothing=0.050
D step=5/5 epoch=3/3 loss=0.1611 l2=0.2000 label_smoothing=0.050
ADV epoch=2/60 g_loss=0.2948 d_loss=0.1655 reward=0.1352 reward_var=0.0073 unique=0.9600
D step=1/5 epoch=1/3 loss=0.1606 l2=0.2000 label_smoothing=0.050
D step=1/5 epoch=2/3 loss=0.1594 l2=0.2000 label_smoothing=0.050
D step=1/5 epoch=3/3 loss=0.1591 l2=0.2000 label_smoothing=0.050
D step=2/5 epoch=1/3 loss=0.1586 l2=0.2000 label_smoothing=0.050
D step=2/5 epoch=2/3 loss=0.1578 l2=0.2000 label_smoothing=0.050
D step=2/5 epoch=3/3 loss=0.1572 l2=0.2000 label_smoothing=0.050
D step=3/5 epoch=1/3 loss=0.1568 l2=0.2000 label_smoothing=0.050
D step=3/5 epoch=2/3 loss=0.1561 l2=0.2000 label_smoothing=0.050
D step=3/5 epoch=3/3 loss=0.1560 l2=0.2000 label_smoothing=0.050
D step=4/5 epoch=1/3 loss=0.1553 l2=0.2000 label_smoothing=0.050
D step=4/5 epoch=2/3 loss=0.1551 l2=0.2000 label_smoothing=0.050
D step=4/5 epoch=3/3 loss=0.1541 l2=0.2000 label_smoothing=0.050
D step=5/5 epoch=1/3 loss=0.1552 l2=0.2000 label_smoothing=0.050
D step=5/5 epoch=2/3 loss=0.1543 l2=0.2000 label_smoothing=0.050
D step=5/5 epoch=3/3 loss=0.1536 l2=0.2000 label_smoothing=0.050
ADV epoch=3/60 g_loss=0.3897 d_loss=0.1566 reward=0.1846 reward_var=0.0102 unique=0.9600
saved 500 raw samples to /content/drive/MyDrive/GAN_for_SQLi - 6/result/phase3/seqgan_improved/union/F/R200/V6/generated_payloads.csv
