{
  "metric_schema_version": "quality-metrics-v3",
  "normalization_version": "nfkc_html_percent1_casefold_ws_quotes_v1",
  "seed": 88,
  "method": "seqgan_master",
  "family": "union",
  "scenario": "F",
  "ratio": "20",
  "generation_kind": "direct",
  "schema_valid": true,
  "stop_reason": "n/a",
  "n_generated": 500,
  "unique_rate": 0.024,
  "normalized_unique_rate": 0.024,
  "duplicate_rate": 0.976,
  "model_collapse_rate": 0.976,
  "dominant_payload_share": 0.912,
  "normalized_dominant_payload_share": 0.912,
  "sql_parse_rate": 1.0,
  "sql_structure_rate": 0.924,
  "family_motif_coverage": 0.25,
  "family_motif_hit_rate": 0.916,
  "garbage_rate": 0.07599999999999996,
  "wellformed_rate": 1.0,
  "shaped_rate": 0.924,
  "family_motif_coverage_by_family": {
    "union": 0.25
  },
  "family_motif_hit_rate_by_family": {
    "union": 0.916
  },
  "inferred_family_distribution": {
    "boolean": 0.0,
    "union": 0.916,
    "time": 0.0,
    "error": 0.0,
    "other": 0.084
  },
  "train_reference_count": 780,
  "holdout_reference_count": 419,
  "exact_input_overlap": 0.0,
  "normalized_input_overlap": 0.0,
  "holdout_overlap": 0.0,
  "normalized_holdout_overlap": 0.0,
  "nearest_input_similarity_mean": 0.3700788129004385,
  "nearest_input_similarity_median": 0.3695652173913043,
  "nearest_input_similarity_p90": 0.3695652173913043,
  "nearest_char3_jaccard_mean": 0.3700788129004385,
  "nearest_char3_jaccard_median": 0.3695652173913043,
  "nearest_char3_jaccard_p90": 0.3695652173913043,
  "nearest_token_jaccard_mean": 0.3968631035631036,
  "nearest_token_jaccard_median": 0.4,
  "nearest_token_jaccard_p90": 0.4,
  "nearest_edit_similarity_mean": 0.3969831739320112,
  "nearest_edit_similarity_median": 0.39583333333333337,
  "nearest_edit_similarity_p90": 0.39583333333333337,
  "nearest_feature_cosine_mean": 0.9882750918768728,
  "nearest_feature_cosine_median": 0.9899046563769458,
  "nearest_feature_cosine_p90": 0.9899046563769458,
  "nearest_input_distance_mean": 0.6299211870995615,
  "nearest_input_distance_median": 0.6304347826086957,
  "nearest_input_distance_p90": 0.6304347826086957,
  "mean_nearest_similarity": 0.3700788129004385,
  "median_nearest_similarity": 0.3695652173913043,
  "p90_nearest_similarity": 0.3695652173913043,
  "unique_nearest_payload_rate": 0.014,
  "dominant_retrieved_payload_share": 0.912,
  "nearest_reference_count": 780,
  "distinct_1": 0.014925373134328358,
  "distinct_2": 0.02384105960264901,
  "distinct_3": 0.030693069306930693,
  "lexical_diversity": 0.014925373134328358,
  "character_diversity": 0.74316228597144,
  "token_diversity": 0.515841786750986,
  "keyword_diversity": 0.6536361503229505,
  "operator_diversity": 0.05910122165470488,
  "function_diversity": 0.0,
  "comment_style_diversity": 0.0,
  "length_zone_diversity": 0.2,
  "self_bleu": 0.9922504598521458,
  "self_bleu_char": 0.9922504598521458,
  "requested_count": 500,
  "generated_count_fraction": 1.0
}
