{
  "metric_schema_version": "quality-metrics-v3",
  "normalization_version": "nfkc_html_percent1_casefold_ws_quotes_v1",
  "seed": 88,
  "method": "ctgan",
  "family": "time",
  "scenario": "A",
  "ratio": "500",
  "generation_kind": "retrieval",
  "schema_valid": true,
  "stop_reason": "n/a",
  "n_generated": 2000,
  "unique_rate": 0.015,
  "normalized_unique_rate": 0.015,
  "duplicate_rate": 0.985,
  "model_collapse_rate": 0.985,
  "dominant_payload_share": 0.1625,
  "normalized_dominant_payload_share": 0.1625,
  "sql_parse_rate": 1.0,
  "sql_structure_rate": 0.9985,
  "family_motif_coverage": 0.8,
  "family_motif_hit_rate": 0.9985,
  "garbage_rate": 0.0014999999999999458,
  "wellformed_rate": 1.0,
  "shaped_rate": 0.9985,
  "family_motif_coverage_by_family": {
    "time": 0.8
  },
  "family_motif_hit_rate_by_family": {
    "time": 0.9985
  },
  "inferred_family_distribution": {
    "boolean": 0.0,
    "union": 0.0,
    "time": 0.9985,
    "error": 0.0,
    "other": 0.0015
  },
  "train_reference_count": 31,
  "holdout_reference_count": 296,
  "exact_input_overlap": 1.0,
  "normalized_input_overlap": 1.0,
  "holdout_overlap": 0.0,
  "normalized_holdout_overlap": 0.0,
  "nearest_input_similarity_mean": 1.0,
  "nearest_input_similarity_median": 1.0,
  "nearest_input_similarity_p90": 1.0,
  "nearest_char3_jaccard_mean": 1.0,
  "nearest_char3_jaccard_median": 1.0,
  "nearest_char3_jaccard_p90": 1.0,
  "nearest_token_jaccard_mean": 1.0,
  "nearest_token_jaccard_median": 1.0,
  "nearest_token_jaccard_p90": 1.0,
  "nearest_edit_similarity_mean": 1.0,
  "nearest_edit_similarity_median": 1.0,
  "nearest_edit_similarity_p90": 1.0,
  "nearest_feature_cosine_mean": 1.0,
  "nearest_feature_cosine_median": 1.0,
  "nearest_feature_cosine_p90": 1.0000000000000002,
  "nearest_input_distance_mean": 0.0,
  "nearest_input_distance_median": 0.0,
  "nearest_input_distance_p90": 0.0,
  "mean_nearest_similarity": 1.0,
  "median_nearest_similarity": 1.0,
  "p90_nearest_similarity": 1.0,
  "unique_nearest_payload_rate": 0.015,
  "dominant_retrieved_payload_share": 0.1625,
  "nearest_reference_count": 31,
  "distinct_1": 0.0023517554174365867,
  "distinct_2": 0.004729175862286399,
  "distinct_3": 0.0063396008933073985,
  "lexical_diversity": 0.0023517554174365867,
  "character_diversity": 0.8193423913220629,
  "token_diversity": 0.7716490614159017,
  "keyword_diversity": 0.8177321141552993,
  "operator_diversity": 0.8950132048158526,
  "function_diversity": 0.6713825071275419,
  "comment_style_diversity": 0.6666666666666666,
  "length_zone_diversity": 0.8,
  "self_bleu": 1.0,
  "self_bleu_char": 1.0,
  "requested_count": 2000,
  "generated_count_fraction": 1.0
}
