
[1/3] pretrain G
G epoch=1/160 loss=5.2001
G epoch=2/160 loss=5.0981
G epoch=3/160 loss=4.9839
G epoch=4/160 loss=4.8382
G epoch=5/160 loss=4.6452
G epoch=6/160 loss=4.4099
G epoch=7/160 loss=4.1740
G epoch=8/160 loss=3.9831
G epoch=9/160 loss=3.8457
G epoch=10/160 loss=3.7472
G epoch=11/160 loss=3.6720
G epoch=12/160 loss=3.6106
G epoch=13/160 loss=3.5554
G epoch=14/160 loss=3.5001
G epoch=15/160 loss=3.4458
G epoch=16/160 loss=3.3937
G epoch=17/160 loss=3.3417
G epoch=18/160 loss=3.2879
G epoch=19/160 loss=3.2326
G epoch=20/160 loss=3.1766
G epoch=21/160 loss=3.1196
G epoch=22/160 loss=3.0611
G epoch=23/160 loss=3.0020
G epoch=24/160 loss=2.9436
G epoch=25/160 loss=2.8866
G epoch=26/160 loss=2.8309
G epoch=27/160 loss=2.7762
G epoch=28/160 loss=2.7223
G epoch=29/160 loss=2.6693
G epoch=30/160 loss=2.6173
G epoch=31/160 loss=2.5665
G epoch=32/160 loss=2.5171
G epoch=33/160 loss=2.4694
G epoch=34/160 loss=2.4231
G epoch=35/160 loss=2.3783
G epoch=36/160 loss=2.3346
G epoch=37/160 loss=2.2921
G epoch=38/160 loss=2.2507
G epoch=39/160 loss=2.2106
G epoch=40/160 loss=2.1717
G epoch=41/160 loss=2.1341
G epoch=42/160 loss=2.0976
G epoch=43/160 loss=2.0621
G epoch=44/160 loss=2.0277
G epoch=45/160 loss=1.9943
G epoch=46/160 loss=1.9619
G epoch=47/160 loss=1.9303
G epoch=48/160 loss=1.8994
G epoch=49/160 loss=1.8691
G epoch=50/160 loss=1.8395
G epoch=51/160 loss=1.8107
G epoch=52/160 loss=1.7826
G epoch=53/160 loss=1.7552
G epoch=54/160 loss=1.7280
G epoch=55/160 loss=1.7013
G epoch=56/160 loss=1.6756
G epoch=57/160 loss=1.6505
G epoch=58/160 loss=1.6258
G epoch=59/160 loss=1.6018
G epoch=60/160 loss=1.5786
G epoch=61/160 loss=1.5560
G epoch=62/160 loss=1.5336
G epoch=63/160 loss=1.5114
G epoch=64/160 loss=1.4897
G epoch=65/160 loss=1.4686
G epoch=66/160 loss=1.4479
G epoch=67/160 loss=1.4272
G epoch=68/160 loss=1.4069
G epoch=69/160 loss=1.3872
G epoch=70/160 loss=1.3679
G epoch=71/160 loss=1.3491
G epoch=72/160 loss=1.3306
G epoch=73/160 loss=1.3124
G epoch=74/160 loss=1.2944
G epoch=75/160 loss=1.2766
G epoch=76/160 loss=1.2589
G epoch=77/160 loss=1.2415
G epoch=78/160 loss=1.2242
G epoch=79/160 loss=1.2070
G epoch=80/160 loss=1.1899
G epoch=81/160 loss=1.1731
G epoch=82/160 loss=1.1567
G epoch=83/160 loss=1.1406
G epoch=84/160 loss=1.1245
G epoch=85/160 loss=1.1085
G epoch=86/160 loss=1.0929
G epoch=87/160 loss=1.0773
G epoch=88/160 loss=1.0621
G epoch=89/160 loss=1.0473
G epoch=90/160 loss=1.0331
G epoch=91/160 loss=1.0190
G epoch=92/160 loss=1.0052
G epoch=93/160 loss=0.9917
G epoch=94/160 loss=0.9783
G epoch=95/160 loss=0.9651
G epoch=96/160 loss=0.9522
G epoch=97/160 loss=0.9394
G epoch=98/160 loss=0.9269
G epoch=99/160 loss=0.9146
G epoch=100/160 loss=0.9027
G epoch=101/160 loss=0.8910
G epoch=102/160 loss=0.8794
G epoch=103/160 loss=0.8680
G epoch=104/160 loss=0.8569
G epoch=105/160 loss=0.8461
G epoch=106/160 loss=0.8354
G epoch=107/160 loss=0.8247
G epoch=108/160 loss=0.8141
G epoch=109/160 loss=0.8037
G epoch=110/160 loss=0.7935
G epoch=111/160 loss=0.7835
G epoch=112/160 loss=0.7738
G epoch=113/160 loss=0.7643
G epoch=114/160 loss=0.7548
G epoch=115/160 loss=0.7454
G epoch=116/160 loss=0.7362
G epoch=117/160 loss=0.7272
G epoch=118/160 loss=0.7184
G epoch=119/160 loss=0.7098
G epoch=120/160 loss=0.7014
G epoch=121/160 loss=0.6931
G epoch=122/160 loss=0.6851
G epoch=123/160 loss=0.6771
G epoch=124/160 loss=0.6694
G epoch=125/160 loss=0.6621
G epoch=126/160 loss=0.6548
G epoch=127/160 loss=0.6472
G epoch=128/160 loss=0.6403
G epoch=129/160 loss=0.6336
G epoch=130/160 loss=0.6251
G epoch=131/160 loss=0.6185
G epoch=132/160 loss=0.6115
G epoch=133/160 loss=0.6037
G epoch=134/160 loss=0.5971
G epoch=135/160 loss=0.5895
G epoch=136/160 loss=0.5827
G epoch=137/160 loss=0.5759
G epoch=138/160 loss=0.5691
G epoch=139/160 loss=0.5629
G epoch=140/160 loss=0.5575
G epoch=141/160 loss=0.5502
G epoch=142/160 loss=0.5451
G epoch=143/160 loss=0.5397
G epoch=144/160 loss=0.5329
G epoch=145/160 loss=0.5269
G epoch=146/160 loss=0.5212
G epoch=147/160 loss=0.5159
G epoch=148/160 loss=0.5099
G epoch=149/160 loss=0.5050
G epoch=150/160 loss=0.4993
G epoch=151/160 loss=0.4938
G epoch=152/160 loss=0.4889
G epoch=153/160 loss=0.4834
G epoch=154/160 loss=0.4785
G epoch=155/160 loss=0.4731
G epoch=156/160 loss=0.4688
G epoch=157/160 loss=0.4643
G epoch=158/160 loss=0.4594
G epoch=159/160 loss=0.4547
G epoch=160/160 loss=0.4493

[2/3] pretrain D

[3/3] adversarial
generator_reward_mode=on reward_alpha=0.700 d_steps=5 d_epochs=3
ADV epoch=1/200 g_loss=0.9042 d_loss=0.0000 reward=0.7868 reward_var=0.0063 unique=0.8600
ADV epoch=2/200 g_loss=0.9875 d_loss=0.0000 reward=0.7988 reward_var=0.0049 unique=1.0000
ADV epoch=3/200 g_loss=0.9701 d_loss=0.0000 reward=0.8004 reward_var=0.0049 unique=0.9800
ADV epoch=4/200 g_loss=1.0021 d_loss=0.0000 reward=0.8073 reward_var=0.0040 unique=0.9800
ADV epoch=5/200 g_loss=1.0000 d_loss=0.0000 reward=0.8029 reward_var=0.0043 unique=1.0000
ADV epoch=6/200 g_loss=0.9726 d_loss=0.0000 reward=0.8005 reward_var=0.0042 unique=1.0000
ADV epoch=7/200 g_loss=1.0143 d_loss=0.0000 reward=0.8069 reward_var=0.0038 unique=1.0000
ADV epoch=8/200 g_loss=1.0684 d_loss=0.0000 reward=0.8061 reward_var=0.0037 unique=1.0000
ADV epoch=9/200 g_loss=1.0856 d_loss=0.0000 reward=0.8052 reward_var=0.0040 unique=1.0000
ADV epoch=10/200 g_loss=1.1213 d_loss=0.0000 reward=0.8040 reward_var=0.0042 unique=1.0000
ADV epoch=11/200 g_loss=1.1449 d_loss=0.0000 reward=0.8068 reward_var=0.0039 unique=1.0000
ADV epoch=12/200 g_loss=1.1647 d_loss=0.0000 reward=0.8064 reward_var=0.0040 unique=1.0000
ADV epoch=13/200 g_loss=1.1430 d_loss=0.0000 reward=0.8004 reward_var=0.0049 unique=1.0000
ADV epoch=14/200 g_loss=1.1348 d_loss=0.0000 reward=0.7899 reward_var=0.0061 unique=1.0000
ADV epoch=15/200 g_loss=1.1576 d_loss=0.0000 reward=0.8006 reward_var=0.0045 unique=1.0000
ADV epoch=16/200 g_loss=1.1680 d_loss=0.0000 reward=0.7973 reward_var=0.0054 unique=1.0000
ADV epoch=17/200 g_loss=1.1916 d_loss=0.0000 reward=0.8048 reward_var=0.0041 unique=1.0000
ADV epoch=18/200 g_loss=1.2213 d_loss=0.0000 reward=0.8083 reward_var=0.0037 unique=1.0000
ADV epoch=19/200 g_loss=1.2232 d_loss=0.0000 reward=0.8081 reward_var=0.0037 unique=1.0000
ADV epoch=20/200 g_loss=1.2394 d_loss=0.0000 reward=0.8080 reward_var=0.0036 unique=1.0000
ADV epoch=21/200 g_loss=1.2214 d_loss=0.0000 reward=0.7997 reward_var=0.0049 unique=1.0000
ADV epoch=22/200 g_loss=1.2475 d_loss=0.0000 reward=0.8133 reward_var=0.0035 unique=1.0000
ADV epoch=23/200 g_loss=1.2509 d_loss=0.0000 reward=0.8125 reward_var=0.0032 unique=1.0000
ADV epoch=24/200 g_loss=1.2638 d_loss=0.0000 reward=0.8101 reward_var=0.0036 unique=1.0000
ADV epoch=25/200 g_loss=1.2800 d_loss=0.0000 reward=0.8136 reward_var=0.0032 unique=1.0000
ADV epoch=26/200 g_loss=1.2804 d_loss=0.0000 reward=0.8143 reward_var=0.0031 unique=1.0000
ADV epoch=27/200 g_loss=1.2887 d_loss=0.0000 reward=0.8200 reward_var=0.0020 unique=1.0000
ADV epoch=28/200 g_loss=1.3056 d_loss=0.0000 reward=0.8222 reward_var=0.0020 unique=1.0000
ADV epoch=29/200 g_loss=1.3145 d_loss=0.0000 reward=0.8220 reward_var=0.0023 unique=1.0000
ADV epoch=30/200 g_loss=1.3208 d_loss=0.0000 reward=0.8263 reward_var=0.0015 unique=1.0000
ADV epoch=31/200 g_loss=1.3247 d_loss=0.0000 reward=0.8241 reward_var=0.0018 unique=1.0000
ADV epoch=32/200 g_loss=1.3132 d_loss=0.0000 reward=0.8234 reward_var=0.0017 unique=1.0000
ADV epoch=33/200 g_loss=1.3223 d_loss=0.0000 reward=0.8271 reward_var=0.0014 unique=1.0000
ADV epoch=34/200 g_loss=1.3389 d_loss=0.0000 reward=0.8282 reward_var=0.0011 unique=1.0000
ADV epoch=35/200 g_loss=1.3276 d_loss=0.0000 reward=0.8233 reward_var=0.0017 unique=1.0000
ADV epoch=36/200 g_loss=1.3419 d_loss=0.0000 reward=0.8285 reward_var=0.0012 unique=1.0000
ADV epoch=37/200 g_loss=1.3275 d_loss=0.0000 reward=0.8283 reward_var=0.0011 unique=1.0000
ADV epoch=38/200 g_loss=1.3492 d_loss=0.0000 reward=0.8310 reward_var=0.0009 unique=1.0000
ADV epoch=39/200 g_loss=1.3377 d_loss=0.0000 reward=0.8298 reward_var=0.0009 unique=1.0000
ADV epoch=40/200 g_loss=1.3434 d_loss=0.0000 reward=0.8297 reward_var=0.0012 unique=1.0000
ADV epoch=41/200 g_loss=1.3469 d_loss=0.0000 reward=0.8291 reward_var=0.0010 unique=1.0000
ADV epoch=42/200 g_loss=1.3529 d_loss=0.0000 reward=0.8327 reward_var=0.0007 unique=1.0000
ADV epoch=43/200 g_loss=1.3485 d_loss=0.0000 reward=0.8325 reward_var=0.0007 unique=1.0000
ADV epoch=44/200 g_loss=1.3577 d_loss=0.0000 reward=0.8315 reward_var=0.0009 unique=1.0000
ADV epoch=45/200 g_loss=1.3705 d_loss=0.0000 reward=0.8337 reward_var=0.0006 unique=1.0000
ADV epoch=46/200 g_loss=1.3538 d_loss=0.0000 reward=0.8335 reward_var=0.0006 unique=1.0000
ADV epoch=47/200 g_loss=1.3449 d_loss=0.0000 reward=0.8359 reward_var=0.0004 unique=1.0000
ADV epoch=48/200 g_loss=1.3459 d_loss=0.0000 reward=0.8362 reward_var=0.0004 unique=1.0000
ADV epoch=49/200 g_loss=1.3268 d_loss=0.0000 reward=0.8373 reward_var=0.0004 unique=1.0000
ADV epoch=50/200 g_loss=1.3094 d_loss=0.0000 reward=0.8379 reward_var=0.0002 unique=1.0000
ADV epoch=51/200 g_loss=1.3160 d_loss=0.0000 reward=0.8392 reward_var=0.0002 unique=1.0000
ADV epoch=52/200 g_loss=1.2947 d_loss=0.0000 reward=0.8377 reward_var=0.0004 unique=1.0000
ADV epoch=53/200 g_loss=1.3036 d_loss=0.0000 reward=0.8398 reward_var=0.0003 unique=1.0000
ADV epoch=54/200 g_loss=1.3059 d_loss=0.0000 reward=0.8413 reward_var=0.0001 unique=1.0000
ADV epoch=55/200 g_loss=1.2929 d_loss=0.0000 reward=0.8401 reward_var=0.0002 unique=1.0000
ADV epoch=56/200 g_loss=1.2810 d_loss=0.0000 reward=0.8410 reward_var=0.0002 unique=1.0000
ADV epoch=57/200 g_loss=1.2817 d_loss=0.0000 reward=0.8409 reward_var=0.0002 unique=1.0000
ADV epoch=58/200 g_loss=1.2680 d_loss=0.0000 reward=0.8412 reward_var=0.0002 unique=1.0000
ADV epoch=59/200 g_loss=1.2529 d_loss=0.0000 reward=0.8413 reward_var=0.0002 unique=1.0000
ADV epoch=60/200 g_loss=1.2605 d_loss=0.0000 reward=0.8421 reward_var=0.0002 unique=1.0000
ADV epoch=61/200 g_loss=1.2570 d_loss=0.0000 reward=0.8427 reward_var=0.0001 unique=1.0000
ADV epoch=62/200 g_loss=1.2511 d_loss=0.0000 reward=0.8429 reward_var=0.0002 unique=1.0000
ADV epoch=63/200 g_loss=1.2681 d_loss=0.0000 reward=0.8441 reward_var=0.0001 unique=1.0000
ADV epoch=64/200 g_loss=1.2656 d_loss=0.0000 reward=0.8441 reward_var=0.0002 unique=1.0000
ADV epoch=65/200 g_loss=1.2922 d_loss=0.0000 reward=0.8443 reward_var=0.0001 unique=1.0000
ADV epoch=66/200 g_loss=1.2760 d_loss=0.0000 reward=0.8450 reward_var=0.0001 unique=1.0000
ADV epoch=67/200 g_loss=1.2749 d_loss=0.0000 reward=0.8448 reward_var=0.0001 unique=1.0000
ADV epoch=68/200 g_loss=1.3357 d_loss=0.0000 reward=0.8463 reward_var=0.0001 unique=1.0000
ADV epoch=69/200 g_loss=1.3114 d_loss=0.0000 reward=0.8461 reward_var=0.0002 unique=1.0000
ADV epoch=70/200 g_loss=1.3191 d_loss=0.0000 reward=0.8464 reward_var=0.0001 unique=1.0000
ADV epoch=71/200 g_loss=1.3322 d_loss=0.0000 reward=0.8477 reward_var=0.0001 unique=1.0000
ADV epoch=72/200 g_loss=1.3094 d_loss=0.0000 reward=0.8475 reward_var=0.0001 unique=1.0000
ADV epoch=73/200 g_loss=1.3037 d_loss=0.0000 reward=0.8479 reward_var=0.0001 unique=1.0000
ADV epoch=74/200 g_loss=1.3153 d_loss=0.0000 reward=0.8475 reward_var=0.0001 unique=1.0000
ADV epoch=75/200 g_loss=1.3304 d_loss=0.0000 reward=0.8482 reward_var=0.0001 unique=1.0000
ADV epoch=76/200 g_loss=1.3439 d_loss=0.0000 reward=0.8489 reward_var=0.0001 unique=1.0000
ADV epoch=77/200 g_loss=1.3878 d_loss=0.0000 reward=0.8477 reward_var=0.0001 unique=1.0000
ADV epoch=78/200 g_loss=1.4077 d_loss=0.0000 reward=0.8480 reward_var=0.0001 unique=1.0000
ADV epoch=79/200 g_loss=1.4437 d_loss=0.0000 reward=0.8475 reward_var=0.0002 unique=1.0000
ADV epoch=80/200 g_loss=1.4557 d_loss=0.0000 reward=0.8465 reward_var=0.0002 unique=1.0000
ADV epoch=81/200 g_loss=1.4831 d_loss=0.0000 reward=0.8470 reward_var=0.0001 unique=1.0000
ADV epoch=82/200 g_loss=1.5039 d_loss=0.0000 reward=0.8476 reward_var=0.0001 unique=1.0000
ADV epoch=83/200 g_loss=1.5274 d_loss=0.0000 reward=0.8473 reward_var=0.0002 unique=1.0000
ADV epoch=84/200 g_loss=1.5333 d_loss=0.0000 reward=0.8476 reward_var=0.0001 unique=1.0000
ADV epoch=85/200 g_loss=1.5338 d_loss=0.0000 reward=0.8472 reward_var=0.0001 unique=1.0000
ADV epoch=86/200 g_loss=1.5453 d_loss=0.0000 reward=0.8476 reward_var=0.0001 unique=1.0000
ADV epoch=87/200 g_loss=1.5479 d_loss=0.0000 reward=0.8468 reward_var=0.0001 unique=1.0000
ADV epoch=88/200 g_loss=1.5391 d_loss=0.0000 reward=0.8463 reward_var=0.0001 unique=1.0000
ADV epoch=89/200 g_loss=1.5332 d_loss=0.0000 reward=0.8467 reward_var=0.0001 unique=1.0000
ADV epoch=90/200 g_loss=1.5315 d_loss=0.0000 reward=0.8474 reward_var=0.0001 unique=1.0000
ADV epoch=91/200 g_loss=1.5127 d_loss=0.0000 reward=0.8469 reward_var=0.0001 unique=1.0000
ADV epoch=92/200 g_loss=1.5186 d_loss=0.0000 reward=0.8464 reward_var=0.0001 unique=1.0000
ADV epoch=93/200 g_loss=1.5283 d_loss=0.0000 reward=0.8464 reward_var=0.0001 unique=1.0000
ADV epoch=94/200 g_loss=1.5209 d_loss=0.0000 reward=0.8469 reward_var=0.0001 unique=1.0000
ADV epoch=95/200 g_loss=1.5070 d_loss=0.0000 reward=0.8470 reward_var=0.0001 unique=1.0000
ADV epoch=96/200 g_loss=1.5248 d_loss=0.0000 reward=0.8456 reward_var=0.0001 unique=1.0000
ADV epoch=97/200 g_loss=1.5209 d_loss=0.0000 reward=0.8472 reward_var=0.0001 unique=1.0000
ADV epoch=98/200 g_loss=1.5483 d_loss=0.0000 reward=0.8459 reward_var=0.0001 unique=1.0000
ADV epoch=99/200 g_loss=1.5752 d_loss=0.0000 reward=0.8456 reward_var=0.0001 unique=1.0000
ADV epoch=100/200 g_loss=1.5885 d_loss=0.0000 reward=0.8458 reward_var=0.0001 unique=1.0000
ADV epoch=101/200 g_loss=1.5778 d_loss=0.0000 reward=0.8454 reward_var=0.0001 unique=1.0000
ADV epoch=102/200 g_loss=1.6104 d_loss=0.0000 reward=0.8453 reward_var=0.0001 unique=1.0000
ADV epoch=103/200 g_loss=1.6208 d_loss=0.0000 reward=0.8455 reward_var=0.0001 unique=1.0000
ADV epoch=104/200 g_loss=1.6277 d_loss=0.0000 reward=0.8455 reward_var=0.0001 unique=1.0000
ADV epoch=105/200 g_loss=1.6220 d_loss=0.0000 reward=0.8459 reward_var=0.0001 unique=1.0000
ADV epoch=106/200 g_loss=1.6349 d_loss=0.0000 reward=0.8452 reward_var=0.0001 unique=1.0000
ADV epoch=107/200 g_loss=1.6223 d_loss=0.0000 reward=0.8460 reward_var=0.0001 unique=1.0000
ADV epoch=108/200 g_loss=1.6602 d_loss=0.0000 reward=0.8453 reward_var=0.0001 unique=1.0000
ADV epoch=109/200 g_loss=1.6658 d_loss=0.0000 reward=0.8454 reward_var=0.0001 unique=1.0000
ADV epoch=110/200 g_loss=1.6650 d_loss=0.0000 reward=0.8454 reward_var=0.0001 unique=1.0000
ADV epoch=111/200 g_loss=1.6747 d_loss=0.0000 reward=0.8463 reward_var=0.0001 unique=1.0000
ADV epoch=112/200 g_loss=1.6768 d_loss=0.0000 reward=0.8454 reward_var=0.0001 unique=1.0000
ADV epoch=113/200 g_loss=1.6680 d_loss=0.0000 reward=0.8460 reward_var=0.0001 unique=1.0000
ADV epoch=114/200 g_loss=1.6778 d_loss=0.0000 reward=0.8462 reward_var=0.0001 unique=1.0000
ADV epoch=115/200 g_loss=1.6746 d_loss=0.0000 reward=0.8461 reward_var=0.0001 unique=1.0000
ADV epoch=116/200 g_loss=1.6777 d_loss=0.0000 reward=0.8465 reward_var=0.0001 unique=1.0000
ADV epoch=117/200 g_loss=1.6695 d_loss=0.0000 reward=0.8467 reward_var=0.0001 unique=1.0000
ADV epoch=118/200 g_loss=1.6864 d_loss=0.0000 reward=0.8467 reward_var=0.0001 unique=1.0000
ADV epoch=119/200 g_loss=1.6913 d_loss=0.0000 reward=0.8473 reward_var=0.0001 unique=1.0000
ADV epoch=120/200 g_loss=1.6896 d_loss=0.0000 reward=0.8471 reward_var=0.0001 unique=1.0000
ADV epoch=121/200 g_loss=1.6830 d_loss=0.0000 reward=0.8472 reward_var=0.0001 unique=1.0000
ADV epoch=122/200 g_loss=1.6767 d_loss=0.0000 reward=0.8481 reward_var=0.0001 unique=1.0000
ADV epoch=123/200 g_loss=1.6689 d_loss=0.0000 reward=0.8471 reward_var=0.0001 unique=1.0000
ADV epoch=124/200 g_loss=1.6653 d_loss=0.0000 reward=0.8476 reward_var=0.0001 unique=1.0000
ADV epoch=125/200 g_loss=1.6700 d_loss=0.0000 reward=0.8479 reward_var=0.0001 unique=1.0000
ADV epoch=126/200 g_loss=1.6568 d_loss=0.0000 reward=0.8483 reward_var=0.0001 unique=1.0000
ADV epoch=127/200 g_loss=1.6707 d_loss=0.0000 reward=0.8484 reward_var=0.0001 unique=1.0000
ADV epoch=128/200 g_loss=1.6594 d_loss=0.0000 reward=0.8495 reward_var=0.0001 unique=1.0000
ADV epoch=129/200 g_loss=1.6657 d_loss=0.0000 reward=0.8492 reward_var=0.0001 unique=1.0000
ADV epoch=130/200 g_loss=1.6622 d_loss=0.0000 reward=0.8502 reward_var=0.0001 unique=1.0000
ADV epoch=131/200 g_loss=1.6655 d_loss=0.0000 reward=0.8504 reward_var=0.0001 unique=1.0000
ADV epoch=132/200 g_loss=1.6604 d_loss=0.0000 reward=0.8505 reward_var=0.0001 unique=1.0000
ADV epoch=133/200 g_loss=1.6554 d_loss=0.0000 reward=0.8489 reward_var=0.0001 unique=1.0000
ADV epoch=134/200 g_loss=1.6521 d_loss=0.0000 reward=0.8496 reward_var=0.0001 unique=1.0000
ADV epoch=135/200 g_loss=1.6331 d_loss=0.0000 reward=0.8493 reward_var=0.0001 unique=1.0000
ADV epoch=136/200 g_loss=1.6176 d_loss=0.0000 reward=0.8500 reward_var=0.0001 unique=1.0000
ADV epoch=137/200 g_loss=1.5975 d_loss=0.0000 reward=0.8498 reward_var=0.0001 unique=1.0000
ADV epoch=138/200 g_loss=1.5699 d_loss=0.0000 reward=0.8489 reward_var=0.0001 unique=1.0000
ADV epoch=139/200 g_loss=1.5548 d_loss=0.0000 reward=0.8489 reward_var=0.0001 unique=1.0000
ADV epoch=140/200 g_loss=1.5366 d_loss=0.0000 reward=0.8482 reward_var=0.0001 unique=1.0000
ADV epoch=141/200 g_loss=1.5138 d_loss=0.0000 reward=0.8475 reward_var=0.0001 unique=1.0000
ADV epoch=142/200 g_loss=1.4708 d_loss=0.0000 reward=0.8473 reward_var=0.0001 unique=1.0000
ADV epoch=143/200 g_loss=1.4639 d_loss=0.0000 reward=0.8462 reward_var=0.0001 unique=1.0000
ADV epoch=144/200 g_loss=1.4123 d_loss=0.0000 reward=0.8461 reward_var=0.0002 unique=1.0000
ADV epoch=145/200 g_loss=1.3893 d_loss=0.0000 reward=0.8458 reward_var=0.0001 unique=1.0000
ADV epoch=146/200 g_loss=1.3967 d_loss=0.0000 reward=0.8447 reward_var=0.0001 unique=1.0000
ADV epoch=147/200 g_loss=1.3953 d_loss=0.0000 reward=0.8454 reward_var=0.0001 unique=1.0000
ADV epoch=148/200 g_loss=1.3801 d_loss=0.0000 reward=0.8453 reward_var=0.0001 unique=1.0000
ADV epoch=149/200 g_loss=1.3727 d_loss=0.0000 reward=0.8447 reward_var=0.0001 unique=1.0000
ADV epoch=150/200 g_loss=1.3594 d_loss=0.0000 reward=0.8441 reward_var=0.0001 unique=1.0000
ADV epoch=151/200 g_loss=1.3626 d_loss=0.0000 reward=0.8445 reward_var=0.0001 unique=1.0000
ADV epoch=152/200 g_loss=1.2777 d_loss=0.0000 reward=0.8435 reward_var=0.0002 unique=1.0000
ADV epoch=153/200 g_loss=1.2664 d_loss=0.0000 reward=0.8417 reward_var=0.0003 unique=1.0000
ADV epoch=154/200 g_loss=1.1956 d_loss=0.0000 reward=0.8409 reward_var=0.0004 unique=1.0000
ADV epoch=155/200 g_loss=1.1616 d_loss=0.0000 reward=0.8382 reward_var=0.0006 unique=1.0000
ADV epoch=156/200 g_loss=1.0799 d_loss=0.0000 reward=0.8360 reward_var=0.0005 unique=1.0000
ADV epoch=157/200 g_loss=1.0569 d_loss=0.0000 reward=0.8346 reward_var=0.0008 unique=1.0000
ADV epoch=158/200 g_loss=0.9604 d_loss=0.0000 reward=0.8314 reward_var=0.0006 unique=1.0000
ADV epoch=159/200 g_loss=0.8730 d_loss=0.0000 reward=0.8226 reward_var=0.0014 unique=1.0000
ADV epoch=160/200 g_loss=0.8547 d_loss=0.0000 reward=0.8236 reward_var=0.0014 unique=1.0000
ADV epoch=161/200 g_loss=0.8151 d_loss=0.0000 reward=0.8214 reward_var=0.0014 unique=1.0000
ADV epoch=162/200 g_loss=0.7677 d_loss=0.0000 reward=0.8168 reward_var=0.0019 unique=1.0000
ADV epoch=163/200 g_loss=0.7353 d_loss=0.0000 reward=0.8153 reward_var=0.0017 unique=1.0000


===== NEW SESSION 2026-07-18T05:47:55.198878 =====

[1/3] pretrain G
G epoch=1/160 loss=5.2001
G epoch=2/160 loss=5.0981
G epoch=3/160 loss=4.9839
G epoch=4/160 loss=4.8382
G epoch=5/160 loss=4.6452
G epoch=6/160 loss=4.4099
G epoch=7/160 loss=4.1740
G epoch=8/160 loss=3.9831
G epoch=9/160 loss=3.8457
G epoch=10/160 loss=3.7472
G epoch=11/160 loss=3.6720
G epoch=12/160 loss=3.6106
G epoch=13/160 loss=3.5554
G epoch=14/160 loss=3.5001
G epoch=15/160 loss=3.4458
G epoch=16/160 loss=3.3937
G epoch=17/160 loss=3.3417
G epoch=18/160 loss=3.2879
G epoch=19/160 loss=3.2326
G epoch=20/160 loss=3.1766
G epoch=21/160 loss=3.1196
G epoch=22/160 loss=3.0611
G epoch=23/160 loss=3.0020
G epoch=24/160 loss=2.9436
G epoch=25/160 loss=2.8866
G epoch=26/160 loss=2.8309
G epoch=27/160 loss=2.7762
G epoch=28/160 loss=2.7223
G epoch=29/160 loss=2.6693
G epoch=30/160 loss=2.6173
G epoch=31/160 loss=2.5665
G epoch=32/160 loss=2.5171
G epoch=33/160 loss=2.4694
G epoch=34/160 loss=2.4231
G epoch=35/160 loss=2.3783
G epoch=36/160 loss=2.3346
G epoch=37/160 loss=2.2921
G epoch=38/160 loss=2.2507
G epoch=39/160 loss=2.2106
G epoch=40/160 loss=2.1717
G epoch=41/160 loss=2.1341
G epoch=42/160 loss=2.0976
G epoch=43/160 loss=2.0621
G epoch=44/160 loss=2.0277
G epoch=45/160 loss=1.9943
G epoch=46/160 loss=1.9619
G epoch=47/160 loss=1.9303
G epoch=48/160 loss=1.8994
G epoch=49/160 loss=1.8691
G epoch=50/160 loss=1.8395
G epoch=51/160 loss=1.8107
G epoch=52/160 loss=1.7826
G epoch=53/160 loss=1.7552
G epoch=54/160 loss=1.7280
G epoch=55/160 loss=1.7013
G epoch=56/160 loss=1.6756
G epoch=57/160 loss=1.6505
G epoch=58/160 loss=1.6258
G epoch=59/160 loss=1.6018
G epoch=60/160 loss=1.5786
G epoch=61/160 loss=1.5560
G epoch=62/160 loss=1.5336
G epoch=63/160 loss=1.5114
G epoch=64/160 loss=1.4897
G epoch=65/160 loss=1.4686
G epoch=66/160 loss=1.4479
G epoch=67/160 loss=1.4272
G epoch=68/160 loss=1.4069
G epoch=69/160 loss=1.3872
G epoch=70/160 loss=1.3679
G epoch=71/160 loss=1.3491
G epoch=72/160 loss=1.3306
G epoch=73/160 loss=1.3124
G epoch=74/160 loss=1.2944
G epoch=75/160 loss=1.2766
G epoch=76/160 loss=1.2589
G epoch=77/160 loss=1.2415
G epoch=78/160 loss=1.2242
G epoch=79/160 loss=1.2070
G epoch=80/160 loss=1.1899
G epoch=81/160 loss=1.1731
G epoch=82/160 loss=1.1567
G epoch=83/160 loss=1.1406
G epoch=84/160 loss=1.1245
G epoch=85/160 loss=1.1085
G epoch=86/160 loss=1.0929
G epoch=87/160 loss=1.0773
G epoch=88/160 loss=1.0621
G epoch=89/160 loss=1.0473
G epoch=90/160 loss=1.0331
G epoch=91/160 loss=1.0190
G epoch=92/160 loss=1.0052
G epoch=93/160 loss=0.9917
G epoch=94/160 loss=0.9783
G epoch=95/160 loss=0.9651
G epoch=96/160 loss=0.9522
G epoch=97/160 loss=0.9394
G epoch=98/160 loss=0.9269
G epoch=99/160 loss=0.9146
G epoch=100/160 loss=0.9027
G epoch=101/160 loss=0.8910
G epoch=102/160 loss=0.8794
G epoch=103/160 loss=0.8680
G epoch=104/160 loss=0.8569
G epoch=105/160 loss=0.8461
G epoch=106/160 loss=0.8354
G epoch=107/160 loss=0.8247
G epoch=108/160 loss=0.8141
G epoch=109/160 loss=0.8037
G epoch=110/160 loss=0.7935
G epoch=111/160 loss=0.7835
G epoch=112/160 loss=0.7738
G epoch=113/160 loss=0.7643
G epoch=114/160 loss=0.7548
G epoch=115/160 loss=0.7454
G epoch=116/160 loss=0.7362
G epoch=117/160 loss=0.7272
G epoch=118/160 loss=0.7184
G epoch=119/160 loss=0.7098
G epoch=120/160 loss=0.7014
G epoch=121/160 loss=0.6931
G epoch=122/160 loss=0.6851
G epoch=123/160 loss=0.6771
G epoch=124/160 loss=0.6694
G epoch=125/160 loss=0.6621
G epoch=126/160 loss=0.6548
G epoch=127/160 loss=0.6472
G epoch=128/160 loss=0.6403
G epoch=129/160 loss=0.6336
G epoch=130/160 loss=0.6251
G epoch=131/160 loss=0.6185
G epoch=132/160 loss=0.6115
G epoch=133/160 loss=0.6037
G epoch=134/160 loss=0.5971
G epoch=135/160 loss=0.5895
G epoch=136/160 loss=0.5827
G epoch=137/160 loss=0.5759
G epoch=138/160 loss=0.5691
G epoch=139/160 loss=0.5629
G epoch=140/160 loss=0.5575
G epoch=141/160 loss=0.5502
G epoch=142/160 loss=0.5451
G epoch=143/160 loss=0.5397
G epoch=144/160 loss=0.5329
G epoch=145/160 loss=0.5269
G epoch=146/160 loss=0.5212
G epoch=147/160 loss=0.5159
G epoch=148/160 loss=0.5099
G epoch=149/160 loss=0.5050
G epoch=150/160 loss=0.4993
G epoch=151/160 loss=0.4938
G epoch=152/160 loss=0.4889
G epoch=153/160 loss=0.4834
G epoch=154/160 loss=0.4785
G epoch=155/160 loss=0.4731
G epoch=156/160 loss=0.4688
G epoch=157/160 loss=0.4643
G epoch=158/160 loss=0.4594
G epoch=159/160 loss=0.4547
G epoch=160/160 loss=0.4493

[2/3] pretrain D

[3/3] adversarial
generator_reward_mode=on reward_alpha=0.700 d_steps=5 d_epochs=3
Traceback (most recent call last):
  File "<frozen runpy>", line 198, in _run_module_as_main
  File "<frozen runpy>", line 88, in _run_code
  File "/content/GAN_for_SQLi_rerun_13/models/seqgan_improved/runtime/train.py", line 452, in <module>
    main()
  File "/content/GAN_for_SQLi_rerun_13/models/seqgan_improved/runtime/train.py", line 448, in main
    run_training(build_parser().parse_args())
  File "/content/GAN_for_SQLi_rerun_13/models/seqgan_improved/runtime/train.py", line 266, in run_training
    adversarial_stats = adv_train(
                        ^^^^^^^^^^
  File "/content/GAN_for_SQLi_rerun_13/models/seqgan_improved/runtime/adversarial.py", line 224, in adv_train
    discriminator_reward = rollout.get_reward(sequences.detach(), mask=mask.detach())
                           ^^^^^^^^^^^^^^^^^^^^^^^^^^^^^^^^^^^^^^^^^^^^^^^^^^^^^^^^^^
  File "/usr/local/lib/python3.12/dist-packages/torch/utils/_contextlib.py", line 124, in decorate_context
    return func(*args, **kwargs)
           ^^^^^^^^^^^^^^^^^^^^^
  File "/content/GAN_for_SQLi_rerun_13/models/seqgan_improved/runtime/rollout.py", line 87, in get_reward
    scores = self.discriminator.prob_real(completed).view(B, rollout_num)
             ^^^^^^^^^^^^^^^^^^^^^^^^^^^^^^^^^^^^^^^
  File "/content/GAN_for_SQLi_rerun_13/models/seqgan_improved/runtime/discriminator.py", line 128, in prob_real
    return F.softmax(self.forward(input_ids), dim=1)[:, 1]
                     ^^^^^^^^^^^^^^^^^^^^^^^
  File "/content/GAN_for_SQLi_rerun_13/models/seqgan_improved/runtime/discriminator.py", line 121, in forward
    h = h.masked_fill(fill_mask.unsqueeze(1), torch.finfo(h.dtype).min)
                      ^^^^^^^^^^^^^^^^^^^^^^
KeyboardInterrupt


===== NEW SESSION 2026-07-18T05:51:50.511287 =====

[1/3] pretrain G
G epoch=1/160 loss=5.2001
G epoch=2/160 loss=5.0981
G epoch=3/160 loss=4.9839
G epoch=4/160 loss=4.8382
G epoch=5/160 loss=4.6452
G epoch=6/160 loss=4.4099
G epoch=7/160 loss=4.1740
G epoch=8/160 loss=3.9831
G epoch=9/160 loss=3.8457
G epoch=10/160 loss=3.7472
G epoch=11/160 loss=3.6720
G epoch=12/160 loss=3.6106
G epoch=13/160 loss=3.5554
G epoch=14/160 loss=3.5001
G epoch=15/160 loss=3.4458
G epoch=16/160 loss=3.3937
G epoch=17/160 loss=3.3417
G epoch=18/160 loss=3.2879
G epoch=19/160 loss=3.2326
G epoch=20/160 loss=3.1766
G epoch=21/160 loss=3.1196
G epoch=22/160 loss=3.0611
G epoch=23/160 loss=3.0020
G epoch=24/160 loss=2.9436
G epoch=25/160 loss=2.8866
G epoch=26/160 loss=2.8309
G epoch=27/160 loss=2.7762
G epoch=28/160 loss=2.7223
G epoch=29/160 loss=2.6693
G epoch=30/160 loss=2.6173
G epoch=31/160 loss=2.5665
G epoch=32/160 loss=2.5171
G epoch=33/160 loss=2.4694
G epoch=34/160 loss=2.4231
G epoch=35/160 loss=2.3783
G epoch=36/160 loss=2.3346
G epoch=37/160 loss=2.2921
G epoch=38/160 loss=2.2507
G epoch=39/160 loss=2.2106
G epoch=40/160 loss=2.1717
G epoch=41/160 loss=2.1341
G epoch=42/160 loss=2.0976
G epoch=43/160 loss=2.0621
G epoch=44/160 loss=2.0277
G epoch=45/160 loss=1.9943
G epoch=46/160 loss=1.9619
G epoch=47/160 loss=1.9303
G epoch=48/160 loss=1.8994
G epoch=49/160 loss=1.8691
G epoch=50/160 loss=1.8395
G epoch=51/160 loss=1.8107
G epoch=52/160 loss=1.7826
G epoch=53/160 loss=1.7552
G epoch=54/160 loss=1.7280
G epoch=55/160 loss=1.7013
G epoch=56/160 loss=1.6756
G epoch=57/160 loss=1.6505
G epoch=58/160 loss=1.6258
G epoch=59/160 loss=1.6018
G epoch=60/160 loss=1.5786
G epoch=61/160 loss=1.5560
G epoch=62/160 loss=1.5336
G epoch=63/160 loss=1.5114
G epoch=64/160 loss=1.4897
G epoch=65/160 loss=1.4686
G epoch=66/160 loss=1.4479
G epoch=67/160 loss=1.4272
G epoch=68/160 loss=1.4069
G epoch=69/160 loss=1.3872
G epoch=70/160 loss=1.3679
G epoch=71/160 loss=1.3491
G epoch=72/160 loss=1.3306
G epoch=73/160 loss=1.3124
G epoch=74/160 loss=1.2944
G epoch=75/160 loss=1.2766
G epoch=76/160 loss=1.2589
G epoch=77/160 loss=1.2415
G epoch=78/160 loss=1.2242
G epoch=79/160 loss=1.2070
G epoch=80/160 loss=1.1899
G epoch=81/160 loss=1.1731
G epoch=82/160 loss=1.1567
G epoch=83/160 loss=1.1406
G epoch=84/160 loss=1.1245
G epoch=85/160 loss=1.1085
G epoch=86/160 loss=1.0929
G epoch=87/160 loss=1.0773
G epoch=88/160 loss=1.0621
G epoch=89/160 loss=1.0473
G epoch=90/160 loss=1.0331
G epoch=91/160 loss=1.0190
G epoch=92/160 loss=1.0052
G epoch=93/160 loss=0.9917
G epoch=94/160 loss=0.9783
G epoch=95/160 loss=0.9651
G epoch=96/160 loss=0.9522
G epoch=97/160 loss=0.9394
G epoch=98/160 loss=0.9269
G epoch=99/160 loss=0.9146
G epoch=100/160 loss=0.9027
G epoch=101/160 loss=0.8910
G epoch=102/160 loss=0.8794
G epoch=103/160 loss=0.8680
G epoch=104/160 loss=0.8569
G epoch=105/160 loss=0.8461
G epoch=106/160 loss=0.8354
G epoch=107/160 loss=0.8247
G epoch=108/160 loss=0.8141
G epoch=109/160 loss=0.8037
G epoch=110/160 loss=0.7935
G epoch=111/160 loss=0.7835
G epoch=112/160 loss=0.7738
G epoch=113/160 loss=0.7643
G epoch=114/160 loss=0.7548
G epoch=115/160 loss=0.7454
G epoch=116/160 loss=0.7362
G epoch=117/160 loss=0.7272
G epoch=118/160 loss=0.7184
G epoch=119/160 loss=0.7098
G epoch=120/160 loss=0.7014
G epoch=121/160 loss=0.6931
G epoch=122/160 loss=0.6851
G epoch=123/160 loss=0.6771
G epoch=124/160 loss=0.6694
G epoch=125/160 loss=0.6621
G epoch=126/160 loss=0.6548
G epoch=127/160 loss=0.6472
G epoch=128/160 loss=0.6403
G epoch=129/160 loss=0.6336
G epoch=130/160 loss=0.6251
G epoch=131/160 loss=0.6185
G epoch=132/160 loss=0.6115
G epoch=133/160 loss=0.6037
G epoch=134/160 loss=0.5971
G epoch=135/160 loss=0.5895
G epoch=136/160 loss=0.5827
G epoch=137/160 loss=0.5759
G epoch=138/160 loss=0.5691
G epoch=139/160 loss=0.5629
G epoch=140/160 loss=0.5575
G epoch=141/160 loss=0.5502
G epoch=142/160 loss=0.5451
G epoch=143/160 loss=0.5397
G epoch=144/160 loss=0.5329
G epoch=145/160 loss=0.5269
G epoch=146/160 loss=0.5212
G epoch=147/160 loss=0.5159
G epoch=148/160 loss=0.5099
G epoch=149/160 loss=0.5050
G epoch=150/160 loss=0.4993
G epoch=151/160 loss=0.4938
G epoch=152/160 loss=0.4889
G epoch=153/160 loss=0.4834
G epoch=154/160 loss=0.4785
G epoch=155/160 loss=0.4731
G epoch=156/160 loss=0.4688
G epoch=157/160 loss=0.4643
G epoch=158/160 loss=0.4594
G epoch=159/160 loss=0.4547
G epoch=160/160 loss=0.4493

[2/3] pretrain D

[3/3] adversarial
generator_reward_mode=on reward_alpha=0.700 d_steps=5 d_epochs=3
ADV epoch=1/200 g_loss=0.9042 d_loss=0.0000 reward=0.7868 reward_var=0.0063 unique=0.8600
ADV epoch=2/200 g_loss=0.9875 d_loss=0.0000 reward=0.7988 reward_var=0.0049 unique=1.0000
ADV epoch=3/200 g_loss=0.9701 d_loss=0.0000 reward=0.8004 reward_var=0.0049 unique=0.9800
ADV epoch=4/200 g_loss=1.0021 d_loss=0.0000 reward=0.8073 reward_var=0.0040 unique=0.9800
ADV epoch=5/200 g_loss=1.0000 d_loss=0.0000 reward=0.8029 reward_var=0.0043 unique=1.0000
ADV epoch=6/200 g_loss=0.9726 d_loss=0.0000 reward=0.8005 reward_var=0.0042 unique=1.0000
ADV epoch=7/200 g_loss=1.0143 d_loss=0.0000 reward=0.8069 reward_var=0.0038 unique=1.0000
ADV epoch=8/200 g_loss=1.0684 d_loss=0.0000 reward=0.8061 reward_var=0.0037 unique=1.0000
ADV epoch=9/200 g_loss=1.0856 d_loss=0.0000 reward=0.8052 reward_var=0.0040 unique=1.0000
ADV epoch=10/200 g_loss=1.1213 d_loss=0.0000 reward=0.8040 reward_var=0.0042 unique=1.0000
ADV epoch=11/200 g_loss=1.1449 d_loss=0.0000 reward=0.8068 reward_var=0.0039 unique=1.0000
ADV epoch=12/200 g_loss=1.1647 d_loss=0.0000 reward=0.8064 reward_var=0.0040 unique=1.0000


===== NEW SESSION 2026-07-18T08:55:18.020670 =====

[3/3] adversarial
generator_reward_mode=on reward_alpha=0.700 d_steps=5 d_epochs=3
Resumed adversarial checkpoint /content/drive/MyDrive/GAN/GAN_for_SQLi/result/phase2b_batch6x/_checkpoints_rerun_13/boolean_D_R500_V8_B6X/latest_adversarial.pt at epoch 11
Traceback (most recent call last):
  File "<frozen runpy>", line 198, in _run_module_as_main
  File "<frozen runpy>", line 88, in _run_code
  File "/content/GAN_for_SQLi_rerun_13/models/seqgan_improved/runtime/train.py", line 452, in <module>
    main()
  File "/content/GAN_for_SQLi_rerun_13/models/seqgan_improved/runtime/train.py", line 448, in main
    run_training(build_parser().parse_args())
  File "/content/GAN_for_SQLi_rerun_13/models/seqgan_improved/runtime/train.py", line 266, in run_training
    adversarial_stats = adv_train(
                        ^^^^^^^^^^
  File "/content/GAN_for_SQLi_rerun_13/models/seqgan_improved/runtime/adversarial.py", line 224, in adv_train
    discriminator_reward = rollout.get_reward(sequences.detach(), mask=mask.detach())
                           ^^^^^^^^^^^^^^^^^^^^^^^^^^^^^^^^^^^^^^^^^^^^^^^^^^^^^^^^^^
  File "/usr/local/lib/python3.12/dist-packages/torch/utils/_contextlib.py", line 124, in decorate_context
    return func(*args, **kwargs)
           ^^^^^^^^^^^^^^^^^^^^^
  File "/content/GAN_for_SQLi_rerun_13/models/seqgan_improved/runtime/rollout.py", line 87, in get_reward
    scores = self.discriminator.prob_real(completed).view(B, rollout_num)
             ^^^^^^^^^^^^^^^^^^^^^^^^^^^^^^^^^^^^^^^
  File "/content/GAN_for_SQLi_rerun_13/models/seqgan_improved/runtime/discriminator.py", line 128, in prob_real
    return F.softmax(self.forward(input_ids), dim=1)[:, 1]
                     ^^^^^^^^^^^^^^^^^^^^^^^
  File "/content/GAN_for_SQLi_rerun_13/models/seqgan_improved/runtime/discriminator.py", line 121, in forward
    h = h.masked_fill(fill_mask.unsqueeze(1), torch.finfo(h.dtype).min)
                      ^^^^^^^^^^^^^^^^^^^^^^
KeyboardInterrupt


===== NEW SESSION 2026-07-18T08:57:49.425038 =====

[3/3] adversarial
generator_reward_mode=on reward_alpha=0.700 d_steps=5 d_epochs=3
Resumed adversarial checkpoint /content/drive/MyDrive/GAN/GAN_for_SQLi/result/phase2b_batch6x/_checkpoints_rerun_13/boolean_D_R500_V8_B6X/latest_adversarial.pt at epoch 11
ADV epoch=11/200 g_loss=1.1753 d_loss=0.0000 reward=0.8124 reward_var=0.0033 unique=1.0000
ADV epoch=12/200 g_loss=1.1847 d_loss=0.0000 reward=0.8029 reward_var=0.0045 unique=1.0000
ADV epoch=13/200 g_loss=1.1931 d_loss=0.0000 reward=0.7985 reward_var=0.0047 unique=1.0000
ADV epoch=14/200 g_loss=1.2657 d_loss=0.0000 reward=0.8068 reward_var=0.0040 unique=1.0000
ADV epoch=15/200 g_loss=1.3055 d_loss=0.0000 reward=0.8062 reward_var=0.0042 unique=1.0000
ADV epoch=16/200 g_loss=1.3537 d_loss=0.0000 reward=0.8138 reward_var=0.0034 unique=1.0000
ADV epoch=17/200 g_loss=1.3683 d_loss=0.0000 reward=0.8135 reward_var=0.0035 unique=1.0000
ADV epoch=18/200 g_loss=1.4098 d_loss=0.0000 reward=0.8209 reward_var=0.0029 unique=1.0000
ADV epoch=19/200 g_loss=1.4406 d_loss=0.0000 reward=0.8261 reward_var=0.0024 unique=1.0000
ADV epoch=20/200 g_loss=1.4303 d_loss=0.0000 reward=0.8246 reward_var=0.0027 unique=1.0000
ADV epoch=21/200 g_loss=1.4429 d_loss=0.0000 reward=0.8224 reward_var=0.0028 unique=1.0000
ADV epoch=22/200 g_loss=1.4469 d_loss=0.0000 reward=0.8297 reward_var=0.0020 unique=1.0000
ADV epoch=23/200 g_loss=1.4370 d_loss=0.0000 reward=0.8272 reward_var=0.0024 unique=1.0000
ADV epoch=24/200 g_loss=1.4065 d_loss=0.0000 reward=0.8292 reward_var=0.0022 unique=1.0000
ADV epoch=25/200 g_loss=1.4261 d_loss=0.0000 reward=0.8306 reward_var=0.0019 unique=1.0000
ADV epoch=26/200 g_loss=1.4014 d_loss=0.0000 reward=0.8321 reward_var=0.0018 unique=1.0000
ADV epoch=27/200 g_loss=1.4119 d_loss=0.0000 reward=0.8334 reward_var=0.0016 unique=1.0000
ADV epoch=28/200 g_loss=1.4196 d_loss=0.0000 reward=0.8341 reward_var=0.0017 unique=1.0000
ADV epoch=29/200 g_loss=1.4281 d_loss=0.0000 reward=0.8331 reward_var=0.0019 unique=1.0000
ADV epoch=30/200 g_loss=1.4327 d_loss=0.0000 reward=0.8417 reward_var=0.0006 unique=1.0000
ADV epoch=31/200 g_loss=1.4258 d_loss=0.0000 reward=0.8382 reward_var=0.0013 unique=1.0000
ADV epoch=32/200 g_loss=1.4211 d_loss=0.0000 reward=0.8421 reward_var=0.0007 unique=1.0000
ADV epoch=33/200 g_loss=1.4309 d_loss=0.0000 reward=0.8437 reward_var=0.0006 unique=1.0000
ADV epoch=34/200 g_loss=1.4313 d_loss=0.0000 reward=0.8422 reward_var=0.0011 unique=1.0000
ADV epoch=35/200 g_loss=1.4107 d_loss=0.0000 reward=0.8457 reward_var=0.0007 unique=1.0000
ADV epoch=36/200 g_loss=1.3754 d_loss=0.0000 reward=0.8442 reward_var=0.0009 unique=1.0000
ADV epoch=37/200 g_loss=1.3569 d_loss=0.0000 reward=0.8458 reward_var=0.0009 unique=1.0000
ADV epoch=38/200 g_loss=1.3643 d_loss=0.0000 reward=0.8465 reward_var=0.0010 unique=1.0000
ADV epoch=39/200 g_loss=1.3457 d_loss=0.0000 reward=0.8472 reward_var=0.0010 unique=1.0000
ADV epoch=40/200 g_loss=1.3526 d_loss=0.0000 reward=0.8454 reward_var=0.0014 unique=1.0000
ADV epoch=41/200 g_loss=1.3571 d_loss=0.0000 reward=0.8495 reward_var=0.0008 unique=1.0000
ADV epoch=42/200 g_loss=1.3396 d_loss=0.0000 reward=0.8467 reward_var=0.0017 unique=1.0000
ADV epoch=43/200 g_loss=1.3556 d_loss=0.0000 reward=0.8530 reward_var=0.0008 unique=1.0000
ADV epoch=44/200 g_loss=1.3643 d_loss=0.0000 reward=0.8539 reward_var=0.0006 unique=1.0000
ADV epoch=45/200 g_loss=1.3728 d_loss=0.0000 reward=0.8547 reward_var=0.0007 unique=1.0000
ADV epoch=46/200 g_loss=1.4071 d_loss=0.0000 reward=0.8545 reward_var=0.0006 unique=1.0000
ADV epoch=47/200 g_loss=1.3702 d_loss=0.0000 reward=0.8556 reward_var=0.0002 unique=1.0000
ADV epoch=48/200 g_loss=1.3746 d_loss=0.0000 reward=0.8538 reward_var=0.0006 unique=1.0000
ADV epoch=49/200 g_loss=1.3706 d_loss=0.0000 reward=0.8553 reward_var=0.0002 unique=1.0000
ADV epoch=50/200 g_loss=1.4088 d_loss=0.0000 reward=0.8566 reward_var=0.0002 unique=1.0000
ADV epoch=51/200 g_loss=1.3819 d_loss=0.0000 reward=0.8566 reward_var=0.0003 unique=1.0000
ADV epoch=52/200 g_loss=1.3977 d_loss=0.0000 reward=0.8574 reward_var=0.0002 unique=1.0000
ADV epoch=53/200 g_loss=1.3782 d_loss=0.0000 reward=0.8562 reward_var=0.0005 unique=1.0000
ADV epoch=54/200 g_loss=1.4035 d_loss=0.0000 reward=0.8573 reward_var=0.0004 unique=1.0000
ADV epoch=55/200 g_loss=1.3476 d_loss=0.0000 reward=0.8590 reward_var=0.0002 unique=1.0000
ADV epoch=56/200 g_loss=1.3351 d_loss=0.0000 reward=0.8589 reward_var=0.0002 unique=1.0000
ADV epoch=57/200 g_loss=1.2857 d_loss=0.0000 reward=0.8575 reward_var=0.0004 unique=1.0000
ADV epoch=58/200 g_loss=1.2559 d_loss=0.0000 reward=0.8568 reward_var=0.0006 unique=1.0000
ADV epoch=59/200 g_loss=1.2443 d_loss=0.0000 reward=0.8561 reward_var=0.0006 unique=1.0000
ADV epoch=60/200 g_loss=1.2095 d_loss=0.0000 reward=0.8561 reward_var=0.0005 unique=1.0000
ADV epoch=61/200 g_loss=1.2297 d_loss=0.0000 reward=0.8563 reward_var=0.0005 unique=1.0000
ADV epoch=62/200 g_loss=1.1822 d_loss=0.0000 reward=0.8540 reward_var=0.0010 unique=1.0000
ADV epoch=63/200 g_loss=1.1658 d_loss=0.0000 reward=0.8547 reward_var=0.0007 unique=1.0000
ADV epoch=64/200 g_loss=1.1639 d_loss=0.0000 reward=0.8534 reward_var=0.0008 unique=1.0000
ADV epoch=65/200 g_loss=1.1320 d_loss=0.0000 reward=0.8490 reward_var=0.0013 unique=1.0000
ADV epoch=66/200 g_loss=1.1344 d_loss=0.0000 reward=0.8504 reward_var=0.0013 unique=1.0000
ADV epoch=67/200 g_loss=1.1822 d_loss=0.0000 reward=0.8506 reward_var=0.0011 unique=1.0000
ADV epoch=68/200 g_loss=1.1710 d_loss=0.0000 reward=0.8478 reward_var=0.0017 unique=1.0000
ADV epoch=69/200 g_loss=1.2019 d_loss=0.0000 reward=0.8523 reward_var=0.0007 unique=1.0000
ADV epoch=70/200 g_loss=1.2314 d_loss=0.0000 reward=0.8516 reward_var=0.0008 unique=1.0000
ADV epoch=71/200 g_loss=1.2309 d_loss=0.0000 reward=0.8509 reward_var=0.0008 unique=1.0000
ADV epoch=72/200 g_loss=1.2831 d_loss=0.0000 reward=0.8533 reward_var=0.0005 unique=1.0000
ADV epoch=73/200 g_loss=1.2939 d_loss=0.0000 reward=0.8513 reward_var=0.0006 unique=1.0000
ADV epoch=74/200 g_loss=1.2847 d_loss=0.0000 reward=0.8520 reward_var=0.0005 unique=1.0000
ADV epoch=75/200 g_loss=1.2979 d_loss=0.0000 reward=0.8516 reward_var=0.0005 unique=1.0000
ADV epoch=76/200 g_loss=1.2729 d_loss=0.0000 reward=0.8502 reward_var=0.0005 unique=1.0000
ADV epoch=77/200 g_loss=1.2997 d_loss=0.0000 reward=0.8514 reward_var=0.0005 unique=1.0000
ADV epoch=78/200 g_loss=1.2821 d_loss=0.0000 reward=0.8498 reward_var=0.0004 unique=1.0000
ADV epoch=79/200 g_loss=1.2981 d_loss=0.0000 reward=0.8523 reward_var=0.0003 unique=1.0000
ADV epoch=80/200 g_loss=1.3010 d_loss=0.0000 reward=0.8513 reward_var=0.0002 unique=1.0000
ADV epoch=81/200 g_loss=1.3037 d_loss=0.0000 reward=0.8515 reward_var=0.0002 unique=1.0000
ADV epoch=82/200 g_loss=1.2817 d_loss=0.0000 reward=0.8499 reward_var=0.0003 unique=1.0000
ADV epoch=83/200 g_loss=1.2956 d_loss=0.0000 reward=0.8498 reward_var=0.0003 unique=1.0000
ADV epoch=84/200 g_loss=1.2900 d_loss=0.0000 reward=0.8506 reward_var=0.0003 unique=1.0000
ADV epoch=85/200 g_loss=1.2745 d_loss=0.0000 reward=0.8503 reward_var=0.0002 unique=1.0000
ADV epoch=86/200 g_loss=1.2575 d_loss=0.0000 reward=0.8492 reward_var=0.0002 unique=1.0000
ADV epoch=87/200 g_loss=1.2582 d_loss=0.0000 reward=0.8489 reward_var=0.0004 unique=1.0000
ADV epoch=88/200 g_loss=1.2435 d_loss=0.0000 reward=0.8494 reward_var=0.0003 unique=1.0000
ADV epoch=89/200 g_loss=1.2378 d_loss=0.0000 reward=0.8492 reward_var=0.0003 unique=1.0000
ADV epoch=90/200 g_loss=1.2347 d_loss=0.0000 reward=0.8491 reward_var=0.0003 unique=1.0000
ADV epoch=91/200 g_loss=1.2406 d_loss=0.0000 reward=0.8491 reward_var=0.0002 unique=1.0000
ADV epoch=92/200 g_loss=1.2390 d_loss=0.0000 reward=0.8495 reward_var=0.0003 unique=1.0000
ADV epoch=93/200 g_loss=1.2402 d_loss=0.0000 reward=0.8507 reward_var=0.0002 unique=1.0000
ADV epoch=94/200 g_loss=1.2499 d_loss=0.0000 reward=0.8493 reward_var=0.0003 unique=1.0000
ADV epoch=95/200 g_loss=1.2285 d_loss=0.0000 reward=0.8505 reward_var=0.0002 unique=1.0000
ADV epoch=96/200 g_loss=1.2331 d_loss=0.0000 reward=0.8494 reward_var=0.0004 unique=1.0000
ADV epoch=97/200 g_loss=1.2259 d_loss=0.0000 reward=0.8507 reward_var=0.0002 unique=1.0000
ADV epoch=98/200 g_loss=1.2075 d_loss=0.0000 reward=0.8503 reward_var=0.0003 unique=1.0000
ADV epoch=99/200 g_loss=1.1907 d_loss=0.0000 reward=0.8493 reward_var=0.0005 unique=1.0000
ADV epoch=100/200 g_loss=1.2052 d_loss=0.0000 reward=0.8501 reward_var=0.0003 unique=1.0000
ADV epoch=101/200 g_loss=1.1846 d_loss=0.0000 reward=0.8507 reward_var=0.0002 unique=1.0000
ADV epoch=102/200 g_loss=1.1731 d_loss=0.0000 reward=0.8508 reward_var=0.0004 unique=1.0000
ADV epoch=103/200 g_loss=1.1729 d_loss=0.0000 reward=0.8501 reward_var=0.0004 unique=1.0000
ADV epoch=104/200 g_loss=1.1979 d_loss=0.0000 reward=0.8496 reward_var=0.0005 unique=1.0000
ADV epoch=105/200 g_loss=1.1723 d_loss=0.0000 reward=0.8515 reward_var=0.0003 unique=1.0000
ADV epoch=106/200 g_loss=1.1499 d_loss=0.0000 reward=0.8502 reward_var=0.0007 unique=1.0000
ADV epoch=107/200 g_loss=1.1438 d_loss=0.0000 reward=0.8519 reward_var=0.0003 unique=1.0000
ADV epoch=108/200 g_loss=1.1293 d_loss=0.0000 reward=0.8507 reward_var=0.0006 unique=1.0000
ADV epoch=109/200 g_loss=1.0791 d_loss=0.0000 reward=0.8486 reward_var=0.0011 unique=1.0000
ADV epoch=110/200 g_loss=1.0028 d_loss=0.0000 reward=0.8433 reward_var=0.0021 unique=1.0000
ADV epoch=111/200 g_loss=0.9463 d_loss=0.0000 reward=0.8450 reward_var=0.0013 unique=1.0000
ADV epoch=112/200 g_loss=0.9644 d_loss=0.0000 reward=0.8462 reward_var=0.0011 unique=1.0000
ADV epoch=113/200 g_loss=0.9154 d_loss=0.0000 reward=0.8406 reward_var=0.0024 unique=1.0000
ADV epoch=114/200 g_loss=0.9516 d_loss=0.0000 reward=0.8436 reward_var=0.0016 unique=1.0000
ADV epoch=115/200 g_loss=0.9791 d_loss=0.0000 reward=0.8463 reward_var=0.0015 unique=1.0000
ADV epoch=116/200 g_loss=1.0339 d_loss=0.0000 reward=0.8446 reward_var=0.0021 unique=1.0000
ADV epoch=117/200 g_loss=1.0726 d_loss=0.0000 reward=0.8489 reward_var=0.0009 unique=1.0000
ADV epoch=118/200 g_loss=1.1081 d_loss=0.0000 reward=0.8491 reward_var=0.0009 unique=1.0000
ADV epoch=119/200 g_loss=1.2204 d_loss=0.0000 reward=0.8527 reward_var=0.0004 unique=1.0000
ADV epoch=120/200 g_loss=1.2737 d_loss=0.0000 reward=0.8530 reward_var=0.0006 unique=1.0000
ADV epoch=121/200 g_loss=1.3650 d_loss=0.0000 reward=0.8547 reward_var=0.0006 unique=1.0000
ADV epoch=122/200 g_loss=1.4466 d_loss=0.0000 reward=0.8569 reward_var=0.0003 unique=1.0000
ADV epoch=123/200 g_loss=1.4879 d_loss=0.0000 reward=0.8583 reward_var=0.0002 unique=1.0000
ADV epoch=124/200 g_loss=1.5657 d_loss=0.0000 reward=0.8588 reward_var=0.0002 unique=1.0000
ADV epoch=125/200 g_loss=1.6312 d_loss=0.0000 reward=0.8603 reward_var=0.0002 unique=1.0000
ADV epoch=126/200 g_loss=1.6340 d_loss=0.0000 reward=0.8599 reward_var=0.0002 unique=1.0000
ADV epoch=127/200 g_loss=1.6799 d_loss=0.0000 reward=0.8611 reward_var=0.0002 unique=1.0000
ADV epoch=128/200 g_loss=1.7111 d_loss=0.0000 reward=0.8596 reward_var=0.0005 unique=1.0000
ADV epoch=129/200 g_loss=1.6924 d_loss=0.0000 reward=0.8610 reward_var=0.0002 unique=1.0000
ADV epoch=130/200 g_loss=1.7265 d_loss=0.0000 reward=0.8604 reward_var=0.0002 unique=1.0000
ADV epoch=131/200 g_loss=1.7297 d_loss=0.0000 reward=0.8600 reward_var=0.0004 unique=1.0000
ADV epoch=132/200 g_loss=1.7281 d_loss=0.0000 reward=0.8609 reward_var=0.0002 unique=1.0000
ADV epoch=133/200 g_loss=1.7393 d_loss=0.0000 reward=0.8596 reward_var=0.0004 unique=1.0000
ADV epoch=134/200 g_loss=1.7257 d_loss=0.0000 reward=0.8597 reward_var=0.0003 unique=1.0000
ADV epoch=135/200 g_loss=1.7485 d_loss=0.0000 reward=0.8608 reward_var=0.0002 unique=1.0000
ADV epoch=136/200 g_loss=1.7896 d_loss=0.0000 reward=0.8599 reward_var=0.0003 unique=1.0000
ADV epoch=137/200 g_loss=1.8027 d_loss=0.0000 reward=0.8585 reward_var=0.0005 unique=1.0000
ADV epoch=138/200 g_loss=1.8427 d_loss=0.0000 reward=0.8601 reward_var=0.0002 unique=1.0000
ADV epoch=139/200 g_loss=1.8562 d_loss=0.0000 reward=0.8593 reward_var=0.0004 unique=1.0000
ADV epoch=140/200 g_loss=1.8784 d_loss=0.0000 reward=0.8592 reward_var=0.0003 unique=1.0000
ADV epoch=141/200 g_loss=1.8887 d_loss=0.0000 reward=0.8583 reward_var=0.0003 unique=1.0000
ADV epoch=142/200 g_loss=1.9271 d_loss=0.0000 reward=0.8571 reward_var=0.0003 unique=1.0000
ADV epoch=143/200 g_loss=1.9356 d_loss=0.0000 reward=0.8570 reward_var=0.0004 unique=1.0000
ADV epoch=144/200 g_loss=1.9627 d_loss=0.0000 reward=0.8567 reward_var=0.0004 unique=1.0000
ADV epoch=145/200 g_loss=1.9785 d_loss=0.0000 reward=0.8574 reward_var=0.0002 unique=1.0000
ADV epoch=146/200 g_loss=1.9895 d_loss=0.0000 reward=0.8565 reward_var=0.0004 unique=1.0000
ADV epoch=147/200 g_loss=2.0168 d_loss=0.0000 reward=0.8564 reward_var=0.0003 unique=1.0000
ADV epoch=148/200 g_loss=2.0479 d_loss=0.0000 reward=0.8564 reward_var=0.0003 unique=1.0000
ADV epoch=149/200 g_loss=2.0589 d_loss=0.0000 reward=0.8550 reward_var=0.0004 unique=1.0000
ADV epoch=150/200 g_loss=2.0739 d_loss=0.0000 reward=0.8552 reward_var=0.0002 unique=1.0000
ADV epoch=151/200 g_loss=2.0999 d_loss=0.0000 reward=0.8544 reward_var=0.0003 unique=1.0000
ADV epoch=152/200 g_loss=2.0890 d_loss=0.0000 reward=0.8547 reward_var=0.0003 unique=1.0000
ADV epoch=153/200 g_loss=2.1033 d_loss=0.0000 reward=0.8536 reward_var=0.0003 unique=1.0000
ADV epoch=154/200 g_loss=2.1098 d_loss=0.0000 reward=0.8541 reward_var=0.0003 unique=1.0000
ADV epoch=155/200 g_loss=2.1423 d_loss=0.0000 reward=0.8538 reward_var=0.0003 unique=1.0000
ADV epoch=156/200 g_loss=2.1597 d_loss=0.0000 reward=0.8535 reward_var=0.0004 unique=1.0000
ADV epoch=157/200 g_loss=2.1576 d_loss=0.0000 reward=0.8541 reward_var=0.0002 unique=1.0000
ADV epoch=158/200 g_loss=2.1741 d_loss=0.0000 reward=0.8532 reward_var=0.0004 unique=1.0000
ADV epoch=159/200 g_loss=2.1886 d_loss=0.0000 reward=0.8539 reward_var=0.0003 unique=1.0000
ADV epoch=160/200 g_loss=2.2063 d_loss=0.0000 reward=0.8533 reward_var=0.0003 unique=1.0000
ADV epoch=161/200 g_loss=2.2117 d_loss=0.0000 reward=0.8533 reward_var=0.0003 unique=1.0000
ADV epoch=162/200 g_loss=2.2351 d_loss=0.0000 reward=0.8534 reward_var=0.0002 unique=1.0000
ADV epoch=163/200 g_loss=2.2339 d_loss=0.0000 reward=0.8535 reward_var=0.0002 unique=1.0000
ADV epoch=164/200 g_loss=2.2248 d_loss=0.0000 reward=0.8535 reward_var=0.0002 unique=1.0000
ADV epoch=165/200 g_loss=2.2169 d_loss=0.0000 reward=0.8537 reward_var=0.0002 unique=1.0000
ADV epoch=166/200 g_loss=2.2040 d_loss=0.0000 reward=0.8532 reward_var=0.0002 unique=1.0000
ADV epoch=167/200 g_loss=2.2122 d_loss=0.0000 reward=0.8525 reward_var=0.0003 unique=1.0000
ADV epoch=168/200 g_loss=2.1668 d_loss=0.0000 reward=0.8524 reward_var=0.0003 unique=1.0000


===== NEW SESSION 2026-07-19T09:05:26.375546 =====

[3/3] adversarial
generator_reward_mode=on reward_alpha=0.700 d_steps=5 d_epochs=3
Traceback (most recent call last):
  File "<frozen runpy>", line 198, in _run_module_as_main
  File "<frozen runpy>", line 88, in _run_code
  File "/content/GAN_for_SQLi_rerun_13/models/seqgan_improved/runtime/train.py", line 452, in <module>
    main()
  File "/content/GAN_for_SQLi_rerun_13/models/seqgan_improved/runtime/train.py", line 448, in main
    run_training(build_parser().parse_args())
  File "/content/GAN_for_SQLi_rerun_13/models/seqgan_improved/runtime/train.py", line 266, in run_training
    adversarial_stats = adv_train(
                        ^^^^^^^^^^
  File "/content/GAN_for_SQLi_rerun_13/models/seqgan_improved/runtime/adversarial.py", line 181, in adv_train
    optimizer = optim.Adam(generator.parameters(), lr=gen_lr)
                ^^^^^^^^^^^^^^^^^^^^^^^^^^^^^^^^^^^^^^^^^^^^^
  File "/usr/local/lib/python3.12/dist-packages/torch/optim/adam.py", line 102, in __init__
    super().__init__(params, defaults)
  File "/usr/local/lib/python3.12/dist-packages/torch/optim/optimizer.py", line 408, in __init__
    self.add_param_group(cast(dict, param_group))
  File "/usr/local/lib/python3.12/dist-packages/torch/_compile.py", line 47, in inner
    import torch._dynamo
  File "/usr/local/lib/python3.12/dist-packages/torch/_dynamo/__init__.py", line 13, in <module>
    from . import (
  File "/usr/local/lib/python3.12/dist-packages/torch/_dynamo/aot_compile.py", line 15, in <module>
    from torch._dynamo.convert_frame import GraphRuntimeEnv
  File "/usr/local/lib/python3.12/dist-packages/torch/_dynamo/convert_frame.py", line 62, in <module>
    from torch._dynamo.symbolic_convert import TensorifyState
  File "/usr/local/lib/python3.12/dist-packages/torch/_dynamo/symbolic_convert.py", line 54, in <module>
    from torch._dynamo.exc import ObservedException, TensorifyScalarRestartAnalysis
  File "/usr/local/lib/python3.12/dist-packages/torch/_dynamo/exc.py", line 44, in <module>
    from .utils import counters
  File "/usr/local/lib/python3.12/dist-packages/torch/_dynamo/utils.py", line 70, in <module>
    import torch.fx.experimental.symbolic_shapes
  File "/usr/local/lib/python3.12/dist-packages/torch/fx/experimental/symbolic_shapes.py", line 3, in <module>
    import sympy
  File "/usr/local/lib/python3.12/dist-packages/sympy/__init__.py", line 77, in <module>
    from .polys import (Poly, PurePoly, poly_from_expr, parallel_poly_from_expr,
  File "/usr/local/lib/python3.12/dist-packages/sympy/polys/__init__.py", line 79, in <module>
    from .polyfuncs import (symmetrize, horner, interpolate,
  File "/usr/local/lib/python3.12/dist-packages/sympy/polys/polyfuncs.py", line 10, in <module>
    from sympy.polys.specialpolys import (
  File "/usr/local/lib/python3.12/dist-packages/sympy/polys/specialpolys.py", line 298, in <module>
    from sympy.polys.rings import ring
  File "/usr/local/lib/python3.12/dist-packages/sympy/polys/rings.py", line 31, in <module>
    from sympy.printing.defaults import DefaultPrinting
  File "/usr/local/lib/python3.12/dist-packages/sympy/printing/__init__.py", line 11, in <module>
    from .pycode import pycode
  File "/usr/local/lib/python3.12/dist-packages/sympy/printing/pycode.py", line 11, in <module>
    from .codeprinter import CodePrinter
  File "/usr/local/lib/python3.12/dist-packages/sympy/printing/codeprinter.py", line 13, in <module>
    from sympy.functions.elementary.complexes import re
  File "/usr/local/lib/python3.12/dist-packages/sympy/functions/__init__.py", line 19, in <module>
    from sympy.functions.elementary.trigonometric import (sin, cos, tan,
KeyboardInterrupt


===== NEW SESSION 2026-07-19T09:05:57.412876 =====

[3/3] adversarial
generator_reward_mode=on reward_alpha=0.700 d_steps=5 d_epochs=3
Resumed adversarial checkpoint /content/drive/MyDrive/GAN/GAN_for_SQLi/result/phase2b_batch6x/_checkpoints_rerun_13/boolean_D_R500_V8_B6X/latest_adversarial.pt at epoch 161
ADV epoch=161/200 g_loss=2.2145 d_loss=0.0000 reward=0.8537 reward_var=0.0002 unique=1.0000
ADV epoch=162/200 g_loss=2.2356 d_loss=0.0000 reward=0.8534 reward_var=0.0003 unique=1.0000
ADV epoch=163/200 g_loss=2.2610 d_loss=0.0000 reward=0.8543 reward_var=0.0002 unique=1.0000
ADV epoch=164/200 g_loss=2.2480 d_loss=0.0000 reward=0.8536 reward_var=0.0002 unique=1.0000
ADV epoch=165/200 g_loss=2.2922 d_loss=0.0000 reward=0.8523 reward_var=0.0004 unique=1.0000
ADV epoch=166/200 g_loss=2.2894 d_loss=0.0000 reward=0.8529 reward_var=0.0003 unique=1.0000
ADV epoch=167/200 g_loss=2.3095 d_loss=0.0000 reward=0.8530 reward_var=0.0002 unique=1.0000
ADV epoch=168/200 g_loss=2.3189 d_loss=0.0000 reward=0.8527 reward_var=0.0003 unique=1.0000
ADV epoch=169/200 g_loss=2.3476 d_loss=0.0000 reward=0.8526 reward_var=0.0002 unique=1.0000
ADV epoch=170/200 g_loss=2.3324 d_loss=0.0000 reward=0.8522 reward_var=0.0003 unique=1.0000
ADV epoch=171/200 g_loss=2.3473 d_loss=0.0000 reward=0.8513 reward_var=0.0004 unique=1.0000
ADV epoch=172/200 g_loss=2.3329 d_loss=0.0000 reward=0.8522 reward_var=0.0003 unique=1.0000
ADV epoch=173/200 g_loss=2.3360 d_loss=0.0000 reward=0.8521 reward_var=0.0004 unique=1.0000
ADV epoch=174/200 g_loss=2.3197 d_loss=0.0000 reward=0.8515 reward_var=0.0002 unique=1.0000
ADV epoch=175/200 g_loss=2.2957 d_loss=0.0000 reward=0.8521 reward_var=0.0002 unique=1.0000
ADV epoch=176/200 g_loss=2.2703 d_loss=0.0000 reward=0.8509 reward_var=0.0002 unique=1.0000
ADV epoch=177/200 g_loss=2.2281 d_loss=0.0000 reward=0.8512 reward_var=0.0002 unique=1.0000
ADV epoch=178/200 g_loss=2.1996 d_loss=0.0000 reward=0.8504 reward_var=0.0003 unique=1.0000
ADV epoch=179/200 g_loss=2.1363 d_loss=0.0000 reward=0.8500 reward_var=0.0001 unique=1.0000
ADV epoch=180/200 g_loss=2.1183 d_loss=0.0000 reward=0.8498 reward_var=0.0002 unique=1.0000
ADV epoch=181/200 g_loss=2.0740 d_loss=0.0000 reward=0.8484 reward_var=0.0004 unique=1.0000
ADV epoch=182/200 g_loss=2.0254 d_loss=0.0000 reward=0.8488 reward_var=0.0001 unique=1.0000
ADV epoch=183/200 g_loss=2.0046 d_loss=0.0000 reward=0.8483 reward_var=0.0002 unique=1.0000
ADV epoch=184/200 g_loss=1.9482 d_loss=0.0000 reward=0.8460 reward_var=0.0003 unique=1.0000
ADV epoch=185/200 g_loss=1.9561 d_loss=0.0000 reward=0.8452 reward_var=0.0002 unique=1.0000
ADV epoch=186/200 g_loss=1.9283 d_loss=0.0000 reward=0.8441 reward_var=0.0002 unique=1.0000
ADV epoch=187/200 g_loss=1.9575 d_loss=0.0000 reward=0.8429 reward_var=0.0002 unique=1.0000
ADV epoch=188/200 g_loss=2.0290 d_loss=0.0000 reward=0.8429 reward_var=0.0002 unique=1.0000
ADV epoch=189/200 g_loss=2.1212 d_loss=0.0000 reward=0.8428 reward_var=0.0003 unique=1.0000
ADV epoch=190/200 g_loss=2.1902 d_loss=0.0000 reward=0.8430 reward_var=0.0002 unique=1.0000
ADV epoch=191/200 g_loss=2.1996 d_loss=0.0000 reward=0.8425 reward_var=0.0002 unique=1.0000
ADV epoch=192/200 g_loss=2.2012 d_loss=0.0000 reward=0.8419 reward_var=0.0002 unique=1.0000
ADV epoch=193/200 g_loss=2.2191 d_loss=0.0000 reward=0.8409 reward_var=0.0003 unique=1.0000
ADV epoch=194/200 g_loss=2.2191 d_loss=0.0000 reward=0.8421 reward_var=0.0002 unique=1.0000
ADV epoch=195/200 g_loss=2.2667 d_loss=0.0000 reward=0.8419 reward_var=0.0002 unique=1.0000
ADV epoch=196/200 g_loss=2.2786 d_loss=0.0000 reward=0.8417 reward_var=0.0002 unique=1.0000
ADV epoch=197/200 g_loss=2.2900 d_loss=0.0000 reward=0.8424 reward_var=0.0002 unique=1.0000
ADV epoch=198/200 g_loss=2.2601 d_loss=0.0000 reward=0.8426 reward_var=0.0001 unique=1.0000
ADV epoch=199/200 g_loss=2.2405 d_loss=0.0000 reward=0.8422 reward_var=0.0001 unique=1.0000
ADV epoch=200/200 g_loss=2.3172 d_loss=0.0000 reward=0.8422 reward_var=0.0002 unique=1.0000
saved 2000 raw samples to /content/drive/MyDrive/GAN/GAN_for_SQLi/result/phase2b_batch6x/boolean/D/R500/V8_B6X/generated_payloads.csv
