{
  "metric_schema_version": "quality-metrics-v3",
  "normalization_version": "nfkc_html_percent1_casefold_ws_quotes_v1",
  "seed": 88,
  "method": "seqgan_improved",
  "family": "boolean",
  "scenario": "D",
  "ratio": "200",
  "generation_kind": "direct",
  "schema_valid": true,
  "stop_reason": "n/a",
  "n_generated": 500,
  "unique_rate": 0.92,
  "normalized_unique_rate": 0.878,
  "duplicate_rate": 0.07999999999999996,
  "model_collapse_rate": 0.07999999999999996,
  "dominant_payload_share": 0.044,
  "normalized_dominant_payload_share": 0.044,
  "sql_parse_rate": 0.998,
  "sql_structure_rate": 0.042,
  "family_motif_coverage": 0.0,
  "family_motif_hit_rate": 0.0,
  "garbage_rate": 0.958,
  "wellformed_rate": 0.998,
  "shaped_rate": 0.042,
  "family_motif_coverage_by_family": {
    "boolean": 0.0
  },
  "family_motif_hit_rate_by_family": {
    "boolean": 0.0
  },
  "inferred_family_distribution": {
    "boolean": 0.0,
    "union": 0.0,
    "time": 0.0,
    "error": 0.0,
    "other": 1.0
  },
  "train_reference_count": 78,
  "holdout_reference_count": 917,
  "exact_input_overlap": 0.0,
  "normalized_input_overlap": 0.0,
  "holdout_overlap": 0.0,
  "normalized_holdout_overlap": 0.0,
  "nearest_input_similarity_mean": 0.03591036647823828,
  "nearest_input_similarity_median": 0.025,
  "nearest_input_similarity_p90": 0.07692307692307693,
  "nearest_char3_jaccard_mean": 0.03591036647823828,
  "nearest_char3_jaccard_median": 0.025,
  "nearest_char3_jaccard_p90": 0.07692307692307693,
  "nearest_token_jaccard_mean": 0.09548022625173991,
  "nearest_token_jaccard_median": 0.07142857142857142,
  "nearest_token_jaccard_p90": 0.2,
  "nearest_edit_similarity_mean": 0.09811169439471405,
  "nearest_edit_similarity_median": 0.09602212855637515,
  "nearest_edit_similarity_p90": 0.1724137931034483,
  "nearest_feature_cosine_mean": 0.6491082507645023,
  "nearest_feature_cosine_median": 0.7165657372371083,
  "nearest_feature_cosine_p90": 0.8732632831415198,
  "nearest_input_distance_mean": 0.9640896335217617,
  "nearest_input_distance_median": 0.975,
  "nearest_input_distance_p90": 1.0,
  "mean_nearest_similarity": 0.03591036647823828,
  "median_nearest_similarity": 0.025,
  "p90_nearest_similarity": 0.07692307692307693,
  "unique_nearest_payload_rate": 0.102,
  "dominant_retrieved_payload_share": 0.206,
  "nearest_reference_count": 78,
  "distinct_1": 0.2593516209476309,
  "distinct_2": 0.7111913357400722,
  "distinct_3": 0.9152798789712556,
  "lexical_diversity": 0.2593516209476309,
  "character_diversity": 0.8006956052148965,
  "token_diversity": 0.6883962893772523,
  "keyword_diversity": 0.6620967530389114,
  "operator_diversity": 0.719346573186735,
  "function_diversity": 1.0,
  "comment_style_diversity": 0.3333333333333333,
  "length_zone_diversity": 0.2,
  "self_bleu": 0.5361849509685341,
  "self_bleu_char": 0.5361849509685341,
  "requested_count": 500,
  "generated_count_fraction": 1.0
}
