
[1/3] pretrain G
G epoch=1/120 loss=4.5889
G epoch=2/120 loss=4.4228
G epoch=3/120 loss=4.2467
G epoch=4/120 loss=4.0105
G epoch=5/120 loss=3.7449
G epoch=6/120 loss=3.4667
G epoch=7/120 loss=3.2084
G epoch=8/120 loss=3.0013
G epoch=9/120 loss=2.9225
G epoch=10/120 loss=2.7783
G epoch=11/120 loss=2.7113
G epoch=12/120 loss=2.6959
G epoch=13/120 loss=2.6468
G epoch=14/120 loss=2.5820
G epoch=15/120 loss=2.6056
G epoch=16/120 loss=2.5529
G epoch=17/120 loss=2.4859
G epoch=18/120 loss=2.5132
G epoch=19/120 loss=2.3773
G epoch=20/120 loss=2.3662
G epoch=21/120 loss=2.3406
G epoch=22/120 loss=2.3629
G epoch=23/120 loss=2.3031
G epoch=24/120 loss=2.2054
G epoch=25/120 loss=2.1945
G epoch=26/120 loss=2.1735
G epoch=27/120 loss=2.1262
G epoch=28/120 loss=2.1218
G epoch=29/120 loss=2.0931
G epoch=30/120 loss=2.1354
G epoch=31/120 loss=2.0056
G epoch=32/120 loss=2.0060
G epoch=33/120 loss=2.0227
G epoch=34/120 loss=1.9638
G epoch=35/120 loss=1.9633
G epoch=36/120 loss=1.9559
G epoch=37/120 loss=1.9894
G epoch=38/120 loss=1.9395
G epoch=39/120 loss=1.9202
G epoch=40/120 loss=1.8389
G epoch=41/120 loss=1.8548
G epoch=42/120 loss=1.8329
G epoch=43/120 loss=1.8092
G epoch=44/120 loss=1.7530
G epoch=45/120 loss=1.7870
G epoch=46/120 loss=1.7026
G epoch=47/120 loss=1.6964
G epoch=48/120 loss=1.7567
G epoch=49/120 loss=1.7053
G epoch=50/120 loss=1.7485
G epoch=51/120 loss=1.6859
G epoch=52/120 loss=1.6704
G epoch=53/120 loss=1.6342
G epoch=54/120 loss=1.6335
G epoch=55/120 loss=1.6429
G epoch=56/120 loss=1.5902
G epoch=57/120 loss=1.5545
G epoch=58/120 loss=1.5353
G epoch=59/120 loss=1.5370
G epoch=60/120 loss=1.5030
G epoch=61/120 loss=1.5136
G epoch=62/120 loss=1.5053
G epoch=63/120 loss=1.4648
G epoch=64/120 loss=1.4637
G epoch=65/120 loss=1.4345
G epoch=66/120 loss=1.4605
G epoch=67/120 loss=1.4608
G epoch=68/120 loss=1.4239
G epoch=69/120 loss=1.3676
G epoch=70/120 loss=1.3882
G epoch=71/120 loss=1.3588
G epoch=72/120 loss=1.3365
G epoch=73/120 loss=1.3079
G epoch=74/120 loss=1.3416
G epoch=75/120 loss=1.3294
G epoch=76/120 loss=1.2833
G epoch=77/120 loss=1.2949
G epoch=78/120 loss=1.3235
G epoch=79/120 loss=1.3021
G epoch=80/120 loss=1.2607
G epoch=81/120 loss=1.2193
G epoch=82/120 loss=1.2360
G epoch=83/120 loss=1.2431
G epoch=84/120 loss=1.2189
G epoch=85/120 loss=1.1946
G epoch=86/120 loss=1.2164
G epoch=87/120 loss=1.1883
G epoch=88/120 loss=1.1766
G epoch=89/120 loss=1.1618
G epoch=90/120 loss=1.1927
G epoch=91/120 loss=1.1418
G epoch=92/120 loss=1.1185
G epoch=93/120 loss=1.1483
G epoch=94/120 loss=1.1142
G epoch=95/120 loss=1.1210
G epoch=96/120 loss=1.1346
G epoch=97/120 loss=1.1021
G epoch=98/120 loss=1.0947
G epoch=99/120 loss=1.0548
G epoch=100/120 loss=1.0802
G epoch=101/120 loss=1.0586
G epoch=102/120 loss=1.0733
G epoch=103/120 loss=1.0106
G epoch=104/120 loss=1.0441
G epoch=105/120 loss=1.0213
G epoch=106/120 loss=1.0339
G epoch=107/120 loss=1.0298
G epoch=108/120 loss=1.0117
G epoch=109/120 loss=1.0471
G epoch=110/120 loss=1.0086
G epoch=111/120 loss=1.0197
G epoch=112/120 loss=0.9835
G epoch=113/120 loss=0.9787
G epoch=114/120 loss=0.9753
G epoch=115/120 loss=0.9415
G epoch=116/120 loss=0.9563
G epoch=117/120 loss=0.9730
G epoch=118/120 loss=0.9525
G epoch=119/120 loss=0.9489
G epoch=120/120 loss=0.9676

[2/3] pretrain D
D step=1/50 epoch=1/3 loss=0.9411 l2=0.2000 label_smoothing=0.000
D step=1/50 epoch=2/3 loss=0.7191 l2=0.2000 label_smoothing=0.000
D step=1/50 epoch=3/3 loss=0.7453 l2=0.2000 label_smoothing=0.000
D step=2/50 epoch=1/3 loss=0.7641 l2=0.2000 label_smoothing=0.000
D step=2/50 epoch=2/3 loss=0.6964 l2=0.2000 label_smoothing=0.000
D step=2/50 epoch=3/3 loss=0.6716 l2=0.2000 label_smoothing=0.000
D step=3/50 epoch=1/3 loss=0.6516 l2=0.2000 label_smoothing=0.000
D step=3/50 epoch=2/3 loss=0.6477 l2=0.2000 label_smoothing=0.000
D step=3/50 epoch=3/3 loss=0.6089 l2=0.2000 label_smoothing=0.000
D step=4/50 epoch=1/3 loss=0.6183 l2=0.2000 label_smoothing=0.000
D step=4/50 epoch=2/3 loss=0.5798 l2=0.2000 label_smoothing=0.000
D step=4/50 epoch=3/3 loss=0.5389 l2=0.2000 label_smoothing=0.000
D step=5/50 epoch=1/3 loss=0.5516 l2=0.2000 label_smoothing=0.000
D step=5/50 epoch=2/3 loss=0.5311 l2=0.2000 label_smoothing=0.000
D step=5/50 epoch=3/3 loss=0.4872 l2=0.2000 label_smoothing=0.000
D step=6/50 epoch=1/3 loss=0.4850 l2=0.2000 label_smoothing=0.000
D step=6/50 epoch=2/3 loss=0.4774 l2=0.2000 label_smoothing=0.000
D step=6/50 epoch=3/3 loss=0.4430 l2=0.2000 label_smoothing=0.000
D step=7/50 epoch=1/3 loss=0.4148 l2=0.2000 label_smoothing=0.000
D step=7/50 epoch=2/3 loss=0.3816 l2=0.2000 label_smoothing=0.000
D step=7/50 epoch=3/3 loss=0.3630 l2=0.2000 label_smoothing=0.000
D step=8/50 epoch=1/3 loss=0.3679 l2=0.2000 label_smoothing=0.000
D step=8/50 epoch=2/3 loss=0.3567 l2=0.2000 label_smoothing=0.000
D step=8/50 epoch=3/3 loss=0.3316 l2=0.2000 label_smoothing=0.000
D step=9/50 epoch=1/3 loss=0.2946 l2=0.2000 label_smoothing=0.000
D step=9/50 epoch=2/3 loss=0.2704 l2=0.2000 label_smoothing=0.000
D step=9/50 epoch=3/3 loss=0.2431 l2=0.2000 label_smoothing=0.000
D step=10/50 epoch=1/3 loss=0.2631 l2=0.2000 label_smoothing=0.000
D step=10/50 epoch=2/3 loss=0.2675 l2=0.2000 label_smoothing=0.000
D step=10/50 epoch=3/3 loss=0.2423 l2=0.2000 label_smoothing=0.000
D step=11/50 epoch=1/3 loss=0.2376 l2=0.2000 label_smoothing=0.000
D step=11/50 epoch=2/3 loss=0.2002 l2=0.2000 label_smoothing=0.000
D step=11/50 epoch=3/3 loss=0.1854 l2=0.2000 label_smoothing=0.000
D step=12/50 epoch=1/3 loss=0.2251 l2=0.2000 label_smoothing=0.000
D step=12/50 epoch=2/3 loss=0.1985 l2=0.2000 label_smoothing=0.000
D step=12/50 epoch=3/3 loss=0.1902 l2=0.2000 label_smoothing=0.000
D step=13/50 epoch=1/3 loss=0.1780 l2=0.2000 label_smoothing=0.000
D step=13/50 epoch=2/3 loss=0.1739 l2=0.2000 label_smoothing=0.000
D step=13/50 epoch=3/3 loss=0.1594 l2=0.2000 label_smoothing=0.000
D step=14/50 epoch=1/3 loss=0.2355 l2=0.2000 label_smoothing=0.000
D step=14/50 epoch=2/3 loss=0.1995 l2=0.2000 label_smoothing=0.000
D step=14/50 epoch=3/3 loss=0.1946 l2=0.2000 label_smoothing=0.000
D step=15/50 epoch=1/3 loss=0.1620 l2=0.2000 label_smoothing=0.000
D step=15/50 epoch=2/3 loss=0.1659 l2=0.2000 label_smoothing=0.000
D step=15/50 epoch=3/3 loss=0.1525 l2=0.2000 label_smoothing=0.000
D step=16/50 epoch=1/3 loss=0.1681 l2=0.2000 label_smoothing=0.000
D step=16/50 epoch=2/3 loss=0.1542 l2=0.2000 label_smoothing=0.000
D step=16/50 epoch=3/3 loss=0.1398 l2=0.2000 label_smoothing=0.000
D step=17/50 epoch=1/3 loss=0.1419 l2=0.2000 label_smoothing=0.000
D step=17/50 epoch=2/3 loss=0.1407 l2=0.2000 label_smoothing=0.000
D step=17/50 epoch=3/3 loss=0.1272 l2=0.2000 label_smoothing=0.000
D step=18/50 epoch=1/3 loss=0.1053 l2=0.2000 label_smoothing=0.000
D step=18/50 epoch=2/3 loss=0.0987 l2=0.2000 label_smoothing=0.000
D step=18/50 epoch=3/3 loss=0.0950 l2=0.2000 label_smoothing=0.000
D step=19/50 epoch=1/3 loss=0.1088 l2=0.2000 label_smoothing=0.000
D step=19/50 epoch=2/3 loss=0.1017 l2=0.2000 label_smoothing=0.000
D step=19/50 epoch=3/3 loss=0.0985 l2=0.2000 label_smoothing=0.000
D step=20/50 epoch=1/3 loss=0.1120 l2=0.2000 label_smoothing=0.000
D step=20/50 epoch=2/3 loss=0.1042 l2=0.2000 label_smoothing=0.000
D step=20/50 epoch=3/3 loss=0.0969 l2=0.2000 label_smoothing=0.000
D step=21/50 epoch=1/3 loss=0.0995 l2=0.2000 label_smoothing=0.000
D step=21/50 epoch=2/3 loss=0.0975 l2=0.2000 label_smoothing=0.000
D step=21/50 epoch=3/3 loss=0.0873 l2=0.2000 label_smoothing=0.000
D step=22/50 epoch=1/3 loss=0.1046 l2=0.2000 label_smoothing=0.000
D step=22/50 epoch=2/3 loss=0.1022 l2=0.2000 label_smoothing=0.000
D step=22/50 epoch=3/3 loss=0.1007 l2=0.2000 label_smoothing=0.000
D step=23/50 epoch=1/3 loss=0.0909 l2=0.2000 label_smoothing=0.000
D step=23/50 epoch=2/3 loss=0.0846 l2=0.2000 label_smoothing=0.000
D step=23/50 epoch=3/3 loss=0.0824 l2=0.2000 label_smoothing=0.000
D step=24/50 epoch=1/3 loss=0.1041 l2=0.2000 label_smoothing=0.000
D step=24/50 epoch=2/3 loss=0.0922 l2=0.2000 label_smoothing=0.000
D step=24/50 epoch=3/3 loss=0.0963 l2=0.2000 label_smoothing=0.000
D step=25/50 epoch=1/3 loss=0.1005 l2=0.2000 label_smoothing=0.000
D step=25/50 epoch=2/3 loss=0.0999 l2=0.2000 label_smoothing=0.000
D step=25/50 epoch=3/3 loss=0.0946 l2=0.2000 label_smoothing=0.000
D step=26/50 epoch=1/3 loss=0.0864 l2=0.2000 label_smoothing=0.000
D step=26/50 epoch=2/3 loss=0.0827 l2=0.2000 label_smoothing=0.000
D step=26/50 epoch=3/3 loss=0.0813 l2=0.2000 label_smoothing=0.000
D step=27/50 epoch=1/3 loss=0.1231 l2=0.2000 label_smoothing=0.000
D step=27/50 epoch=2/3 loss=0.1015 l2=0.2000 label_smoothing=0.000
D step=27/50 epoch=3/3 loss=0.1024 l2=0.2000 label_smoothing=0.000
D step=28/50 epoch=1/3 loss=0.0923 l2=0.2000 label_smoothing=0.000
D step=28/50 epoch=2/3 loss=0.0861 l2=0.2000 label_smoothing=0.000
D step=28/50 epoch=3/3 loss=0.0953 l2=0.2000 label_smoothing=0.000
D step=29/50 epoch=1/3 loss=0.1120 l2=0.2000 label_smoothing=0.000
D step=29/50 epoch=2/3 loss=0.0996 l2=0.2000 label_smoothing=0.000
D step=29/50 epoch=3/3 loss=0.0998 l2=0.2000 label_smoothing=0.000
D step=30/50 epoch=1/3 loss=0.0816 l2=0.2000 label_smoothing=0.000
D step=30/50 epoch=2/3 loss=0.0863 l2=0.2000 label_smoothing=0.000
D step=30/50 epoch=3/3 loss=0.0845 l2=0.2000 label_smoothing=0.000
D step=31/50 epoch=1/3 loss=0.1183 l2=0.2000 label_smoothing=0.000
D step=31/50 epoch=2/3 loss=0.1006 l2=0.2000 label_smoothing=0.000
D step=31/50 epoch=3/3 loss=0.1016 l2=0.2000 label_smoothing=0.000
D step=32/50 epoch=1/3 loss=0.0801 l2=0.2000 label_smoothing=0.000
D step=32/50 epoch=2/3 loss=0.0771 l2=0.2000 label_smoothing=0.000
D step=32/50 epoch=3/3 loss=0.0774 l2=0.2000 label_smoothing=0.000
D step=33/50 epoch=1/3 loss=0.0948 l2=0.2000 label_smoothing=0.000
D step=33/50 epoch=2/3 loss=0.0807 l2=0.2000 label_smoothing=0.000
D step=33/50 epoch=3/3 loss=0.0844 l2=0.2000 label_smoothing=0.000
D step=34/50 epoch=1/3 loss=0.0974 l2=0.2000 label_smoothing=0.000
D step=34/50 epoch=2/3 loss=0.0893 l2=0.2000 label_smoothing=0.000
D step=34/50 epoch=3/3 loss=0.0784 l2=0.2000 label_smoothing=0.000
D step=35/50 epoch=1/3 loss=0.0733 l2=0.2000 label_smoothing=0.000
D step=35/50 epoch=2/3 loss=0.0705 l2=0.2000 label_smoothing=0.000
D step=35/50 epoch=3/3 loss=0.0660 l2=0.2000 label_smoothing=0.000
D step=36/50 epoch=1/3 loss=0.0897 l2=0.2000 label_smoothing=0.000
D step=36/50 epoch=2/3 loss=0.0720 l2=0.2000 label_smoothing=0.000
D step=36/50 epoch=3/3 loss=0.0672 l2=0.2000 label_smoothing=0.000
D step=37/50 epoch=1/3 loss=0.0734 l2=0.2000 label_smoothing=0.000
D step=37/50 epoch=2/3 loss=0.0710 l2=0.2000 label_smoothing=0.000
D step=37/50 epoch=3/3 loss=0.0713 l2=0.2000 label_smoothing=0.000
D step=38/50 epoch=1/3 loss=0.0840 l2=0.2000 label_smoothing=0.000
D step=38/50 epoch=2/3 loss=0.0808 l2=0.2000 label_smoothing=0.000
D step=38/50 epoch=3/3 loss=0.0744 l2=0.2000 label_smoothing=0.000
D step=39/50 epoch=1/3 loss=0.0771 l2=0.2000 label_smoothing=0.000
D step=39/50 epoch=2/3 loss=0.0742 l2=0.2000 label_smoothing=0.000
D step=39/50 epoch=3/3 loss=0.0697 l2=0.2000 label_smoothing=0.000
D step=40/50 epoch=1/3 loss=0.0902 l2=0.2000 label_smoothing=0.000
D step=40/50 epoch=2/3 loss=0.0913 l2=0.2000 label_smoothing=0.000
D step=40/50 epoch=3/3 loss=0.0781 l2=0.2000 label_smoothing=0.000
D step=41/50 epoch=1/3 loss=0.0703 l2=0.2000 label_smoothing=0.000
D step=41/50 epoch=2/3 loss=0.0653 l2=0.2000 label_smoothing=0.000
D step=41/50 epoch=3/3 loss=0.0640 l2=0.2000 label_smoothing=0.000
D step=42/50 epoch=1/3 loss=0.0706 l2=0.2000 label_smoothing=0.000
D step=42/50 epoch=2/3 loss=0.0690 l2=0.2000 label_smoothing=0.000
D step=42/50 epoch=3/3 loss=0.0660 l2=0.2000 label_smoothing=0.000
D step=43/50 epoch=1/3 loss=0.0628 l2=0.2000 label_smoothing=0.000
D step=43/50 epoch=2/3 loss=0.0616 l2=0.2000 label_smoothing=0.000
D step=43/50 epoch=3/3 loss=0.0612 l2=0.2000 label_smoothing=0.000
D step=44/50 epoch=1/3 loss=0.0576 l2=0.2000 label_smoothing=0.000
D step=44/50 epoch=2/3 loss=0.0576 l2=0.2000 label_smoothing=0.000
D step=44/50 epoch=3/3 loss=0.0574 l2=0.2000 label_smoothing=0.000
D step=45/50 epoch=1/3 loss=0.0927 l2=0.2000 label_smoothing=0.000
D step=45/50 epoch=2/3 loss=0.0706 l2=0.2000 label_smoothing=0.000
D step=45/50 epoch=3/3 loss=0.0709 l2=0.2000 label_smoothing=0.000
D step=46/50 epoch=1/3 loss=0.0726 l2=0.2000 label_smoothing=0.000
D step=46/50 epoch=2/3 loss=0.0649 l2=0.2000 label_smoothing=0.000
D step=46/50 epoch=3/3 loss=0.0669 l2=0.2000 label_smoothing=0.000
D step=47/50 epoch=1/3 loss=0.0693 l2=0.2000 label_smoothing=0.000
D step=47/50 epoch=2/3 loss=0.0635 l2=0.2000 label_smoothing=0.000
D step=47/50 epoch=3/3 loss=0.0610 l2=0.2000 label_smoothing=0.000
D step=48/50 epoch=1/3 loss=0.0791 l2=0.2000 label_smoothing=0.000
D step=48/50 epoch=2/3 loss=0.0725 l2=0.2000 label_smoothing=0.000
D step=48/50 epoch=3/3 loss=0.0630 l2=0.2000 label_smoothing=0.000
D step=49/50 epoch=1/3 loss=0.0727 l2=0.2000 label_smoothing=0.000
D step=49/50 epoch=2/3 loss=0.0760 l2=0.2000 label_smoothing=0.000
D step=49/50 epoch=3/3 loss=0.0693 l2=0.2000 label_smoothing=0.000
D step=50/50 epoch=1/3 loss=0.0673 l2=0.2000 label_smoothing=0.000
D step=50/50 epoch=2/3 loss=0.0667 l2=0.2000 label_smoothing=0.000
D step=50/50 epoch=3/3 loss=0.0608 l2=0.2000 label_smoothing=0.000

[3/3] adversarial
generator_reward_mode=off reward_alpha=1.000 d_steps=5 d_epochs=3
D step=1/5 epoch=1/3 loss=0.0858 l2=0.2000 label_smoothing=0.000
D step=1/5 epoch=2/3 loss=0.0693 l2=0.2000 label_smoothing=0.000
D step=1/5 epoch=3/3 loss=0.0643 l2=0.2000 label_smoothing=0.000
D step=2/5 epoch=1/3 loss=0.0596 l2=0.2000 label_smoothing=0.000
D step=2/5 epoch=2/3 loss=0.0524 l2=0.2000 label_smoothing=0.000
D step=2/5 epoch=3/3 loss=0.0530 l2=0.2000 label_smoothing=0.000
D step=3/5 epoch=1/3 loss=0.0548 l2=0.2000 label_smoothing=0.000
D step=3/5 epoch=2/3 loss=0.0522 l2=0.2000 label_smoothing=0.000
D step=3/5 epoch=3/3 loss=0.0503 l2=0.2000 label_smoothing=0.000
D step=4/5 epoch=1/3 loss=0.0640 l2=0.2000 label_smoothing=0.000
D step=4/5 epoch=2/3 loss=0.0524 l2=0.2000 label_smoothing=0.000
D step=4/5 epoch=3/3 loss=0.0521 l2=0.2000 label_smoothing=0.000
D step=5/5 epoch=1/3 loss=0.0527 l2=0.2000 label_smoothing=0.000
D step=5/5 epoch=2/3 loss=0.0499 l2=0.2000 label_smoothing=0.000
D step=5/5 epoch=3/3 loss=0.0482 l2=0.2000 label_smoothing=0.000
ADV epoch=1/200 g_loss=0.0244 d_loss=0.0574 reward=0.0326 reward_var=0.0103 unique=1.0000
D step=1/5 epoch=1/3 loss=0.0500 l2=0.2000 label_smoothing=0.000
D step=1/5 epoch=2/3 loss=0.0570 l2=0.2000 label_smoothing=0.000
D step=1/5 epoch=3/3 loss=0.0450 l2=0.2000 label_smoothing=0.000
D step=2/5 epoch=1/3 loss=0.0458 l2=0.2000 label_smoothing=0.000
D step=2/5 epoch=2/3 loss=0.0467 l2=0.2000 label_smoothing=0.000
D step=2/5 epoch=3/3 loss=0.0440 l2=0.2000 label_smoothing=0.000
D step=3/5 epoch=1/3 loss=0.0637 l2=0.2000 label_smoothing=0.000
D step=3/5 epoch=2/3 loss=0.0454 l2=0.2000 label_smoothing=0.000
D step=3/5 epoch=3/3 loss=0.0440 l2=0.2000 label_smoothing=0.000
D step=4/5 epoch=1/3 loss=0.0427 l2=0.2000 label_smoothing=0.000
D step=4/5 epoch=2/3 loss=0.0409 l2=0.2000 label_smoothing=0.000
D step=4/5 epoch=3/3 loss=0.0401 l2=0.2000 label_smoothing=0.000
D step=5/5 epoch=1/3 loss=0.0404 l2=0.2000 label_smoothing=0.000
D step=5/5 epoch=2/3 loss=0.0389 l2=0.2000 label_smoothing=0.000
D step=5/5 epoch=3/3 loss=0.0378 l2=0.2000 label_smoothing=0.000
ADV epoch=2/200 g_loss=0.0116 d_loss=0.0455 reward=0.0166 reward_var=0.0028 unique=1.0000
D step=1/5 epoch=1/3 loss=0.1085 l2=0.2000 label_smoothing=0.000
D step=1/5 epoch=2/3 loss=0.0641 l2=0.2000 label_smoothing=0.000
D step=1/5 epoch=3/3 loss=0.0608 l2=0.2000 label_smoothing=0.000
D step=2/5 epoch=1/3 loss=0.0383 l2=0.2000 label_smoothing=0.000
D step=2/5 epoch=2/3 loss=0.0392 l2=0.2000 label_smoothing=0.000
D step=2/5 epoch=3/3 loss=0.0388 l2=0.2000 label_smoothing=0.000
D step=3/5 epoch=1/3 loss=0.0620 l2=0.2000 label_smoothing=0.000
D step=3/5 epoch=2/3 loss=0.0473 l2=0.2000 label_smoothing=0.000
D step=3/5 epoch=3/3 loss=0.0418 l2=0.2000 label_smoothing=0.000
D step=4/5 epoch=1/3 loss=0.0679 l2=0.2000 label_smoothing=0.000
D step=4/5 epoch=2/3 loss=0.0399 l2=0.2000 label_smoothing=0.000
D step=4/5 epoch=3/3 loss=0.0397 l2=0.2000 label_smoothing=0.000
D step=5/5 epoch=1/3 loss=0.0453 l2=0.2000 label_smoothing=0.000
D step=5/5 epoch=2/3 loss=0.0443 l2=0.2000 label_smoothing=0.000
D step=5/5 epoch=3/3 loss=0.0413 l2=0.2000 label_smoothing=0.000
ADV epoch=3/200 g_loss=0.0214 d_loss=0.0519 reward=0.0281 reward_var=0.0055 unique=0.9600
saved 2000 raw samples to /content/drive/MyDrive/GAN_for_SQLi - 2/result/final/seqgan_master/boolean/E/R200/generated_payloads.csv
