{
  "metric_schema_version": "quality-metrics-v3",
  "normalization_version": "nfkc_html_percent1_casefold_ws_quotes_v1",
  "seed": 88,
  "method": "ctgan",
  "family": "error",
  "scenario": "B",
  "ratio": "50",
  "generation_kind": "retrieval",
  "schema_valid": true,
  "stop_reason": "n/a",
  "n_generated": 500,
  "unique_rate": 0.262,
  "normalized_unique_rate": 0.262,
  "duplicate_rate": 0.738,
  "model_collapse_rate": 0.738,
  "dominant_payload_share": 0.042,
  "normalized_dominant_payload_share": 0.042,
  "sql_parse_rate": 1.0,
  "sql_structure_rate": 1.0,
  "family_motif_coverage": 0.5,
  "family_motif_hit_rate": 0.984,
  "garbage_rate": 0.0,
  "wellformed_rate": 1.0,
  "shaped_rate": 1.0,
  "family_motif_coverage_by_family": {
    "error": 0.5
  },
  "family_motif_hit_rate_by_family": {
    "error": 0.984
  },
  "inferred_family_distribution": {
    "boolean": 0.0,
    "union": 0.016,
    "time": 0.0,
    "error": 0.984,
    "other": 0.0
  },
  "train_reference_count": 312,
  "holdout_reference_count": 259,
  "exact_input_overlap": 1.0,
  "normalized_input_overlap": 1.0,
  "holdout_overlap": 0.0,
  "normalized_holdout_overlap": 0.0,
  "nearest_input_similarity_mean": 1.0,
  "nearest_input_similarity_median": 1.0,
  "nearest_input_similarity_p90": 1.0,
  "nearest_char3_jaccard_mean": 1.0,
  "nearest_char3_jaccard_median": 1.0,
  "nearest_char3_jaccard_p90": 1.0,
  "nearest_token_jaccard_mean": 1.0,
  "nearest_token_jaccard_median": 1.0,
  "nearest_token_jaccard_p90": 1.0,
  "nearest_edit_similarity_mean": 0.9999324882495371,
  "nearest_edit_similarity_median": 1.0,
  "nearest_edit_similarity_p90": 1.0,
  "nearest_feature_cosine_mean": 0.9999991098719171,
  "nearest_feature_cosine_median": 1.0,
  "nearest_feature_cosine_p90": 1.0000000000000002,
  "nearest_input_distance_mean": 0.0,
  "nearest_input_distance_median": 0.0,
  "nearest_input_distance_p90": 0.0,
  "mean_nearest_similarity": 1.0,
  "median_nearest_similarity": 1.0,
  "p90_nearest_similarity": 1.0,
  "unique_nearest_payload_rate": 0.262,
  "dominant_retrieved_payload_share": 0.042,
  "nearest_reference_count": 312,
  "distinct_1": 0.021509506433647015,
  "distinct_2": 0.056284042767803105,
  "distinct_3": 0.06883365200764818,
  "lexical_diversity": 0.021509506433647015,
  "character_diversity": 0.7976341489888265,
  "token_diversity": 0.6421378076940902,
  "keyword_diversity": 0.8098041020867198,
  "operator_diversity": 0.38448327307341934,
  "function_diversity": 0.7716373111032644,
  "comment_style_diversity": 0.6666666666666666,
  "length_zone_diversity": 0.4,
  "self_bleu": 0.9981362234372472,
  "self_bleu_char": 0.9981362234372472,
  "requested_count": 500,
  "generated_count_fraction": 1.0
}
