{
  "metric_schema_version": "quality-metrics-v3",
  "normalization_version": "nfkc_html_percent1_casefold_ws_quotes_v1",
  "seed": 88,
  "method": "smote",
  "family": "union",
  "scenario": "F",
  "ratio": "500",
  "generation_kind": "retrieval",
  "schema_valid": true,
  "stop_reason": "n/a",
  "n_generated": 500,
  "unique_rate": 0.062,
  "normalized_unique_rate": 0.062,
  "duplicate_rate": 0.938,
  "model_collapse_rate": 0.938,
  "dominant_payload_share": 0.06,
  "normalized_dominant_payload_share": 0.06,
  "sql_parse_rate": 1.0,
  "sql_structure_rate": 1.0,
  "family_motif_coverage": 0.75,
  "family_motif_hit_rate": 1.0,
  "garbage_rate": 0.0,
  "wellformed_rate": 1.0,
  "shaped_rate": 1.0,
  "family_motif_coverage_by_family": {
    "union": 0.75
  },
  "family_motif_hit_rate_by_family": {
    "union": 1.0
  },
  "inferred_family_distribution": {
    "boolean": 0.0,
    "union": 1.0,
    "time": 0.0,
    "error": 0.0,
    "other": 0.0
  },
  "train_reference_count": 31,
  "holdout_reference_count": 419,
  "exact_input_overlap": 1.0,
  "normalized_input_overlap": 1.0,
  "holdout_overlap": 0.0,
  "normalized_holdout_overlap": 0.0,
  "nearest_input_similarity_mean": 1.0,
  "nearest_input_similarity_median": 1.0,
  "nearest_input_similarity_p90": 1.0,
  "nearest_char3_jaccard_mean": 1.0,
  "nearest_char3_jaccard_median": 1.0,
  "nearest_char3_jaccard_p90": 1.0,
  "nearest_token_jaccard_mean": 1.0,
  "nearest_token_jaccard_median": 1.0,
  "nearest_token_jaccard_p90": 1.0,
  "nearest_edit_similarity_mean": 1.0,
  "nearest_edit_similarity_median": 1.0,
  "nearest_edit_similarity_p90": 1.0,
  "nearest_feature_cosine_mean": 1.0,
  "nearest_feature_cosine_median": 1.0,
  "nearest_feature_cosine_p90": 1.0000000000000002,
  "nearest_input_distance_mean": 0.0,
  "nearest_input_distance_median": 0.0,
  "nearest_input_distance_p90": 0.0,
  "mean_nearest_similarity": 1.0,
  "median_nearest_similarity": 1.0,
  "p90_nearest_similarity": 1.0,
  "unique_nearest_payload_rate": 0.062,
  "dominant_retrieved_payload_share": 0.06,
  "nearest_reference_count": 31,
  "distinct_1": 0.010455413692570624,
  "distinct_2": 0.02805123319572351,
  "distinct_3": 0.03319548451995082,
  "lexical_diversity": 0.010455413692570624,
  "character_diversity": 0.8429199346926602,
  "token_diversity": 0.8003956290875058,
  "keyword_diversity": 0.8622290108217537,
  "operator_diversity": 0.7261826148086236,
  "function_diversity": 0.8904916402194913,
  "comment_style_diversity": 0.3333333333333333,
  "length_zone_diversity": 0.6,
  "self_bleu": 1.0,
  "self_bleu_char": 1.0,
  "requested_count": 500,
  "generated_count_fraction": 1.0
}
