{
  "metric_schema_version": "quality-metrics-v3",
  "normalization_version": "nfkc_html_percent1_casefold_ws_quotes_v1",
  "seed": 88,
  "method": "seqgan_master",
  "family": "error",
  "scenario": "A",
  "ratio": "50",
  "generation_kind": "direct",
  "schema_valid": true,
  "stop_reason": "n/a",
  "n_generated": 200,
  "unique_rate": 1.0,
  "normalized_unique_rate": 0.995,
  "duplicate_rate": 0.0,
  "model_collapse_rate": 0.0,
  "dominant_payload_share": 0.005,
  "normalized_dominant_payload_share": 0.01,
  "sql_parse_rate": 1.0,
  "sql_structure_rate": 0.06,
  "family_motif_coverage": 0.0,
  "family_motif_hit_rate": 0.0,
  "garbage_rate": 0.94,
  "wellformed_rate": 1.0,
  "shaped_rate": 0.06,
  "family_motif_coverage_by_family": {
    "error": 0.0
  },
  "family_motif_hit_rate_by_family": {
    "error": 0.0
  },
  "inferred_family_distribution": {
    "boolean": 0.0,
    "union": 0.0,
    "time": 0.0,
    "error": 0.0,
    "other": 1.0
  },
  "train_reference_count": 312,
  "holdout_reference_count": 259,
  "exact_input_overlap": 0.0,
  "normalized_input_overlap": 0.0,
  "holdout_overlap": 0.0,
  "normalized_holdout_overlap": 0.0,
  "nearest_input_similarity_mean": 0.04020394800618076,
  "nearest_input_similarity_median": 0.0392156862745098,
  "nearest_input_similarity_p90": 0.061274880322499364,
  "nearest_char3_jaccard_mean": 0.04020394800618076,
  "nearest_char3_jaccard_median": 0.0392156862745098,
  "nearest_char3_jaccard_p90": 0.061274880322499364,
  "nearest_token_jaccard_mean": 0.0978198979966347,
  "nearest_token_jaccard_median": 0.09761904761904762,
  "nearest_token_jaccard_p90": 0.16666666666666666,
  "nearest_edit_similarity_mean": 0.09131474125422075,
  "nearest_edit_similarity_median": 0.09282051282051285,
  "nearest_edit_similarity_p90": 0.11956521739130432,
  "nearest_feature_cosine_mean": 0.6933923870945297,
  "nearest_feature_cosine_median": 0.7304569630052637,
  "nearest_feature_cosine_p90": 0.8871019729544046,
  "nearest_input_distance_mean": 0.9597960519938192,
  "nearest_input_distance_median": 0.9607843137254902,
  "nearest_input_distance_p90": 0.9808055152394775,
  "mean_nearest_similarity": 0.04020394800618076,
  "median_nearest_similarity": 0.0392156862745098,
  "p90_nearest_similarity": 0.061274880322499364,
  "unique_nearest_payload_rate": 0.405,
  "dominant_retrieved_payload_share": 0.18,
  "nearest_reference_count": 312,
  "distinct_1": 0.3115808823529412,
  "distinct_2": 0.6306306306306306,
  "distinct_3": 0.7764876632801161,
  "lexical_diversity": 0.3115808823529412,
  "character_diversity": 0.7714680926375034,
  "token_diversity": 0.6626681989696683,
  "keyword_diversity": 0.9967916319816367,
  "operator_diversity": 0.7937019485395074,
  "function_diversity": 0.9825675930733636,
  "comment_style_diversity": 0.3333333333333333,
  "length_zone_diversity": 0.2,
  "self_bleu": 0.6081289679070772,
  "self_bleu_char": 0.6081289679070772,
  "requested_count": 200,
  "generated_count_fraction": 1.0
}
