{
  "metric_schema_version": "quality-metrics-v3",
  "normalization_version": "nfkc_html_percent1_casefold_ws_quotes_v1",
  "seed": 88,
  "method": "seqgan_improved",
  "family": "union",
  "scenario": "D",
  "ratio": "200",
  "generation_kind": "direct",
  "schema_valid": true,
  "stop_reason": "n/a",
  "n_generated": 500,
  "unique_rate": 0.998,
  "normalized_unique_rate": 0.998,
  "duplicate_rate": 0.0020000000000000018,
  "model_collapse_rate": 0.0020000000000000018,
  "dominant_payload_share": 0.004,
  "normalized_dominant_payload_share": 0.004,
  "sql_parse_rate": 1.0,
  "sql_structure_rate": 0.886,
  "family_motif_coverage": 1.0,
  "family_motif_hit_rate": 0.606,
  "garbage_rate": 0.11399999999999999,
  "wellformed_rate": 1.0,
  "shaped_rate": 0.886,
  "family_motif_coverage_by_family": {
    "union": 1.0
  },
  "family_motif_hit_rate_by_family": {
    "union": 0.606
  },
  "inferred_family_distribution": {
    "boolean": 0.004,
    "union": 0.606,
    "time": 0.0,
    "error": 0.0,
    "other": 0.39
  },
  "train_reference_count": 78,
  "holdout_reference_count": 419,
  "exact_input_overlap": 0.0,
  "normalized_input_overlap": 0.0,
  "holdout_overlap": 0.0,
  "normalized_holdout_overlap": 0.0,
  "nearest_input_similarity_mean": 0.3476523353292755,
  "nearest_input_similarity_median": 0.3333333333333333,
  "nearest_input_similarity_p90": 0.5568181818181821,
  "nearest_char3_jaccard_mean": 0.3476523353292755,
  "nearest_char3_jaccard_median": 0.3333333333333333,
  "nearest_char3_jaccard_p90": 0.5568181818181821,
  "nearest_token_jaccard_mean": 0.35986389903140137,
  "nearest_token_jaccard_median": 0.36363636363636365,
  "nearest_token_jaccard_p90": 0.6,
  "nearest_edit_similarity_mean": 0.38855120798578285,
  "nearest_edit_similarity_median": 0.3789364230540701,
  "nearest_edit_similarity_p90": 0.6027598710717164,
  "nearest_feature_cosine_mean": 0.8726311552910071,
  "nearest_feature_cosine_median": 0.9332118346101187,
  "nearest_feature_cosine_p90": 0.986051307105956,
  "nearest_input_distance_mean": 0.6523476646707245,
  "nearest_input_distance_median": 0.6666666666666667,
  "nearest_input_distance_p90": 0.8232649498035792,
  "mean_nearest_similarity": 0.3476523353292755,
  "median_nearest_similarity": 0.3333333333333333,
  "p90_nearest_similarity": 0.5568181818181821,
  "unique_nearest_payload_rate": 0.12,
  "dominant_retrieved_payload_share": 0.114,
  "nearest_reference_count": 78,
  "distinct_1": 0.06454410307234885,
  "distinct_2": 0.1872688853671421,
  "distinct_3": 0.3363431151241535,
  "lexical_diversity": 0.06454410307234885,
  "character_diversity": 0.760599254858563,
  "token_diversity": 0.5275334942700598,
  "keyword_diversity": 0.6912803790183761,
  "operator_diversity": 0.6575756107475657,
  "function_diversity": 0.9483694128205546,
  "comment_style_diversity": 0.6666666666666666,
  "length_zone_diversity": 1.0,
  "self_bleu": 0.9254053377257695,
  "self_bleu_char": 0.9254053377257695,
  "requested_count": 500,
  "generated_count_fraction": 1.0
}
