
[1/3] pretrain G
G epoch=1/60 loss=5.3398
G epoch=2/60 loss=5.2393
G epoch=3/60 loss=5.1332
G epoch=4/60 loss=5.0136
G epoch=5/60 loss=4.8723
G epoch=6/60 loss=4.6938
G epoch=7/60 loss=4.4847
G epoch=8/60 loss=4.2231
G epoch=9/60 loss=3.9814
G epoch=10/60 loss=3.7494
G epoch=11/60 loss=3.5195
G epoch=12/60 loss=3.3494
G epoch=13/60 loss=3.1817
G epoch=14/60 loss=3.1083
G epoch=15/60 loss=2.9413
G epoch=16/60 loss=2.8544
G epoch=17/60 loss=2.7872
G epoch=18/60 loss=2.7655
G epoch=19/60 loss=2.6493
G epoch=20/60 loss=2.6455
G epoch=21/60 loss=2.5137
G epoch=22/60 loss=2.4877
G epoch=23/60 loss=2.4533
G epoch=24/60 loss=2.3008
G epoch=25/60 loss=2.3043
G epoch=26/60 loss=2.2624
G epoch=27/60 loss=2.2434
G epoch=28/60 loss=2.1829
G epoch=29/60 loss=2.0751
G epoch=30/60 loss=2.0590
G epoch=31/60 loss=2.0089
G epoch=32/60 loss=1.9935
G epoch=33/60 loss=1.9325
G epoch=34/60 loss=1.8618
G epoch=35/60 loss=1.8539
G epoch=36/60 loss=1.7791
G epoch=37/60 loss=1.7689
G epoch=38/60 loss=1.6606
G epoch=39/60 loss=1.6755
G epoch=40/60 loss=1.6581
G epoch=41/60 loss=1.5940
G epoch=42/60 loss=1.6006
G epoch=43/60 loss=1.6044
G epoch=44/60 loss=1.5111
G epoch=45/60 loss=1.5192
G epoch=46/60 loss=1.5230
G epoch=47/60 loss=1.4505
G epoch=48/60 loss=1.4366
G epoch=49/60 loss=1.3858
G epoch=50/60 loss=1.3639
G epoch=51/60 loss=1.3355
G epoch=52/60 loss=1.3035
G epoch=53/60 loss=1.3137
G epoch=54/60 loss=1.2831
G epoch=55/60 loss=1.2497
G epoch=56/60 loss=1.2703
G epoch=57/60 loss=1.2499
G epoch=58/60 loss=1.2222
G epoch=59/60 loss=1.1811
G epoch=60/60 loss=1.1886

[2/3] pretrain D
D step=1/30 epoch=1/3 loss=0.8243 l2=0.2000 label_smoothing=0.050
D step=1/30 epoch=2/3 loss=0.7416 l2=0.2000 label_smoothing=0.050
D step=1/30 epoch=3/3 loss=0.7427 l2=0.2000 label_smoothing=0.050
D step=2/30 epoch=1/3 loss=0.7395 l2=0.2000 label_smoothing=0.050
D step=2/30 epoch=2/3 loss=0.6998 l2=0.2000 label_smoothing=0.050
D step=2/30 epoch=3/3 loss=0.6871 l2=0.2000 label_smoothing=0.050
D step=3/30 epoch=1/3 loss=0.6715 l2=0.2000 label_smoothing=0.050
D step=3/30 epoch=2/3 loss=0.6292 l2=0.2000 label_smoothing=0.050
D step=3/30 epoch=3/3 loss=0.6449 l2=0.2000 label_smoothing=0.050
D step=4/30 epoch=1/3 loss=0.6145 l2=0.2000 label_smoothing=0.050
D step=4/30 epoch=2/3 loss=0.6102 l2=0.2000 label_smoothing=0.050
D step=4/30 epoch=3/3 loss=0.5928 l2=0.2000 label_smoothing=0.050
D step=5/30 epoch=1/3 loss=0.5616 l2=0.2000 label_smoothing=0.050
D step=5/30 epoch=2/3 loss=0.5493 l2=0.2000 label_smoothing=0.050
D step=5/30 epoch=3/3 loss=0.5294 l2=0.2000 label_smoothing=0.050
D step=6/30 epoch=1/3 loss=0.5171 l2=0.2000 label_smoothing=0.050
D step=6/30 epoch=2/3 loss=0.4823 l2=0.2000 label_smoothing=0.050
D step=6/30 epoch=3/3 loss=0.4685 l2=0.2000 label_smoothing=0.050
D step=7/30 epoch=1/3 loss=0.4923 l2=0.2000 label_smoothing=0.050
D step=7/30 epoch=2/3 loss=0.4599 l2=0.2000 label_smoothing=0.050
D step=7/30 epoch=3/3 loss=0.4537 l2=0.2000 label_smoothing=0.050
D step=8/30 epoch=1/3 loss=0.4388 l2=0.2000 label_smoothing=0.050
D step=8/30 epoch=2/3 loss=0.3956 l2=0.2000 label_smoothing=0.050
D step=8/30 epoch=3/3 loss=0.3759 l2=0.2000 label_smoothing=0.050
D step=9/30 epoch=1/3 loss=0.3726 l2=0.2000 label_smoothing=0.050
D step=9/30 epoch=2/3 loss=0.3759 l2=0.2000 label_smoothing=0.050
D step=9/30 epoch=3/3 loss=0.3424 l2=0.2000 label_smoothing=0.050
D step=10/30 epoch=1/3 loss=0.3416 l2=0.2000 label_smoothing=0.050
D step=10/30 epoch=2/3 loss=0.3416 l2=0.2000 label_smoothing=0.050
D step=10/30 epoch=3/3 loss=0.3180 l2=0.2000 label_smoothing=0.050
D step=11/30 epoch=1/3 loss=0.3099 l2=0.2000 label_smoothing=0.050
D step=11/30 epoch=2/3 loss=0.2952 l2=0.2000 label_smoothing=0.050
D step=11/30 epoch=3/3 loss=0.2835 l2=0.2000 label_smoothing=0.050
D step=12/30 epoch=1/3 loss=0.2819 l2=0.2000 label_smoothing=0.050
D step=12/30 epoch=2/3 loss=0.2597 l2=0.2000 label_smoothing=0.050
D step=12/30 epoch=3/3 loss=0.2598 l2=0.2000 label_smoothing=0.050
D step=13/30 epoch=1/3 loss=0.2612 l2=0.2000 label_smoothing=0.050
D step=13/30 epoch=2/3 loss=0.2568 l2=0.2000 label_smoothing=0.050
D step=13/30 epoch=3/3 loss=0.2469 l2=0.2000 label_smoothing=0.050
D step=14/30 epoch=1/3 loss=0.2701 l2=0.2000 label_smoothing=0.050
D step=14/30 epoch=2/3 loss=0.2557 l2=0.2000 label_smoothing=0.050
D step=14/30 epoch=3/3 loss=0.2569 l2=0.2000 label_smoothing=0.050
D step=15/30 epoch=1/3 loss=0.2274 l2=0.2000 label_smoothing=0.050
D step=15/30 epoch=2/3 loss=0.2256 l2=0.2000 label_smoothing=0.050
D step=15/30 epoch=3/3 loss=0.2280 l2=0.2000 label_smoothing=0.050
D step=16/30 epoch=1/3 loss=0.2440 l2=0.2000 label_smoothing=0.050
D step=16/30 epoch=2/3 loss=0.2484 l2=0.2000 label_smoothing=0.050
D step=16/30 epoch=3/3 loss=0.2363 l2=0.2000 label_smoothing=0.050
D step=17/30 epoch=1/3 loss=0.2454 l2=0.2000 label_smoothing=0.050
D step=17/30 epoch=2/3 loss=0.2552 l2=0.2000 label_smoothing=0.050
D step=17/30 epoch=3/3 loss=0.2388 l2=0.2000 label_smoothing=0.050
D step=18/30 epoch=1/3 loss=0.2197 l2=0.2000 label_smoothing=0.050
D step=18/30 epoch=2/3 loss=0.2255 l2=0.2000 label_smoothing=0.050
D step=18/30 epoch=3/3 loss=0.2211 l2=0.2000 label_smoothing=0.050
D step=19/30 epoch=1/3 loss=0.2292 l2=0.2000 label_smoothing=0.050
D step=19/30 epoch=2/3 loss=0.2208 l2=0.2000 label_smoothing=0.050
D step=19/30 epoch=3/3 loss=0.2121 l2=0.2000 label_smoothing=0.050
D step=20/30 epoch=1/3 loss=0.2169 l2=0.2000 label_smoothing=0.050
D step=20/30 epoch=2/3 loss=0.2186 l2=0.2000 label_smoothing=0.050
D step=20/30 epoch=3/3 loss=0.2214 l2=0.2000 label_smoothing=0.050
D step=21/30 epoch=1/3 loss=0.2040 l2=0.2000 label_smoothing=0.050
D step=21/30 epoch=2/3 loss=0.2050 l2=0.2000 label_smoothing=0.050
D step=21/30 epoch=3/3 loss=0.1989 l2=0.2000 label_smoothing=0.050
D step=22/30 epoch=1/3 loss=0.2045 l2=0.2000 label_smoothing=0.050
D step=22/30 epoch=2/3 loss=0.2048 l2=0.2000 label_smoothing=0.050
D step=22/30 epoch=3/3 loss=0.2042 l2=0.2000 label_smoothing=0.050
D step=23/30 epoch=1/3 loss=0.2007 l2=0.2000 label_smoothing=0.050
D step=23/30 epoch=2/3 loss=0.1998 l2=0.2000 label_smoothing=0.050
D step=23/30 epoch=3/3 loss=0.1984 l2=0.2000 label_smoothing=0.050
D step=24/30 epoch=1/3 loss=0.2083 l2=0.2000 label_smoothing=0.050
D step=24/30 epoch=2/3 loss=0.2054 l2=0.2000 label_smoothing=0.050
D step=24/30 epoch=3/3 loss=0.2050 l2=0.2000 label_smoothing=0.050
D step=25/30 epoch=1/3 loss=0.1970 l2=0.2000 label_smoothing=0.050
D step=25/30 epoch=2/3 loss=0.1967 l2=0.2000 label_smoothing=0.050
D step=25/30 epoch=3/3 loss=0.1947 l2=0.2000 label_smoothing=0.050
D step=26/30 epoch=1/3 loss=0.2155 l2=0.2000 label_smoothing=0.050
D step=26/30 epoch=2/3 loss=0.2106 l2=0.2000 label_smoothing=0.050
D step=26/30 epoch=3/3 loss=0.1994 l2=0.2000 label_smoothing=0.050
D step=27/30 epoch=1/3 loss=0.2099 l2=0.2000 label_smoothing=0.050
D step=27/30 epoch=2/3 loss=0.2104 l2=0.2000 label_smoothing=0.050
D step=27/30 epoch=3/3 loss=0.2125 l2=0.2000 label_smoothing=0.050
D step=28/30 epoch=1/3 loss=0.2026 l2=0.2000 label_smoothing=0.050
D step=28/30 epoch=2/3 loss=0.2002 l2=0.2000 label_smoothing=0.050
D step=28/30 epoch=3/3 loss=0.1968 l2=0.2000 label_smoothing=0.050
D step=29/30 epoch=1/3 loss=0.2097 l2=0.2000 label_smoothing=0.050
D step=29/30 epoch=2/3 loss=0.1990 l2=0.2000 label_smoothing=0.050
D step=29/30 epoch=3/3 loss=0.2059 l2=0.2000 label_smoothing=0.050
D step=30/30 epoch=1/3 loss=0.2182 l2=0.2000 label_smoothing=0.050
D step=30/30 epoch=2/3 loss=0.2126 l2=0.2000 label_smoothing=0.050
D step=30/30 epoch=3/3 loss=0.2169 l2=0.2000 label_smoothing=0.050

[3/3] adversarial
generator_reward_mode=off reward_alpha=1.000 d_steps=5 d_epochs=3
D step=1/5 epoch=1/3 loss=0.2114 l2=0.2000 label_smoothing=0.050
D step=1/5 epoch=2/3 loss=0.2082 l2=0.2000 label_smoothing=0.050
D step=1/5 epoch=3/3 loss=0.2020 l2=0.2000 label_smoothing=0.050
D step=2/5 epoch=1/3 loss=0.1888 l2=0.2000 label_smoothing=0.050
D step=2/5 epoch=2/3 loss=0.1879 l2=0.2000 label_smoothing=0.050
D step=2/5 epoch=3/3 loss=0.1854 l2=0.2000 label_smoothing=0.050
D step=3/5 epoch=1/3 loss=0.2036 l2=0.2000 label_smoothing=0.050
D step=3/5 epoch=2/3 loss=0.1953 l2=0.2000 label_smoothing=0.050
D step=3/5 epoch=3/3 loss=0.1903 l2=0.2000 label_smoothing=0.050
D step=4/5 epoch=1/3 loss=0.1906 l2=0.2000 label_smoothing=0.050
D step=4/5 epoch=2/3 loss=0.1933 l2=0.2000 label_smoothing=0.050
D step=4/5 epoch=3/3 loss=0.1866 l2=0.2000 label_smoothing=0.050
D step=5/5 epoch=1/3 loss=0.1934 l2=0.2000 label_smoothing=0.050
D step=5/5 epoch=2/3 loss=0.1908 l2=0.2000 label_smoothing=0.050
D step=5/5 epoch=3/3 loss=0.1849 l2=0.2000 label_smoothing=0.050
ADV epoch=1/60 g_loss=0.0442 d_loss=0.1942 reward=0.0275 reward_var=0.0012 unique=1.0000
D step=1/5 epoch=1/3 loss=0.2058 l2=0.2000 label_smoothing=0.050
D step=1/5 epoch=2/3 loss=0.1925 l2=0.2000 label_smoothing=0.050
D step=1/5 epoch=3/3 loss=0.1969 l2=0.2000 label_smoothing=0.050
D step=2/5 epoch=1/3 loss=0.1913 l2=0.2000 label_smoothing=0.050
D step=2/5 epoch=2/3 loss=0.1892 l2=0.2000 label_smoothing=0.050
D step=2/5 epoch=3/3 loss=0.1869 l2=0.2000 label_smoothing=0.050
D step=3/5 epoch=1/3 loss=0.2007 l2=0.2000 label_smoothing=0.050
D step=3/5 epoch=2/3 loss=0.1962 l2=0.2000 label_smoothing=0.050
D step=3/5 epoch=3/3 loss=0.1974 l2=0.2000 label_smoothing=0.050
D step=4/5 epoch=1/3 loss=0.1875 l2=0.2000 label_smoothing=0.050
D step=4/5 epoch=2/3 loss=0.1847 l2=0.2000 label_smoothing=0.050
D step=4/5 epoch=3/3 loss=0.1807 l2=0.2000 label_smoothing=0.050
D step=5/5 epoch=1/3 loss=0.1760 l2=0.2000 label_smoothing=0.050
D step=5/5 epoch=2/3 loss=0.1762 l2=0.2000 label_smoothing=0.050
D step=5/5 epoch=3/3 loss=0.1758 l2=0.2000 label_smoothing=0.050
ADV epoch=2/60 g_loss=0.0515 d_loss=0.1892 reward=0.0341 reward_var=0.0020 unique=0.9800
D step=1/5 epoch=1/3 loss=0.1838 l2=0.2000 label_smoothing=0.050
D step=1/5 epoch=2/3 loss=0.1805 l2=0.2000 label_smoothing=0.050
D step=1/5 epoch=3/3 loss=0.1773 l2=0.2000 label_smoothing=0.050
D step=2/5 epoch=1/3 loss=0.1749 l2=0.2000 label_smoothing=0.050
D step=2/5 epoch=2/3 loss=0.1757 l2=0.2000 label_smoothing=0.050
D step=2/5 epoch=3/3 loss=0.1719 l2=0.2000 label_smoothing=0.050
D step=3/5 epoch=1/3 loss=0.1712 l2=0.2000 label_smoothing=0.050
D step=3/5 epoch=2/3 loss=0.1741 l2=0.2000 label_smoothing=0.050
D step=3/5 epoch=3/3 loss=0.1712 l2=0.2000 label_smoothing=0.050
D step=4/5 epoch=1/3 loss=0.1741 l2=0.2000 label_smoothing=0.050
D step=4/5 epoch=2/3 loss=0.1714 l2=0.2000 label_smoothing=0.050
D step=4/5 epoch=3/3 loss=0.1737 l2=0.2000 label_smoothing=0.050
D step=5/5 epoch=1/3 loss=0.1721 l2=0.2000 label_smoothing=0.050
D step=5/5 epoch=2/3 loss=0.1722 l2=0.2000 label_smoothing=0.050
D step=5/5 epoch=3/3 loss=0.1727 l2=0.2000 label_smoothing=0.050
ADV epoch=3/60 g_loss=0.0522 d_loss=0.1745 reward=0.0348 reward_var=0.0034 unique=1.0000
saved 500 raw samples to /content/drive/MyDrive/GAN/GAN_SQLi_Colab/results_seqgan_phase2b_phase3/phase3/seqgan_improved/union/D/R200/V2/generated_payloads.csv
