{
  "metric_schema_version": "quality-metrics-v3",
  "normalization_version": "nfkc_html_percent1_casefold_ws_quotes_v1",
  "seed": 88,
  "method": "seqgan_master",
  "family": "time",
  "scenario": "A",
  "ratio": "500",
  "generation_kind": "direct",
  "schema_valid": true,
  "stop_reason": "n/a",
  "n_generated": 2000,
  "unique_rate": 0.986,
  "normalized_unique_rate": 0.9855,
  "duplicate_rate": 0.014000000000000012,
  "model_collapse_rate": 0.014000000000000012,
  "dominant_payload_share": 0.002,
  "normalized_dominant_payload_share": 0.002,
  "sql_parse_rate": 1.0,
  "sql_structure_rate": 0.0,
  "family_motif_coverage": 0.0,
  "family_motif_hit_rate": 0.0,
  "garbage_rate": 1.0,
  "wellformed_rate": 1.0,
  "shaped_rate": 0.0,
  "family_motif_coverage_by_family": {
    "time": 0.0
  },
  "family_motif_hit_rate_by_family": {
    "time": 0.0
  },
  "inferred_family_distribution": {
    "boolean": 0.0,
    "union": 0.0,
    "time": 0.0,
    "error": 0.0,
    "other": 1.0
  },
  "train_reference_count": 31,
  "holdout_reference_count": 296,
  "exact_input_overlap": 0.0,
  "normalized_input_overlap": 0.0,
  "holdout_overlap": 0.0,
  "normalized_holdout_overlap": 0.0,
  "nearest_input_similarity_mean": 0.040860264382211325,
  "nearest_input_similarity_median": 0.04,
  "nearest_input_similarity_p90": 0.058823529411764705,
  "nearest_char3_jaccard_mean": 0.040860264382211325,
  "nearest_char3_jaccard_median": 0.04,
  "nearest_char3_jaccard_p90": 0.058823529411764705,
  "nearest_token_jaccard_mean": 0.0059178446553446555,
  "nearest_token_jaccard_median": 0.0,
  "nearest_token_jaccard_p90": 0.0,
  "nearest_edit_similarity_mean": 0.15808191656853293,
  "nearest_edit_similarity_median": 0.15000000000000002,
  "nearest_edit_similarity_p90": 0.21739130434782605,
  "nearest_feature_cosine_mean": 0.7723538810799159,
  "nearest_feature_cosine_median": 0.7157542978269766,
  "nearest_feature_cosine_p90": 0.898669530334275,
  "nearest_input_distance_mean": 0.9591397356177886,
  "nearest_input_distance_median": 0.96,
  "nearest_input_distance_p90": 0.9863013698630136,
  "mean_nearest_similarity": 0.040860264382211325,
  "median_nearest_similarity": 0.04,
  "p90_nearest_similarity": 0.058823529411764705,
  "unique_nearest_payload_rate": 0.0055,
  "dominant_retrieved_payload_share": 0.681,
  "nearest_reference_count": 31,
  "distinct_1": 0.926605504587156,
  "distinct_2": 0.9680851063829787,
  "distinct_3": 1.0,
  "lexical_diversity": 0.926605504587156,
  "character_diversity": 0.5398154695255915,
  "token_diversity": 0.9815562181897052,
  "keyword_diversity": 0.0,
  "operator_diversity": 0.0,
  "function_diversity": 0.9924055974491335,
  "comment_style_diversity": 0.3333333333333333,
  "length_zone_diversity": 0.2,
  "self_bleu": 0.9890082843616496,
  "self_bleu_char": 0.9890082843616496,
  "requested_count": 2000,
  "generated_count_fraction": 1.0
}
