
[1/3] pretrain G
G epoch=1/160 loss=4.5036
G epoch=2/160 loss=4.0951
G epoch=3/160 loss=3.6118
G epoch=4/160 loss=3.0859
G epoch=5/160 loss=2.8306
G epoch=6/160 loss=2.7438
G epoch=7/160 loss=2.6382
G epoch=8/160 loss=2.5581
G epoch=9/160 loss=2.4396
G epoch=10/160 loss=2.3677
G epoch=11/160 loss=2.2920
G epoch=12/160 loss=2.2509
G epoch=13/160 loss=2.1721
G epoch=14/160 loss=2.1020
G epoch=15/160 loss=2.0389
G epoch=16/160 loss=1.9729
G epoch=17/160 loss=1.8772
G epoch=18/160 loss=1.8644
G epoch=19/160 loss=1.7944
G epoch=20/160 loss=1.7783
G epoch=21/160 loss=1.7626
G epoch=22/160 loss=1.6733
G epoch=23/160 loss=1.6426
G epoch=24/160 loss=1.6028
G epoch=25/160 loss=1.5925
G epoch=26/160 loss=1.5569
G epoch=27/160 loss=1.4825
G epoch=28/160 loss=1.4794
G epoch=29/160 loss=1.4484
G epoch=30/160 loss=1.4239
G epoch=31/160 loss=1.3955
G epoch=32/160 loss=1.3803
G epoch=33/160 loss=1.3586
G epoch=34/160 loss=1.3578
G epoch=35/160 loss=1.3130
G epoch=36/160 loss=1.2525
G epoch=37/160 loss=1.2577
G epoch=38/160 loss=1.2272
G epoch=39/160 loss=1.2201
G epoch=40/160 loss=1.2390
G epoch=41/160 loss=1.2062
G epoch=42/160 loss=1.1934
G epoch=43/160 loss=1.1541
G epoch=44/160 loss=1.1508
G epoch=45/160 loss=1.1376
G epoch=46/160 loss=1.0935
G epoch=47/160 loss=1.1096
G epoch=48/160 loss=1.1000
G epoch=49/160 loss=1.0547
G epoch=50/160 loss=1.0480
G epoch=51/160 loss=1.0554
G epoch=52/160 loss=1.0289
G epoch=53/160 loss=1.0223
G epoch=54/160 loss=1.0009
G epoch=55/160 loss=0.9871
G epoch=56/160 loss=0.9757
G epoch=57/160 loss=0.9703
G epoch=58/160 loss=0.9569
G epoch=59/160 loss=0.9276
G epoch=60/160 loss=0.9639
G epoch=61/160 loss=0.9351
G epoch=62/160 loss=0.9195
G epoch=63/160 loss=0.9278
G epoch=64/160 loss=0.9167
G epoch=65/160 loss=0.9128
G epoch=66/160 loss=0.8884
G epoch=67/160 loss=0.8960
G epoch=68/160 loss=0.8866
G epoch=69/160 loss=0.8635
G epoch=70/160 loss=0.8831
G epoch=71/160 loss=0.8695
G epoch=72/160 loss=0.8594
G epoch=73/160 loss=0.8313
G epoch=74/160 loss=0.8246
G epoch=75/160 loss=0.8290
G epoch=76/160 loss=0.8189
G epoch=77/160 loss=0.7872
G epoch=78/160 loss=0.8131
G epoch=79/160 loss=0.7839
G epoch=80/160 loss=0.7992
G epoch=81/160 loss=0.7512
G epoch=82/160 loss=0.7794
G epoch=83/160 loss=0.7783
G epoch=84/160 loss=0.7459
G epoch=85/160 loss=0.7611
G epoch=86/160 loss=0.7373
G epoch=87/160 loss=0.7360
G epoch=88/160 loss=0.7279
G epoch=89/160 loss=0.7275
G epoch=90/160 loss=0.7100
G epoch=91/160 loss=0.7021
G epoch=92/160 loss=0.7245
G epoch=93/160 loss=0.7154
G epoch=94/160 loss=0.6884
G epoch=95/160 loss=0.6951
G epoch=96/160 loss=0.6762
G epoch=97/160 loss=0.6878
G epoch=98/160 loss=0.6829
G epoch=99/160 loss=0.6681
G epoch=100/160 loss=0.6741
G epoch=101/160 loss=0.6600
G epoch=102/160 loss=0.6502
G epoch=103/160 loss=0.6372
G epoch=104/160 loss=0.6564
G epoch=105/160 loss=0.6425
G epoch=106/160 loss=0.6400
G epoch=107/160 loss=0.6548
G epoch=108/160 loss=0.6341
G epoch=109/160 loss=0.6435
G epoch=110/160 loss=0.6232
G epoch=111/160 loss=0.6214
G epoch=112/160 loss=0.6144
G epoch=113/160 loss=0.6256
G epoch=114/160 loss=0.6178
G epoch=115/160 loss=0.6017
G epoch=116/160 loss=0.6101
G epoch=117/160 loss=0.5938
G epoch=118/160 loss=0.5901
G epoch=119/160 loss=0.5919
G epoch=120/160 loss=0.5736
G epoch=121/160 loss=0.5939
G epoch=122/160 loss=0.5828
G epoch=123/160 loss=0.5813
G epoch=124/160 loss=0.5766
G epoch=125/160 loss=0.5775
G epoch=126/160 loss=0.5616
G epoch=127/160 loss=0.5741
G epoch=128/160 loss=0.5614
G epoch=129/160 loss=0.5526
G epoch=130/160 loss=0.5404
G epoch=131/160 loss=0.5560
G epoch=132/160 loss=0.5460
G epoch=133/160 loss=0.5403
G epoch=134/160 loss=0.5543
G epoch=135/160 loss=0.5345
G epoch=136/160 loss=0.5351
G epoch=137/160 loss=0.5306
G epoch=138/160 loss=0.5359
G epoch=139/160 loss=0.5363
G epoch=140/160 loss=0.5345
G epoch=141/160 loss=0.5315
G epoch=142/160 loss=0.5156
G epoch=143/160 loss=0.5272
G epoch=144/160 loss=0.5165
G epoch=145/160 loss=0.5203
G epoch=146/160 loss=0.5210
G epoch=147/160 loss=0.5201
G epoch=148/160 loss=0.5124
G epoch=149/160 loss=0.5027
G epoch=150/160 loss=0.5108
G epoch=151/160 loss=0.5086
G epoch=152/160 loss=0.5115
G epoch=153/160 loss=0.5043
G epoch=154/160 loss=0.4972
G epoch=155/160 loss=0.4902
G epoch=156/160 loss=0.4917
G epoch=157/160 loss=0.4855
G epoch=158/160 loss=0.4813
G epoch=159/160 loss=0.5076
G epoch=160/160 loss=0.4910

[2/3] pretrain D
D step=1/50 epoch=1/3 loss=0.7678 l2=0.2000 label_smoothing=0.050
D step=1/50 epoch=2/3 loss=0.7441 l2=0.2000 label_smoothing=0.050
D step=1/50 epoch=3/3 loss=0.7442 l2=0.2000 label_smoothing=0.050
D step=2/50 epoch=1/3 loss=0.7627 l2=0.2000 label_smoothing=0.050
D step=2/50 epoch=2/3 loss=0.7476 l2=0.2000 label_smoothing=0.050
D step=2/50 epoch=3/3 loss=0.7278 l2=0.2000 label_smoothing=0.050
D step=3/50 epoch=1/3 loss=0.7138 l2=0.2000 label_smoothing=0.050
D step=3/50 epoch=2/3 loss=0.7225 l2=0.2000 label_smoothing=0.050
D step=3/50 epoch=3/3 loss=0.7052 l2=0.2000 label_smoothing=0.050
D step=4/50 epoch=1/3 loss=0.7022 l2=0.2000 label_smoothing=0.050
D step=4/50 epoch=2/3 loss=0.7046 l2=0.2000 label_smoothing=0.050
D step=4/50 epoch=3/3 loss=0.7011 l2=0.2000 label_smoothing=0.050
D step=5/50 epoch=1/3 loss=0.6892 l2=0.2000 label_smoothing=0.050
D step=5/50 epoch=2/3 loss=0.6799 l2=0.2000 label_smoothing=0.050
D step=5/50 epoch=3/3 loss=0.6686 l2=0.2000 label_smoothing=0.050
D step=6/50 epoch=1/3 loss=0.6739 l2=0.2000 label_smoothing=0.050
D step=6/50 epoch=2/3 loss=0.6547 l2=0.2000 label_smoothing=0.050
D step=6/50 epoch=3/3 loss=0.6499 l2=0.2000 label_smoothing=0.050
D step=7/50 epoch=1/3 loss=0.6634 l2=0.2000 label_smoothing=0.050
D step=7/50 epoch=2/3 loss=0.6409 l2=0.2000 label_smoothing=0.050
D step=7/50 epoch=3/3 loss=0.6371 l2=0.2000 label_smoothing=0.050
D step=8/50 epoch=1/3 loss=0.6023 l2=0.2000 label_smoothing=0.050
D step=8/50 epoch=2/3 loss=0.5945 l2=0.2000 label_smoothing=0.050
D step=8/50 epoch=3/3 loss=0.5880 l2=0.2000 label_smoothing=0.050
D step=9/50 epoch=1/3 loss=0.6134 l2=0.2000 label_smoothing=0.050
D step=9/50 epoch=2/3 loss=0.5916 l2=0.2000 label_smoothing=0.050
D step=9/50 epoch=3/3 loss=0.5787 l2=0.2000 label_smoothing=0.050
D step=10/50 epoch=1/3 loss=0.5652 l2=0.2000 label_smoothing=0.050
D step=10/50 epoch=2/3 loss=0.5479 l2=0.2000 label_smoothing=0.050
D step=10/50 epoch=3/3 loss=0.5356 l2=0.2000 label_smoothing=0.050
D step=11/50 epoch=1/3 loss=0.5686 l2=0.2000 label_smoothing=0.050
D step=11/50 epoch=2/3 loss=0.5508 l2=0.2000 label_smoothing=0.050
D step=11/50 epoch=3/3 loss=0.5327 l2=0.2000 label_smoothing=0.050
D step=12/50 epoch=1/3 loss=0.5310 l2=0.2000 label_smoothing=0.050
D step=12/50 epoch=2/3 loss=0.5208 l2=0.2000 label_smoothing=0.050
D step=12/50 epoch=3/3 loss=0.5142 l2=0.2000 label_smoothing=0.050
D step=13/50 epoch=1/3 loss=0.4848 l2=0.2000 label_smoothing=0.050
D step=13/50 epoch=2/3 loss=0.4692 l2=0.2000 label_smoothing=0.050
D step=13/50 epoch=3/3 loss=0.4553 l2=0.2000 label_smoothing=0.050
D step=14/50 epoch=1/3 loss=0.4734 l2=0.2000 label_smoothing=0.050
D step=14/50 epoch=2/3 loss=0.4665 l2=0.2000 label_smoothing=0.050
D step=14/50 epoch=3/3 loss=0.4559 l2=0.2000 label_smoothing=0.050
D step=15/50 epoch=1/3 loss=0.4282 l2=0.2000 label_smoothing=0.050
D step=15/50 epoch=2/3 loss=0.4193 l2=0.2000 label_smoothing=0.050
D step=15/50 epoch=3/3 loss=0.4075 l2=0.2000 label_smoothing=0.050
D step=16/50 epoch=1/3 loss=0.4391 l2=0.2000 label_smoothing=0.050
D step=16/50 epoch=2/3 loss=0.4172 l2=0.2000 label_smoothing=0.050
D step=16/50 epoch=3/3 loss=0.4017 l2=0.2000 label_smoothing=0.050
D step=17/50 epoch=1/3 loss=0.4067 l2=0.2000 label_smoothing=0.050
D step=17/50 epoch=2/3 loss=0.3852 l2=0.2000 label_smoothing=0.050
D step=17/50 epoch=3/3 loss=0.3773 l2=0.2000 label_smoothing=0.050
D step=18/50 epoch=1/3 loss=0.4025 l2=0.2000 label_smoothing=0.050
D step=18/50 epoch=2/3 loss=0.3986 l2=0.2000 label_smoothing=0.050
D step=18/50 epoch=3/3 loss=0.3809 l2=0.2000 label_smoothing=0.050
D step=19/50 epoch=1/3 loss=0.3692 l2=0.2000 label_smoothing=0.050
D step=19/50 epoch=2/3 loss=0.3681 l2=0.2000 label_smoothing=0.050
D step=19/50 epoch=3/3 loss=0.3441 l2=0.2000 label_smoothing=0.050
D step=20/50 epoch=1/3 loss=0.3942 l2=0.2000 label_smoothing=0.050
D step=20/50 epoch=2/3 loss=0.3855 l2=0.2000 label_smoothing=0.050
D step=20/50 epoch=3/3 loss=0.3679 l2=0.2000 label_smoothing=0.050
D step=21/50 epoch=1/3 loss=0.4044 l2=0.2000 label_smoothing=0.050
D step=21/50 epoch=2/3 loss=0.3805 l2=0.2000 label_smoothing=0.050
D step=21/50 epoch=3/3 loss=0.3763 l2=0.2000 label_smoothing=0.050
D step=22/50 epoch=1/3 loss=0.3547 l2=0.2000 label_smoothing=0.050
D step=22/50 epoch=2/3 loss=0.3414 l2=0.2000 label_smoothing=0.050
D step=22/50 epoch=3/3 loss=0.3317 l2=0.2000 label_smoothing=0.050
D step=23/50 epoch=1/3 loss=0.4267 l2=0.2000 label_smoothing=0.050
D step=23/50 epoch=2/3 loss=0.3901 l2=0.2000 label_smoothing=0.050
D step=23/50 epoch=3/3 loss=0.3741 l2=0.2000 label_smoothing=0.050
D step=24/50 epoch=1/3 loss=0.3621 l2=0.2000 label_smoothing=0.050
D step=24/50 epoch=2/3 loss=0.3451 l2=0.2000 label_smoothing=0.050
D step=24/50 epoch=3/3 loss=0.3300 l2=0.2000 label_smoothing=0.050
D step=25/50 epoch=1/3 loss=0.3378 l2=0.2000 label_smoothing=0.050
D step=25/50 epoch=2/3 loss=0.3285 l2=0.2000 label_smoothing=0.050
D step=25/50 epoch=3/3 loss=0.3156 l2=0.2000 label_smoothing=0.050
D step=26/50 epoch=1/3 loss=0.3258 l2=0.2000 label_smoothing=0.050
D step=26/50 epoch=2/3 loss=0.3073 l2=0.2000 label_smoothing=0.050
D step=26/50 epoch=3/3 loss=0.3201 l2=0.2000 label_smoothing=0.050
D step=27/50 epoch=1/3 loss=0.3207 l2=0.2000 label_smoothing=0.050
D step=27/50 epoch=2/3 loss=0.3155 l2=0.2000 label_smoothing=0.050
D step=27/50 epoch=3/3 loss=0.3002 l2=0.2000 label_smoothing=0.050
D step=28/50 epoch=1/3 loss=0.3543 l2=0.2000 label_smoothing=0.050
D step=28/50 epoch=2/3 loss=0.3405 l2=0.2000 label_smoothing=0.050
D step=28/50 epoch=3/3 loss=0.3235 l2=0.2000 label_smoothing=0.050
D step=29/50 epoch=1/3 loss=0.3304 l2=0.2000 label_smoothing=0.050
D step=29/50 epoch=2/3 loss=0.3231 l2=0.2000 label_smoothing=0.050
D step=29/50 epoch=3/3 loss=0.3184 l2=0.2000 label_smoothing=0.050
D step=30/50 epoch=1/3 loss=0.3242 l2=0.2000 label_smoothing=0.050
D step=30/50 epoch=2/3 loss=0.3092 l2=0.2000 label_smoothing=0.050
D step=30/50 epoch=3/3 loss=0.2945 l2=0.2000 label_smoothing=0.050
D step=31/50 epoch=1/3 loss=0.3365 l2=0.2000 label_smoothing=0.050
D step=31/50 epoch=2/3 loss=0.3231 l2=0.2000 label_smoothing=0.050
D step=31/50 epoch=3/3 loss=0.3163 l2=0.2000 label_smoothing=0.050
D step=32/50 epoch=1/3 loss=0.3462 l2=0.2000 label_smoothing=0.050
D step=32/50 epoch=2/3 loss=0.3325 l2=0.2000 label_smoothing=0.050
D step=32/50 epoch=3/3 loss=0.3286 l2=0.2000 label_smoothing=0.050
D step=33/50 epoch=1/3 loss=0.3603 l2=0.2000 label_smoothing=0.050
D step=33/50 epoch=2/3 loss=0.3295 l2=0.2000 label_smoothing=0.050
D step=33/50 epoch=3/3 loss=0.3108 l2=0.2000 label_smoothing=0.050
D step=34/50 epoch=1/3 loss=0.3368 l2=0.2000 label_smoothing=0.050
D step=34/50 epoch=2/3 loss=0.3178 l2=0.2000 label_smoothing=0.050
D step=34/50 epoch=3/3 loss=0.3084 l2=0.2000 label_smoothing=0.050
D step=35/50 epoch=1/3 loss=0.3215 l2=0.2000 label_smoothing=0.050
D step=35/50 epoch=2/3 loss=0.3094 l2=0.2000 label_smoothing=0.050
D step=35/50 epoch=3/3 loss=0.2903 l2=0.2000 label_smoothing=0.050
D step=36/50 epoch=1/3 loss=0.3408 l2=0.2000 label_smoothing=0.050
D step=36/50 epoch=2/3 loss=0.3274 l2=0.2000 label_smoothing=0.050
D step=36/50 epoch=3/3 loss=0.3080 l2=0.2000 label_smoothing=0.050
D step=37/50 epoch=1/3 loss=0.2982 l2=0.2000 label_smoothing=0.050
D step=37/50 epoch=2/3 loss=0.2947 l2=0.2000 label_smoothing=0.050
D step=37/50 epoch=3/3 loss=0.2838 l2=0.2000 label_smoothing=0.050
D step=38/50 epoch=1/3 loss=0.2949 l2=0.2000 label_smoothing=0.050
D step=38/50 epoch=2/3 loss=0.2838 l2=0.2000 label_smoothing=0.050
D step=38/50 epoch=3/3 loss=0.2728 l2=0.2000 label_smoothing=0.050
D step=39/50 epoch=1/3 loss=0.3304 l2=0.2000 label_smoothing=0.050
D step=39/50 epoch=2/3 loss=0.3135 l2=0.2000 label_smoothing=0.050
D step=39/50 epoch=3/3 loss=0.2968 l2=0.2000 label_smoothing=0.050
D step=40/50 epoch=1/3 loss=0.3189 l2=0.2000 label_smoothing=0.050
D step=40/50 epoch=2/3 loss=0.3118 l2=0.2000 label_smoothing=0.050
D step=40/50 epoch=3/3 loss=0.2945 l2=0.2000 label_smoothing=0.050
D step=41/50 epoch=1/3 loss=0.3213 l2=0.2000 label_smoothing=0.050
D step=41/50 epoch=2/3 loss=0.3150 l2=0.2000 label_smoothing=0.050
D step=41/50 epoch=3/3 loss=0.3109 l2=0.2000 label_smoothing=0.050
D step=42/50 epoch=1/3 loss=0.3029 l2=0.2000 label_smoothing=0.050
D step=42/50 epoch=2/3 loss=0.2880 l2=0.2000 label_smoothing=0.050
D step=42/50 epoch=3/3 loss=0.2770 l2=0.2000 label_smoothing=0.050
D step=43/50 epoch=1/3 loss=0.2807 l2=0.2000 label_smoothing=0.050
D step=43/50 epoch=2/3 loss=0.2735 l2=0.2000 label_smoothing=0.050
D step=43/50 epoch=3/3 loss=0.2657 l2=0.2000 label_smoothing=0.050
D step=44/50 epoch=1/3 loss=0.3214 l2=0.2000 label_smoothing=0.050
D step=44/50 epoch=2/3 loss=0.2971 l2=0.2000 label_smoothing=0.050
D step=44/50 epoch=3/3 loss=0.2849 l2=0.2000 label_smoothing=0.050
D step=45/50 epoch=1/3 loss=0.3165 l2=0.2000 label_smoothing=0.050
D step=45/50 epoch=2/3 loss=0.2829 l2=0.2000 label_smoothing=0.050
D step=45/50 epoch=3/3 loss=0.2664 l2=0.2000 label_smoothing=0.050
D step=46/50 epoch=1/3 loss=0.2962 l2=0.2000 label_smoothing=0.050
D step=46/50 epoch=2/3 loss=0.2935 l2=0.2000 label_smoothing=0.050
D step=46/50 epoch=3/3 loss=0.2726 l2=0.2000 label_smoothing=0.050
D step=47/50 epoch=1/3 loss=0.2803 l2=0.2000 label_smoothing=0.050
D step=47/50 epoch=2/3 loss=0.2712 l2=0.2000 label_smoothing=0.050
D step=47/50 epoch=3/3 loss=0.2598 l2=0.2000 label_smoothing=0.050
D step=48/50 epoch=1/3 loss=0.2689 l2=0.2000 label_smoothing=0.050
D step=48/50 epoch=2/3 loss=0.2716 l2=0.2000 label_smoothing=0.050
D step=48/50 epoch=3/3 loss=0.2677 l2=0.2000 label_smoothing=0.050
D step=49/50 epoch=1/3 loss=0.2791 l2=0.2000 label_smoothing=0.050
D step=49/50 epoch=2/3 loss=0.2763 l2=0.2000 label_smoothing=0.050
D step=49/50 epoch=3/3 loss=0.2651 l2=0.2000 label_smoothing=0.050
D step=50/50 epoch=1/3 loss=0.2819 l2=0.2000 label_smoothing=0.050
D step=50/50 epoch=2/3 loss=0.2747 l2=0.2000 label_smoothing=0.050
D step=50/50 epoch=3/3 loss=0.2559 l2=0.2000 label_smoothing=0.050

[3/3] adversarial
generator_reward_mode=on reward_alpha=0.700 d_steps=5 d_epochs=3
D step=1/5 epoch=1/3 loss=0.2307 l2=0.2000 label_smoothing=0.050
D step=1/5 epoch=2/3 loss=0.2126 l2=0.2000 label_smoothing=0.050
D step=1/5 epoch=3/3 loss=0.2001 l2=0.2000 label_smoothing=0.050
D step=2/5 epoch=1/3 loss=0.2110 l2=0.2000 label_smoothing=0.050
D step=2/5 epoch=2/3 loss=0.1967 l2=0.2000 label_smoothing=0.050
D step=2/5 epoch=3/3 loss=0.1883 l2=0.2000 label_smoothing=0.050
D step=3/5 epoch=1/3 loss=0.1828 l2=0.2000 label_smoothing=0.050
D step=3/5 epoch=2/3 loss=0.1785 l2=0.2000 label_smoothing=0.050
D step=3/5 epoch=3/3 loss=0.1758 l2=0.2000 label_smoothing=0.050
D step=4/5 epoch=1/3 loss=0.1832 l2=0.2000 label_smoothing=0.050
D step=4/5 epoch=2/3 loss=0.1788 l2=0.2000 label_smoothing=0.050
D step=4/5 epoch=3/3 loss=0.1751 l2=0.2000 label_smoothing=0.050
D step=5/5 epoch=1/3 loss=0.1808 l2=0.2000 label_smoothing=0.050
D step=5/5 epoch=2/3 loss=0.1781 l2=0.2000 label_smoothing=0.050
D step=5/5 epoch=3/3 loss=0.1762 l2=0.2000 label_smoothing=0.050
ADV epoch=1/200 g_loss=0.1419 d_loss=0.1899 reward=0.1978 reward_var=0.0196 unique=0.9600
D step=1/5 epoch=1/3 loss=0.1686 l2=0.2000 label_smoothing=0.050
D step=1/5 epoch=2/3 loss=0.1652 l2=0.2000 label_smoothing=0.050
D step=1/5 epoch=3/3 loss=0.1630 l2=0.2000 label_smoothing=0.050
D step=2/5 epoch=1/3 loss=0.1693 l2=0.2000 label_smoothing=0.050
D step=2/5 epoch=2/3 loss=0.1662 l2=0.2000 label_smoothing=0.050
D step=2/5 epoch=3/3 loss=0.1616 l2=0.2000 label_smoothing=0.050
D step=3/5 epoch=1/3 loss=0.1761 l2=0.2000 label_smoothing=0.050
D step=3/5 epoch=2/3 loss=0.1690 l2=0.2000 label_smoothing=0.050
D step=3/5 epoch=3/3 loss=0.1633 l2=0.2000 label_smoothing=0.050
D step=4/5 epoch=1/3 loss=0.1751 l2=0.2000 label_smoothing=0.050
D step=4/5 epoch=2/3 loss=0.1692 l2=0.2000 label_smoothing=0.050
D step=4/5 epoch=3/3 loss=0.1672 l2=0.2000 label_smoothing=0.050
D step=5/5 epoch=1/3 loss=0.1696 l2=0.2000 label_smoothing=0.050
D step=5/5 epoch=2/3 loss=0.1619 l2=0.2000 label_smoothing=0.050
D step=5/5 epoch=3/3 loss=0.1578 l2=0.2000 label_smoothing=0.050
ADV epoch=2/200 g_loss=0.1773 d_loss=0.1669 reward=0.2173 reward_var=0.0132 unique=1.0000
D step=1/5 epoch=1/3 loss=0.1720 l2=0.2000 label_smoothing=0.050
D step=1/5 epoch=2/3 loss=0.1586 l2=0.2000 label_smoothing=0.050
D step=1/5 epoch=3/3 loss=0.1583 l2=0.2000 label_smoothing=0.050
D step=2/5 epoch=1/3 loss=0.1629 l2=0.2000 label_smoothing=0.050
D step=2/5 epoch=2/3 loss=0.1590 l2=0.2000 label_smoothing=0.050
D step=2/5 epoch=3/3 loss=0.1574 l2=0.2000 label_smoothing=0.050
D step=3/5 epoch=1/3 loss=0.1563 l2=0.2000 label_smoothing=0.050
D step=3/5 epoch=2/3 loss=0.1555 l2=0.2000 label_smoothing=0.050
D step=3/5 epoch=3/3 loss=0.1539 l2=0.2000 label_smoothing=0.050
D step=4/5 epoch=1/3 loss=0.1678 l2=0.2000 label_smoothing=0.050
D step=4/5 epoch=2/3 loss=0.1620 l2=0.2000 label_smoothing=0.050
D step=4/5 epoch=3/3 loss=0.1605 l2=0.2000 label_smoothing=0.050
D step=5/5 epoch=1/3 loss=0.1559 l2=0.2000 label_smoothing=0.050
D step=5/5 epoch=2/3 loss=0.1538 l2=0.2000 label_smoothing=0.050
D step=5/5 epoch=3/3 loss=0.1514 l2=0.2000 label_smoothing=0.050
ADV epoch=3/200 g_loss=0.1796 d_loss=0.1590 reward=0.2140 reward_var=0.0129 unique=1.0000
D step=1/5 epoch=1/3 loss=0.1653 l2=0.2000 label_smoothing=0.050
D step=1/5 epoch=2/3 loss=0.1565 l2=0.2000 label_smoothing=0.050
D step=1/5 epoch=3/3 loss=0.1503 l2=0.2000 label_smoothing=0.050
D step=2/5 epoch=1/3 loss=0.1699 l2=0.2000 label_smoothing=0.050
D step=2/5 epoch=2/3 loss=0.1619 l2=0.2000 label_smoothing=0.050
D step=2/5 epoch=3/3 loss=0.1558 l2=0.2000 label_smoothing=0.050
D step=3/5 epoch=1/3 loss=0.1551 l2=0.2000 label_smoothing=0.050
D step=3/5 epoch=2/3 loss=0.1541 l2=0.2000 label_smoothing=0.050
D step=3/5 epoch=3/3 loss=0.1494 l2=0.2000 label_smoothing=0.050
D step=4/5 epoch=1/3 loss=0.1625 l2=0.2000 label_smoothing=0.050
D step=4/5 epoch=2/3 loss=0.1558 l2=0.2000 label_smoothing=0.050
D step=4/5 epoch=3/3 loss=0.1508 l2=0.2000 label_smoothing=0.050
D step=5/5 epoch=1/3 loss=0.1479 l2=0.2000 label_smoothing=0.050
D step=5/5 epoch=2/3 loss=0.1478 l2=0.2000 label_smoothing=0.050
D step=5/5 epoch=3/3 loss=0.1477 l2=0.2000 label_smoothing=0.050
ADV epoch=4/200 g_loss=0.1910 d_loss=0.1554 reward=0.2339 reward_var=0.0168 unique=1.0000
D step=1/5 epoch=1/3 loss=0.1561 l2=0.2000 label_smoothing=0.050
D step=1/5 epoch=2/3 loss=0.1481 l2=0.2000 label_smoothing=0.050
D step=1/5 epoch=3/3 loss=0.1448 l2=0.2000 label_smoothing=0.050
D step=2/5 epoch=1/3 loss=0.1501 l2=0.2000 label_smoothing=0.050
D step=2/5 epoch=2/3 loss=0.1484 l2=0.2000 label_smoothing=0.050
D step=2/5 epoch=3/3 loss=0.1456 l2=0.2000 label_smoothing=0.050
D step=3/5 epoch=1/3 loss=0.1438 l2=0.2000 label_smoothing=0.050
D step=3/5 epoch=2/3 loss=0.1420 l2=0.2000 label_smoothing=0.050
D step=3/5 epoch=3/3 loss=0.1407 l2=0.2000 label_smoothing=0.050
D step=4/5 epoch=1/3 loss=0.1563 l2=0.2000 label_smoothing=0.050
D step=4/5 epoch=2/3 loss=0.1500 l2=0.2000 label_smoothing=0.050
D step=4/5 epoch=3/3 loss=0.1461 l2=0.2000 label_smoothing=0.050
D step=5/5 epoch=1/3 loss=0.1537 l2=0.2000 label_smoothing=0.050
D step=5/5 epoch=2/3 loss=0.1497 l2=0.2000 label_smoothing=0.050
D step=5/5 epoch=3/3 loss=0.1463 l2=0.2000 label_smoothing=0.050
ADV epoch=5/200 g_loss=0.2022 d_loss=0.1481 reward=0.2291 reward_var=0.0113 unique=0.9800
D step=1/5 epoch=1/3 loss=0.1552 l2=0.2000 label_smoothing=0.050
D step=1/5 epoch=2/3 loss=0.1497 l2=0.2000 label_smoothing=0.050
D step=1/5 epoch=3/3 loss=0.1458 l2=0.2000 label_smoothing=0.050
D step=2/5 epoch=1/3 loss=0.1523 l2=0.2000 label_smoothing=0.050
D step=2/5 epoch=2/3 loss=0.1481 l2=0.2000 label_smoothing=0.050
D step=2/5 epoch=3/3 loss=0.1420 l2=0.2000 label_smoothing=0.050
D step=3/5 epoch=1/3 loss=0.1524 l2=0.2000 label_smoothing=0.050
D step=3/5 epoch=2/3 loss=0.1463 l2=0.2000 label_smoothing=0.050
D step=3/5 epoch=3/3 loss=0.1417 l2=0.2000 label_smoothing=0.050
D step=4/5 epoch=1/3 loss=0.1430 l2=0.2000 label_smoothing=0.050
D step=4/5 epoch=2/3 loss=0.1421 l2=0.2000 label_smoothing=0.050
D step=4/5 epoch=3/3 loss=0.1390 l2=0.2000 label_smoothing=0.050
D step=5/5 epoch=1/3 loss=0.1484 l2=0.2000 label_smoothing=0.050
D step=5/5 epoch=2/3 loss=0.1419 l2=0.2000 label_smoothing=0.050
D step=5/5 epoch=3/3 loss=0.1399 l2=0.2000 label_smoothing=0.050
ADV epoch=6/200 g_loss=0.2124 d_loss=0.1459 reward=0.2589 reward_var=0.0100 unique=1.0000
D step=1/5 epoch=1/3 loss=0.1470 l2=0.2000 label_smoothing=0.050
D step=1/5 epoch=2/3 loss=0.1396 l2=0.2000 label_smoothing=0.050
D step=1/5 epoch=3/3 loss=0.1394 l2=0.2000 label_smoothing=0.050
D step=2/5 epoch=1/3 loss=0.1410 l2=0.2000 label_smoothing=0.050
D step=2/5 epoch=2/3 loss=0.1377 l2=0.2000 label_smoothing=0.050
D step=2/5 epoch=3/3 loss=0.1375 l2=0.2000 label_smoothing=0.050
D step=3/5 epoch=1/3 loss=0.1483 l2=0.2000 label_smoothing=0.050
D step=3/5 epoch=2/3 loss=0.1424 l2=0.2000 label_smoothing=0.050
D step=3/5 epoch=3/3 loss=0.1393 l2=0.2000 label_smoothing=0.050
D step=4/5 epoch=1/3 loss=0.1354 l2=0.2000 label_smoothing=0.050
D step=4/5 epoch=2/3 loss=0.1356 l2=0.2000 label_smoothing=0.050
D step=4/5 epoch=3/3 loss=0.1345 l2=0.2000 label_smoothing=0.050
D step=5/5 epoch=1/3 loss=0.1369 l2=0.2000 label_smoothing=0.050
D step=5/5 epoch=2/3 loss=0.1358 l2=0.2000 label_smoothing=0.050
D step=5/5 epoch=3/3 loss=0.1334 l2=0.2000 label_smoothing=0.050
ADV epoch=7/200 g_loss=0.1990 d_loss=0.1389 reward=0.2655 reward_var=0.0093 unique=1.0000
D step=1/5 epoch=1/3 loss=0.1432 l2=0.2000 label_smoothing=0.050
D step=1/5 epoch=2/3 loss=0.1376 l2=0.2000 label_smoothing=0.050
D step=1/5 epoch=3/3 loss=0.1345 l2=0.2000 label_smoothing=0.050
D step=2/5 epoch=1/3 loss=0.1339 l2=0.2000 label_smoothing=0.050
D step=2/5 epoch=2/3 loss=0.1328 l2=0.2000 label_smoothing=0.050
D step=2/5 epoch=3/3 loss=0.1321 l2=0.2000 label_smoothing=0.050
D step=3/5 epoch=1/3 loss=0.1394 l2=0.2000 label_smoothing=0.050
D step=3/5 epoch=2/3 loss=0.1348 l2=0.2000 label_smoothing=0.050
D step=3/5 epoch=3/3 loss=0.1322 l2=0.2000 label_smoothing=0.050
D step=4/5 epoch=1/3 loss=0.1429 l2=0.2000 label_smoothing=0.050
D step=4/5 epoch=2/3 loss=0.1399 l2=0.2000 label_smoothing=0.050
D step=4/5 epoch=3/3 loss=0.1374 l2=0.2000 label_smoothing=0.050
D step=5/5 epoch=1/3 loss=0.1336 l2=0.2000 label_smoothing=0.050
D step=5/5 epoch=2/3 loss=0.1347 l2=0.2000 label_smoothing=0.050
D step=5/5 epoch=3/3 loss=0.1320 l2=0.2000 label_smoothing=0.050
ADV epoch=8/200 g_loss=0.2238 d_loss=0.1361 reward=0.2666 reward_var=0.0104 unique=1.0000
D step=1/5 epoch=1/3 loss=0.1407 l2=0.2000 label_smoothing=0.050
D step=1/5 epoch=2/3 loss=0.1375 l2=0.2000 label_smoothing=0.050
D step=1/5 epoch=3/3 loss=0.1350 l2=0.2000 label_smoothing=0.050
D step=2/5 epoch=1/3 loss=0.1344 l2=0.2000 label_smoothing=0.050
D step=2/5 epoch=2/3 loss=0.1329 l2=0.2000 label_smoothing=0.050
D step=2/5 epoch=3/3 loss=0.1311 l2=0.2000 label_smoothing=0.050
D step=3/5 epoch=1/3 loss=0.1297 l2=0.2000 label_smoothing=0.050
D step=3/5 epoch=2/3 loss=0.1296 l2=0.2000 label_smoothing=0.050
D step=3/5 epoch=3/3 loss=0.1293 l2=0.2000 label_smoothing=0.050
D step=4/5 epoch=1/3 loss=0.1293 l2=0.2000 label_smoothing=0.050
D step=4/5 epoch=2/3 loss=0.1285 l2=0.2000 label_smoothing=0.050
D step=4/5 epoch=3/3 loss=0.1284 l2=0.2000 label_smoothing=0.050
D step=5/5 epoch=1/3 loss=0.1290 l2=0.2000 label_smoothing=0.050
D step=5/5 epoch=2/3 loss=0.1286 l2=0.2000 label_smoothing=0.050
D step=5/5 epoch=3/3 loss=0.1282 l2=0.2000 label_smoothing=0.050
ADV epoch=9/200 g_loss=0.2063 d_loss=0.1315 reward=0.2411 reward_var=0.0092 unique=1.0000
D step=1/5 epoch=1/3 loss=0.1293 l2=0.2000 label_smoothing=0.050
D step=1/5 epoch=2/3 loss=0.1272 l2=0.2000 label_smoothing=0.050
D step=1/5 epoch=3/3 loss=0.1269 l2=0.2000 label_smoothing=0.050
D step=2/5 epoch=1/3 loss=0.1283 l2=0.2000 label_smoothing=0.050
D step=2/5 epoch=2/3 loss=0.1276 l2=0.2000 label_smoothing=0.050
D step=2/5 epoch=3/3 loss=0.1267 l2=0.2000 label_smoothing=0.050
D step=3/5 epoch=1/3 loss=0.1298 l2=0.2000 label_smoothing=0.050
D step=3/5 epoch=2/3 loss=0.1282 l2=0.2000 label_smoothing=0.050
D step=3/5 epoch=3/3 loss=0.1265 l2=0.2000 label_smoothing=0.050
D step=4/5 epoch=1/3 loss=0.1290 l2=0.2000 label_smoothing=0.050
D step=4/5 epoch=2/3 loss=0.1270 l2=0.2000 label_smoothing=0.050
D step=4/5 epoch=3/3 loss=0.1263 l2=0.2000 label_smoothing=0.050
D step=5/5 epoch=1/3 loss=0.1279 l2=0.2000 label_smoothing=0.050
D step=5/5 epoch=2/3 loss=0.1265 l2=0.2000 label_smoothing=0.050
D step=5/5 epoch=3/3 loss=0.1259 l2=0.2000 label_smoothing=0.050
ADV epoch=10/200 g_loss=0.2188 d_loss=0.1275 reward=0.2539 reward_var=0.0095 unique=1.0000
D step=1/5 epoch=1/3 loss=0.1275 l2=0.2000 label_smoothing=0.050
D step=1/5 epoch=2/3 loss=0.1256 l2=0.2000 label_smoothing=0.050
D step=1/5 epoch=3/3 loss=0.1248 l2=0.2000 label_smoothing=0.050
D step=2/5 epoch=1/3 loss=0.1276 l2=0.2000 label_smoothing=0.050
D step=2/5 epoch=2/3 loss=0.1260 l2=0.2000 label_smoothing=0.050
D step=2/5 epoch=3/3 loss=0.1251 l2=0.2000 label_smoothing=0.050
D step=3/5 epoch=1/3 loss=0.1262 l2=0.2000 label_smoothing=0.050
D step=3/5 epoch=2/3 loss=0.1255 l2=0.2000 label_smoothing=0.050
D step=3/5 epoch=3/3 loss=0.1246 l2=0.2000 label_smoothing=0.050
D step=4/5 epoch=1/3 loss=0.1249 l2=0.2000 label_smoothing=0.050
D step=4/5 epoch=2/3 loss=0.1248 l2=0.2000 label_smoothing=0.050
D step=4/5 epoch=3/3 loss=0.1242 l2=0.2000 label_smoothing=0.050
D step=5/5 epoch=1/3 loss=0.1256 l2=0.2000 label_smoothing=0.050
D step=5/5 epoch=2/3 loss=0.1252 l2=0.2000 label_smoothing=0.050
D step=5/5 epoch=3/3 loss=0.1242 l2=0.2000 label_smoothing=0.050
ADV epoch=11/200 g_loss=0.2274 d_loss=0.1255 reward=0.2603 reward_var=0.0080 unique=1.0000
saved 2000 raw samples to /content/drive/MyDrive/GAN/GAN_for_SQLi/result/phase3/seqgan_improved/boolean/D/R100/V7/generated_payloads.csv
