{
  "metric_schema_version": "quality-metrics-v3",
  "normalization_version": "nfkc_html_percent1_casefold_ws_quotes_v1",
  "seed": 88,
  "method": "seqgan_improved",
  "family": "boolean",
  "scenario": "D",
  "ratio": "100",
  "generation_kind": "direct",
  "schema_valid": true,
  "stop_reason": "n/a",
  "n_generated": 2000,
  "unique_rate": 0.6985,
  "normalized_unique_rate": 0.6885,
  "duplicate_rate": 0.3015,
  "model_collapse_rate": 0.3015,
  "dominant_payload_share": 0.0355,
  "normalized_dominant_payload_share": 0.0355,
  "sql_parse_rate": 1.0,
  "sql_structure_rate": 0.8655,
  "family_motif_coverage": 1.0,
  "family_motif_hit_rate": 0.7525,
  "garbage_rate": 0.13449999999999995,
  "wellformed_rate": 1.0,
  "shaped_rate": 0.8655,
  "family_motif_coverage_by_family": {
    "boolean": 1.0
  },
  "family_motif_hit_rate_by_family": {
    "boolean": 0.7525
  },
  "inferred_family_distribution": {
    "boolean": 0.471,
    "union": 0.2965,
    "time": 0.0,
    "error": 0.0,
    "other": 0.2325
  },
  "train_reference_count": 156,
  "holdout_reference_count": 917,
  "exact_input_overlap": 0.2645,
  "normalized_input_overlap": 0.2645,
  "holdout_overlap": 0.0,
  "normalized_holdout_overlap": 0.0,
  "nearest_input_similarity_mean": 0.5279965325190811,
  "nearest_input_similarity_median": 0.3867295597484277,
  "nearest_input_similarity_p90": 1.0,
  "nearest_char3_jaccard_mean": 0.5279965325190811,
  "nearest_char3_jaccard_median": 0.3867295597484277,
  "nearest_char3_jaccard_p90": 1.0,
  "nearest_token_jaccard_mean": 0.45328691643741664,
  "nearest_token_jaccard_median": 0.32,
  "nearest_token_jaccard_p90": 1.0,
  "nearest_edit_similarity_mean": 0.5729722366248716,
  "nearest_edit_similarity_median": 0.4489857200053383,
  "nearest_edit_similarity_p90": 1.0,
  "nearest_feature_cosine_mean": 0.9320128930384524,
  "nearest_feature_cosine_median": 0.9770194560615608,
  "nearest_feature_cosine_p90": 1.0,
  "nearest_input_distance_mean": 0.472003467480919,
  "nearest_input_distance_median": 0.6132704402515723,
  "nearest_input_distance_p90": 0.8607946554149086,
  "mean_nearest_similarity": 0.5279965325190811,
  "median_nearest_similarity": 0.3867295597484277,
  "p90_nearest_similarity": 1.0,
  "unique_nearest_payload_rate": 0.0745,
  "dominant_retrieved_payload_share": 0.0485,
  "nearest_reference_count": 156,
  "distinct_1": 0.1335952053130315,
  "distinct_2": 0.3478394925780734,
  "distinct_3": 0.5836108295931663,
  "lexical_diversity": 0.1335952053130315,
  "character_diversity": 0.8146437111521394,
  "token_diversity": 0.612295343305394,
  "keyword_diversity": 0.9516765097458547,
  "operator_diversity": 0.5854013953402486,
  "function_diversity": 0.5720413397628155,
  "comment_style_diversity": 0.6666666666666666,
  "length_zone_diversity": 1.0,
  "self_bleu": 0.9614207081548141,
  "self_bleu_char": 0.9614207081548141,
  "requested_count": 2000,
  "generated_count_fraction": 1.0
}
