
[1/3] pretrain G
G epoch=1/60 loss=4.5925
G epoch=2/60 loss=4.4306
G epoch=3/60 loss=4.2361
G epoch=4/60 loss=4.0169
G epoch=5/60 loss=3.7283
G epoch=6/60 loss=3.4850
G epoch=7/60 loss=3.2131
G epoch=8/60 loss=2.9932
G epoch=9/60 loss=2.8461
G epoch=10/60 loss=2.8602
G epoch=11/60 loss=2.7017
G epoch=12/60 loss=2.6416
G epoch=13/60 loss=2.6469
G epoch=14/60 loss=2.6506
G epoch=15/60 loss=2.5233
G epoch=16/60 loss=2.5178
G epoch=17/60 loss=2.4650
G epoch=18/60 loss=2.4238
G epoch=19/60 loss=2.4204
G epoch=20/60 loss=2.3628
G epoch=21/60 loss=2.2869
G epoch=22/60 loss=2.2403
G epoch=23/60 loss=2.2129
G epoch=24/60 loss=2.2033
G epoch=25/60 loss=2.2008
G epoch=26/60 loss=2.1714
G epoch=27/60 loss=2.1228
G epoch=28/60 loss=2.0880
G epoch=29/60 loss=2.0847
G epoch=30/60 loss=2.0273
G epoch=31/60 loss=1.9811
G epoch=32/60 loss=1.9590
G epoch=33/60 loss=1.9332
G epoch=34/60 loss=1.9121
G epoch=35/60 loss=1.9166
G epoch=36/60 loss=1.8619
G epoch=37/60 loss=1.8402
G epoch=38/60 loss=1.8191
G epoch=39/60 loss=1.7395
G epoch=40/60 loss=1.7349
G epoch=41/60 loss=1.7044
G epoch=42/60 loss=1.6942
G epoch=43/60 loss=1.6397
G epoch=44/60 loss=1.6492
G epoch=45/60 loss=1.6402
G epoch=46/60 loss=1.5863
G epoch=47/60 loss=1.5629
G epoch=48/60 loss=1.5639
G epoch=49/60 loss=1.5514
G epoch=50/60 loss=1.5255
G epoch=51/60 loss=1.4971
G epoch=52/60 loss=1.4785
G epoch=53/60 loss=1.4962
G epoch=54/60 loss=1.4346
G epoch=55/60 loss=1.3842
G epoch=56/60 loss=1.3681
G epoch=57/60 loss=1.3498
G epoch=58/60 loss=1.2930
G epoch=59/60 loss=1.3391
G epoch=60/60 loss=1.3379

[2/3] pretrain D
D step=1/30 epoch=1/3 loss=0.9188 l2=0.2000 label_smoothing=0.000
D step=1/30 epoch=2/3 loss=0.7064 l2=0.2000 label_smoothing=0.000
D step=1/30 epoch=3/3 loss=0.6818 l2=0.2000 label_smoothing=0.000
D step=2/30 epoch=1/3 loss=0.6819 l2=0.2000 label_smoothing=0.000
D step=2/30 epoch=2/3 loss=0.5976 l2=0.2000 label_smoothing=0.000
D step=2/30 epoch=3/3 loss=0.5650 l2=0.2000 label_smoothing=0.000
D step=3/30 epoch=1/3 loss=0.5590 l2=0.2000 label_smoothing=0.000
D step=3/30 epoch=2/3 loss=0.5270 l2=0.2000 label_smoothing=0.000
D step=3/30 epoch=3/3 loss=0.4788 l2=0.2000 label_smoothing=0.000
D step=4/30 epoch=1/3 loss=0.4862 l2=0.2000 label_smoothing=0.000
D step=4/30 epoch=2/3 loss=0.4394 l2=0.2000 label_smoothing=0.000
D step=4/30 epoch=3/3 loss=0.4038 l2=0.2000 label_smoothing=0.000
D step=5/30 epoch=1/3 loss=0.3734 l2=0.2000 label_smoothing=0.000
D step=5/30 epoch=2/3 loss=0.3520 l2=0.2000 label_smoothing=0.000
D step=5/30 epoch=3/3 loss=0.2973 l2=0.2000 label_smoothing=0.000
D step=6/30 epoch=1/3 loss=0.3112 l2=0.2000 label_smoothing=0.000
D step=6/30 epoch=2/3 loss=0.2891 l2=0.2000 label_smoothing=0.000
D step=6/30 epoch=3/3 loss=0.2588 l2=0.2000 label_smoothing=0.000
D step=7/30 epoch=1/3 loss=0.2588 l2=0.2000 label_smoothing=0.000
D step=7/30 epoch=2/3 loss=0.2327 l2=0.2000 label_smoothing=0.000
D step=7/30 epoch=3/3 loss=0.2113 l2=0.2000 label_smoothing=0.000
D step=8/30 epoch=1/3 loss=0.2025 l2=0.2000 label_smoothing=0.000
D step=8/30 epoch=2/3 loss=0.1958 l2=0.2000 label_smoothing=0.000
D step=8/30 epoch=3/3 loss=0.1754 l2=0.2000 label_smoothing=0.000
D step=9/30 epoch=1/3 loss=0.1721 l2=0.2000 label_smoothing=0.000
D step=9/30 epoch=2/3 loss=0.1553 l2=0.2000 label_smoothing=0.000
D step=9/30 epoch=3/3 loss=0.1415 l2=0.2000 label_smoothing=0.000
D step=10/30 epoch=1/3 loss=0.1382 l2=0.2000 label_smoothing=0.000
D step=10/30 epoch=2/3 loss=0.1323 l2=0.2000 label_smoothing=0.000
D step=10/30 epoch=3/3 loss=0.1292 l2=0.2000 label_smoothing=0.000
D step=11/30 epoch=1/3 loss=0.1217 l2=0.2000 label_smoothing=0.000
D step=11/30 epoch=2/3 loss=0.1189 l2=0.2000 label_smoothing=0.000
D step=11/30 epoch=3/3 loss=0.1087 l2=0.2000 label_smoothing=0.000
D step=12/30 epoch=1/3 loss=0.1062 l2=0.2000 label_smoothing=0.000
D step=12/30 epoch=2/3 loss=0.1020 l2=0.2000 label_smoothing=0.000
D step=12/30 epoch=3/3 loss=0.0989 l2=0.2000 label_smoothing=0.000
D step=13/30 epoch=1/3 loss=0.0977 l2=0.2000 label_smoothing=0.000
D step=13/30 epoch=2/3 loss=0.0962 l2=0.2000 label_smoothing=0.000
D step=13/30 epoch=3/3 loss=0.0953 l2=0.2000 label_smoothing=0.000
D step=14/30 epoch=1/3 loss=0.1005 l2=0.2000 label_smoothing=0.000
D step=14/30 epoch=2/3 loss=0.0956 l2=0.2000 label_smoothing=0.000
D step=14/30 epoch=3/3 loss=0.0933 l2=0.2000 label_smoothing=0.000
D step=15/30 epoch=1/3 loss=0.0935 l2=0.2000 label_smoothing=0.000
D step=15/30 epoch=2/3 loss=0.0909 l2=0.2000 label_smoothing=0.000
D step=15/30 epoch=3/3 loss=0.0866 l2=0.2000 label_smoothing=0.000
D step=16/30 epoch=1/3 loss=0.0874 l2=0.2000 label_smoothing=0.000
D step=16/30 epoch=2/3 loss=0.0882 l2=0.2000 label_smoothing=0.000
D step=16/30 epoch=3/3 loss=0.0874 l2=0.2000 label_smoothing=0.000
D step=17/30 epoch=1/3 loss=0.0857 l2=0.2000 label_smoothing=0.000
D step=17/30 epoch=2/3 loss=0.0856 l2=0.2000 label_smoothing=0.000
D step=17/30 epoch=3/3 loss=0.0830 l2=0.2000 label_smoothing=0.000
D step=18/30 epoch=1/3 loss=0.0794 l2=0.2000 label_smoothing=0.000
D step=18/30 epoch=2/3 loss=0.0786 l2=0.2000 label_smoothing=0.000
D step=18/30 epoch=3/3 loss=0.0762 l2=0.2000 label_smoothing=0.000
D step=19/30 epoch=1/3 loss=0.0774 l2=0.2000 label_smoothing=0.000
D step=19/30 epoch=2/3 loss=0.0762 l2=0.2000 label_smoothing=0.000
D step=19/30 epoch=3/3 loss=0.0748 l2=0.2000 label_smoothing=0.000
D step=20/30 epoch=1/3 loss=0.0853 l2=0.2000 label_smoothing=0.000
D step=20/30 epoch=2/3 loss=0.0827 l2=0.2000 label_smoothing=0.000
D step=20/30 epoch=3/3 loss=0.0817 l2=0.2000 label_smoothing=0.000
D step=21/30 epoch=1/3 loss=0.0780 l2=0.2000 label_smoothing=0.000
D step=21/30 epoch=2/3 loss=0.0757 l2=0.2000 label_smoothing=0.000
D step=21/30 epoch=3/3 loss=0.0763 l2=0.2000 label_smoothing=0.000
D step=22/30 epoch=1/3 loss=0.0719 l2=0.2000 label_smoothing=0.000
D step=22/30 epoch=2/3 loss=0.0700 l2=0.2000 label_smoothing=0.000
D step=22/30 epoch=3/3 loss=0.0699 l2=0.2000 label_smoothing=0.000
D step=23/30 epoch=1/3 loss=0.0705 l2=0.2000 label_smoothing=0.000
D step=23/30 epoch=2/3 loss=0.0701 l2=0.2000 label_smoothing=0.000
D step=23/30 epoch=3/3 loss=0.0685 l2=0.2000 label_smoothing=0.000
D step=24/30 epoch=1/3 loss=0.0674 l2=0.2000 label_smoothing=0.000
D step=24/30 epoch=2/3 loss=0.0668 l2=0.2000 label_smoothing=0.000
D step=24/30 epoch=3/3 loss=0.0671 l2=0.2000 label_smoothing=0.000
D step=25/30 epoch=1/3 loss=0.0710 l2=0.2000 label_smoothing=0.000
D step=25/30 epoch=2/3 loss=0.0688 l2=0.2000 label_smoothing=0.000
D step=25/30 epoch=3/3 loss=0.0676 l2=0.2000 label_smoothing=0.000
D step=26/30 epoch=1/3 loss=0.0680 l2=0.2000 label_smoothing=0.000
D step=26/30 epoch=2/3 loss=0.0669 l2=0.2000 label_smoothing=0.000
D step=26/30 epoch=3/3 loss=0.0655 l2=0.2000 label_smoothing=0.000
D step=27/30 epoch=1/3 loss=0.0644 l2=0.2000 label_smoothing=0.000
D step=27/30 epoch=2/3 loss=0.0644 l2=0.2000 label_smoothing=0.000
D step=27/30 epoch=3/3 loss=0.0637 l2=0.2000 label_smoothing=0.000
D step=28/30 epoch=1/3 loss=0.0632 l2=0.2000 label_smoothing=0.000
D step=28/30 epoch=2/3 loss=0.0627 l2=0.2000 label_smoothing=0.000
D step=28/30 epoch=3/3 loss=0.0622 l2=0.2000 label_smoothing=0.000
D step=29/30 epoch=1/3 loss=0.0657 l2=0.2000 label_smoothing=0.000
D step=29/30 epoch=2/3 loss=0.0646 l2=0.2000 label_smoothing=0.000
D step=29/30 epoch=3/3 loss=0.0644 l2=0.2000 label_smoothing=0.000
D step=30/30 epoch=1/3 loss=0.0623 l2=0.2000 label_smoothing=0.000
D step=30/30 epoch=2/3 loss=0.0619 l2=0.2000 label_smoothing=0.000
D step=30/30 epoch=3/3 loss=0.0613 l2=0.2000 label_smoothing=0.000

[3/3] adversarial
generator_reward_mode=off reward_alpha=1.000 d_steps=5 d_epochs=3
D step=1/5 epoch=1/3 loss=0.0796 l2=0.2000 label_smoothing=0.000
D step=1/5 epoch=2/3 loss=0.0688 l2=0.2000 label_smoothing=0.000
D step=1/5 epoch=3/3 loss=0.0634 l2=0.2000 label_smoothing=0.000
D step=2/5 epoch=1/3 loss=0.0623 l2=0.2000 label_smoothing=0.000
D step=2/5 epoch=2/3 loss=0.0645 l2=0.2000 label_smoothing=0.000
D step=2/5 epoch=3/3 loss=0.0580 l2=0.2000 label_smoothing=0.000
D step=3/5 epoch=1/3 loss=0.0665 l2=0.2000 label_smoothing=0.000
D step=3/5 epoch=2/3 loss=0.0577 l2=0.2000 label_smoothing=0.000
D step=3/5 epoch=3/3 loss=0.0581 l2=0.2000 label_smoothing=0.000
D step=4/5 epoch=1/3 loss=0.0595 l2=0.2000 label_smoothing=0.000
D step=4/5 epoch=2/3 loss=0.0554 l2=0.2000 label_smoothing=0.000
D step=4/5 epoch=3/3 loss=0.0561 l2=0.2000 label_smoothing=0.000
D step=5/5 epoch=1/3 loss=0.0548 l2=0.2000 label_smoothing=0.000
D step=5/5 epoch=2/3 loss=0.0519 l2=0.2000 label_smoothing=0.000
D step=5/5 epoch=3/3 loss=0.0514 l2=0.2000 label_smoothing=0.000
ADV epoch=1/60 g_loss=0.0053 d_loss=0.0605 reward=0.0044 reward_var=0.0002 unique=1.0000
D step=1/5 epoch=1/3 loss=0.0543 l2=0.2000 label_smoothing=0.000
D step=1/5 epoch=2/3 loss=0.0497 l2=0.2000 label_smoothing=0.000
D step=1/5 epoch=3/3 loss=0.0511 l2=0.2000 label_smoothing=0.000
D step=2/5 epoch=1/3 loss=0.0483 l2=0.2000 label_smoothing=0.000
D step=2/5 epoch=2/3 loss=0.0486 l2=0.2000 label_smoothing=0.000
D step=2/5 epoch=3/3 loss=0.0456 l2=0.2000 label_smoothing=0.000
D step=3/5 epoch=1/3 loss=0.0442 l2=0.2000 label_smoothing=0.000
D step=3/5 epoch=2/3 loss=0.0437 l2=0.2000 label_smoothing=0.000
D step=3/5 epoch=3/3 loss=0.0430 l2=0.2000 label_smoothing=0.000
D step=4/5 epoch=1/3 loss=0.0425 l2=0.2000 label_smoothing=0.000
D step=4/5 epoch=2/3 loss=0.0421 l2=0.2000 label_smoothing=0.000
D step=4/5 epoch=3/3 loss=0.0407 l2=0.2000 label_smoothing=0.000
D step=5/5 epoch=1/3 loss=0.0431 l2=0.2000 label_smoothing=0.000
D step=5/5 epoch=2/3 loss=0.0424 l2=0.2000 label_smoothing=0.000
D step=5/5 epoch=3/3 loss=0.0409 l2=0.2000 label_smoothing=0.000
ADV epoch=2/60 g_loss=0.0027 d_loss=0.0454 reward=0.0030 reward_var=0.0001 unique=1.0000
D step=1/5 epoch=1/3 loss=0.0398 l2=0.2000 label_smoothing=0.000
D step=1/5 epoch=2/3 loss=0.0402 l2=0.2000 label_smoothing=0.000
D step=1/5 epoch=3/3 loss=0.0364 l2=0.2000 label_smoothing=0.000
D step=2/5 epoch=1/3 loss=0.0349 l2=0.2000 label_smoothing=0.000
D step=2/5 epoch=2/3 loss=0.0350 l2=0.2000 label_smoothing=0.000
D step=2/5 epoch=3/3 loss=0.0344 l2=0.2000 label_smoothing=0.000
D step=3/5 epoch=1/3 loss=0.0337 l2=0.2000 label_smoothing=0.000
D step=3/5 epoch=2/3 loss=0.0325 l2=0.2000 label_smoothing=0.000
D step=3/5 epoch=3/3 loss=0.0313 l2=0.2000 label_smoothing=0.000
D step=4/5 epoch=1/3 loss=0.0309 l2=0.2000 label_smoothing=0.000
D step=4/5 epoch=2/3 loss=0.0299 l2=0.2000 label_smoothing=0.000
D step=4/5 epoch=3/3 loss=0.0293 l2=0.2000 label_smoothing=0.000
D step=5/5 epoch=1/3 loss=0.0302 l2=0.2000 label_smoothing=0.000
D step=5/5 epoch=2/3 loss=0.0287 l2=0.2000 label_smoothing=0.000
D step=5/5 epoch=3/3 loss=0.0278 l2=0.2000 label_smoothing=0.000
ADV epoch=3/60 g_loss=0.0118 d_loss=0.0330 reward=0.0095 reward_var=0.0011 unique=1.0000
saved 500 raw samples to /content/drive/MyDrive/GAN/GAN_SQLi_Colab/results_seqgan_phase2b_phase3/phase2b/seqgan_master/time/A/R200/generated_payloads.csv
