
[1/3] pretrain G
G epoch=1/60 loss=4.5972
G epoch=2/60 loss=4.4461
G epoch=3/60 loss=4.2714
G epoch=4/60 loss=4.0511
G epoch=5/60 loss=3.7816
G epoch=6/60 loss=3.4943
G epoch=7/60 loss=3.2288
G epoch=8/60 loss=3.0385
G epoch=9/60 loss=2.9399
G epoch=10/60 loss=2.9273
G epoch=11/60 loss=2.8865
G epoch=12/60 loss=2.7853
G epoch=13/60 loss=2.7777
G epoch=14/60 loss=2.7459
G epoch=15/60 loss=2.6937
G epoch=16/60 loss=2.6440
G epoch=17/60 loss=2.6250
G epoch=18/60 loss=2.5997
G epoch=19/60 loss=2.5410
G epoch=20/60 loss=2.5564
G epoch=21/60 loss=2.4763
G epoch=22/60 loss=2.4832
G epoch=23/60 loss=2.4196
G epoch=24/60 loss=2.3924
G epoch=25/60 loss=2.3498
G epoch=26/60 loss=2.3433
G epoch=27/60 loss=2.3542
G epoch=28/60 loss=2.3168
G epoch=29/60 loss=2.2611
G epoch=30/60 loss=2.2494
G epoch=31/60 loss=2.1679
G epoch=32/60 loss=2.1612
G epoch=33/60 loss=2.1451
G epoch=34/60 loss=2.0864
G epoch=35/60 loss=2.1233
G epoch=36/60 loss=2.0969
G epoch=37/60 loss=2.0596
G epoch=38/60 loss=2.0012
G epoch=39/60 loss=2.0026
G epoch=40/60 loss=2.0002
G epoch=41/60 loss=1.9498
G epoch=42/60 loss=1.9345
G epoch=43/60 loss=1.9000
G epoch=44/60 loss=1.8693
G epoch=45/60 loss=1.8642
G epoch=46/60 loss=1.8548
G epoch=47/60 loss=1.8440
G epoch=48/60 loss=1.7743
G epoch=49/60 loss=1.7838
G epoch=50/60 loss=1.7419
G epoch=51/60 loss=1.7184
G epoch=52/60 loss=1.7478
G epoch=53/60 loss=1.7097
G epoch=54/60 loss=1.7114
G epoch=55/60 loss=1.6692
G epoch=56/60 loss=1.6054
G epoch=57/60 loss=1.6170
G epoch=58/60 loss=1.5645
G epoch=59/60 loss=1.5776
G epoch=60/60 loss=1.5926

[2/3] pretrain D
D step=1/30 epoch=1/3 loss=0.8042 l2=0.2000 label_smoothing=0.050
D step=1/30 epoch=2/3 loss=0.7140 l2=0.2000 label_smoothing=0.050
D step=1/30 epoch=3/3 loss=0.6799 l2=0.2000 label_smoothing=0.050
D step=2/30 epoch=1/3 loss=0.6687 l2=0.2000 label_smoothing=0.050
D step=2/30 epoch=2/3 loss=0.6401 l2=0.2000 label_smoothing=0.050
D step=2/30 epoch=3/3 loss=0.5988 l2=0.2000 label_smoothing=0.050
D step=3/30 epoch=1/3 loss=0.5507 l2=0.2000 label_smoothing=0.050
D step=3/30 epoch=2/3 loss=0.5570 l2=0.2000 label_smoothing=0.050
D step=3/30 epoch=3/3 loss=0.5087 l2=0.2000 label_smoothing=0.050
D step=4/30 epoch=1/3 loss=0.4957 l2=0.2000 label_smoothing=0.050
D step=4/30 epoch=2/3 loss=0.4638 l2=0.2000 label_smoothing=0.050
D step=4/30 epoch=3/3 loss=0.4284 l2=0.2000 label_smoothing=0.050
D step=5/30 epoch=1/3 loss=0.4285 l2=0.2000 label_smoothing=0.050
D step=5/30 epoch=2/3 loss=0.3814 l2=0.2000 label_smoothing=0.050
D step=5/30 epoch=3/3 loss=0.3717 l2=0.2000 label_smoothing=0.050
D step=6/30 epoch=1/3 loss=0.3311 l2=0.2000 label_smoothing=0.050
D step=6/30 epoch=2/3 loss=0.3300 l2=0.2000 label_smoothing=0.050
D step=6/30 epoch=3/3 loss=0.2935 l2=0.2000 label_smoothing=0.050
D step=7/30 epoch=1/3 loss=0.3004 l2=0.2000 label_smoothing=0.050
D step=7/30 epoch=2/3 loss=0.2792 l2=0.2000 label_smoothing=0.050
D step=7/30 epoch=3/3 loss=0.2712 l2=0.2000 label_smoothing=0.050
D step=8/30 epoch=1/3 loss=0.2525 l2=0.2000 label_smoothing=0.050
D step=8/30 epoch=2/3 loss=0.2316 l2=0.2000 label_smoothing=0.050
D step=8/30 epoch=3/3 loss=0.2387 l2=0.2000 label_smoothing=0.050
D step=9/30 epoch=1/3 loss=0.2243 l2=0.2000 label_smoothing=0.050
D step=9/30 epoch=2/3 loss=0.2148 l2=0.2000 label_smoothing=0.050
D step=9/30 epoch=3/3 loss=0.2174 l2=0.2000 label_smoothing=0.050
D step=10/30 epoch=1/3 loss=0.2084 l2=0.2000 label_smoothing=0.050
D step=10/30 epoch=2/3 loss=0.2084 l2=0.2000 label_smoothing=0.050
D step=10/30 epoch=3/3 loss=0.2036 l2=0.2000 label_smoothing=0.050
D step=11/30 epoch=1/3 loss=0.2012 l2=0.2000 label_smoothing=0.050
D step=11/30 epoch=2/3 loss=0.2005 l2=0.2000 label_smoothing=0.050
D step=11/30 epoch=3/3 loss=0.2032 l2=0.2000 label_smoothing=0.050
D step=12/30 epoch=1/3 loss=0.1925 l2=0.2000 label_smoothing=0.050
D step=12/30 epoch=2/3 loss=0.1891 l2=0.2000 label_smoothing=0.050
D step=12/30 epoch=3/3 loss=0.1909 l2=0.2000 label_smoothing=0.050
D step=13/30 epoch=1/3 loss=0.1960 l2=0.2000 label_smoothing=0.050
D step=13/30 epoch=2/3 loss=0.1972 l2=0.2000 label_smoothing=0.050
D step=13/30 epoch=3/3 loss=0.1945 l2=0.2000 label_smoothing=0.050
D step=14/30 epoch=1/3 loss=0.1892 l2=0.2000 label_smoothing=0.050
D step=14/30 epoch=2/3 loss=0.1896 l2=0.2000 label_smoothing=0.050
D step=14/30 epoch=3/3 loss=0.1918 l2=0.2000 label_smoothing=0.050
D step=15/30 epoch=1/3 loss=0.1910 l2=0.2000 label_smoothing=0.050
D step=15/30 epoch=2/3 loss=0.1911 l2=0.2000 label_smoothing=0.050
D step=15/30 epoch=3/3 loss=0.1910 l2=0.2000 label_smoothing=0.050
D step=16/30 epoch=1/3 loss=0.1864 l2=0.2000 label_smoothing=0.050
D step=16/30 epoch=2/3 loss=0.1859 l2=0.2000 label_smoothing=0.050
D step=16/30 epoch=3/3 loss=0.1881 l2=0.2000 label_smoothing=0.050
D step=17/30 epoch=1/3 loss=0.1904 l2=0.2000 label_smoothing=0.050
D step=17/30 epoch=2/3 loss=0.1884 l2=0.2000 label_smoothing=0.050
D step=17/30 epoch=3/3 loss=0.1877 l2=0.2000 label_smoothing=0.050
D step=18/30 epoch=1/3 loss=0.1883 l2=0.2000 label_smoothing=0.050
D step=18/30 epoch=2/3 loss=0.1895 l2=0.2000 label_smoothing=0.050
D step=18/30 epoch=3/3 loss=0.1876 l2=0.2000 label_smoothing=0.050
D step=19/30 epoch=1/3 loss=0.1888 l2=0.2000 label_smoothing=0.050
D step=19/30 epoch=2/3 loss=0.1894 l2=0.2000 label_smoothing=0.050
D step=19/30 epoch=3/3 loss=0.1880 l2=0.2000 label_smoothing=0.050
D step=20/30 epoch=1/3 loss=0.1863 l2=0.2000 label_smoothing=0.050
D step=20/30 epoch=2/3 loss=0.1858 l2=0.2000 label_smoothing=0.050
D step=20/30 epoch=3/3 loss=0.1852 l2=0.2000 label_smoothing=0.050
D step=21/30 epoch=1/3 loss=0.1860 l2=0.2000 label_smoothing=0.050
D step=21/30 epoch=2/3 loss=0.1841 l2=0.2000 label_smoothing=0.050
D step=21/30 epoch=3/3 loss=0.1851 l2=0.2000 label_smoothing=0.050
D step=22/30 epoch=1/3 loss=0.1846 l2=0.2000 label_smoothing=0.050
D step=22/30 epoch=2/3 loss=0.1835 l2=0.2000 label_smoothing=0.050
D step=22/30 epoch=3/3 loss=0.1824 l2=0.2000 label_smoothing=0.050
D step=23/30 epoch=1/3 loss=0.1817 l2=0.2000 label_smoothing=0.050
D step=23/30 epoch=2/3 loss=0.1807 l2=0.2000 label_smoothing=0.050
D step=23/30 epoch=3/3 loss=0.1804 l2=0.2000 label_smoothing=0.050
D step=24/30 epoch=1/3 loss=0.1791 l2=0.2000 label_smoothing=0.050
D step=24/30 epoch=2/3 loss=0.1781 l2=0.2000 label_smoothing=0.050
D step=24/30 epoch=3/3 loss=0.1779 l2=0.2000 label_smoothing=0.050
D step=25/30 epoch=1/3 loss=0.1795 l2=0.2000 label_smoothing=0.050
D step=25/30 epoch=2/3 loss=0.1794 l2=0.2000 label_smoothing=0.050
D step=25/30 epoch=3/3 loss=0.1793 l2=0.2000 label_smoothing=0.050
D step=26/30 epoch=1/3 loss=0.1792 l2=0.2000 label_smoothing=0.050
D step=26/30 epoch=2/3 loss=0.1784 l2=0.2000 label_smoothing=0.050
D step=26/30 epoch=3/3 loss=0.1779 l2=0.2000 label_smoothing=0.050
D step=27/30 epoch=1/3 loss=0.1793 l2=0.2000 label_smoothing=0.050
D step=27/30 epoch=2/3 loss=0.1787 l2=0.2000 label_smoothing=0.050
D step=27/30 epoch=3/3 loss=0.1778 l2=0.2000 label_smoothing=0.050
D step=28/30 epoch=1/3 loss=0.1762 l2=0.2000 label_smoothing=0.050
D step=28/30 epoch=2/3 loss=0.1764 l2=0.2000 label_smoothing=0.050
D step=28/30 epoch=3/3 loss=0.1744 l2=0.2000 label_smoothing=0.050
D step=29/30 epoch=1/3 loss=0.1785 l2=0.2000 label_smoothing=0.050
D step=29/30 epoch=2/3 loss=0.1778 l2=0.2000 label_smoothing=0.050
D step=29/30 epoch=3/3 loss=0.1765 l2=0.2000 label_smoothing=0.050
D step=30/30 epoch=1/3 loss=0.1783 l2=0.2000 label_smoothing=0.050
D step=30/30 epoch=2/3 loss=0.1777 l2=0.2000 label_smoothing=0.050
D step=30/30 epoch=3/3 loss=0.1781 l2=0.2000 label_smoothing=0.050

[3/3] adversarial
generator_reward_mode=on reward_alpha=0.700 d_steps=5 d_epochs=3
D step=1/5 epoch=1/3 loss=0.1757 l2=0.2000 label_smoothing=0.050
D step=1/5 epoch=2/3 loss=0.1749 l2=0.2000 label_smoothing=0.050
D step=1/5 epoch=3/3 loss=0.1740 l2=0.2000 label_smoothing=0.050
D step=2/5 epoch=1/3 loss=0.1765 l2=0.2000 label_smoothing=0.050
D step=2/5 epoch=2/3 loss=0.1745 l2=0.2000 label_smoothing=0.050
D step=2/5 epoch=3/3 loss=0.1747 l2=0.2000 label_smoothing=0.050
D step=3/5 epoch=1/3 loss=0.1713 l2=0.2000 label_smoothing=0.050
D step=3/5 epoch=2/3 loss=0.1705 l2=0.2000 label_smoothing=0.050
D step=3/5 epoch=3/3 loss=0.1701 l2=0.2000 label_smoothing=0.050
D step=4/5 epoch=1/3 loss=0.1730 l2=0.2000 label_smoothing=0.050
D step=4/5 epoch=2/3 loss=0.1719 l2=0.2000 label_smoothing=0.050
D step=4/5 epoch=3/3 loss=0.1709 l2=0.2000 label_smoothing=0.050
D step=5/5 epoch=1/3 loss=0.1678 l2=0.2000 label_smoothing=0.050
D step=5/5 epoch=2/3 loss=0.1668 l2=0.2000 label_smoothing=0.050
D step=5/5 epoch=3/3 loss=0.1669 l2=0.2000 label_smoothing=0.050
ADV epoch=1/60 g_loss=0.2020 d_loss=0.1720 reward=0.1040 reward_var=0.0038 unique=1.0000
D step=1/5 epoch=1/3 loss=0.1658 l2=0.2000 label_smoothing=0.050
D step=1/5 epoch=2/3 loss=0.1650 l2=0.2000 label_smoothing=0.050
D step=1/5 epoch=3/3 loss=0.1648 l2=0.2000 label_smoothing=0.050
D step=2/5 epoch=1/3 loss=0.1669 l2=0.2000 label_smoothing=0.050
D step=2/5 epoch=2/3 loss=0.1652 l2=0.2000 label_smoothing=0.050
D step=2/5 epoch=3/3 loss=0.1650 l2=0.2000 label_smoothing=0.050
D step=3/5 epoch=1/3 loss=0.1636 l2=0.2000 label_smoothing=0.050
D step=3/5 epoch=2/3 loss=0.1634 l2=0.2000 label_smoothing=0.050
D step=3/5 epoch=3/3 loss=0.1621 l2=0.2000 label_smoothing=0.050
D step=4/5 epoch=1/3 loss=0.1639 l2=0.2000 label_smoothing=0.050
D step=4/5 epoch=2/3 loss=0.1636 l2=0.2000 label_smoothing=0.050
D step=4/5 epoch=3/3 loss=0.1622 l2=0.2000 label_smoothing=0.050
D step=5/5 epoch=1/3 loss=0.1595 l2=0.2000 label_smoothing=0.050
D step=5/5 epoch=2/3 loss=0.1595 l2=0.2000 label_smoothing=0.050
D step=5/5 epoch=3/3 loss=0.1581 l2=0.2000 label_smoothing=0.050
ADV epoch=2/60 g_loss=0.2499 d_loss=0.1632 reward=0.1210 reward_var=0.0044 unique=1.0000
D step=1/5 epoch=1/3 loss=0.1587 l2=0.2000 label_smoothing=0.050
D step=1/5 epoch=2/3 loss=0.1584 l2=0.2000 label_smoothing=0.050
D step=1/5 epoch=3/3 loss=0.1570 l2=0.2000 label_smoothing=0.050
D step=2/5 epoch=1/3 loss=0.1578 l2=0.2000 label_smoothing=0.050
D step=2/5 epoch=2/3 loss=0.1570 l2=0.2000 label_smoothing=0.050
D step=2/5 epoch=3/3 loss=0.1564 l2=0.2000 label_smoothing=0.050
D step=3/5 epoch=1/3 loss=0.1571 l2=0.2000 label_smoothing=0.050
D step=3/5 epoch=2/3 loss=0.1565 l2=0.2000 label_smoothing=0.050
D step=3/5 epoch=3/3 loss=0.1556 l2=0.2000 label_smoothing=0.050
D step=4/5 epoch=1/3 loss=0.1547 l2=0.2000 label_smoothing=0.050
D step=4/5 epoch=2/3 loss=0.1542 l2=0.2000 label_smoothing=0.050
D step=4/5 epoch=3/3 loss=0.1535 l2=0.2000 label_smoothing=0.050
D step=5/5 epoch=1/3 loss=0.1547 l2=0.2000 label_smoothing=0.050
D step=5/5 epoch=2/3 loss=0.1535 l2=0.2000 label_smoothing=0.050
D step=5/5 epoch=3/3 loss=0.1538 l2=0.2000 label_smoothing=0.050
ADV epoch=3/60 g_loss=0.2584 d_loss=0.1559 reward=0.1209 reward_var=0.0044 unique=1.0000
saved 500 raw samples to /content/drive/MyDrive/GAN/GAN_SQLi_Colab/results_seqgan_phase2b_phase3/phase3/seqgan_improved/error/B/R200/V6/generated_payloads.csv
