
[1/3] pretrain G
G epoch=1/80 loss=4.6000
G epoch=2/80 loss=4.4533
G epoch=3/80 loss=4.2840
G epoch=4/80 loss=4.0654
G epoch=5/80 loss=3.8107
G epoch=6/80 loss=3.5666
G epoch=7/80 loss=3.2994
G epoch=8/80 loss=2.9954
G epoch=9/80 loss=2.8649
G epoch=10/80 loss=2.7849
G epoch=11/80 loss=2.6831
G epoch=12/80 loss=2.6049
G epoch=13/80 loss=2.5513
G epoch=14/80 loss=2.4664
G epoch=15/80 loss=2.3761
G epoch=16/80 loss=2.2639
G epoch=17/80 loss=2.2018
G epoch=18/80 loss=2.2099
G epoch=19/80 loss=2.0592
G epoch=20/80 loss=2.0717
G epoch=21/80 loss=1.9799
G epoch=22/80 loss=1.9847
G epoch=23/80 loss=1.8987
G epoch=24/80 loss=1.8222
G epoch=25/80 loss=1.8161
G epoch=26/80 loss=1.7284
G epoch=27/80 loss=1.7393
G epoch=28/80 loss=1.6685
G epoch=29/80 loss=1.6157
G epoch=30/80 loss=1.5832
G epoch=31/80 loss=1.5450
G epoch=32/80 loss=1.5564
G epoch=33/80 loss=1.4505
G epoch=34/80 loss=1.4380
G epoch=35/80 loss=1.4245
G epoch=36/80 loss=1.3933
G epoch=37/80 loss=1.3611
G epoch=38/80 loss=1.2762
G epoch=39/80 loss=1.2670
G epoch=40/80 loss=1.2937
G epoch=41/80 loss=1.2333
G epoch=42/80 loss=1.2299
G epoch=43/80 loss=1.2230
G epoch=44/80 loss=1.1751
G epoch=45/80 loss=1.1803
G epoch=46/80 loss=1.1700
G epoch=47/80 loss=1.1293
G epoch=48/80 loss=1.1215
G epoch=49/80 loss=1.0589
G epoch=50/80 loss=1.0430
G epoch=51/80 loss=1.0193
G epoch=52/80 loss=0.9572
G epoch=53/80 loss=0.9748
G epoch=54/80 loss=0.9607
G epoch=55/80 loss=0.9799
G epoch=56/80 loss=0.9320
G epoch=57/80 loss=0.9328
G epoch=58/80 loss=0.9247
G epoch=59/80 loss=0.8883
G epoch=60/80 loss=0.8912
G epoch=61/80 loss=0.8907
G epoch=62/80 loss=0.8538
G epoch=63/80 loss=0.8107
G epoch=64/80 loss=0.8636
G epoch=65/80 loss=0.7898
G epoch=66/80 loss=0.8177
G epoch=67/80 loss=0.8004
G epoch=68/80 loss=0.8110
G epoch=69/80 loss=0.7841
G epoch=70/80 loss=0.7445
G epoch=71/80 loss=0.7767
G epoch=72/80 loss=0.7557
G epoch=73/80 loss=0.7703
G epoch=74/80 loss=0.7313
G epoch=75/80 loss=0.7560
G epoch=76/80 loss=0.7324
G epoch=77/80 loss=0.7024
G epoch=78/80 loss=0.6947
G epoch=79/80 loss=0.6958
G epoch=80/80 loss=0.6921

[2/3] pretrain D
D step=1/30 epoch=1/3 loss=0.7784 l2=0.2000 label_smoothing=0.050
D step=1/30 epoch=2/3 loss=0.7488 l2=0.2000 label_smoothing=0.050
D step=1/30 epoch=3/3 loss=0.7235 l2=0.2000 label_smoothing=0.050
D step=2/30 epoch=1/3 loss=0.7281 l2=0.2000 label_smoothing=0.050
D step=2/30 epoch=2/3 loss=0.7360 l2=0.2000 label_smoothing=0.050
D step=2/30 epoch=3/3 loss=0.7226 l2=0.2000 label_smoothing=0.050
D step=3/30 epoch=1/3 loss=0.7083 l2=0.2000 label_smoothing=0.050
D step=3/30 epoch=2/3 loss=0.6986 l2=0.2000 label_smoothing=0.050
D step=3/30 epoch=3/3 loss=0.6796 l2=0.2000 label_smoothing=0.050
D step=4/30 epoch=1/3 loss=0.6615 l2=0.2000 label_smoothing=0.050
D step=4/30 epoch=2/3 loss=0.6662 l2=0.2000 label_smoothing=0.050
D step=4/30 epoch=3/3 loss=0.6508 l2=0.2000 label_smoothing=0.050
D step=5/30 epoch=1/3 loss=0.6414 l2=0.2000 label_smoothing=0.050
D step=5/30 epoch=2/3 loss=0.6418 l2=0.2000 label_smoothing=0.050
D step=5/30 epoch=3/3 loss=0.6255 l2=0.2000 label_smoothing=0.050
D step=6/30 epoch=1/3 loss=0.6179 l2=0.2000 label_smoothing=0.050
D step=6/30 epoch=2/3 loss=0.6165 l2=0.2000 label_smoothing=0.050
D step=6/30 epoch=3/3 loss=0.6061 l2=0.2000 label_smoothing=0.050
D step=7/30 epoch=1/3 loss=0.5688 l2=0.2000 label_smoothing=0.050
D step=7/30 epoch=2/3 loss=0.5690 l2=0.2000 label_smoothing=0.050
D step=7/30 epoch=3/3 loss=0.5586 l2=0.2000 label_smoothing=0.050
D step=8/30 epoch=1/3 loss=0.5636 l2=0.2000 label_smoothing=0.050
D step=8/30 epoch=2/3 loss=0.5440 l2=0.2000 label_smoothing=0.050
D step=8/30 epoch=3/3 loss=0.5368 l2=0.2000 label_smoothing=0.050
D step=9/30 epoch=1/3 loss=0.5414 l2=0.2000 label_smoothing=0.050
D step=9/30 epoch=2/3 loss=0.5166 l2=0.2000 label_smoothing=0.050
D step=9/30 epoch=3/3 loss=0.5047 l2=0.2000 label_smoothing=0.050
D step=10/30 epoch=1/3 loss=0.5006 l2=0.2000 label_smoothing=0.050
D step=10/30 epoch=2/3 loss=0.4808 l2=0.2000 label_smoothing=0.050
D step=10/30 epoch=3/3 loss=0.4603 l2=0.2000 label_smoothing=0.050
D step=11/30 epoch=1/3 loss=0.4664 l2=0.2000 label_smoothing=0.050
D step=11/30 epoch=2/3 loss=0.4619 l2=0.2000 label_smoothing=0.050
D step=11/30 epoch=3/3 loss=0.4441 l2=0.2000 label_smoothing=0.050
D step=12/30 epoch=1/3 loss=0.4479 l2=0.2000 label_smoothing=0.050
D step=12/30 epoch=2/3 loss=0.4294 l2=0.2000 label_smoothing=0.050
D step=12/30 epoch=3/3 loss=0.4111 l2=0.2000 label_smoothing=0.050
D step=13/30 epoch=1/3 loss=0.4194 l2=0.2000 label_smoothing=0.050
D step=13/30 epoch=2/3 loss=0.3892 l2=0.2000 label_smoothing=0.050
D step=13/30 epoch=3/3 loss=0.3892 l2=0.2000 label_smoothing=0.050
D step=14/30 epoch=1/3 loss=0.3683 l2=0.2000 label_smoothing=0.050
D step=14/30 epoch=2/3 loss=0.3712 l2=0.2000 label_smoothing=0.050
D step=14/30 epoch=3/3 loss=0.3480 l2=0.2000 label_smoothing=0.050
D step=15/30 epoch=1/3 loss=0.3715 l2=0.2000 label_smoothing=0.050
D step=15/30 epoch=2/3 loss=0.3554 l2=0.2000 label_smoothing=0.050
D step=15/30 epoch=3/3 loss=0.3533 l2=0.2000 label_smoothing=0.050
D step=16/30 epoch=1/3 loss=0.3809 l2=0.2000 label_smoothing=0.050
D step=16/30 epoch=2/3 loss=0.3919 l2=0.2000 label_smoothing=0.050
D step=16/30 epoch=3/3 loss=0.3796 l2=0.2000 label_smoothing=0.050
D step=17/30 epoch=1/3 loss=0.3551 l2=0.2000 label_smoothing=0.050
D step=17/30 epoch=2/3 loss=0.3298 l2=0.2000 label_smoothing=0.050
D step=17/30 epoch=3/3 loss=0.3326 l2=0.2000 label_smoothing=0.050
D step=18/30 epoch=1/3 loss=0.3282 l2=0.2000 label_smoothing=0.050
D step=18/30 epoch=2/3 loss=0.3164 l2=0.2000 label_smoothing=0.050
D step=18/30 epoch=3/3 loss=0.3005 l2=0.2000 label_smoothing=0.050
D step=19/30 epoch=1/3 loss=0.3208 l2=0.2000 label_smoothing=0.050
D step=19/30 epoch=2/3 loss=0.3124 l2=0.2000 label_smoothing=0.050
D step=19/30 epoch=3/3 loss=0.3188 l2=0.2000 label_smoothing=0.050
D step=20/30 epoch=1/3 loss=0.3064 l2=0.2000 label_smoothing=0.050
D step=20/30 epoch=2/3 loss=0.3000 l2=0.2000 label_smoothing=0.050
D step=20/30 epoch=3/3 loss=0.2867 l2=0.2000 label_smoothing=0.050
D step=21/30 epoch=1/3 loss=0.3071 l2=0.2000 label_smoothing=0.050
D step=21/30 epoch=2/3 loss=0.2967 l2=0.2000 label_smoothing=0.050
D step=21/30 epoch=3/3 loss=0.3061 l2=0.2000 label_smoothing=0.050
D step=22/30 epoch=1/3 loss=0.2954 l2=0.2000 label_smoothing=0.050
D step=22/30 epoch=2/3 loss=0.2887 l2=0.2000 label_smoothing=0.050
D step=22/30 epoch=3/3 loss=0.2820 l2=0.2000 label_smoothing=0.050
D step=23/30 epoch=1/3 loss=0.2965 l2=0.2000 label_smoothing=0.050
D step=23/30 epoch=2/3 loss=0.2891 l2=0.2000 label_smoothing=0.050
D step=23/30 epoch=3/3 loss=0.2811 l2=0.2000 label_smoothing=0.050
D step=24/30 epoch=1/3 loss=0.2814 l2=0.2000 label_smoothing=0.050
D step=24/30 epoch=2/3 loss=0.2720 l2=0.2000 label_smoothing=0.050
D step=24/30 epoch=3/3 loss=0.2718 l2=0.2000 label_smoothing=0.050
D step=25/30 epoch=1/3 loss=0.2868 l2=0.2000 label_smoothing=0.050
D step=25/30 epoch=2/3 loss=0.2908 l2=0.2000 label_smoothing=0.050
D step=25/30 epoch=3/3 loss=0.2752 l2=0.2000 label_smoothing=0.050
D step=26/30 epoch=1/3 loss=0.2940 l2=0.2000 label_smoothing=0.050
D step=26/30 epoch=2/3 loss=0.2841 l2=0.2000 label_smoothing=0.050
D step=26/30 epoch=3/3 loss=0.2751 l2=0.2000 label_smoothing=0.050
D step=27/30 epoch=1/3 loss=0.2958 l2=0.2000 label_smoothing=0.050
D step=27/30 epoch=2/3 loss=0.3020 l2=0.2000 label_smoothing=0.050
D step=27/30 epoch=3/3 loss=0.2921 l2=0.2000 label_smoothing=0.050
D step=28/30 epoch=1/3 loss=0.2324 l2=0.2000 label_smoothing=0.050
D step=28/30 epoch=2/3 loss=0.2257 l2=0.2000 label_smoothing=0.050
D step=28/30 epoch=3/3 loss=0.2186 l2=0.2000 label_smoothing=0.050
D step=29/30 epoch=1/3 loss=0.3435 l2=0.2000 label_smoothing=0.050
D step=29/30 epoch=2/3 loss=0.3097 l2=0.2000 label_smoothing=0.050
D step=29/30 epoch=3/3 loss=0.2737 l2=0.2000 label_smoothing=0.050
D step=30/30 epoch=1/3 loss=0.2793 l2=0.2000 label_smoothing=0.050
D step=30/30 epoch=2/3 loss=0.2755 l2=0.2000 label_smoothing=0.050
D step=30/30 epoch=3/3 loss=0.2582 l2=0.2000 label_smoothing=0.050

[3/3] adversarial
generator_reward_mode=on reward_alpha=0.700 d_steps=5 d_epochs=3
D step=1/5 epoch=1/3 loss=0.2611 l2=0.2000 label_smoothing=0.050
D step=1/5 epoch=2/3 loss=0.2558 l2=0.2000 label_smoothing=0.050
D step=1/5 epoch=3/3 loss=0.2333 l2=0.2000 label_smoothing=0.050
D step=2/5 epoch=1/3 loss=0.2257 l2=0.2000 label_smoothing=0.050
D step=2/5 epoch=2/3 loss=0.2165 l2=0.2000 label_smoothing=0.050
D step=2/5 epoch=3/3 loss=0.2141 l2=0.2000 label_smoothing=0.050
D step=3/5 epoch=1/3 loss=0.2483 l2=0.2000 label_smoothing=0.050
D step=3/5 epoch=2/3 loss=0.2458 l2=0.2000 label_smoothing=0.050
D step=3/5 epoch=3/3 loss=0.2318 l2=0.2000 label_smoothing=0.050
D step=4/5 epoch=1/3 loss=0.2431 l2=0.2000 label_smoothing=0.050
D step=4/5 epoch=2/3 loss=0.2333 l2=0.2000 label_smoothing=0.050
D step=4/5 epoch=3/3 loss=0.2330 l2=0.2000 label_smoothing=0.050
D step=5/5 epoch=1/3 loss=0.2325 l2=0.2000 label_smoothing=0.050
D step=5/5 epoch=2/3 loss=0.2255 l2=0.2000 label_smoothing=0.050
D step=5/5 epoch=3/3 loss=0.2283 l2=0.2000 label_smoothing=0.050
ADV epoch=1/60 g_loss=0.1449 d_loss=0.2352 reward=0.1607 reward_var=0.0112 unique=1.0000
D step=1/5 epoch=1/3 loss=0.2173 l2=0.2000 label_smoothing=0.050
D step=1/5 epoch=2/3 loss=0.2073 l2=0.2000 label_smoothing=0.050
D step=1/5 epoch=3/3 loss=0.1996 l2=0.2000 label_smoothing=0.050
D step=2/5 epoch=1/3 loss=0.2295 l2=0.2000 label_smoothing=0.050
D step=2/5 epoch=2/3 loss=0.2248 l2=0.2000 label_smoothing=0.050
D step=2/5 epoch=3/3 loss=0.2136 l2=0.2000 label_smoothing=0.050
D step=3/5 epoch=1/3 loss=0.2255 l2=0.2000 label_smoothing=0.050
D step=3/5 epoch=2/3 loss=0.2191 l2=0.2000 label_smoothing=0.050
D step=3/5 epoch=3/3 loss=0.2173 l2=0.2000 label_smoothing=0.050
D step=4/5 epoch=1/3 loss=0.2089 l2=0.2000 label_smoothing=0.050
D step=4/5 epoch=2/3 loss=0.2079 l2=0.2000 label_smoothing=0.050
D step=4/5 epoch=3/3 loss=0.2023 l2=0.2000 label_smoothing=0.050
D step=5/5 epoch=1/3 loss=0.2247 l2=0.2000 label_smoothing=0.050
D step=5/5 epoch=2/3 loss=0.2097 l2=0.2000 label_smoothing=0.050
D step=5/5 epoch=3/3 loss=0.2099 l2=0.2000 label_smoothing=0.050
ADV epoch=2/60 g_loss=0.1485 d_loss=0.2145 reward=0.1481 reward_var=0.0100 unique=1.0000
D step=1/5 epoch=1/3 loss=0.2614 l2=0.2000 label_smoothing=0.050
D step=1/5 epoch=2/3 loss=0.2430 l2=0.2000 label_smoothing=0.050
D step=1/5 epoch=3/3 loss=0.2217 l2=0.2000 label_smoothing=0.050
D step=2/5 epoch=1/3 loss=0.1925 l2=0.2000 label_smoothing=0.050
D step=2/5 epoch=2/3 loss=0.1886 l2=0.2000 label_smoothing=0.050
D step=2/5 epoch=3/3 loss=0.1901 l2=0.2000 label_smoothing=0.050
D step=3/5 epoch=1/3 loss=0.2319 l2=0.2000 label_smoothing=0.050
D step=3/5 epoch=2/3 loss=0.2169 l2=0.2000 label_smoothing=0.050
D step=3/5 epoch=3/3 loss=0.2155 l2=0.2000 label_smoothing=0.050
D step=4/5 epoch=1/3 loss=0.2374 l2=0.2000 label_smoothing=0.050
D step=4/5 epoch=2/3 loss=0.2326 l2=0.2000 label_smoothing=0.050
D step=4/5 epoch=3/3 loss=0.2222 l2=0.2000 label_smoothing=0.050
D step=5/5 epoch=1/3 loss=0.2412 l2=0.2000 label_smoothing=0.050
D step=5/5 epoch=2/3 loss=0.2296 l2=0.2000 label_smoothing=0.050
D step=5/5 epoch=3/3 loss=0.2219 l2=0.2000 label_smoothing=0.050
ADV epoch=3/60 g_loss=0.1228 d_loss=0.2231 reward=0.1287 reward_var=0.0121 unique=0.9800
D step=1/5 epoch=1/3 loss=0.2132 l2=0.2000 label_smoothing=0.050
D step=1/5 epoch=2/3 loss=0.2050 l2=0.2000 label_smoothing=0.050
D step=1/5 epoch=3/3 loss=0.1943 l2=0.2000 label_smoothing=0.050
D step=2/5 epoch=1/3 loss=0.2008 l2=0.2000 label_smoothing=0.050
D step=2/5 epoch=2/3 loss=0.1982 l2=0.2000 label_smoothing=0.050
D step=2/5 epoch=3/3 loss=0.1935 l2=0.2000 label_smoothing=0.050
D step=3/5 epoch=1/3 loss=0.1963 l2=0.2000 label_smoothing=0.050
D step=3/5 epoch=2/3 loss=0.1897 l2=0.2000 label_smoothing=0.050
D step=3/5 epoch=3/3 loss=0.1894 l2=0.2000 label_smoothing=0.050
D step=4/5 epoch=1/3 loss=0.2103 l2=0.2000 label_smoothing=0.050
D step=4/5 epoch=2/3 loss=0.2041 l2=0.2000 label_smoothing=0.050
D step=4/5 epoch=3/3 loss=0.2023 l2=0.2000 label_smoothing=0.050
D step=5/5 epoch=1/3 loss=0.2042 l2=0.2000 label_smoothing=0.050
D step=5/5 epoch=2/3 loss=0.2017 l2=0.2000 label_smoothing=0.050
D step=5/5 epoch=3/3 loss=0.1949 l2=0.2000 label_smoothing=0.050
ADV epoch=4/60 g_loss=0.1198 d_loss=0.1999 reward=0.1337 reward_var=0.0059 unique=1.0000
D step=1/5 epoch=1/3 loss=0.2428 l2=0.2000 label_smoothing=0.050
D step=1/5 epoch=2/3 loss=0.2197 l2=0.2000 label_smoothing=0.050
D step=1/5 epoch=3/3 loss=0.2178 l2=0.2000 label_smoothing=0.050
D step=2/5 epoch=1/3 loss=0.2060 l2=0.2000 label_smoothing=0.050
D step=2/5 epoch=2/3 loss=0.2065 l2=0.2000 label_smoothing=0.050
D step=2/5 epoch=3/3 loss=0.2027 l2=0.2000 label_smoothing=0.050
D step=3/5 epoch=1/3 loss=0.2017 l2=0.2000 label_smoothing=0.050
D step=3/5 epoch=2/3 loss=0.1994 l2=0.2000 label_smoothing=0.050
D step=3/5 epoch=3/3 loss=0.2036 l2=0.2000 label_smoothing=0.050
D step=4/5 epoch=1/3 loss=0.1803 l2=0.2000 label_smoothing=0.050
D step=4/5 epoch=2/3 loss=0.1776 l2=0.2000 label_smoothing=0.050
D step=4/5 epoch=3/3 loss=0.1775 l2=0.2000 label_smoothing=0.050
D step=5/5 epoch=1/3 loss=0.1900 l2=0.2000 label_smoothing=0.050
D step=5/5 epoch=2/3 loss=0.1864 l2=0.2000 label_smoothing=0.050
D step=5/5 epoch=3/3 loss=0.1879 l2=0.2000 label_smoothing=0.050
ADV epoch=5/60 g_loss=0.1298 d_loss=0.2000 reward=0.1737 reward_var=0.0138 unique=0.9800
D step=1/5 epoch=1/3 loss=0.2084 l2=0.2000 label_smoothing=0.050
D step=1/5 epoch=2/3 loss=0.2142 l2=0.2000 label_smoothing=0.050
D step=1/5 epoch=3/3 loss=0.2034 l2=0.2000 label_smoothing=0.050
D step=2/5 epoch=1/3 loss=0.2120 l2=0.2000 label_smoothing=0.050
D step=2/5 epoch=2/3 loss=0.2075 l2=0.2000 label_smoothing=0.050
D step=2/5 epoch=3/3 loss=0.2034 l2=0.2000 label_smoothing=0.050
D step=3/5 epoch=1/3 loss=0.1830 l2=0.2000 label_smoothing=0.050
D step=3/5 epoch=2/3 loss=0.1842 l2=0.2000 label_smoothing=0.050
D step=3/5 epoch=3/3 loss=0.1822 l2=0.2000 label_smoothing=0.050
D step=4/5 epoch=1/3 loss=0.2005 l2=0.2000 label_smoothing=0.050
D step=4/5 epoch=2/3 loss=0.1954 l2=0.2000 label_smoothing=0.050
D step=4/5 epoch=3/3 loss=0.1927 l2=0.2000 label_smoothing=0.050
D step=5/5 epoch=1/3 loss=0.1770 l2=0.2000 label_smoothing=0.050
D step=5/5 epoch=2/3 loss=0.1781 l2=0.2000 label_smoothing=0.050
D step=5/5 epoch=3/3 loss=0.1784 l2=0.2000 label_smoothing=0.050
ADV epoch=6/60 g_loss=0.1309 d_loss=0.1947 reward=0.1752 reward_var=0.0110 unique=1.0000
D step=1/5 epoch=1/3 loss=0.1855 l2=0.2000 label_smoothing=0.050
D step=1/5 epoch=2/3 loss=0.1808 l2=0.2000 label_smoothing=0.050
D step=1/5 epoch=3/3 loss=0.1808 l2=0.2000 label_smoothing=0.050
D step=2/5 epoch=1/3 loss=0.1910 l2=0.2000 label_smoothing=0.050
D step=2/5 epoch=2/3 loss=0.1886 l2=0.2000 label_smoothing=0.050
D step=2/5 epoch=3/3 loss=0.1870 l2=0.2000 label_smoothing=0.050
D step=3/5 epoch=1/3 loss=0.1997 l2=0.2000 label_smoothing=0.050
D step=3/5 epoch=2/3 loss=0.1897 l2=0.2000 label_smoothing=0.050
D step=3/5 epoch=3/3 loss=0.1838 l2=0.2000 label_smoothing=0.050
D step=4/5 epoch=1/3 loss=0.1968 l2=0.2000 label_smoothing=0.050
D step=4/5 epoch=2/3 loss=0.1903 l2=0.2000 label_smoothing=0.050
D step=4/5 epoch=3/3 loss=0.1831 l2=0.2000 label_smoothing=0.050
D step=5/5 epoch=1/3 loss=0.1866 l2=0.2000 label_smoothing=0.050
D step=5/5 epoch=2/3 loss=0.1869 l2=0.2000 label_smoothing=0.050
D step=5/5 epoch=3/3 loss=0.1843 l2=0.2000 label_smoothing=0.050
ADV epoch=7/60 g_loss=0.1305 d_loss=0.1877 reward=0.1793 reward_var=0.0108 unique=1.0000
D step=1/5 epoch=1/3 loss=0.1675 l2=0.2000 label_smoothing=0.050
D step=1/5 epoch=2/3 loss=0.1691 l2=0.2000 label_smoothing=0.050
D step=1/5 epoch=3/3 loss=0.1648 l2=0.2000 label_smoothing=0.050
D step=2/5 epoch=1/3 loss=0.1895 l2=0.2000 label_smoothing=0.050
D step=2/5 epoch=2/3 loss=0.1804 l2=0.2000 label_smoothing=0.050
D step=2/5 epoch=3/3 loss=0.1749 l2=0.2000 label_smoothing=0.050
D step=3/5 epoch=1/3 loss=0.1848 l2=0.2000 label_smoothing=0.050
D step=3/5 epoch=2/3 loss=0.1818 l2=0.2000 label_smoothing=0.050
D step=3/5 epoch=3/3 loss=0.1774 l2=0.2000 label_smoothing=0.050
D step=4/5 epoch=1/3 loss=0.1880 l2=0.2000 label_smoothing=0.050
D step=4/5 epoch=2/3 loss=0.1836 l2=0.2000 label_smoothing=0.050
D step=4/5 epoch=3/3 loss=0.1739 l2=0.2000 label_smoothing=0.050
D step=5/5 epoch=1/3 loss=0.1795 l2=0.2000 label_smoothing=0.050
D step=5/5 epoch=2/3 loss=0.1784 l2=0.2000 label_smoothing=0.050
D step=5/5 epoch=3/3 loss=0.1816 l2=0.2000 label_smoothing=0.050
ADV epoch=8/60 g_loss=0.1053 d_loss=0.1783 reward=0.1761 reward_var=0.0067 unique=1.0000
D step=1/5 epoch=1/3 loss=0.1692 l2=0.2000 label_smoothing=0.050
D step=1/5 epoch=2/3 loss=0.1687 l2=0.2000 label_smoothing=0.050
D step=1/5 epoch=3/3 loss=0.1674 l2=0.2000 label_smoothing=0.050
D step=2/5 epoch=1/3 loss=0.1716 l2=0.2000 label_smoothing=0.050
D step=2/5 epoch=2/3 loss=0.1686 l2=0.2000 label_smoothing=0.050
D step=2/5 epoch=3/3 loss=0.1658 l2=0.2000 label_smoothing=0.050
D step=3/5 epoch=1/3 loss=0.1696 l2=0.2000 label_smoothing=0.050
D step=3/5 epoch=2/3 loss=0.1667 l2=0.2000 label_smoothing=0.050
D step=3/5 epoch=3/3 loss=0.1637 l2=0.2000 label_smoothing=0.050
D step=4/5 epoch=1/3 loss=0.2254 l2=0.2000 label_smoothing=0.050
D step=4/5 epoch=2/3 loss=0.2042 l2=0.2000 label_smoothing=0.050
D step=4/5 epoch=3/3 loss=0.1934 l2=0.2000 label_smoothing=0.050
D step=5/5 epoch=1/3 loss=0.1894 l2=0.2000 label_smoothing=0.050
D step=5/5 epoch=2/3 loss=0.1860 l2=0.2000 label_smoothing=0.050
D step=5/5 epoch=3/3 loss=0.1794 l2=0.2000 label_smoothing=0.050
ADV epoch=9/60 g_loss=0.1028 d_loss=0.1793 reward=0.1561 reward_var=0.0060 unique=0.9400
D step=1/5 epoch=1/3 loss=0.1832 l2=0.2000 label_smoothing=0.050
D step=1/5 epoch=2/3 loss=0.1729 l2=0.2000 label_smoothing=0.050
D step=1/5 epoch=3/3 loss=0.1731 l2=0.2000 label_smoothing=0.050
D step=2/5 epoch=1/3 loss=0.1629 l2=0.2000 label_smoothing=0.050
D step=2/5 epoch=2/3 loss=0.1618 l2=0.2000 label_smoothing=0.050
D step=2/5 epoch=3/3 loss=0.1634 l2=0.2000 label_smoothing=0.050
D step=3/5 epoch=1/3 loss=0.1624 l2=0.2000 label_smoothing=0.050
D step=3/5 epoch=2/3 loss=0.1624 l2=0.2000 label_smoothing=0.050
D step=3/5 epoch=3/3 loss=0.1593 l2=0.2000 label_smoothing=0.050
D step=4/5 epoch=1/3 loss=0.1664 l2=0.2000 label_smoothing=0.050
D step=4/5 epoch=2/3 loss=0.1624 l2=0.2000 label_smoothing=0.050
D step=4/5 epoch=3/3 loss=0.1660 l2=0.2000 label_smoothing=0.050
D step=5/5 epoch=1/3 loss=0.1607 l2=0.2000 label_smoothing=0.050
D step=5/5 epoch=2/3 loss=0.1620 l2=0.2000 label_smoothing=0.050
D step=5/5 epoch=3/3 loss=0.1622 l2=0.2000 label_smoothing=0.050
ADV epoch=10/60 g_loss=0.1144 d_loss=0.1654 reward=0.1667 reward_var=0.0030 unique=0.8800
D step=1/5 epoch=1/3 loss=0.1553 l2=0.2000 label_smoothing=0.050
D step=1/5 epoch=2/3 loss=0.1495 l2=0.2000 label_smoothing=0.050
D step=1/5 epoch=3/3 loss=0.1468 l2=0.2000 label_smoothing=0.050
D step=2/5 epoch=1/3 loss=0.1867 l2=0.2000 label_smoothing=0.050
D step=2/5 epoch=2/3 loss=0.1858 l2=0.2000 label_smoothing=0.050
D step=2/5 epoch=3/3 loss=0.1776 l2=0.2000 label_smoothing=0.050
D step=3/5 epoch=1/3 loss=0.1484 l2=0.2000 label_smoothing=0.050
D step=3/5 epoch=2/3 loss=0.1477 l2=0.2000 label_smoothing=0.050
D step=3/5 epoch=3/3 loss=0.1489 l2=0.2000 label_smoothing=0.050
D step=4/5 epoch=1/3 loss=0.1507 l2=0.2000 label_smoothing=0.050
D step=4/5 epoch=2/3 loss=0.1485 l2=0.2000 label_smoothing=0.050
D step=4/5 epoch=3/3 loss=0.1487 l2=0.2000 label_smoothing=0.050
D step=5/5 epoch=1/3 loss=0.1657 l2=0.2000 label_smoothing=0.050
D step=5/5 epoch=2/3 loss=0.1690 l2=0.2000 label_smoothing=0.050
D step=5/5 epoch=3/3 loss=0.1620 l2=0.2000 label_smoothing=0.050
ADV epoch=11/60 g_loss=0.1028 d_loss=0.1594 reward=0.1881 reward_var=0.0075 unique=0.9400
D step=1/5 epoch=1/3 loss=0.1684 l2=0.2000 label_smoothing=0.050
D step=1/5 epoch=2/3 loss=0.1616 l2=0.2000 label_smoothing=0.050
D step=1/5 epoch=3/3 loss=0.1599 l2=0.2000 label_smoothing=0.050
D step=2/5 epoch=1/3 loss=0.1780 l2=0.2000 label_smoothing=0.050
D step=2/5 epoch=2/3 loss=0.1671 l2=0.2000 label_smoothing=0.050
D step=2/5 epoch=3/3 loss=0.1672 l2=0.2000 label_smoothing=0.050
D step=3/5 epoch=1/3 loss=0.1660 l2=0.2000 label_smoothing=0.050
D step=3/5 epoch=2/3 loss=0.1657 l2=0.2000 label_smoothing=0.050
D step=3/5 epoch=3/3 loss=0.1616 l2=0.2000 label_smoothing=0.050
D step=4/5 epoch=1/3 loss=0.1741 l2=0.2000 label_smoothing=0.050
D step=4/5 epoch=2/3 loss=0.1665 l2=0.2000 label_smoothing=0.050
D step=4/5 epoch=3/3 loss=0.1663 l2=0.2000 label_smoothing=0.050
D step=5/5 epoch=1/3 loss=0.1786 l2=0.2000 label_smoothing=0.050
D step=5/5 epoch=2/3 loss=0.1763 l2=0.2000 label_smoothing=0.050
D step=5/5 epoch=3/3 loss=0.1781 l2=0.2000 label_smoothing=0.050
ADV epoch=12/60 g_loss=0.0819 d_loss=0.1690 reward=0.1685 reward_var=0.0035 unique=0.9800
D step=1/5 epoch=1/3 loss=0.1609 l2=0.2000 label_smoothing=0.050
D step=1/5 epoch=2/3 loss=0.1584 l2=0.2000 label_smoothing=0.050
D step=1/5 epoch=3/3 loss=0.1574 l2=0.2000 label_smoothing=0.050
D step=2/5 epoch=1/3 loss=0.1491 l2=0.2000 label_smoothing=0.050
D step=2/5 epoch=2/3 loss=0.1452 l2=0.2000 label_smoothing=0.050
D step=2/5 epoch=3/3 loss=0.1440 l2=0.2000 label_smoothing=0.050
D step=3/5 epoch=1/3 loss=0.1788 l2=0.2000 label_smoothing=0.050
D step=3/5 epoch=2/3 loss=0.1684 l2=0.2000 label_smoothing=0.050
D step=3/5 epoch=3/3 loss=0.1644 l2=0.2000 label_smoothing=0.050
D step=4/5 epoch=1/3 loss=0.1684 l2=0.2000 label_smoothing=0.050
D step=4/5 epoch=2/3 loss=0.1698 l2=0.2000 label_smoothing=0.050
D step=4/5 epoch=3/3 loss=0.1621 l2=0.2000 label_smoothing=0.050
D step=5/5 epoch=1/3 loss=0.1599 l2=0.2000 label_smoothing=0.050
D step=5/5 epoch=2/3 loss=0.1563 l2=0.2000 label_smoothing=0.050
D step=5/5 epoch=3/3 loss=0.1580 l2=0.2000 label_smoothing=0.050
ADV epoch=13/60 g_loss=0.0841 d_loss=0.1601 reward=0.1570 reward_var=0.0030 unique=0.9000
D step=1/5 epoch=1/3 loss=0.1742 l2=0.2000 label_smoothing=0.050
D step=1/5 epoch=2/3 loss=0.1773 l2=0.2000 label_smoothing=0.050
D step=1/5 epoch=3/3 loss=0.1728 l2=0.2000 label_smoothing=0.050
D step=2/5 epoch=1/3 loss=0.2048 l2=0.2000 label_smoothing=0.050
D step=2/5 epoch=2/3 loss=0.1912 l2=0.2000 label_smoothing=0.050
D step=2/5 epoch=3/3 loss=0.1963 l2=0.2000 label_smoothing=0.050
D step=3/5 epoch=1/3 loss=0.1609 l2=0.2000 label_smoothing=0.050
D step=3/5 epoch=2/3 loss=0.1565 l2=0.2000 label_smoothing=0.050
D step=3/5 epoch=3/3 loss=0.1520 l2=0.2000 label_smoothing=0.050
D step=4/5 epoch=1/3 loss=0.1910 l2=0.2000 label_smoothing=0.050
D step=4/5 epoch=2/3 loss=0.1864 l2=0.2000 label_smoothing=0.050
D step=4/5 epoch=3/3 loss=0.1789 l2=0.2000 label_smoothing=0.050
D step=5/5 epoch=1/3 loss=0.1747 l2=0.2000 label_smoothing=0.050
D step=5/5 epoch=2/3 loss=0.1682 l2=0.2000 label_smoothing=0.050
D step=5/5 epoch=3/3 loss=0.1609 l2=0.2000 label_smoothing=0.050
ADV epoch=14/60 g_loss=0.0895 d_loss=0.1764 reward=0.1972 reward_var=0.0093 unique=0.9000
D step=1/5 epoch=1/3 loss=0.1641 l2=0.2000 label_smoothing=0.050
D step=1/5 epoch=2/3 loss=0.1623 l2=0.2000 label_smoothing=0.050
D step=1/5 epoch=3/3 loss=0.1650 l2=0.2000 label_smoothing=0.050
D step=2/5 epoch=1/3 loss=0.1675 l2=0.2000 label_smoothing=0.050
D step=2/5 epoch=2/3 loss=0.1654 l2=0.2000 label_smoothing=0.050
D step=2/5 epoch=3/3 loss=0.1635 l2=0.2000 label_smoothing=0.050
D step=3/5 epoch=1/3 loss=0.1676 l2=0.2000 label_smoothing=0.050
D step=3/5 epoch=2/3 loss=0.1664 l2=0.2000 label_smoothing=0.050
D step=3/5 epoch=3/3 loss=0.1659 l2=0.2000 label_smoothing=0.050
D step=4/5 epoch=1/3 loss=0.1672 l2=0.2000 label_smoothing=0.050
D step=4/5 epoch=2/3 loss=0.1629 l2=0.2000 label_smoothing=0.050
D step=4/5 epoch=3/3 loss=0.1665 l2=0.2000 label_smoothing=0.050
D step=5/5 epoch=1/3 loss=0.1737 l2=0.2000 label_smoothing=0.050
D step=5/5 epoch=2/3 loss=0.1698 l2=0.2000 label_smoothing=0.050
D step=5/5 epoch=3/3 loss=0.1688 l2=0.2000 label_smoothing=0.050
ADV epoch=15/60 g_loss=0.0850 d_loss=0.1664 reward=0.1822 reward_var=0.0066 unique=0.8000
D step=1/5 epoch=1/3 loss=0.1684 l2=0.2000 label_smoothing=0.050
D step=1/5 epoch=2/3 loss=0.1715 l2=0.2000 label_smoothing=0.050
D step=1/5 epoch=3/3 loss=0.1662 l2=0.2000 label_smoothing=0.050
D step=2/5 epoch=1/3 loss=0.1818 l2=0.2000 label_smoothing=0.050
D step=2/5 epoch=2/3 loss=0.1774 l2=0.2000 label_smoothing=0.050
D step=2/5 epoch=3/3 loss=0.1792 l2=0.2000 label_smoothing=0.050
D step=3/5 epoch=1/3 loss=0.1632 l2=0.2000 label_smoothing=0.050
D step=3/5 epoch=2/3 loss=0.1563 l2=0.2000 label_smoothing=0.050
D step=3/5 epoch=3/3 loss=0.1508 l2=0.2000 label_smoothing=0.050
D step=4/5 epoch=1/3 loss=0.1912 l2=0.2000 label_smoothing=0.050
D step=4/5 epoch=2/3 loss=0.1950 l2=0.2000 label_smoothing=0.050
D step=4/5 epoch=3/3 loss=0.1893 l2=0.2000 label_smoothing=0.050
D step=5/5 epoch=1/3 loss=0.1864 l2=0.2000 label_smoothing=0.050
D step=5/5 epoch=2/3 loss=0.1819 l2=0.2000 label_smoothing=0.050
D step=5/5 epoch=3/3 loss=0.1790 l2=0.2000 label_smoothing=0.050
ADV epoch=16/60 g_loss=0.0860 d_loss=0.1758 reward=0.1970 reward_var=0.0083 unique=0.8800
D step=1/5 epoch=1/3 loss=0.2068 l2=0.2000 label_smoothing=0.050
D step=1/5 epoch=2/3 loss=0.1813 l2=0.2000 label_smoothing=0.050
D step=1/5 epoch=3/3 loss=0.1954 l2=0.2000 label_smoothing=0.050
D step=2/5 epoch=1/3 loss=0.1784 l2=0.2000 label_smoothing=0.050
D step=2/5 epoch=2/3 loss=0.1790 l2=0.2000 label_smoothing=0.050
D step=2/5 epoch=3/3 loss=0.1724 l2=0.2000 label_smoothing=0.050
D step=3/5 epoch=1/3 loss=0.1944 l2=0.2000 label_smoothing=0.050
D step=3/5 epoch=2/3 loss=0.2002 l2=0.2000 label_smoothing=0.050
D step=3/5 epoch=3/3 loss=0.1897 l2=0.2000 label_smoothing=0.050
D step=4/5 epoch=1/3 loss=0.1944 l2=0.2000 label_smoothing=0.050
D step=4/5 epoch=2/3 loss=0.1926 l2=0.2000 label_smoothing=0.050
D step=4/5 epoch=3/3 loss=0.1912 l2=0.2000 label_smoothing=0.050
D step=5/5 epoch=1/3 loss=0.1732 l2=0.2000 label_smoothing=0.050
D step=5/5 epoch=2/3 loss=0.1685 l2=0.2000 label_smoothing=0.050
D step=5/5 epoch=3/3 loss=0.1685 l2=0.2000 label_smoothing=0.050
ADV epoch=17/60 g_loss=0.0908 d_loss=0.1857 reward=0.2404 reward_var=0.0132 unique=0.9200
D step=1/5 epoch=1/3 loss=0.1796 l2=0.2000 label_smoothing=0.050
D step=1/5 epoch=2/3 loss=0.1755 l2=0.2000 label_smoothing=0.050
D step=1/5 epoch=3/3 loss=0.1745 l2=0.2000 label_smoothing=0.050
D step=2/5 epoch=1/3 loss=0.1881 l2=0.2000 label_smoothing=0.050
D step=2/5 epoch=2/3 loss=0.1732 l2=0.2000 label_smoothing=0.050
D step=2/5 epoch=3/3 loss=0.1745 l2=0.2000 label_smoothing=0.050
D step=3/5 epoch=1/3 loss=0.1864 l2=0.2000 label_smoothing=0.050
D step=3/5 epoch=2/3 loss=0.1870 l2=0.2000 label_smoothing=0.050
D step=3/5 epoch=3/3 loss=0.1765 l2=0.2000 label_smoothing=0.050
D step=4/5 epoch=1/3 loss=0.1956 l2=0.2000 label_smoothing=0.050
D step=4/5 epoch=2/3 loss=0.1963 l2=0.2000 label_smoothing=0.050
D step=4/5 epoch=3/3 loss=0.1911 l2=0.2000 label_smoothing=0.050
D step=5/5 epoch=1/3 loss=0.1846 l2=0.2000 label_smoothing=0.050
D step=5/5 epoch=2/3 loss=0.1834 l2=0.2000 label_smoothing=0.050
D step=5/5 epoch=3/3 loss=0.1827 l2=0.2000 label_smoothing=0.050
ADV epoch=18/60 g_loss=0.0853 d_loss=0.1833 reward=0.2089 reward_var=0.0093 unique=0.8000
D step=1/5 epoch=1/3 loss=0.1901 l2=0.2000 label_smoothing=0.050
D step=1/5 epoch=2/3 loss=0.1825 l2=0.2000 label_smoothing=0.050
D step=1/5 epoch=3/3 loss=0.1783 l2=0.2000 label_smoothing=0.050
D step=2/5 epoch=1/3 loss=0.1800 l2=0.2000 label_smoothing=0.050
D step=2/5 epoch=2/3 loss=0.1805 l2=0.2000 label_smoothing=0.050
D step=2/5 epoch=3/3 loss=0.1826 l2=0.2000 label_smoothing=0.050
D step=3/5 epoch=1/3 loss=0.1880 l2=0.2000 label_smoothing=0.050
D step=3/5 epoch=2/3 loss=0.1803 l2=0.2000 label_smoothing=0.050
D step=3/5 epoch=3/3 loss=0.1792 l2=0.2000 label_smoothing=0.050
D step=4/5 epoch=1/3 loss=0.2064 l2=0.2000 label_smoothing=0.050
D step=4/5 epoch=2/3 loss=0.1925 l2=0.2000 label_smoothing=0.050
D step=4/5 epoch=3/3 loss=0.1867 l2=0.2000 label_smoothing=0.050
D step=5/5 epoch=1/3 loss=0.1824 l2=0.2000 label_smoothing=0.050
D step=5/5 epoch=2/3 loss=0.1896 l2=0.2000 label_smoothing=0.050
D step=5/5 epoch=3/3 loss=0.1798 l2=0.2000 label_smoothing=0.050
ADV epoch=19/60 g_loss=0.0683 d_loss=0.1853 reward=0.1982 reward_var=0.0079 unique=0.8000
D step=1/5 epoch=1/3 loss=0.1978 l2=0.2000 label_smoothing=0.050
D step=1/5 epoch=2/3 loss=0.1933 l2=0.2000 label_smoothing=0.050
D step=1/5 epoch=3/3 loss=0.1922 l2=0.2000 label_smoothing=0.050
D step=2/5 epoch=1/3 loss=0.2016 l2=0.2000 label_smoothing=0.050
D step=2/5 epoch=2/3 loss=0.1929 l2=0.2000 label_smoothing=0.050
D step=2/5 epoch=3/3 loss=0.1959 l2=0.2000 label_smoothing=0.050
D step=3/5 epoch=1/3 loss=0.1689 l2=0.2000 label_smoothing=0.050
D step=3/5 epoch=2/3 loss=0.1703 l2=0.2000 label_smoothing=0.050
D step=3/5 epoch=3/3 loss=0.1687 l2=0.2000 label_smoothing=0.050
D step=4/5 epoch=1/3 loss=0.1745 l2=0.2000 label_smoothing=0.050
D step=4/5 epoch=2/3 loss=0.1741 l2=0.2000 label_smoothing=0.050
D step=4/5 epoch=3/3 loss=0.1722 l2=0.2000 label_smoothing=0.050
D step=5/5 epoch=1/3 loss=0.1962 l2=0.2000 label_smoothing=0.050
D step=5/5 epoch=2/3 loss=0.1928 l2=0.2000 label_smoothing=0.050
D step=5/5 epoch=3/3 loss=0.1845 l2=0.2000 label_smoothing=0.050
ADV epoch=20/60 g_loss=0.0806 d_loss=0.1851 reward=0.2238 reward_var=0.0109 unique=0.7400
D step=1/5 epoch=1/3 loss=0.1958 l2=0.2000 label_smoothing=0.050
D step=1/5 epoch=2/3 loss=0.1903 l2=0.2000 label_smoothing=0.050
D step=1/5 epoch=3/3 loss=0.1871 l2=0.2000 label_smoothing=0.050
D step=2/5 epoch=1/3 loss=0.1925 l2=0.2000 label_smoothing=0.050
D step=2/5 epoch=2/3 loss=0.1890 l2=0.2000 label_smoothing=0.050
D step=2/5 epoch=3/3 loss=0.1855 l2=0.2000 label_smoothing=0.050
D step=3/5 epoch=1/3 loss=0.1962 l2=0.2000 label_smoothing=0.050
D step=3/5 epoch=2/3 loss=0.1791 l2=0.2000 label_smoothing=0.050
D step=3/5 epoch=3/3 loss=0.1726 l2=0.2000 label_smoothing=0.050
D step=4/5 epoch=1/3 loss=0.1713 l2=0.2000 label_smoothing=0.050
D step=4/5 epoch=2/3 loss=0.1736 l2=0.2000 label_smoothing=0.050
D step=4/5 epoch=3/3 loss=0.1723 l2=0.2000 label_smoothing=0.050
D step=5/5 epoch=1/3 loss=0.1971 l2=0.2000 label_smoothing=0.050
D step=5/5 epoch=2/3 loss=0.1895 l2=0.2000 label_smoothing=0.050
D step=5/5 epoch=3/3 loss=0.1897 l2=0.2000 label_smoothing=0.050
ADV epoch=21/60 g_loss=0.0716 d_loss=0.1855 reward=0.2673 reward_var=0.0120 unique=0.6200
D step=1/5 epoch=1/3 loss=0.2042 l2=0.2000 label_smoothing=0.050
D step=1/5 epoch=2/3 loss=0.1998 l2=0.2000 label_smoothing=0.050
D step=1/5 epoch=3/3 loss=0.1963 l2=0.2000 label_smoothing=0.050
D step=2/5 epoch=1/3 loss=0.1907 l2=0.2000 label_smoothing=0.050
D step=2/5 epoch=2/3 loss=0.1904 l2=0.2000 label_smoothing=0.050
D step=2/5 epoch=3/3 loss=0.1867 l2=0.2000 label_smoothing=0.050
D step=3/5 epoch=1/3 loss=0.1931 l2=0.2000 label_smoothing=0.050
D step=3/5 epoch=2/3 loss=0.1814 l2=0.2000 label_smoothing=0.050
D step=3/5 epoch=3/3 loss=0.1772 l2=0.2000 label_smoothing=0.050
D step=4/5 epoch=1/3 loss=0.2040 l2=0.2000 label_smoothing=0.050
D step=4/5 epoch=2/3 loss=0.2065 l2=0.2000 label_smoothing=0.050
D step=4/5 epoch=3/3 loss=0.1964 l2=0.2000 label_smoothing=0.050
D step=5/5 epoch=1/3 loss=0.1961 l2=0.2000 label_smoothing=0.050
D step=5/5 epoch=2/3 loss=0.1937 l2=0.2000 label_smoothing=0.050
D step=5/5 epoch=3/3 loss=0.2008 l2=0.2000 label_smoothing=0.050
ADV epoch=22/60 g_loss=0.0695 d_loss=0.1945 reward=0.2176 reward_var=0.0073 unique=0.7000
D step=1/5 epoch=1/3 loss=0.2289 l2=0.2000 label_smoothing=0.050
D step=1/5 epoch=2/3 loss=0.2176 l2=0.2000 label_smoothing=0.050
D step=1/5 epoch=3/3 loss=0.2135 l2=0.2000 label_smoothing=0.050
D step=2/5 epoch=1/3 loss=0.2072 l2=0.2000 label_smoothing=0.050
D step=2/5 epoch=2/3 loss=0.1974 l2=0.2000 label_smoothing=0.050
D step=2/5 epoch=3/3 loss=0.1977 l2=0.2000 label_smoothing=0.050
D step=3/5 epoch=1/3 loss=0.2002 l2=0.2000 label_smoothing=0.050
D step=3/5 epoch=2/3 loss=0.1968 l2=0.2000 label_smoothing=0.050
D step=3/5 epoch=3/3 loss=0.1915 l2=0.2000 label_smoothing=0.050
D step=4/5 epoch=1/3 loss=0.1787 l2=0.2000 label_smoothing=0.050
D step=4/5 epoch=2/3 loss=0.1774 l2=0.2000 label_smoothing=0.050
D step=4/5 epoch=3/3 loss=0.1747 l2=0.2000 label_smoothing=0.050
D step=5/5 epoch=1/3 loss=0.1947 l2=0.2000 label_smoothing=0.050
D step=5/5 epoch=2/3 loss=0.1871 l2=0.2000 label_smoothing=0.050
D step=5/5 epoch=3/3 loss=0.1879 l2=0.2000 label_smoothing=0.050
ADV epoch=23/60 g_loss=0.0739 d_loss=0.1967 reward=0.2585 reward_var=0.0143 unique=0.7000
D step=1/5 epoch=1/3 loss=0.2032 l2=0.2000 label_smoothing=0.050
D step=1/5 epoch=2/3 loss=0.2024 l2=0.2000 label_smoothing=0.050
D step=1/5 epoch=3/3 loss=0.2008 l2=0.2000 label_smoothing=0.050
D step=2/5 epoch=1/3 loss=0.1922 l2=0.2000 label_smoothing=0.050
D step=2/5 epoch=2/3 loss=0.1907 l2=0.2000 label_smoothing=0.050
D step=2/5 epoch=3/3 loss=0.1880 l2=0.2000 label_smoothing=0.050
D step=3/5 epoch=1/3 loss=0.1766 l2=0.2000 label_smoothing=0.050
D step=3/5 epoch=2/3 loss=0.1741 l2=0.2000 label_smoothing=0.050
D step=3/5 epoch=3/3 loss=0.1743 l2=0.2000 label_smoothing=0.050
D step=4/5 epoch=1/3 loss=0.1921 l2=0.2000 label_smoothing=0.050
D step=4/5 epoch=2/3 loss=0.1943 l2=0.2000 label_smoothing=0.050
D step=4/5 epoch=3/3 loss=0.1940 l2=0.2000 label_smoothing=0.050
D step=5/5 epoch=1/3 loss=0.1729 l2=0.2000 label_smoothing=0.050
D step=5/5 epoch=2/3 loss=0.1702 l2=0.2000 label_smoothing=0.050
D step=5/5 epoch=3/3 loss=0.1621 l2=0.2000 label_smoothing=0.050
ADV epoch=24/60 g_loss=0.0660 d_loss=0.1859 reward=0.2526 reward_var=0.0082 unique=0.5600
D step=1/5 epoch=1/3 loss=0.2104 l2=0.2000 label_smoothing=0.050
D step=1/5 epoch=2/3 loss=0.2042 l2=0.2000 label_smoothing=0.050
D step=1/5 epoch=3/3 loss=0.2090 l2=0.2000 label_smoothing=0.050
D step=2/5 epoch=1/3 loss=0.2026 l2=0.2000 label_smoothing=0.050
D step=2/5 epoch=2/3 loss=0.2069 l2=0.2000 label_smoothing=0.050
D step=2/5 epoch=3/3 loss=0.2010 l2=0.2000 label_smoothing=0.050
D step=3/5 epoch=1/3 loss=0.2021 l2=0.2000 label_smoothing=0.050
D step=3/5 epoch=2/3 loss=0.2009 l2=0.2000 label_smoothing=0.050
D step=3/5 epoch=3/3 loss=0.2022 l2=0.2000 label_smoothing=0.050
D step=4/5 epoch=1/3 loss=0.1935 l2=0.2000 label_smoothing=0.050
D step=4/5 epoch=2/3 loss=0.1908 l2=0.2000 label_smoothing=0.050
D step=4/5 epoch=3/3 loss=0.1887 l2=0.2000 label_smoothing=0.050
D step=5/5 epoch=1/3 loss=0.2018 l2=0.2000 label_smoothing=0.050
D step=5/5 epoch=2/3 loss=0.2013 l2=0.2000 label_smoothing=0.050
D step=5/5 epoch=3/3 loss=0.2013 l2=0.2000 label_smoothing=0.050
ADV epoch=25/60 g_loss=0.0588 d_loss=0.2011 reward=0.2154 reward_var=0.0066 unique=0.6800
D step=1/5 epoch=1/3 loss=0.2095 l2=0.2000 label_smoothing=0.050
D step=1/5 epoch=2/3 loss=0.1999 l2=0.2000 label_smoothing=0.050
D step=1/5 epoch=3/3 loss=0.1944 l2=0.2000 label_smoothing=0.050
D step=2/5 epoch=1/3 loss=0.1877 l2=0.2000 label_smoothing=0.050
D step=2/5 epoch=2/3 loss=0.1858 l2=0.2000 label_smoothing=0.050
D step=2/5 epoch=3/3 loss=0.1875 l2=0.2000 label_smoothing=0.050
D step=3/5 epoch=1/3 loss=0.2238 l2=0.2000 label_smoothing=0.050
D step=3/5 epoch=2/3 loss=0.2247 l2=0.2000 label_smoothing=0.050
D step=3/5 epoch=3/3 loss=0.2129 l2=0.2000 label_smoothing=0.050
D step=4/5 epoch=1/3 loss=0.1937 l2=0.2000 label_smoothing=0.050
D step=4/5 epoch=2/3 loss=0.1916 l2=0.2000 label_smoothing=0.050
D step=4/5 epoch=3/3 loss=0.1913 l2=0.2000 label_smoothing=0.050
D step=5/5 epoch=1/3 loss=0.1939 l2=0.2000 label_smoothing=0.050
D step=5/5 epoch=2/3 loss=0.1918 l2=0.2000 label_smoothing=0.050
D step=5/5 epoch=3/3 loss=0.1930 l2=0.2000 label_smoothing=0.050
ADV epoch=26/60 g_loss=0.0613 d_loss=0.1988 reward=0.2376 reward_var=0.0093 unique=0.6200
D step=1/5 epoch=1/3 loss=0.1752 l2=0.2000 label_smoothing=0.050
D step=1/5 epoch=2/3 loss=0.1708 l2=0.2000 label_smoothing=0.050
D step=1/5 epoch=3/3 loss=0.1674 l2=0.2000 label_smoothing=0.050
D step=2/5 epoch=1/3 loss=0.2064 l2=0.2000 label_smoothing=0.050
D step=2/5 epoch=2/3 loss=0.2064 l2=0.2000 label_smoothing=0.050
D step=2/5 epoch=3/3 loss=0.2067 l2=0.2000 label_smoothing=0.050
D step=3/5 epoch=1/3 loss=0.1943 l2=0.2000 label_smoothing=0.050
D step=3/5 epoch=2/3 loss=0.1968 l2=0.2000 label_smoothing=0.050
D step=3/5 epoch=3/3 loss=0.1892 l2=0.2000 label_smoothing=0.050
D step=4/5 epoch=1/3 loss=0.1721 l2=0.2000 label_smoothing=0.050
D step=4/5 epoch=2/3 loss=0.1733 l2=0.2000 label_smoothing=0.050
D step=4/5 epoch=3/3 loss=0.1735 l2=0.2000 label_smoothing=0.050
D step=5/5 epoch=1/3 loss=0.2067 l2=0.2000 label_smoothing=0.050
D step=5/5 epoch=2/3 loss=0.2039 l2=0.2000 label_smoothing=0.050
D step=5/5 epoch=3/3 loss=0.2046 l2=0.2000 label_smoothing=0.050
ADV epoch=27/60 g_loss=0.0592 d_loss=0.1898 reward=0.2382 reward_var=0.0088 unique=0.6200
D step=1/5 epoch=1/3 loss=0.2029 l2=0.2000 label_smoothing=0.050
D step=1/5 epoch=2/3 loss=0.1954 l2=0.2000 label_smoothing=0.050
D step=1/5 epoch=3/3 loss=0.1888 l2=0.2000 label_smoothing=0.050
D step=2/5 epoch=1/3 loss=0.1867 l2=0.2000 label_smoothing=0.050
D step=2/5 epoch=2/3 loss=0.1843 l2=0.2000 label_smoothing=0.050
D step=2/5 epoch=3/3 loss=0.1847 l2=0.2000 label_smoothing=0.050
D step=3/5 epoch=1/3 loss=0.1854 l2=0.2000 label_smoothing=0.050
D step=3/5 epoch=2/3 loss=0.1823 l2=0.2000 label_smoothing=0.050
D step=3/5 epoch=3/3 loss=0.1824 l2=0.2000 label_smoothing=0.050
D step=4/5 epoch=1/3 loss=0.2085 l2=0.2000 label_smoothing=0.050
D step=4/5 epoch=2/3 loss=0.2083 l2=0.2000 label_smoothing=0.050
D step=4/5 epoch=3/3 loss=0.2040 l2=0.2000 label_smoothing=0.050
D step=5/5 epoch=1/3 loss=0.2032 l2=0.2000 label_smoothing=0.050
D step=5/5 epoch=2/3 loss=0.1996 l2=0.2000 label_smoothing=0.050
D step=5/5 epoch=3/3 loss=0.2018 l2=0.2000 label_smoothing=0.050
ADV epoch=28/60 g_loss=0.0685 d_loss=0.1946 reward=0.2606 reward_var=0.0105 unique=0.6000
D step=1/5 epoch=1/3 loss=0.1764 l2=0.2000 label_smoothing=0.050
D step=1/5 epoch=2/3 loss=0.1584 l2=0.2000 label_smoothing=0.050
D step=1/5 epoch=3/3 loss=0.1614 l2=0.2000 label_smoothing=0.050
D step=2/5 epoch=1/3 loss=0.2285 l2=0.2000 label_smoothing=0.050
D step=2/5 epoch=2/3 loss=0.2247 l2=0.2000 label_smoothing=0.050
D step=2/5 epoch=3/3 loss=0.2161 l2=0.2000 label_smoothing=0.050
D step=3/5 epoch=1/3 loss=0.2264 l2=0.2000 label_smoothing=0.050
D step=3/5 epoch=2/3 loss=0.2251 l2=0.2000 label_smoothing=0.050
D step=3/5 epoch=3/3 loss=0.2218 l2=0.2000 label_smoothing=0.050
D step=4/5 epoch=1/3 loss=0.1823 l2=0.2000 label_smoothing=0.050
D step=4/5 epoch=2/3 loss=0.1785 l2=0.2000 label_smoothing=0.050
D step=4/5 epoch=3/3 loss=0.1733 l2=0.2000 label_smoothing=0.050
D step=5/5 epoch=1/3 loss=0.1789 l2=0.2000 label_smoothing=0.050
D step=5/5 epoch=2/3 loss=0.1853 l2=0.2000 label_smoothing=0.050
D step=5/5 epoch=3/3 loss=0.1831 l2=0.2000 label_smoothing=0.050
ADV epoch=29/60 g_loss=0.0571 d_loss=0.1947 reward=0.2653 reward_var=0.0107 unique=0.5000
D step=1/5 epoch=1/3 loss=0.1751 l2=0.2000 label_smoothing=0.050
D step=1/5 epoch=2/3 loss=0.1686 l2=0.2000 label_smoothing=0.050
D step=1/5 epoch=3/3 loss=0.1662 l2=0.2000 label_smoothing=0.050
D step=2/5 epoch=1/3 loss=0.1708 l2=0.2000 label_smoothing=0.050
D step=2/5 epoch=2/3 loss=0.1685 l2=0.2000 label_smoothing=0.050
D step=2/5 epoch=3/3 loss=0.1662 l2=0.2000 label_smoothing=0.050
D step=3/5 epoch=1/3 loss=0.1945 l2=0.2000 label_smoothing=0.050
D step=3/5 epoch=2/3 loss=0.1888 l2=0.2000 label_smoothing=0.050
D step=3/5 epoch=3/3 loss=0.1935 l2=0.2000 label_smoothing=0.050
D step=4/5 epoch=1/3 loss=0.2018 l2=0.2000 label_smoothing=0.050
D step=4/5 epoch=2/3 loss=0.2038 l2=0.2000 label_smoothing=0.050
D step=4/5 epoch=3/3 loss=0.2050 l2=0.2000 label_smoothing=0.050
D step=5/5 epoch=1/3 loss=0.1969 l2=0.2000 label_smoothing=0.050
D step=5/5 epoch=2/3 loss=0.1871 l2=0.2000 label_smoothing=0.050
D step=5/5 epoch=3/3 loss=0.1884 l2=0.2000 label_smoothing=0.050
ADV epoch=30/60 g_loss=0.0477 d_loss=0.1850 reward=0.2494 reward_var=0.0059 unique=0.5200
D step=1/5 epoch=1/3 loss=0.1753 l2=0.2000 label_smoothing=0.050
D step=1/5 epoch=2/3 loss=0.1686 l2=0.2000 label_smoothing=0.050
D step=1/5 epoch=3/3 loss=0.1677 l2=0.2000 label_smoothing=0.050
D step=2/5 epoch=1/3 loss=0.1548 l2=0.2000 label_smoothing=0.050
D step=2/5 epoch=2/3 loss=0.1524 l2=0.2000 label_smoothing=0.050
D step=2/5 epoch=3/3 loss=0.1513 l2=0.2000 label_smoothing=0.050
D step=3/5 epoch=1/3 loss=0.1557 l2=0.2000 label_smoothing=0.050
D step=3/5 epoch=2/3 loss=0.1535 l2=0.2000 label_smoothing=0.050
D step=3/5 epoch=3/3 loss=0.1530 l2=0.2000 label_smoothing=0.050
D step=4/5 epoch=1/3 loss=0.1948 l2=0.2000 label_smoothing=0.050
D step=4/5 epoch=2/3 loss=0.1946 l2=0.2000 label_smoothing=0.050
D step=4/5 epoch=3/3 loss=0.1966 l2=0.2000 label_smoothing=0.050
D step=5/5 epoch=1/3 loss=0.1874 l2=0.2000 label_smoothing=0.050
D step=5/5 epoch=2/3 loss=0.1836 l2=0.2000 label_smoothing=0.050
D step=5/5 epoch=3/3 loss=0.1872 l2=0.2000 label_smoothing=0.050
ADV epoch=31/60 g_loss=0.0592 d_loss=0.1718 reward=0.2581 reward_var=0.0075 unique=0.3800
D step=1/5 epoch=1/3 loss=0.2062 l2=0.2000 label_smoothing=0.050
D step=1/5 epoch=2/3 loss=0.2067 l2=0.2000 label_smoothing=0.050
D step=1/5 epoch=3/3 loss=0.2031 l2=0.2000 label_smoothing=0.050
D step=2/5 epoch=1/3 loss=0.2027 l2=0.2000 label_smoothing=0.050
D step=2/5 epoch=2/3 loss=0.2024 l2=0.2000 label_smoothing=0.050
D step=2/5 epoch=3/3 loss=0.2043 l2=0.2000 label_smoothing=0.050
D step=3/5 epoch=1/3 loss=0.1517 l2=0.2000 label_smoothing=0.050
D step=3/5 epoch=2/3 loss=0.1495 l2=0.2000 label_smoothing=0.050
D step=3/5 epoch=3/3 loss=0.1501 l2=0.2000 label_smoothing=0.050
D step=4/5 epoch=1/3 loss=0.2226 l2=0.2000 label_smoothing=0.050
D step=4/5 epoch=2/3 loss=0.2168 l2=0.2000 label_smoothing=0.050
D step=4/5 epoch=3/3 loss=0.2104 l2=0.2000 label_smoothing=0.050
D step=5/5 epoch=1/3 loss=0.1887 l2=0.2000 label_smoothing=0.050
D step=5/5 epoch=2/3 loss=0.1911 l2=0.2000 label_smoothing=0.050
D step=5/5 epoch=3/3 loss=0.1889 l2=0.2000 label_smoothing=0.050
ADV epoch=32/60 g_loss=0.0549 d_loss=0.1930 reward=0.2795 reward_var=0.0071 unique=0.4800
D step=1/5 epoch=1/3 loss=0.1902 l2=0.2000 label_smoothing=0.050
D step=1/5 epoch=2/3 loss=0.1901 l2=0.2000 label_smoothing=0.050
D step=1/5 epoch=3/3 loss=0.1854 l2=0.2000 label_smoothing=0.050
D step=2/5 epoch=1/3 loss=0.1699 l2=0.2000 label_smoothing=0.050
D step=2/5 epoch=2/3 loss=0.1734 l2=0.2000 label_smoothing=0.050
D step=2/5 epoch=3/3 loss=0.1705 l2=0.2000 label_smoothing=0.050
D step=3/5 epoch=1/3 loss=0.1826 l2=0.2000 label_smoothing=0.050
D step=3/5 epoch=2/3 loss=0.1831 l2=0.2000 label_smoothing=0.050
D step=3/5 epoch=3/3 loss=0.1799 l2=0.2000 label_smoothing=0.050
D step=4/5 epoch=1/3 loss=0.1903 l2=0.2000 label_smoothing=0.050
D step=4/5 epoch=2/3 loss=0.1912 l2=0.2000 label_smoothing=0.050
D step=4/5 epoch=3/3 loss=0.1894 l2=0.2000 label_smoothing=0.050
D step=5/5 epoch=1/3 loss=0.2032 l2=0.2000 label_smoothing=0.050
D step=5/5 epoch=2/3 loss=0.1990 l2=0.2000 label_smoothing=0.050
D step=5/5 epoch=3/3 loss=0.1996 l2=0.2000 label_smoothing=0.050
ADV epoch=33/60 g_loss=0.0562 d_loss=0.1865 reward=0.2812 reward_var=0.0073 unique=0.5400
D step=1/5 epoch=1/3 loss=0.2041 l2=0.2000 label_smoothing=0.050
D step=1/5 epoch=2/3 loss=0.1985 l2=0.2000 label_smoothing=0.050
D step=1/5 epoch=3/3 loss=0.1999 l2=0.2000 label_smoothing=0.050
D step=2/5 epoch=1/3 loss=0.1849 l2=0.2000 label_smoothing=0.050
D step=2/5 epoch=2/3 loss=0.1889 l2=0.2000 label_smoothing=0.050
D step=2/5 epoch=3/3 loss=0.1864 l2=0.2000 label_smoothing=0.050
D step=3/5 epoch=1/3 loss=0.1713 l2=0.2000 label_smoothing=0.050
D step=3/5 epoch=2/3 loss=0.1751 l2=0.2000 label_smoothing=0.050
D step=3/5 epoch=3/3 loss=0.1731 l2=0.2000 label_smoothing=0.050
D step=4/5 epoch=1/3 loss=0.1711 l2=0.2000 label_smoothing=0.050
D step=4/5 epoch=2/3 loss=0.1706 l2=0.2000 label_smoothing=0.050
D step=4/5 epoch=3/3 loss=0.1657 l2=0.2000 label_smoothing=0.050
D step=5/5 epoch=1/3 loss=0.2040 l2=0.2000 label_smoothing=0.050
D step=5/5 epoch=2/3 loss=0.2019 l2=0.2000 label_smoothing=0.050
D step=5/5 epoch=3/3 loss=0.2056 l2=0.2000 label_smoothing=0.050
ADV epoch=34/60 g_loss=0.0656 d_loss=0.1867 reward=0.2450 reward_var=0.0065 unique=0.4400
D step=1/5 epoch=1/3 loss=0.2028 l2=0.2000 label_smoothing=0.050
D step=1/5 epoch=2/3 loss=0.1924 l2=0.2000 label_smoothing=0.050
D step=1/5 epoch=3/3 loss=0.1911 l2=0.2000 label_smoothing=0.050
D step=2/5 epoch=1/3 loss=0.1875 l2=0.2000 label_smoothing=0.050
D step=2/5 epoch=2/3 loss=0.1865 l2=0.2000 label_smoothing=0.050
D step=2/5 epoch=3/3 loss=0.1886 l2=0.2000 label_smoothing=0.050
D step=3/5 epoch=1/3 loss=0.1977 l2=0.2000 label_smoothing=0.050
D step=3/5 epoch=2/3 loss=0.1946 l2=0.2000 label_smoothing=0.050
D step=3/5 epoch=3/3 loss=0.1976 l2=0.2000 label_smoothing=0.050
D step=4/5 epoch=1/3 loss=0.1645 l2=0.2000 label_smoothing=0.050
D step=4/5 epoch=2/3 loss=0.1642 l2=0.2000 label_smoothing=0.050
D step=4/5 epoch=3/3 loss=0.1594 l2=0.2000 label_smoothing=0.050
D step=5/5 epoch=1/3 loss=0.1710 l2=0.2000 label_smoothing=0.050
D step=5/5 epoch=2/3 loss=0.1704 l2=0.2000 label_smoothing=0.050
D step=5/5 epoch=3/3 loss=0.1722 l2=0.2000 label_smoothing=0.050
ADV epoch=35/60 g_loss=0.0490 d_loss=0.1827 reward=0.2524 reward_var=0.0062 unique=0.4400
D step=1/5 epoch=1/3 loss=0.2145 l2=0.2000 label_smoothing=0.050
D step=1/5 epoch=2/3 loss=0.2022 l2=0.2000 label_smoothing=0.050
D step=1/5 epoch=3/3 loss=0.1936 l2=0.2000 label_smoothing=0.050
D step=2/5 epoch=1/3 loss=0.2002 l2=0.2000 label_smoothing=0.050
D step=2/5 epoch=2/3 loss=0.2074 l2=0.2000 label_smoothing=0.050
D step=2/5 epoch=3/3 loss=0.2015 l2=0.2000 label_smoothing=0.050
D step=3/5 epoch=1/3 loss=0.1910 l2=0.2000 label_smoothing=0.050
D step=3/5 epoch=2/3 loss=0.1881 l2=0.2000 label_smoothing=0.050
D step=3/5 epoch=3/3 loss=0.1876 l2=0.2000 label_smoothing=0.050
D step=4/5 epoch=1/3 loss=0.1861 l2=0.2000 label_smoothing=0.050
D step=4/5 epoch=2/3 loss=0.1836 l2=0.2000 label_smoothing=0.050
D step=4/5 epoch=3/3 loss=0.1846 l2=0.2000 label_smoothing=0.050
D step=5/5 epoch=1/3 loss=0.1844 l2=0.2000 label_smoothing=0.050
D step=5/5 epoch=2/3 loss=0.1860 l2=0.2000 label_smoothing=0.050
D step=5/5 epoch=3/3 loss=0.1855 l2=0.2000 label_smoothing=0.050
ADV epoch=36/60 g_loss=0.0465 d_loss=0.1931 reward=0.2430 reward_var=0.0065 unique=0.5200
D step=1/5 epoch=1/3 loss=0.1972 l2=0.2000 label_smoothing=0.050
D step=1/5 epoch=2/3 loss=0.1880 l2=0.2000 label_smoothing=0.050
D step=1/5 epoch=3/3 loss=0.1880 l2=0.2000 label_smoothing=0.050
D step=2/5 epoch=1/3 loss=0.1922 l2=0.2000 label_smoothing=0.050
D step=2/5 epoch=2/3 loss=0.1902 l2=0.2000 label_smoothing=0.050
D step=2/5 epoch=3/3 loss=0.1949 l2=0.2000 label_smoothing=0.050
D step=3/5 epoch=1/3 loss=0.1744 l2=0.2000 label_smoothing=0.050
D step=3/5 epoch=2/3 loss=0.1720 l2=0.2000 label_smoothing=0.050
D step=3/5 epoch=3/3 loss=0.1685 l2=0.2000 label_smoothing=0.050
D step=4/5 epoch=1/3 loss=0.1944 l2=0.2000 label_smoothing=0.050
D step=4/5 epoch=2/3 loss=0.1908 l2=0.2000 label_smoothing=0.050
D step=4/5 epoch=3/3 loss=0.1900 l2=0.2000 label_smoothing=0.050
D step=5/5 epoch=1/3 loss=0.1721 l2=0.2000 label_smoothing=0.050
D step=5/5 epoch=2/3 loss=0.1709 l2=0.2000 label_smoothing=0.050
D step=5/5 epoch=3/3 loss=0.1675 l2=0.2000 label_smoothing=0.050
ADV epoch=37/60 g_loss=0.0495 d_loss=0.1834 reward=0.2612 reward_var=0.0070 unique=0.3400
D step=1/5 epoch=1/3 loss=0.1594 l2=0.2000 label_smoothing=0.050
D step=1/5 epoch=2/3 loss=0.1568 l2=0.2000 label_smoothing=0.050
D step=1/5 epoch=3/3 loss=0.1534 l2=0.2000 label_smoothing=0.050
D step=2/5 epoch=1/3 loss=0.1823 l2=0.2000 label_smoothing=0.050
D step=2/5 epoch=2/3 loss=0.1798 l2=0.2000 label_smoothing=0.050
D step=2/5 epoch=3/3 loss=0.1772 l2=0.2000 label_smoothing=0.050
D step=3/5 epoch=1/3 loss=0.2039 l2=0.2000 label_smoothing=0.050
D step=3/5 epoch=2/3 loss=0.2049 l2=0.2000 label_smoothing=0.050
D step=3/5 epoch=3/3 loss=0.2033 l2=0.2000 label_smoothing=0.050
D step=4/5 epoch=1/3 loss=0.1992 l2=0.2000 label_smoothing=0.050
D step=4/5 epoch=2/3 loss=0.1953 l2=0.2000 label_smoothing=0.050
D step=4/5 epoch=3/3 loss=0.1964 l2=0.2000 label_smoothing=0.050
D step=5/5 epoch=1/3 loss=0.1824 l2=0.2000 label_smoothing=0.050
D step=5/5 epoch=2/3 loss=0.1874 l2=0.2000 label_smoothing=0.050
D step=5/5 epoch=3/3 loss=0.1836 l2=0.2000 label_smoothing=0.050
ADV epoch=38/60 g_loss=0.0563 d_loss=0.1843 reward=0.2815 reward_var=0.0086 unique=0.4200
D step=1/5 epoch=1/3 loss=0.1880 l2=0.2000 label_smoothing=0.050
D step=1/5 epoch=2/3 loss=0.1782 l2=0.2000 label_smoothing=0.050
D step=1/5 epoch=3/3 loss=0.1755 l2=0.2000 label_smoothing=0.050
D step=2/5 epoch=1/3 loss=0.1681 l2=0.2000 label_smoothing=0.050
D step=2/5 epoch=2/3 loss=0.1616 l2=0.2000 label_smoothing=0.050
D step=2/5 epoch=3/3 loss=0.1607 l2=0.2000 label_smoothing=0.050
D step=3/5 epoch=1/3 loss=0.1664 l2=0.2000 label_smoothing=0.050
D step=3/5 epoch=2/3 loss=0.1705 l2=0.2000 label_smoothing=0.050
D step=3/5 epoch=3/3 loss=0.1673 l2=0.2000 label_smoothing=0.050
D step=4/5 epoch=1/3 loss=0.1580 l2=0.2000 label_smoothing=0.050
D step=4/5 epoch=2/3 loss=0.1577 l2=0.2000 label_smoothing=0.050
D step=4/5 epoch=3/3 loss=0.1541 l2=0.2000 label_smoothing=0.050
D step=5/5 epoch=1/3 loss=0.1901 l2=0.2000 label_smoothing=0.050
D step=5/5 epoch=2/3 loss=0.1820 l2=0.2000 label_smoothing=0.050
D step=5/5 epoch=3/3 loss=0.1718 l2=0.2000 label_smoothing=0.050
ADV epoch=39/60 g_loss=0.0544 d_loss=0.1700 reward=0.2990 reward_var=0.0112 unique=0.4000
D step=1/5 epoch=1/3 loss=0.1955 l2=0.2000 label_smoothing=0.050
D step=1/5 epoch=2/3 loss=0.1956 l2=0.2000 label_smoothing=0.050
D step=1/5 epoch=3/3 loss=0.1939 l2=0.2000 label_smoothing=0.050
D step=2/5 epoch=1/3 loss=0.1813 l2=0.2000 label_smoothing=0.050
D step=2/5 epoch=2/3 loss=0.1776 l2=0.2000 label_smoothing=0.050
D step=2/5 epoch=3/3 loss=0.1793 l2=0.2000 label_smoothing=0.050
D step=3/5 epoch=1/3 loss=0.1826 l2=0.2000 label_smoothing=0.050
D step=3/5 epoch=2/3 loss=0.1823 l2=0.2000 label_smoothing=0.050
D step=3/5 epoch=3/3 loss=0.1811 l2=0.2000 label_smoothing=0.050
D step=4/5 epoch=1/3 loss=0.1934 l2=0.2000 label_smoothing=0.050
D step=4/5 epoch=2/3 loss=0.1928 l2=0.2000 label_smoothing=0.050
D step=4/5 epoch=3/3 loss=0.1877 l2=0.2000 label_smoothing=0.050
D step=5/5 epoch=1/3 loss=0.1776 l2=0.2000 label_smoothing=0.050
D step=5/5 epoch=2/3 loss=0.1769 l2=0.2000 label_smoothing=0.050
D step=5/5 epoch=3/3 loss=0.1792 l2=0.2000 label_smoothing=0.050
ADV epoch=40/60 g_loss=0.0475 d_loss=0.1851 reward=0.2510 reward_var=0.0063 unique=0.3800
D step=1/5 epoch=1/3 loss=0.1995 l2=0.2000 label_smoothing=0.050
D step=1/5 epoch=2/3 loss=0.1940 l2=0.2000 label_smoothing=0.050
D step=1/5 epoch=3/3 loss=0.1906 l2=0.2000 label_smoothing=0.050
D step=2/5 epoch=1/3 loss=0.1803 l2=0.2000 label_smoothing=0.050
D step=2/5 epoch=2/3 loss=0.1827 l2=0.2000 label_smoothing=0.050
D step=2/5 epoch=3/3 loss=0.1785 l2=0.2000 label_smoothing=0.050
D step=3/5 epoch=1/3 loss=0.1906 l2=0.2000 label_smoothing=0.050
D step=3/5 epoch=2/3 loss=0.1887 l2=0.2000 label_smoothing=0.050
D step=3/5 epoch=3/3 loss=0.1912 l2=0.2000 label_smoothing=0.050
D step=4/5 epoch=1/3 loss=0.1670 l2=0.2000 label_smoothing=0.050
D step=4/5 epoch=2/3 loss=0.1689 l2=0.2000 label_smoothing=0.050
D step=4/5 epoch=3/3 loss=0.1665 l2=0.2000 label_smoothing=0.050
D step=5/5 epoch=1/3 loss=0.1820 l2=0.2000 label_smoothing=0.050
D step=5/5 epoch=2/3 loss=0.1837 l2=0.2000 label_smoothing=0.050
D step=5/5 epoch=3/3 loss=0.1795 l2=0.2000 label_smoothing=0.050
ADV epoch=41/60 g_loss=0.0460 d_loss=0.1829 reward=0.2720 reward_var=0.0056 unique=0.5800
D step=1/5 epoch=1/3 loss=0.1901 l2=0.2000 label_smoothing=0.050
D step=1/5 epoch=2/3 loss=0.1832 l2=0.2000 label_smoothing=0.050
D step=1/5 epoch=3/3 loss=0.1829 l2=0.2000 label_smoothing=0.050
D step=2/5 epoch=1/3 loss=0.1998 l2=0.2000 label_smoothing=0.050
D step=2/5 epoch=2/3 loss=0.1942 l2=0.2000 label_smoothing=0.050
D step=2/5 epoch=3/3 loss=0.1942 l2=0.2000 label_smoothing=0.050
D step=3/5 epoch=1/3 loss=0.1890 l2=0.2000 label_smoothing=0.050
D step=3/5 epoch=2/3 loss=0.1928 l2=0.2000 label_smoothing=0.050
D step=3/5 epoch=3/3 loss=0.1854 l2=0.2000 label_smoothing=0.050
D step=4/5 epoch=1/3 loss=0.1860 l2=0.2000 label_smoothing=0.050
D step=4/5 epoch=2/3 loss=0.1863 l2=0.2000 label_smoothing=0.050
D step=4/5 epoch=3/3 loss=0.1829 l2=0.2000 label_smoothing=0.050
D step=5/5 epoch=1/3 loss=0.1922 l2=0.2000 label_smoothing=0.050
D step=5/5 epoch=2/3 loss=0.1896 l2=0.2000 label_smoothing=0.050
D step=5/5 epoch=3/3 loss=0.1887 l2=0.2000 label_smoothing=0.050
ADV epoch=42/60 g_loss=0.0398 d_loss=0.1892 reward=0.2574 reward_var=0.0062 unique=0.3600
D step=1/5 epoch=1/3 loss=0.1877 l2=0.2000 label_smoothing=0.050
D step=1/5 epoch=2/3 loss=0.1796 l2=0.2000 label_smoothing=0.050
D step=1/5 epoch=3/3 loss=0.1801 l2=0.2000 label_smoothing=0.050
D step=2/5 epoch=1/3 loss=0.1754 l2=0.2000 label_smoothing=0.050
D step=2/5 epoch=2/3 loss=0.1799 l2=0.2000 label_smoothing=0.050
D step=2/5 epoch=3/3 loss=0.1804 l2=0.2000 label_smoothing=0.050
D step=3/5 epoch=1/3 loss=0.1739 l2=0.2000 label_smoothing=0.050
D step=3/5 epoch=2/3 loss=0.1759 l2=0.2000 label_smoothing=0.050
D step=3/5 epoch=3/3 loss=0.1779 l2=0.2000 label_smoothing=0.050
D step=4/5 epoch=1/3 loss=0.1637 l2=0.2000 label_smoothing=0.050
D step=4/5 epoch=2/3 loss=0.1609 l2=0.2000 label_smoothing=0.050
D step=4/5 epoch=3/3 loss=0.1625 l2=0.2000 label_smoothing=0.050
D step=5/5 epoch=1/3 loss=0.1782 l2=0.2000 label_smoothing=0.050
D step=5/5 epoch=2/3 loss=0.1747 l2=0.2000 label_smoothing=0.050
D step=5/5 epoch=3/3 loss=0.1794 l2=0.2000 label_smoothing=0.050
ADV epoch=43/60 g_loss=0.0425 d_loss=0.1753 reward=0.2995 reward_var=0.0069 unique=0.4000
D step=1/5 epoch=1/3 loss=0.1874 l2=0.2000 label_smoothing=0.050
D step=1/5 epoch=2/3 loss=0.1860 l2=0.2000 label_smoothing=0.050
D step=1/5 epoch=3/3 loss=0.1849 l2=0.2000 label_smoothing=0.050
D step=2/5 epoch=1/3 loss=0.2032 l2=0.2000 label_smoothing=0.050
D step=2/5 epoch=2/3 loss=0.1989 l2=0.2000 label_smoothing=0.050
D step=2/5 epoch=3/3 loss=0.1994 l2=0.2000 label_smoothing=0.050
D step=3/5 epoch=1/3 loss=0.1977 l2=0.2000 label_smoothing=0.050
D step=3/5 epoch=2/3 loss=0.1924 l2=0.2000 label_smoothing=0.050
D step=3/5 epoch=3/3 loss=0.1881 l2=0.2000 label_smoothing=0.050
D step=4/5 epoch=1/3 loss=0.1964 l2=0.2000 label_smoothing=0.050
D step=4/5 epoch=2/3 loss=0.2027 l2=0.2000 label_smoothing=0.050
D step=4/5 epoch=3/3 loss=0.1980 l2=0.2000 label_smoothing=0.050
D step=5/5 epoch=1/3 loss=0.1793 l2=0.2000 label_smoothing=0.050
D step=5/5 epoch=2/3 loss=0.1779 l2=0.2000 label_smoothing=0.050
D step=5/5 epoch=3/3 loss=0.1789 l2=0.2000 label_smoothing=0.050
ADV epoch=44/60 g_loss=0.0466 d_loss=0.1914 reward=0.2790 reward_var=0.0068 unique=0.3400
D step=1/5 epoch=1/3 loss=0.1844 l2=0.2000 label_smoothing=0.050
D step=1/5 epoch=2/3 loss=0.1819 l2=0.2000 label_smoothing=0.050
D step=1/5 epoch=3/3 loss=0.1855 l2=0.2000 label_smoothing=0.050
D step=2/5 epoch=1/3 loss=0.2125 l2=0.2000 label_smoothing=0.050
D step=2/5 epoch=2/3 loss=0.2078 l2=0.2000 label_smoothing=0.050
D step=2/5 epoch=3/3 loss=0.2043 l2=0.2000 label_smoothing=0.050
D step=3/5 epoch=1/3 loss=0.1873 l2=0.2000 label_smoothing=0.050
D step=3/5 epoch=2/3 loss=0.1849 l2=0.2000 label_smoothing=0.050
D step=3/5 epoch=3/3 loss=0.1836 l2=0.2000 label_smoothing=0.050
D step=4/5 epoch=1/3 loss=0.1850 l2=0.2000 label_smoothing=0.050
D step=4/5 epoch=2/3 loss=0.1821 l2=0.2000 label_smoothing=0.050
D step=4/5 epoch=3/3 loss=0.1841 l2=0.2000 label_smoothing=0.050
D step=5/5 epoch=1/3 loss=0.1968 l2=0.2000 label_smoothing=0.050
D step=5/5 epoch=2/3 loss=0.1942 l2=0.2000 label_smoothing=0.050
D step=5/5 epoch=3/3 loss=0.1876 l2=0.2000 label_smoothing=0.050
ADV epoch=45/60 g_loss=0.0404 d_loss=0.1908 reward=0.2864 reward_var=0.0044 unique=0.4000
D step=1/5 epoch=1/3 loss=0.1931 l2=0.2000 label_smoothing=0.050
D step=1/5 epoch=2/3 loss=0.1923 l2=0.2000 label_smoothing=0.050
D step=1/5 epoch=3/3 loss=0.1924 l2=0.2000 label_smoothing=0.050
D step=2/5 epoch=1/3 loss=0.1811 l2=0.2000 label_smoothing=0.050
D step=2/5 epoch=2/3 loss=0.1843 l2=0.2000 label_smoothing=0.050
D step=2/5 epoch=3/3 loss=0.1818 l2=0.2000 label_smoothing=0.050
D step=3/5 epoch=1/3 loss=0.1692 l2=0.2000 label_smoothing=0.050
D step=3/5 epoch=2/3 loss=0.1674 l2=0.2000 label_smoothing=0.050
D step=3/5 epoch=3/3 loss=0.1636 l2=0.2000 label_smoothing=0.050
D step=4/5 epoch=1/3 loss=0.1873 l2=0.2000 label_smoothing=0.050
D step=4/5 epoch=2/3 loss=0.1898 l2=0.2000 label_smoothing=0.050
D step=4/5 epoch=3/3 loss=0.1829 l2=0.2000 label_smoothing=0.050
D step=5/5 epoch=1/3 loss=0.1991 l2=0.2000 label_smoothing=0.050
D step=5/5 epoch=2/3 loss=0.1958 l2=0.2000 label_smoothing=0.050
D step=5/5 epoch=3/3 loss=0.1926 l2=0.2000 label_smoothing=0.050
ADV epoch=46/60 g_loss=0.0438 d_loss=0.1849 reward=0.2946 reward_var=0.0077 unique=0.4000
D step=1/5 epoch=1/3 loss=0.1835 l2=0.2000 label_smoothing=0.050
D step=1/5 epoch=2/3 loss=0.1819 l2=0.2000 label_smoothing=0.050
D step=1/5 epoch=3/3 loss=0.1774 l2=0.2000 label_smoothing=0.050
D step=2/5 epoch=1/3 loss=0.1603 l2=0.2000 label_smoothing=0.050
D step=2/5 epoch=2/3 loss=0.1559 l2=0.2000 label_smoothing=0.050
D step=2/5 epoch=3/3 loss=0.1562 l2=0.2000 label_smoothing=0.050
D step=3/5 epoch=1/3 loss=0.1960 l2=0.2000 label_smoothing=0.050
D step=3/5 epoch=2/3 loss=0.1954 l2=0.2000 label_smoothing=0.050
D step=3/5 epoch=3/3 loss=0.1898 l2=0.2000 label_smoothing=0.050
D step=4/5 epoch=1/3 loss=0.2052 l2=0.2000 label_smoothing=0.050
D step=4/5 epoch=2/3 loss=0.2026 l2=0.2000 label_smoothing=0.050
D step=4/5 epoch=3/3 loss=0.1986 l2=0.2000 label_smoothing=0.050
D step=5/5 epoch=1/3 loss=0.1892 l2=0.2000 label_smoothing=0.050
D step=5/5 epoch=2/3 loss=0.1939 l2=0.2000 label_smoothing=0.050
D step=5/5 epoch=3/3 loss=0.1982 l2=0.2000 label_smoothing=0.050
ADV epoch=47/60 g_loss=0.0511 d_loss=0.1856 reward=0.3025 reward_var=0.0039 unique=0.3200
D step=1/5 epoch=1/3 loss=0.2012 l2=0.2000 label_smoothing=0.050
D step=1/5 epoch=2/3 loss=0.2019 l2=0.2000 label_smoothing=0.050
D step=1/5 epoch=3/3 loss=0.2065 l2=0.2000 label_smoothing=0.050
D step=2/5 epoch=1/3 loss=0.1830 l2=0.2000 label_smoothing=0.050
D step=2/5 epoch=2/3 loss=0.1802 l2=0.2000 label_smoothing=0.050
D step=2/5 epoch=3/3 loss=0.1790 l2=0.2000 label_smoothing=0.050
D step=3/5 epoch=1/3 loss=0.1931 l2=0.2000 label_smoothing=0.050
D step=3/5 epoch=2/3 loss=0.1808 l2=0.2000 label_smoothing=0.050
D step=3/5 epoch=3/3 loss=0.1762 l2=0.2000 label_smoothing=0.050
D step=4/5 epoch=1/3 loss=0.1937 l2=0.2000 label_smoothing=0.050
D step=4/5 epoch=2/3 loss=0.1937 l2=0.2000 label_smoothing=0.050
D step=4/5 epoch=3/3 loss=0.1917 l2=0.2000 label_smoothing=0.050
D step=5/5 epoch=1/3 loss=0.2039 l2=0.2000 label_smoothing=0.050
D step=5/5 epoch=2/3 loss=0.2025 l2=0.2000 label_smoothing=0.050
D step=5/5 epoch=3/3 loss=0.1993 l2=0.2000 label_smoothing=0.050
ADV epoch=48/60 g_loss=0.0436 d_loss=0.1925 reward=0.2903 reward_var=0.0050 unique=0.3000
D step=1/5 epoch=1/3 loss=0.1911 l2=0.2000 label_smoothing=0.050
D step=1/5 epoch=2/3 loss=0.1865 l2=0.2000 label_smoothing=0.050
D step=1/5 epoch=3/3 loss=0.1846 l2=0.2000 label_smoothing=0.050
D step=2/5 epoch=1/3 loss=0.2135 l2=0.2000 label_smoothing=0.050
D step=2/5 epoch=2/3 loss=0.2008 l2=0.2000 label_smoothing=0.050
D step=2/5 epoch=3/3 loss=0.2041 l2=0.2000 label_smoothing=0.050
D step=3/5 epoch=1/3 loss=0.1692 l2=0.2000 label_smoothing=0.050
D step=3/5 epoch=2/3 loss=0.1704 l2=0.2000 label_smoothing=0.050
D step=3/5 epoch=3/3 loss=0.1726 l2=0.2000 label_smoothing=0.050
D step=4/5 epoch=1/3 loss=0.2069 l2=0.2000 label_smoothing=0.050
D step=4/5 epoch=2/3 loss=0.2049 l2=0.2000 label_smoothing=0.050
D step=4/5 epoch=3/3 loss=0.2061 l2=0.2000 label_smoothing=0.050
D step=5/5 epoch=1/3 loss=0.2034 l2=0.2000 label_smoothing=0.050
D step=5/5 epoch=2/3 loss=0.2026 l2=0.2000 label_smoothing=0.050
D step=5/5 epoch=3/3 loss=0.2030 l2=0.2000 label_smoothing=0.050
ADV epoch=49/60 g_loss=0.0436 d_loss=0.1946 reward=0.3012 reward_var=0.0048 unique=0.3800
D step=1/5 epoch=1/3 loss=0.2019 l2=0.2000 label_smoothing=0.050
D step=1/5 epoch=2/3 loss=0.2008 l2=0.2000 label_smoothing=0.050
D step=1/5 epoch=3/3 loss=0.2041 l2=0.2000 label_smoothing=0.050
D step=2/5 epoch=1/3 loss=0.1658 l2=0.2000 label_smoothing=0.050
D step=2/5 epoch=2/3 loss=0.1664 l2=0.2000 label_smoothing=0.050
D step=2/5 epoch=3/3 loss=0.1711 l2=0.2000 label_smoothing=0.050
D step=3/5 epoch=1/3 loss=0.2087 l2=0.2000 label_smoothing=0.050
D step=3/5 epoch=2/3 loss=0.2022 l2=0.2000 label_smoothing=0.050
D step=3/5 epoch=3/3 loss=0.2047 l2=0.2000 label_smoothing=0.050
D step=4/5 epoch=1/3 loss=0.1842 l2=0.2000 label_smoothing=0.050
D step=4/5 epoch=2/3 loss=0.1837 l2=0.2000 label_smoothing=0.050
D step=4/5 epoch=3/3 loss=0.1829 l2=0.2000 label_smoothing=0.050
D step=5/5 epoch=1/3 loss=0.1867 l2=0.2000 label_smoothing=0.050
D step=5/5 epoch=2/3 loss=0.1836 l2=0.2000 label_smoothing=0.050
D step=5/5 epoch=3/3 loss=0.1877 l2=0.2000 label_smoothing=0.050
ADV epoch=50/60 g_loss=0.0524 d_loss=0.1890 reward=0.2847 reward_var=0.0053 unique=0.4200
D step=1/5 epoch=1/3 loss=0.1651 l2=0.2000 label_smoothing=0.050
D step=1/5 epoch=2/3 loss=0.1650 l2=0.2000 label_smoothing=0.050
D step=1/5 epoch=3/3 loss=0.1647 l2=0.2000 label_smoothing=0.050
D step=2/5 epoch=1/3 loss=0.1907 l2=0.2000 label_smoothing=0.050
D step=2/5 epoch=2/3 loss=0.1913 l2=0.2000 label_smoothing=0.050
D step=2/5 epoch=3/3 loss=0.1874 l2=0.2000 label_smoothing=0.050
D step=3/5 epoch=1/3 loss=0.1532 l2=0.2000 label_smoothing=0.050
D step=3/5 epoch=2/3 loss=0.1531 l2=0.2000 label_smoothing=0.050
D step=3/5 epoch=3/3 loss=0.1535 l2=0.2000 label_smoothing=0.050
D step=4/5 epoch=1/3 loss=0.1886 l2=0.2000 label_smoothing=0.050
D step=4/5 epoch=2/3 loss=0.1877 l2=0.2000 label_smoothing=0.050
D step=4/5 epoch=3/3 loss=0.1889 l2=0.2000 label_smoothing=0.050
D step=5/5 epoch=1/3 loss=0.2026 l2=0.2000 label_smoothing=0.050
D step=5/5 epoch=2/3 loss=0.1986 l2=0.2000 label_smoothing=0.050
D step=5/5 epoch=3/3 loss=0.1986 l2=0.2000 label_smoothing=0.050
ADV epoch=51/60 g_loss=0.0425 d_loss=0.1793 reward=0.2867 reward_var=0.0048 unique=0.3600
D step=1/5 epoch=1/3 loss=0.1975 l2=0.2000 label_smoothing=0.050
D step=1/5 epoch=2/3 loss=0.1947 l2=0.2000 label_smoothing=0.050
D step=1/5 epoch=3/3 loss=0.1969 l2=0.2000 label_smoothing=0.050
D step=2/5 epoch=1/3 loss=0.1818 l2=0.2000 label_smoothing=0.050
D step=2/5 epoch=2/3 loss=0.1838 l2=0.2000 label_smoothing=0.050
D step=2/5 epoch=3/3 loss=0.1854 l2=0.2000 label_smoothing=0.050
D step=3/5 epoch=1/3 loss=0.1831 l2=0.2000 label_smoothing=0.050
D step=3/5 epoch=2/3 loss=0.1873 l2=0.2000 label_smoothing=0.050
D step=3/5 epoch=3/3 loss=0.1829 l2=0.2000 label_smoothing=0.050
D step=4/5 epoch=1/3 loss=0.1785 l2=0.2000 label_smoothing=0.050
D step=4/5 epoch=2/3 loss=0.1756 l2=0.2000 label_smoothing=0.050
D step=4/5 epoch=3/3 loss=0.1749 l2=0.2000 label_smoothing=0.050
D step=5/5 epoch=1/3 loss=0.2076 l2=0.2000 label_smoothing=0.050
D step=5/5 epoch=2/3 loss=0.2017 l2=0.2000 label_smoothing=0.050
D step=5/5 epoch=3/3 loss=0.2003 l2=0.2000 label_smoothing=0.050
ADV epoch=52/60 g_loss=0.0425 d_loss=0.1888 reward=0.2863 reward_var=0.0065 unique=0.4400
D step=1/5 epoch=1/3 loss=0.1921 l2=0.2000 label_smoothing=0.050
D step=1/5 epoch=2/3 loss=0.1853 l2=0.2000 label_smoothing=0.050
D step=1/5 epoch=3/3 loss=0.1871 l2=0.2000 label_smoothing=0.050
D step=2/5 epoch=1/3 loss=0.1834 l2=0.2000 label_smoothing=0.050
D step=2/5 epoch=2/3 loss=0.1827 l2=0.2000 label_smoothing=0.050
D step=2/5 epoch=3/3 loss=0.1826 l2=0.2000 label_smoothing=0.050
D step=3/5 epoch=1/3 loss=0.1630 l2=0.2000 label_smoothing=0.050
D step=3/5 epoch=2/3 loss=0.1652 l2=0.2000 label_smoothing=0.050
D step=3/5 epoch=3/3 loss=0.1623 l2=0.2000 label_smoothing=0.050
D step=4/5 epoch=1/3 loss=0.1842 l2=0.2000 label_smoothing=0.050
D step=4/5 epoch=2/3 loss=0.1779 l2=0.2000 label_smoothing=0.050
D step=4/5 epoch=3/3 loss=0.1801 l2=0.2000 label_smoothing=0.050
D step=5/5 epoch=1/3 loss=0.1871 l2=0.2000 label_smoothing=0.050
D step=5/5 epoch=2/3 loss=0.1919 l2=0.2000 label_smoothing=0.050
D step=5/5 epoch=3/3 loss=0.1894 l2=0.2000 label_smoothing=0.050
ADV epoch=53/60 g_loss=0.0402 d_loss=0.1810 reward=0.2811 reward_var=0.0068 unique=0.4000
D step=1/5 epoch=1/3 loss=0.1680 l2=0.2000 label_smoothing=0.050
D step=1/5 epoch=2/3 loss=0.1699 l2=0.2000 label_smoothing=0.050
D step=1/5 epoch=3/3 loss=0.1690 l2=0.2000 label_smoothing=0.050
D step=2/5 epoch=1/3 loss=0.1873 l2=0.2000 label_smoothing=0.050
D step=2/5 epoch=2/3 loss=0.1886 l2=0.2000 label_smoothing=0.050
D step=2/5 epoch=3/3 loss=0.1886 l2=0.2000 label_smoothing=0.050
D step=3/5 epoch=1/3 loss=0.1832 l2=0.2000 label_smoothing=0.050
D step=3/5 epoch=2/3 loss=0.1867 l2=0.2000 label_smoothing=0.050
D step=3/5 epoch=3/3 loss=0.1827 l2=0.2000 label_smoothing=0.050
D step=4/5 epoch=1/3 loss=0.2005 l2=0.2000 label_smoothing=0.050
D step=4/5 epoch=2/3 loss=0.1996 l2=0.2000 label_smoothing=0.050
D step=4/5 epoch=3/3 loss=0.1987 l2=0.2000 label_smoothing=0.050
D step=5/5 epoch=1/3 loss=0.1689 l2=0.2000 label_smoothing=0.050
D step=5/5 epoch=2/3 loss=0.1679 l2=0.2000 label_smoothing=0.050
D step=5/5 epoch=3/3 loss=0.1684 l2=0.2000 label_smoothing=0.050
ADV epoch=54/60 g_loss=0.0399 d_loss=0.1819 reward=0.2822 reward_var=0.0047 unique=0.4400
D step=1/5 epoch=1/3 loss=0.1900 l2=0.2000 label_smoothing=0.050
D step=1/5 epoch=2/3 loss=0.1891 l2=0.2000 label_smoothing=0.050
D step=1/5 epoch=3/3 loss=0.1874 l2=0.2000 label_smoothing=0.050
D step=2/5 epoch=1/3 loss=0.1907 l2=0.2000 label_smoothing=0.050
D step=2/5 epoch=2/3 loss=0.1884 l2=0.2000 label_smoothing=0.050
D step=2/5 epoch=3/3 loss=0.1904 l2=0.2000 label_smoothing=0.050
D step=3/5 epoch=1/3 loss=0.1818 l2=0.2000 label_smoothing=0.050
D step=3/5 epoch=2/3 loss=0.1855 l2=0.2000 label_smoothing=0.050
D step=3/5 epoch=3/3 loss=0.1835 l2=0.2000 label_smoothing=0.050
D step=4/5 epoch=1/3 loss=0.1989 l2=0.2000 label_smoothing=0.050
D step=4/5 epoch=2/3 loss=0.2017 l2=0.2000 label_smoothing=0.050
D step=4/5 epoch=3/3 loss=0.2009 l2=0.2000 label_smoothing=0.050
D step=5/5 epoch=1/3 loss=0.1715 l2=0.2000 label_smoothing=0.050
D step=5/5 epoch=2/3 loss=0.1735 l2=0.2000 label_smoothing=0.050
D step=5/5 epoch=3/3 loss=0.1688 l2=0.2000 label_smoothing=0.050
ADV epoch=55/60 g_loss=0.0449 d_loss=0.1868 reward=0.2823 reward_var=0.0047 unique=0.3400
D step=1/5 epoch=1/3 loss=0.1651 l2=0.2000 label_smoothing=0.050
D step=1/5 epoch=2/3 loss=0.1671 l2=0.2000 label_smoothing=0.050
D step=1/5 epoch=3/3 loss=0.1659 l2=0.2000 label_smoothing=0.050
D step=2/5 epoch=1/3 loss=0.2028 l2=0.2000 label_smoothing=0.050
D step=2/5 epoch=2/3 loss=0.2040 l2=0.2000 label_smoothing=0.050
D step=2/5 epoch=3/3 loss=0.2020 l2=0.2000 label_smoothing=0.050
D step=3/5 epoch=1/3 loss=0.2047 l2=0.2000 label_smoothing=0.050
D step=3/5 epoch=2/3 loss=0.2010 l2=0.2000 label_smoothing=0.050
D step=3/5 epoch=3/3 loss=0.2017 l2=0.2000 label_smoothing=0.050
D step=4/5 epoch=1/3 loss=0.1897 l2=0.2000 label_smoothing=0.050
D step=4/5 epoch=2/3 loss=0.1875 l2=0.2000 label_smoothing=0.050
D step=4/5 epoch=3/3 loss=0.1859 l2=0.2000 label_smoothing=0.050
D step=5/5 epoch=1/3 loss=0.1814 l2=0.2000 label_smoothing=0.050
D step=5/5 epoch=2/3 loss=0.1837 l2=0.2000 label_smoothing=0.050
D step=5/5 epoch=3/3 loss=0.1815 l2=0.2000 label_smoothing=0.050
ADV epoch=56/60 g_loss=0.0352 d_loss=0.1883 reward=0.2936 reward_var=0.0043 unique=0.3400
D step=1/5 epoch=1/3 loss=0.2096 l2=0.2000 label_smoothing=0.050
D step=1/5 epoch=2/3 loss=0.2002 l2=0.2000 label_smoothing=0.050
D step=1/5 epoch=3/3 loss=0.2017 l2=0.2000 label_smoothing=0.050
D step=2/5 epoch=1/3 loss=0.1877 l2=0.2000 label_smoothing=0.050
D step=2/5 epoch=2/3 loss=0.1861 l2=0.2000 label_smoothing=0.050
D step=2/5 epoch=3/3 loss=0.1807 l2=0.2000 label_smoothing=0.050
D step=3/5 epoch=1/3 loss=0.1896 l2=0.2000 label_smoothing=0.050
D step=3/5 epoch=2/3 loss=0.1845 l2=0.2000 label_smoothing=0.050
D step=3/5 epoch=3/3 loss=0.1829 l2=0.2000 label_smoothing=0.050
D step=4/5 epoch=1/3 loss=0.1873 l2=0.2000 label_smoothing=0.050
D step=4/5 epoch=2/3 loss=0.1871 l2=0.2000 label_smoothing=0.050
D step=4/5 epoch=3/3 loss=0.1835 l2=0.2000 label_smoothing=0.050
D step=5/5 epoch=1/3 loss=0.1848 l2=0.2000 label_smoothing=0.050
D step=5/5 epoch=2/3 loss=0.1817 l2=0.2000 label_smoothing=0.050
D step=5/5 epoch=3/3 loss=0.1818 l2=0.2000 label_smoothing=0.050
ADV epoch=57/60 g_loss=0.0454 d_loss=0.1886 reward=0.2814 reward_var=0.0062 unique=0.2800
D step=1/5 epoch=1/3 loss=0.2031 l2=0.2000 label_smoothing=0.050
D step=1/5 epoch=2/3 loss=0.2025 l2=0.2000 label_smoothing=0.050
D step=1/5 epoch=3/3 loss=0.2019 l2=0.2000 label_smoothing=0.050
D step=2/5 epoch=1/3 loss=0.1996 l2=0.2000 label_smoothing=0.050
D step=2/5 epoch=2/3 loss=0.2031 l2=0.2000 label_smoothing=0.050
D step=2/5 epoch=3/3 loss=0.2017 l2=0.2000 label_smoothing=0.050
D step=3/5 epoch=1/3 loss=0.1988 l2=0.2000 label_smoothing=0.050
D step=3/5 epoch=2/3 loss=0.2004 l2=0.2000 label_smoothing=0.050
D step=3/5 epoch=3/3 loss=0.2005 l2=0.2000 label_smoothing=0.050
D step=4/5 epoch=1/3 loss=0.2006 l2=0.2000 label_smoothing=0.050
D step=4/5 epoch=2/3 loss=0.1959 l2=0.2000 label_smoothing=0.050
D step=4/5 epoch=3/3 loss=0.1954 l2=0.2000 label_smoothing=0.050
D step=5/5 epoch=1/3 loss=0.1895 l2=0.2000 label_smoothing=0.050
D step=5/5 epoch=2/3 loss=0.1920 l2=0.2000 label_smoothing=0.050
D step=5/5 epoch=3/3 loss=0.1928 l2=0.2000 label_smoothing=0.050
ADV epoch=58/60 g_loss=0.0399 d_loss=0.1985 reward=0.2813 reward_var=0.0040 unique=0.3800
D step=1/5 epoch=1/3 loss=0.2094 l2=0.2000 label_smoothing=0.050
D step=1/5 epoch=2/3 loss=0.2056 l2=0.2000 label_smoothing=0.050
D step=1/5 epoch=3/3 loss=0.2047 l2=0.2000 label_smoothing=0.050
D step=2/5 epoch=1/3 loss=0.1998 l2=0.2000 label_smoothing=0.050
D step=2/5 epoch=2/3 loss=0.1987 l2=0.2000 label_smoothing=0.050
D step=2/5 epoch=3/3 loss=0.2029 l2=0.2000 label_smoothing=0.050
D step=3/5 epoch=1/3 loss=0.1851 l2=0.2000 label_smoothing=0.050
D step=3/5 epoch=2/3 loss=0.1855 l2=0.2000 label_smoothing=0.050
D step=3/5 epoch=3/3 loss=0.1855 l2=0.2000 label_smoothing=0.050
D step=4/5 epoch=1/3 loss=0.1670 l2=0.2000 label_smoothing=0.050
D step=4/5 epoch=2/3 loss=0.1667 l2=0.2000 label_smoothing=0.050
D step=4/5 epoch=3/3 loss=0.1638 l2=0.2000 label_smoothing=0.050
D step=5/5 epoch=1/3 loss=0.2070 l2=0.2000 label_smoothing=0.050
D step=5/5 epoch=2/3 loss=0.2047 l2=0.2000 label_smoothing=0.050
D step=5/5 epoch=3/3 loss=0.2049 l2=0.2000 label_smoothing=0.050
ADV epoch=59/60 g_loss=0.0339 d_loss=0.1928 reward=0.2746 reward_var=0.0052 unique=0.3000
D step=1/5 epoch=1/3 loss=0.1891 l2=0.2000 label_smoothing=0.050
D step=1/5 epoch=2/3 loss=0.1851 l2=0.2000 label_smoothing=0.050
D step=1/5 epoch=3/3 loss=0.1900 l2=0.2000 label_smoothing=0.050
D step=2/5 epoch=1/3 loss=0.2109 l2=0.2000 label_smoothing=0.050
D step=2/5 epoch=2/3 loss=0.2075 l2=0.2000 label_smoothing=0.050
D step=2/5 epoch=3/3 loss=0.2014 l2=0.2000 label_smoothing=0.050
D step=3/5 epoch=1/3 loss=0.2010 l2=0.2000 label_smoothing=0.050
D step=3/5 epoch=2/3 loss=0.1997 l2=0.2000 label_smoothing=0.050
D step=3/5 epoch=3/3 loss=0.1986 l2=0.2000 label_smoothing=0.050
D step=4/5 epoch=1/3 loss=0.1974 l2=0.2000 label_smoothing=0.050
D step=4/5 epoch=2/3 loss=0.2015 l2=0.2000 label_smoothing=0.050
D step=4/5 epoch=3/3 loss=0.1993 l2=0.2000 label_smoothing=0.050
D step=5/5 epoch=1/3 loss=0.2010 l2=0.2000 label_smoothing=0.050
D step=5/5 epoch=2/3 loss=0.1968 l2=0.2000 label_smoothing=0.050
D step=5/5 epoch=3/3 loss=0.1997 l2=0.2000 label_smoothing=0.050
ADV epoch=60/60 g_loss=0.0374 d_loss=0.1986 reward=0.2656 reward_var=0.0057 unique=0.3400
saved 500 raw samples to /content/drive/MyDrive/GAN_for_SQLi - 3/result/phase3/seqgan_improved/union/D/R200/V7/generated_payloads.csv
