
[1/3] pretrain G
G epoch=1/60 loss=4.5926
G epoch=2/60 loss=4.4439
G epoch=3/60 loss=4.2687
G epoch=4/60 loss=4.0467
G epoch=5/60 loss=3.7783
G epoch=6/60 loss=3.4876
G epoch=7/60 loss=3.2198
G epoch=8/60 loss=3.0167
G epoch=9/60 loss=2.8784
G epoch=10/60 loss=2.7793
G epoch=11/60 loss=2.6996
G epoch=12/60 loss=2.6290
G epoch=13/60 loss=2.5615
G epoch=14/60 loss=2.5030
G epoch=15/60 loss=2.4467
G epoch=16/60 loss=2.3892
G epoch=17/60 loss=2.3339
G epoch=18/60 loss=2.2807
G epoch=19/60 loss=2.2274
G epoch=20/60 loss=2.1747
G epoch=21/60 loss=2.1219
G epoch=22/60 loss=2.0682
G epoch=23/60 loss=2.0162
G epoch=24/60 loss=1.9655
G epoch=25/60 loss=1.9160
G epoch=26/60 loss=1.8674
G epoch=27/60 loss=1.8196
G epoch=28/60 loss=1.7743
G epoch=29/60 loss=1.7298
G epoch=30/60 loss=1.6859
G epoch=31/60 loss=1.6427
G epoch=32/60 loss=1.5990
G epoch=33/60 loss=1.5574
G epoch=34/60 loss=1.5164
G epoch=35/60 loss=1.4777
G epoch=36/60 loss=1.4385
G epoch=37/60 loss=1.4006
G epoch=38/60 loss=1.3627
G epoch=39/60 loss=1.3249
G epoch=40/60 loss=1.2887
G epoch=41/60 loss=1.2532
G epoch=42/60 loss=1.2196
G epoch=43/60 loss=1.1867
G epoch=44/60 loss=1.1558
G epoch=45/60 loss=1.1260
G epoch=46/60 loss=1.0964
G epoch=47/60 loss=1.0677
G epoch=48/60 loss=1.0398
G epoch=49/60 loss=1.0128
G epoch=50/60 loss=0.9873
G epoch=51/60 loss=0.9624
G epoch=52/60 loss=0.9377
G epoch=53/60 loss=0.9139
G epoch=54/60 loss=0.8914
G epoch=55/60 loss=0.8698
G epoch=56/60 loss=0.8487
G epoch=57/60 loss=0.8274
G epoch=58/60 loss=0.8062
G epoch=59/60 loss=0.7856
G epoch=60/60 loss=0.7659

[2/3] pretrain D

[3/3] adversarial
generator_reward_mode=off reward_alpha=1.000 d_steps=5 d_epochs=3
ADV epoch=1/60 g_loss=0.7759 d_loss=0.0000 reward=0.5161 reward_var=0.0005 unique=1.0000
ADV epoch=2/60 g_loss=0.8442 d_loss=0.0000 reward=0.5198 reward_var=0.0006 unique=1.0000
ADV epoch=3/60 g_loss=0.8700 d_loss=0.0000 reward=0.5203 reward_var=0.0006 unique=1.0000
ADV epoch=4/60 g_loss=0.9120 d_loss=0.0000 reward=0.5179 reward_var=0.0003 unique=1.0000
ADV epoch=5/60 g_loss=0.9500 d_loss=0.0000 reward=0.5215 reward_var=0.0005 unique=1.0000
ADV epoch=6/60 g_loss=0.9171 d_loss=0.0000 reward=0.5217 reward_var=0.0004 unique=1.0000
ADV epoch=7/60 g_loss=0.9630 d_loss=0.0000 reward=0.5215 reward_var=0.0004 unique=1.0000
ADV epoch=8/60 g_loss=0.9766 d_loss=0.0000 reward=0.5211 reward_var=0.0005 unique=1.0000
ADV epoch=9/60 g_loss=1.0122 d_loss=0.0000 reward=0.5225 reward_var=0.0005 unique=1.0000
ADV epoch=10/60 g_loss=0.9679 d_loss=0.0000 reward=0.5207 reward_var=0.0005 unique=1.0000
ADV epoch=11/60 g_loss=1.0224 d_loss=0.0000 reward=0.5212 reward_var=0.0006 unique=1.0000
ADV epoch=12/60 g_loss=1.0330 d_loss=0.0000 reward=0.5230 reward_var=0.0006 unique=1.0000
ADV epoch=13/60 g_loss=1.0228 d_loss=0.0000 reward=0.5252 reward_var=0.0005 unique=1.0000
ADV epoch=14/60 g_loss=1.0544 d_loss=0.0000 reward=0.5221 reward_var=0.0006 unique=1.0000
ADV epoch=15/60 g_loss=1.0434 d_loss=0.0000 reward=0.5200 reward_var=0.0005 unique=1.0000
ADV epoch=16/60 g_loss=1.1084 d_loss=0.0000 reward=0.5238 reward_var=0.0005 unique=1.0000
ADV epoch=17/60 g_loss=1.1225 d_loss=0.0000 reward=0.5250 reward_var=0.0005 unique=1.0000
ADV epoch=18/60 g_loss=1.0871 d_loss=0.0000 reward=0.5256 reward_var=0.0006 unique=1.0000
ADV epoch=19/60 g_loss=1.0947 d_loss=0.0000 reward=0.5237 reward_var=0.0005 unique=1.0000
ADV epoch=20/60 g_loss=1.0911 d_loss=0.0000 reward=0.5245 reward_var=0.0006 unique=1.0000
ADV epoch=21/60 g_loss=1.0837 d_loss=0.0000 reward=0.5255 reward_var=0.0005 unique=1.0000
ADV epoch=22/60 g_loss=1.1148 d_loss=0.0000 reward=0.5257 reward_var=0.0005 unique=1.0000
ADV epoch=23/60 g_loss=1.0613 d_loss=0.0000 reward=0.5275 reward_var=0.0005 unique=1.0000
ADV epoch=24/60 g_loss=1.0853 d_loss=0.0000 reward=0.5285 reward_var=0.0007 unique=1.0000
ADV epoch=25/60 g_loss=1.1112 d_loss=0.0000 reward=0.5238 reward_var=0.0006 unique=1.0000
ADV epoch=26/60 g_loss=1.1164 d_loss=0.0000 reward=0.5256 reward_var=0.0006 unique=1.0000
ADV epoch=27/60 g_loss=1.0618 d_loss=0.0000 reward=0.5250 reward_var=0.0007 unique=1.0000
ADV epoch=28/60 g_loss=1.1345 d_loss=0.0000 reward=0.5248 reward_var=0.0005 unique=1.0000
ADV epoch=29/60 g_loss=1.1314 d_loss=0.0000 reward=0.5233 reward_var=0.0006 unique=1.0000
ADV epoch=30/60 g_loss=1.1301 d_loss=0.0000 reward=0.5278 reward_var=0.0006 unique=1.0000
ADV epoch=31/60 g_loss=1.1053 d_loss=0.0000 reward=0.5242 reward_var=0.0004 unique=1.0000
ADV epoch=32/60 g_loss=1.0999 d_loss=0.0000 reward=0.5275 reward_var=0.0006 unique=1.0000
ADV epoch=33/60 g_loss=1.1399 d_loss=0.0000 reward=0.5273 reward_var=0.0005 unique=1.0000
ADV epoch=34/60 g_loss=1.1533 d_loss=0.0000 reward=0.5241 reward_var=0.0007 unique=1.0000
ADV epoch=35/60 g_loss=1.1692 d_loss=0.0000 reward=0.5246 reward_var=0.0006 unique=1.0000
ADV epoch=36/60 g_loss=1.1384 d_loss=0.0000 reward=0.5257 reward_var=0.0006 unique=1.0000
ADV epoch=37/60 g_loss=1.2184 d_loss=0.0000 reward=0.5343 reward_var=0.0006 unique=1.0000
ADV epoch=38/60 g_loss=1.2087 d_loss=0.0000 reward=0.5277 reward_var=0.0007 unique=1.0000
ADV epoch=39/60 g_loss=1.1989 d_loss=0.0000 reward=0.5258 reward_var=0.0007 unique=1.0000
ADV epoch=40/60 g_loss=1.1267 d_loss=0.0000 reward=0.5301 reward_var=0.0005 unique=1.0000
ADV epoch=41/60 g_loss=1.2529 d_loss=0.0000 reward=0.5292 reward_var=0.0006 unique=1.0000
ADV epoch=42/60 g_loss=1.1784 d_loss=0.0000 reward=0.5289 reward_var=0.0006 unique=1.0000
ADV epoch=43/60 g_loss=1.2865 d_loss=0.0000 reward=0.5319 reward_var=0.0005 unique=1.0000
ADV epoch=44/60 g_loss=1.2806 d_loss=0.0000 reward=0.5303 reward_var=0.0006 unique=1.0000
ADV epoch=45/60 g_loss=1.3394 d_loss=0.0000 reward=0.5336 reward_var=0.0007 unique=1.0000
ADV epoch=46/60 g_loss=1.3422 d_loss=0.0000 reward=0.5339 reward_var=0.0005 unique=1.0000
ADV epoch=47/60 g_loss=1.3167 d_loss=0.0000 reward=0.5330 reward_var=0.0007 unique=1.0000
ADV epoch=48/60 g_loss=1.2475 d_loss=0.0000 reward=0.5316 reward_var=0.0006 unique=1.0000
ADV epoch=49/60 g_loss=1.3569 d_loss=0.0000 reward=0.5322 reward_var=0.0006 unique=1.0000
ADV epoch=50/60 g_loss=1.3176 d_loss=0.0000 reward=0.5364 reward_var=0.0006 unique=1.0000
ADV epoch=51/60 g_loss=1.3238 d_loss=0.0000 reward=0.5293 reward_var=0.0006 unique=1.0000
ADV epoch=52/60 g_loss=1.3081 d_loss=0.0000 reward=0.5345 reward_var=0.0006 unique=1.0000
ADV epoch=53/60 g_loss=1.3166 d_loss=0.0000 reward=0.5308 reward_var=0.0006 unique=1.0000
ADV epoch=54/60 g_loss=1.2947 d_loss=0.0000 reward=0.5336 reward_var=0.0007 unique=1.0000
ADV epoch=55/60 g_loss=1.2788 d_loss=0.0000 reward=0.5286 reward_var=0.0006 unique=1.0000
ADV epoch=56/60 g_loss=1.3570 d_loss=0.0000 reward=0.5327 reward_var=0.0005 unique=1.0000
ADV epoch=57/60 g_loss=1.2126 d_loss=0.0000 reward=0.5269 reward_var=0.0006 unique=1.0000
ADV epoch=58/60 g_loss=1.2504 d_loss=0.0000 reward=0.5306 reward_var=0.0005 unique=1.0000
ADV epoch=59/60 g_loss=1.2647 d_loss=0.0000 reward=0.5265 reward_var=0.0005 unique=1.0000
ADV epoch=60/60 g_loss=1.2720 d_loss=0.0000 reward=0.5286 reward_var=0.0006 unique=1.0000
saved 500 raw samples to /content/drive/MyDrive/GAN/GAN_SQLi_Colab/results_seqgan_phase2b_phase3/phase2b/seqgan_master/time/A/R500/generated_payloads.csv
