{
  "metric_schema_version": "quality-metrics-v3",
  "normalization_version": "nfkc_html_percent1_casefold_ws_quotes_v1",
  "seed": 88,
  "method": "seqgan_master",
  "family": "error",
  "scenario": "B",
  "ratio": "200",
  "generation_kind": "direct",
  "schema_valid": true,
  "stop_reason": "n/a",
  "n_generated": 500,
  "unique_rate": 1.0,
  "normalized_unique_rate": 1.0,
  "duplicate_rate": 0.0,
  "model_collapse_rate": 0.0,
  "dominant_payload_share": 0.002,
  "normalized_dominant_payload_share": 0.002,
  "sql_parse_rate": 1.0,
  "sql_structure_rate": 0.048,
  "family_motif_coverage": 0.0,
  "family_motif_hit_rate": 0.0,
  "garbage_rate": 0.952,
  "wellformed_rate": 1.0,
  "shaped_rate": 0.048,
  "family_motif_coverage_by_family": {
    "error": 0.0
  },
  "family_motif_hit_rate_by_family": {
    "error": 0.0
  },
  "inferred_family_distribution": {
    "boolean": 0.0,
    "union": 0.0,
    "time": 0.0,
    "error": 0.0,
    "other": 1.0
  },
  "train_reference_count": 78,
  "holdout_reference_count": 259,
  "exact_input_overlap": 0.0,
  "normalized_input_overlap": 0.0,
  "holdout_overlap": 0.0,
  "normalized_holdout_overlap": 0.0,
  "nearest_input_similarity_mean": 0.06772777729477648,
  "nearest_input_similarity_median": 0.060240963855421686,
  "nearest_input_similarity_p90": 0.11227040816326532,
  "nearest_char3_jaccard_mean": 0.06772777729477648,
  "nearest_char3_jaccard_median": 0.060240963855421686,
  "nearest_char3_jaccard_p90": 0.11227040816326532,
  "nearest_token_jaccard_mean": 0.08201571395842158,
  "nearest_token_jaccard_median": 0.06666666666666667,
  "nearest_token_jaccard_p90": 0.14285714285714285,
  "nearest_edit_similarity_mean": 0.1186819697052346,
  "nearest_edit_similarity_median": 0.11926605504587151,
  "nearest_edit_similarity_p90": 0.14435314685314693,
  "nearest_feature_cosine_mean": 0.751365162631267,
  "nearest_feature_cosine_median": 0.7757226084248685,
  "nearest_feature_cosine_p90": 0.9157597029539785,
  "nearest_input_distance_mean": 0.9322722227052235,
  "nearest_input_distance_median": 0.9397590361445783,
  "nearest_input_distance_p90": 0.9662921348314607,
  "mean_nearest_similarity": 0.06772777729477648,
  "median_nearest_similarity": 0.060240963855421686,
  "p90_nearest_similarity": 0.11227040816326532,
  "unique_nearest_payload_rate": 0.06,
  "dominant_retrieved_payload_share": 0.294,
  "nearest_reference_count": 78,
  "distinct_1": 0.36509695290858724,
  "distinct_2": 0.667175572519084,
  "distinct_3": 0.8656361474435196,
  "lexical_diversity": 0.36509695290858724,
  "character_diversity": 0.7436999477242627,
  "token_diversity": 0.6938940276417009,
  "keyword_diversity": 0.45167112963591394,
  "operator_diversity": 0.0,
  "function_diversity": 0.8193457951993474,
  "comment_style_diversity": 0.3333333333333333,
  "length_zone_diversity": 0.2,
  "self_bleu": 0.9049433662780514,
  "self_bleu_char": 0.9049433662780514,
  "requested_count": 500,
  "generated_count_fraction": 1.0
}
