
[1/3] pretrain G
G epoch=1/80 loss=4.5949
G epoch=2/80 loss=4.4552
G epoch=3/80 loss=4.2881
G epoch=4/80 loss=4.0874
G epoch=5/80 loss=3.8454
G epoch=6/80 loss=3.5666
G epoch=7/80 loss=3.3511
G epoch=8/80 loss=3.1767
G epoch=9/80 loss=3.1182
G epoch=10/80 loss=3.0981
G epoch=11/80 loss=3.0293
G epoch=12/80 loss=3.0066
G epoch=13/80 loss=2.9292
G epoch=14/80 loss=2.8848
G epoch=15/80 loss=2.8882
G epoch=16/80 loss=2.8643
G epoch=17/80 loss=2.8247
G epoch=18/80 loss=2.8099
G epoch=19/80 loss=2.7758
G epoch=20/80 loss=2.7350
G epoch=21/80 loss=2.7266
G epoch=22/80 loss=2.6803
G epoch=23/80 loss=2.6762
G epoch=24/80 loss=2.6406
G epoch=25/80 loss=2.6087
G epoch=26/80 loss=2.5982
G epoch=27/80 loss=2.5280
G epoch=28/80 loss=2.5101
G epoch=29/80 loss=2.5119
G epoch=30/80 loss=2.4689
G epoch=31/80 loss=2.4186
G epoch=32/80 loss=2.4015
G epoch=33/80 loss=2.3915
G epoch=34/80 loss=2.3487
G epoch=35/80 loss=2.3410
G epoch=36/80 loss=2.2961
G epoch=37/80 loss=2.2796
G epoch=38/80 loss=2.2684
G epoch=39/80 loss=2.2392
G epoch=40/80 loss=2.2336
G epoch=41/80 loss=2.1894
G epoch=42/80 loss=2.1663
G epoch=43/80 loss=2.1524
G epoch=44/80 loss=2.1244
G epoch=45/80 loss=2.1053
G epoch=46/80 loss=2.0563
G epoch=47/80 loss=2.0536
G epoch=48/80 loss=2.0237
G epoch=49/80 loss=2.0165
G epoch=50/80 loss=1.9889
G epoch=51/80 loss=1.9694
G epoch=52/80 loss=1.9566
G epoch=53/80 loss=1.9467
G epoch=54/80 loss=1.9237
G epoch=55/80 loss=1.8905
G epoch=56/80 loss=1.9016
G epoch=57/80 loss=1.8594
G epoch=58/80 loss=1.8547
G epoch=59/80 loss=1.8329
G epoch=60/80 loss=1.8224
G epoch=61/80 loss=1.8014
G epoch=62/80 loss=1.7833
G epoch=63/80 loss=1.7651
G epoch=64/80 loss=1.7515
G epoch=65/80 loss=1.7502
G epoch=66/80 loss=1.7290
G epoch=67/80 loss=1.7216
G epoch=68/80 loss=1.6856
G epoch=69/80 loss=1.6940
G epoch=70/80 loss=1.6792
G epoch=71/80 loss=1.6691
G epoch=72/80 loss=1.6539
G epoch=73/80 loss=1.6538
G epoch=74/80 loss=1.6364
G epoch=75/80 loss=1.5950
G epoch=76/80 loss=1.6125
G epoch=77/80 loss=1.5944
G epoch=78/80 loss=1.5825
G epoch=79/80 loss=1.5793
G epoch=80/80 loss=1.5680

[2/3] pretrain D
D step=1/30 epoch=1/3 loss=0.8083 l2=0.2000 label_smoothing=0.050
D step=1/30 epoch=2/3 loss=0.7383 l2=0.2000 label_smoothing=0.050
D step=1/30 epoch=3/3 loss=0.7229 l2=0.2000 label_smoothing=0.050
D step=2/30 epoch=1/3 loss=0.7309 l2=0.2000 label_smoothing=0.050
D step=2/30 epoch=2/3 loss=0.7171 l2=0.2000 label_smoothing=0.050
D step=2/30 epoch=3/3 loss=0.6868 l2=0.2000 label_smoothing=0.050
D step=3/30 epoch=1/3 loss=0.6613 l2=0.2000 label_smoothing=0.050
D step=3/30 epoch=2/3 loss=0.6632 l2=0.2000 label_smoothing=0.050
D step=3/30 epoch=3/3 loss=0.6354 l2=0.2000 label_smoothing=0.050
D step=4/30 epoch=1/3 loss=0.6333 l2=0.2000 label_smoothing=0.050
D step=4/30 epoch=2/3 loss=0.6140 l2=0.2000 label_smoothing=0.050
D step=4/30 epoch=3/3 loss=0.5872 l2=0.2000 label_smoothing=0.050
D step=5/30 epoch=1/3 loss=0.5888 l2=0.2000 label_smoothing=0.050
D step=5/30 epoch=2/3 loss=0.5348 l2=0.2000 label_smoothing=0.050
D step=5/30 epoch=3/3 loss=0.5434 l2=0.2000 label_smoothing=0.050
D step=6/30 epoch=1/3 loss=0.5209 l2=0.2000 label_smoothing=0.050
D step=6/30 epoch=2/3 loss=0.5202 l2=0.2000 label_smoothing=0.050
D step=6/30 epoch=3/3 loss=0.4784 l2=0.2000 label_smoothing=0.050
D step=7/30 epoch=1/3 loss=0.4914 l2=0.2000 label_smoothing=0.050
D step=7/30 epoch=2/3 loss=0.4632 l2=0.2000 label_smoothing=0.050
D step=7/30 epoch=3/3 loss=0.4548 l2=0.2000 label_smoothing=0.050
D step=8/30 epoch=1/3 loss=0.4461 l2=0.2000 label_smoothing=0.050
D step=8/30 epoch=2/3 loss=0.4062 l2=0.2000 label_smoothing=0.050
D step=8/30 epoch=3/3 loss=0.4103 l2=0.2000 label_smoothing=0.050
D step=9/30 epoch=1/3 loss=0.3788 l2=0.2000 label_smoothing=0.050
D step=9/30 epoch=2/3 loss=0.3619 l2=0.2000 label_smoothing=0.050
D step=9/30 epoch=3/3 loss=0.3647 l2=0.2000 label_smoothing=0.050
D step=10/30 epoch=1/3 loss=0.3240 l2=0.2000 label_smoothing=0.050
D step=10/30 epoch=2/3 loss=0.3405 l2=0.2000 label_smoothing=0.050
D step=10/30 epoch=3/3 loss=0.3095 l2=0.2000 label_smoothing=0.050
D step=11/30 epoch=1/3 loss=0.3166 l2=0.2000 label_smoothing=0.050
D step=11/30 epoch=2/3 loss=0.3168 l2=0.2000 label_smoothing=0.050
D step=11/30 epoch=3/3 loss=0.3021 l2=0.2000 label_smoothing=0.050
D step=12/30 epoch=1/3 loss=0.2946 l2=0.2000 label_smoothing=0.050
D step=12/30 epoch=2/3 loss=0.2773 l2=0.2000 label_smoothing=0.050
D step=12/30 epoch=3/3 loss=0.2735 l2=0.2000 label_smoothing=0.050
D step=13/30 epoch=1/3 loss=0.2729 l2=0.2000 label_smoothing=0.050
D step=13/30 epoch=2/3 loss=0.2733 l2=0.2000 label_smoothing=0.050
D step=13/30 epoch=3/3 loss=0.2537 l2=0.2000 label_smoothing=0.050
D step=14/30 epoch=1/3 loss=0.2388 l2=0.2000 label_smoothing=0.050
D step=14/30 epoch=2/3 loss=0.2369 l2=0.2000 label_smoothing=0.050
D step=14/30 epoch=3/3 loss=0.2328 l2=0.2000 label_smoothing=0.050
D step=15/30 epoch=1/3 loss=0.2308 l2=0.2000 label_smoothing=0.050
D step=15/30 epoch=2/3 loss=0.2267 l2=0.2000 label_smoothing=0.050
D step=15/30 epoch=3/3 loss=0.2217 l2=0.2000 label_smoothing=0.050
D step=16/30 epoch=1/3 loss=0.2202 l2=0.2000 label_smoothing=0.050
D step=16/30 epoch=2/3 loss=0.2158 l2=0.2000 label_smoothing=0.050
D step=16/30 epoch=3/3 loss=0.2165 l2=0.2000 label_smoothing=0.050
D step=17/30 epoch=1/3 loss=0.2214 l2=0.2000 label_smoothing=0.050
D step=17/30 epoch=2/3 loss=0.2145 l2=0.2000 label_smoothing=0.050
D step=17/30 epoch=3/3 loss=0.2108 l2=0.2000 label_smoothing=0.050
D step=18/30 epoch=1/3 loss=0.2114 l2=0.2000 label_smoothing=0.050
D step=18/30 epoch=2/3 loss=0.2041 l2=0.2000 label_smoothing=0.050
D step=18/30 epoch=3/3 loss=0.2010 l2=0.2000 label_smoothing=0.050
D step=19/30 epoch=1/3 loss=0.2046 l2=0.2000 label_smoothing=0.050
D step=19/30 epoch=2/3 loss=0.2062 l2=0.2000 label_smoothing=0.050
D step=19/30 epoch=3/3 loss=0.2034 l2=0.2000 label_smoothing=0.050
D step=20/30 epoch=1/3 loss=0.2003 l2=0.2000 label_smoothing=0.050
D step=20/30 epoch=2/3 loss=0.1984 l2=0.2000 label_smoothing=0.050
D step=20/30 epoch=3/3 loss=0.1988 l2=0.2000 label_smoothing=0.050
D step=21/30 epoch=1/3 loss=0.1981 l2=0.2000 label_smoothing=0.050
D step=21/30 epoch=2/3 loss=0.1919 l2=0.2000 label_smoothing=0.050
D step=21/30 epoch=3/3 loss=0.1966 l2=0.2000 label_smoothing=0.050
D step=22/30 epoch=1/3 loss=0.1940 l2=0.2000 label_smoothing=0.050
D step=22/30 epoch=2/3 loss=0.1923 l2=0.2000 label_smoothing=0.050
D step=22/30 epoch=3/3 loss=0.1904 l2=0.2000 label_smoothing=0.050
D step=23/30 epoch=1/3 loss=0.1964 l2=0.2000 label_smoothing=0.050
D step=23/30 epoch=2/3 loss=0.1940 l2=0.2000 label_smoothing=0.050
D step=23/30 epoch=3/3 loss=0.1904 l2=0.2000 label_smoothing=0.050
D step=24/30 epoch=1/3 loss=0.1895 l2=0.2000 label_smoothing=0.050
D step=24/30 epoch=2/3 loss=0.1908 l2=0.2000 label_smoothing=0.050
D step=24/30 epoch=3/3 loss=0.1903 l2=0.2000 label_smoothing=0.050
D step=25/30 epoch=1/3 loss=0.1901 l2=0.2000 label_smoothing=0.050
D step=25/30 epoch=2/3 loss=0.1906 l2=0.2000 label_smoothing=0.050
D step=25/30 epoch=3/3 loss=0.1897 l2=0.2000 label_smoothing=0.050
D step=26/30 epoch=1/3 loss=0.1866 l2=0.2000 label_smoothing=0.050
D step=26/30 epoch=2/3 loss=0.1859 l2=0.2000 label_smoothing=0.050
D step=26/30 epoch=3/3 loss=0.1877 l2=0.2000 label_smoothing=0.050
D step=27/30 epoch=1/3 loss=0.1879 l2=0.2000 label_smoothing=0.050
D step=27/30 epoch=2/3 loss=0.1874 l2=0.2000 label_smoothing=0.050
D step=27/30 epoch=3/3 loss=0.1892 l2=0.2000 label_smoothing=0.050
D step=28/30 epoch=1/3 loss=0.1873 l2=0.2000 label_smoothing=0.050
D step=28/30 epoch=2/3 loss=0.1879 l2=0.2000 label_smoothing=0.050
D step=28/30 epoch=3/3 loss=0.1846 l2=0.2000 label_smoothing=0.050
D step=29/30 epoch=1/3 loss=0.1884 l2=0.2000 label_smoothing=0.050
D step=29/30 epoch=2/3 loss=0.1870 l2=0.2000 label_smoothing=0.050
D step=29/30 epoch=3/3 loss=0.1853 l2=0.2000 label_smoothing=0.050
D step=30/30 epoch=1/3 loss=0.1867 l2=0.2000 label_smoothing=0.050
D step=30/30 epoch=2/3 loss=0.1844 l2=0.2000 label_smoothing=0.050
D step=30/30 epoch=3/3 loss=0.1842 l2=0.2000 label_smoothing=0.050

[3/3] adversarial
generator_reward_mode=off reward_alpha=1.000 d_steps=5 d_epochs=3
D step=1/5 epoch=1/3 loss=0.1846 l2=0.2000 label_smoothing=0.050
D step=1/5 epoch=2/3 loss=0.1828 l2=0.2000 label_smoothing=0.050
D step=1/5 epoch=3/3 loss=0.1798 l2=0.2000 label_smoothing=0.050
D step=2/5 epoch=1/3 loss=0.1854 l2=0.2000 label_smoothing=0.050
D step=2/5 epoch=2/3 loss=0.1824 l2=0.2000 label_smoothing=0.050
D step=2/5 epoch=3/3 loss=0.1831 l2=0.2000 label_smoothing=0.050
D step=3/5 epoch=1/3 loss=0.1812 l2=0.2000 label_smoothing=0.050
D step=3/5 epoch=2/3 loss=0.1789 l2=0.2000 label_smoothing=0.050
D step=3/5 epoch=3/3 loss=0.1781 l2=0.2000 label_smoothing=0.050
D step=4/5 epoch=1/3 loss=0.1777 l2=0.2000 label_smoothing=0.050
D step=4/5 epoch=2/3 loss=0.1758 l2=0.2000 label_smoothing=0.050
D step=4/5 epoch=3/3 loss=0.1765 l2=0.2000 label_smoothing=0.050
D step=5/5 epoch=1/3 loss=0.1769 l2=0.2000 label_smoothing=0.050
D step=5/5 epoch=2/3 loss=0.1750 l2=0.2000 label_smoothing=0.050
D step=5/5 epoch=3/3 loss=0.1752 l2=0.2000 label_smoothing=0.050
ADV epoch=1/60 g_loss=0.0497 d_loss=0.1796 reward=0.0256 reward_var=0.0001 unique=1.0000
D step=1/5 epoch=1/3 loss=0.1754 l2=0.2000 label_smoothing=0.050
D step=1/5 epoch=2/3 loss=0.1737 l2=0.2000 label_smoothing=0.050
D step=1/5 epoch=3/3 loss=0.1745 l2=0.2000 label_smoothing=0.050
D step=2/5 epoch=1/3 loss=0.1738 l2=0.2000 label_smoothing=0.050
D step=2/5 epoch=2/3 loss=0.1750 l2=0.2000 label_smoothing=0.050
D step=2/5 epoch=3/3 loss=0.1708 l2=0.2000 label_smoothing=0.050
D step=3/5 epoch=1/3 loss=0.1735 l2=0.2000 label_smoothing=0.050
D step=3/5 epoch=2/3 loss=0.1727 l2=0.2000 label_smoothing=0.050
D step=3/5 epoch=3/3 loss=0.1699 l2=0.2000 label_smoothing=0.050
D step=4/5 epoch=1/3 loss=0.1712 l2=0.2000 label_smoothing=0.050
D step=4/5 epoch=2/3 loss=0.1710 l2=0.2000 label_smoothing=0.050
D step=4/5 epoch=3/3 loss=0.1697 l2=0.2000 label_smoothing=0.050
D step=5/5 epoch=1/3 loss=0.1706 l2=0.2000 label_smoothing=0.050
D step=5/5 epoch=2/3 loss=0.1698 l2=0.2000 label_smoothing=0.050
D step=5/5 epoch=3/3 loss=0.1683 l2=0.2000 label_smoothing=0.050
ADV epoch=2/60 g_loss=0.0467 d_loss=0.1720 reward=0.0261 reward_var=0.0001 unique=0.9600
D step=1/5 epoch=1/3 loss=0.1681 l2=0.2000 label_smoothing=0.050
D step=1/5 epoch=2/3 loss=0.1694 l2=0.2000 label_smoothing=0.050
D step=1/5 epoch=3/3 loss=0.1664 l2=0.2000 label_smoothing=0.050
D step=2/5 epoch=1/3 loss=0.1684 l2=0.2000 label_smoothing=0.050
D step=2/5 epoch=2/3 loss=0.1659 l2=0.2000 label_smoothing=0.050
D step=2/5 epoch=3/3 loss=0.1657 l2=0.2000 label_smoothing=0.050
D step=3/5 epoch=1/3 loss=0.1667 l2=0.2000 label_smoothing=0.050
D step=3/5 epoch=2/3 loss=0.1636 l2=0.2000 label_smoothing=0.050
D step=3/5 epoch=3/3 loss=0.1650 l2=0.2000 label_smoothing=0.050
D step=4/5 epoch=1/3 loss=0.1649 l2=0.2000 label_smoothing=0.050
D step=4/5 epoch=2/3 loss=0.1637 l2=0.2000 label_smoothing=0.050
D step=4/5 epoch=3/3 loss=0.1631 l2=0.2000 label_smoothing=0.050
D step=5/5 epoch=1/3 loss=0.1634 l2=0.2000 label_smoothing=0.050
D step=5/5 epoch=2/3 loss=0.1627 l2=0.2000 label_smoothing=0.050
D step=5/5 epoch=3/3 loss=0.1616 l2=0.2000 label_smoothing=0.050
ADV epoch=3/60 g_loss=0.0413 d_loss=0.1652 reward=0.0256 reward_var=0.0001 unique=0.9600
saved 500 raw samples to /content/drive/MyDrive/GAN/GAN_SQLi_Colab/results_seqgan_phase2b_phase3/phase3/seqgan_improved/boolean/D/R200/V4/generated_payloads.csv
