{
  "metric_schema_version": "quality-metrics-v3",
  "normalization_version": "nfkc_html_percent1_casefold_ws_quotes_v1",
  "seed": 88,
  "method": "gan",
  "family": "time",
  "scenario": "A",
  "ratio": "100",
  "generation_kind": "retrieval",
  "schema_valid": true,
  "stop_reason": "n/a",
  "n_generated": 500,
  "unique_rate": 0.014,
  "normalized_unique_rate": 0.014,
  "duplicate_rate": 0.986,
  "model_collapse_rate": 0.986,
  "dominant_payload_share": 0.442,
  "normalized_dominant_payload_share": 0.442,
  "sql_parse_rate": 1.0,
  "sql_structure_rate": 1.0,
  "family_motif_coverage": 0.4,
  "family_motif_hit_rate": 1.0,
  "garbage_rate": 0.0,
  "wellformed_rate": 1.0,
  "shaped_rate": 1.0,
  "family_motif_coverage_by_family": {
    "time": 0.4
  },
  "family_motif_hit_rate_by_family": {
    "time": 1.0
  },
  "inferred_family_distribution": {
    "boolean": 0.0,
    "union": 0.0,
    "time": 1.0,
    "error": 0.0,
    "other": 0.0
  },
  "train_reference_count": 156,
  "holdout_reference_count": 296,
  "exact_input_overlap": 1.0,
  "normalized_input_overlap": 1.0,
  "holdout_overlap": 0.0,
  "normalized_holdout_overlap": 0.0,
  "nearest_input_similarity_mean": 1.0,
  "nearest_input_similarity_median": 1.0,
  "nearest_input_similarity_p90": 1.0,
  "nearest_char3_jaccard_mean": 1.0,
  "nearest_char3_jaccard_median": 1.0,
  "nearest_char3_jaccard_p90": 1.0,
  "nearest_token_jaccard_mean": 1.0,
  "nearest_token_jaccard_median": 1.0,
  "nearest_token_jaccard_p90": 1.0,
  "nearest_edit_similarity_mean": 1.0,
  "nearest_edit_similarity_median": 1.0,
  "nearest_edit_similarity_p90": 1.0,
  "nearest_feature_cosine_mean": 1.0000000000000002,
  "nearest_feature_cosine_median": 1.0,
  "nearest_feature_cosine_p90": 1.0000000000000002,
  "nearest_input_distance_mean": 0.0,
  "nearest_input_distance_median": 0.0,
  "nearest_input_distance_p90": 0.0,
  "mean_nearest_similarity": 1.0,
  "median_nearest_similarity": 1.0,
  "p90_nearest_similarity": 1.0,
  "unique_nearest_payload_rate": 0.014,
  "dominant_retrieved_payload_share": 0.442,
  "nearest_reference_count": 156,
  "distinct_1": 0.004205214465937763,
  "distinct_2": 0.007989146819415134,
  "distinct_3": 0.009944571242256277,
  "lexical_diversity": 0.004205214465937763,
  "character_diversity": 0.8039797944240744,
  "token_diversity": 0.838673685283247,
  "keyword_diversity": 0.7620729635880096,
  "operator_diversity": 0.0,
  "function_diversity": 0.5279235899635005,
  "comment_style_diversity": 0.6666666666666666,
  "length_zone_diversity": 0.4,
  "self_bleu": 1.0,
  "self_bleu_char": 1.0,
  "requested_count": 500,
  "generated_count_fraction": 1.0
}
