
[1/3] pretrain G
G epoch=1/120 loss=4.5898
G epoch=2/120 loss=4.4156
G epoch=3/120 loss=4.2140
G epoch=4/120 loss=3.9765
G epoch=5/120 loss=3.7098
G epoch=6/120 loss=3.4317
G epoch=7/120 loss=3.1738
G epoch=8/120 loss=2.9705
G epoch=9/120 loss=2.8366
G epoch=10/120 loss=2.7489
G epoch=11/120 loss=2.6817
G epoch=12/120 loss=2.6219
G epoch=13/120 loss=2.5630
G epoch=14/120 loss=2.5074
G epoch=15/120 loss=2.4571
G epoch=16/120 loss=2.4106
G epoch=17/120 loss=2.3644
G epoch=18/120 loss=2.3166
G epoch=19/120 loss=2.2669
G epoch=20/120 loss=2.2154
G epoch=21/120 loss=2.1628
G epoch=22/120 loss=2.1137
G epoch=23/120 loss=2.0719
G epoch=24/120 loss=2.0316
G epoch=25/120 loss=1.9917
G epoch=26/120 loss=1.9529
G epoch=27/120 loss=1.9151
G epoch=28/120 loss=1.8786
G epoch=29/120 loss=1.8434
G epoch=30/120 loss=1.8088
G epoch=31/120 loss=1.7742
G epoch=32/120 loss=1.7404
G epoch=33/120 loss=1.7085
G epoch=34/120 loss=1.6779
G epoch=35/120 loss=1.6482
G epoch=36/120 loss=1.6194
G epoch=37/120 loss=1.5922
G epoch=38/120 loss=1.5662
G epoch=39/120 loss=1.5402
G epoch=40/120 loss=1.5146
G epoch=41/120 loss=1.4899
G epoch=42/120 loss=1.4654
G epoch=43/120 loss=1.4407
G epoch=44/120 loss=1.4171
G epoch=45/120 loss=1.3943
G epoch=46/120 loss=1.3723
G epoch=47/120 loss=1.3517
G epoch=48/120 loss=1.3297
G epoch=49/120 loss=1.3092
G epoch=50/120 loss=1.2873
G epoch=51/120 loss=1.2697
G epoch=52/120 loss=1.2489
G epoch=53/120 loss=1.2304
G epoch=54/120 loss=1.2114
G epoch=55/120 loss=1.1935
G epoch=56/120 loss=1.1742
G epoch=57/120 loss=1.1566
G epoch=58/120 loss=1.1386
G epoch=59/120 loss=1.1203
G epoch=60/120 loss=1.1031
G epoch=61/120 loss=1.0864
G epoch=62/120 loss=1.0690
G epoch=63/120 loss=1.0526
G epoch=64/120 loss=1.0354
G epoch=65/120 loss=1.0191
G epoch=66/120 loss=1.0045
G epoch=67/120 loss=0.9887
G epoch=68/120 loss=0.9731
G epoch=69/120 loss=0.9591
G epoch=70/120 loss=0.9440
G epoch=71/120 loss=0.9294
G epoch=72/120 loss=0.9162
G epoch=73/120 loss=0.9035
G epoch=74/120 loss=0.8917
G epoch=75/120 loss=0.8782
G epoch=76/120 loss=0.8664
G epoch=77/120 loss=0.8592
G epoch=78/120 loss=0.8462
G epoch=79/120 loss=0.8338
G epoch=80/120 loss=0.8225
G epoch=81/120 loss=0.8105
G epoch=82/120 loss=0.7992
G epoch=83/120 loss=0.7893
G epoch=84/120 loss=0.7795
G epoch=85/120 loss=0.7689
G epoch=86/120 loss=0.7598
G epoch=87/120 loss=0.7500
G epoch=88/120 loss=0.7403
G epoch=89/120 loss=0.7313
G epoch=90/120 loss=0.7221
G epoch=91/120 loss=0.7131
G epoch=92/120 loss=0.7046
G epoch=93/120 loss=0.6963
G epoch=94/120 loss=0.6884
G epoch=95/120 loss=0.6793
G epoch=96/120 loss=0.6709
G epoch=97/120 loss=0.6625
G epoch=98/120 loss=0.6549
G epoch=99/120 loss=0.6478
G epoch=100/120 loss=0.6405
G epoch=101/120 loss=0.6347
G epoch=102/120 loss=0.6257
G epoch=103/120 loss=0.6188
G epoch=104/120 loss=0.6118
G epoch=105/120 loss=0.6063
G epoch=106/120 loss=0.6012
G epoch=107/120 loss=0.5914
G epoch=108/120 loss=0.5853
G epoch=109/120 loss=0.5798
G epoch=110/120 loss=0.5752
G epoch=111/120 loss=0.5687
G epoch=112/120 loss=0.5617
G epoch=113/120 loss=0.5550
G epoch=114/120 loss=0.5520
G epoch=115/120 loss=0.5453
G epoch=116/120 loss=0.5397
G epoch=117/120 loss=0.5337
G epoch=118/120 loss=0.5307
G epoch=119/120 loss=0.5260
G epoch=120/120 loss=0.5207

[2/3] pretrain D

[3/3] adversarial
generator_reward_mode=off reward_alpha=1.000 d_steps=5 d_epochs=3
ADV epoch=1/200 g_loss=0.5101 d_loss=0.0000 reward=0.5171 reward_var=0.0006 unique=1.0000
ADV epoch=2/200 g_loss=0.4610 d_loss=0.0000 reward=0.5150 reward_var=0.0005 unique=1.0000
ADV epoch=3/200 g_loss=0.5388 d_loss=0.0000 reward=0.5182 reward_var=0.0005 unique=1.0000
ADV epoch=4/200 g_loss=0.5643 d_loss=0.0000 reward=0.5184 reward_var=0.0005 unique=1.0000
ADV epoch=5/200 g_loss=0.5803 d_loss=0.0000 reward=0.5194 reward_var=0.0006 unique=1.0000
ADV epoch=6/200 g_loss=0.6299 d_loss=0.0000 reward=0.5202 reward_var=0.0004 unique=1.0000
ADV epoch=7/200 g_loss=0.6806 d_loss=0.0000 reward=0.5243 reward_var=0.0005 unique=1.0000
ADV epoch=8/200 g_loss=0.6338 d_loss=0.0000 reward=0.5205 reward_var=0.0005 unique=1.0000
ADV epoch=9/200 g_loss=0.6650 d_loss=0.0000 reward=0.5242 reward_var=0.0005 unique=1.0000
ADV epoch=10/200 g_loss=0.6573 d_loss=0.0000 reward=0.5240 reward_var=0.0004 unique=1.0000
ADV epoch=11/200 g_loss=0.6142 d_loss=0.0000 reward=0.5195 reward_var=0.0003 unique=1.0000
ADV epoch=12/200 g_loss=0.6375 d_loss=0.0000 reward=0.5205 reward_var=0.0004 unique=1.0000
ADV epoch=13/200 g_loss=0.6349 d_loss=0.0000 reward=0.5230 reward_var=0.0004 unique=1.0000
ADV epoch=14/200 g_loss=0.6176 d_loss=0.0000 reward=0.5215 reward_var=0.0005 unique=1.0000
ADV epoch=15/200 g_loss=0.5892 d_loss=0.0000 reward=0.5230 reward_var=0.0004 unique=1.0000
ADV epoch=16/200 g_loss=0.6205 d_loss=0.0000 reward=0.5212 reward_var=0.0004 unique=1.0000
ADV epoch=17/200 g_loss=0.6287 d_loss=0.0000 reward=0.5250 reward_var=0.0004 unique=1.0000
ADV epoch=18/200 g_loss=0.5666 d_loss=0.0000 reward=0.5243 reward_var=0.0004 unique=1.0000
ADV epoch=19/200 g_loss=0.5710 d_loss=0.0000 reward=0.5232 reward_var=0.0005 unique=1.0000
ADV epoch=20/200 g_loss=0.5577 d_loss=0.0000 reward=0.5256 reward_var=0.0003 unique=1.0000
ADV epoch=21/200 g_loss=0.5101 d_loss=0.0000 reward=0.5239 reward_var=0.0004 unique=1.0000
ADV epoch=22/200 g_loss=0.4758 d_loss=0.0000 reward=0.5253 reward_var=0.0003 unique=1.0000
ADV epoch=23/200 g_loss=0.4977 d_loss=0.0000 reward=0.5209 reward_var=0.0004 unique=1.0000
ADV epoch=24/200 g_loss=0.4392 d_loss=0.0000 reward=0.5207 reward_var=0.0004 unique=1.0000
ADV epoch=25/200 g_loss=0.4152 d_loss=0.0000 reward=0.5206 reward_var=0.0004 unique=1.0000
ADV epoch=26/200 g_loss=0.4191 d_loss=0.0000 reward=0.5180 reward_var=0.0004 unique=1.0000
ADV epoch=27/200 g_loss=0.3902 d_loss=0.0000 reward=0.5183 reward_var=0.0004 unique=1.0000
ADV epoch=28/200 g_loss=0.3480 d_loss=0.0000 reward=0.5144 reward_var=0.0003 unique=1.0000
ADV epoch=29/200 g_loss=0.3692 d_loss=0.0000 reward=0.5141 reward_var=0.0002 unique=0.9600
ADV epoch=30/200 g_loss=0.3741 d_loss=0.0000 reward=0.5151 reward_var=0.0003 unique=1.0000
ADV epoch=31/200 g_loss=0.3678 d_loss=0.0000 reward=0.5141 reward_var=0.0003 unique=0.9800
ADV epoch=32/200 g_loss=0.3341 d_loss=0.0000 reward=0.5121 reward_var=0.0003 unique=1.0000
ADV epoch=33/200 g_loss=0.3216 d_loss=0.0000 reward=0.5137 reward_var=0.0003 unique=1.0000
ADV epoch=34/200 g_loss=0.3147 d_loss=0.0000 reward=0.5083 reward_var=0.0003 unique=1.0000
ADV epoch=35/200 g_loss=0.3007 d_loss=0.0000 reward=0.5120 reward_var=0.0004 unique=1.0000
ADV epoch=36/200 g_loss=0.3393 d_loss=0.0000 reward=0.5134 reward_var=0.0003 unique=0.9600
ADV epoch=37/200 g_loss=0.3274 d_loss=0.0000 reward=0.5128 reward_var=0.0003 unique=0.9400
ADV epoch=38/200 g_loss=0.3433 d_loss=0.0000 reward=0.5095 reward_var=0.0003 unique=1.0000
ADV epoch=39/200 g_loss=0.3302 d_loss=0.0000 reward=0.5133 reward_var=0.0004 unique=1.0000
ADV epoch=40/200 g_loss=0.3447 d_loss=0.0000 reward=0.5127 reward_var=0.0003 unique=1.0000
ADV epoch=41/200 g_loss=0.3510 d_loss=0.0000 reward=0.5125 reward_var=0.0003 unique=0.9800
ADV epoch=42/200 g_loss=0.3414 d_loss=0.0000 reward=0.5169 reward_var=0.0005 unique=1.0000
ADV epoch=43/200 g_loss=0.3786 d_loss=0.0000 reward=0.5155 reward_var=0.0003 unique=0.9800
ADV epoch=44/200 g_loss=0.4127 d_loss=0.0000 reward=0.5173 reward_var=0.0004 unique=1.0000
ADV epoch=45/200 g_loss=0.3695 d_loss=0.0000 reward=0.5184 reward_var=0.0003 unique=1.0000
ADV epoch=46/200 g_loss=0.3809 d_loss=0.0000 reward=0.5196 reward_var=0.0003 unique=1.0000
ADV epoch=47/200 g_loss=0.4153 d_loss=0.0000 reward=0.5209 reward_var=0.0004 unique=1.0000
ADV epoch=48/200 g_loss=0.4112 d_loss=0.0000 reward=0.5219 reward_var=0.0004 unique=1.0000
ADV epoch=49/200 g_loss=0.4092 d_loss=0.0000 reward=0.5242 reward_var=0.0004 unique=1.0000
ADV epoch=50/200 g_loss=0.4418 d_loss=0.0000 reward=0.5243 reward_var=0.0004 unique=1.0000
ADV epoch=51/200 g_loss=0.4142 d_loss=0.0000 reward=0.5256 reward_var=0.0004 unique=1.0000
ADV epoch=52/200 g_loss=0.4306 d_loss=0.0000 reward=0.5242 reward_var=0.0004 unique=1.0000
ADV epoch=53/200 g_loss=0.4548 d_loss=0.0000 reward=0.5275 reward_var=0.0004 unique=1.0000
ADV epoch=54/200 g_loss=0.4297 d_loss=0.0000 reward=0.5290 reward_var=0.0004 unique=1.0000
ADV epoch=55/200 g_loss=0.4340 d_loss=0.0000 reward=0.5318 reward_var=0.0003 unique=1.0000
ADV epoch=56/200 g_loss=0.4479 d_loss=0.0000 reward=0.5322 reward_var=0.0004 unique=1.0000
ADV epoch=57/200 g_loss=0.4713 d_loss=0.0000 reward=0.5298 reward_var=0.0005 unique=0.9800
ADV epoch=58/200 g_loss=0.4815 d_loss=0.0000 reward=0.5324 reward_var=0.0003 unique=1.0000
ADV epoch=59/200 g_loss=0.4654 d_loss=0.0000 reward=0.5304 reward_var=0.0004 unique=1.0000
ADV epoch=60/200 g_loss=0.4713 d_loss=0.0000 reward=0.5303 reward_var=0.0003 unique=1.0000
ADV epoch=61/200 g_loss=0.4664 d_loss=0.0000 reward=0.5328 reward_var=0.0004 unique=1.0000
ADV epoch=62/200 g_loss=0.4622 d_loss=0.0000 reward=0.5348 reward_var=0.0004 unique=1.0000
ADV epoch=63/200 g_loss=0.4602 d_loss=0.0000 reward=0.5343 reward_var=0.0003 unique=1.0000
ADV epoch=64/200 g_loss=0.4919 d_loss=0.0000 reward=0.5334 reward_var=0.0003 unique=1.0000
ADV epoch=65/200 g_loss=0.4599 d_loss=0.0000 reward=0.5345 reward_var=0.0003 unique=1.0000
ADV epoch=66/200 g_loss=0.4900 d_loss=0.0000 reward=0.5357 reward_var=0.0004 unique=1.0000
ADV epoch=67/200 g_loss=0.4882 d_loss=0.0000 reward=0.5404 reward_var=0.0004 unique=1.0000
ADV epoch=68/200 g_loss=0.4707 d_loss=0.0000 reward=0.5349 reward_var=0.0003 unique=1.0000
ADV epoch=69/200 g_loss=0.4710 d_loss=0.0000 reward=0.5380 reward_var=0.0004 unique=1.0000
ADV epoch=70/200 g_loss=0.4587 d_loss=0.0000 reward=0.5362 reward_var=0.0003 unique=1.0000
ADV epoch=71/200 g_loss=0.4643 d_loss=0.0000 reward=0.5395 reward_var=0.0002 unique=1.0000
ADV epoch=72/200 g_loss=0.5184 d_loss=0.0000 reward=0.5391 reward_var=0.0004 unique=1.0000
ADV epoch=73/200 g_loss=0.4921 d_loss=0.0000 reward=0.5421 reward_var=0.0003 unique=1.0000
ADV epoch=74/200 g_loss=0.5012 d_loss=0.0000 reward=0.5426 reward_var=0.0003 unique=0.9800
ADV epoch=75/200 g_loss=0.4947 d_loss=0.0000 reward=0.5419 reward_var=0.0003 unique=1.0000
ADV epoch=76/200 g_loss=0.4904 d_loss=0.0000 reward=0.5432 reward_var=0.0004 unique=1.0000
ADV epoch=77/200 g_loss=0.4669 d_loss=0.0000 reward=0.5431 reward_var=0.0003 unique=1.0000
ADV epoch=78/200 g_loss=0.4283 d_loss=0.0000 reward=0.5453 reward_var=0.0003 unique=1.0000
ADV epoch=79/200 g_loss=0.4625 d_loss=0.0000 reward=0.5438 reward_var=0.0003 unique=0.9800
ADV epoch=80/200 g_loss=0.4867 d_loss=0.0000 reward=0.5429 reward_var=0.0003 unique=1.0000
ADV epoch=81/200 g_loss=0.4845 d_loss=0.0000 reward=0.5470 reward_var=0.0004 unique=1.0000
ADV epoch=82/200 g_loss=0.4767 d_loss=0.0000 reward=0.5502 reward_var=0.0003 unique=1.0000
ADV epoch=83/200 g_loss=0.5071 d_loss=0.0000 reward=0.5502 reward_var=0.0003 unique=1.0000
ADV epoch=84/200 g_loss=0.5400 d_loss=0.0000 reward=0.5537 reward_var=0.0004 unique=1.0000
ADV epoch=85/200 g_loss=0.5700 d_loss=0.0000 reward=0.5580 reward_var=0.0003 unique=1.0000
ADV epoch=86/200 g_loss=0.5572 d_loss=0.0000 reward=0.5609 reward_var=0.0004 unique=1.0000
ADV epoch=87/200 g_loss=0.5107 d_loss=0.0000 reward=0.5673 reward_var=0.0003 unique=1.0000
ADV epoch=88/200 g_loss=0.5257 d_loss=0.0000 reward=0.5682 reward_var=0.0003 unique=1.0000
ADV epoch=89/200 g_loss=0.4842 d_loss=0.0000 reward=0.5699 reward_var=0.0003 unique=1.0000
ADV epoch=90/200 g_loss=0.5185 d_loss=0.0000 reward=0.5744 reward_var=0.0002 unique=0.9400
ADV epoch=91/200 g_loss=0.5118 d_loss=0.0000 reward=0.5721 reward_var=0.0002 unique=1.0000
ADV epoch=92/200 g_loss=0.4239 d_loss=0.0000 reward=0.5742 reward_var=0.0002 unique=1.0000
ADV epoch=93/200 g_loss=0.4488 d_loss=0.0000 reward=0.5780 reward_var=0.0003 unique=1.0000
ADV epoch=94/200 g_loss=0.5029 d_loss=0.0000 reward=0.5740 reward_var=0.0003 unique=0.9800
ADV epoch=95/200 g_loss=0.4790 d_loss=0.0000 reward=0.5762 reward_var=0.0003 unique=1.0000
ADV epoch=96/200 g_loss=0.5489 d_loss=0.0000 reward=0.5785 reward_var=0.0002 unique=1.0000
ADV epoch=97/200 g_loss=0.5053 d_loss=0.0000 reward=0.5781 reward_var=0.0003 unique=1.0000
ADV epoch=98/200 g_loss=0.5686 d_loss=0.0000 reward=0.5787 reward_var=0.0002 unique=1.0000
ADV epoch=99/200 g_loss=0.5409 d_loss=0.0000 reward=0.5776 reward_var=0.0002 unique=1.0000
ADV epoch=100/200 g_loss=0.5360 d_loss=0.0000 reward=0.5752 reward_var=0.0003 unique=1.0000
ADV epoch=101/200 g_loss=0.5449 d_loss=0.0000 reward=0.5766 reward_var=0.0003 unique=1.0000
ADV epoch=102/200 g_loss=0.5544 d_loss=0.0000 reward=0.5755 reward_var=0.0002 unique=1.0000
ADV epoch=103/200 g_loss=0.5092 d_loss=0.0000 reward=0.5742 reward_var=0.0002 unique=0.9800
ADV epoch=104/200 g_loss=0.5435 d_loss=0.0000 reward=0.5744 reward_var=0.0003 unique=1.0000
ADV epoch=105/200 g_loss=0.5086 d_loss=0.0000 reward=0.5749 reward_var=0.0002 unique=0.9800
ADV epoch=106/200 g_loss=0.5000 d_loss=0.0000 reward=0.5787 reward_var=0.0002 unique=1.0000
ADV epoch=107/200 g_loss=0.4509 d_loss=0.0000 reward=0.5763 reward_var=0.0002 unique=1.0000
ADV epoch=108/200 g_loss=0.4339 d_loss=0.0000 reward=0.5750 reward_var=0.0002 unique=1.0000
ADV epoch=109/200 g_loss=0.4789 d_loss=0.0000 reward=0.5779 reward_var=0.0003 unique=1.0000
ADV epoch=110/200 g_loss=0.4323 d_loss=0.0000 reward=0.5758 reward_var=0.0001 unique=1.0000
ADV epoch=111/200 g_loss=0.4057 d_loss=0.0000 reward=0.5745 reward_var=0.0002 unique=1.0000
ADV epoch=112/200 g_loss=0.4881 d_loss=0.0000 reward=0.5737 reward_var=0.0002 unique=1.0000
ADV epoch=113/200 g_loss=0.4670 d_loss=0.0000 reward=0.5714 reward_var=0.0002 unique=1.0000
ADV epoch=114/200 g_loss=0.4210 d_loss=0.0000 reward=0.5732 reward_var=0.0002 unique=1.0000
ADV epoch=115/200 g_loss=0.4334 d_loss=0.0000 reward=0.5681 reward_var=0.0002 unique=1.0000
ADV epoch=116/200 g_loss=0.4315 d_loss=0.0000 reward=0.5726 reward_var=0.0002 unique=1.0000
ADV epoch=117/200 g_loss=0.4252 d_loss=0.0000 reward=0.5693 reward_var=0.0002 unique=1.0000
ADV epoch=118/200 g_loss=0.4359 d_loss=0.0000 reward=0.5714 reward_var=0.0002 unique=1.0000
ADV epoch=119/200 g_loss=0.4388 d_loss=0.0000 reward=0.5706 reward_var=0.0002 unique=1.0000
ADV epoch=120/200 g_loss=0.4202 d_loss=0.0000 reward=0.5691 reward_var=0.0003 unique=0.9800
ADV epoch=121/200 g_loss=0.4330 d_loss=0.0000 reward=0.5713 reward_var=0.0003 unique=1.0000
ADV epoch=122/200 g_loss=0.4197 d_loss=0.0000 reward=0.5651 reward_var=0.0002 unique=1.0000
ADV epoch=123/200 g_loss=0.4020 d_loss=0.0000 reward=0.5678 reward_var=0.0002 unique=1.0000
ADV epoch=124/200 g_loss=0.4030 d_loss=0.0000 reward=0.5707 reward_var=0.0002 unique=1.0000
ADV epoch=125/200 g_loss=0.4272 d_loss=0.0000 reward=0.5717 reward_var=0.0003 unique=1.0000
ADV epoch=126/200 g_loss=0.3816 d_loss=0.0000 reward=0.5711 reward_var=0.0002 unique=1.0000
ADV epoch=127/200 g_loss=0.4219 d_loss=0.0000 reward=0.5680 reward_var=0.0002 unique=1.0000
ADV epoch=128/200 g_loss=0.4194 d_loss=0.0000 reward=0.5721 reward_var=0.0002 unique=1.0000
ADV epoch=129/200 g_loss=0.4332 d_loss=0.0000 reward=0.5697 reward_var=0.0002 unique=1.0000
ADV epoch=130/200 g_loss=0.4590 d_loss=0.0000 reward=0.5716 reward_var=0.0002 unique=1.0000
ADV epoch=131/200 g_loss=0.4298 d_loss=0.0000 reward=0.5690 reward_var=0.0003 unique=1.0000
ADV epoch=132/200 g_loss=0.4226 d_loss=0.0000 reward=0.5710 reward_var=0.0003 unique=1.0000
ADV epoch=133/200 g_loss=0.4394 d_loss=0.0000 reward=0.5707 reward_var=0.0003 unique=0.9800
ADV epoch=134/200 g_loss=0.4390 d_loss=0.0000 reward=0.5707 reward_var=0.0002 unique=1.0000
ADV epoch=135/200 g_loss=0.4707 d_loss=0.0000 reward=0.5715 reward_var=0.0003 unique=1.0000
ADV epoch=136/200 g_loss=0.4835 d_loss=0.0000 reward=0.5719 reward_var=0.0003 unique=1.0000
ADV epoch=137/200 g_loss=0.4784 d_loss=0.0000 reward=0.5717 reward_var=0.0003 unique=1.0000
ADV epoch=138/200 g_loss=0.5012 d_loss=0.0000 reward=0.5722 reward_var=0.0003 unique=1.0000
ADV epoch=139/200 g_loss=0.4947 d_loss=0.0000 reward=0.5726 reward_var=0.0003 unique=0.9800
ADV epoch=140/200 g_loss=0.4669 d_loss=0.0000 reward=0.5707 reward_var=0.0003 unique=1.0000
ADV epoch=141/200 g_loss=0.5016 d_loss=0.0000 reward=0.5709 reward_var=0.0003 unique=0.9800
ADV epoch=142/200 g_loss=0.5002 d_loss=0.0000 reward=0.5726 reward_var=0.0002 unique=1.0000
ADV epoch=143/200 g_loss=0.4880 d_loss=0.0000 reward=0.5728 reward_var=0.0002 unique=1.0000
ADV epoch=144/200 g_loss=0.5176 d_loss=0.0000 reward=0.5750 reward_var=0.0003 unique=1.0000
ADV epoch=145/200 g_loss=0.4853 d_loss=0.0000 reward=0.5738 reward_var=0.0003 unique=1.0000
ADV epoch=146/200 g_loss=0.5090 d_loss=0.0000 reward=0.5713 reward_var=0.0003 unique=1.0000
ADV epoch=147/200 g_loss=0.4761 d_loss=0.0000 reward=0.5763 reward_var=0.0002 unique=1.0000
ADV epoch=148/200 g_loss=0.4882 d_loss=0.0000 reward=0.5706 reward_var=0.0002 unique=1.0000
ADV epoch=149/200 g_loss=0.4583 d_loss=0.0000 reward=0.5709 reward_var=0.0002 unique=1.0000
ADV epoch=150/200 g_loss=0.5188 d_loss=0.0000 reward=0.5745 reward_var=0.0003 unique=0.9800
ADV epoch=151/200 g_loss=0.4967 d_loss=0.0000 reward=0.5743 reward_var=0.0003 unique=1.0000
ADV epoch=152/200 g_loss=0.5277 d_loss=0.0000 reward=0.5746 reward_var=0.0003 unique=1.0000
ADV epoch=153/200 g_loss=0.4694 d_loss=0.0000 reward=0.5739 reward_var=0.0002 unique=1.0000
ADV epoch=154/200 g_loss=0.5017 d_loss=0.0000 reward=0.5764 reward_var=0.0003 unique=1.0000
ADV epoch=155/200 g_loss=0.4990 d_loss=0.0000 reward=0.5737 reward_var=0.0004 unique=1.0000
ADV epoch=156/200 g_loss=0.5198 d_loss=0.0000 reward=0.5755 reward_var=0.0003 unique=1.0000
ADV epoch=157/200 g_loss=0.5655 d_loss=0.0000 reward=0.5784 reward_var=0.0003 unique=1.0000
ADV epoch=158/200 g_loss=0.5316 d_loss=0.0000 reward=0.5746 reward_var=0.0004 unique=1.0000
ADV epoch=159/200 g_loss=0.5002 d_loss=0.0000 reward=0.5746 reward_var=0.0002 unique=1.0000
ADV epoch=160/200 g_loss=0.5391 d_loss=0.0000 reward=0.5741 reward_var=0.0003 unique=1.0000
ADV epoch=161/200 g_loss=0.5853 d_loss=0.0000 reward=0.5775 reward_var=0.0003 unique=1.0000
ADV epoch=162/200 g_loss=0.5189 d_loss=0.0000 reward=0.5775 reward_var=0.0004 unique=1.0000
ADV epoch=163/200 g_loss=0.5530 d_loss=0.0000 reward=0.5757 reward_var=0.0004 unique=1.0000
ADV epoch=164/200 g_loss=0.5719 d_loss=0.0000 reward=0.5777 reward_var=0.0003 unique=1.0000
ADV epoch=165/200 g_loss=0.5451 d_loss=0.0000 reward=0.5758 reward_var=0.0004 unique=1.0000
ADV epoch=166/200 g_loss=0.6392 d_loss=0.0000 reward=0.5788 reward_var=0.0003 unique=1.0000
ADV epoch=167/200 g_loss=0.5861 d_loss=0.0000 reward=0.5794 reward_var=0.0003 unique=1.0000
ADV epoch=168/200 g_loss=0.6221 d_loss=0.0000 reward=0.5766 reward_var=0.0003 unique=1.0000
ADV epoch=169/200 g_loss=0.6364 d_loss=0.0000 reward=0.5786 reward_var=0.0004 unique=1.0000
ADV epoch=170/200 g_loss=0.6371 d_loss=0.0000 reward=0.5799 reward_var=0.0003 unique=1.0000
ADV epoch=171/200 g_loss=0.6298 d_loss=0.0000 reward=0.5791 reward_var=0.0003 unique=1.0000
ADV epoch=172/200 g_loss=0.5988 d_loss=0.0000 reward=0.5839 reward_var=0.0004 unique=1.0000
ADV epoch=173/200 g_loss=0.6735 d_loss=0.0000 reward=0.5886 reward_var=0.0003 unique=1.0000
ADV epoch=174/200 g_loss=0.5702 d_loss=0.0000 reward=0.5860 reward_var=0.0004 unique=0.9800
ADV epoch=175/200 g_loss=0.5243 d_loss=0.0000 reward=0.5841 reward_var=0.0004 unique=1.0000
ADV epoch=176/200 g_loss=0.5113 d_loss=0.0000 reward=0.5840 reward_var=0.0004 unique=1.0000
ADV epoch=177/200 g_loss=0.4895 d_loss=0.0000 reward=0.5800 reward_var=0.0003 unique=0.9400
ADV epoch=178/200 g_loss=0.5037 d_loss=0.0000 reward=0.5781 reward_var=0.0003 unique=1.0000
ADV epoch=179/200 g_loss=0.4721 d_loss=0.0000 reward=0.5781 reward_var=0.0004 unique=0.9600
ADV epoch=180/200 g_loss=0.4986 d_loss=0.0000 reward=0.5762 reward_var=0.0003 unique=1.0000
ADV epoch=181/200 g_loss=0.5148 d_loss=0.0000 reward=0.5737 reward_var=0.0003 unique=0.9800
ADV epoch=182/200 g_loss=0.5145 d_loss=0.0000 reward=0.5749 reward_var=0.0003 unique=1.0000
ADV epoch=183/200 g_loss=0.5312 d_loss=0.0000 reward=0.5749 reward_var=0.0003 unique=1.0000
ADV epoch=184/200 g_loss=0.5858 d_loss=0.0000 reward=0.5750 reward_var=0.0003 unique=1.0000
ADV epoch=185/200 g_loss=0.5434 d_loss=0.0000 reward=0.5731 reward_var=0.0002 unique=1.0000
ADV epoch=186/200 g_loss=0.5974 d_loss=0.0000 reward=0.5736 reward_var=0.0004 unique=1.0000
ADV epoch=187/200 g_loss=0.5711 d_loss=0.0000 reward=0.5717 reward_var=0.0003 unique=1.0000
ADV epoch=188/200 g_loss=0.5825 d_loss=0.0000 reward=0.5695 reward_var=0.0003 unique=1.0000
ADV epoch=189/200 g_loss=0.5536 d_loss=0.0000 reward=0.5708 reward_var=0.0002 unique=1.0000
ADV epoch=190/200 g_loss=0.5731 d_loss=0.0000 reward=0.5665 reward_var=0.0002 unique=1.0000
ADV epoch=191/200 g_loss=0.5828 d_loss=0.0000 reward=0.5687 reward_var=0.0003 unique=1.0000
ADV epoch=192/200 g_loss=0.5643 d_loss=0.0000 reward=0.5663 reward_var=0.0002 unique=1.0000
ADV epoch=193/200 g_loss=0.5512 d_loss=0.0000 reward=0.5654 reward_var=0.0003 unique=1.0000
ADV epoch=194/200 g_loss=0.5718 d_loss=0.0000 reward=0.5679 reward_var=0.0003 unique=1.0000
ADV epoch=195/200 g_loss=0.5931 d_loss=0.0000 reward=0.5632 reward_var=0.0003 unique=1.0000
ADV epoch=196/200 g_loss=0.5934 d_loss=0.0000 reward=0.5650 reward_var=0.0003 unique=1.0000
ADV epoch=197/200 g_loss=0.5912 d_loss=0.0000 reward=0.5626 reward_var=0.0003 unique=1.0000
ADV epoch=198/200 g_loss=0.5983 d_loss=0.0000 reward=0.5625 reward_var=0.0002 unique=1.0000
ADV epoch=199/200 g_loss=0.5918 d_loss=0.0000 reward=0.5635 reward_var=0.0002 unique=1.0000
ADV epoch=200/200 g_loss=0.6210 d_loss=0.0000 reward=0.5664 reward_var=0.0003 unique=1.0000
saved 2000 raw samples to /content/drive/MyDrive/GAN_for_SQLi - 4/result/final/seqgan_master/boolean/D/R500/generated_payloads.csv
