{
  "metric_schema_version": "quality-metrics-v3",
  "normalization_version": "nfkc_html_percent1_casefold_ws_quotes_v1",
  "seed": 88,
  "method": "seqgan_improved",
  "family": "boolean",
  "scenario": "D",
  "ratio": "200",
  "generation_kind": "direct",
  "schema_valid": true,
  "stop_reason": "n/a",
  "n_generated": 498,
  "unique_rate": 0.9819277108433735,
  "normalized_unique_rate": 0.9819277108433735,
  "duplicate_rate": 0.01807228915662651,
  "model_collapse_rate": 0.01807228915662651,
  "dominant_payload_share": 0.014056224899598393,
  "normalized_dominant_payload_share": 0.014056224899598393,
  "sql_parse_rate": 1.0,
  "sql_structure_rate": 0.46184738955823296,
  "family_motif_coverage": 0.5,
  "family_motif_hit_rate": 0.3755020080321285,
  "garbage_rate": 0.5381526104417671,
  "wellformed_rate": 1.0,
  "shaped_rate": 0.46184738955823296,
  "family_motif_coverage_by_family": {
    "boolean": 0.5
  },
  "family_motif_hit_rate_by_family": {
    "boolean": 0.3755020080321285
  },
  "inferred_family_distribution": {
    "boolean": 0.3755020080321285,
    "union": 0.0,
    "time": 0.0,
    "error": 0.0,
    "other": 0.6244979919678715
  },
  "train_reference_count": 78,
  "holdout_reference_count": 917,
  "exact_input_overlap": 0.0,
  "normalized_input_overlap": 0.0,
  "holdout_overlap": 0.0,
  "normalized_holdout_overlap": 0.0,
  "nearest_input_similarity_mean": 0.08193420461563365,
  "nearest_input_similarity_median": 0.08441558441558442,
  "nearest_input_similarity_p90": 0.11546310832025118,
  "nearest_char3_jaccard_mean": 0.08193420461563365,
  "nearest_char3_jaccard_median": 0.08441558441558442,
  "nearest_char3_jaccard_p90": 0.11546310832025118,
  "nearest_token_jaccard_mean": 0.07764486394888902,
  "nearest_token_jaccard_median": 0.07142857142857142,
  "nearest_token_jaccard_p90": 0.18181818181818182,
  "nearest_edit_similarity_mean": 0.1966229186573093,
  "nearest_edit_similarity_median": 0.2068965517241379,
  "nearest_edit_similarity_p90": 0.2696638655462186,
  "nearest_feature_cosine_mean": 0.8729378650764903,
  "nearest_feature_cosine_median": 0.9348351329655544,
  "nearest_feature_cosine_p90": 0.9848137183395835,
  "nearest_input_distance_mean": 0.9180657953843663,
  "nearest_input_distance_median": 0.9155844155844156,
  "nearest_input_distance_p90": 0.9626388888888889,
  "mean_nearest_similarity": 0.08193420461563365,
  "median_nearest_similarity": 0.08441558441558442,
  "p90_nearest_similarity": 0.11546310832025118,
  "unique_nearest_payload_rate": 0.12650602409638553,
  "dominant_retrieved_payload_share": 0.11244979919678715,
  "nearest_reference_count": 78,
  "distinct_1": 0.2625274505889399,
  "distinct_2": 0.5633137337253254,
  "distinct_3": 0.7888864339372514,
  "lexical_diversity": 0.2625274505889399,
  "character_diversity": 0.7666956040727612,
  "token_diversity": 0.61870970387727,
  "keyword_diversity": 0.5649671243473267,
  "operator_diversity": 0.41253244428140795,
  "function_diversity": 0.9093625744451491,
  "comment_style_diversity": 0.6666666666666666,
  "length_zone_diversity": 0.8,
  "self_bleu": 0.7358625223219843,
  "self_bleu_char": 0.7358625223219843,
  "requested_count": 500,
  "generated_count_fraction": 0.996
}
