{
  "metric_schema_version": "quality-metrics-v3",
  "normalization_version": "nfkc_html_percent1_casefold_ws_quotes_v1",
  "seed": 88,
  "method": "seqgan_master",
  "family": "error",
  "scenario": "B",
  "ratio": "500",
  "generation_kind": "direct",
  "schema_valid": true,
  "stop_reason": "n/a",
  "n_generated": 500,
  "unique_rate": 1.0,
  "normalized_unique_rate": 1.0,
  "duplicate_rate": 0.0,
  "model_collapse_rate": 0.0,
  "dominant_payload_share": 0.002,
  "normalized_dominant_payload_share": 0.002,
  "sql_parse_rate": 1.0,
  "sql_structure_rate": 0.002,
  "family_motif_coverage": 0.0,
  "family_motif_hit_rate": 0.0,
  "garbage_rate": 0.998,
  "wellformed_rate": 1.0,
  "shaped_rate": 0.002,
  "family_motif_coverage_by_family": {
    "error": 0.0
  },
  "family_motif_hit_rate_by_family": {
    "error": 0.0
  },
  "inferred_family_distribution": {
    "boolean": 0.002,
    "union": 0.0,
    "time": 0.0,
    "error": 0.0,
    "other": 0.998
  },
  "train_reference_count": 31,
  "holdout_reference_count": 259,
  "exact_input_overlap": 0.0,
  "normalized_input_overlap": 0.0,
  "holdout_overlap": 0.0,
  "normalized_holdout_overlap": 0.0,
  "nearest_input_similarity_mean": 0.020723834391966935,
  "nearest_input_similarity_median": 0.021739130434782608,
  "nearest_input_similarity_p90": 0.0379746835443038,
  "nearest_char3_jaccard_mean": 0.020723834391966935,
  "nearest_char3_jaccard_median": 0.021739130434782608,
  "nearest_char3_jaccard_p90": 0.0379746835443038,
  "nearest_token_jaccard_mean": 0.029656151178206636,
  "nearest_token_jaccard_median": 0.0,
  "nearest_token_jaccard_p90": 0.07142857142857142,
  "nearest_edit_similarity_mean": 0.10493680585533227,
  "nearest_edit_similarity_median": 0.09999999999999998,
  "nearest_edit_similarity_p90": 0.13186813186813184,
  "nearest_feature_cosine_mean": 0.8997213663874413,
  "nearest_feature_cosine_median": 0.912241171453166,
  "nearest_feature_cosine_p90": 0.932978684107133,
  "nearest_input_distance_mean": 0.979276165608033,
  "nearest_input_distance_median": 0.9782608695652174,
  "nearest_input_distance_p90": 1.0,
  "mean_nearest_similarity": 0.020723834391966935,
  "median_nearest_similarity": 0.021739130434782608,
  "p90_nearest_similarity": 0.0379746835443038,
  "unique_nearest_payload_rate": 0.016,
  "dominant_retrieved_payload_share": 0.522,
  "nearest_reference_count": 31,
  "distinct_1": 0.5039439088518843,
  "distinct_2": 0.8386605783866058,
  "distinct_3": 0.9849397590361446,
  "lexical_diversity": 0.5039439088518843,
  "character_diversity": 0.6283945211063016,
  "token_diversity": 0.8224876563540269,
  "keyword_diversity": 0.8453509366224364,
  "operator_diversity": 0.41810162056119987,
  "function_diversity": 0.9689748963689402,
  "comment_style_diversity": 0.0,
  "length_zone_diversity": 0.2,
  "self_bleu": 0.9406989334147667,
  "self_bleu_char": 0.9406989334147667,
  "requested_count": 500,
  "generated_count_fraction": 1.0
}
