{
  "metric_schema_version": "quality-metrics-v3",
  "normalization_version": "nfkc_html_percent1_casefold_ws_quotes_v1",
  "seed": 88,
  "method": "seqgan_master",
  "family": "boolean",
  "scenario": "E",
  "ratio": "50",
  "generation_kind": "direct",
  "schema_valid": true,
  "stop_reason": "n/a",
  "n_generated": 200,
  "unique_rate": 1.0,
  "normalized_unique_rate": 1.0,
  "duplicate_rate": 0.0,
  "model_collapse_rate": 0.0,
  "dominant_payload_share": 0.005,
  "normalized_dominant_payload_share": 0.005,
  "sql_parse_rate": 1.0,
  "sql_structure_rate": 0.13,
  "family_motif_coverage": 0.25,
  "family_motif_hit_rate": 0.035,
  "garbage_rate": 0.87,
  "wellformed_rate": 1.0,
  "shaped_rate": 0.13,
  "family_motif_coverage_by_family": {
    "boolean": 0.25
  },
  "family_motif_hit_rate_by_family": {
    "boolean": 0.035
  },
  "inferred_family_distribution": {
    "boolean": 0.035,
    "union": 0.0,
    "time": 0.0,
    "error": 0.0,
    "other": 0.965
  },
  "train_reference_count": 312,
  "holdout_reference_count": 917,
  "exact_input_overlap": 0.0,
  "normalized_input_overlap": 0.0,
  "holdout_overlap": 0.0,
  "normalized_holdout_overlap": 0.0,
  "nearest_input_similarity_mean": 0.11731305475370082,
  "nearest_input_similarity_median": 0.1111111111111111,
  "nearest_input_similarity_p90": 0.2,
  "nearest_char3_jaccard_mean": 0.11731305475370082,
  "nearest_char3_jaccard_median": 0.1111111111111111,
  "nearest_char3_jaccard_p90": 0.2,
  "nearest_token_jaccard_mean": 0.19337842236882483,
  "nearest_token_jaccard_median": 0.14285714285714285,
  "nearest_token_jaccard_p90": 0.42857142857142855,
  "nearest_edit_similarity_mean": 0.2421090011076656,
  "nearest_edit_similarity_median": 0.23809523809523814,
  "nearest_edit_similarity_p90": 0.3608421052631578,
  "nearest_feature_cosine_mean": 0.7428805924167043,
  "nearest_feature_cosine_median": 0.751624503439944,
  "nearest_feature_cosine_p90": 0.9126934462486828,
  "nearest_input_distance_mean": 0.8826869452462992,
  "nearest_input_distance_median": 0.8888888888888888,
  "nearest_input_distance_p90": 0.9546464646464647,
  "mean_nearest_similarity": 0.11731305475370082,
  "median_nearest_similarity": 0.1111111111111111,
  "p90_nearest_similarity": 0.2,
  "unique_nearest_payload_rate": 0.275,
  "dominant_retrieved_payload_share": 0.1,
  "nearest_reference_count": 312,
  "distinct_1": 0.26383399209486164,
  "distinct_2": 0.5670356703567035,
  "distinct_3": 0.8048780487804879,
  "lexical_diversity": 0.26383399209486164,
  "character_diversity": 0.7932176571769974,
  "token_diversity": 0.6566587451447001,
  "keyword_diversity": 0.9509560484549724,
  "operator_diversity": 0.7345940468282404,
  "function_diversity": 1.0,
  "comment_style_diversity": 0.3333333333333333,
  "length_zone_diversity": 0.2,
  "self_bleu": 0.6474701961821584,
  "self_bleu_char": 0.6474701961821584,
  "requested_count": 200,
  "generated_count_fraction": 1.0
}
