{
  "metric_schema_version": "quality-metrics-v3",
  "normalization_version": "nfkc_html_percent1_casefold_ws_quotes_v1",
  "seed": 88,
  "method": "seqgan_improved",
  "family": "time",
  "scenario": "A",
  "ratio": "200",
  "generation_kind": "direct",
  "schema_valid": true,
  "stop_reason": "n/a",
  "n_generated": 499,
  "unique_rate": 1.0,
  "normalized_unique_rate": 0.9959919839679359,
  "duplicate_rate": 0.0,
  "model_collapse_rate": 0.0,
  "dominant_payload_share": 0.002004008016032064,
  "normalized_dominant_payload_share": 0.004008016032064128,
  "sql_parse_rate": 1.0,
  "sql_structure_rate": 0.9118236472945892,
  "family_motif_coverage": 0.8,
  "family_motif_hit_rate": 0.49298597194388777,
  "garbage_rate": 0.0881763527054108,
  "wellformed_rate": 1.0,
  "shaped_rate": 0.9118236472945892,
  "family_motif_coverage_by_family": {
    "time": 0.8
  },
  "family_motif_hit_rate_by_family": {
    "time": 0.49298597194388777
  },
  "inferred_family_distribution": {
    "boolean": 0.23446893787575152,
    "union": 0.026052104208416832,
    "time": 0.49298597194388777,
    "error": 0.0,
    "other": 0.24649298597194388
  },
  "train_reference_count": 78,
  "holdout_reference_count": 296,
  "exact_input_overlap": 0.0,
  "normalized_input_overlap": 0.0,
  "holdout_overlap": 0.0,
  "normalized_holdout_overlap": 0.0,
  "nearest_input_similarity_mean": 0.2564000176352724,
  "nearest_input_similarity_median": 0.23577235772357724,
  "nearest_input_similarity_p90": 0.39631997505067834,
  "nearest_char3_jaccard_mean": 0.2564000176352724,
  "nearest_char3_jaccard_median": 0.23577235772357724,
  "nearest_char3_jaccard_p90": 0.39631997505067834,
  "nearest_token_jaccard_mean": 0.24446308931506705,
  "nearest_token_jaccard_median": 0.25,
  "nearest_token_jaccard_p90": 0.4,
  "nearest_edit_similarity_mean": 0.29197703935015135,
  "nearest_edit_similarity_median": 0.25899280575539574,
  "nearest_edit_similarity_p90": 0.4619136960600375,
  "nearest_feature_cosine_mean": 0.872059172945875,
  "nearest_feature_cosine_median": 0.8966847174619074,
  "nearest_feature_cosine_p90": 0.9783626604508571,
  "nearest_input_distance_mean": 0.7435999823647276,
  "nearest_input_distance_median": 0.7642276422764227,
  "nearest_input_distance_p90": 0.858974358974359,
  "mean_nearest_similarity": 0.2564000176352724,
  "median_nearest_similarity": 0.23577235772357724,
  "p90_nearest_similarity": 0.39631997505067834,
  "unique_nearest_payload_rate": 0.1342685370741483,
  "dominant_retrieved_payload_share": 0.09218436873747494,
  "nearest_reference_count": 78,
  "distinct_1": 0.0782625709254549,
  "distinct_2": 0.34060057589469356,
  "distinct_3": 0.714626218851571,
  "lexical_diversity": 0.0782625709254549,
  "character_diversity": 0.8119844438775461,
  "token_diversity": 0.6279266326927805,
  "keyword_diversity": 0.9407565921595821,
  "operator_diversity": 0.3233674589577016,
  "function_diversity": 0.5979178409340427,
  "comment_style_diversity": 0.6666666666666666,
  "length_zone_diversity": 1.0,
  "self_bleu": 0.9562658748770521,
  "self_bleu_char": 0.9562658748770521,
  "requested_count": 500,
  "generated_count_fraction": 0.998
}
