
[1/3] pretrain G
G epoch=1/80 loss=5.3398
G epoch=2/80 loss=5.2393
G epoch=3/80 loss=5.1332
G epoch=4/80 loss=5.0136
G epoch=5/80 loss=4.8723
G epoch=6/80 loss=4.6938
G epoch=7/80 loss=4.4847
G epoch=8/80 loss=4.2231
G epoch=9/80 loss=3.9814
G epoch=10/80 loss=3.7494
G epoch=11/80 loss=3.5195
G epoch=12/80 loss=3.3494
G epoch=13/80 loss=3.1817
G epoch=14/80 loss=3.1083
G epoch=15/80 loss=2.9413
G epoch=16/80 loss=2.8544
G epoch=17/80 loss=2.7872
G epoch=18/80 loss=2.7655
G epoch=19/80 loss=2.6493
G epoch=20/80 loss=2.6455
G epoch=21/80 loss=2.5137
G epoch=22/80 loss=2.4877
G epoch=23/80 loss=2.4533
G epoch=24/80 loss=2.3008
G epoch=25/80 loss=2.3043
G epoch=26/80 loss=2.2624
G epoch=27/80 loss=2.2434
G epoch=28/80 loss=2.1829
G epoch=29/80 loss=2.0751
G epoch=30/80 loss=2.0590
G epoch=31/80 loss=2.0089
G epoch=32/80 loss=1.9935
G epoch=33/80 loss=1.9325
G epoch=34/80 loss=1.8618
G epoch=35/80 loss=1.8539
G epoch=36/80 loss=1.7790
G epoch=37/80 loss=1.7689
G epoch=38/80 loss=1.6606
G epoch=39/80 loss=1.6755
G epoch=40/80 loss=1.6581
G epoch=41/80 loss=1.5940
G epoch=42/80 loss=1.6006
G epoch=43/80 loss=1.6044
G epoch=44/80 loss=1.5111
G epoch=45/80 loss=1.5192
G epoch=46/80 loss=1.5229
G epoch=47/80 loss=1.4504
G epoch=48/80 loss=1.4366
G epoch=49/80 loss=1.3857
G epoch=50/80 loss=1.3639
G epoch=51/80 loss=1.3354
G epoch=52/80 loss=1.3035
G epoch=53/80 loss=1.3137
G epoch=54/80 loss=1.2831
G epoch=55/80 loss=1.2497
G epoch=56/80 loss=1.2703
G epoch=57/80 loss=1.2499
G epoch=58/80 loss=1.2222
G epoch=59/80 loss=1.1811
G epoch=60/80 loss=1.1886
G epoch=61/80 loss=1.1737
G epoch=62/80 loss=1.1385
G epoch=63/80 loss=1.1263
G epoch=64/80 loss=1.1472
G epoch=65/80 loss=1.1041
G epoch=66/80 loss=1.0824
G epoch=67/80 loss=1.0515
G epoch=68/80 loss=1.0664
G epoch=69/80 loss=1.0542
G epoch=70/80 loss=1.0019
G epoch=71/80 loss=1.0335
G epoch=72/80 loss=1.0065
G epoch=73/80 loss=1.0012
G epoch=74/80 loss=0.9726
G epoch=75/80 loss=0.9910
G epoch=76/80 loss=0.9708
G epoch=77/80 loss=0.9175
G epoch=78/80 loss=0.9078
G epoch=79/80 loss=0.8997
G epoch=80/80 loss=0.9388

[2/3] pretrain D
D step=1/30 epoch=1/3 loss=0.8093 l2=0.2000 label_smoothing=0.050
D step=1/30 epoch=2/3 loss=0.7369 l2=0.2000 label_smoothing=0.050
D step=1/30 epoch=3/3 loss=0.7366 l2=0.2000 label_smoothing=0.050
D step=2/30 epoch=1/3 loss=0.7486 l2=0.2000 label_smoothing=0.050
D step=2/30 epoch=2/3 loss=0.7108 l2=0.2000 label_smoothing=0.050
D step=2/30 epoch=3/3 loss=0.6933 l2=0.2000 label_smoothing=0.050
D step=3/30 epoch=1/3 loss=0.6903 l2=0.2000 label_smoothing=0.050
D step=3/30 epoch=2/3 loss=0.6437 l2=0.2000 label_smoothing=0.050
D step=3/30 epoch=3/3 loss=0.6683 l2=0.2000 label_smoothing=0.050
D step=4/30 epoch=1/3 loss=0.6505 l2=0.2000 label_smoothing=0.050
D step=4/30 epoch=2/3 loss=0.6459 l2=0.2000 label_smoothing=0.050
D step=4/30 epoch=3/3 loss=0.6270 l2=0.2000 label_smoothing=0.050
D step=5/30 epoch=1/3 loss=0.5877 l2=0.2000 label_smoothing=0.050
D step=5/30 epoch=2/3 loss=0.5901 l2=0.2000 label_smoothing=0.050
D step=5/30 epoch=3/3 loss=0.5797 l2=0.2000 label_smoothing=0.050
D step=6/30 epoch=1/3 loss=0.5569 l2=0.2000 label_smoothing=0.050
D step=6/30 epoch=2/3 loss=0.5157 l2=0.2000 label_smoothing=0.050
D step=6/30 epoch=3/3 loss=0.5051 l2=0.2000 label_smoothing=0.050
D step=7/30 epoch=1/3 loss=0.5156 l2=0.2000 label_smoothing=0.050
D step=7/30 epoch=2/3 loss=0.4832 l2=0.2000 label_smoothing=0.050
D step=7/30 epoch=3/3 loss=0.4808 l2=0.2000 label_smoothing=0.050
D step=8/30 epoch=1/3 loss=0.4929 l2=0.2000 label_smoothing=0.050
D step=8/30 epoch=2/3 loss=0.4637 l2=0.2000 label_smoothing=0.050
D step=8/30 epoch=3/3 loss=0.4286 l2=0.2000 label_smoothing=0.050
D step=9/30 epoch=1/3 loss=0.4285 l2=0.2000 label_smoothing=0.050
D step=9/30 epoch=2/3 loss=0.4234 l2=0.2000 label_smoothing=0.050
D step=9/30 epoch=3/3 loss=0.4061 l2=0.2000 label_smoothing=0.050
D step=10/30 epoch=1/3 loss=0.4008 l2=0.2000 label_smoothing=0.050
D step=10/30 epoch=2/3 loss=0.3943 l2=0.2000 label_smoothing=0.050
D step=10/30 epoch=3/3 loss=0.3757 l2=0.2000 label_smoothing=0.050
D step=11/30 epoch=1/3 loss=0.3825 l2=0.2000 label_smoothing=0.050
D step=11/30 epoch=2/3 loss=0.3513 l2=0.2000 label_smoothing=0.050
D step=11/30 epoch=3/3 loss=0.3322 l2=0.2000 label_smoothing=0.050
D step=12/30 epoch=1/3 loss=0.3324 l2=0.2000 label_smoothing=0.050
D step=12/30 epoch=2/3 loss=0.3161 l2=0.2000 label_smoothing=0.050
D step=12/30 epoch=3/3 loss=0.3184 l2=0.2000 label_smoothing=0.050
D step=13/30 epoch=1/3 loss=0.3110 l2=0.2000 label_smoothing=0.050
D step=13/30 epoch=2/3 loss=0.2992 l2=0.2000 label_smoothing=0.050
D step=13/30 epoch=3/3 loss=0.2971 l2=0.2000 label_smoothing=0.050
D step=14/30 epoch=1/3 loss=0.3285 l2=0.2000 label_smoothing=0.050
D step=14/30 epoch=2/3 loss=0.3228 l2=0.2000 label_smoothing=0.050
D step=14/30 epoch=3/3 loss=0.3165 l2=0.2000 label_smoothing=0.050
D step=15/30 epoch=1/3 loss=0.2885 l2=0.2000 label_smoothing=0.050
D step=15/30 epoch=2/3 loss=0.2782 l2=0.2000 label_smoothing=0.050
D step=15/30 epoch=3/3 loss=0.2894 l2=0.2000 label_smoothing=0.050
D step=16/30 epoch=1/3 loss=0.2596 l2=0.2000 label_smoothing=0.050
D step=16/30 epoch=2/3 loss=0.2506 l2=0.2000 label_smoothing=0.050
D step=16/30 epoch=3/3 loss=0.2523 l2=0.2000 label_smoothing=0.050
D step=17/30 epoch=1/3 loss=0.2581 l2=0.2000 label_smoothing=0.050
D step=17/30 epoch=2/3 loss=0.2643 l2=0.2000 label_smoothing=0.050
D step=17/30 epoch=3/3 loss=0.2560 l2=0.2000 label_smoothing=0.050
D step=18/30 epoch=1/3 loss=0.2367 l2=0.2000 label_smoothing=0.050
D step=18/30 epoch=2/3 loss=0.2487 l2=0.2000 label_smoothing=0.050
D step=18/30 epoch=3/3 loss=0.2302 l2=0.2000 label_smoothing=0.050
D step=19/30 epoch=1/3 loss=0.2589 l2=0.2000 label_smoothing=0.050
D step=19/30 epoch=2/3 loss=0.2472 l2=0.2000 label_smoothing=0.050
D step=19/30 epoch=3/3 loss=0.2352 l2=0.2000 label_smoothing=0.050
D step=20/30 epoch=1/3 loss=0.2269 l2=0.2000 label_smoothing=0.050
D step=20/30 epoch=2/3 loss=0.2319 l2=0.2000 label_smoothing=0.050
D step=20/30 epoch=3/3 loss=0.2311 l2=0.2000 label_smoothing=0.050
D step=21/30 epoch=1/3 loss=0.2325 l2=0.2000 label_smoothing=0.050
D step=21/30 epoch=2/3 loss=0.2409 l2=0.2000 label_smoothing=0.050
D step=21/30 epoch=3/3 loss=0.2350 l2=0.2000 label_smoothing=0.050
D step=22/30 epoch=1/3 loss=0.2582 l2=0.2000 label_smoothing=0.050
D step=22/30 epoch=2/3 loss=0.2505 l2=0.2000 label_smoothing=0.050
D step=22/30 epoch=3/3 loss=0.2502 l2=0.2000 label_smoothing=0.050
D step=23/30 epoch=1/3 loss=0.2504 l2=0.2000 label_smoothing=0.050
D step=23/30 epoch=2/3 loss=0.2449 l2=0.2000 label_smoothing=0.050
D step=23/30 epoch=3/3 loss=0.2389 l2=0.2000 label_smoothing=0.050
D step=24/30 epoch=1/3 loss=0.2221 l2=0.2000 label_smoothing=0.050
D step=24/30 epoch=2/3 loss=0.2262 l2=0.2000 label_smoothing=0.050
D step=24/30 epoch=3/3 loss=0.2182 l2=0.2000 label_smoothing=0.050
D step=25/30 epoch=1/3 loss=0.2162 l2=0.2000 label_smoothing=0.050
D step=25/30 epoch=2/3 loss=0.2103 l2=0.2000 label_smoothing=0.050
D step=25/30 epoch=3/3 loss=0.2052 l2=0.2000 label_smoothing=0.050
D step=26/30 epoch=1/3 loss=0.2268 l2=0.2000 label_smoothing=0.050
D step=26/30 epoch=2/3 loss=0.2291 l2=0.2000 label_smoothing=0.050
D step=26/30 epoch=3/3 loss=0.2254 l2=0.2000 label_smoothing=0.050
D step=27/30 epoch=1/3 loss=0.2193 l2=0.2000 label_smoothing=0.050
D step=27/30 epoch=2/3 loss=0.2244 l2=0.2000 label_smoothing=0.050
D step=27/30 epoch=3/3 loss=0.2157 l2=0.2000 label_smoothing=0.050
D step=28/30 epoch=1/3 loss=0.2167 l2=0.2000 label_smoothing=0.050
D step=28/30 epoch=2/3 loss=0.2202 l2=0.2000 label_smoothing=0.050
D step=28/30 epoch=3/3 loss=0.2143 l2=0.2000 label_smoothing=0.050
D step=29/30 epoch=1/3 loss=0.2214 l2=0.2000 label_smoothing=0.050
D step=29/30 epoch=2/3 loss=0.2126 l2=0.2000 label_smoothing=0.050
D step=29/30 epoch=3/3 loss=0.2223 l2=0.2000 label_smoothing=0.050
D step=30/30 epoch=1/3 loss=0.2231 l2=0.2000 label_smoothing=0.050
D step=30/30 epoch=2/3 loss=0.2208 l2=0.2000 label_smoothing=0.050
D step=30/30 epoch=3/3 loss=0.2149 l2=0.2000 label_smoothing=0.050

[3/3] adversarial
generator_reward_mode=on reward_alpha=0.700 d_steps=5 d_epochs=3
D step=1/5 epoch=1/3 loss=0.2298 l2=0.2000 label_smoothing=0.050
D step=1/5 epoch=2/3 loss=0.2263 l2=0.2000 label_smoothing=0.050
D step=1/5 epoch=3/3 loss=0.2109 l2=0.2000 label_smoothing=0.050
D step=2/5 epoch=1/3 loss=0.2290 l2=0.2000 label_smoothing=0.050
D step=2/5 epoch=2/3 loss=0.2250 l2=0.2000 label_smoothing=0.050
D step=2/5 epoch=3/3 loss=0.2268 l2=0.2000 label_smoothing=0.050
D step=3/5 epoch=1/3 loss=0.2062 l2=0.2000 label_smoothing=0.050
D step=3/5 epoch=2/3 loss=0.2068 l2=0.2000 label_smoothing=0.050
D step=3/5 epoch=3/3 loss=0.2075 l2=0.2000 label_smoothing=0.050
D step=4/5 epoch=1/3 loss=0.2154 l2=0.2000 label_smoothing=0.050
D step=4/5 epoch=2/3 loss=0.2129 l2=0.2000 label_smoothing=0.050
D step=4/5 epoch=3/3 loss=0.2089 l2=0.2000 label_smoothing=0.050
D step=5/5 epoch=1/3 loss=0.2018 l2=0.2000 label_smoothing=0.050
D step=5/5 epoch=2/3 loss=0.1987 l2=0.2000 label_smoothing=0.050
D step=5/5 epoch=3/3 loss=0.1938 l2=0.2000 label_smoothing=0.050
ADV epoch=1/60 g_loss=0.4760 d_loss=0.2133 reward=0.3294 reward_var=0.0057 unique=1.0000
D step=1/5 epoch=1/3 loss=0.2256 l2=0.2000 label_smoothing=0.050
D step=1/5 epoch=2/3 loss=0.2137 l2=0.2000 label_smoothing=0.050
D step=1/5 epoch=3/3 loss=0.2118 l2=0.2000 label_smoothing=0.050
D step=2/5 epoch=1/3 loss=0.1997 l2=0.2000 label_smoothing=0.050
D step=2/5 epoch=2/3 loss=0.1959 l2=0.2000 label_smoothing=0.050
D step=2/5 epoch=3/3 loss=0.1888 l2=0.2000 label_smoothing=0.050
D step=3/5 epoch=1/3 loss=0.1881 l2=0.2000 label_smoothing=0.050
D step=3/5 epoch=2/3 loss=0.1823 l2=0.2000 label_smoothing=0.050
D step=3/5 epoch=3/3 loss=0.1826 l2=0.2000 label_smoothing=0.050
D step=4/5 epoch=1/3 loss=0.2059 l2=0.2000 label_smoothing=0.050
D step=4/5 epoch=2/3 loss=0.2006 l2=0.2000 label_smoothing=0.050
D step=4/5 epoch=3/3 loss=0.1978 l2=0.2000 label_smoothing=0.050
D step=5/5 epoch=1/3 loss=0.1949 l2=0.2000 label_smoothing=0.050
D step=5/5 epoch=2/3 loss=0.1844 l2=0.2000 label_smoothing=0.050
D step=5/5 epoch=3/3 loss=0.1845 l2=0.2000 label_smoothing=0.050
ADV epoch=2/60 g_loss=0.4854 d_loss=0.1971 reward=0.3205 reward_var=0.0049 unique=1.0000
D step=1/5 epoch=1/3 loss=0.1873 l2=0.2000 label_smoothing=0.050
D step=1/5 epoch=2/3 loss=0.1851 l2=0.2000 label_smoothing=0.050
D step=1/5 epoch=3/3 loss=0.1821 l2=0.2000 label_smoothing=0.050
D step=2/5 epoch=1/3 loss=0.1824 l2=0.2000 label_smoothing=0.050
D step=2/5 epoch=2/3 loss=0.1815 l2=0.2000 label_smoothing=0.050
D step=2/5 epoch=3/3 loss=0.1790 l2=0.2000 label_smoothing=0.050
D step=3/5 epoch=1/3 loss=0.1788 l2=0.2000 label_smoothing=0.050
D step=3/5 epoch=2/3 loss=0.1784 l2=0.2000 label_smoothing=0.050
D step=3/5 epoch=3/3 loss=0.1772 l2=0.2000 label_smoothing=0.050
D step=4/5 epoch=1/3 loss=0.1762 l2=0.2000 label_smoothing=0.050
D step=4/5 epoch=2/3 loss=0.1767 l2=0.2000 label_smoothing=0.050
D step=4/5 epoch=3/3 loss=0.1761 l2=0.2000 label_smoothing=0.050
D step=5/5 epoch=1/3 loss=0.1763 l2=0.2000 label_smoothing=0.050
D step=5/5 epoch=2/3 loss=0.1749 l2=0.2000 label_smoothing=0.050
D step=5/5 epoch=3/3 loss=0.1731 l2=0.2000 label_smoothing=0.050
ADV epoch=3/60 g_loss=0.4850 d_loss=0.1790 reward=0.3236 reward_var=0.0046 unique=1.0000
D step=1/5 epoch=1/3 loss=0.1734 l2=0.2000 label_smoothing=0.050
D step=1/5 epoch=2/3 loss=0.1707 l2=0.2000 label_smoothing=0.050
D step=1/5 epoch=3/3 loss=0.1697 l2=0.2000 label_smoothing=0.050
D step=2/5 epoch=1/3 loss=0.1754 l2=0.2000 label_smoothing=0.050
D step=2/5 epoch=2/3 loss=0.1755 l2=0.2000 label_smoothing=0.050
D step=2/5 epoch=3/3 loss=0.1728 l2=0.2000 label_smoothing=0.050
D step=3/5 epoch=1/3 loss=0.1696 l2=0.2000 label_smoothing=0.050
D step=3/5 epoch=2/3 loss=0.1688 l2=0.2000 label_smoothing=0.050
D step=3/5 epoch=3/3 loss=0.1700 l2=0.2000 label_smoothing=0.050
D step=4/5 epoch=1/3 loss=0.1660 l2=0.2000 label_smoothing=0.050
D step=4/5 epoch=2/3 loss=0.1667 l2=0.2000 label_smoothing=0.050
D step=4/5 epoch=3/3 loss=0.1655 l2=0.2000 label_smoothing=0.050
D step=5/5 epoch=1/3 loss=0.1715 l2=0.2000 label_smoothing=0.050
D step=5/5 epoch=2/3 loss=0.1664 l2=0.2000 label_smoothing=0.050
D step=5/5 epoch=3/3 loss=0.1655 l2=0.2000 label_smoothing=0.050
ADV epoch=4/60 g_loss=0.4671 d_loss=0.1698 reward=0.3037 reward_var=0.0054 unique=1.0000
D step=1/5 epoch=1/3 loss=0.1725 l2=0.2000 label_smoothing=0.050
D step=1/5 epoch=2/3 loss=0.1654 l2=0.2000 label_smoothing=0.050
D step=1/5 epoch=3/3 loss=0.1656 l2=0.2000 label_smoothing=0.050
D step=2/5 epoch=1/3 loss=0.1666 l2=0.2000 label_smoothing=0.050
D step=2/5 epoch=2/3 loss=0.1672 l2=0.2000 label_smoothing=0.050
D step=2/5 epoch=3/3 loss=0.1648 l2=0.2000 label_smoothing=0.050
D step=3/5 epoch=1/3 loss=0.1639 l2=0.2000 label_smoothing=0.050
D step=3/5 epoch=2/3 loss=0.1616 l2=0.2000 label_smoothing=0.050
D step=3/5 epoch=3/3 loss=0.1611 l2=0.2000 label_smoothing=0.050
D step=4/5 epoch=1/3 loss=0.1610 l2=0.2000 label_smoothing=0.050
D step=4/5 epoch=2/3 loss=0.1599 l2=0.2000 label_smoothing=0.050
D step=4/5 epoch=3/3 loss=0.1599 l2=0.2000 label_smoothing=0.050
D step=5/5 epoch=1/3 loss=0.1647 l2=0.2000 label_smoothing=0.050
D step=5/5 epoch=2/3 loss=0.1619 l2=0.2000 label_smoothing=0.050
D step=5/5 epoch=3/3 loss=0.1613 l2=0.2000 label_smoothing=0.050
ADV epoch=5/60 g_loss=0.4701 d_loss=0.1638 reward=0.2984 reward_var=0.0031 unique=1.0000
D step=1/5 epoch=1/3 loss=0.1617 l2=0.2000 label_smoothing=0.050
D step=1/5 epoch=2/3 loss=0.1598 l2=0.2000 label_smoothing=0.050
D step=1/5 epoch=3/3 loss=0.1578 l2=0.2000 label_smoothing=0.050
D step=2/5 epoch=1/3 loss=0.1584 l2=0.2000 label_smoothing=0.050
D step=2/5 epoch=2/3 loss=0.1580 l2=0.2000 label_smoothing=0.050
D step=2/5 epoch=3/3 loss=0.1574 l2=0.2000 label_smoothing=0.050
D step=3/5 epoch=1/3 loss=0.1563 l2=0.2000 label_smoothing=0.050
D step=3/5 epoch=2/3 loss=0.1565 l2=0.2000 label_smoothing=0.050
D step=3/5 epoch=3/3 loss=0.1560 l2=0.2000 label_smoothing=0.050
D step=4/5 epoch=1/3 loss=0.1620 l2=0.2000 label_smoothing=0.050
D step=4/5 epoch=2/3 loss=0.1591 l2=0.2000 label_smoothing=0.050
D step=4/5 epoch=3/3 loss=0.1566 l2=0.2000 label_smoothing=0.050
D step=5/5 epoch=1/3 loss=0.1586 l2=0.2000 label_smoothing=0.050
D step=5/5 epoch=2/3 loss=0.1560 l2=0.2000 label_smoothing=0.050
D step=5/5 epoch=3/3 loss=0.1547 l2=0.2000 label_smoothing=0.050
ADV epoch=6/60 g_loss=0.4498 d_loss=0.1579 reward=0.3088 reward_var=0.0028 unique=1.0000
saved 500 raw samples to /content/drive/MyDrive/GAN_for_SQLi - 3/result/phase3/seqgan_improved/union/D/R200/V8/generated_payloads.csv
