{
  "metric_schema_version": "quality-metrics-v3",
  "normalization_version": "nfkc_html_percent1_casefold_ws_quotes_v1",
  "seed": 88,
  "method": "seqgan_master",
  "family": "boolean",
  "scenario": "D",
  "ratio": "100",
  "generation_kind": "direct",
  "schema_valid": true,
  "stop_reason": "n/a",
  "n_generated": 500,
  "unique_rate": 0.62,
  "normalized_unique_rate": 0.552,
  "duplicate_rate": 0.38,
  "model_collapse_rate": 0.38,
  "dominant_payload_share": 0.096,
  "normalized_dominant_payload_share": 0.256,
  "sql_parse_rate": 1.0,
  "sql_structure_rate": 0.088,
  "family_motif_coverage": 0.25,
  "family_motif_hit_rate": 0.016,
  "garbage_rate": 0.912,
  "wellformed_rate": 1.0,
  "shaped_rate": 0.088,
  "family_motif_coverage_by_family": {
    "boolean": 0.25
  },
  "family_motif_hit_rate_by_family": {
    "boolean": 0.016
  },
  "inferred_family_distribution": {
    "boolean": 0.016,
    "union": 0.0,
    "time": 0.0,
    "error": 0.0,
    "other": 0.984
  },
  "train_reference_count": 156,
  "holdout_reference_count": 917,
  "exact_input_overlap": 0.0,
  "normalized_input_overlap": 0.0,
  "holdout_overlap": 0.0,
  "normalized_holdout_overlap": 0.0,
  "nearest_input_similarity_mean": 0.06611646951468446,
  "nearest_input_similarity_median": 0.06060606060606061,
  "nearest_input_similarity_p90": 0.1066142460684552,
  "nearest_char3_jaccard_mean": 0.06611646951468446,
  "nearest_char3_jaccard_median": 0.06060606060606061,
  "nearest_char3_jaccard_p90": 0.1066142460684552,
  "nearest_token_jaccard_mean": 0.1361118122559602,
  "nearest_token_jaccard_median": 0.14285714285714285,
  "nearest_token_jaccard_p90": 0.3333333333333333,
  "nearest_edit_similarity_mean": 0.10897458464000154,
  "nearest_edit_similarity_median": 0.10344827586206895,
  "nearest_edit_similarity_p90": 0.1724137931034483,
  "nearest_feature_cosine_mean": 0.6740769813255791,
  "nearest_feature_cosine_median": 0.6315826914642735,
  "nearest_feature_cosine_p90": 0.8658840340530829,
  "nearest_input_distance_mean": 0.9338835304853156,
  "nearest_input_distance_median": 0.9393939393939394,
  "nearest_input_distance_p90": 0.9706722689075631,
  "mean_nearest_similarity": 0.06611646951468446,
  "median_nearest_similarity": 0.06060606060606061,
  "p90_nearest_similarity": 0.1066142460684552,
  "unique_nearest_payload_rate": 0.104,
  "dominant_retrieved_payload_share": 0.336,
  "nearest_reference_count": 156,
  "distinct_1": 0.17614804660726524,
  "distinct_2": 0.4942648592283629,
  "distinct_3": 0.7832618025751072,
  "lexical_diversity": 0.17614804660726524,
  "character_diversity": 0.767980548581934,
  "token_diversity": 0.5694818362511089,
  "keyword_diversity": 0.8815982548958966,
  "operator_diversity": 0.63601497643946,
  "function_diversity": 0.8323640349758586,
  "comment_style_diversity": 0.0,
  "length_zone_diversity": 0.2,
  "self_bleu": 0.7768886802932355,
  "self_bleu_char": 0.7768886802932355,
  "requested_count": 500,
  "generated_count_fraction": 1.0
}
