
[1/3] pretrain G
G epoch=1/15 loss=4.2886
G epoch=2/15 loss=3.3389
G epoch=3/15 loss=2.6631
G epoch=4/15 loss=2.4336
G epoch=5/15 loss=2.2955
G epoch=6/15 loss=2.1528
G epoch=7/15 loss=2.0424
G epoch=8/15 loss=1.9099
G epoch=9/15 loss=1.8558
G epoch=10/15 loss=1.7529
G epoch=11/15 loss=1.6882
G epoch=12/15 loss=1.6649
G epoch=13/15 loss=1.5767
G epoch=14/15 loss=1.5316
G epoch=15/15 loss=1.4467

[2/3] pretrain D
D step=1/8 epoch=1/2 loss=0.8732 l2=0.2000 label_smoothing=0.000
D step=1/8 epoch=2/2 loss=0.7131 l2=0.2000 label_smoothing=0.000
D step=2/8 epoch=1/2 loss=0.5942 l2=0.2000 label_smoothing=0.000
D step=2/8 epoch=2/2 loss=0.4968 l2=0.2000 label_smoothing=0.000
D step=3/8 epoch=1/2 loss=0.4184 l2=0.2000 label_smoothing=0.000
D step=3/8 epoch=2/2 loss=0.3277 l2=0.2000 label_smoothing=0.000
D step=4/8 epoch=1/2 loss=0.2793 l2=0.2000 label_smoothing=0.000
D step=4/8 epoch=2/2 loss=0.2232 l2=0.2000 label_smoothing=0.000
D step=5/8 epoch=1/2 loss=0.1850 l2=0.2000 label_smoothing=0.000
D step=5/8 epoch=2/2 loss=0.1539 l2=0.2000 label_smoothing=0.000
D step=6/8 epoch=1/2 loss=0.1363 l2=0.2000 label_smoothing=0.000
D step=6/8 epoch=2/2 loss=0.1229 l2=0.2000 label_smoothing=0.000
D step=7/8 epoch=1/2 loss=0.1098 l2=0.2000 label_smoothing=0.000
D step=7/8 epoch=2/2 loss=0.1000 l2=0.2000 label_smoothing=0.000
D step=8/8 epoch=1/2 loss=0.0990 l2=0.2000 label_smoothing=0.000
D step=8/8 epoch=2/2 loss=0.0924 l2=0.2000 label_smoothing=0.000

[3/3] adversarial
generator_reward_mode=off reward_alpha=1.000 d_steps=3 d_epochs=1
D step=1/3 epoch=1/1 loss=0.1114 l2=0.2000 label_smoothing=0.000
D step=2/3 epoch=1/1 loss=0.0854 l2=0.2000 label_smoothing=0.000
D step=3/3 epoch=1/1 loss=0.0790 l2=0.2000 label_smoothing=0.000
ADV epoch=1/6 g_loss=0.0239 d_loss=0.0919 reward=0.0163 reward_var=0.0014 unique=1.0000
D step=1/3 epoch=1/1 loss=0.0958 l2=0.2000 label_smoothing=0.000
D step=2/3 epoch=1/1 loss=0.0759 l2=0.2000 label_smoothing=0.000
D step=3/3 epoch=1/1 loss=0.0735 l2=0.2000 label_smoothing=0.000
ADV epoch=2/6 g_loss=0.0174 d_loss=0.0817 reward=0.0107 reward_var=0.0009 unique=1.0000
D step=1/3 epoch=1/1 loss=0.0739 l2=0.2000 label_smoothing=0.000
D step=2/3 epoch=1/1 loss=0.0684 l2=0.2000 label_smoothing=0.000
D step=3/3 epoch=1/1 loss=0.0618 l2=0.2000 label_smoothing=0.000
ADV epoch=3/6 g_loss=0.0183 d_loss=0.0680 reward=0.0129 reward_var=0.0015 unique=1.0000
saved 200 raw samples to /content/drive/MyDrive/GAN/GAN_SQLi_Colab/results_seqgan_only_mini/phase2a/seqgan_master/time/D/R50/generated_payloads.csv
