{
  "metric_schema_version": "quality-metrics-v3",
  "normalization_version": "nfkc_html_percent1_casefold_ws_quotes_v1",
  "seed": 88,
  "method": "seqgan_master",
  "family": "boolean",
  "scenario": "D",
  "ratio": "10",
  "generation_kind": "direct",
  "schema_valid": true,
  "stop_reason": "n/a",
  "n_generated": 500,
  "unique_rate": 0.176,
  "normalized_unique_rate": 0.164,
  "duplicate_rate": 0.8240000000000001,
  "model_collapse_rate": 0.8240000000000001,
  "dominant_payload_share": 0.152,
  "normalized_dominant_payload_share": 0.154,
  "sql_parse_rate": 1.0,
  "sql_structure_rate": 0.526,
  "family_motif_coverage": 0.25,
  "family_motif_hit_rate": 0.002,
  "garbage_rate": 0.474,
  "wellformed_rate": 1.0,
  "shaped_rate": 0.526,
  "family_motif_coverage_by_family": {
    "boolean": 0.25
  },
  "family_motif_hit_rate_by_family": {
    "boolean": 0.002
  },
  "inferred_family_distribution": {
    "boolean": 0.002,
    "union": 0.128,
    "time": 0.0,
    "error": 0.0,
    "other": 0.87
  },
  "train_reference_count": 1560,
  "holdout_reference_count": 917,
  "exact_input_overlap": 0.0,
  "normalized_input_overlap": 0.0,
  "holdout_overlap": 0.0,
  "normalized_holdout_overlap": 0.0,
  "nearest_input_similarity_mean": 0.2484235895797835,
  "nearest_input_similarity_median": 0.26666666666666666,
  "nearest_input_similarity_p90": 0.38636363636363635,
  "nearest_char3_jaccard_mean": 0.2484235895797835,
  "nearest_char3_jaccard_median": 0.26666666666666666,
  "nearest_char3_jaccard_p90": 0.38636363636363635,
  "nearest_token_jaccard_mean": 0.19212007714507714,
  "nearest_token_jaccard_median": 0.15,
  "nearest_token_jaccard_p90": 0.36363636363636365,
  "nearest_edit_similarity_mean": 0.25263131834238267,
  "nearest_edit_similarity_median": 0.24444444444444446,
  "nearest_edit_similarity_p90": 0.3392857142857143,
  "nearest_feature_cosine_mean": 0.8440894708293607,
  "nearest_feature_cosine_median": 0.8487743931385571,
  "nearest_feature_cosine_p90": 0.9503107484269676,
  "nearest_input_distance_mean": 0.7515764104202165,
  "nearest_input_distance_median": 0.7333333333333334,
  "nearest_input_distance_p90": 0.8333333333333334,
  "mean_nearest_similarity": 0.2484235895797835,
  "median_nearest_similarity": 0.26666666666666666,
  "p90_nearest_similarity": 0.38636363636363635,
  "unique_nearest_payload_rate": 0.048,
  "dominant_retrieved_payload_share": 0.23,
  "nearest_reference_count": 1560,
  "distinct_1": 0.03529411764705882,
  "distinct_2": 0.06140350877192982,
  "distinct_3": 0.07851239669421488,
  "lexical_diversity": 0.03529411764705882,
  "character_diversity": 0.7699558430897993,
  "token_diversity": 0.5766094497997576,
  "keyword_diversity": 0.7635341145926744,
  "operator_diversity": 0.6063323232974115,
  "function_diversity": 0.38323803866639466,
  "comment_style_diversity": 0.0,
  "length_zone_diversity": 0.2,
  "self_bleu": 0.9855193650269495,
  "self_bleu_char": 0.9855193650269495,
  "requested_count": 500,
  "generated_count_fraction": 1.0
}
