
[1/3] pretrain G
G epoch=1/15 loss=4.2892
G epoch=2/15 loss=3.2908
G epoch=3/15 loss=2.7566
G epoch=4/15 loss=2.6039
G epoch=5/15 loss=2.4602
G epoch=6/15 loss=2.2982
G epoch=7/15 loss=2.1816
G epoch=8/15 loss=2.0511
G epoch=9/15 loss=1.9824
G epoch=10/15 loss=1.8867
G epoch=11/15 loss=1.7779
G epoch=12/15 loss=1.7250
G epoch=13/15 loss=1.6511
G epoch=14/15 loss=1.5856
G epoch=15/15 loss=1.5155

[2/3] pretrain D
D step=1/8 epoch=1/2 loss=0.9130 l2=0.2000 label_smoothing=0.000
D step=1/8 epoch=2/2 loss=0.7333 l2=0.2000 label_smoothing=0.000
D step=2/8 epoch=1/2 loss=0.6310 l2=0.2000 label_smoothing=0.000
D step=2/8 epoch=2/2 loss=0.5524 l2=0.2000 label_smoothing=0.000
D step=3/8 epoch=1/2 loss=0.4656 l2=0.2000 label_smoothing=0.000
D step=3/8 epoch=2/2 loss=0.3842 l2=0.2000 label_smoothing=0.000
D step=4/8 epoch=1/2 loss=0.3323 l2=0.2000 label_smoothing=0.000
D step=4/8 epoch=2/2 loss=0.2778 l2=0.2000 label_smoothing=0.000
D step=5/8 epoch=1/2 loss=0.2215 l2=0.2000 label_smoothing=0.000
D step=5/8 epoch=2/2 loss=0.1881 l2=0.2000 label_smoothing=0.000
D step=6/8 epoch=1/2 loss=0.1605 l2=0.2000 label_smoothing=0.000
D step=6/8 epoch=2/2 loss=0.1472 l2=0.2000 label_smoothing=0.000
D step=7/8 epoch=1/2 loss=0.1373 l2=0.2000 label_smoothing=0.000
D step=7/8 epoch=2/2 loss=0.1192 l2=0.2000 label_smoothing=0.000
D step=8/8 epoch=1/2 loss=0.1197 l2=0.2000 label_smoothing=0.000
D step=8/8 epoch=2/2 loss=0.1047 l2=0.2000 label_smoothing=0.000

[3/3] adversarial
generator_reward_mode=off reward_alpha=1.000 d_steps=3 d_epochs=1
D step=1/3 epoch=1/1 loss=0.1227 l2=0.2000 label_smoothing=0.000
D step=2/3 epoch=1/1 loss=0.1126 l2=0.2000 label_smoothing=0.000
D step=3/3 epoch=1/1 loss=0.0993 l2=0.2000 label_smoothing=0.000
ADV epoch=1/6 g_loss=0.0499 d_loss=0.1115 reward=0.0259 reward_var=0.0015 unique=1.0000
D step=1/3 epoch=1/1 loss=0.0968 l2=0.2000 label_smoothing=0.000
D step=2/3 epoch=1/1 loss=0.0806 l2=0.2000 label_smoothing=0.000
D step=3/3 epoch=1/1 loss=0.0834 l2=0.2000 label_smoothing=0.000
ADV epoch=2/6 g_loss=0.0614 d_loss=0.0870 reward=0.0320 reward_var=0.0030 unique=1.0000
D step=1/3 epoch=1/1 loss=0.0889 l2=0.2000 label_smoothing=0.000
D step=2/3 epoch=1/1 loss=0.0850 l2=0.2000 label_smoothing=0.000
D step=3/3 epoch=1/1 loss=0.0737 l2=0.2000 label_smoothing=0.000
ADV epoch=3/6 g_loss=0.0297 d_loss=0.0825 reward=0.0169 reward_var=0.0021 unique=1.0000
saved 200 raw samples to /content/drive/MyDrive/GAN/GAN_SQLi_Colab/results_seqgan_only_mini/phase2a/seqgan_master/error/E/R50/generated_payloads.csv
