
[1/3] pretrain G
G epoch=1/80 loss=5.7147
G epoch=2/80 loss=5.6310
G epoch=3/80 loss=5.5451
G epoch=4/80 loss=5.4294
G epoch=5/80 loss=5.2770
G epoch=6/80 loss=5.0878
G epoch=7/80 loss=4.8672
G epoch=8/80 loss=4.5916
G epoch=9/80 loss=4.4231
G epoch=10/80 loss=4.2059
G epoch=11/80 loss=4.0535
G epoch=12/80 loss=3.9788
G epoch=13/80 loss=3.8816
G epoch=14/80 loss=3.8442
G epoch=15/80 loss=3.8165
G epoch=16/80 loss=3.7502
G epoch=17/80 loss=3.6752
G epoch=18/80 loss=3.5879
G epoch=19/80 loss=3.5420
G epoch=20/80 loss=3.4855
G epoch=21/80 loss=3.4365
G epoch=22/80 loss=3.3643
G epoch=23/80 loss=3.2601
G epoch=24/80 loss=3.2207
G epoch=25/80 loss=3.1874
G epoch=26/80 loss=3.1299
G epoch=27/80 loss=3.0856
G epoch=28/80 loss=3.0609
G epoch=29/80 loss=2.9809
G epoch=30/80 loss=2.9195
G epoch=31/80 loss=2.8366
G epoch=32/80 loss=2.7956
G epoch=33/80 loss=2.7679
G epoch=34/80 loss=2.7867
G epoch=35/80 loss=2.7086
G epoch=36/80 loss=2.6592
G epoch=37/80 loss=2.6404
G epoch=38/80 loss=2.6140
G epoch=39/80 loss=2.5400
G epoch=40/80 loss=2.5291
G epoch=41/80 loss=2.4131
G epoch=42/80 loss=2.4368
G epoch=43/80 loss=2.3669
G epoch=44/80 loss=2.3383
G epoch=45/80 loss=2.2699
G epoch=46/80 loss=2.2629
G epoch=47/80 loss=2.2356
G epoch=48/80 loss=2.2077
G epoch=49/80 loss=2.1081
G epoch=50/80 loss=2.0548
G epoch=51/80 loss=2.0469
G epoch=52/80 loss=2.0352
G epoch=53/80 loss=1.9896
G epoch=54/80 loss=1.9831
G epoch=55/80 loss=1.9997
G epoch=56/80 loss=1.9184
G epoch=57/80 loss=1.8561
G epoch=58/80 loss=1.8671
G epoch=59/80 loss=1.8138
G epoch=60/80 loss=1.8017
G epoch=61/80 loss=1.7925
G epoch=62/80 loss=1.7937
G epoch=63/80 loss=1.7532
G epoch=64/80 loss=1.6996
G epoch=65/80 loss=1.6453
G epoch=66/80 loss=1.7140
G epoch=67/80 loss=1.6709
G epoch=68/80 loss=1.6467
G epoch=69/80 loss=1.5877
G epoch=70/80 loss=1.6042
G epoch=71/80 loss=1.5344
G epoch=72/80 loss=1.5326
G epoch=73/80 loss=1.5295
G epoch=74/80 loss=1.4660
G epoch=75/80 loss=1.4916
G epoch=76/80 loss=1.4635
G epoch=77/80 loss=1.4865
G epoch=78/80 loss=1.4207
G epoch=79/80 loss=1.3848
G epoch=80/80 loss=1.3444

[2/3] pretrain D
D step=1/30 epoch=1/3 loss=0.7767 l2=0.2000 label_smoothing=0.050
D step=1/30 epoch=2/3 loss=0.7702 l2=0.2000 label_smoothing=0.050
D step=1/30 epoch=3/3 loss=0.7364 l2=0.2000 label_smoothing=0.050
D step=2/30 epoch=1/3 loss=0.7470 l2=0.2000 label_smoothing=0.050
D step=2/30 epoch=2/3 loss=0.7447 l2=0.2000 label_smoothing=0.050
D step=2/30 epoch=3/3 loss=0.7240 l2=0.2000 label_smoothing=0.050
D step=3/30 epoch=1/3 loss=0.7105 l2=0.2000 label_smoothing=0.050
D step=3/30 epoch=2/3 loss=0.7363 l2=0.2000 label_smoothing=0.050
D step=3/30 epoch=3/3 loss=0.7030 l2=0.2000 label_smoothing=0.050
D step=4/30 epoch=1/3 loss=0.7136 l2=0.2000 label_smoothing=0.050
D step=4/30 epoch=2/3 loss=0.6888 l2=0.2000 label_smoothing=0.050
D step=4/30 epoch=3/3 loss=0.6681 l2=0.2000 label_smoothing=0.050
D step=5/30 epoch=1/3 loss=0.6795 l2=0.2000 label_smoothing=0.050
D step=5/30 epoch=2/3 loss=0.6706 l2=0.2000 label_smoothing=0.050
D step=5/30 epoch=3/3 loss=0.6747 l2=0.2000 label_smoothing=0.050
D step=6/30 epoch=1/3 loss=0.6728 l2=0.2000 label_smoothing=0.050
D step=6/30 epoch=2/3 loss=0.6529 l2=0.2000 label_smoothing=0.050
D step=6/30 epoch=3/3 loss=0.6499 l2=0.2000 label_smoothing=0.050
D step=7/30 epoch=1/3 loss=0.6283 l2=0.2000 label_smoothing=0.050
D step=7/30 epoch=2/3 loss=0.6403 l2=0.2000 label_smoothing=0.050
D step=7/30 epoch=3/3 loss=0.6210 l2=0.2000 label_smoothing=0.050
D step=8/30 epoch=1/3 loss=0.6117 l2=0.2000 label_smoothing=0.050
D step=8/30 epoch=2/3 loss=0.5892 l2=0.2000 label_smoothing=0.050
D step=8/30 epoch=3/3 loss=0.5881 l2=0.2000 label_smoothing=0.050
D step=9/30 epoch=1/3 loss=0.5700 l2=0.2000 label_smoothing=0.050
D step=9/30 epoch=2/3 loss=0.5693 l2=0.2000 label_smoothing=0.050
D step=9/30 epoch=3/3 loss=0.5581 l2=0.2000 label_smoothing=0.050
D step=10/30 epoch=1/3 loss=0.5448 l2=0.2000 label_smoothing=0.050
D step=10/30 epoch=2/3 loss=0.5402 l2=0.2000 label_smoothing=0.050
D step=10/30 epoch=3/3 loss=0.5279 l2=0.2000 label_smoothing=0.050
D step=11/30 epoch=1/3 loss=0.5501 l2=0.2000 label_smoothing=0.050
D step=11/30 epoch=2/3 loss=0.5217 l2=0.2000 label_smoothing=0.050
D step=11/30 epoch=3/3 loss=0.4966 l2=0.2000 label_smoothing=0.050
D step=12/30 epoch=1/3 loss=0.4924 l2=0.2000 label_smoothing=0.050
D step=12/30 epoch=2/3 loss=0.4934 l2=0.2000 label_smoothing=0.050
D step=12/30 epoch=3/3 loss=0.4632 l2=0.2000 label_smoothing=0.050
D step=13/30 epoch=1/3 loss=0.4825 l2=0.2000 label_smoothing=0.050
D step=13/30 epoch=2/3 loss=0.4704 l2=0.2000 label_smoothing=0.050
D step=13/30 epoch=3/3 loss=0.4505 l2=0.2000 label_smoothing=0.050
D step=14/30 epoch=1/3 loss=0.4440 l2=0.2000 label_smoothing=0.050
D step=14/30 epoch=2/3 loss=0.4275 l2=0.2000 label_smoothing=0.050
D step=14/30 epoch=3/3 loss=0.4084 l2=0.2000 label_smoothing=0.050
D step=15/30 epoch=1/3 loss=0.4174 l2=0.2000 label_smoothing=0.050
D step=15/30 epoch=2/3 loss=0.4159 l2=0.2000 label_smoothing=0.050
D step=15/30 epoch=3/3 loss=0.4000 l2=0.2000 label_smoothing=0.050
D step=16/30 epoch=1/3 loss=0.4241 l2=0.2000 label_smoothing=0.050
D step=16/30 epoch=2/3 loss=0.4068 l2=0.2000 label_smoothing=0.050
D step=16/30 epoch=3/3 loss=0.3991 l2=0.2000 label_smoothing=0.050
D step=17/30 epoch=1/3 loss=0.3826 l2=0.2000 label_smoothing=0.050
D step=17/30 epoch=2/3 loss=0.3839 l2=0.2000 label_smoothing=0.050
D step=17/30 epoch=3/3 loss=0.3615 l2=0.2000 label_smoothing=0.050
D step=18/30 epoch=1/3 loss=0.3591 l2=0.2000 label_smoothing=0.050
D step=18/30 epoch=2/3 loss=0.3529 l2=0.2000 label_smoothing=0.050
D step=18/30 epoch=3/3 loss=0.3454 l2=0.2000 label_smoothing=0.050
D step=19/30 epoch=1/3 loss=0.3399 l2=0.2000 label_smoothing=0.050
D step=19/30 epoch=2/3 loss=0.3301 l2=0.2000 label_smoothing=0.050
D step=19/30 epoch=3/3 loss=0.3348 l2=0.2000 label_smoothing=0.050
D step=20/30 epoch=1/3 loss=0.3080 l2=0.2000 label_smoothing=0.050
D step=20/30 epoch=2/3 loss=0.3090 l2=0.2000 label_smoothing=0.050
D step=20/30 epoch=3/3 loss=0.2959 l2=0.2000 label_smoothing=0.050
D step=21/30 epoch=1/3 loss=0.3109 l2=0.2000 label_smoothing=0.050
D step=21/30 epoch=2/3 loss=0.3004 l2=0.2000 label_smoothing=0.050
D step=21/30 epoch=3/3 loss=0.2913 l2=0.2000 label_smoothing=0.050
D step=22/30 epoch=1/3 loss=0.2814 l2=0.2000 label_smoothing=0.050
D step=22/30 epoch=2/3 loss=0.2874 l2=0.2000 label_smoothing=0.050
D step=22/30 epoch=3/3 loss=0.2759 l2=0.2000 label_smoothing=0.050
D step=23/30 epoch=1/3 loss=0.3008 l2=0.2000 label_smoothing=0.050
D step=23/30 epoch=2/3 loss=0.3036 l2=0.2000 label_smoothing=0.050
D step=23/30 epoch=3/3 loss=0.2999 l2=0.2000 label_smoothing=0.050
D step=24/30 epoch=1/3 loss=0.2877 l2=0.2000 label_smoothing=0.050
D step=24/30 epoch=2/3 loss=0.2784 l2=0.2000 label_smoothing=0.050
D step=24/30 epoch=3/3 loss=0.2736 l2=0.2000 label_smoothing=0.050
D step=25/30 epoch=1/3 loss=0.2952 l2=0.2000 label_smoothing=0.050
D step=25/30 epoch=2/3 loss=0.2904 l2=0.2000 label_smoothing=0.050
D step=25/30 epoch=3/3 loss=0.2867 l2=0.2000 label_smoothing=0.050
D step=26/30 epoch=1/3 loss=0.2788 l2=0.2000 label_smoothing=0.050
D step=26/30 epoch=2/3 loss=0.2740 l2=0.2000 label_smoothing=0.050
D step=26/30 epoch=3/3 loss=0.2709 l2=0.2000 label_smoothing=0.050
D step=27/30 epoch=1/3 loss=0.2633 l2=0.2000 label_smoothing=0.050
D step=27/30 epoch=2/3 loss=0.2648 l2=0.2000 label_smoothing=0.050
D step=27/30 epoch=3/3 loss=0.2660 l2=0.2000 label_smoothing=0.050
D step=28/30 epoch=1/3 loss=0.2513 l2=0.2000 label_smoothing=0.050
D step=28/30 epoch=2/3 loss=0.2483 l2=0.2000 label_smoothing=0.050
D step=28/30 epoch=3/3 loss=0.2386 l2=0.2000 label_smoothing=0.050
D step=29/30 epoch=1/3 loss=0.2575 l2=0.2000 label_smoothing=0.050
D step=29/30 epoch=2/3 loss=0.2441 l2=0.2000 label_smoothing=0.050
D step=29/30 epoch=3/3 loss=0.2375 l2=0.2000 label_smoothing=0.050
D step=30/30 epoch=1/3 loss=0.2506 l2=0.2000 label_smoothing=0.050
D step=30/30 epoch=2/3 loss=0.2413 l2=0.2000 label_smoothing=0.050
D step=30/30 epoch=3/3 loss=0.2401 l2=0.2000 label_smoothing=0.050

[3/3] adversarial
generator_reward_mode=off reward_alpha=1.000 d_steps=5 d_epochs=3
D step=1/5 epoch=1/3 loss=0.2864 l2=0.2000 label_smoothing=0.050
D step=1/5 epoch=2/3 loss=0.2638 l2=0.2000 label_smoothing=0.050
D step=1/5 epoch=3/3 loss=0.2576 l2=0.2000 label_smoothing=0.050
D step=2/5 epoch=1/3 loss=0.2523 l2=0.2000 label_smoothing=0.050
D step=2/5 epoch=2/3 loss=0.2445 l2=0.2000 label_smoothing=0.050
D step=2/5 epoch=3/3 loss=0.2486 l2=0.2000 label_smoothing=0.050
D step=3/5 epoch=1/3 loss=0.2548 l2=0.2000 label_smoothing=0.050
D step=3/5 epoch=2/3 loss=0.2356 l2=0.2000 label_smoothing=0.050
D step=3/5 epoch=3/3 loss=0.2300 l2=0.2000 label_smoothing=0.050
D step=4/5 epoch=1/3 loss=0.2681 l2=0.2000 label_smoothing=0.050
D step=4/5 epoch=2/3 loss=0.2741 l2=0.2000 label_smoothing=0.050
D step=4/5 epoch=3/3 loss=0.2584 l2=0.2000 label_smoothing=0.050
D step=5/5 epoch=1/3 loss=0.2615 l2=0.2000 label_smoothing=0.050
D step=5/5 epoch=2/3 loss=0.2570 l2=0.2000 label_smoothing=0.050
D step=5/5 epoch=3/3 loss=0.2483 l2=0.2000 label_smoothing=0.050
ADV epoch=1/60 g_loss=0.1544 d_loss=0.2561 reward=0.0744 reward_var=0.0084 unique=0.9800
D step=1/5 epoch=1/3 loss=0.2836 l2=0.2000 label_smoothing=0.050
D step=1/5 epoch=2/3 loss=0.2654 l2=0.2000 label_smoothing=0.050
D step=1/5 epoch=3/3 loss=0.2615 l2=0.2000 label_smoothing=0.050
D step=2/5 epoch=1/3 loss=0.2886 l2=0.2000 label_smoothing=0.050
D step=2/5 epoch=2/3 loss=0.2812 l2=0.2000 label_smoothing=0.050
D step=2/5 epoch=3/3 loss=0.2852 l2=0.2000 label_smoothing=0.050
D step=3/5 epoch=1/3 loss=0.2517 l2=0.2000 label_smoothing=0.050
D step=3/5 epoch=2/3 loss=0.2422 l2=0.2000 label_smoothing=0.050
D step=3/5 epoch=3/3 loss=0.2369 l2=0.2000 label_smoothing=0.050
D step=4/5 epoch=1/3 loss=0.2583 l2=0.2000 label_smoothing=0.050
D step=4/5 epoch=2/3 loss=0.2578 l2=0.2000 label_smoothing=0.050
D step=4/5 epoch=3/3 loss=0.2504 l2=0.2000 label_smoothing=0.050
D step=5/5 epoch=1/3 loss=0.2675 l2=0.2000 label_smoothing=0.050
D step=5/5 epoch=2/3 loss=0.2640 l2=0.2000 label_smoothing=0.050
D step=5/5 epoch=3/3 loss=0.2584 l2=0.2000 label_smoothing=0.050
ADV epoch=2/60 g_loss=0.1249 d_loss=0.2635 reward=0.0637 reward_var=0.0056 unique=0.9600
D step=1/5 epoch=1/3 loss=0.2444 l2=0.2000 label_smoothing=0.050
D step=1/5 epoch=2/3 loss=0.2386 l2=0.2000 label_smoothing=0.050
D step=1/5 epoch=3/3 loss=0.2326 l2=0.2000 label_smoothing=0.050
D step=2/5 epoch=1/3 loss=0.2492 l2=0.2000 label_smoothing=0.050
D step=2/5 epoch=2/3 loss=0.2407 l2=0.2000 label_smoothing=0.050
D step=2/5 epoch=3/3 loss=0.2375 l2=0.2000 label_smoothing=0.050
D step=3/5 epoch=1/3 loss=0.2390 l2=0.2000 label_smoothing=0.050
D step=3/5 epoch=2/3 loss=0.2272 l2=0.2000 label_smoothing=0.050
D step=3/5 epoch=3/3 loss=0.2225 l2=0.2000 label_smoothing=0.050
D step=4/5 epoch=1/3 loss=0.2317 l2=0.2000 label_smoothing=0.050
D step=4/5 epoch=2/3 loss=0.2223 l2=0.2000 label_smoothing=0.050
D step=4/5 epoch=3/3 loss=0.2217 l2=0.2000 label_smoothing=0.050
D step=5/5 epoch=1/3 loss=0.2732 l2=0.2000 label_smoothing=0.050
D step=5/5 epoch=2/3 loss=0.2639 l2=0.2000 label_smoothing=0.050
D step=5/5 epoch=3/3 loss=0.2623 l2=0.2000 label_smoothing=0.050
ADV epoch=3/60 g_loss=0.0976 d_loss=0.2405 reward=0.0623 reward_var=0.0077 unique=0.9800
D step=1/5 epoch=1/3 loss=0.2628 l2=0.2000 label_smoothing=0.050
D step=1/5 epoch=2/3 loss=0.2507 l2=0.2000 label_smoothing=0.050
D step=1/5 epoch=3/3 loss=0.2501 l2=0.2000 label_smoothing=0.050
D step=2/5 epoch=1/3 loss=0.2507 l2=0.2000 label_smoothing=0.050
D step=2/5 epoch=2/3 loss=0.2486 l2=0.2000 label_smoothing=0.050
D step=2/5 epoch=3/3 loss=0.2407 l2=0.2000 label_smoothing=0.050
D step=3/5 epoch=1/3 loss=0.2455 l2=0.2000 label_smoothing=0.050
D step=3/5 epoch=2/3 loss=0.2367 l2=0.2000 label_smoothing=0.050
D step=3/5 epoch=3/3 loss=0.2343 l2=0.2000 label_smoothing=0.050
D step=4/5 epoch=1/3 loss=0.2365 l2=0.2000 label_smoothing=0.050
D step=4/5 epoch=2/3 loss=0.2369 l2=0.2000 label_smoothing=0.050
D step=4/5 epoch=3/3 loss=0.2346 l2=0.2000 label_smoothing=0.050
D step=5/5 epoch=1/3 loss=0.2317 l2=0.2000 label_smoothing=0.050
D step=5/5 epoch=2/3 loss=0.2292 l2=0.2000 label_smoothing=0.050
D step=5/5 epoch=3/3 loss=0.2260 l2=0.2000 label_smoothing=0.050
ADV epoch=4/60 g_loss=0.1266 d_loss=0.2410 reward=0.0725 reward_var=0.0052 unique=0.9800
D step=1/5 epoch=1/3 loss=0.2393 l2=0.2000 label_smoothing=0.050
D step=1/5 epoch=2/3 loss=0.2348 l2=0.2000 label_smoothing=0.050
D step=1/5 epoch=3/3 loss=0.2312 l2=0.2000 label_smoothing=0.050
D step=2/5 epoch=1/3 loss=0.2590 l2=0.2000 label_smoothing=0.050
D step=2/5 epoch=2/3 loss=0.2523 l2=0.2000 label_smoothing=0.050
D step=2/5 epoch=3/3 loss=0.2508 l2=0.2000 label_smoothing=0.050
D step=3/5 epoch=1/3 loss=0.2167 l2=0.2000 label_smoothing=0.050
D step=3/5 epoch=2/3 loss=0.2198 l2=0.2000 label_smoothing=0.050
D step=3/5 epoch=3/3 loss=0.2170 l2=0.2000 label_smoothing=0.050
D step=4/5 epoch=1/3 loss=0.2316 l2=0.2000 label_smoothing=0.050
D step=4/5 epoch=2/3 loss=0.2336 l2=0.2000 label_smoothing=0.050
D step=4/5 epoch=3/3 loss=0.2270 l2=0.2000 label_smoothing=0.050
D step=5/5 epoch=1/3 loss=0.2461 l2=0.2000 label_smoothing=0.050
D step=5/5 epoch=2/3 loss=0.2453 l2=0.2000 label_smoothing=0.050
D step=5/5 epoch=3/3 loss=0.2428 l2=0.2000 label_smoothing=0.050
ADV epoch=5/60 g_loss=0.0688 d_loss=0.2365 reward=0.0572 reward_var=0.0071 unique=0.9600
D step=1/5 epoch=1/3 loss=0.2237 l2=0.2000 label_smoothing=0.050
D step=1/5 epoch=2/3 loss=0.2098 l2=0.2000 label_smoothing=0.050
D step=1/5 epoch=3/3 loss=0.2136 l2=0.2000 label_smoothing=0.050
D step=2/5 epoch=1/3 loss=0.2606 l2=0.2000 label_smoothing=0.050
D step=2/5 epoch=2/3 loss=0.2473 l2=0.2000 label_smoothing=0.050
D step=2/5 epoch=3/3 loss=0.2470 l2=0.2000 label_smoothing=0.050
D step=3/5 epoch=1/3 loss=0.2447 l2=0.2000 label_smoothing=0.050
D step=3/5 epoch=2/3 loss=0.2362 l2=0.2000 label_smoothing=0.050
D step=3/5 epoch=3/3 loss=0.2367 l2=0.2000 label_smoothing=0.050
D step=4/5 epoch=1/3 loss=0.2449 l2=0.2000 label_smoothing=0.050
D step=4/5 epoch=2/3 loss=0.2466 l2=0.2000 label_smoothing=0.050
D step=4/5 epoch=3/3 loss=0.2428 l2=0.2000 label_smoothing=0.050
D step=5/5 epoch=1/3 loss=0.2224 l2=0.2000 label_smoothing=0.050
D step=5/5 epoch=2/3 loss=0.2232 l2=0.2000 label_smoothing=0.050
D step=5/5 epoch=3/3 loss=0.2257 l2=0.2000 label_smoothing=0.050
ADV epoch=6/60 g_loss=0.1109 d_loss=0.2350 reward=0.0802 reward_var=0.0099 unique=0.9400
D step=1/5 epoch=1/3 loss=0.2556 l2=0.2000 label_smoothing=0.050
D step=1/5 epoch=2/3 loss=0.2451 l2=0.2000 label_smoothing=0.050
D step=1/5 epoch=3/3 loss=0.2460 l2=0.2000 label_smoothing=0.050
D step=2/5 epoch=1/3 loss=0.2423 l2=0.2000 label_smoothing=0.050
D step=2/5 epoch=2/3 loss=0.2428 l2=0.2000 label_smoothing=0.050
D step=2/5 epoch=3/3 loss=0.2372 l2=0.2000 label_smoothing=0.050
D step=3/5 epoch=1/3 loss=0.2606 l2=0.2000 label_smoothing=0.050
D step=3/5 epoch=2/3 loss=0.2600 l2=0.2000 label_smoothing=0.050
D step=3/5 epoch=3/3 loss=0.2561 l2=0.2000 label_smoothing=0.050
D step=4/5 epoch=1/3 loss=0.2193 l2=0.2000 label_smoothing=0.050
D step=4/5 epoch=2/3 loss=0.2116 l2=0.2000 label_smoothing=0.050
D step=4/5 epoch=3/3 loss=0.2113 l2=0.2000 label_smoothing=0.050
D step=5/5 epoch=1/3 loss=0.2474 l2=0.2000 label_smoothing=0.050
D step=5/5 epoch=2/3 loss=0.2500 l2=0.2000 label_smoothing=0.050
D step=5/5 epoch=3/3 loss=0.2529 l2=0.2000 label_smoothing=0.050
ADV epoch=7/60 g_loss=0.1316 d_loss=0.2425 reward=0.1092 reward_var=0.0114 unique=0.9200
D step=1/5 epoch=1/3 loss=0.2068 l2=0.2000 label_smoothing=0.050
D step=1/5 epoch=2/3 loss=0.2045 l2=0.2000 label_smoothing=0.050
D step=1/5 epoch=3/3 loss=0.2015 l2=0.2000 label_smoothing=0.050
D step=2/5 epoch=1/3 loss=0.2475 l2=0.2000 label_smoothing=0.050
D step=2/5 epoch=2/3 loss=0.2411 l2=0.2000 label_smoothing=0.050
D step=2/5 epoch=3/3 loss=0.2450 l2=0.2000 label_smoothing=0.050
D step=3/5 epoch=1/3 loss=0.2438 l2=0.2000 label_smoothing=0.050
D step=3/5 epoch=2/3 loss=0.2355 l2=0.2000 label_smoothing=0.050
D step=3/5 epoch=3/3 loss=0.2303 l2=0.2000 label_smoothing=0.050
D step=4/5 epoch=1/3 loss=0.2680 l2=0.2000 label_smoothing=0.050
D step=4/5 epoch=2/3 loss=0.2499 l2=0.2000 label_smoothing=0.050
D step=4/5 epoch=3/3 loss=0.2547 l2=0.2000 label_smoothing=0.050
D step=5/5 epoch=1/3 loss=0.2320 l2=0.2000 label_smoothing=0.050
D step=5/5 epoch=2/3 loss=0.2289 l2=0.2000 label_smoothing=0.050
D step=5/5 epoch=3/3 loss=0.2328 l2=0.2000 label_smoothing=0.050
ADV epoch=8/60 g_loss=0.0931 d_loss=0.2348 reward=0.0981 reward_var=0.0107 unique=0.8600
D step=1/5 epoch=1/3 loss=0.2480 l2=0.2000 label_smoothing=0.050
D step=1/5 epoch=2/3 loss=0.2411 l2=0.2000 label_smoothing=0.050
D step=1/5 epoch=3/3 loss=0.2341 l2=0.2000 label_smoothing=0.050
D step=2/5 epoch=1/3 loss=0.2234 l2=0.2000 label_smoothing=0.050
D step=2/5 epoch=2/3 loss=0.2225 l2=0.2000 label_smoothing=0.050
D step=2/5 epoch=3/3 loss=0.2183 l2=0.2000 label_smoothing=0.050
D step=3/5 epoch=1/3 loss=0.2532 l2=0.2000 label_smoothing=0.050
D step=3/5 epoch=2/3 loss=0.2443 l2=0.2000 label_smoothing=0.050
D step=3/5 epoch=3/3 loss=0.2501 l2=0.2000 label_smoothing=0.050
D step=4/5 epoch=1/3 loss=0.2539 l2=0.2000 label_smoothing=0.050
D step=4/5 epoch=2/3 loss=0.2448 l2=0.2000 label_smoothing=0.050
D step=4/5 epoch=3/3 loss=0.2448 l2=0.2000 label_smoothing=0.050
D step=5/5 epoch=1/3 loss=0.2333 l2=0.2000 label_smoothing=0.050
D step=5/5 epoch=2/3 loss=0.2290 l2=0.2000 label_smoothing=0.050
D step=5/5 epoch=3/3 loss=0.2352 l2=0.2000 label_smoothing=0.050
ADV epoch=9/60 g_loss=0.0836 d_loss=0.2384 reward=0.0882 reward_var=0.0109 unique=0.7600
D step=1/5 epoch=1/3 loss=0.2562 l2=0.2000 label_smoothing=0.050
D step=1/5 epoch=2/3 loss=0.2491 l2=0.2000 label_smoothing=0.050
D step=1/5 epoch=3/3 loss=0.2469 l2=0.2000 label_smoothing=0.050
D step=2/5 epoch=1/3 loss=0.2229 l2=0.2000 label_smoothing=0.050
D step=2/5 epoch=2/3 loss=0.2216 l2=0.2000 label_smoothing=0.050
D step=2/5 epoch=3/3 loss=0.2145 l2=0.2000 label_smoothing=0.050
D step=3/5 epoch=1/3 loss=0.2349 l2=0.2000 label_smoothing=0.050
D step=3/5 epoch=2/3 loss=0.2373 l2=0.2000 label_smoothing=0.050
D step=3/5 epoch=3/3 loss=0.2327 l2=0.2000 label_smoothing=0.050
D step=4/5 epoch=1/3 loss=0.2304 l2=0.2000 label_smoothing=0.050
D step=4/5 epoch=2/3 loss=0.2286 l2=0.2000 label_smoothing=0.050
D step=4/5 epoch=3/3 loss=0.2290 l2=0.2000 label_smoothing=0.050
D step=5/5 epoch=1/3 loss=0.2163 l2=0.2000 label_smoothing=0.050
D step=5/5 epoch=2/3 loss=0.2148 l2=0.2000 label_smoothing=0.050
D step=5/5 epoch=3/3 loss=0.2183 l2=0.2000 label_smoothing=0.050
ADV epoch=10/60 g_loss=0.0749 d_loss=0.2302 reward=0.0917 reward_var=0.0070 unique=0.7400
D step=1/5 epoch=1/3 loss=0.2722 l2=0.2000 label_smoothing=0.050
D step=1/5 epoch=2/3 loss=0.2537 l2=0.2000 label_smoothing=0.050
D step=1/5 epoch=3/3 loss=0.2507 l2=0.2000 label_smoothing=0.050
D step=2/5 epoch=1/3 loss=0.2297 l2=0.2000 label_smoothing=0.050
D step=2/5 epoch=2/3 loss=0.2232 l2=0.2000 label_smoothing=0.050
D step=2/5 epoch=3/3 loss=0.2232 l2=0.2000 label_smoothing=0.050
D step=3/5 epoch=1/3 loss=0.2647 l2=0.2000 label_smoothing=0.050
D step=3/5 epoch=2/3 loss=0.2656 l2=0.2000 label_smoothing=0.050
D step=3/5 epoch=3/3 loss=0.2625 l2=0.2000 label_smoothing=0.050
D step=4/5 epoch=1/3 loss=0.2480 l2=0.2000 label_smoothing=0.050
D step=4/5 epoch=2/3 loss=0.2373 l2=0.2000 label_smoothing=0.050
D step=4/5 epoch=3/3 loss=0.2433 l2=0.2000 label_smoothing=0.050
D step=5/5 epoch=1/3 loss=0.2439 l2=0.2000 label_smoothing=0.050
D step=5/5 epoch=2/3 loss=0.2387 l2=0.2000 label_smoothing=0.050
D step=5/5 epoch=3/3 loss=0.2362 l2=0.2000 label_smoothing=0.050
ADV epoch=11/60 g_loss=0.0609 d_loss=0.2462 reward=0.0747 reward_var=0.0097 unique=0.5600
D step=1/5 epoch=1/3 loss=0.2170 l2=0.2000 label_smoothing=0.050
D step=1/5 epoch=2/3 loss=0.2153 l2=0.2000 label_smoothing=0.050
D step=1/5 epoch=3/3 loss=0.2168 l2=0.2000 label_smoothing=0.050
D step=2/5 epoch=1/3 loss=0.2473 l2=0.2000 label_smoothing=0.050
D step=2/5 epoch=2/3 loss=0.2490 l2=0.2000 label_smoothing=0.050
D step=2/5 epoch=3/3 loss=0.2439 l2=0.2000 label_smoothing=0.050
D step=3/5 epoch=1/3 loss=0.2425 l2=0.2000 label_smoothing=0.050
D step=3/5 epoch=2/3 loss=0.2403 l2=0.2000 label_smoothing=0.050
D step=3/5 epoch=3/3 loss=0.2434 l2=0.2000 label_smoothing=0.050
D step=4/5 epoch=1/3 loss=0.2465 l2=0.2000 label_smoothing=0.050
D step=4/5 epoch=2/3 loss=0.2484 l2=0.2000 label_smoothing=0.050
D step=4/5 epoch=3/3 loss=0.2389 l2=0.2000 label_smoothing=0.050
D step=5/5 epoch=1/3 loss=0.2206 l2=0.2000 label_smoothing=0.050
D step=5/5 epoch=2/3 loss=0.2177 l2=0.2000 label_smoothing=0.050
D step=5/5 epoch=3/3 loss=0.2229 l2=0.2000 label_smoothing=0.050
ADV epoch=12/60 g_loss=0.0780 d_loss=0.2340 reward=0.0975 reward_var=0.0121 unique=0.6800
D step=1/5 epoch=1/3 loss=0.2394 l2=0.2000 label_smoothing=0.050
D step=1/5 epoch=2/3 loss=0.2392 l2=0.2000 label_smoothing=0.050
D step=1/5 epoch=3/3 loss=0.2359 l2=0.2000 label_smoothing=0.050
D step=2/5 epoch=1/3 loss=0.2746 l2=0.2000 label_smoothing=0.050
D step=2/5 epoch=2/3 loss=0.2762 l2=0.2000 label_smoothing=0.050
D step=2/5 epoch=3/3 loss=0.2707 l2=0.2000 label_smoothing=0.050
D step=3/5 epoch=1/3 loss=0.2619 l2=0.2000 label_smoothing=0.050
D step=3/5 epoch=2/3 loss=0.2508 l2=0.2000 label_smoothing=0.050
D step=3/5 epoch=3/3 loss=0.2410 l2=0.2000 label_smoothing=0.050
D step=4/5 epoch=1/3 loss=0.2686 l2=0.2000 label_smoothing=0.050
D step=4/5 epoch=2/3 loss=0.2647 l2=0.2000 label_smoothing=0.050
D step=4/5 epoch=3/3 loss=0.2618 l2=0.2000 label_smoothing=0.050
D step=5/5 epoch=1/3 loss=0.2531 l2=0.2000 label_smoothing=0.050
D step=5/5 epoch=2/3 loss=0.2529 l2=0.2000 label_smoothing=0.050
D step=5/5 epoch=3/3 loss=0.2531 l2=0.2000 label_smoothing=0.050
ADV epoch=13/60 g_loss=0.0486 d_loss=0.2563 reward=0.0649 reward_var=0.0055 unique=0.6800
D step=1/5 epoch=1/3 loss=0.2465 l2=0.2000 label_smoothing=0.050
D step=1/5 epoch=2/3 loss=0.2451 l2=0.2000 label_smoothing=0.050
D step=1/5 epoch=3/3 loss=0.2381 l2=0.2000 label_smoothing=0.050
D step=2/5 epoch=1/3 loss=0.2445 l2=0.2000 label_smoothing=0.050
D step=2/5 epoch=2/3 loss=0.2436 l2=0.2000 label_smoothing=0.050
D step=2/5 epoch=3/3 loss=0.2447 l2=0.2000 label_smoothing=0.050
D step=3/5 epoch=1/3 loss=0.2678 l2=0.2000 label_smoothing=0.050
D step=3/5 epoch=2/3 loss=0.2633 l2=0.2000 label_smoothing=0.050
D step=3/5 epoch=3/3 loss=0.2725 l2=0.2000 label_smoothing=0.050
D step=4/5 epoch=1/3 loss=0.2496 l2=0.2000 label_smoothing=0.050
D step=4/5 epoch=2/3 loss=0.2508 l2=0.2000 label_smoothing=0.050
D step=4/5 epoch=3/3 loss=0.2452 l2=0.2000 label_smoothing=0.050
D step=5/5 epoch=1/3 loss=0.2525 l2=0.2000 label_smoothing=0.050
D step=5/5 epoch=2/3 loss=0.2536 l2=0.2000 label_smoothing=0.050
D step=5/5 epoch=3/3 loss=0.2480 l2=0.2000 label_smoothing=0.050
ADV epoch=14/60 g_loss=0.0597 d_loss=0.2511 reward=0.0757 reward_var=0.0027 unique=0.6200
D step=1/5 epoch=1/3 loss=0.2665 l2=0.2000 label_smoothing=0.050
D step=1/5 epoch=2/3 loss=0.2555 l2=0.2000 label_smoothing=0.050
D step=1/5 epoch=3/3 loss=0.2560 l2=0.2000 label_smoothing=0.050
D step=2/5 epoch=1/3 loss=0.2096 l2=0.2000 label_smoothing=0.050
D step=2/5 epoch=2/3 loss=0.2098 l2=0.2000 label_smoothing=0.050
D step=2/5 epoch=3/3 loss=0.2060 l2=0.2000 label_smoothing=0.050
D step=3/5 epoch=1/3 loss=0.2328 l2=0.2000 label_smoothing=0.050
D step=3/5 epoch=2/3 loss=0.2340 l2=0.2000 label_smoothing=0.050
D step=3/5 epoch=3/3 loss=0.2382 l2=0.2000 label_smoothing=0.050
D step=4/5 epoch=1/3 loss=0.2394 l2=0.2000 label_smoothing=0.050
D step=4/5 epoch=2/3 loss=0.2412 l2=0.2000 label_smoothing=0.050
D step=4/5 epoch=3/3 loss=0.2373 l2=0.2000 label_smoothing=0.050
D step=5/5 epoch=1/3 loss=0.2405 l2=0.2000 label_smoothing=0.050
D step=5/5 epoch=2/3 loss=0.2372 l2=0.2000 label_smoothing=0.050
D step=5/5 epoch=3/3 loss=0.2374 l2=0.2000 label_smoothing=0.050
ADV epoch=15/60 g_loss=0.0892 d_loss=0.2361 reward=0.1242 reward_var=0.0075 unique=0.6800
D step=1/5 epoch=1/3 loss=0.2669 l2=0.2000 label_smoothing=0.050
D step=1/5 epoch=2/3 loss=0.2490 l2=0.2000 label_smoothing=0.050
D step=1/5 epoch=3/3 loss=0.2555 l2=0.2000 label_smoothing=0.050
D step=2/5 epoch=1/3 loss=0.2473 l2=0.2000 label_smoothing=0.050
D step=2/5 epoch=2/3 loss=0.2461 l2=0.2000 label_smoothing=0.050
D step=2/5 epoch=3/3 loss=0.2446 l2=0.2000 label_smoothing=0.050
D step=3/5 epoch=1/3 loss=0.2750 l2=0.2000 label_smoothing=0.050
D step=3/5 epoch=2/3 loss=0.2734 l2=0.2000 label_smoothing=0.050
D step=3/5 epoch=3/3 loss=0.2820 l2=0.2000 label_smoothing=0.050
D step=4/5 epoch=1/3 loss=0.2180 l2=0.2000 label_smoothing=0.050
D step=4/5 epoch=2/3 loss=0.2186 l2=0.2000 label_smoothing=0.050
D step=4/5 epoch=3/3 loss=0.2149 l2=0.2000 label_smoothing=0.050
D step=5/5 epoch=1/3 loss=0.2039 l2=0.2000 label_smoothing=0.050
D step=5/5 epoch=2/3 loss=0.2067 l2=0.2000 label_smoothing=0.050
D step=5/5 epoch=3/3 loss=0.2062 l2=0.2000 label_smoothing=0.050
ADV epoch=16/60 g_loss=0.0701 d_loss=0.2405 reward=0.0981 reward_var=0.0052 unique=0.5600
D step=1/5 epoch=1/3 loss=0.2679 l2=0.2000 label_smoothing=0.050
D step=1/5 epoch=2/3 loss=0.2565 l2=0.2000 label_smoothing=0.050
D step=1/5 epoch=3/3 loss=0.2529 l2=0.2000 label_smoothing=0.050
D step=2/5 epoch=1/3 loss=0.2546 l2=0.2000 label_smoothing=0.050
D step=2/5 epoch=2/3 loss=0.2508 l2=0.2000 label_smoothing=0.050
D step=2/5 epoch=3/3 loss=0.2561 l2=0.2000 label_smoothing=0.050
D step=3/5 epoch=1/3 loss=0.2482 l2=0.2000 label_smoothing=0.050
D step=3/5 epoch=2/3 loss=0.2491 l2=0.2000 label_smoothing=0.050
D step=3/5 epoch=3/3 loss=0.2449 l2=0.2000 label_smoothing=0.050
D step=4/5 epoch=1/3 loss=0.2323 l2=0.2000 label_smoothing=0.050
D step=4/5 epoch=2/3 loss=0.2322 l2=0.2000 label_smoothing=0.050
D step=4/5 epoch=3/3 loss=0.2376 l2=0.2000 label_smoothing=0.050
D step=5/5 epoch=1/3 loss=0.2562 l2=0.2000 label_smoothing=0.050
D step=5/5 epoch=2/3 loss=0.2507 l2=0.2000 label_smoothing=0.050
D step=5/5 epoch=3/3 loss=0.2508 l2=0.2000 label_smoothing=0.050
ADV epoch=17/60 g_loss=0.0721 d_loss=0.2494 reward=0.1048 reward_var=0.0058 unique=0.5800
D step=1/5 epoch=1/3 loss=0.2442 l2=0.2000 label_smoothing=0.050
D step=1/5 epoch=2/3 loss=0.2275 l2=0.2000 label_smoothing=0.050
D step=1/5 epoch=3/3 loss=0.2340 l2=0.2000 label_smoothing=0.050
D step=2/5 epoch=1/3 loss=0.2425 l2=0.2000 label_smoothing=0.050
D step=2/5 epoch=2/3 loss=0.2391 l2=0.2000 label_smoothing=0.050
D step=2/5 epoch=3/3 loss=0.2362 l2=0.2000 label_smoothing=0.050
D step=3/5 epoch=1/3 loss=0.2454 l2=0.2000 label_smoothing=0.050
D step=3/5 epoch=2/3 loss=0.2408 l2=0.2000 label_smoothing=0.050
D step=3/5 epoch=3/3 loss=0.2350 l2=0.2000 label_smoothing=0.050
D step=4/5 epoch=1/3 loss=0.2492 l2=0.2000 label_smoothing=0.050
D step=4/5 epoch=2/3 loss=0.2464 l2=0.2000 label_smoothing=0.050
D step=4/5 epoch=3/3 loss=0.2436 l2=0.2000 label_smoothing=0.050
D step=5/5 epoch=1/3 loss=0.2700 l2=0.2000 label_smoothing=0.050
D step=5/5 epoch=2/3 loss=0.2673 l2=0.2000 label_smoothing=0.050
D step=5/5 epoch=3/3 loss=0.2652 l2=0.2000 label_smoothing=0.050
ADV epoch=18/60 g_loss=0.0684 d_loss=0.2458 reward=0.1067 reward_var=0.0047 unique=0.6400
D step=1/5 epoch=1/3 loss=0.2143 l2=0.2000 label_smoothing=0.050
D step=1/5 epoch=2/3 loss=0.2083 l2=0.2000 label_smoothing=0.050
D step=1/5 epoch=3/3 loss=0.2079 l2=0.2000 label_smoothing=0.050
D step=2/5 epoch=1/3 loss=0.2688 l2=0.2000 label_smoothing=0.050
D step=2/5 epoch=2/3 loss=0.2715 l2=0.2000 label_smoothing=0.050
D step=2/5 epoch=3/3 loss=0.2650 l2=0.2000 label_smoothing=0.050
D step=3/5 epoch=1/3 loss=0.2693 l2=0.2000 label_smoothing=0.050
D step=3/5 epoch=2/3 loss=0.2677 l2=0.2000 label_smoothing=0.050
D step=3/5 epoch=3/3 loss=0.2661 l2=0.2000 label_smoothing=0.050
D step=4/5 epoch=1/3 loss=0.2433 l2=0.2000 label_smoothing=0.050
D step=4/5 epoch=2/3 loss=0.2418 l2=0.2000 label_smoothing=0.050
D step=4/5 epoch=3/3 loss=0.2409 l2=0.2000 label_smoothing=0.050
D step=5/5 epoch=1/3 loss=0.2308 l2=0.2000 label_smoothing=0.050
D step=5/5 epoch=2/3 loss=0.2301 l2=0.2000 label_smoothing=0.050
D step=5/5 epoch=3/3 loss=0.2263 l2=0.2000 label_smoothing=0.050
ADV epoch=19/60 g_loss=0.0668 d_loss=0.2435 reward=0.1277 reward_var=0.0084 unique=0.5000
D step=1/5 epoch=1/3 loss=0.2424 l2=0.2000 label_smoothing=0.050
D step=1/5 epoch=2/3 loss=0.2347 l2=0.2000 label_smoothing=0.050
D step=1/5 epoch=3/3 loss=0.2379 l2=0.2000 label_smoothing=0.050
D step=2/5 epoch=1/3 loss=0.2353 l2=0.2000 label_smoothing=0.050
D step=2/5 epoch=2/3 loss=0.2354 l2=0.2000 label_smoothing=0.050
D step=2/5 epoch=3/3 loss=0.2368 l2=0.2000 label_smoothing=0.050
D step=3/5 epoch=1/3 loss=0.2639 l2=0.2000 label_smoothing=0.050
D step=3/5 epoch=2/3 loss=0.2604 l2=0.2000 label_smoothing=0.050
D step=3/5 epoch=3/3 loss=0.2619 l2=0.2000 label_smoothing=0.050
D step=4/5 epoch=1/3 loss=0.2354 l2=0.2000 label_smoothing=0.050
D step=4/5 epoch=2/3 loss=0.2311 l2=0.2000 label_smoothing=0.050
D step=4/5 epoch=3/3 loss=0.2325 l2=0.2000 label_smoothing=0.050
D step=5/5 epoch=1/3 loss=0.2365 l2=0.2000 label_smoothing=0.050
D step=5/5 epoch=2/3 loss=0.2333 l2=0.2000 label_smoothing=0.050
D step=5/5 epoch=3/3 loss=0.2341 l2=0.2000 label_smoothing=0.050
ADV epoch=20/60 g_loss=0.0605 d_loss=0.2408 reward=0.0959 reward_var=0.0029 unique=0.4800
D step=1/5 epoch=1/3 loss=0.2577 l2=0.2000 label_smoothing=0.050
D step=1/5 epoch=2/3 loss=0.2466 l2=0.2000 label_smoothing=0.050
D step=1/5 epoch=3/3 loss=0.2360 l2=0.2000 label_smoothing=0.050
D step=2/5 epoch=1/3 loss=0.2335 l2=0.2000 label_smoothing=0.050
D step=2/5 epoch=2/3 loss=0.2241 l2=0.2000 label_smoothing=0.050
D step=2/5 epoch=3/3 loss=0.2323 l2=0.2000 label_smoothing=0.050
D step=3/5 epoch=1/3 loss=0.2470 l2=0.2000 label_smoothing=0.050
D step=3/5 epoch=2/3 loss=0.2501 l2=0.2000 label_smoothing=0.050
D step=3/5 epoch=3/3 loss=0.2408 l2=0.2000 label_smoothing=0.050
D step=4/5 epoch=1/3 loss=0.2289 l2=0.2000 label_smoothing=0.050
D step=4/5 epoch=2/3 loss=0.2329 l2=0.2000 label_smoothing=0.050
D step=4/5 epoch=3/3 loss=0.2337 l2=0.2000 label_smoothing=0.050
D step=5/5 epoch=1/3 loss=0.2552 l2=0.2000 label_smoothing=0.050
D step=5/5 epoch=2/3 loss=0.2577 l2=0.2000 label_smoothing=0.050
D step=5/5 epoch=3/3 loss=0.2576 l2=0.2000 label_smoothing=0.050
ADV epoch=21/60 g_loss=0.0567 d_loss=0.2423 reward=0.0875 reward_var=0.0035 unique=0.5200
D step=1/5 epoch=1/3 loss=0.2307 l2=0.2000 label_smoothing=0.050
D step=1/5 epoch=2/3 loss=0.2230 l2=0.2000 label_smoothing=0.050
D step=1/5 epoch=3/3 loss=0.2245 l2=0.2000 label_smoothing=0.050
D step=2/5 epoch=1/3 loss=0.2380 l2=0.2000 label_smoothing=0.050
D step=2/5 epoch=2/3 loss=0.2340 l2=0.2000 label_smoothing=0.050
D step=2/5 epoch=3/3 loss=0.2385 l2=0.2000 label_smoothing=0.050
D step=3/5 epoch=1/3 loss=0.2395 l2=0.2000 label_smoothing=0.050
D step=3/5 epoch=2/3 loss=0.2359 l2=0.2000 label_smoothing=0.050
D step=3/5 epoch=3/3 loss=0.2358 l2=0.2000 label_smoothing=0.050
D step=4/5 epoch=1/3 loss=0.2317 l2=0.2000 label_smoothing=0.050
D step=4/5 epoch=2/3 loss=0.2281 l2=0.2000 label_smoothing=0.050
D step=4/5 epoch=3/3 loss=0.2346 l2=0.2000 label_smoothing=0.050
D step=5/5 epoch=1/3 loss=0.2525 l2=0.2000 label_smoothing=0.050
D step=5/5 epoch=2/3 loss=0.2543 l2=0.2000 label_smoothing=0.050
D step=5/5 epoch=3/3 loss=0.2548 l2=0.2000 label_smoothing=0.050
ADV epoch=22/60 g_loss=0.0704 d_loss=0.2370 reward=0.1271 reward_var=0.0044 unique=0.4800
D step=1/5 epoch=1/3 loss=0.2674 l2=0.2000 label_smoothing=0.050
D step=1/5 epoch=2/3 loss=0.2620 l2=0.2000 label_smoothing=0.050
D step=1/5 epoch=3/3 loss=0.2514 l2=0.2000 label_smoothing=0.050
D step=2/5 epoch=1/3 loss=0.2518 l2=0.2000 label_smoothing=0.050
D step=2/5 epoch=2/3 loss=0.2421 l2=0.2000 label_smoothing=0.050
D step=2/5 epoch=3/3 loss=0.2457 l2=0.2000 label_smoothing=0.050
D step=3/5 epoch=1/3 loss=0.2488 l2=0.2000 label_smoothing=0.050
D step=3/5 epoch=2/3 loss=0.2406 l2=0.2000 label_smoothing=0.050
D step=3/5 epoch=3/3 loss=0.2442 l2=0.2000 label_smoothing=0.050
D step=4/5 epoch=1/3 loss=0.2533 l2=0.2000 label_smoothing=0.050
D step=4/5 epoch=2/3 loss=0.2457 l2=0.2000 label_smoothing=0.050
D step=4/5 epoch=3/3 loss=0.2472 l2=0.2000 label_smoothing=0.050
D step=5/5 epoch=1/3 loss=0.2544 l2=0.2000 label_smoothing=0.050
D step=5/5 epoch=2/3 loss=0.2479 l2=0.2000 label_smoothing=0.050
D step=5/5 epoch=3/3 loss=0.2500 l2=0.2000 label_smoothing=0.050
ADV epoch=23/60 g_loss=0.0684 d_loss=0.2502 reward=0.1347 reward_var=0.0058 unique=0.5400
D step=1/5 epoch=1/3 loss=0.2176 l2=0.2000 label_smoothing=0.050
D step=1/5 epoch=2/3 loss=0.2034 l2=0.2000 label_smoothing=0.050
D step=1/5 epoch=3/3 loss=0.1986 l2=0.2000 label_smoothing=0.050
D step=2/5 epoch=1/3 loss=0.2578 l2=0.2000 label_smoothing=0.050
D step=2/5 epoch=2/3 loss=0.2620 l2=0.2000 label_smoothing=0.050
D step=2/5 epoch=3/3 loss=0.2578 l2=0.2000 label_smoothing=0.050
D step=3/5 epoch=1/3 loss=0.2114 l2=0.2000 label_smoothing=0.050
D step=3/5 epoch=2/3 loss=0.2146 l2=0.2000 label_smoothing=0.050
D step=3/5 epoch=3/3 loss=0.2147 l2=0.2000 label_smoothing=0.050
D step=4/5 epoch=1/3 loss=0.2446 l2=0.2000 label_smoothing=0.050
D step=4/5 epoch=2/3 loss=0.2480 l2=0.2000 label_smoothing=0.050
D step=4/5 epoch=3/3 loss=0.2490 l2=0.2000 label_smoothing=0.050
D step=5/5 epoch=1/3 loss=0.2297 l2=0.2000 label_smoothing=0.050
D step=5/5 epoch=2/3 loss=0.2377 l2=0.2000 label_smoothing=0.050
D step=5/5 epoch=3/3 loss=0.2341 l2=0.2000 label_smoothing=0.050
ADV epoch=24/60 g_loss=0.0516 d_loss=0.2321 reward=0.0899 reward_var=0.0024 unique=0.4600
D step=1/5 epoch=1/3 loss=0.2295 l2=0.2000 label_smoothing=0.050
D step=1/5 epoch=2/3 loss=0.2291 l2=0.2000 label_smoothing=0.050
D step=1/5 epoch=3/3 loss=0.2214 l2=0.2000 label_smoothing=0.050
D step=2/5 epoch=1/3 loss=0.2116 l2=0.2000 label_smoothing=0.050
D step=2/5 epoch=2/3 loss=0.2051 l2=0.2000 label_smoothing=0.050
D step=2/5 epoch=3/3 loss=0.2083 l2=0.2000 label_smoothing=0.050
D step=3/5 epoch=1/3 loss=0.2438 l2=0.2000 label_smoothing=0.050
D step=3/5 epoch=2/3 loss=0.2357 l2=0.2000 label_smoothing=0.050
D step=3/5 epoch=3/3 loss=0.2381 l2=0.2000 label_smoothing=0.050
D step=4/5 epoch=1/3 loss=0.2447 l2=0.2000 label_smoothing=0.050
D step=4/5 epoch=2/3 loss=0.2453 l2=0.2000 label_smoothing=0.050
D step=4/5 epoch=3/3 loss=0.2516 l2=0.2000 label_smoothing=0.050
D step=5/5 epoch=1/3 loss=0.2551 l2=0.2000 label_smoothing=0.050
D step=5/5 epoch=2/3 loss=0.2524 l2=0.2000 label_smoothing=0.050
D step=5/5 epoch=3/3 loss=0.2553 l2=0.2000 label_smoothing=0.050
ADV epoch=25/60 g_loss=0.0556 d_loss=0.2351 reward=0.0971 reward_var=0.0031 unique=0.4600
D step=1/5 epoch=1/3 loss=0.2549 l2=0.2000 label_smoothing=0.050
D step=1/5 epoch=2/3 loss=0.2449 l2=0.2000 label_smoothing=0.050
D step=1/5 epoch=3/3 loss=0.2407 l2=0.2000 label_smoothing=0.050
D step=2/5 epoch=1/3 loss=0.2623 l2=0.2000 label_smoothing=0.050
D step=2/5 epoch=2/3 loss=0.2662 l2=0.2000 label_smoothing=0.050
D step=2/5 epoch=3/3 loss=0.2602 l2=0.2000 label_smoothing=0.050
D step=3/5 epoch=1/3 loss=0.2418 l2=0.2000 label_smoothing=0.050
D step=3/5 epoch=2/3 loss=0.2388 l2=0.2000 label_smoothing=0.050
D step=3/5 epoch=3/3 loss=0.2349 l2=0.2000 label_smoothing=0.050
D step=4/5 epoch=1/3 loss=0.2423 l2=0.2000 label_smoothing=0.050
D step=4/5 epoch=2/3 loss=0.2430 l2=0.2000 label_smoothing=0.050
D step=4/5 epoch=3/3 loss=0.2476 l2=0.2000 label_smoothing=0.050
D step=5/5 epoch=1/3 loss=0.2416 l2=0.2000 label_smoothing=0.050
D step=5/5 epoch=2/3 loss=0.2407 l2=0.2000 label_smoothing=0.050
D step=5/5 epoch=3/3 loss=0.2411 l2=0.2000 label_smoothing=0.050
ADV epoch=26/60 g_loss=0.0559 d_loss=0.2467 reward=0.1130 reward_var=0.0031 unique=0.4200
D step=1/5 epoch=1/3 loss=0.2389 l2=0.2000 label_smoothing=0.050
D step=1/5 epoch=2/3 loss=0.2342 l2=0.2000 label_smoothing=0.050
D step=1/5 epoch=3/3 loss=0.2367 l2=0.2000 label_smoothing=0.050
D step=2/5 epoch=1/3 loss=0.2590 l2=0.2000 label_smoothing=0.050
D step=2/5 epoch=2/3 loss=0.2647 l2=0.2000 label_smoothing=0.050
D step=2/5 epoch=3/3 loss=0.2561 l2=0.2000 label_smoothing=0.050
D step=3/5 epoch=1/3 loss=0.2568 l2=0.2000 label_smoothing=0.050
D step=3/5 epoch=2/3 loss=0.2543 l2=0.2000 label_smoothing=0.050
D step=3/5 epoch=3/3 loss=0.2494 l2=0.2000 label_smoothing=0.050
D step=4/5 epoch=1/3 loss=0.2168 l2=0.2000 label_smoothing=0.050
D step=4/5 epoch=2/3 loss=0.2187 l2=0.2000 label_smoothing=0.050
D step=4/5 epoch=3/3 loss=0.2116 l2=0.2000 label_smoothing=0.050
D step=5/5 epoch=1/3 loss=0.2472 l2=0.2000 label_smoothing=0.050
D step=5/5 epoch=2/3 loss=0.2468 l2=0.2000 label_smoothing=0.050
D step=5/5 epoch=3/3 loss=0.2486 l2=0.2000 label_smoothing=0.050
ADV epoch=27/60 g_loss=0.0518 d_loss=0.2427 reward=0.1069 reward_var=0.0023 unique=0.4600
D step=1/5 epoch=1/3 loss=0.2473 l2=0.2000 label_smoothing=0.050
D step=1/5 epoch=2/3 loss=0.2427 l2=0.2000 label_smoothing=0.050
D step=1/5 epoch=3/3 loss=0.2442 l2=0.2000 label_smoothing=0.050
D step=2/5 epoch=1/3 loss=0.2181 l2=0.2000 label_smoothing=0.050
D step=2/5 epoch=2/3 loss=0.2127 l2=0.2000 label_smoothing=0.050
D step=2/5 epoch=3/3 loss=0.2126 l2=0.2000 label_smoothing=0.050
D step=3/5 epoch=1/3 loss=0.2156 l2=0.2000 label_smoothing=0.050
D step=3/5 epoch=2/3 loss=0.2154 l2=0.2000 label_smoothing=0.050
D step=3/5 epoch=3/3 loss=0.2139 l2=0.2000 label_smoothing=0.050
D step=4/5 epoch=1/3 loss=0.2621 l2=0.2000 label_smoothing=0.050
D step=4/5 epoch=2/3 loss=0.2586 l2=0.2000 label_smoothing=0.050
D step=4/5 epoch=3/3 loss=0.2568 l2=0.2000 label_smoothing=0.050
D step=5/5 epoch=1/3 loss=0.2355 l2=0.2000 label_smoothing=0.050
D step=5/5 epoch=2/3 loss=0.2329 l2=0.2000 label_smoothing=0.050
D step=5/5 epoch=3/3 loss=0.2278 l2=0.2000 label_smoothing=0.050
ADV epoch=28/60 g_loss=0.0555 d_loss=0.2331 reward=0.1037 reward_var=0.0030 unique=0.4000
D step=1/5 epoch=1/3 loss=0.2490 l2=0.2000 label_smoothing=0.050
D step=1/5 epoch=2/3 loss=0.2350 l2=0.2000 label_smoothing=0.050
D step=1/5 epoch=3/3 loss=0.2362 l2=0.2000 label_smoothing=0.050
D step=2/5 epoch=1/3 loss=0.2333 l2=0.2000 label_smoothing=0.050
D step=2/5 epoch=2/3 loss=0.2286 l2=0.2000 label_smoothing=0.050
D step=2/5 epoch=3/3 loss=0.2338 l2=0.2000 label_smoothing=0.050
D step=3/5 epoch=1/3 loss=0.2378 l2=0.2000 label_smoothing=0.050
D step=3/5 epoch=2/3 loss=0.2340 l2=0.2000 label_smoothing=0.050
D step=3/5 epoch=3/3 loss=0.2316 l2=0.2000 label_smoothing=0.050
D step=4/5 epoch=1/3 loss=0.2360 l2=0.2000 label_smoothing=0.050
D step=4/5 epoch=2/3 loss=0.2346 l2=0.2000 label_smoothing=0.050
D step=4/5 epoch=3/3 loss=0.2360 l2=0.2000 label_smoothing=0.050
D step=5/5 epoch=1/3 loss=0.2678 l2=0.2000 label_smoothing=0.050
D step=5/5 epoch=2/3 loss=0.2738 l2=0.2000 label_smoothing=0.050
D step=5/5 epoch=3/3 loss=0.2689 l2=0.2000 label_smoothing=0.050
ADV epoch=29/60 g_loss=0.0512 d_loss=0.2424 reward=0.1006 reward_var=0.0024 unique=0.4000
D step=1/5 epoch=1/3 loss=0.2421 l2=0.2000 label_smoothing=0.050
D step=1/5 epoch=2/3 loss=0.2379 l2=0.2000 label_smoothing=0.050
D step=1/5 epoch=3/3 loss=0.2381 l2=0.2000 label_smoothing=0.050
D step=2/5 epoch=1/3 loss=0.2157 l2=0.2000 label_smoothing=0.050
D step=2/5 epoch=2/3 loss=0.2139 l2=0.2000 label_smoothing=0.050
D step=2/5 epoch=3/3 loss=0.2126 l2=0.2000 label_smoothing=0.050
D step=3/5 epoch=1/3 loss=0.2575 l2=0.2000 label_smoothing=0.050
D step=3/5 epoch=2/3 loss=0.2537 l2=0.2000 label_smoothing=0.050
D step=3/5 epoch=3/3 loss=0.2443 l2=0.2000 label_smoothing=0.050
D step=4/5 epoch=1/3 loss=0.2409 l2=0.2000 label_smoothing=0.050
D step=4/5 epoch=2/3 loss=0.2443 l2=0.2000 label_smoothing=0.050
D step=4/5 epoch=3/3 loss=0.2445 l2=0.2000 label_smoothing=0.050
D step=5/5 epoch=1/3 loss=0.2643 l2=0.2000 label_smoothing=0.050
D step=5/5 epoch=2/3 loss=0.2664 l2=0.2000 label_smoothing=0.050
D step=5/5 epoch=3/3 loss=0.2673 l2=0.2000 label_smoothing=0.050
ADV epoch=30/60 g_loss=0.0535 d_loss=0.2429 reward=0.1123 reward_var=0.0026 unique=0.3200
D step=1/5 epoch=1/3 loss=0.1994 l2=0.2000 label_smoothing=0.050
D step=1/5 epoch=2/3 loss=0.1946 l2=0.2000 label_smoothing=0.050
D step=1/5 epoch=3/3 loss=0.1939 l2=0.2000 label_smoothing=0.050
D step=2/5 epoch=1/3 loss=0.2402 l2=0.2000 label_smoothing=0.050
D step=2/5 epoch=2/3 loss=0.2378 l2=0.2000 label_smoothing=0.050
D step=2/5 epoch=3/3 loss=0.2307 l2=0.2000 label_smoothing=0.050
D step=3/5 epoch=1/3 loss=0.2399 l2=0.2000 label_smoothing=0.050
D step=3/5 epoch=2/3 loss=0.2457 l2=0.2000 label_smoothing=0.050
D step=3/5 epoch=3/3 loss=0.2437 l2=0.2000 label_smoothing=0.050
D step=4/5 epoch=1/3 loss=0.2560 l2=0.2000 label_smoothing=0.050
D step=4/5 epoch=2/3 loss=0.2494 l2=0.2000 label_smoothing=0.050
D step=4/5 epoch=3/3 loss=0.2463 l2=0.2000 label_smoothing=0.050
D step=5/5 epoch=1/3 loss=0.2415 l2=0.2000 label_smoothing=0.050
D step=5/5 epoch=2/3 loss=0.2470 l2=0.2000 label_smoothing=0.050
D step=5/5 epoch=3/3 loss=0.2445 l2=0.2000 label_smoothing=0.050
ADV epoch=31/60 g_loss=0.0482 d_loss=0.2340 reward=0.1136 reward_var=0.0020 unique=0.3600
D step=1/5 epoch=1/3 loss=0.2593 l2=0.2000 label_smoothing=0.050
D step=1/5 epoch=2/3 loss=0.2436 l2=0.2000 label_smoothing=0.050
D step=1/5 epoch=3/3 loss=0.2402 l2=0.2000 label_smoothing=0.050
D step=2/5 epoch=1/3 loss=0.1983 l2=0.2000 label_smoothing=0.050
D step=2/5 epoch=2/3 loss=0.2003 l2=0.2000 label_smoothing=0.050
D step=2/5 epoch=3/3 loss=0.1943 l2=0.2000 label_smoothing=0.050
D step=3/5 epoch=1/3 loss=0.2503 l2=0.2000 label_smoothing=0.050
D step=3/5 epoch=2/3 loss=0.2526 l2=0.2000 label_smoothing=0.050
D step=3/5 epoch=3/3 loss=0.2461 l2=0.2000 label_smoothing=0.050
D step=4/5 epoch=1/3 loss=0.2718 l2=0.2000 label_smoothing=0.050
D step=4/5 epoch=2/3 loss=0.2721 l2=0.2000 label_smoothing=0.050
D step=4/5 epoch=3/3 loss=0.2685 l2=0.2000 label_smoothing=0.050
D step=5/5 epoch=1/3 loss=0.2554 l2=0.2000 label_smoothing=0.050
D step=5/5 epoch=2/3 loss=0.2546 l2=0.2000 label_smoothing=0.050
D step=5/5 epoch=3/3 loss=0.2505 l2=0.2000 label_smoothing=0.050
ADV epoch=32/60 g_loss=0.0532 d_loss=0.2439 reward=0.1196 reward_var=0.0039 unique=0.3000
D step=1/5 epoch=1/3 loss=0.2185 l2=0.2000 label_smoothing=0.050
D step=1/5 epoch=2/3 loss=0.2202 l2=0.2000 label_smoothing=0.050
D step=1/5 epoch=3/3 loss=0.2107 l2=0.2000 label_smoothing=0.050
D step=2/5 epoch=1/3 loss=0.2283 l2=0.2000 label_smoothing=0.050
D step=2/5 epoch=2/3 loss=0.2312 l2=0.2000 label_smoothing=0.050
D step=2/5 epoch=3/3 loss=0.2279 l2=0.2000 label_smoothing=0.050
D step=3/5 epoch=1/3 loss=0.2314 l2=0.2000 label_smoothing=0.050
D step=3/5 epoch=2/3 loss=0.2315 l2=0.2000 label_smoothing=0.050
D step=3/5 epoch=3/3 loss=0.2347 l2=0.2000 label_smoothing=0.050
D step=4/5 epoch=1/3 loss=0.2550 l2=0.2000 label_smoothing=0.050
D step=4/5 epoch=2/3 loss=0.2543 l2=0.2000 label_smoothing=0.050
D step=4/5 epoch=3/3 loss=0.2506 l2=0.2000 label_smoothing=0.050
D step=5/5 epoch=1/3 loss=0.2540 l2=0.2000 label_smoothing=0.050
D step=5/5 epoch=2/3 loss=0.2485 l2=0.2000 label_smoothing=0.050
D step=5/5 epoch=3/3 loss=0.2452 l2=0.2000 label_smoothing=0.050
ADV epoch=33/60 g_loss=0.0575 d_loss=0.2361 reward=0.0981 reward_var=0.0024 unique=0.3000
D step=1/5 epoch=1/3 loss=0.2257 l2=0.2000 label_smoothing=0.050
D step=1/5 epoch=2/3 loss=0.2285 l2=0.2000 label_smoothing=0.050
D step=1/5 epoch=3/3 loss=0.2275 l2=0.2000 label_smoothing=0.050
D step=2/5 epoch=1/3 loss=0.2444 l2=0.2000 label_smoothing=0.050
D step=2/5 epoch=2/3 loss=0.2434 l2=0.2000 label_smoothing=0.050
D step=2/5 epoch=3/3 loss=0.2444 l2=0.2000 label_smoothing=0.050
D step=3/5 epoch=1/3 loss=0.2620 l2=0.2000 label_smoothing=0.050
D step=3/5 epoch=2/3 loss=0.2638 l2=0.2000 label_smoothing=0.050
D step=3/5 epoch=3/3 loss=0.2640 l2=0.2000 label_smoothing=0.050
D step=4/5 epoch=1/3 loss=0.2510 l2=0.2000 label_smoothing=0.050
D step=4/5 epoch=2/3 loss=0.2512 l2=0.2000 label_smoothing=0.050
D step=4/5 epoch=3/3 loss=0.2440 l2=0.2000 label_smoothing=0.050
D step=5/5 epoch=1/3 loss=0.2310 l2=0.2000 label_smoothing=0.050
D step=5/5 epoch=2/3 loss=0.2314 l2=0.2000 label_smoothing=0.050
D step=5/5 epoch=3/3 loss=0.2271 l2=0.2000 label_smoothing=0.050
ADV epoch=34/60 g_loss=0.0401 d_loss=0.2426 reward=0.0908 reward_var=0.0015 unique=0.3200
D step=1/5 epoch=1/3 loss=0.2365 l2=0.2000 label_smoothing=0.050
D step=1/5 epoch=2/3 loss=0.2310 l2=0.2000 label_smoothing=0.050
D step=1/5 epoch=3/3 loss=0.2261 l2=0.2000 label_smoothing=0.050
D step=2/5 epoch=1/3 loss=0.2556 l2=0.2000 label_smoothing=0.050
D step=2/5 epoch=2/3 loss=0.2521 l2=0.2000 label_smoothing=0.050
D step=2/5 epoch=3/3 loss=0.2551 l2=0.2000 label_smoothing=0.050
D step=3/5 epoch=1/3 loss=0.2557 l2=0.2000 label_smoothing=0.050
D step=3/5 epoch=2/3 loss=0.2545 l2=0.2000 label_smoothing=0.050
D step=3/5 epoch=3/3 loss=0.2507 l2=0.2000 label_smoothing=0.050
D step=4/5 epoch=1/3 loss=0.2455 l2=0.2000 label_smoothing=0.050
D step=4/5 epoch=2/3 loss=0.2443 l2=0.2000 label_smoothing=0.050
D step=4/5 epoch=3/3 loss=0.2467 l2=0.2000 label_smoothing=0.050
D step=5/5 epoch=1/3 loss=0.2458 l2=0.2000 label_smoothing=0.050
D step=5/5 epoch=2/3 loss=0.2486 l2=0.2000 label_smoothing=0.050
D step=5/5 epoch=3/3 loss=0.2473 l2=0.2000 label_smoothing=0.050
ADV epoch=35/60 g_loss=0.0582 d_loss=0.2464 reward=0.1199 reward_var=0.0015 unique=0.3600
D step=1/5 epoch=1/3 loss=0.2641 l2=0.2000 label_smoothing=0.050
D step=1/5 epoch=2/3 loss=0.2546 l2=0.2000 label_smoothing=0.050
D step=1/5 epoch=3/3 loss=0.2550 l2=0.2000 label_smoothing=0.050
D step=2/5 epoch=1/3 loss=0.2370 l2=0.2000 label_smoothing=0.050
D step=2/5 epoch=2/3 loss=0.2381 l2=0.2000 label_smoothing=0.050
D step=2/5 epoch=3/3 loss=0.2413 l2=0.2000 label_smoothing=0.050
D step=3/5 epoch=1/3 loss=0.2472 l2=0.2000 label_smoothing=0.050
D step=3/5 epoch=2/3 loss=0.2491 l2=0.2000 label_smoothing=0.050
D step=3/5 epoch=3/3 loss=0.2454 l2=0.2000 label_smoothing=0.050
D step=4/5 epoch=1/3 loss=0.2244 l2=0.2000 label_smoothing=0.050
D step=4/5 epoch=2/3 loss=0.2243 l2=0.2000 label_smoothing=0.050
D step=4/5 epoch=3/3 loss=0.2194 l2=0.2000 label_smoothing=0.050
D step=5/5 epoch=1/3 loss=0.2037 l2=0.2000 label_smoothing=0.050
D step=5/5 epoch=2/3 loss=0.1997 l2=0.2000 label_smoothing=0.050
D step=5/5 epoch=3/3 loss=0.2036 l2=0.2000 label_smoothing=0.050
ADV epoch=36/60 g_loss=0.0584 d_loss=0.2338 reward=0.1348 reward_var=0.0024 unique=0.5000
D step=1/5 epoch=1/3 loss=0.2462 l2=0.2000 label_smoothing=0.050
D step=1/5 epoch=2/3 loss=0.2379 l2=0.2000 label_smoothing=0.050
D step=1/5 epoch=3/3 loss=0.2365 l2=0.2000 label_smoothing=0.050
D step=2/5 epoch=1/3 loss=0.2468 l2=0.2000 label_smoothing=0.050
D step=2/5 epoch=2/3 loss=0.2449 l2=0.2000 label_smoothing=0.050
D step=2/5 epoch=3/3 loss=0.2431 l2=0.2000 label_smoothing=0.050
D step=3/5 epoch=1/3 loss=0.2478 l2=0.2000 label_smoothing=0.050
D step=3/5 epoch=2/3 loss=0.2438 l2=0.2000 label_smoothing=0.050
D step=3/5 epoch=3/3 loss=0.2406 l2=0.2000 label_smoothing=0.050
D step=4/5 epoch=1/3 loss=0.2641 l2=0.2000 label_smoothing=0.050
D step=4/5 epoch=2/3 loss=0.2637 l2=0.2000 label_smoothing=0.050
D step=4/5 epoch=3/3 loss=0.2559 l2=0.2000 label_smoothing=0.050
D step=5/5 epoch=1/3 loss=0.2574 l2=0.2000 label_smoothing=0.050
D step=5/5 epoch=2/3 loss=0.2544 l2=0.2000 label_smoothing=0.050
D step=5/5 epoch=3/3 loss=0.2544 l2=0.2000 label_smoothing=0.050
ADV epoch=37/60 g_loss=0.0314 d_loss=0.2492 reward=0.0693 reward_var=0.0008 unique=0.3000
D step=1/5 epoch=1/3 loss=0.2249 l2=0.2000 label_smoothing=0.050
D step=1/5 epoch=2/3 loss=0.2229 l2=0.2000 label_smoothing=0.050
D step=1/5 epoch=3/3 loss=0.2209 l2=0.2000 label_smoothing=0.050
D step=2/5 epoch=1/3 loss=0.2644 l2=0.2000 label_smoothing=0.050
D step=2/5 epoch=2/3 loss=0.2602 l2=0.2000 label_smoothing=0.050
D step=2/5 epoch=3/3 loss=0.2632 l2=0.2000 label_smoothing=0.050
D step=3/5 epoch=1/3 loss=0.2295 l2=0.2000 label_smoothing=0.050
D step=3/5 epoch=2/3 loss=0.2292 l2=0.2000 label_smoothing=0.050
D step=3/5 epoch=3/3 loss=0.2223 l2=0.2000 label_smoothing=0.050
D step=4/5 epoch=1/3 loss=0.2434 l2=0.2000 label_smoothing=0.050
D step=4/5 epoch=2/3 loss=0.2411 l2=0.2000 label_smoothing=0.050
D step=4/5 epoch=3/3 loss=0.2366 l2=0.2000 label_smoothing=0.050
D step=5/5 epoch=1/3 loss=0.2532 l2=0.2000 label_smoothing=0.050
D step=5/5 epoch=2/3 loss=0.2512 l2=0.2000 label_smoothing=0.050
D step=5/5 epoch=3/3 loss=0.2527 l2=0.2000 label_smoothing=0.050
ADV epoch=38/60 g_loss=0.0564 d_loss=0.2410 reward=0.1085 reward_var=0.0017 unique=0.3400
D step=1/5 epoch=1/3 loss=0.2472 l2=0.2000 label_smoothing=0.050
D step=1/5 epoch=2/3 loss=0.2363 l2=0.2000 label_smoothing=0.050
D step=1/5 epoch=3/3 loss=0.2370 l2=0.2000 label_smoothing=0.050
D step=2/5 epoch=1/3 loss=0.2421 l2=0.2000 label_smoothing=0.050
D step=2/5 epoch=2/3 loss=0.2433 l2=0.2000 label_smoothing=0.050
D step=2/5 epoch=3/3 loss=0.2403 l2=0.2000 label_smoothing=0.050
D step=3/5 epoch=1/3 loss=0.2584 l2=0.2000 label_smoothing=0.050
D step=3/5 epoch=2/3 loss=0.2531 l2=0.2000 label_smoothing=0.050
D step=3/5 epoch=3/3 loss=0.2536 l2=0.2000 label_smoothing=0.050
D step=4/5 epoch=1/3 loss=0.2335 l2=0.2000 label_smoothing=0.050
D step=4/5 epoch=2/3 loss=0.2291 l2=0.2000 label_smoothing=0.050
D step=4/5 epoch=3/3 loss=0.2215 l2=0.2000 label_smoothing=0.050
D step=5/5 epoch=1/3 loss=0.2589 l2=0.2000 label_smoothing=0.050
D step=5/5 epoch=2/3 loss=0.2594 l2=0.2000 label_smoothing=0.050
D step=5/5 epoch=3/3 loss=0.2551 l2=0.2000 label_smoothing=0.050
ADV epoch=39/60 g_loss=0.0509 d_loss=0.2446 reward=0.1096 reward_var=0.0010 unique=0.3400
D step=1/5 epoch=1/3 loss=0.2254 l2=0.2000 label_smoothing=0.050
D step=1/5 epoch=2/3 loss=0.2249 l2=0.2000 label_smoothing=0.050
D step=1/5 epoch=3/3 loss=0.2153 l2=0.2000 label_smoothing=0.050
D step=2/5 epoch=1/3 loss=0.2274 l2=0.2000 label_smoothing=0.050
D step=2/5 epoch=2/3 loss=0.2270 l2=0.2000 label_smoothing=0.050
D step=2/5 epoch=3/3 loss=0.2254 l2=0.2000 label_smoothing=0.050
D step=3/5 epoch=1/3 loss=0.2545 l2=0.2000 label_smoothing=0.050
D step=3/5 epoch=2/3 loss=0.2611 l2=0.2000 label_smoothing=0.050
D step=3/5 epoch=3/3 loss=0.2534 l2=0.2000 label_smoothing=0.050
D step=4/5 epoch=1/3 loss=0.2517 l2=0.2000 label_smoothing=0.050
D step=4/5 epoch=2/3 loss=0.2497 l2=0.2000 label_smoothing=0.050
D step=4/5 epoch=3/3 loss=0.2521 l2=0.2000 label_smoothing=0.050
D step=5/5 epoch=1/3 loss=0.2628 l2=0.2000 label_smoothing=0.050
D step=5/5 epoch=2/3 loss=0.2634 l2=0.2000 label_smoothing=0.050
D step=5/5 epoch=3/3 loss=0.2624 l2=0.2000 label_smoothing=0.050
ADV epoch=40/60 g_loss=0.0425 d_loss=0.2438 reward=0.1009 reward_var=0.0007 unique=0.3400
D step=1/5 epoch=1/3 loss=0.2489 l2=0.2000 label_smoothing=0.050
D step=1/5 epoch=2/3 loss=0.2523 l2=0.2000 label_smoothing=0.050
D step=1/5 epoch=3/3 loss=0.2420 l2=0.2000 label_smoothing=0.050
D step=2/5 epoch=1/3 loss=0.2697 l2=0.2000 label_smoothing=0.050
D step=2/5 epoch=2/3 loss=0.2663 l2=0.2000 label_smoothing=0.050
D step=2/5 epoch=3/3 loss=0.2674 l2=0.2000 label_smoothing=0.050
D step=3/5 epoch=1/3 loss=0.2339 l2=0.2000 label_smoothing=0.050
D step=3/5 epoch=2/3 loss=0.2327 l2=0.2000 label_smoothing=0.050
D step=3/5 epoch=3/3 loss=0.2312 l2=0.2000 label_smoothing=0.050
D step=4/5 epoch=1/3 loss=0.2662 l2=0.2000 label_smoothing=0.050
D step=4/5 epoch=2/3 loss=0.2665 l2=0.2000 label_smoothing=0.050
D step=4/5 epoch=3/3 loss=0.2631 l2=0.2000 label_smoothing=0.050
D step=5/5 epoch=1/3 loss=0.2583 l2=0.2000 label_smoothing=0.050
D step=5/5 epoch=2/3 loss=0.2531 l2=0.2000 label_smoothing=0.050
D step=5/5 epoch=3/3 loss=0.2507 l2=0.2000 label_smoothing=0.050
ADV epoch=41/60 g_loss=0.0614 d_loss=0.2535 reward=0.1320 reward_var=0.0012 unique=0.2800
D step=1/5 epoch=1/3 loss=0.2537 l2=0.2000 label_smoothing=0.050
D step=1/5 epoch=2/3 loss=0.2503 l2=0.2000 label_smoothing=0.050
D step=1/5 epoch=3/3 loss=0.2486 l2=0.2000 label_smoothing=0.050
D step=2/5 epoch=1/3 loss=0.2399 l2=0.2000 label_smoothing=0.050
D step=2/5 epoch=2/3 loss=0.2377 l2=0.2000 label_smoothing=0.050
D step=2/5 epoch=3/3 loss=0.2403 l2=0.2000 label_smoothing=0.050
D step=3/5 epoch=1/3 loss=0.2476 l2=0.2000 label_smoothing=0.050
D step=3/5 epoch=2/3 loss=0.2464 l2=0.2000 label_smoothing=0.050
D step=3/5 epoch=3/3 loss=0.2533 l2=0.2000 label_smoothing=0.050
D step=4/5 epoch=1/3 loss=0.2650 l2=0.2000 label_smoothing=0.050
D step=4/5 epoch=2/3 loss=0.2652 l2=0.2000 label_smoothing=0.050
D step=4/5 epoch=3/3 loss=0.2656 l2=0.2000 label_smoothing=0.050
D step=5/5 epoch=1/3 loss=0.2674 l2=0.2000 label_smoothing=0.050
D step=5/5 epoch=2/3 loss=0.2694 l2=0.2000 label_smoothing=0.050
D step=5/5 epoch=3/3 loss=0.2628 l2=0.2000 label_smoothing=0.050
ADV epoch=42/60 g_loss=0.0578 d_loss=0.2542 reward=0.1346 reward_var=0.0020 unique=0.2400
D step=1/5 epoch=1/3 loss=0.2620 l2=0.2000 label_smoothing=0.050
D step=1/5 epoch=2/3 loss=0.2517 l2=0.2000 label_smoothing=0.050
D step=1/5 epoch=3/3 loss=0.2570 l2=0.2000 label_smoothing=0.050
D step=2/5 epoch=1/3 loss=0.2554 l2=0.2000 label_smoothing=0.050
D step=2/5 epoch=2/3 loss=0.2554 l2=0.2000 label_smoothing=0.050
D step=2/5 epoch=3/3 loss=0.2497 l2=0.2000 label_smoothing=0.050
D step=3/5 epoch=1/3 loss=0.2386 l2=0.2000 label_smoothing=0.050
D step=3/5 epoch=2/3 loss=0.2402 l2=0.2000 label_smoothing=0.050
D step=3/5 epoch=3/3 loss=0.2384 l2=0.2000 label_smoothing=0.050
D step=4/5 epoch=1/3 loss=0.2500 l2=0.2000 label_smoothing=0.050
D step=4/5 epoch=2/3 loss=0.2519 l2=0.2000 label_smoothing=0.050
D step=4/5 epoch=3/3 loss=0.2499 l2=0.2000 label_smoothing=0.050
D step=5/5 epoch=1/3 loss=0.2378 l2=0.2000 label_smoothing=0.050
D step=5/5 epoch=2/3 loss=0.2386 l2=0.2000 label_smoothing=0.050
D step=5/5 epoch=3/3 loss=0.2366 l2=0.2000 label_smoothing=0.050
ADV epoch=43/60 g_loss=0.0670 d_loss=0.2476 reward=0.1423 reward_var=0.0022 unique=0.3000
D step=1/5 epoch=1/3 loss=0.2618 l2=0.2000 label_smoothing=0.050
D step=1/5 epoch=2/3 loss=0.2604 l2=0.2000 label_smoothing=0.050
D step=1/5 epoch=3/3 loss=0.2562 l2=0.2000 label_smoothing=0.050
D step=2/5 epoch=1/3 loss=0.2061 l2=0.2000 label_smoothing=0.050
D step=2/5 epoch=2/3 loss=0.1960 l2=0.2000 label_smoothing=0.050
D step=2/5 epoch=3/3 loss=0.1888 l2=0.2000 label_smoothing=0.050
D step=3/5 epoch=1/3 loss=0.2527 l2=0.2000 label_smoothing=0.050
D step=3/5 epoch=2/3 loss=0.2550 l2=0.2000 label_smoothing=0.050
D step=3/5 epoch=3/3 loss=0.2648 l2=0.2000 label_smoothing=0.050
D step=4/5 epoch=1/3 loss=0.2413 l2=0.2000 label_smoothing=0.050
D step=4/5 epoch=2/3 loss=0.2345 l2=0.2000 label_smoothing=0.050
D step=4/5 epoch=3/3 loss=0.2306 l2=0.2000 label_smoothing=0.050
D step=5/5 epoch=1/3 loss=0.2150 l2=0.2000 label_smoothing=0.050
D step=5/5 epoch=2/3 loss=0.2185 l2=0.2000 label_smoothing=0.050
D step=5/5 epoch=3/3 loss=0.2210 l2=0.2000 label_smoothing=0.050
ADV epoch=44/60 g_loss=0.0475 d_loss=0.2335 reward=0.1130 reward_var=0.0010 unique=0.2800
D step=1/5 epoch=1/3 loss=0.2415 l2=0.2000 label_smoothing=0.050
D step=1/5 epoch=2/3 loss=0.2412 l2=0.2000 label_smoothing=0.050
D step=1/5 epoch=3/3 loss=0.2389 l2=0.2000 label_smoothing=0.050
D step=2/5 epoch=1/3 loss=0.2555 l2=0.2000 label_smoothing=0.050
D step=2/5 epoch=2/3 loss=0.2574 l2=0.2000 label_smoothing=0.050
D step=2/5 epoch=3/3 loss=0.2540 l2=0.2000 label_smoothing=0.050
D step=3/5 epoch=1/3 loss=0.2424 l2=0.2000 label_smoothing=0.050
D step=3/5 epoch=2/3 loss=0.2370 l2=0.2000 label_smoothing=0.050
D step=3/5 epoch=3/3 loss=0.2363 l2=0.2000 label_smoothing=0.050
D step=4/5 epoch=1/3 loss=0.2332 l2=0.2000 label_smoothing=0.050
D step=4/5 epoch=2/3 loss=0.2356 l2=0.2000 label_smoothing=0.050
D step=4/5 epoch=3/3 loss=0.2320 l2=0.2000 label_smoothing=0.050
D step=5/5 epoch=1/3 loss=0.2320 l2=0.2000 label_smoothing=0.050
D step=5/5 epoch=2/3 loss=0.2373 l2=0.2000 label_smoothing=0.050
D step=5/5 epoch=3/3 loss=0.2326 l2=0.2000 label_smoothing=0.050
ADV epoch=45/60 g_loss=0.0482 d_loss=0.2405 reward=0.1087 reward_var=0.0021 unique=0.3800
D step=1/5 epoch=1/3 loss=0.2420 l2=0.2000 label_smoothing=0.050
D step=1/5 epoch=2/3 loss=0.2422 l2=0.2000 label_smoothing=0.050
D step=1/5 epoch=3/3 loss=0.2427 l2=0.2000 label_smoothing=0.050
D step=2/5 epoch=1/3 loss=0.2688 l2=0.2000 label_smoothing=0.050
D step=2/5 epoch=2/3 loss=0.2661 l2=0.2000 label_smoothing=0.050
D step=2/5 epoch=3/3 loss=0.2684 l2=0.2000 label_smoothing=0.050
D step=3/5 epoch=1/3 loss=0.2392 l2=0.2000 label_smoothing=0.050
D step=3/5 epoch=2/3 loss=0.2394 l2=0.2000 label_smoothing=0.050
D step=3/5 epoch=3/3 loss=0.2393 l2=0.2000 label_smoothing=0.050
D step=4/5 epoch=1/3 loss=0.2515 l2=0.2000 label_smoothing=0.050
D step=4/5 epoch=2/3 loss=0.2507 l2=0.2000 label_smoothing=0.050
D step=4/5 epoch=3/3 loss=0.2592 l2=0.2000 label_smoothing=0.050
D step=5/5 epoch=1/3 loss=0.2537 l2=0.2000 label_smoothing=0.050
D step=5/5 epoch=2/3 loss=0.2545 l2=0.2000 label_smoothing=0.050
D step=5/5 epoch=3/3 loss=0.2533 l2=0.2000 label_smoothing=0.050
ADV epoch=46/60 g_loss=0.0453 d_loss=0.2514 reward=0.1002 reward_var=0.0019 unique=0.2800
D step=1/5 epoch=1/3 loss=0.2689 l2=0.2000 label_smoothing=0.050
D step=1/5 epoch=2/3 loss=0.2641 l2=0.2000 label_smoothing=0.050
D step=1/5 epoch=3/3 loss=0.2671 l2=0.2000 label_smoothing=0.050
D step=2/5 epoch=1/3 loss=0.2536 l2=0.2000 label_smoothing=0.050
D step=2/5 epoch=2/3 loss=0.2511 l2=0.2000 label_smoothing=0.050
D step=2/5 epoch=3/3 loss=0.2483 l2=0.2000 label_smoothing=0.050
D step=3/5 epoch=1/3 loss=0.2526 l2=0.2000 label_smoothing=0.050
D step=3/5 epoch=2/3 loss=0.2500 l2=0.2000 label_smoothing=0.050
D step=3/5 epoch=3/3 loss=0.2511 l2=0.2000 label_smoothing=0.050
D step=4/5 epoch=1/3 loss=0.2519 l2=0.2000 label_smoothing=0.050
D step=4/5 epoch=2/3 loss=0.2500 l2=0.2000 label_smoothing=0.050
D step=4/5 epoch=3/3 loss=0.2469 l2=0.2000 label_smoothing=0.050
D step=5/5 epoch=1/3 loss=0.2548 l2=0.2000 label_smoothing=0.050
D step=5/5 epoch=2/3 loss=0.2593 l2=0.2000 label_smoothing=0.050
D step=5/5 epoch=3/3 loss=0.2534 l2=0.2000 label_smoothing=0.050
ADV epoch=47/60 g_loss=0.0435 d_loss=0.2549 reward=0.1096 reward_var=0.0006 unique=0.2600
D step=1/5 epoch=1/3 loss=0.2677 l2=0.2000 label_smoothing=0.050
D step=1/5 epoch=2/3 loss=0.2685 l2=0.2000 label_smoothing=0.050
D step=1/5 epoch=3/3 loss=0.2674 l2=0.2000 label_smoothing=0.050
D step=2/5 epoch=1/3 loss=0.2507 l2=0.2000 label_smoothing=0.050
D step=2/5 epoch=2/3 loss=0.2508 l2=0.2000 label_smoothing=0.050
D step=2/5 epoch=3/3 loss=0.2481 l2=0.2000 label_smoothing=0.050
D step=3/5 epoch=1/3 loss=0.2666 l2=0.2000 label_smoothing=0.050
D step=3/5 epoch=2/3 loss=0.2690 l2=0.2000 label_smoothing=0.050
D step=3/5 epoch=3/3 loss=0.2678 l2=0.2000 label_smoothing=0.050
D step=4/5 epoch=1/3 loss=0.2591 l2=0.2000 label_smoothing=0.050
D step=4/5 epoch=2/3 loss=0.2566 l2=0.2000 label_smoothing=0.050
D step=4/5 epoch=3/3 loss=0.2571 l2=0.2000 label_smoothing=0.050
D step=5/5 epoch=1/3 loss=0.2520 l2=0.2000 label_smoothing=0.050
D step=5/5 epoch=2/3 loss=0.2513 l2=0.2000 label_smoothing=0.050
D step=5/5 epoch=3/3 loss=0.2490 l2=0.2000 label_smoothing=0.050
ADV epoch=48/60 g_loss=0.0459 d_loss=0.2588 reward=0.1126 reward_var=0.0008 unique=0.3200
D step=1/5 epoch=1/3 loss=0.2404 l2=0.2000 label_smoothing=0.050
D step=1/5 epoch=2/3 loss=0.2366 l2=0.2000 label_smoothing=0.050
D step=1/5 epoch=3/3 loss=0.2346 l2=0.2000 label_smoothing=0.050
D step=2/5 epoch=1/3 loss=0.2540 l2=0.2000 label_smoothing=0.050
D step=2/5 epoch=2/3 loss=0.2514 l2=0.2000 label_smoothing=0.050
D step=2/5 epoch=3/3 loss=0.2526 l2=0.2000 label_smoothing=0.050
D step=3/5 epoch=1/3 loss=0.2522 l2=0.2000 label_smoothing=0.050
D step=3/5 epoch=2/3 loss=0.2510 l2=0.2000 label_smoothing=0.050
D step=3/5 epoch=3/3 loss=0.2509 l2=0.2000 label_smoothing=0.050
D step=4/5 epoch=1/3 loss=0.2684 l2=0.2000 label_smoothing=0.050
D step=4/5 epoch=2/3 loss=0.2714 l2=0.2000 label_smoothing=0.050
D step=4/5 epoch=3/3 loss=0.2667 l2=0.2000 label_smoothing=0.050
D step=5/5 epoch=1/3 loss=0.2403 l2=0.2000 label_smoothing=0.050
D step=5/5 epoch=2/3 loss=0.2408 l2=0.2000 label_smoothing=0.050
D step=5/5 epoch=3/3 loss=0.2377 l2=0.2000 label_smoothing=0.050
ADV epoch=49/60 g_loss=0.0522 d_loss=0.2499 reward=0.1180 reward_var=0.0008 unique=0.3400
D step=1/5 epoch=1/3 loss=0.2584 l2=0.2000 label_smoothing=0.050
D step=1/5 epoch=2/3 loss=0.2542 l2=0.2000 label_smoothing=0.050
D step=1/5 epoch=3/3 loss=0.2488 l2=0.2000 label_smoothing=0.050
D step=2/5 epoch=1/3 loss=0.2342 l2=0.2000 label_smoothing=0.050
D step=2/5 epoch=2/3 loss=0.2290 l2=0.2000 label_smoothing=0.050
D step=2/5 epoch=3/3 loss=0.2340 l2=0.2000 label_smoothing=0.050
D step=3/5 epoch=1/3 loss=0.2367 l2=0.2000 label_smoothing=0.050
D step=3/5 epoch=2/3 loss=0.2404 l2=0.2000 label_smoothing=0.050
D step=3/5 epoch=3/3 loss=0.2344 l2=0.2000 label_smoothing=0.050
D step=4/5 epoch=1/3 loss=0.2600 l2=0.2000 label_smoothing=0.050
D step=4/5 epoch=2/3 loss=0.2541 l2=0.2000 label_smoothing=0.050
D step=4/5 epoch=3/3 loss=0.2574 l2=0.2000 label_smoothing=0.050
D step=5/5 epoch=1/3 loss=0.2070 l2=0.2000 label_smoothing=0.050
D step=5/5 epoch=2/3 loss=0.2055 l2=0.2000 label_smoothing=0.050
D step=5/5 epoch=3/3 loss=0.2025 l2=0.2000 label_smoothing=0.050
ADV epoch=50/60 g_loss=0.0546 d_loss=0.2371 reward=0.1089 reward_var=0.0008 unique=0.2200
D step=1/5 epoch=1/3 loss=0.2527 l2=0.2000 label_smoothing=0.050
D step=1/5 epoch=2/3 loss=0.2491 l2=0.2000 label_smoothing=0.050
D step=1/5 epoch=3/3 loss=0.2453 l2=0.2000 label_smoothing=0.050
D step=2/5 epoch=1/3 loss=0.2649 l2=0.2000 label_smoothing=0.050
D step=2/5 epoch=2/3 loss=0.2646 l2=0.2000 label_smoothing=0.050
D step=2/5 epoch=3/3 loss=0.2657 l2=0.2000 label_smoothing=0.050
D step=3/5 epoch=1/3 loss=0.2378 l2=0.2000 label_smoothing=0.050
D step=3/5 epoch=2/3 loss=0.2369 l2=0.2000 label_smoothing=0.050
D step=3/5 epoch=3/3 loss=0.2327 l2=0.2000 label_smoothing=0.050
D step=4/5 epoch=1/3 loss=0.2391 l2=0.2000 label_smoothing=0.050
D step=4/5 epoch=2/3 loss=0.2364 l2=0.2000 label_smoothing=0.050
D step=4/5 epoch=3/3 loss=0.2342 l2=0.2000 label_smoothing=0.050
D step=5/5 epoch=1/3 loss=0.2376 l2=0.2000 label_smoothing=0.050
D step=5/5 epoch=2/3 loss=0.2367 l2=0.2000 label_smoothing=0.050
D step=5/5 epoch=3/3 loss=0.2417 l2=0.2000 label_smoothing=0.050
ADV epoch=51/60 g_loss=0.0396 d_loss=0.2450 reward=0.0964 reward_var=0.0007 unique=0.3200
D step=1/5 epoch=1/3 loss=0.2509 l2=0.2000 label_smoothing=0.050
D step=1/5 epoch=2/3 loss=0.2473 l2=0.2000 label_smoothing=0.050
D step=1/5 epoch=3/3 loss=0.2496 l2=0.2000 label_smoothing=0.050
D step=2/5 epoch=1/3 loss=0.2403 l2=0.2000 label_smoothing=0.050
D step=2/5 epoch=2/3 loss=0.2325 l2=0.2000 label_smoothing=0.050
D step=2/5 epoch=3/3 loss=0.2341 l2=0.2000 label_smoothing=0.050
D step=3/5 epoch=1/3 loss=0.2612 l2=0.2000 label_smoothing=0.050
D step=3/5 epoch=2/3 loss=0.2590 l2=0.2000 label_smoothing=0.050
D step=3/5 epoch=3/3 loss=0.2616 l2=0.2000 label_smoothing=0.050
D step=4/5 epoch=1/3 loss=0.2188 l2=0.2000 label_smoothing=0.050
D step=4/5 epoch=2/3 loss=0.2200 l2=0.2000 label_smoothing=0.050
D step=4/5 epoch=3/3 loss=0.2174 l2=0.2000 label_smoothing=0.050
D step=5/5 epoch=1/3 loss=0.2549 l2=0.2000 label_smoothing=0.050
D step=5/5 epoch=2/3 loss=0.2529 l2=0.2000 label_smoothing=0.050
D step=5/5 epoch=3/3 loss=0.2486 l2=0.2000 label_smoothing=0.050
ADV epoch=52/60 g_loss=0.0489 d_loss=0.2433 reward=0.1065 reward_var=0.0014 unique=0.2400
D step=1/5 epoch=1/3 loss=0.2287 l2=0.2000 label_smoothing=0.050
D step=1/5 epoch=2/3 loss=0.2309 l2=0.2000 label_smoothing=0.050
D step=1/5 epoch=3/3 loss=0.2321 l2=0.2000 label_smoothing=0.050
D step=2/5 epoch=1/3 loss=0.2427 l2=0.2000 label_smoothing=0.050
D step=2/5 epoch=2/3 loss=0.2417 l2=0.2000 label_smoothing=0.050
D step=2/5 epoch=3/3 loss=0.2421 l2=0.2000 label_smoothing=0.050
D step=3/5 epoch=1/3 loss=0.2495 l2=0.2000 label_smoothing=0.050
D step=3/5 epoch=2/3 loss=0.2468 l2=0.2000 label_smoothing=0.050
D step=3/5 epoch=3/3 loss=0.2504 l2=0.2000 label_smoothing=0.050
D step=4/5 epoch=1/3 loss=0.2522 l2=0.2000 label_smoothing=0.050
D step=4/5 epoch=2/3 loss=0.2513 l2=0.2000 label_smoothing=0.050
D step=4/5 epoch=3/3 loss=0.2497 l2=0.2000 label_smoothing=0.050
D step=5/5 epoch=1/3 loss=0.2165 l2=0.2000 label_smoothing=0.050
D step=5/5 epoch=2/3 loss=0.2146 l2=0.2000 label_smoothing=0.050
D step=5/5 epoch=3/3 loss=0.2148 l2=0.2000 label_smoothing=0.050
ADV epoch=53/60 g_loss=0.0431 d_loss=0.2376 reward=0.1029 reward_var=0.0010 unique=0.2400
D step=1/5 epoch=1/3 loss=0.2416 l2=0.2000 label_smoothing=0.050
D step=1/5 epoch=2/3 loss=0.2409 l2=0.2000 label_smoothing=0.050
D step=1/5 epoch=3/3 loss=0.2416 l2=0.2000 label_smoothing=0.050
D step=2/5 epoch=1/3 loss=0.2406 l2=0.2000 label_smoothing=0.050
D step=2/5 epoch=2/3 loss=0.2401 l2=0.2000 label_smoothing=0.050
D step=2/5 epoch=3/3 loss=0.2422 l2=0.2000 label_smoothing=0.050
D step=3/5 epoch=1/3 loss=0.2500 l2=0.2000 label_smoothing=0.050
D step=3/5 epoch=2/3 loss=0.2511 l2=0.2000 label_smoothing=0.050
D step=3/5 epoch=3/3 loss=0.2509 l2=0.2000 label_smoothing=0.050
D step=4/5 epoch=1/3 loss=0.2507 l2=0.2000 label_smoothing=0.050
D step=4/5 epoch=2/3 loss=0.2483 l2=0.2000 label_smoothing=0.050
D step=4/5 epoch=3/3 loss=0.2452 l2=0.2000 label_smoothing=0.050
D step=5/5 epoch=1/3 loss=0.2675 l2=0.2000 label_smoothing=0.050
D step=5/5 epoch=2/3 loss=0.2662 l2=0.2000 label_smoothing=0.050
D step=5/5 epoch=3/3 loss=0.2653 l2=0.2000 label_smoothing=0.050
ADV epoch=54/60 g_loss=0.0490 d_loss=0.2495 reward=0.1138 reward_var=0.0014 unique=0.2200
D step=1/5 epoch=1/3 loss=0.2222 l2=0.2000 label_smoothing=0.050
D step=1/5 epoch=2/3 loss=0.2180 l2=0.2000 label_smoothing=0.050
D step=1/5 epoch=3/3 loss=0.2148 l2=0.2000 label_smoothing=0.050
D step=2/5 epoch=1/3 loss=0.2411 l2=0.2000 label_smoothing=0.050
D step=2/5 epoch=2/3 loss=0.2430 l2=0.2000 label_smoothing=0.050
D step=2/5 epoch=3/3 loss=0.2407 l2=0.2000 label_smoothing=0.050
D step=3/5 epoch=1/3 loss=0.2546 l2=0.2000 label_smoothing=0.050
D step=3/5 epoch=2/3 loss=0.2557 l2=0.2000 label_smoothing=0.050
D step=3/5 epoch=3/3 loss=0.2559 l2=0.2000 label_smoothing=0.050
D step=4/5 epoch=1/3 loss=0.2622 l2=0.2000 label_smoothing=0.050
D step=4/5 epoch=2/3 loss=0.2575 l2=0.2000 label_smoothing=0.050
D step=4/5 epoch=3/3 loss=0.2551 l2=0.2000 label_smoothing=0.050
D step=5/5 epoch=1/3 loss=0.2551 l2=0.2000 label_smoothing=0.050
D step=5/5 epoch=2/3 loss=0.2544 l2=0.2000 label_smoothing=0.050
D step=5/5 epoch=3/3 loss=0.2518 l2=0.2000 label_smoothing=0.050
ADV epoch=55/60 g_loss=0.0568 d_loss=0.2455 reward=0.1307 reward_var=0.0020 unique=0.2800
D step=1/5 epoch=1/3 loss=0.2444 l2=0.2000 label_smoothing=0.050
D step=1/5 epoch=2/3 loss=0.2422 l2=0.2000 label_smoothing=0.050
D step=1/5 epoch=3/3 loss=0.2400 l2=0.2000 label_smoothing=0.050
D step=2/5 epoch=1/3 loss=0.2373 l2=0.2000 label_smoothing=0.050
D step=2/5 epoch=2/3 loss=0.2388 l2=0.2000 label_smoothing=0.050
D step=2/5 epoch=3/3 loss=0.2321 l2=0.2000 label_smoothing=0.050
D step=3/5 epoch=1/3 loss=0.2565 l2=0.2000 label_smoothing=0.050
D step=3/5 epoch=2/3 loss=0.2557 l2=0.2000 label_smoothing=0.050
D step=3/5 epoch=3/3 loss=0.2502 l2=0.2000 label_smoothing=0.050
D step=4/5 epoch=1/3 loss=0.2487 l2=0.2000 label_smoothing=0.050
D step=4/5 epoch=2/3 loss=0.2449 l2=0.2000 label_smoothing=0.050
D step=4/5 epoch=3/3 loss=0.2476 l2=0.2000 label_smoothing=0.050
D step=5/5 epoch=1/3 loss=0.2568 l2=0.2000 label_smoothing=0.050
D step=5/5 epoch=2/3 loss=0.2569 l2=0.2000 label_smoothing=0.050
D step=5/5 epoch=3/3 loss=0.2514 l2=0.2000 label_smoothing=0.050
ADV epoch=56/60 g_loss=0.0599 d_loss=0.2469 reward=0.1340 reward_var=0.0014 unique=0.2400
D step=1/5 epoch=1/3 loss=0.2530 l2=0.2000 label_smoothing=0.050
D step=1/5 epoch=2/3 loss=0.2521 l2=0.2000 label_smoothing=0.050
D step=1/5 epoch=3/3 loss=0.2535 l2=0.2000 label_smoothing=0.050
D step=2/5 epoch=1/3 loss=0.2660 l2=0.2000 label_smoothing=0.050
D step=2/5 epoch=2/3 loss=0.2681 l2=0.2000 label_smoothing=0.050
D step=2/5 epoch=3/3 loss=0.2678 l2=0.2000 label_smoothing=0.050
D step=3/5 epoch=1/3 loss=0.2405 l2=0.2000 label_smoothing=0.050
D step=3/5 epoch=2/3 loss=0.2422 l2=0.2000 label_smoothing=0.050
D step=3/5 epoch=3/3 loss=0.2369 l2=0.2000 label_smoothing=0.050
D step=4/5 epoch=1/3 loss=0.2579 l2=0.2000 label_smoothing=0.050
D step=4/5 epoch=2/3 loss=0.2551 l2=0.2000 label_smoothing=0.050
D step=4/5 epoch=3/3 loss=0.2578 l2=0.2000 label_smoothing=0.050
D step=5/5 epoch=1/3 loss=0.2535 l2=0.2000 label_smoothing=0.050
D step=5/5 epoch=2/3 loss=0.2558 l2=0.2000 label_smoothing=0.050
D step=5/5 epoch=3/3 loss=0.2510 l2=0.2000 label_smoothing=0.050
ADV epoch=57/60 g_loss=0.0493 d_loss=0.2541 reward=0.1111 reward_var=0.0006 unique=0.2800
D step=1/5 epoch=1/3 loss=0.2383 l2=0.2000 label_smoothing=0.050
D step=1/5 epoch=2/3 loss=0.2388 l2=0.2000 label_smoothing=0.050
D step=1/5 epoch=3/3 loss=0.2406 l2=0.2000 label_smoothing=0.050
D step=2/5 epoch=1/3 loss=0.2240 l2=0.2000 label_smoothing=0.050
D step=2/5 epoch=2/3 loss=0.2233 l2=0.2000 label_smoothing=0.050
D step=2/5 epoch=3/3 loss=0.2170 l2=0.2000 label_smoothing=0.050
D step=3/5 epoch=1/3 loss=0.2484 l2=0.2000 label_smoothing=0.050
D step=3/5 epoch=2/3 loss=0.2466 l2=0.2000 label_smoothing=0.050
D step=3/5 epoch=3/3 loss=0.2416 l2=0.2000 label_smoothing=0.050
D step=4/5 epoch=1/3 loss=0.2194 l2=0.2000 label_smoothing=0.050
D step=4/5 epoch=2/3 loss=0.2202 l2=0.2000 label_smoothing=0.050
D step=4/5 epoch=3/3 loss=0.2213 l2=0.2000 label_smoothing=0.050
D step=5/5 epoch=1/3 loss=0.2399 l2=0.2000 label_smoothing=0.050
D step=5/5 epoch=2/3 loss=0.2419 l2=0.2000 label_smoothing=0.050
D step=5/5 epoch=3/3 loss=0.2413 l2=0.2000 label_smoothing=0.050
ADV epoch=58/60 g_loss=0.0542 d_loss=0.2335 reward=0.1104 reward_var=0.0006 unique=0.2400
D step=1/5 epoch=1/3 loss=0.2400 l2=0.2000 label_smoothing=0.050
D step=1/5 epoch=2/3 loss=0.2383 l2=0.2000 label_smoothing=0.050
D step=1/5 epoch=3/3 loss=0.2377 l2=0.2000 label_smoothing=0.050
D step=2/5 epoch=1/3 loss=0.2563 l2=0.2000 label_smoothing=0.050
D step=2/5 epoch=2/3 loss=0.2561 l2=0.2000 label_smoothing=0.050
D step=2/5 epoch=3/3 loss=0.2543 l2=0.2000 label_smoothing=0.050
D step=3/5 epoch=1/3 loss=0.2549 l2=0.2000 label_smoothing=0.050
D step=3/5 epoch=2/3 loss=0.2579 l2=0.2000 label_smoothing=0.050
D step=3/5 epoch=3/3 loss=0.2566 l2=0.2000 label_smoothing=0.050
D step=4/5 epoch=1/3 loss=0.2582 l2=0.2000 label_smoothing=0.050
D step=4/5 epoch=2/3 loss=0.2566 l2=0.2000 label_smoothing=0.050
D step=4/5 epoch=3/3 loss=0.2577 l2=0.2000 label_smoothing=0.050
D step=5/5 epoch=1/3 loss=0.2395 l2=0.2000 label_smoothing=0.050
D step=5/5 epoch=2/3 loss=0.2399 l2=0.2000 label_smoothing=0.050
D step=5/5 epoch=3/3 loss=0.2367 l2=0.2000 label_smoothing=0.050
ADV epoch=59/60 g_loss=0.0444 d_loss=0.2494 reward=0.1109 reward_var=0.0004 unique=0.2400
D step=1/5 epoch=1/3 loss=0.2521 l2=0.2000 label_smoothing=0.050
D step=1/5 epoch=2/3 loss=0.2506 l2=0.2000 label_smoothing=0.050
D step=1/5 epoch=3/3 loss=0.2510 l2=0.2000 label_smoothing=0.050
D step=2/5 epoch=1/3 loss=0.2699 l2=0.2000 label_smoothing=0.050
D step=2/5 epoch=2/3 loss=0.2670 l2=0.2000 label_smoothing=0.050
D step=2/5 epoch=3/3 loss=0.2675 l2=0.2000 label_smoothing=0.050
D step=3/5 epoch=1/3 loss=0.2447 l2=0.2000 label_smoothing=0.050
D step=3/5 epoch=2/3 loss=0.2439 l2=0.2000 label_smoothing=0.050
D step=3/5 epoch=3/3 loss=0.2403 l2=0.2000 label_smoothing=0.050
D step=4/5 epoch=1/3 loss=0.2692 l2=0.2000 label_smoothing=0.050
D step=4/5 epoch=2/3 loss=0.2660 l2=0.2000 label_smoothing=0.050
D step=4/5 epoch=3/3 loss=0.2704 l2=0.2000 label_smoothing=0.050
D step=5/5 epoch=1/3 loss=0.2691 l2=0.2000 label_smoothing=0.050
D step=5/5 epoch=2/3 loss=0.2656 l2=0.2000 label_smoothing=0.050
D step=5/5 epoch=3/3 loss=0.2667 l2=0.2000 label_smoothing=0.050
ADV epoch=60/60 g_loss=0.0495 d_loss=0.2596 reward=0.1100 reward_var=0.0005 unique=0.2400
saved 500 raw samples to /content/drive/MyDrive/GAN/GAN_SQLi_Colab/results_seqgan_phase2b_phase3/phase3/seqgan_improved/boolean/E/R200/V3/generated_payloads.csv
