{
  "metric_schema_version": "quality-metrics-v3",
  "normalization_version": "nfkc_html_percent1_casefold_ws_quotes_v1",
  "seed": 88,
  "method": "seqgan_improved",
  "family": "time",
  "scenario": "D",
  "ratio": "200",
  "generation_kind": "direct",
  "schema_valid": true,
  "stop_reason": "n/a",
  "n_generated": 497,
  "unique_rate": 0.9195171026156942,
  "normalized_unique_rate": 0.9175050301810865,
  "duplicate_rate": 0.08048289738430581,
  "model_collapse_rate": 0.08048289738430581,
  "dominant_payload_share": 0.04225352112676056,
  "normalized_dominant_payload_share": 0.04225352112676056,
  "sql_parse_rate": 1.0,
  "sql_structure_rate": 0.641851106639839,
  "family_motif_coverage": 0.8,
  "family_motif_hit_rate": 0.2595573440643863,
  "garbage_rate": 0.358148893360161,
  "wellformed_rate": 1.0,
  "shaped_rate": 0.641851106639839,
  "family_motif_coverage_by_family": {
    "time": 0.8
  },
  "family_motif_hit_rate_by_family": {
    "time": 0.2595573440643863
  },
  "inferred_family_distribution": {
    "boolean": 0.11871227364185111,
    "union": 0.02414486921529175,
    "time": 0.2595573440643863,
    "error": 0.0,
    "other": 0.5975855130784709
  },
  "train_reference_count": 78,
  "holdout_reference_count": 296,
  "exact_input_overlap": 0.002012072434607646,
  "normalized_input_overlap": 0.002012072434607646,
  "holdout_overlap": 0.0,
  "normalized_holdout_overlap": 0.0,
  "nearest_input_similarity_mean": 0.28139239480360223,
  "nearest_input_similarity_median": 0.22580645161290322,
  "nearest_input_similarity_p90": 0.6880555555555556,
  "nearest_char3_jaccard_mean": 0.28139239480360223,
  "nearest_char3_jaccard_median": 0.22580645161290322,
  "nearest_char3_jaccard_p90": 0.6880555555555556,
  "nearest_token_jaccard_mean": 0.2833445458702419,
  "nearest_token_jaccard_median": 0.2777777777777778,
  "nearest_token_jaccard_p90": 0.6,
  "nearest_edit_similarity_mean": 0.3315796912684884,
  "nearest_edit_similarity_median": 0.28846153846153844,
  "nearest_edit_similarity_p90": 0.7818006740491098,
  "nearest_feature_cosine_mean": 0.8367709386117697,
  "nearest_feature_cosine_median": 0.9160022888433371,
  "nearest_feature_cosine_p90": 0.9821733064326921,
  "nearest_input_distance_mean": 0.7186076051963978,
  "nearest_input_distance_median": 0.7741935483870968,
  "nearest_input_distance_p90": 1.0,
  "mean_nearest_similarity": 0.28139239480360223,
  "median_nearest_similarity": 0.22580645161290322,
  "p90_nearest_similarity": 0.6880555555555556,
  "unique_nearest_payload_rate": 0.1267605633802817,
  "dominant_retrieved_payload_share": 0.11871227364185111,
  "nearest_reference_count": 78,
  "distinct_1": 0.13623281100095938,
  "distinct_2": 0.45464895635673624,
  "distinct_3": 0.7685185185185185,
  "lexical_diversity": 0.13623281100095938,
  "character_diversity": 0.8113283115145614,
  "token_diversity": 0.6876958954541604,
  "keyword_diversity": 0.8267608287344591,
  "operator_diversity": 0.7434079619371408,
  "function_diversity": 0.6549739443699207,
  "comment_style_diversity": 0.3333333333333333,
  "length_zone_diversity": 1.0,
  "self_bleu": 0.7985779002960439,
  "self_bleu_char": 0.7985779002960439,
  "requested_count": 500,
  "generated_count_fraction": 0.994
}
