{
  "metric_schema_version": "quality-metrics-v3",
  "normalization_version": "nfkc_html_percent1_casefold_ws_quotes_v1",
  "seed": 88,
  "method": "gan",
  "family": "error",
  "scenario": "D",
  "ratio": "500",
  "generation_kind": "retrieval",
  "schema_valid": true,
  "stop_reason": "n/a",
  "n_generated": 2000,
  "unique_rate": 0.0015,
  "normalized_unique_rate": 0.0015,
  "duplicate_rate": 0.9985,
  "model_collapse_rate": 0.9985,
  "dominant_payload_share": 0.4715,
  "normalized_dominant_payload_share": 0.4715,
  "sql_parse_rate": 1.0,
  "sql_structure_rate": 1.0,
  "family_motif_coverage": 0.125,
  "family_motif_hit_rate": 1.0,
  "garbage_rate": 0.0,
  "wellformed_rate": 1.0,
  "shaped_rate": 1.0,
  "family_motif_coverage_by_family": {
    "error": 0.125
  },
  "family_motif_hit_rate_by_family": {
    "error": 1.0
  },
  "inferred_family_distribution": {
    "boolean": 0.0,
    "union": 0.0,
    "time": 0.0,
    "error": 1.0,
    "other": 0.0
  },
  "train_reference_count": 31,
  "holdout_reference_count": 259,
  "exact_input_overlap": 1.0,
  "normalized_input_overlap": 1.0,
  "holdout_overlap": 0.0,
  "normalized_holdout_overlap": 0.0,
  "nearest_input_similarity_mean": 1.0,
  "nearest_input_similarity_median": 1.0,
  "nearest_input_similarity_p90": 1.0,
  "nearest_char3_jaccard_mean": 1.0,
  "nearest_char3_jaccard_median": 1.0,
  "nearest_char3_jaccard_p90": 1.0,
  "nearest_token_jaccard_mean": 1.0,
  "nearest_token_jaccard_median": 1.0,
  "nearest_token_jaccard_p90": 1.0,
  "nearest_edit_similarity_mean": 1.0,
  "nearest_edit_similarity_median": 1.0,
  "nearest_edit_similarity_p90": 1.0,
  "nearest_feature_cosine_mean": 1.0,
  "nearest_feature_cosine_median": 1.0,
  "nearest_feature_cosine_p90": 1.0,
  "nearest_input_distance_mean": 0.0,
  "nearest_input_distance_median": 0.0,
  "nearest_input_distance_p90": 0.0,
  "mean_nearest_similarity": 1.0,
  "median_nearest_similarity": 1.0,
  "p90_nearest_similarity": 1.0,
  "unique_nearest_payload_rate": 0.0015,
  "dominant_retrieved_payload_share": 0.4715,
  "nearest_reference_count": 31,
  "distinct_1": 0.0004862259144520234,
  "distinct_2": 0.0009430861780718175,
  "distinct_3": 0.0010590883014871364,
  "lexical_diversity": 0.0004862259144520234,
  "character_diversity": 0.8446571741322153,
  "token_diversity": 0.8592446661859815,
  "keyword_diversity": 0.8199886085379898,
  "operator_diversity": 0.9577783462414575,
  "function_diversity": 0.9573416117933078,
  "comment_style_diversity": 0.3333333333333333,
  "length_zone_diversity": 0.2,
  "self_bleu": 1.0,
  "self_bleu_char": 1.0,
  "requested_count": 2000,
  "generated_count_fraction": 1.0
}
