
[1/3] pretrain G
G epoch=1/120 loss=5.3329
G epoch=2/120 loss=5.2370
G epoch=3/120 loss=5.1200
G epoch=4/120 loss=4.9539
G epoch=5/120 loss=4.7256
G epoch=6/120 loss=4.4503
G epoch=7/120 loss=4.1822
G epoch=8/120 loss=3.9869
G epoch=9/120 loss=3.8647
G epoch=10/120 loss=3.7863
G epoch=11/120 loss=3.7296
G epoch=12/120 loss=3.6734
G epoch=13/120 loss=3.6239
G epoch=14/120 loss=3.5875
G epoch=15/120 loss=3.5549
G epoch=16/120 loss=3.5175
G epoch=17/120 loss=3.4764
G epoch=18/120 loss=3.4322
G epoch=19/120 loss=3.3855
G epoch=20/120 loss=3.3372
G epoch=21/120 loss=3.2882
G epoch=22/120 loss=3.2395
G epoch=23/120 loss=3.1920
G epoch=24/120 loss=3.1461
G epoch=25/120 loss=3.1010
G epoch=26/120 loss=3.0565
G epoch=27/120 loss=3.0122
G epoch=28/120 loss=2.9679
G epoch=29/120 loss=2.9234
G epoch=30/120 loss=2.8791
G epoch=31/120 loss=2.8351
G epoch=32/120 loss=2.7917
G epoch=33/120 loss=2.7489
G epoch=34/120 loss=2.7066
G epoch=35/120 loss=2.6650
G epoch=36/120 loss=2.6241
G epoch=37/120 loss=2.5842
G epoch=38/120 loss=2.5453
G epoch=39/120 loss=2.5072
G epoch=40/120 loss=2.4699
G epoch=41/120 loss=2.4333
G epoch=42/120 loss=2.3976
G epoch=43/120 loss=2.3630
G epoch=44/120 loss=2.3294
G epoch=45/120 loss=2.2968
G epoch=46/120 loss=2.2649
G epoch=47/120 loss=2.2337
G epoch=48/120 loss=2.2033
G epoch=49/120 loss=2.1738
G epoch=50/120 loss=2.1450
G epoch=51/120 loss=2.1171
G epoch=52/120 loss=2.0899
G epoch=53/120 loss=2.0632
G epoch=54/120 loss=2.0371
G epoch=55/120 loss=2.0113
G epoch=56/120 loss=1.9860
G epoch=57/120 loss=1.9611
G epoch=58/120 loss=1.9367
G epoch=59/120 loss=1.9128
G epoch=60/120 loss=1.8894
G epoch=61/120 loss=1.8665
G epoch=62/120 loss=1.8441
G epoch=63/120 loss=1.8221
G epoch=64/120 loss=1.8007
G epoch=65/120 loss=1.7796
G epoch=66/120 loss=1.7591
G epoch=67/120 loss=1.7389
G epoch=68/120 loss=1.7191
G epoch=69/120 loss=1.6994
G epoch=70/120 loss=1.6800
G epoch=71/120 loss=1.6609
G epoch=72/120 loss=1.6420
G epoch=73/120 loss=1.6232
G epoch=74/120 loss=1.6048
G epoch=75/120 loss=1.5868
G epoch=76/120 loss=1.5691
G epoch=77/120 loss=1.5518
G epoch=78/120 loss=1.5346
G epoch=79/120 loss=1.5173
G epoch=80/120 loss=1.5006
G epoch=81/120 loss=1.4843
G epoch=82/120 loss=1.4678
G epoch=83/120 loss=1.4517
G epoch=84/120 loss=1.4360
G epoch=85/120 loss=1.4201
G epoch=86/120 loss=1.4047
G epoch=87/120 loss=1.3895
G epoch=88/120 loss=1.3743
G epoch=89/120 loss=1.3595
G epoch=90/120 loss=1.3450
G epoch=91/120 loss=1.3304
G epoch=92/120 loss=1.3161
G epoch=93/120 loss=1.3022
G epoch=94/120 loss=1.2882
G epoch=95/120 loss=1.2745
G epoch=96/120 loss=1.2611
G epoch=97/120 loss=1.2477
G epoch=98/120 loss=1.2344
G epoch=99/120 loss=1.2211
G epoch=100/120 loss=1.2083
G epoch=101/120 loss=1.1959
G epoch=102/120 loss=1.1834
G epoch=103/120 loss=1.1710
G epoch=104/120 loss=1.1587
G epoch=105/120 loss=1.1467
G epoch=106/120 loss=1.1350
G epoch=107/120 loss=1.1232
G epoch=108/120 loss=1.1114
G epoch=109/120 loss=1.0999
G epoch=110/120 loss=1.0888
G epoch=111/120 loss=1.0781
G epoch=112/120 loss=1.0673
G epoch=113/120 loss=1.0569
G epoch=114/120 loss=1.0468
G epoch=115/120 loss=1.0368
G epoch=116/120 loss=1.0267
G epoch=117/120 loss=1.0167
G epoch=118/120 loss=1.0069
G epoch=119/120 loss=0.9972
G epoch=120/120 loss=0.9876

[2/3] pretrain D

[3/3] adversarial
generator_reward_mode=off reward_alpha=1.000 d_steps=5 d_epochs=3
ADV epoch=1/200 g_loss=0.8443 d_loss=0.0000 reward=0.5034 reward_var=0.0004 unique=0.9600
ADV epoch=2/200 g_loss=0.8268 d_loss=0.0000 reward=0.5031 reward_var=0.0004 unique=1.0000
ADV epoch=3/200 g_loss=0.8180 d_loss=0.0000 reward=0.4998 reward_var=0.0004 unique=1.0000
ADV epoch=4/200 g_loss=0.8130 d_loss=0.0000 reward=0.4995 reward_var=0.0005 unique=1.0000
ADV epoch=5/200 g_loss=0.7951 d_loss=0.0000 reward=0.4969 reward_var=0.0004 unique=0.9800
ADV epoch=6/200 g_loss=0.7873 d_loss=0.0000 reward=0.4982 reward_var=0.0004 unique=1.0000
ADV epoch=7/200 g_loss=0.7782 d_loss=0.0000 reward=0.4955 reward_var=0.0004 unique=1.0000
ADV epoch=8/200 g_loss=0.7436 d_loss=0.0000 reward=0.4947 reward_var=0.0004 unique=1.0000
ADV epoch=9/200 g_loss=0.7352 d_loss=0.0000 reward=0.4962 reward_var=0.0005 unique=1.0000
ADV epoch=10/200 g_loss=0.7274 d_loss=0.0000 reward=0.4975 reward_var=0.0004 unique=1.0000
ADV epoch=11/200 g_loss=0.7123 d_loss=0.0000 reward=0.4981 reward_var=0.0004 unique=1.0000
ADV epoch=12/200 g_loss=0.7027 d_loss=0.0000 reward=0.4980 reward_var=0.0003 unique=1.0000
ADV epoch=13/200 g_loss=0.6829 d_loss=0.0000 reward=0.4982 reward_var=0.0003 unique=1.0000
ADV epoch=14/200 g_loss=0.6840 d_loss=0.0000 reward=0.5008 reward_var=0.0004 unique=1.0000
ADV epoch=15/200 g_loss=0.6709 d_loss=0.0000 reward=0.5010 reward_var=0.0003 unique=1.0000
ADV epoch=16/200 g_loss=0.6665 d_loss=0.0000 reward=0.5024 reward_var=0.0003 unique=1.0000
ADV epoch=17/200 g_loss=0.6662 d_loss=0.0000 reward=0.5037 reward_var=0.0004 unique=1.0000
ADV epoch=18/200 g_loss=0.6615 d_loss=0.0000 reward=0.5061 reward_var=0.0003 unique=1.0000
ADV epoch=19/200 g_loss=0.6525 d_loss=0.0000 reward=0.5048 reward_var=0.0003 unique=1.0000
ADV epoch=20/200 g_loss=0.6487 d_loss=0.0000 reward=0.5084 reward_var=0.0003 unique=1.0000
ADV epoch=21/200 g_loss=0.6485 d_loss=0.0000 reward=0.5114 reward_var=0.0003 unique=1.0000
ADV epoch=22/200 g_loss=0.6423 d_loss=0.0000 reward=0.5114 reward_var=0.0003 unique=1.0000
ADV epoch=23/200 g_loss=0.6341 d_loss=0.0000 reward=0.5128 reward_var=0.0003 unique=1.0000
ADV epoch=24/200 g_loss=0.6396 d_loss=0.0000 reward=0.5164 reward_var=0.0003 unique=1.0000
ADV epoch=25/200 g_loss=0.6486 d_loss=0.0000 reward=0.5174 reward_var=0.0003 unique=1.0000
ADV epoch=26/200 g_loss=0.6479 d_loss=0.0000 reward=0.5193 reward_var=0.0003 unique=1.0000
ADV epoch=27/200 g_loss=0.6570 d_loss=0.0000 reward=0.5218 reward_var=0.0003 unique=1.0000
ADV epoch=28/200 g_loss=0.6613 d_loss=0.0000 reward=0.5214 reward_var=0.0003 unique=1.0000
ADV epoch=29/200 g_loss=0.6701 d_loss=0.0000 reward=0.5259 reward_var=0.0003 unique=1.0000
ADV epoch=30/200 g_loss=0.6754 d_loss=0.0000 reward=0.5262 reward_var=0.0003 unique=1.0000
ADV epoch=31/200 g_loss=0.6823 d_loss=0.0000 reward=0.5286 reward_var=0.0003 unique=1.0000
ADV epoch=32/200 g_loss=0.6881 d_loss=0.0000 reward=0.5314 reward_var=0.0003 unique=1.0000
ADV epoch=33/200 g_loss=0.6875 d_loss=0.0000 reward=0.5334 reward_var=0.0003 unique=1.0000
ADV epoch=34/200 g_loss=0.6963 d_loss=0.0000 reward=0.5372 reward_var=0.0003 unique=1.0000
ADV epoch=35/200 g_loss=0.6892 d_loss=0.0000 reward=0.5403 reward_var=0.0003 unique=1.0000
ADV epoch=36/200 g_loss=0.6908 d_loss=0.0000 reward=0.5436 reward_var=0.0003 unique=1.0000
ADV epoch=37/200 g_loss=0.6916 d_loss=0.0000 reward=0.5456 reward_var=0.0003 unique=1.0000
ADV epoch=38/200 g_loss=0.6895 d_loss=0.0000 reward=0.5482 reward_var=0.0003 unique=1.0000
ADV epoch=39/200 g_loss=0.6880 d_loss=0.0000 reward=0.5512 reward_var=0.0003 unique=1.0000
ADV epoch=40/200 g_loss=0.6837 d_loss=0.0000 reward=0.5518 reward_var=0.0003 unique=1.0000
ADV epoch=41/200 g_loss=0.6841 d_loss=0.0000 reward=0.5549 reward_var=0.0003 unique=1.0000
ADV epoch=42/200 g_loss=0.6798 d_loss=0.0000 reward=0.5566 reward_var=0.0003 unique=1.0000
ADV epoch=43/200 g_loss=0.6900 d_loss=0.0000 reward=0.5578 reward_var=0.0003 unique=1.0000
ADV epoch=44/200 g_loss=0.6950 d_loss=0.0000 reward=0.5597 reward_var=0.0003 unique=1.0000
ADV epoch=45/200 g_loss=0.6920 d_loss=0.0000 reward=0.5588 reward_var=0.0003 unique=0.9600
ADV epoch=46/200 g_loss=0.6938 d_loss=0.0000 reward=0.5600 reward_var=0.0003 unique=1.0000
ADV epoch=47/200 g_loss=0.6944 d_loss=0.0000 reward=0.5612 reward_var=0.0003 unique=1.0000
ADV epoch=48/200 g_loss=0.6867 d_loss=0.0000 reward=0.5645 reward_var=0.0003 unique=1.0000
ADV epoch=49/200 g_loss=0.6847 d_loss=0.0000 reward=0.5648 reward_var=0.0003 unique=1.0000
ADV epoch=50/200 g_loss=0.6791 d_loss=0.0000 reward=0.5642 reward_var=0.0003 unique=1.0000
ADV epoch=51/200 g_loss=0.6781 d_loss=0.0000 reward=0.5688 reward_var=0.0003 unique=1.0000
ADV epoch=52/200 g_loss=0.6736 d_loss=0.0000 reward=0.5709 reward_var=0.0003 unique=1.0000
ADV epoch=53/200 g_loss=0.6705 d_loss=0.0000 reward=0.5721 reward_var=0.0003 unique=1.0000
ADV epoch=54/200 g_loss=0.6687 d_loss=0.0000 reward=0.5733 reward_var=0.0002 unique=1.0000
ADV epoch=55/200 g_loss=0.6625 d_loss=0.0000 reward=0.5788 reward_var=0.0002 unique=1.0000
ADV epoch=56/200 g_loss=0.6673 d_loss=0.0000 reward=0.5792 reward_var=0.0003 unique=1.0000
ADV epoch=57/200 g_loss=0.6697 d_loss=0.0000 reward=0.5818 reward_var=0.0003 unique=1.0000
ADV epoch=58/200 g_loss=0.6575 d_loss=0.0000 reward=0.5847 reward_var=0.0003 unique=1.0000
ADV epoch=59/200 g_loss=0.6534 d_loss=0.0000 reward=0.5850 reward_var=0.0003 unique=1.0000
ADV epoch=60/200 g_loss=0.6488 d_loss=0.0000 reward=0.5873 reward_var=0.0003 unique=1.0000
ADV epoch=61/200 g_loss=0.6443 d_loss=0.0000 reward=0.5901 reward_var=0.0003 unique=1.0000
ADV epoch=62/200 g_loss=0.6485 d_loss=0.0000 reward=0.5924 reward_var=0.0003 unique=1.0000
ADV epoch=63/200 g_loss=0.6700 d_loss=0.0000 reward=0.5967 reward_var=0.0003 unique=1.0000
ADV epoch=64/200 g_loss=0.6907 d_loss=0.0000 reward=0.5997 reward_var=0.0003 unique=1.0000
ADV epoch=65/200 g_loss=0.6923 d_loss=0.0000 reward=0.6015 reward_var=0.0003 unique=1.0000
ADV epoch=66/200 g_loss=0.6964 d_loss=0.0000 reward=0.6033 reward_var=0.0003 unique=1.0000
ADV epoch=67/200 g_loss=0.6926 d_loss=0.0000 reward=0.6051 reward_var=0.0002 unique=1.0000
ADV epoch=68/200 g_loss=0.6943 d_loss=0.0000 reward=0.6043 reward_var=0.0002 unique=1.0000
ADV epoch=69/200 g_loss=0.6987 d_loss=0.0000 reward=0.6040 reward_var=0.0003 unique=1.0000
ADV epoch=70/200 g_loss=0.6943 d_loss=0.0000 reward=0.6049 reward_var=0.0002 unique=1.0000
ADV epoch=71/200 g_loss=0.6741 d_loss=0.0000 reward=0.6050 reward_var=0.0002 unique=1.0000
ADV epoch=72/200 g_loss=0.6607 d_loss=0.0000 reward=0.6055 reward_var=0.0002 unique=1.0000
ADV epoch=73/200 g_loss=0.6364 d_loss=0.0000 reward=0.6059 reward_var=0.0002 unique=1.0000
ADV epoch=74/200 g_loss=0.5903 d_loss=0.0000 reward=0.6043 reward_var=0.0002 unique=1.0000
ADV epoch=75/200 g_loss=0.5733 d_loss=0.0000 reward=0.6064 reward_var=0.0002 unique=1.0000
ADV epoch=76/200 g_loss=0.5318 d_loss=0.0000 reward=0.6065 reward_var=0.0002 unique=1.0000
ADV epoch=77/200 g_loss=0.5153 d_loss=0.0000 reward=0.6068 reward_var=0.0002 unique=1.0000
ADV epoch=78/200 g_loss=0.5192 d_loss=0.0000 reward=0.6056 reward_var=0.0002 unique=1.0000
ADV epoch=79/200 g_loss=0.5994 d_loss=0.0000 reward=0.6045 reward_var=0.0002 unique=1.0000
ADV epoch=80/200 g_loss=0.6516 d_loss=0.0000 reward=0.6021 reward_var=0.0002 unique=1.0000
ADV epoch=81/200 g_loss=0.6765 d_loss=0.0000 reward=0.5997 reward_var=0.0002 unique=1.0000
ADV epoch=82/200 g_loss=0.6831 d_loss=0.0000 reward=0.5960 reward_var=0.0002 unique=1.0000
ADV epoch=83/200 g_loss=0.6860 d_loss=0.0000 reward=0.5935 reward_var=0.0002 unique=1.0000
ADV epoch=84/200 g_loss=0.6752 d_loss=0.0000 reward=0.5931 reward_var=0.0002 unique=1.0000
ADV epoch=85/200 g_loss=0.6665 d_loss=0.0000 reward=0.5907 reward_var=0.0002 unique=1.0000
ADV epoch=86/200 g_loss=0.6581 d_loss=0.0000 reward=0.5909 reward_var=0.0002 unique=1.0000
ADV epoch=87/200 g_loss=0.6495 d_loss=0.0000 reward=0.5882 reward_var=0.0002 unique=1.0000
ADV epoch=88/200 g_loss=0.6348 d_loss=0.0000 reward=0.5877 reward_var=0.0002 unique=1.0000
ADV epoch=89/200 g_loss=0.6178 d_loss=0.0000 reward=0.5845 reward_var=0.0002 unique=1.0000
ADV epoch=90/200 g_loss=0.6030 d_loss=0.0000 reward=0.5813 reward_var=0.0002 unique=1.0000
ADV epoch=91/200 g_loss=0.5816 d_loss=0.0000 reward=0.5780 reward_var=0.0002 unique=1.0000
ADV epoch=92/200 g_loss=0.5616 d_loss=0.0000 reward=0.5741 reward_var=0.0002 unique=1.0000
ADV epoch=93/200 g_loss=0.5522 d_loss=0.0000 reward=0.5717 reward_var=0.0002 unique=1.0000
ADV epoch=94/200 g_loss=0.5548 d_loss=0.0000 reward=0.5718 reward_var=0.0002 unique=1.0000
ADV epoch=95/200 g_loss=0.5512 d_loss=0.0000 reward=0.5708 reward_var=0.0002 unique=1.0000
ADV epoch=96/200 g_loss=0.5518 d_loss=0.0000 reward=0.5718 reward_var=0.0002 unique=1.0000
ADV epoch=97/200 g_loss=0.5572 d_loss=0.0000 reward=0.5721 reward_var=0.0002 unique=1.0000
ADV epoch=98/200 g_loss=0.5674 d_loss=0.0000 reward=0.5738 reward_var=0.0002 unique=1.0000
ADV epoch=99/200 g_loss=0.5888 d_loss=0.0000 reward=0.5777 reward_var=0.0002 unique=1.0000
ADV epoch=100/200 g_loss=0.6052 d_loss=0.0000 reward=0.5822 reward_var=0.0002 unique=1.0000
ADV epoch=101/200 g_loss=0.6094 d_loss=0.0000 reward=0.5870 reward_var=0.0002 unique=1.0000
ADV epoch=102/200 g_loss=0.6161 d_loss=0.0000 reward=0.5909 reward_var=0.0002 unique=1.0000
ADV epoch=103/200 g_loss=0.6270 d_loss=0.0000 reward=0.5953 reward_var=0.0002 unique=1.0000
ADV epoch=104/200 g_loss=0.6342 d_loss=0.0000 reward=0.5976 reward_var=0.0002 unique=1.0000
ADV epoch=105/200 g_loss=0.6379 d_loss=0.0000 reward=0.5985 reward_var=0.0002 unique=1.0000
ADV epoch=106/200 g_loss=0.6394 d_loss=0.0000 reward=0.6010 reward_var=0.0002 unique=1.0000
ADV epoch=107/200 g_loss=0.6290 d_loss=0.0000 reward=0.6026 reward_var=0.0002 unique=1.0000
ADV epoch=108/200 g_loss=0.6139 d_loss=0.0000 reward=0.6043 reward_var=0.0002 unique=1.0000
ADV epoch=109/200 g_loss=0.5976 d_loss=0.0000 reward=0.6038 reward_var=0.0002 unique=1.0000
ADV epoch=110/200 g_loss=0.5855 d_loss=0.0000 reward=0.6057 reward_var=0.0002 unique=1.0000
ADV epoch=111/200 g_loss=0.5831 d_loss=0.0000 reward=0.6055 reward_var=0.0002 unique=1.0000
ADV epoch=112/200 g_loss=0.5804 d_loss=0.0000 reward=0.6066 reward_var=0.0002 unique=1.0000
ADV epoch=113/200 g_loss=0.5818 d_loss=0.0000 reward=0.6087 reward_var=0.0002 unique=1.0000
ADV epoch=114/200 g_loss=0.5800 d_loss=0.0000 reward=0.6087 reward_var=0.0002 unique=1.0000
ADV epoch=115/200 g_loss=0.5791 d_loss=0.0000 reward=0.6119 reward_var=0.0002 unique=1.0000
ADV epoch=116/200 g_loss=0.5707 d_loss=0.0000 reward=0.6114 reward_var=0.0002 unique=1.0000
ADV epoch=117/200 g_loss=0.5582 d_loss=0.0000 reward=0.6121 reward_var=0.0002 unique=1.0000
ADV epoch=118/200 g_loss=0.5468 d_loss=0.0000 reward=0.6134 reward_var=0.0002 unique=1.0000
ADV epoch=119/200 g_loss=0.5360 d_loss=0.0000 reward=0.6134 reward_var=0.0002 unique=1.0000
ADV epoch=120/200 g_loss=0.5306 d_loss=0.0000 reward=0.6139 reward_var=0.0002 unique=1.0000
ADV epoch=121/200 g_loss=0.5305 d_loss=0.0000 reward=0.6142 reward_var=0.0002 unique=1.0000
ADV epoch=122/200 g_loss=0.5217 d_loss=0.0000 reward=0.6139 reward_var=0.0002 unique=1.0000
ADV epoch=123/200 g_loss=0.5106 d_loss=0.0000 reward=0.6138 reward_var=0.0002 unique=1.0000
ADV epoch=124/200 g_loss=0.4970 d_loss=0.0000 reward=0.6135 reward_var=0.0002 unique=1.0000
ADV epoch=125/200 g_loss=0.4912 d_loss=0.0000 reward=0.6127 reward_var=0.0002 unique=1.0000
ADV epoch=126/200 g_loss=0.4671 d_loss=0.0000 reward=0.6129 reward_var=0.0002 unique=1.0000
ADV epoch=127/200 g_loss=0.4465 d_loss=0.0000 reward=0.6140 reward_var=0.0002 unique=1.0000
ADV epoch=128/200 g_loss=0.4278 d_loss=0.0000 reward=0.6151 reward_var=0.0001 unique=1.0000
ADV epoch=129/200 g_loss=0.4126 d_loss=0.0000 reward=0.6169 reward_var=0.0001 unique=1.0000
ADV epoch=130/200 g_loss=0.4087 d_loss=0.0000 reward=0.6178 reward_var=0.0001 unique=1.0000
ADV epoch=131/200 g_loss=0.4130 d_loss=0.0000 reward=0.6181 reward_var=0.0001 unique=1.0000
ADV epoch=132/200 g_loss=0.4188 d_loss=0.0000 reward=0.6185 reward_var=0.0002 unique=1.0000
ADV epoch=133/200 g_loss=0.4072 d_loss=0.0000 reward=0.6196 reward_var=0.0002 unique=1.0000
ADV epoch=134/200 g_loss=0.3854 d_loss=0.0000 reward=0.6217 reward_var=0.0001 unique=1.0000
ADV epoch=135/200 g_loss=0.3812 d_loss=0.0000 reward=0.6210 reward_var=0.0001 unique=1.0000
ADV epoch=136/200 g_loss=0.3777 d_loss=0.0000 reward=0.6204 reward_var=0.0002 unique=1.0000
ADV epoch=137/200 g_loss=0.3645 d_loss=0.0000 reward=0.6209 reward_var=0.0001 unique=1.0000
ADV epoch=138/200 g_loss=0.3565 d_loss=0.0000 reward=0.6210 reward_var=0.0002 unique=1.0000
ADV epoch=139/200 g_loss=0.3605 d_loss=0.0000 reward=0.6210 reward_var=0.0001 unique=1.0000
ADV epoch=140/200 g_loss=0.3693 d_loss=0.0000 reward=0.6214 reward_var=0.0001 unique=1.0000
ADV epoch=141/200 g_loss=0.3651 d_loss=0.0000 reward=0.6204 reward_var=0.0001 unique=1.0000
ADV epoch=142/200 g_loss=0.3500 d_loss=0.0000 reward=0.6203 reward_var=0.0001 unique=1.0000
ADV epoch=143/200 g_loss=0.3280 d_loss=0.0000 reward=0.6199 reward_var=0.0001 unique=1.0000
ADV epoch=144/200 g_loss=0.2997 d_loss=0.0000 reward=0.6179 reward_var=0.0001 unique=1.0000
ADV epoch=145/200 g_loss=0.2760 d_loss=0.0000 reward=0.6173 reward_var=0.0001 unique=1.0000
ADV epoch=146/200 g_loss=0.2552 d_loss=0.0000 reward=0.6160 reward_var=0.0001 unique=1.0000
ADV epoch=147/200 g_loss=0.2446 d_loss=0.0000 reward=0.6151 reward_var=0.0001 unique=1.0000
ADV epoch=148/200 g_loss=0.2415 d_loss=0.0000 reward=0.6132 reward_var=0.0001 unique=1.0000
ADV epoch=149/200 g_loss=0.2270 d_loss=0.0000 reward=0.6127 reward_var=0.0001 unique=1.0000
ADV epoch=150/200 g_loss=0.2162 d_loss=0.0000 reward=0.6113 reward_var=0.0001 unique=1.0000
ADV epoch=151/200 g_loss=0.2123 d_loss=0.0000 reward=0.6108 reward_var=0.0001 unique=1.0000
ADV epoch=152/200 g_loss=0.2101 d_loss=0.0000 reward=0.6101 reward_var=0.0001 unique=1.0000
ADV epoch=153/200 g_loss=0.2072 d_loss=0.0000 reward=0.6098 reward_var=0.0001 unique=1.0000
ADV epoch=154/200 g_loss=0.2062 d_loss=0.0000 reward=0.6104 reward_var=0.0001 unique=1.0000
ADV epoch=155/200 g_loss=0.2058 d_loss=0.0000 reward=0.6112 reward_var=0.0001 unique=1.0000
ADV epoch=156/200 g_loss=0.2078 d_loss=0.0000 reward=0.6108 reward_var=0.0001 unique=1.0000
ADV epoch=157/200 g_loss=0.2058 d_loss=0.0000 reward=0.6112 reward_var=0.0001 unique=1.0000
ADV epoch=158/200 g_loss=0.2101 d_loss=0.0000 reward=0.6117 reward_var=0.0001 unique=1.0000
ADV epoch=159/200 g_loss=0.2131 d_loss=0.0000 reward=0.6127 reward_var=0.0001 unique=1.0000
ADV epoch=160/200 g_loss=0.2093 d_loss=0.0000 reward=0.6126 reward_var=0.0001 unique=1.0000
ADV epoch=161/200 g_loss=0.2077 d_loss=0.0000 reward=0.6136 reward_var=0.0001 unique=1.0000
ADV epoch=162/200 g_loss=0.2100 d_loss=0.0000 reward=0.6143 reward_var=0.0001 unique=1.0000
ADV epoch=163/200 g_loss=0.2075 d_loss=0.0000 reward=0.6142 reward_var=0.0001 unique=1.0000
ADV epoch=164/200 g_loss=0.2106 d_loss=0.0000 reward=0.6141 reward_var=0.0001 unique=1.0000
ADV epoch=165/200 g_loss=0.2120 d_loss=0.0000 reward=0.6158 reward_var=0.0001 unique=1.0000
ADV epoch=166/200 g_loss=0.2119 d_loss=0.0000 reward=0.6158 reward_var=0.0001 unique=1.0000


===== NEW SESSION 2026-07-18T05:47:55.205816 =====

[1/3] pretrain G
G epoch=1/120 loss=5.3329
G epoch=2/120 loss=5.2370
G epoch=3/120 loss=5.1200
G epoch=4/120 loss=4.9539
G epoch=5/120 loss=4.7256
G epoch=6/120 loss=4.4503
G epoch=7/120 loss=4.1822
G epoch=8/120 loss=3.9869
G epoch=9/120 loss=3.8647
G epoch=10/120 loss=3.7863
G epoch=11/120 loss=3.7296
G epoch=12/120 loss=3.6734
G epoch=13/120 loss=3.6239
G epoch=14/120 loss=3.5875
G epoch=15/120 loss=3.5549
G epoch=16/120 loss=3.5175
G epoch=17/120 loss=3.4764
G epoch=18/120 loss=3.4322
G epoch=19/120 loss=3.3855
G epoch=20/120 loss=3.3372
G epoch=21/120 loss=3.2882
G epoch=22/120 loss=3.2395
G epoch=23/120 loss=3.1920
G epoch=24/120 loss=3.1461
G epoch=25/120 loss=3.1010
G epoch=26/120 loss=3.0565
G epoch=27/120 loss=3.0122
G epoch=28/120 loss=2.9679
G epoch=29/120 loss=2.9234
G epoch=30/120 loss=2.8791
G epoch=31/120 loss=2.8351
G epoch=32/120 loss=2.7917
G epoch=33/120 loss=2.7489
G epoch=34/120 loss=2.7066
G epoch=35/120 loss=2.6650
G epoch=36/120 loss=2.6241
G epoch=37/120 loss=2.5842
G epoch=38/120 loss=2.5453
G epoch=39/120 loss=2.5072
G epoch=40/120 loss=2.4699
G epoch=41/120 loss=2.4333
G epoch=42/120 loss=2.3976
G epoch=43/120 loss=2.3630
G epoch=44/120 loss=2.3294
G epoch=45/120 loss=2.2968
G epoch=46/120 loss=2.2649
G epoch=47/120 loss=2.2337
G epoch=48/120 loss=2.2033
G epoch=49/120 loss=2.1738
G epoch=50/120 loss=2.1450
G epoch=51/120 loss=2.1171
G epoch=52/120 loss=2.0899
G epoch=53/120 loss=2.0632
G epoch=54/120 loss=2.0371
G epoch=55/120 loss=2.0113
G epoch=56/120 loss=1.9860
G epoch=57/120 loss=1.9611
G epoch=58/120 loss=1.9367
G epoch=59/120 loss=1.9128
G epoch=60/120 loss=1.8894
G epoch=61/120 loss=1.8665
G epoch=62/120 loss=1.8441
G epoch=63/120 loss=1.8221
G epoch=64/120 loss=1.8007
G epoch=65/120 loss=1.7796
G epoch=66/120 loss=1.7591
G epoch=67/120 loss=1.7389
G epoch=68/120 loss=1.7191
G epoch=69/120 loss=1.6994
G epoch=70/120 loss=1.6800
G epoch=71/120 loss=1.6609
G epoch=72/120 loss=1.6420
G epoch=73/120 loss=1.6232
G epoch=74/120 loss=1.6048
G epoch=75/120 loss=1.5868
G epoch=76/120 loss=1.5691
G epoch=77/120 loss=1.5518
G epoch=78/120 loss=1.5346
G epoch=79/120 loss=1.5173
G epoch=80/120 loss=1.5006
G epoch=81/120 loss=1.4843
G epoch=82/120 loss=1.4678
G epoch=83/120 loss=1.4517
G epoch=84/120 loss=1.4360
G epoch=85/120 loss=1.4201
G epoch=86/120 loss=1.4047
G epoch=87/120 loss=1.3895
G epoch=88/120 loss=1.3743
G epoch=89/120 loss=1.3595
G epoch=90/120 loss=1.3450
G epoch=91/120 loss=1.3304
G epoch=92/120 loss=1.3161
G epoch=93/120 loss=1.3022
G epoch=94/120 loss=1.2882
G epoch=95/120 loss=1.2745
G epoch=96/120 loss=1.2611
G epoch=97/120 loss=1.2477
G epoch=98/120 loss=1.2344
G epoch=99/120 loss=1.2211
G epoch=100/120 loss=1.2083
G epoch=101/120 loss=1.1959
G epoch=102/120 loss=1.1834
G epoch=103/120 loss=1.1710
G epoch=104/120 loss=1.1587
G epoch=105/120 loss=1.1467
G epoch=106/120 loss=1.1350
G epoch=107/120 loss=1.1232
G epoch=108/120 loss=1.1114
G epoch=109/120 loss=1.0999
G epoch=110/120 loss=1.0888
G epoch=111/120 loss=1.0781
G epoch=112/120 loss=1.0673
G epoch=113/120 loss=1.0569
G epoch=114/120 loss=1.0468
G epoch=115/120 loss=1.0368
G epoch=116/120 loss=1.0267
G epoch=117/120 loss=1.0167
G epoch=118/120 loss=1.0069
G epoch=119/120 loss=0.9972
G epoch=120/120 loss=0.9876

[2/3] pretrain D

[3/3] adversarial
generator_reward_mode=off reward_alpha=1.000 d_steps=5 d_epochs=3
Traceback (most recent call last):
  File "<frozen runpy>", line 198, in _run_module_as_main
  File "<frozen runpy>", line 88, in _run_code
  File "/content/GAN_for_SQLi_rerun_13/models/seqgan_improved/runtime/train.py", line 452, in <module>
    main()
  File "/content/GAN_for_SQLi_rerun_13/models/seqgan_improved/runtime/train.py", line 448, in main
    run_training(build_parser().parse_args())
  File "/content/GAN_for_SQLi_rerun_13/models/seqgan_improved/runtime/train.py", line 266, in run_training
    adversarial_stats = adv_train(
                        ^^^^^^^^^^
  File "/content/GAN_for_SQLi_rerun_13/models/seqgan_improved/runtime/adversarial.py", line 224, in adv_train
    discriminator_reward = rollout.get_reward(sequences.detach(), mask=mask.detach())
                           ^^^^^^^^^^^^^^^^^^^^^^^^^^^^^^^^^^^^^^^^^^^^^^^^^^^^^^^^^^
  File "/usr/local/lib/python3.12/dist-packages/torch/utils/_contextlib.py", line 124, in decorate_context
    return func(*args, **kwargs)
           ^^^^^^^^^^^^^^^^^^^^^
  File "/content/GAN_for_SQLi_rerun_13/models/seqgan_improved/runtime/rollout.py", line 79, in get_reward
    tails = self.beta.continue_batched(
            ^^^^^^^^^^^^^^^^^^^^^^^^^^^
  File "/usr/local/lib/python3.12/dist-packages/torch/utils/_contextlib.py", line 124, in decorate_context
    return func(*args, **kwargs)
           ^^^^^^^^^^^^^^^^^^^^^
  File "/content/GAN_for_SQLi_rerun_13/models/seqgan_improved/runtime/generator.py", line 177, in continue_batched
    nxt = torch.multinomial(prob, 1).squeeze(1)
          ^^^^^^^^^^^^^^^^^^^^^^^^^^
KeyboardInterrupt
Exception ignored in atexit callback: <function dump_compile_times at 0x78e0dca11300>
Traceback (most recent call last):
  File "/usr/local/lib/python3.12/dist-packages/torch/_dynamo/utils.py", line 910, in dump_compile_times
    log.info(compile_times(repr="str", aggregate=True))
             ^^^^^^^^^^^^^^^^^^^^^^^^^^^^^^^^^^^^^^^^^
  File "/usr/local/lib/python3.12/dist-packages/torch/_dynamo/utils.py", line 896, in compile_times
    out += tabulate(rows, headers=("Function", "Runtimes (s)"))
           ^^^^^^^^^^^^^^^^^^^^^^^^^^^^^^^^^^^^^^^^^^^^^^^^^^^^
  File "/usr/local/lib/python3.12/dist-packages/torch/_dynamo/utils.py", line 244, in tabulate
    import tabulate
  File "/usr/local/lib/python3.12/dist-packages/tabulate/__init__.py", line 631, in <module>
    linebelow=Line("\\bottomrule\n\\end{tabular}", "", "", ""),
              ^^^^^^^^^^^^^^^^^^^^^^^^^^^^^^^^^^^^^^^^^^^^^^^^
KeyboardInterrupt: 


===== NEW SESSION 2026-07-18T05:51:50.513496 =====

[1/3] pretrain G
G epoch=1/120 loss=5.3329
G epoch=2/120 loss=5.2370
G epoch=3/120 loss=5.1200
G epoch=4/120 loss=4.9539
G epoch=5/120 loss=4.7256
G epoch=6/120 loss=4.4503
G epoch=7/120 loss=4.1822
G epoch=8/120 loss=3.9869
G epoch=9/120 loss=3.8647
G epoch=10/120 loss=3.7863
G epoch=11/120 loss=3.7296
G epoch=12/120 loss=3.6734
G epoch=13/120 loss=3.6239
G epoch=14/120 loss=3.5875
G epoch=15/120 loss=3.5549
G epoch=16/120 loss=3.5175
G epoch=17/120 loss=3.4764
G epoch=18/120 loss=3.4322
G epoch=19/120 loss=3.3855
G epoch=20/120 loss=3.3372
G epoch=21/120 loss=3.2882
G epoch=22/120 loss=3.2395
G epoch=23/120 loss=3.1920
G epoch=24/120 loss=3.1461
G epoch=25/120 loss=3.1010
G epoch=26/120 loss=3.0565
G epoch=27/120 loss=3.0122
G epoch=28/120 loss=2.9679
G epoch=29/120 loss=2.9234
G epoch=30/120 loss=2.8791
G epoch=31/120 loss=2.8351
G epoch=32/120 loss=2.7917
G epoch=33/120 loss=2.7489
G epoch=34/120 loss=2.7066
G epoch=35/120 loss=2.6650
G epoch=36/120 loss=2.6241
G epoch=37/120 loss=2.5842
G epoch=38/120 loss=2.5453
G epoch=39/120 loss=2.5072
G epoch=40/120 loss=2.4699
G epoch=41/120 loss=2.4333
G epoch=42/120 loss=2.3976
G epoch=43/120 loss=2.3630
G epoch=44/120 loss=2.3294
G epoch=45/120 loss=2.2968
G epoch=46/120 loss=2.2649
G epoch=47/120 loss=2.2337
G epoch=48/120 loss=2.2033
G epoch=49/120 loss=2.1738
G epoch=50/120 loss=2.1450
G epoch=51/120 loss=2.1171
G epoch=52/120 loss=2.0899
G epoch=53/120 loss=2.0632
G epoch=54/120 loss=2.0371
G epoch=55/120 loss=2.0113
G epoch=56/120 loss=1.9860
G epoch=57/120 loss=1.9611
G epoch=58/120 loss=1.9367
G epoch=59/120 loss=1.9128
G epoch=60/120 loss=1.8894
G epoch=61/120 loss=1.8665
G epoch=62/120 loss=1.8441
G epoch=63/120 loss=1.8221
G epoch=64/120 loss=1.8007
G epoch=65/120 loss=1.7796
G epoch=66/120 loss=1.7591
G epoch=67/120 loss=1.7389
G epoch=68/120 loss=1.7191
G epoch=69/120 loss=1.6994
G epoch=70/120 loss=1.6800
G epoch=71/120 loss=1.6609
G epoch=72/120 loss=1.6420
G epoch=73/120 loss=1.6232
G epoch=74/120 loss=1.6048
G epoch=75/120 loss=1.5868
G epoch=76/120 loss=1.5691
G epoch=77/120 loss=1.5518
G epoch=78/120 loss=1.5346
G epoch=79/120 loss=1.5173
G epoch=80/120 loss=1.5006
G epoch=81/120 loss=1.4843
G epoch=82/120 loss=1.4678
G epoch=83/120 loss=1.4517
G epoch=84/120 loss=1.4360
G epoch=85/120 loss=1.4201
G epoch=86/120 loss=1.4047
G epoch=87/120 loss=1.3895
G epoch=88/120 loss=1.3743
G epoch=89/120 loss=1.3595
G epoch=90/120 loss=1.3450
G epoch=91/120 loss=1.3304
G epoch=92/120 loss=1.3161
G epoch=93/120 loss=1.3022
G epoch=94/120 loss=1.2882
G epoch=95/120 loss=1.2745
G epoch=96/120 loss=1.2611
G epoch=97/120 loss=1.2477
G epoch=98/120 loss=1.2344
G epoch=99/120 loss=1.2211
G epoch=100/120 loss=1.2083
G epoch=101/120 loss=1.1959
G epoch=102/120 loss=1.1834
G epoch=103/120 loss=1.1710
G epoch=104/120 loss=1.1587
G epoch=105/120 loss=1.1467
G epoch=106/120 loss=1.1350
G epoch=107/120 loss=1.1232
G epoch=108/120 loss=1.1114
G epoch=109/120 loss=1.0999
G epoch=110/120 loss=1.0888
G epoch=111/120 loss=1.0781
G epoch=112/120 loss=1.0673
G epoch=113/120 loss=1.0569
G epoch=114/120 loss=1.0468
G epoch=115/120 loss=1.0368
G epoch=116/120 loss=1.0267
G epoch=117/120 loss=1.0167
G epoch=118/120 loss=1.0069
G epoch=119/120 loss=0.9972
G epoch=120/120 loss=0.9876

[2/3] pretrain D

[3/3] adversarial
generator_reward_mode=off reward_alpha=1.000 d_steps=5 d_epochs=3
ADV epoch=1/200 g_loss=0.8443 d_loss=0.0000 reward=0.5034 reward_var=0.0004 unique=0.9600
ADV epoch=2/200 g_loss=0.8268 d_loss=0.0000 reward=0.5031 reward_var=0.0004 unique=1.0000
ADV epoch=3/200 g_loss=0.8180 d_loss=0.0000 reward=0.4998 reward_var=0.0004 unique=1.0000
ADV epoch=4/200 g_loss=0.8130 d_loss=0.0000 reward=0.4995 reward_var=0.0005 unique=1.0000
ADV epoch=5/200 g_loss=0.7951 d_loss=0.0000 reward=0.4969 reward_var=0.0004 unique=0.9800
ADV epoch=6/200 g_loss=0.7873 d_loss=0.0000 reward=0.4982 reward_var=0.0004 unique=1.0000
ADV epoch=7/200 g_loss=0.7782 d_loss=0.0000 reward=0.4955 reward_var=0.0004 unique=1.0000
ADV epoch=8/200 g_loss=0.7436 d_loss=0.0000 reward=0.4947 reward_var=0.0004 unique=1.0000
ADV epoch=9/200 g_loss=0.7352 d_loss=0.0000 reward=0.4962 reward_var=0.0005 unique=1.0000
ADV epoch=10/200 g_loss=0.7274 d_loss=0.0000 reward=0.4975 reward_var=0.0004 unique=1.0000
ADV epoch=11/200 g_loss=0.7123 d_loss=0.0000 reward=0.4981 reward_var=0.0004 unique=1.0000
ADV epoch=12/200 g_loss=0.7027 d_loss=0.0000 reward=0.4980 reward_var=0.0003 unique=1.0000


===== NEW SESSION 2026-07-18T08:55:18.032897 =====

[3/3] adversarial
generator_reward_mode=off reward_alpha=1.000 d_steps=5 d_epochs=3
Resumed adversarial checkpoint /content/drive/MyDrive/GAN/GAN_for_SQLi/result/phase2b_batch6x/_checkpoints_rerun_13/boolean_E_R500_V2_B6X/latest_adversarial.pt at epoch 11
Traceback (most recent call last):
  File "<frozen runpy>", line 198, in _run_module_as_main
  File "<frozen runpy>", line 88, in _run_code
  File "/content/GAN_for_SQLi_rerun_13/models/seqgan_improved/runtime/train.py", line 452, in <module>
    main()
  File "/content/GAN_for_SQLi_rerun_13/models/seqgan_improved/runtime/train.py", line 448, in main
    run_training(build_parser().parse_args())
  File "/content/GAN_for_SQLi_rerun_13/models/seqgan_improved/runtime/train.py", line 266, in run_training
    adversarial_stats = adv_train(
                        ^^^^^^^^^^
  File "/content/GAN_for_SQLi_rerun_13/models/seqgan_improved/runtime/adversarial.py", line 224, in adv_train
    discriminator_reward = rollout.get_reward(sequences.detach(), mask=mask.detach())
                           ^^^^^^^^^^^^^^^^^^^^^^^^^^^^^^^^^^^^^^^^^^^^^^^^^^^^^^^^^^
  File "/usr/local/lib/python3.12/dist-packages/torch/utils/_contextlib.py", line 124, in decorate_context
    return func(*args, **kwargs)
           ^^^^^^^^^^^^^^^^^^^^^
  File "/content/GAN_for_SQLi_rerun_13/models/seqgan_improved/runtime/rollout.py", line 87, in get_reward
    scores = self.discriminator.prob_real(completed).view(B, rollout_num)
             ^^^^^^^^^^^^^^^^^^^^^^^^^^^^^^^^^^^^^^^
  File "/content/GAN_for_SQLi_rerun_13/models/seqgan_improved/runtime/discriminator.py", line 128, in prob_real
    return F.softmax(self.forward(input_ids), dim=1)[:, 1]
                     ^^^^^^^^^^^^^^^^^^^^^^^
  File "/content/GAN_for_SQLi_rerun_13/models/seqgan_improved/runtime/discriminator.py", line 121, in forward
    h = h.masked_fill(fill_mask.unsqueeze(1), torch.finfo(h.dtype).min)
                      ^^^^^^^^^^^^^^^^^^^^^^
KeyboardInterrupt


===== NEW SESSION 2026-07-18T08:57:49.405223 =====

[3/3] adversarial
generator_reward_mode=off reward_alpha=1.000 d_steps=5 d_epochs=3
Resumed adversarial checkpoint /content/drive/MyDrive/GAN/GAN_for_SQLi/result/phase2b_batch6x/_checkpoints_rerun_13/boolean_E_R500_V2_B6X/latest_adversarial.pt at epoch 11
ADV epoch=11/200 g_loss=0.7082 d_loss=0.0000 reward=0.4966 reward_var=0.0004 unique=1.0000
ADV epoch=12/200 g_loss=0.7079 d_loss=0.0000 reward=0.4994 reward_var=0.0003 unique=1.0000
ADV epoch=13/200 g_loss=0.6935 d_loss=0.0000 reward=0.4998 reward_var=0.0003 unique=1.0000
ADV epoch=14/200 g_loss=0.6817 d_loss=0.0000 reward=0.5012 reward_var=0.0004 unique=1.0000
ADV epoch=15/200 g_loss=0.6857 d_loss=0.0000 reward=0.5033 reward_var=0.0004 unique=0.9800
ADV epoch=16/200 g_loss=0.6845 d_loss=0.0000 reward=0.5040 reward_var=0.0004 unique=1.0000
ADV epoch=17/200 g_loss=0.6877 d_loss=0.0000 reward=0.5049 reward_var=0.0004 unique=1.0000
ADV epoch=18/200 g_loss=0.6889 d_loss=0.0000 reward=0.5048 reward_var=0.0004 unique=1.0000
ADV epoch=19/200 g_loss=0.6899 d_loss=0.0000 reward=0.5042 reward_var=0.0004 unique=1.0000
ADV epoch=20/200 g_loss=0.6863 d_loss=0.0000 reward=0.5061 reward_var=0.0004 unique=1.0000
ADV epoch=21/200 g_loss=0.6867 d_loss=0.0000 reward=0.5034 reward_var=0.0004 unique=1.0000
ADV epoch=22/200 g_loss=0.6862 d_loss=0.0000 reward=0.5034 reward_var=0.0003 unique=1.0000
ADV epoch=23/200 g_loss=0.6862 d_loss=0.0000 reward=0.5042 reward_var=0.0003 unique=0.9800
ADV epoch=24/200 g_loss=0.6848 d_loss=0.0000 reward=0.5055 reward_var=0.0003 unique=1.0000
ADV epoch=25/200 g_loss=0.6858 d_loss=0.0000 reward=0.5050 reward_var=0.0003 unique=1.0000
ADV epoch=26/200 g_loss=0.6807 d_loss=0.0000 reward=0.5044 reward_var=0.0003 unique=1.0000
ADV epoch=27/200 g_loss=0.6862 d_loss=0.0000 reward=0.5048 reward_var=0.0003 unique=1.0000
ADV epoch=28/200 g_loss=0.6868 d_loss=0.0000 reward=0.5061 reward_var=0.0004 unique=1.0000
ADV epoch=29/200 g_loss=0.6834 d_loss=0.0000 reward=0.5056 reward_var=0.0003 unique=1.0000
ADV epoch=30/200 g_loss=0.6923 d_loss=0.0000 reward=0.5046 reward_var=0.0003 unique=1.0000
ADV epoch=31/200 g_loss=0.6896 d_loss=0.0000 reward=0.5050 reward_var=0.0004 unique=1.0000
ADV epoch=32/200 g_loss=0.6993 d_loss=0.0000 reward=0.5057 reward_var=0.0003 unique=1.0000
ADV epoch=33/200 g_loss=0.7067 d_loss=0.0000 reward=0.5043 reward_var=0.0003 unique=1.0000
ADV epoch=34/200 g_loss=0.7069 d_loss=0.0000 reward=0.5056 reward_var=0.0003 unique=1.0000
ADV epoch=35/200 g_loss=0.7061 d_loss=0.0000 reward=0.5063 reward_var=0.0003 unique=1.0000
ADV epoch=36/200 g_loss=0.7095 d_loss=0.0000 reward=0.5061 reward_var=0.0003 unique=1.0000
ADV epoch=37/200 g_loss=0.7160 d_loss=0.0000 reward=0.5072 reward_var=0.0003 unique=1.0000
ADV epoch=38/200 g_loss=0.7113 d_loss=0.0000 reward=0.5058 reward_var=0.0004 unique=1.0000
ADV epoch=39/200 g_loss=0.7063 d_loss=0.0000 reward=0.5062 reward_var=0.0003 unique=1.0000
ADV epoch=40/200 g_loss=0.7107 d_loss=0.0000 reward=0.5043 reward_var=0.0004 unique=1.0000
ADV epoch=41/200 g_loss=0.7052 d_loss=0.0000 reward=0.5056 reward_var=0.0004 unique=1.0000
ADV epoch=42/200 g_loss=0.7052 d_loss=0.0000 reward=0.5053 reward_var=0.0003 unique=1.0000
ADV epoch=43/200 g_loss=0.7006 d_loss=0.0000 reward=0.5055 reward_var=0.0003 unique=0.9800
ADV epoch=44/200 g_loss=0.7006 d_loss=0.0000 reward=0.5038 reward_var=0.0004 unique=1.0000
ADV epoch=45/200 g_loss=0.6992 d_loss=0.0000 reward=0.5043 reward_var=0.0004 unique=1.0000
ADV epoch=46/200 g_loss=0.6918 d_loss=0.0000 reward=0.5038 reward_var=0.0004 unique=1.0000
ADV epoch=47/200 g_loss=0.6918 d_loss=0.0000 reward=0.5056 reward_var=0.0004 unique=0.9800
ADV epoch=48/200 g_loss=0.6968 d_loss=0.0000 reward=0.5067 reward_var=0.0004 unique=1.0000
ADV epoch=49/200 g_loss=0.6892 d_loss=0.0000 reward=0.5062 reward_var=0.0004 unique=1.0000
ADV epoch=50/200 g_loss=0.6923 d_loss=0.0000 reward=0.5082 reward_var=0.0004 unique=1.0000
ADV epoch=51/200 g_loss=0.6932 d_loss=0.0000 reward=0.5085 reward_var=0.0004 unique=1.0000
ADV epoch=52/200 g_loss=0.6971 d_loss=0.0000 reward=0.5089 reward_var=0.0004 unique=1.0000
ADV epoch=53/200 g_loss=0.7005 d_loss=0.0000 reward=0.5133 reward_var=0.0004 unique=1.0000
ADV epoch=54/200 g_loss=0.7080 d_loss=0.0000 reward=0.5122 reward_var=0.0004 unique=1.0000
ADV epoch=55/200 g_loss=0.7108 d_loss=0.0000 reward=0.5157 reward_var=0.0005 unique=0.9800
ADV epoch=56/200 g_loss=0.7168 d_loss=0.0000 reward=0.5176 reward_var=0.0005 unique=1.0000
ADV epoch=57/200 g_loss=0.7313 d_loss=0.0000 reward=0.5202 reward_var=0.0004 unique=1.0000
ADV epoch=58/200 g_loss=0.7245 d_loss=0.0000 reward=0.5188 reward_var=0.0004 unique=1.0000
ADV epoch=59/200 g_loss=0.7292 d_loss=0.0000 reward=0.5223 reward_var=0.0004 unique=1.0000
ADV epoch=60/200 g_loss=0.7295 d_loss=0.0000 reward=0.5216 reward_var=0.0004 unique=1.0000
ADV epoch=61/200 g_loss=0.7355 d_loss=0.0000 reward=0.5222 reward_var=0.0004 unique=1.0000
ADV epoch=62/200 g_loss=0.7338 d_loss=0.0000 reward=0.5224 reward_var=0.0004 unique=1.0000
ADV epoch=63/200 g_loss=0.7402 d_loss=0.0000 reward=0.5228 reward_var=0.0004 unique=1.0000
ADV epoch=64/200 g_loss=0.7472 d_loss=0.0000 reward=0.5250 reward_var=0.0004 unique=1.0000
ADV epoch=65/200 g_loss=0.7528 d_loss=0.0000 reward=0.5265 reward_var=0.0004 unique=1.0000
ADV epoch=66/200 g_loss=0.7543 d_loss=0.0000 reward=0.5293 reward_var=0.0004 unique=1.0000
ADV epoch=67/200 g_loss=0.7553 d_loss=0.0000 reward=0.5333 reward_var=0.0004 unique=1.0000
ADV epoch=68/200 g_loss=0.7643 d_loss=0.0000 reward=0.5310 reward_var=0.0004 unique=1.0000
ADV epoch=69/200 g_loss=0.7928 d_loss=0.0000 reward=0.5332 reward_var=0.0004 unique=1.0000
ADV epoch=70/200 g_loss=0.8130 d_loss=0.0000 reward=0.5314 reward_var=0.0004 unique=1.0000
ADV epoch=71/200 g_loss=0.8328 d_loss=0.0000 reward=0.5330 reward_var=0.0004 unique=1.0000
ADV epoch=72/200 g_loss=0.8389 d_loss=0.0000 reward=0.5336 reward_var=0.0004 unique=1.0000
ADV epoch=73/200 g_loss=0.8355 d_loss=0.0000 reward=0.5365 reward_var=0.0004 unique=0.9800
ADV epoch=74/200 g_loss=0.8378 d_loss=0.0000 reward=0.5373 reward_var=0.0004 unique=1.0000
ADV epoch=75/200 g_loss=0.8375 d_loss=0.0000 reward=0.5388 reward_var=0.0004 unique=1.0000
ADV epoch=76/200 g_loss=0.8273 d_loss=0.0000 reward=0.5401 reward_var=0.0004 unique=1.0000
ADV epoch=77/200 g_loss=0.8182 d_loss=0.0000 reward=0.5407 reward_var=0.0004 unique=1.0000
ADV epoch=78/200 g_loss=0.8095 d_loss=0.0000 reward=0.5425 reward_var=0.0004 unique=1.0000
ADV epoch=79/200 g_loss=0.8020 d_loss=0.0000 reward=0.5439 reward_var=0.0005 unique=1.0000
ADV epoch=80/200 g_loss=0.7829 d_loss=0.0000 reward=0.5456 reward_var=0.0005 unique=1.0000
ADV epoch=81/200 g_loss=0.7718 d_loss=0.0000 reward=0.5475 reward_var=0.0004 unique=1.0000
ADV epoch=82/200 g_loss=0.7639 d_loss=0.0000 reward=0.5503 reward_var=0.0004 unique=1.0000
ADV epoch=83/200 g_loss=0.7601 d_loss=0.0000 reward=0.5521 reward_var=0.0004 unique=1.0000
ADV epoch=84/200 g_loss=0.7514 d_loss=0.0000 reward=0.5561 reward_var=0.0004 unique=1.0000
ADV epoch=85/200 g_loss=0.7351 d_loss=0.0000 reward=0.5582 reward_var=0.0004 unique=1.0000
ADV epoch=86/200 g_loss=0.7387 d_loss=0.0000 reward=0.5603 reward_var=0.0004 unique=1.0000
ADV epoch=87/200 g_loss=0.7510 d_loss=0.0000 reward=0.5631 reward_var=0.0004 unique=1.0000
ADV epoch=88/200 g_loss=0.7496 d_loss=0.0000 reward=0.5626 reward_var=0.0003 unique=1.0000
ADV epoch=89/200 g_loss=0.7514 d_loss=0.0000 reward=0.5678 reward_var=0.0003 unique=1.0000
ADV epoch=90/200 g_loss=0.7530 d_loss=0.0000 reward=0.5675 reward_var=0.0003 unique=1.0000
ADV epoch=91/200 g_loss=0.7633 d_loss=0.0000 reward=0.5674 reward_var=0.0004 unique=1.0000
ADV epoch=92/200 g_loss=0.7598 d_loss=0.0000 reward=0.5694 reward_var=0.0003 unique=1.0000
ADV epoch=93/200 g_loss=0.7645 d_loss=0.0000 reward=0.5715 reward_var=0.0003 unique=1.0000
ADV epoch=94/200 g_loss=0.7809 d_loss=0.0000 reward=0.5695 reward_var=0.0003 unique=1.0000
ADV epoch=95/200 g_loss=0.7785 d_loss=0.0000 reward=0.5700 reward_var=0.0003 unique=1.0000
ADV epoch=96/200 g_loss=0.7729 d_loss=0.0000 reward=0.5707 reward_var=0.0003 unique=1.0000
ADV epoch=97/200 g_loss=0.7756 d_loss=0.0000 reward=0.5708 reward_var=0.0003 unique=1.0000
ADV epoch=98/200 g_loss=0.7702 d_loss=0.0000 reward=0.5719 reward_var=0.0003 unique=1.0000
ADV epoch=99/200 g_loss=0.7766 d_loss=0.0000 reward=0.5717 reward_var=0.0003 unique=1.0000
ADV epoch=100/200 g_loss=0.7770 d_loss=0.0000 reward=0.5711 reward_var=0.0003 unique=1.0000
ADV epoch=101/200 g_loss=0.7746 d_loss=0.0000 reward=0.5707 reward_var=0.0003 unique=0.9800
ADV epoch=102/200 g_loss=0.7846 d_loss=0.0000 reward=0.5705 reward_var=0.0004 unique=1.0000
ADV epoch=103/200 g_loss=0.7856 d_loss=0.0000 reward=0.5678 reward_var=0.0003 unique=1.0000
ADV epoch=104/200 g_loss=0.7886 d_loss=0.0000 reward=0.5672 reward_var=0.0003 unique=1.0000
ADV epoch=105/200 g_loss=0.7885 d_loss=0.0000 reward=0.5651 reward_var=0.0004 unique=1.0000
ADV epoch=106/200 g_loss=0.8094 d_loss=0.0000 reward=0.5642 reward_var=0.0003 unique=1.0000
ADV epoch=107/200 g_loss=0.8091 d_loss=0.0000 reward=0.5627 reward_var=0.0003 unique=1.0000
ADV epoch=108/200 g_loss=0.8176 d_loss=0.0000 reward=0.5637 reward_var=0.0003 unique=1.0000
ADV epoch=109/200 g_loss=0.8295 d_loss=0.0000 reward=0.5639 reward_var=0.0003 unique=1.0000
ADV epoch=110/200 g_loss=0.8219 d_loss=0.0000 reward=0.5648 reward_var=0.0003 unique=1.0000
ADV epoch=111/200 g_loss=0.8291 d_loss=0.0000 reward=0.5641 reward_var=0.0004 unique=1.0000
ADV epoch=112/200 g_loss=0.8270 d_loss=0.0000 reward=0.5633 reward_var=0.0003 unique=1.0000
ADV epoch=113/200 g_loss=0.8387 d_loss=0.0000 reward=0.5659 reward_var=0.0003 unique=1.0000
ADV epoch=114/200 g_loss=0.8433 d_loss=0.0000 reward=0.5675 reward_var=0.0003 unique=1.0000
ADV epoch=115/200 g_loss=0.8468 d_loss=0.0000 reward=0.5676 reward_var=0.0003 unique=1.0000
ADV epoch=116/200 g_loss=0.8511 d_loss=0.0000 reward=0.5709 reward_var=0.0003 unique=1.0000
ADV epoch=117/200 g_loss=0.8503 d_loss=0.0000 reward=0.5715 reward_var=0.0003 unique=1.0000
ADV epoch=118/200 g_loss=0.8509 d_loss=0.0000 reward=0.5750 reward_var=0.0003 unique=1.0000
ADV epoch=119/200 g_loss=0.8466 d_loss=0.0000 reward=0.5760 reward_var=0.0003 unique=1.0000
ADV epoch=120/200 g_loss=0.8487 d_loss=0.0000 reward=0.5765 reward_var=0.0003 unique=1.0000
ADV epoch=121/200 g_loss=0.8368 d_loss=0.0000 reward=0.5798 reward_var=0.0003 unique=1.0000
ADV epoch=122/200 g_loss=0.8187 d_loss=0.0000 reward=0.5837 reward_var=0.0003 unique=1.0000
ADV epoch=123/200 g_loss=0.7643 d_loss=0.0000 reward=0.5825 reward_var=0.0003 unique=1.0000
ADV epoch=124/200 g_loss=0.6647 d_loss=0.0000 reward=0.5807 reward_var=0.0003 unique=1.0000
ADV epoch=125/200 g_loss=0.5642 d_loss=0.0000 reward=0.5783 reward_var=0.0003 unique=1.0000
ADV epoch=126/200 g_loss=0.4321 d_loss=0.0000 reward=0.5751 reward_var=0.0003 unique=1.0000
ADV epoch=127/200 g_loss=0.3304 d_loss=0.0000 reward=0.5738 reward_var=0.0003 unique=1.0000
ADV epoch=128/200 g_loss=0.2606 d_loss=0.0000 reward=0.5704 reward_var=0.0003 unique=1.0000
ADV epoch=129/200 g_loss=0.2129 d_loss=0.0000 reward=0.5685 reward_var=0.0003 unique=1.0000
ADV epoch=130/200 g_loss=0.1922 d_loss=0.0000 reward=0.5660 reward_var=0.0003 unique=1.0000
ADV epoch=131/200 g_loss=0.1815 d_loss=0.0000 reward=0.5661 reward_var=0.0003 unique=1.0000
ADV epoch=132/200 g_loss=0.6352 d_loss=0.0000 reward=0.5851 reward_var=0.0005 unique=1.0000
ADV epoch=133/200 g_loss=0.6548 d_loss=0.0000 reward=0.5850 reward_var=0.0005 unique=1.0000
ADV epoch=134/200 g_loss=0.6287 d_loss=0.0000 reward=0.5899 reward_var=0.0003 unique=1.0000
ADV epoch=135/200 g_loss=0.5883 d_loss=0.0000 reward=0.5962 reward_var=0.0002 unique=1.0000
ADV epoch=136/200 g_loss=0.5595 d_loss=0.0000 reward=0.5946 reward_var=0.0002 unique=1.0000
ADV epoch=137/200 g_loss=0.5706 d_loss=0.0000 reward=0.5965 reward_var=0.0002 unique=1.0000
ADV epoch=138/200 g_loss=0.5915 d_loss=0.0000 reward=0.5991 reward_var=0.0002 unique=1.0000
ADV epoch=139/200 g_loss=0.5901 d_loss=0.0000 reward=0.6004 reward_var=0.0002 unique=1.0000
ADV epoch=140/200 g_loss=0.5805 d_loss=0.0000 reward=0.6014 reward_var=0.0002 unique=1.0000
ADV epoch=141/200 g_loss=0.5692 d_loss=0.0000 reward=0.6009 reward_var=0.0002 unique=1.0000
ADV epoch=142/200 g_loss=0.5774 d_loss=0.0000 reward=0.6003 reward_var=0.0002 unique=1.0000
ADV epoch=143/200 g_loss=0.5517 d_loss=0.0000 reward=0.5980 reward_var=0.0002 unique=1.0000
ADV epoch=144/200 g_loss=0.5043 d_loss=0.0000 reward=0.5946 reward_var=0.0002 unique=1.0000
ADV epoch=145/200 g_loss=0.4460 d_loss=0.0000 reward=0.5912 reward_var=0.0002 unique=1.0000
ADV epoch=146/200 g_loss=0.3855 d_loss=0.0000 reward=0.5864 reward_var=0.0002 unique=1.0000
ADV epoch=147/200 g_loss=0.3349 d_loss=0.0000 reward=0.5831 reward_var=0.0002 unique=1.0000
ADV epoch=148/200 g_loss=0.2850 d_loss=0.0000 reward=0.5788 reward_var=0.0002 unique=1.0000
ADV epoch=149/200 g_loss=0.2434 d_loss=0.0000 reward=0.5738 reward_var=0.0002 unique=1.0000
ADV epoch=150/200 g_loss=0.2108 d_loss=0.0000 reward=0.5713 reward_var=0.0002 unique=1.0000
ADV epoch=151/200 g_loss=0.1780 d_loss=0.0000 reward=0.5669 reward_var=0.0002 unique=1.0000
ADV epoch=152/200 g_loss=0.1443 d_loss=0.0000 reward=0.5628 reward_var=0.0002 unique=1.0000
ADV epoch=153/200 g_loss=0.1249 d_loss=0.0000 reward=0.5585 reward_var=0.0002 unique=1.0000
ADV epoch=154/200 g_loss=0.1064 d_loss=0.0000 reward=0.5555 reward_var=0.0002 unique=1.0000
ADV epoch=155/200 g_loss=0.0945 d_loss=0.0000 reward=0.5513 reward_var=0.0002 unique=0.9800
ADV epoch=156/200 g_loss=0.0881 d_loss=0.0000 reward=0.5479 reward_var=0.0002 unique=0.9800
ADV epoch=157/200 g_loss=0.0807 d_loss=0.0000 reward=0.5478 reward_var=0.0002 unique=1.0000
ADV epoch=158/200 g_loss=0.0764 d_loss=0.0000 reward=0.5454 reward_var=0.0002 unique=1.0000
ADV epoch=159/200 g_loss=0.0715 d_loss=0.0000 reward=0.5430 reward_var=0.0002 unique=0.9600
ADV epoch=160/200 g_loss=0.0690 d_loss=0.0000 reward=0.5419 reward_var=0.0002 unique=0.9600
ADV epoch=161/200 g_loss=0.0724 d_loss=0.0000 reward=0.5411 reward_var=0.0002 unique=0.9400
ADV epoch=162/200 g_loss=0.0668 d_loss=0.0000 reward=0.5400 reward_var=0.0002 unique=0.9800
ADV epoch=163/200 g_loss=0.0658 d_loss=0.0000 reward=0.5404 reward_var=0.0003 unique=0.9200
ADV epoch=164/200 g_loss=0.0673 d_loss=0.0000 reward=0.5395 reward_var=0.0003 unique=0.9600
ADV epoch=165/200 g_loss=0.0649 d_loss=0.0000 reward=0.5408 reward_var=0.0003 unique=1.0000
ADV epoch=166/200 g_loss=0.0632 d_loss=0.0000 reward=0.5397 reward_var=0.0003 unique=0.9200
ADV epoch=167/200 g_loss=0.0650 d_loss=0.0000 reward=0.5394 reward_var=0.0003 unique=0.9400


===== NEW SESSION 2026-07-19T09:05:26.377921 =====

[3/3] adversarial
generator_reward_mode=off reward_alpha=1.000 d_steps=5 d_epochs=3
Traceback (most recent call last):
  File "<frozen runpy>", line 198, in _run_module_as_main
  File "<frozen runpy>", line 88, in _run_code
  File "/content/GAN_for_SQLi_rerun_13/models/seqgan_improved/runtime/train.py", line 452, in <module>
    main()
  File "/content/GAN_for_SQLi_rerun_13/models/seqgan_improved/runtime/train.py", line 448, in main
    run_training(build_parser().parse_args())
  File "/content/GAN_for_SQLi_rerun_13/models/seqgan_improved/runtime/train.py", line 266, in run_training
    adversarial_stats = adv_train(
                        ^^^^^^^^^^
  File "/content/GAN_for_SQLi_rerun_13/models/seqgan_improved/runtime/adversarial.py", line 181, in adv_train
    optimizer = optim.Adam(generator.parameters(), lr=gen_lr)
                ^^^^^^^^^^^^^^^^^^^^^^^^^^^^^^^^^^^^^^^^^^^^^
  File "/usr/local/lib/python3.12/dist-packages/torch/optim/adam.py", line 102, in __init__
    super().__init__(params, defaults)
  File "/usr/local/lib/python3.12/dist-packages/torch/optim/optimizer.py", line 408, in __init__
    self.add_param_group(cast(dict, param_group))
  File "/usr/local/lib/python3.12/dist-packages/torch/_compile.py", line 47, in inner
    import torch._dynamo
  File "/usr/local/lib/python3.12/dist-packages/torch/_dynamo/__init__.py", line 13, in <module>
    from . import (
  File "/usr/local/lib/python3.12/dist-packages/torch/_dynamo/aot_compile.py", line 15, in <module>
    from torch._dynamo.convert_frame import GraphRuntimeEnv
  File "/usr/local/lib/python3.12/dist-packages/torch/_dynamo/convert_frame.py", line 62, in <module>
    from torch._dynamo.symbolic_convert import TensorifyState
  File "/usr/local/lib/python3.12/dist-packages/torch/_dynamo/symbolic_convert.py", line 54, in <module>
    from torch._dynamo.exc import ObservedException, TensorifyScalarRestartAnalysis
  File "/usr/local/lib/python3.12/dist-packages/torch/_dynamo/exc.py", line 44, in <module>
    from .utils import counters
  File "/usr/local/lib/python3.12/dist-packages/torch/_dynamo/utils.py", line 70, in <module>
    import torch.fx.experimental.symbolic_shapes
  File "/usr/local/lib/python3.12/dist-packages/torch/fx/experimental/symbolic_shapes.py", line 3, in <module>
    import sympy
  File "/usr/local/lib/python3.12/dist-packages/sympy/__init__.py", line 77, in <module>
    from .polys import (Poly, PurePoly, poly_from_expr, parallel_poly_from_expr,
  File "/usr/local/lib/python3.12/dist-packages/sympy/polys/__init__.py", line 79, in <module>
    from .polyfuncs import (symmetrize, horner, interpolate,
  File "/usr/local/lib/python3.12/dist-packages/sympy/polys/polyfuncs.py", line 10, in <module>
    from sympy.polys.specialpolys import (
  File "/usr/local/lib/python3.12/dist-packages/sympy/polys/specialpolys.py", line 298, in <module>
    from sympy.polys.rings import ring
  File "/usr/local/lib/python3.12/dist-packages/sympy/polys/rings.py", line 31, in <module>
    from sympy.printing.defaults import DefaultPrinting
  File "/usr/local/lib/python3.12/dist-packages/sympy/printing/__init__.py", line 11, in <module>
    from .pycode import pycode
  File "/usr/local/lib/python3.12/dist-packages/sympy/printing/pycode.py", line 11, in <module>
    from .codeprinter import CodePrinter
  File "/usr/local/lib/python3.12/dist-packages/sympy/printing/codeprinter.py", line 13, in <module>
    from sympy.functions.elementary.complexes import re
  File "/usr/local/lib/python3.12/dist-packages/sympy/functions/__init__.py", line 19, in <module>
    from sympy.functions.elementary.trigonometric import (sin, cos, tan,
KeyboardInterrupt


===== NEW SESSION 2026-07-19T09:05:57.411544 =====

[3/3] adversarial
generator_reward_mode=off reward_alpha=1.000 d_steps=5 d_epochs=3
Resumed adversarial checkpoint /content/drive/MyDrive/GAN/GAN_for_SQLi/result/phase2b_batch6x/_checkpoints_rerun_13/boolean_E_R500_V2_B6X/latest_adversarial.pt at epoch 161
ADV epoch=161/200 g_loss=0.0666 d_loss=0.0000 reward=0.5407 reward_var=0.0002 unique=0.9200
ADV epoch=162/200 g_loss=0.0658 d_loss=0.0000 reward=0.5411 reward_var=0.0002 unique=0.9200
ADV epoch=163/200 g_loss=0.0609 d_loss=0.0000 reward=0.5382 reward_var=0.0002 unique=0.8800
ADV epoch=164/200 g_loss=0.0615 d_loss=0.0000 reward=0.5381 reward_var=0.0003 unique=0.8200
ADV epoch=165/200 g_loss=0.0623 d_loss=0.0000 reward=0.5383 reward_var=0.0003 unique=0.9600
ADV epoch=166/200 g_loss=0.0600 d_loss=0.0000 reward=0.5388 reward_var=0.0002 unique=0.9000
ADV epoch=167/200 g_loss=0.0617 d_loss=0.0000 reward=0.5376 reward_var=0.0003 unique=0.9600
ADV epoch=168/200 g_loss=0.0622 d_loss=0.0000 reward=0.5391 reward_var=0.0002 unique=1.0000
ADV epoch=169/200 g_loss=0.0637 d_loss=0.0000 reward=0.5388 reward_var=0.0002 unique=0.9600
ADV epoch=170/200 g_loss=0.0678 d_loss=0.0000 reward=0.5403 reward_var=0.0003 unique=1.0000
ADV epoch=171/200 g_loss=0.0705 d_loss=0.0000 reward=0.5399 reward_var=0.0002 unique=1.0000
ADV epoch=172/200 g_loss=0.0726 d_loss=0.0000 reward=0.5418 reward_var=0.0003 unique=0.9800
ADV epoch=173/200 g_loss=0.0734 d_loss=0.0000 reward=0.5416 reward_var=0.0002 unique=1.0000
ADV epoch=174/200 g_loss=0.0716 d_loss=0.0000 reward=0.5405 reward_var=0.0003 unique=1.0000
ADV epoch=175/200 g_loss=0.0704 d_loss=0.0000 reward=0.5419 reward_var=0.0003 unique=0.9800
ADV epoch=176/200 g_loss=0.0673 d_loss=0.0000 reward=0.5406 reward_var=0.0003 unique=0.9400
ADV epoch=177/200 g_loss=0.0658 d_loss=0.0000 reward=0.5398 reward_var=0.0003 unique=0.9600
ADV epoch=178/200 g_loss=0.0635 d_loss=0.0000 reward=0.5394 reward_var=0.0002 unique=0.8800
ADV epoch=179/200 g_loss=0.0589 d_loss=0.0000 reward=0.5383 reward_var=0.0003 unique=0.9200
ADV epoch=180/200 g_loss=0.0583 d_loss=0.0000 reward=0.5382 reward_var=0.0003 unique=0.9800
ADV epoch=181/200 g_loss=0.0563 d_loss=0.0000 reward=0.5372 reward_var=0.0003 unique=0.9400
ADV epoch=182/200 g_loss=0.0558 d_loss=0.0000 reward=0.5373 reward_var=0.0002 unique=0.9400
ADV epoch=183/200 g_loss=0.0559 d_loss=0.0000 reward=0.5365 reward_var=0.0002 unique=0.9800
ADV epoch=184/200 g_loss=0.0569 d_loss=0.0000 reward=0.5370 reward_var=0.0003 unique=0.9600
ADV epoch=185/200 g_loss=0.0593 d_loss=0.0000 reward=0.5368 reward_var=0.0003 unique=0.9800
ADV epoch=186/200 g_loss=0.0621 d_loss=0.0000 reward=0.5383 reward_var=0.0003 unique=1.0000
ADV epoch=187/200 g_loss=0.0644 d_loss=0.0000 reward=0.5383 reward_var=0.0003 unique=0.9600
ADV epoch=188/200 g_loss=0.0703 d_loss=0.0000 reward=0.5400 reward_var=0.0003 unique=0.9600
ADV epoch=189/200 g_loss=0.0741 d_loss=0.0000 reward=0.5392 reward_var=0.0003 unique=0.9600
ADV epoch=190/200 g_loss=0.0811 d_loss=0.0000 reward=0.5438 reward_var=0.0003 unique=1.0000
ADV epoch=191/200 g_loss=0.0894 d_loss=0.0000 reward=0.5445 reward_var=0.0003 unique=1.0000
ADV epoch=192/200 g_loss=0.1038 d_loss=0.0000 reward=0.5476 reward_var=0.0004 unique=1.0000
ADV epoch=193/200 g_loss=0.1172 d_loss=0.0000 reward=0.5501 reward_var=0.0004 unique=1.0000
ADV epoch=194/200 g_loss=0.1382 d_loss=0.0000 reward=0.5554 reward_var=0.0004 unique=1.0000
ADV epoch=195/200 g_loss=0.1612 d_loss=0.0000 reward=0.5594 reward_var=0.0005 unique=1.0000
ADV epoch=196/200 g_loss=0.1920 d_loss=0.0000 reward=0.5645 reward_var=0.0004 unique=1.0000
ADV epoch=197/200 g_loss=0.2350 d_loss=0.0000 reward=0.5682 reward_var=0.0004 unique=1.0000
ADV epoch=198/200 g_loss=0.2940 d_loss=0.0000 reward=0.5772 reward_var=0.0005 unique=1.0000
ADV epoch=199/200 g_loss=0.3593 d_loss=0.0000 reward=0.5806 reward_var=0.0004 unique=1.0000
ADV epoch=200/200 g_loss=0.4505 d_loss=0.0000 reward=0.5889 reward_var=0.0004 unique=1.0000
saved 2000 raw samples to /content/drive/MyDrive/GAN/GAN_for_SQLi/result/phase2b_batch6x/boolean/E/R500/V2_B6X/generated_payloads.csv
