
[1/3] pretrain G
G epoch=1/120 loss=4.5884
G epoch=2/120 loss=4.4280
G epoch=3/120 loss=4.2255
G epoch=4/120 loss=3.9945
G epoch=5/120 loss=3.7358
G epoch=6/120 loss=3.4344
G epoch=7/120 loss=3.2284
G epoch=8/120 loss=2.9444
G epoch=9/120 loss=2.8337
G epoch=10/120 loss=2.8437
G epoch=11/120 loss=2.6978
G epoch=12/120 loss=2.7425
G epoch=13/120 loss=2.6405
G epoch=14/120 loss=2.5319
G epoch=15/120 loss=2.5585
G epoch=16/120 loss=2.5054
G epoch=17/120 loss=2.4412
G epoch=18/120 loss=2.4645
G epoch=19/120 loss=2.3740
G epoch=20/120 loss=2.3060
G epoch=21/120 loss=2.3473
G epoch=22/120 loss=2.2350
G epoch=23/120 loss=2.2525
G epoch=24/120 loss=2.2074
G epoch=25/120 loss=2.1759
G epoch=26/120 loss=2.1051
G epoch=27/120 loss=2.0520
G epoch=28/120 loss=2.0260
G epoch=29/120 loss=1.9992
G epoch=30/120 loss=1.9628
G epoch=31/120 loss=1.8685
G epoch=32/120 loss=1.8880
G epoch=33/120 loss=1.8808
G epoch=34/120 loss=1.8299
G epoch=35/120 loss=1.8298
G epoch=36/120 loss=1.8024
G epoch=37/120 loss=1.7528
G epoch=38/120 loss=1.7330
G epoch=39/120 loss=1.7487
G epoch=40/120 loss=1.7282
G epoch=41/120 loss=1.6974
G epoch=42/120 loss=1.6474
G epoch=43/120 loss=1.6733
G epoch=44/120 loss=1.6068
G epoch=45/120 loss=1.5973
G epoch=46/120 loss=1.5339
G epoch=47/120 loss=1.5582
G epoch=48/120 loss=1.4978
G epoch=49/120 loss=1.5360
G epoch=50/120 loss=1.4967
G epoch=51/120 loss=1.4904
G epoch=52/120 loss=1.4548
G epoch=53/120 loss=1.4801
G epoch=54/120 loss=1.4273
G epoch=55/120 loss=1.3762
G epoch=56/120 loss=1.4117
G epoch=57/120 loss=1.3814
G epoch=58/120 loss=1.3750
G epoch=59/120 loss=1.3541
G epoch=60/120 loss=1.3327
G epoch=61/120 loss=1.3381
G epoch=62/120 loss=1.3317
G epoch=63/120 loss=1.2943
G epoch=64/120 loss=1.2748
G epoch=65/120 loss=1.2795
G epoch=66/120 loss=1.2983
G epoch=67/120 loss=1.2358
G epoch=68/120 loss=1.2339
G epoch=69/120 loss=1.2057
G epoch=70/120 loss=1.2255
G epoch=71/120 loss=1.1845
G epoch=72/120 loss=1.1801
G epoch=73/120 loss=1.1572
G epoch=74/120 loss=1.1456
G epoch=75/120 loss=1.1217
G epoch=76/120 loss=1.1294
G epoch=77/120 loss=1.0978
G epoch=78/120 loss=1.0926
G epoch=79/120 loss=1.0935
G epoch=80/120 loss=1.1084
G epoch=81/120 loss=1.0538
G epoch=82/120 loss=1.0527
G epoch=83/120 loss=1.0556
G epoch=84/120 loss=1.0414
G epoch=85/120 loss=1.0350
G epoch=86/120 loss=1.0256
G epoch=87/120 loss=1.0393
G epoch=88/120 loss=1.0071
G epoch=89/120 loss=0.9774
G epoch=90/120 loss=1.0007
G epoch=91/120 loss=0.9815
G epoch=92/120 loss=0.9753
G epoch=93/120 loss=1.0035
G epoch=94/120 loss=0.9667
G epoch=95/120 loss=0.9454
G epoch=96/120 loss=0.9395
G epoch=97/120 loss=0.9161
G epoch=98/120 loss=0.9473
G epoch=99/120 loss=0.9144
G epoch=100/120 loss=0.9094
G epoch=101/120 loss=0.9171
G epoch=102/120 loss=0.8833
G epoch=103/120 loss=0.8913
G epoch=104/120 loss=0.8753
G epoch=105/120 loss=0.9057
G epoch=106/120 loss=0.8613
G epoch=107/120 loss=0.8280
G epoch=108/120 loss=0.8490
G epoch=109/120 loss=0.8405
G epoch=110/120 loss=0.8575
G epoch=111/120 loss=0.8439
G epoch=112/120 loss=0.8584
G epoch=113/120 loss=0.8409
G epoch=114/120 loss=0.8406
G epoch=115/120 loss=0.8157
G epoch=116/120 loss=0.7885
G epoch=117/120 loss=0.8074
G epoch=118/120 loss=0.8089
G epoch=119/120 loss=0.7886
G epoch=120/120 loss=0.7764

[2/3] pretrain D
D step=1/50 epoch=1/3 loss=0.9739 l2=0.2000 label_smoothing=0.000
D step=1/50 epoch=2/3 loss=0.7399 l2=0.2000 label_smoothing=0.000
D step=1/50 epoch=3/3 loss=0.8020 l2=0.2000 label_smoothing=0.000
D step=2/50 epoch=1/3 loss=0.7442 l2=0.2000 label_smoothing=0.000
D step=2/50 epoch=2/3 loss=0.7139 l2=0.2000 label_smoothing=0.000
D step=2/50 epoch=3/3 loss=0.6825 l2=0.2000 label_smoothing=0.000
D step=3/50 epoch=1/3 loss=0.6738 l2=0.2000 label_smoothing=0.000
D step=3/50 epoch=2/3 loss=0.6562 l2=0.2000 label_smoothing=0.000
D step=3/50 epoch=3/3 loss=0.6315 l2=0.2000 label_smoothing=0.000
D step=4/50 epoch=1/3 loss=0.6495 l2=0.2000 label_smoothing=0.000
D step=4/50 epoch=2/3 loss=0.6242 l2=0.2000 label_smoothing=0.000
D step=4/50 epoch=3/3 loss=0.5733 l2=0.2000 label_smoothing=0.000
D step=5/50 epoch=1/3 loss=0.5633 l2=0.2000 label_smoothing=0.000
D step=5/50 epoch=2/3 loss=0.5483 l2=0.2000 label_smoothing=0.000
D step=5/50 epoch=3/3 loss=0.4989 l2=0.2000 label_smoothing=0.000
D step=6/50 epoch=1/3 loss=0.5309 l2=0.2000 label_smoothing=0.000
D step=6/50 epoch=2/3 loss=0.5244 l2=0.2000 label_smoothing=0.000
D step=6/50 epoch=3/3 loss=0.4799 l2=0.2000 label_smoothing=0.000
D step=7/50 epoch=1/3 loss=0.4793 l2=0.2000 label_smoothing=0.000
D step=7/50 epoch=2/3 loss=0.4464 l2=0.2000 label_smoothing=0.000
D step=7/50 epoch=3/3 loss=0.4289 l2=0.2000 label_smoothing=0.000
D step=8/50 epoch=1/3 loss=0.3776 l2=0.2000 label_smoothing=0.000
D step=8/50 epoch=2/3 loss=0.3619 l2=0.2000 label_smoothing=0.000
D step=8/50 epoch=3/3 loss=0.3265 l2=0.2000 label_smoothing=0.000
D step=9/50 epoch=1/3 loss=0.3392 l2=0.2000 label_smoothing=0.000
D step=9/50 epoch=2/3 loss=0.3219 l2=0.2000 label_smoothing=0.000
D step=9/50 epoch=3/3 loss=0.2943 l2=0.2000 label_smoothing=0.000
D step=10/50 epoch=1/3 loss=0.2824 l2=0.2000 label_smoothing=0.000
D step=10/50 epoch=2/3 loss=0.2677 l2=0.2000 label_smoothing=0.000
D step=10/50 epoch=3/3 loss=0.2492 l2=0.2000 label_smoothing=0.000
D step=11/50 epoch=1/3 loss=0.2385 l2=0.2000 label_smoothing=0.000
D step=11/50 epoch=2/3 loss=0.2152 l2=0.2000 label_smoothing=0.000
D step=11/50 epoch=3/3 loss=0.1913 l2=0.2000 label_smoothing=0.000
D step=12/50 epoch=1/3 loss=0.2049 l2=0.2000 label_smoothing=0.000
D step=12/50 epoch=2/3 loss=0.1845 l2=0.2000 label_smoothing=0.000
D step=12/50 epoch=3/3 loss=0.1771 l2=0.2000 label_smoothing=0.000
D step=13/50 epoch=1/3 loss=0.1635 l2=0.2000 label_smoothing=0.000
D step=13/50 epoch=2/3 loss=0.1515 l2=0.2000 label_smoothing=0.000
D step=13/50 epoch=3/3 loss=0.1416 l2=0.2000 label_smoothing=0.000
D step=14/50 epoch=1/3 loss=0.1666 l2=0.2000 label_smoothing=0.000
D step=14/50 epoch=2/3 loss=0.1545 l2=0.2000 label_smoothing=0.000
D step=14/50 epoch=3/3 loss=0.1504 l2=0.2000 label_smoothing=0.000
D step=15/50 epoch=1/3 loss=0.1493 l2=0.2000 label_smoothing=0.000
D step=15/50 epoch=2/3 loss=0.1451 l2=0.2000 label_smoothing=0.000
D step=15/50 epoch=3/3 loss=0.1345 l2=0.2000 label_smoothing=0.000
D step=16/50 epoch=1/3 loss=0.1407 l2=0.2000 label_smoothing=0.000
D step=16/50 epoch=2/3 loss=0.1319 l2=0.2000 label_smoothing=0.000
D step=16/50 epoch=3/3 loss=0.1224 l2=0.2000 label_smoothing=0.000
D step=17/50 epoch=1/3 loss=0.1103 l2=0.2000 label_smoothing=0.000
D step=17/50 epoch=2/3 loss=0.1041 l2=0.2000 label_smoothing=0.000
D step=17/50 epoch=3/3 loss=0.0998 l2=0.2000 label_smoothing=0.000
D step=18/50 epoch=1/3 loss=0.1312 l2=0.2000 label_smoothing=0.000
D step=18/50 epoch=2/3 loss=0.1197 l2=0.2000 label_smoothing=0.000
D step=18/50 epoch=3/3 loss=0.1147 l2=0.2000 label_smoothing=0.000
D step=19/50 epoch=1/3 loss=0.1385 l2=0.2000 label_smoothing=0.000
D step=19/50 epoch=2/3 loss=0.1099 l2=0.2000 label_smoothing=0.000
D step=19/50 epoch=3/3 loss=0.1033 l2=0.2000 label_smoothing=0.000
D step=20/50 epoch=1/3 loss=0.1427 l2=0.2000 label_smoothing=0.000
D step=20/50 epoch=2/3 loss=0.1462 l2=0.2000 label_smoothing=0.000
D step=20/50 epoch=3/3 loss=0.1324 l2=0.2000 label_smoothing=0.000
D step=21/50 epoch=1/3 loss=0.1372 l2=0.2000 label_smoothing=0.000
D step=21/50 epoch=2/3 loss=0.1166 l2=0.2000 label_smoothing=0.000
D step=21/50 epoch=3/3 loss=0.1060 l2=0.2000 label_smoothing=0.000
D step=22/50 epoch=1/3 loss=0.0936 l2=0.2000 label_smoothing=0.000
D step=22/50 epoch=2/3 loss=0.0888 l2=0.2000 label_smoothing=0.000
D step=22/50 epoch=3/3 loss=0.0926 l2=0.2000 label_smoothing=0.000
D step=23/50 epoch=1/3 loss=0.0916 l2=0.2000 label_smoothing=0.000
D step=23/50 epoch=2/3 loss=0.0874 l2=0.2000 label_smoothing=0.000
D step=23/50 epoch=3/3 loss=0.0836 l2=0.2000 label_smoothing=0.000
D step=24/50 epoch=1/3 loss=0.0952 l2=0.2000 label_smoothing=0.000
D step=24/50 epoch=2/3 loss=0.0869 l2=0.2000 label_smoothing=0.000
D step=24/50 epoch=3/3 loss=0.0819 l2=0.2000 label_smoothing=0.000
D step=25/50 epoch=1/3 loss=0.1549 l2=0.2000 label_smoothing=0.000
D step=25/50 epoch=2/3 loss=0.1494 l2=0.2000 label_smoothing=0.000
D step=25/50 epoch=3/3 loss=0.1132 l2=0.2000 label_smoothing=0.000
D step=26/50 epoch=1/3 loss=0.0775 l2=0.2000 label_smoothing=0.000
D step=26/50 epoch=2/3 loss=0.0840 l2=0.2000 label_smoothing=0.000
D step=26/50 epoch=3/3 loss=0.0845 l2=0.2000 label_smoothing=0.000
D step=27/50 epoch=1/3 loss=0.1154 l2=0.2000 label_smoothing=0.000
D step=27/50 epoch=2/3 loss=0.1127 l2=0.2000 label_smoothing=0.000
D step=27/50 epoch=3/3 loss=0.0985 l2=0.2000 label_smoothing=0.000
D step=28/50 epoch=1/3 loss=0.0915 l2=0.2000 label_smoothing=0.000
D step=28/50 epoch=2/3 loss=0.1008 l2=0.2000 label_smoothing=0.000
D step=28/50 epoch=3/3 loss=0.0899 l2=0.2000 label_smoothing=0.000
D step=29/50 epoch=1/3 loss=0.0850 l2=0.2000 label_smoothing=0.000
D step=29/50 epoch=2/3 loss=0.0799 l2=0.2000 label_smoothing=0.000
D step=29/50 epoch=3/3 loss=0.0782 l2=0.2000 label_smoothing=0.000
D step=30/50 epoch=1/3 loss=0.0973 l2=0.2000 label_smoothing=0.000
D step=30/50 epoch=2/3 loss=0.0834 l2=0.2000 label_smoothing=0.000
D step=30/50 epoch=3/3 loss=0.0867 l2=0.2000 label_smoothing=0.000
D step=31/50 epoch=1/3 loss=0.0865 l2=0.2000 label_smoothing=0.000
D step=31/50 epoch=2/3 loss=0.0827 l2=0.2000 label_smoothing=0.000
D step=31/50 epoch=3/3 loss=0.0790 l2=0.2000 label_smoothing=0.000
D step=32/50 epoch=1/3 loss=0.1029 l2=0.2000 label_smoothing=0.000
D step=32/50 epoch=2/3 loss=0.0978 l2=0.2000 label_smoothing=0.000
D step=32/50 epoch=3/3 loss=0.1016 l2=0.2000 label_smoothing=0.000
D step=33/50 epoch=1/3 loss=0.0864 l2=0.2000 label_smoothing=0.000
D step=33/50 epoch=2/3 loss=0.0827 l2=0.2000 label_smoothing=0.000
D step=33/50 epoch=3/3 loss=0.0835 l2=0.2000 label_smoothing=0.000
D step=34/50 epoch=1/3 loss=0.0856 l2=0.2000 label_smoothing=0.000
D step=34/50 epoch=2/3 loss=0.0789 l2=0.2000 label_smoothing=0.000
D step=34/50 epoch=3/3 loss=0.0747 l2=0.2000 label_smoothing=0.000
D step=35/50 epoch=1/3 loss=0.0710 l2=0.2000 label_smoothing=0.000
D step=35/50 epoch=2/3 loss=0.0724 l2=0.2000 label_smoothing=0.000
D step=35/50 epoch=3/3 loss=0.0696 l2=0.2000 label_smoothing=0.000
D step=36/50 epoch=1/3 loss=0.1012 l2=0.2000 label_smoothing=0.000
D step=36/50 epoch=2/3 loss=0.0996 l2=0.2000 label_smoothing=0.000
D step=36/50 epoch=3/3 loss=0.0834 l2=0.2000 label_smoothing=0.000
D step=37/50 epoch=1/3 loss=0.1129 l2=0.2000 label_smoothing=0.000
D step=37/50 epoch=2/3 loss=0.1104 l2=0.2000 label_smoothing=0.000
D step=37/50 epoch=3/3 loss=0.0923 l2=0.2000 label_smoothing=0.000
D step=38/50 epoch=1/3 loss=0.0865 l2=0.2000 label_smoothing=0.000
D step=38/50 epoch=2/3 loss=0.0711 l2=0.2000 label_smoothing=0.000
D step=38/50 epoch=3/3 loss=0.0757 l2=0.2000 label_smoothing=0.000
D step=39/50 epoch=1/3 loss=0.1215 l2=0.2000 label_smoothing=0.000
D step=39/50 epoch=2/3 loss=0.0881 l2=0.2000 label_smoothing=0.000
D step=39/50 epoch=3/3 loss=0.0966 l2=0.2000 label_smoothing=0.000
D step=40/50 epoch=1/3 loss=0.0715 l2=0.2000 label_smoothing=0.000
D step=40/50 epoch=2/3 loss=0.0690 l2=0.2000 label_smoothing=0.000
D step=40/50 epoch=3/3 loss=0.0743 l2=0.2000 label_smoothing=0.000
D step=41/50 epoch=1/3 loss=0.1312 l2=0.2000 label_smoothing=0.000
D step=41/50 epoch=2/3 loss=0.0782 l2=0.2000 label_smoothing=0.000
D step=41/50 epoch=3/3 loss=0.1030 l2=0.2000 label_smoothing=0.000
D step=42/50 epoch=1/3 loss=0.0806 l2=0.2000 label_smoothing=0.000
D step=42/50 epoch=2/3 loss=0.0810 l2=0.2000 label_smoothing=0.000
D step=42/50 epoch=3/3 loss=0.0809 l2=0.2000 label_smoothing=0.000
D step=43/50 epoch=1/3 loss=0.1259 l2=0.2000 label_smoothing=0.000
D step=43/50 epoch=2/3 loss=0.0879 l2=0.2000 label_smoothing=0.000
D step=43/50 epoch=3/3 loss=0.1010 l2=0.2000 label_smoothing=0.000
D step=44/50 epoch=1/3 loss=0.0800 l2=0.2000 label_smoothing=0.000
D step=44/50 epoch=2/3 loss=0.0767 l2=0.2000 label_smoothing=0.000
D step=44/50 epoch=3/3 loss=0.0777 l2=0.2000 label_smoothing=0.000
D step=45/50 epoch=1/3 loss=0.1055 l2=0.2000 label_smoothing=0.000
D step=45/50 epoch=2/3 loss=0.0657 l2=0.2000 label_smoothing=0.000
D step=45/50 epoch=3/3 loss=0.0762 l2=0.2000 label_smoothing=0.000
D step=46/50 epoch=1/3 loss=0.0848 l2=0.2000 label_smoothing=0.000
D step=46/50 epoch=2/3 loss=0.0651 l2=0.2000 label_smoothing=0.000
D step=46/50 epoch=3/3 loss=0.0679 l2=0.2000 label_smoothing=0.000
D step=47/50 epoch=1/3 loss=0.1372 l2=0.2000 label_smoothing=0.000
D step=47/50 epoch=2/3 loss=0.1093 l2=0.2000 label_smoothing=0.000
D step=47/50 epoch=3/3 loss=0.1058 l2=0.2000 label_smoothing=0.000
D step=48/50 epoch=1/3 loss=0.0851 l2=0.2000 label_smoothing=0.000
D step=48/50 epoch=2/3 loss=0.0591 l2=0.2000 label_smoothing=0.000
D step=48/50 epoch=3/3 loss=0.0627 l2=0.2000 label_smoothing=0.000
D step=49/50 epoch=1/3 loss=0.1202 l2=0.2000 label_smoothing=0.000
D step=49/50 epoch=2/3 loss=0.0901 l2=0.2000 label_smoothing=0.000
D step=49/50 epoch=3/3 loss=0.0656 l2=0.2000 label_smoothing=0.000
D step=50/50 epoch=1/3 loss=0.0888 l2=0.2000 label_smoothing=0.000
D step=50/50 epoch=2/3 loss=0.0890 l2=0.2000 label_smoothing=0.000
D step=50/50 epoch=3/3 loss=0.0616 l2=0.2000 label_smoothing=0.000

[3/3] adversarial
generator_reward_mode=off reward_alpha=1.000 d_steps=5 d_epochs=3
D step=1/5 epoch=1/3 loss=0.0716 l2=0.2000 label_smoothing=0.000
D step=1/5 epoch=2/3 loss=0.0629 l2=0.2000 label_smoothing=0.000
D step=1/5 epoch=3/3 loss=0.0546 l2=0.2000 label_smoothing=0.000
D step=2/5 epoch=1/3 loss=0.0600 l2=0.2000 label_smoothing=0.000
D step=2/5 epoch=2/3 loss=0.0613 l2=0.2000 label_smoothing=0.000
D step=2/5 epoch=3/3 loss=0.0548 l2=0.2000 label_smoothing=0.000
D step=3/5 epoch=1/3 loss=0.0505 l2=0.2000 label_smoothing=0.000
D step=3/5 epoch=2/3 loss=0.0516 l2=0.2000 label_smoothing=0.000
D step=3/5 epoch=3/3 loss=0.0490 l2=0.2000 label_smoothing=0.000
D step=4/5 epoch=1/3 loss=0.0479 l2=0.2000 label_smoothing=0.000
D step=4/5 epoch=2/3 loss=0.0472 l2=0.2000 label_smoothing=0.000
D step=4/5 epoch=3/3 loss=0.0462 l2=0.2000 label_smoothing=0.000
D step=5/5 epoch=1/3 loss=0.0455 l2=0.2000 label_smoothing=0.000
D step=5/5 epoch=2/3 loss=0.0455 l2=0.2000 label_smoothing=0.000
D step=5/5 epoch=3/3 loss=0.0444 l2=0.2000 label_smoothing=0.000
ADV epoch=1/200 g_loss=0.0232 d_loss=0.0529 reward=0.0266 reward_var=0.0039 unique=1.0000
D step=1/5 epoch=1/3 loss=0.0468 l2=0.2000 label_smoothing=0.000
D step=1/5 epoch=2/3 loss=0.0430 l2=0.2000 label_smoothing=0.000
D step=1/5 epoch=3/3 loss=0.0443 l2=0.2000 label_smoothing=0.000
D step=2/5 epoch=1/3 loss=0.0408 l2=0.2000 label_smoothing=0.000
D step=2/5 epoch=2/3 loss=0.0397 l2=0.2000 label_smoothing=0.000
D step=2/5 epoch=3/3 loss=0.0398 l2=0.2000 label_smoothing=0.000
D step=3/5 epoch=1/3 loss=0.0383 l2=0.2000 label_smoothing=0.000
D step=3/5 epoch=2/3 loss=0.0370 l2=0.2000 label_smoothing=0.000
D step=3/5 epoch=3/3 loss=0.0361 l2=0.2000 label_smoothing=0.000
D step=4/5 epoch=1/3 loss=0.0353 l2=0.2000 label_smoothing=0.000
D step=4/5 epoch=2/3 loss=0.0343 l2=0.2000 label_smoothing=0.000
D step=4/5 epoch=3/3 loss=0.0333 l2=0.2000 label_smoothing=0.000
D step=5/5 epoch=1/3 loss=0.0343 l2=0.2000 label_smoothing=0.000
D step=5/5 epoch=2/3 loss=0.0320 l2=0.2000 label_smoothing=0.000
D step=5/5 epoch=3/3 loss=0.0320 l2=0.2000 label_smoothing=0.000
ADV epoch=2/200 g_loss=0.0101 d_loss=0.0378 reward=0.0146 reward_var=0.0013 unique=0.9800
D step=1/5 epoch=1/3 loss=0.0301 l2=0.2000 label_smoothing=0.000
D step=1/5 epoch=2/3 loss=0.0296 l2=0.2000 label_smoothing=0.000
D step=1/5 epoch=3/3 loss=0.0279 l2=0.2000 label_smoothing=0.000
D step=2/5 epoch=1/3 loss=0.0274 l2=0.2000 label_smoothing=0.000
D step=2/5 epoch=2/3 loss=0.0261 l2=0.2000 label_smoothing=0.000
D step=2/5 epoch=3/3 loss=0.0252 l2=0.2000 label_smoothing=0.000
D step=3/5 epoch=1/3 loss=0.0248 l2=0.2000 label_smoothing=0.000
D step=3/5 epoch=2/3 loss=0.0235 l2=0.2000 label_smoothing=0.000
D step=3/5 epoch=3/3 loss=0.0227 l2=0.2000 label_smoothing=0.000
D step=4/5 epoch=1/3 loss=0.0220 l2=0.2000 label_smoothing=0.000
D step=4/5 epoch=2/3 loss=0.0211 l2=0.2000 label_smoothing=0.000
D step=4/5 epoch=3/3 loss=0.0203 l2=0.2000 label_smoothing=0.000
D step=5/5 epoch=1/3 loss=0.0197 l2=0.2000 label_smoothing=0.000
D step=5/5 epoch=2/3 loss=0.0189 l2=0.2000 label_smoothing=0.000
D step=5/5 epoch=3/3 loss=0.0182 l2=0.2000 label_smoothing=0.000
ADV epoch=3/200 g_loss=0.0025 d_loss=0.0238 reward=0.0032 reward_var=0.0001 unique=0.6800
saved 2000 raw samples to /content/drive/MyDrive/GAN_for_SQLi - 2/result/final/seqgan_master/boolean/D/R200/generated_payloads.csv
