{
  "metric_schema_version": "quality-metrics-v3",
  "normalization_version": "nfkc_html_percent1_casefold_ws_quotes_v1",
  "seed": 88,
  "method": "ctgan",
  "family": "time",
  "scenario": "A",
  "ratio": "100",
  "generation_kind": "retrieval",
  "schema_valid": true,
  "stop_reason": "n/a",
  "n_generated": 500,
  "unique_rate": 0.19,
  "normalized_unique_rate": 0.19,
  "duplicate_rate": 0.81,
  "model_collapse_rate": 0.81,
  "dominant_payload_share": 0.054,
  "normalized_dominant_payload_share": 0.054,
  "sql_parse_rate": 1.0,
  "sql_structure_rate": 0.998,
  "family_motif_coverage": 0.8,
  "family_motif_hit_rate": 0.998,
  "garbage_rate": 0.0020000000000000018,
  "wellformed_rate": 1.0,
  "shaped_rate": 0.998,
  "family_motif_coverage_by_family": {
    "time": 0.8
  },
  "family_motif_hit_rate_by_family": {
    "time": 0.998
  },
  "inferred_family_distribution": {
    "boolean": 0.0,
    "union": 0.0,
    "time": 0.998,
    "error": 0.0,
    "other": 0.002
  },
  "train_reference_count": 156,
  "holdout_reference_count": 296,
  "exact_input_overlap": 1.0,
  "normalized_input_overlap": 1.0,
  "holdout_overlap": 0.0,
  "normalized_holdout_overlap": 0.0,
  "nearest_input_similarity_mean": 1.0,
  "nearest_input_similarity_median": 1.0,
  "nearest_input_similarity_p90": 1.0,
  "nearest_char3_jaccard_mean": 1.0,
  "nearest_char3_jaccard_median": 1.0,
  "nearest_char3_jaccard_p90": 1.0,
  "nearest_token_jaccard_mean": 1.0,
  "nearest_token_jaccard_median": 1.0,
  "nearest_token_jaccard_p90": 1.0,
  "nearest_edit_similarity_mean": 0.9994418604651163,
  "nearest_edit_similarity_median": 1.0,
  "nearest_edit_similarity_p90": 1.0,
  "nearest_feature_cosine_mean": 0.9999769821450496,
  "nearest_feature_cosine_median": 1.0,
  "nearest_feature_cosine_p90": 1.0000000000000002,
  "nearest_input_distance_mean": 0.0,
  "nearest_input_distance_median": 0.0,
  "nearest_input_distance_p90": 0.0,
  "mean_nearest_similarity": 1.0,
  "median_nearest_similarity": 1.0,
  "p90_nearest_similarity": 1.0,
  "unique_nearest_payload_rate": 0.188,
  "dominant_retrieved_payload_share": 0.054,
  "nearest_reference_count": 156,
  "distinct_1": 0.026060213661379086,
  "distinct_2": 0.06111306798168369,
  "distinct_3": 0.07857142857142857,
  "lexical_diversity": 0.026060213661379086,
  "character_diversity": 0.8012952602446738,
  "token_diversity": 0.696342885051389,
  "keyword_diversity": 0.9362053140137706,
  "operator_diversity": 0.5240636272916557,
  "function_diversity": 0.7445359991656048,
  "comment_style_diversity": 0.6666666666666666,
  "length_zone_diversity": 0.8,
  "self_bleu": 0.9852128617184742,
  "self_bleu_char": 0.9852128617184742,
  "requested_count": 500,
  "generated_count_fraction": 1.0
}
