
[1/3] pretrain G
G epoch=1/60 loss=4.6000
G epoch=2/60 loss=4.4533
G epoch=3/60 loss=4.2840
G epoch=4/60 loss=4.0654
G epoch=5/60 loss=3.8107
G epoch=6/60 loss=3.5667
G epoch=7/60 loss=3.2994
G epoch=8/60 loss=2.9954
G epoch=9/60 loss=2.8649
G epoch=10/60 loss=2.7849
G epoch=11/60 loss=2.6831
G epoch=12/60 loss=2.6050
G epoch=13/60 loss=2.5513
G epoch=14/60 loss=2.4664
G epoch=15/60 loss=2.3761
G epoch=16/60 loss=2.2639
G epoch=17/60 loss=2.2018
G epoch=18/60 loss=2.2099
G epoch=19/60 loss=2.0592
G epoch=20/60 loss=2.0717
G epoch=21/60 loss=1.9799
G epoch=22/60 loss=1.9847
G epoch=23/60 loss=1.8987
G epoch=24/60 loss=1.8222
G epoch=25/60 loss=1.8161
G epoch=26/60 loss=1.7284
G epoch=27/60 loss=1.7393
G epoch=28/60 loss=1.6685
G epoch=29/60 loss=1.6158
G epoch=30/60 loss=1.5832
G epoch=31/60 loss=1.5450
G epoch=32/60 loss=1.5565
G epoch=33/60 loss=1.4505
G epoch=34/60 loss=1.4381
G epoch=35/60 loss=1.4245
G epoch=36/60 loss=1.3933
G epoch=37/60 loss=1.3612
G epoch=38/60 loss=1.2762
G epoch=39/60 loss=1.2671
G epoch=40/60 loss=1.2937
G epoch=41/60 loss=1.2333
G epoch=42/60 loss=1.2300
G epoch=43/60 loss=1.2230
G epoch=44/60 loss=1.1751
G epoch=45/60 loss=1.1803
G epoch=46/60 loss=1.1700
G epoch=47/60 loss=1.1293
G epoch=48/60 loss=1.1216
G epoch=49/60 loss=1.0590
G epoch=50/60 loss=1.0431
G epoch=51/60 loss=1.0194
G epoch=52/60 loss=0.9572
G epoch=53/60 loss=0.9749
G epoch=54/60 loss=0.9608
G epoch=55/60 loss=0.9798
G epoch=56/60 loss=0.9320
G epoch=57/60 loss=0.9328
G epoch=58/60 loss=0.9246
G epoch=59/60 loss=0.8881
G epoch=60/60 loss=0.8911

[2/3] pretrain D
D step=1/30 epoch=1/3 loss=0.7837 l2=0.2000 label_smoothing=0.050
D step=1/30 epoch=2/3 loss=0.7552 l2=0.2000 label_smoothing=0.050
D step=1/30 epoch=3/3 loss=0.7271 l2=0.2000 label_smoothing=0.050
D step=2/30 epoch=1/3 loss=0.7135 l2=0.2000 label_smoothing=0.050
D step=2/30 epoch=2/3 loss=0.7063 l2=0.2000 label_smoothing=0.050
D step=2/30 epoch=3/3 loss=0.7025 l2=0.2000 label_smoothing=0.050
D step=3/30 epoch=1/3 loss=0.6806 l2=0.2000 label_smoothing=0.050
D step=3/30 epoch=2/3 loss=0.6666 l2=0.2000 label_smoothing=0.050
D step=3/30 epoch=3/3 loss=0.6352 l2=0.2000 label_smoothing=0.050
D step=4/30 epoch=1/3 loss=0.6311 l2=0.2000 label_smoothing=0.050
D step=4/30 epoch=2/3 loss=0.6287 l2=0.2000 label_smoothing=0.050
D step=4/30 epoch=3/3 loss=0.6035 l2=0.2000 label_smoothing=0.050
D step=5/30 epoch=1/3 loss=0.5955 l2=0.2000 label_smoothing=0.050
D step=5/30 epoch=2/3 loss=0.5929 l2=0.2000 label_smoothing=0.050
D step=5/30 epoch=3/3 loss=0.5761 l2=0.2000 label_smoothing=0.050
D step=6/30 epoch=1/3 loss=0.5766 l2=0.2000 label_smoothing=0.050
D step=6/30 epoch=2/3 loss=0.5639 l2=0.2000 label_smoothing=0.050
D step=6/30 epoch=3/3 loss=0.5481 l2=0.2000 label_smoothing=0.050
D step=7/30 epoch=1/3 loss=0.5108 l2=0.2000 label_smoothing=0.050
D step=7/30 epoch=2/3 loss=0.5085 l2=0.2000 label_smoothing=0.050
D step=7/30 epoch=3/3 loss=0.4970 l2=0.2000 label_smoothing=0.050
D step=8/30 epoch=1/3 loss=0.5114 l2=0.2000 label_smoothing=0.050
D step=8/30 epoch=2/3 loss=0.4809 l2=0.2000 label_smoothing=0.050
D step=8/30 epoch=3/3 loss=0.4796 l2=0.2000 label_smoothing=0.050
D step=9/30 epoch=1/3 loss=0.4622 l2=0.2000 label_smoothing=0.050
D step=9/30 epoch=2/3 loss=0.4478 l2=0.2000 label_smoothing=0.050
D step=9/30 epoch=3/3 loss=0.4319 l2=0.2000 label_smoothing=0.050
D step=10/30 epoch=1/3 loss=0.4160 l2=0.2000 label_smoothing=0.050
D step=10/30 epoch=2/3 loss=0.3901 l2=0.2000 label_smoothing=0.050
D step=10/30 epoch=3/3 loss=0.3757 l2=0.2000 label_smoothing=0.050
D step=11/30 epoch=1/3 loss=0.4053 l2=0.2000 label_smoothing=0.050
D step=11/30 epoch=2/3 loss=0.3963 l2=0.2000 label_smoothing=0.050
D step=11/30 epoch=3/3 loss=0.3812 l2=0.2000 label_smoothing=0.050
D step=12/30 epoch=1/3 loss=0.3638 l2=0.2000 label_smoothing=0.050
D step=12/30 epoch=2/3 loss=0.3471 l2=0.2000 label_smoothing=0.050
D step=12/30 epoch=3/3 loss=0.3458 l2=0.2000 label_smoothing=0.050
D step=13/30 epoch=1/3 loss=0.3198 l2=0.2000 label_smoothing=0.050
D step=13/30 epoch=2/3 loss=0.3065 l2=0.2000 label_smoothing=0.050
D step=13/30 epoch=3/3 loss=0.3020 l2=0.2000 label_smoothing=0.050
D step=14/30 epoch=1/3 loss=0.3010 l2=0.2000 label_smoothing=0.050
D step=14/30 epoch=2/3 loss=0.3021 l2=0.2000 label_smoothing=0.050
D step=14/30 epoch=3/3 loss=0.2946 l2=0.2000 label_smoothing=0.050
D step=15/30 epoch=1/3 loss=0.3153 l2=0.2000 label_smoothing=0.050
D step=15/30 epoch=2/3 loss=0.2949 l2=0.2000 label_smoothing=0.050
D step=15/30 epoch=3/3 loss=0.2861 l2=0.2000 label_smoothing=0.050
D step=16/30 epoch=1/3 loss=0.2718 l2=0.2000 label_smoothing=0.050
D step=16/30 epoch=2/3 loss=0.2833 l2=0.2000 label_smoothing=0.050
D step=16/30 epoch=3/3 loss=0.2783 l2=0.2000 label_smoothing=0.050
D step=17/30 epoch=1/3 loss=0.2467 l2=0.2000 label_smoothing=0.050
D step=17/30 epoch=2/3 loss=0.2377 l2=0.2000 label_smoothing=0.050
D step=17/30 epoch=3/3 loss=0.2365 l2=0.2000 label_smoothing=0.050
D step=18/30 epoch=1/3 loss=0.2348 l2=0.2000 label_smoothing=0.050
D step=18/30 epoch=2/3 loss=0.2304 l2=0.2000 label_smoothing=0.050
D step=18/30 epoch=3/3 loss=0.2233 l2=0.2000 label_smoothing=0.050
D step=19/30 epoch=1/3 loss=0.2469 l2=0.2000 label_smoothing=0.050
D step=19/30 epoch=2/3 loss=0.2347 l2=0.2000 label_smoothing=0.050
D step=19/30 epoch=3/3 loss=0.2378 l2=0.2000 label_smoothing=0.050
D step=20/30 epoch=1/3 loss=0.2292 l2=0.2000 label_smoothing=0.050
D step=20/30 epoch=2/3 loss=0.2268 l2=0.2000 label_smoothing=0.050
D step=20/30 epoch=3/3 loss=0.2218 l2=0.2000 label_smoothing=0.050
D step=21/30 epoch=1/3 loss=0.2644 l2=0.2000 label_smoothing=0.050
D step=21/30 epoch=2/3 loss=0.2488 l2=0.2000 label_smoothing=0.050
D step=21/30 epoch=3/3 loss=0.2528 l2=0.2000 label_smoothing=0.050
D step=22/30 epoch=1/3 loss=0.2382 l2=0.2000 label_smoothing=0.050
D step=22/30 epoch=2/3 loss=0.2331 l2=0.2000 label_smoothing=0.050
D step=22/30 epoch=3/3 loss=0.2176 l2=0.2000 label_smoothing=0.050
D step=23/30 epoch=1/3 loss=0.2250 l2=0.2000 label_smoothing=0.050
D step=23/30 epoch=2/3 loss=0.2217 l2=0.2000 label_smoothing=0.050
D step=23/30 epoch=3/3 loss=0.2147 l2=0.2000 label_smoothing=0.050
D step=24/30 epoch=1/3 loss=0.2171 l2=0.2000 label_smoothing=0.050
D step=24/30 epoch=2/3 loss=0.2079 l2=0.2000 label_smoothing=0.050
D step=24/30 epoch=3/3 loss=0.2114 l2=0.2000 label_smoothing=0.050
D step=25/30 epoch=1/3 loss=0.2457 l2=0.2000 label_smoothing=0.050
D step=25/30 epoch=2/3 loss=0.2373 l2=0.2000 label_smoothing=0.050
D step=25/30 epoch=3/3 loss=0.2265 l2=0.2000 label_smoothing=0.050
D step=26/30 epoch=1/3 loss=0.2260 l2=0.2000 label_smoothing=0.050
D step=26/30 epoch=2/3 loss=0.2171 l2=0.2000 label_smoothing=0.050
D step=26/30 epoch=3/3 loss=0.2156 l2=0.2000 label_smoothing=0.050
D step=27/30 epoch=1/3 loss=0.2014 l2=0.2000 label_smoothing=0.050
D step=27/30 epoch=2/3 loss=0.1978 l2=0.2000 label_smoothing=0.050
D step=27/30 epoch=3/3 loss=0.1969 l2=0.2000 label_smoothing=0.050
D step=28/30 epoch=1/3 loss=0.1931 l2=0.2000 label_smoothing=0.050
D step=28/30 epoch=2/3 loss=0.1934 l2=0.2000 label_smoothing=0.050
D step=28/30 epoch=3/3 loss=0.1919 l2=0.2000 label_smoothing=0.050
D step=29/30 epoch=1/3 loss=0.2531 l2=0.2000 label_smoothing=0.050
D step=29/30 epoch=2/3 loss=0.2375 l2=0.2000 label_smoothing=0.050
D step=29/30 epoch=3/3 loss=0.2222 l2=0.2000 label_smoothing=0.050
D step=30/30 epoch=1/3 loss=0.2204 l2=0.2000 label_smoothing=0.050
D step=30/30 epoch=2/3 loss=0.2194 l2=0.2000 label_smoothing=0.050
D step=30/30 epoch=3/3 loss=0.2149 l2=0.2000 label_smoothing=0.050

[3/3] adversarial
generator_reward_mode=off reward_alpha=1.000 d_steps=5 d_epochs=3
D step=1/5 epoch=1/3 loss=0.2086 l2=0.2000 label_smoothing=0.050
D step=1/5 epoch=2/3 loss=0.1986 l2=0.2000 label_smoothing=0.050
D step=1/5 epoch=3/3 loss=0.1953 l2=0.2000 label_smoothing=0.050
D step=2/5 epoch=1/3 loss=0.2272 l2=0.2000 label_smoothing=0.050
D step=2/5 epoch=2/3 loss=0.2205 l2=0.2000 label_smoothing=0.050
D step=2/5 epoch=3/3 loss=0.2086 l2=0.2000 label_smoothing=0.050
D step=3/5 epoch=1/3 loss=0.1968 l2=0.2000 label_smoothing=0.050
D step=3/5 epoch=2/3 loss=0.1941 l2=0.2000 label_smoothing=0.050
D step=3/5 epoch=3/3 loss=0.1925 l2=0.2000 label_smoothing=0.050
D step=4/5 epoch=1/3 loss=0.1959 l2=0.2000 label_smoothing=0.050
D step=4/5 epoch=2/3 loss=0.1938 l2=0.2000 label_smoothing=0.050
D step=4/5 epoch=3/3 loss=0.1878 l2=0.2000 label_smoothing=0.050
D step=5/5 epoch=1/3 loss=0.1924 l2=0.2000 label_smoothing=0.050
D step=5/5 epoch=2/3 loss=0.1912 l2=0.2000 label_smoothing=0.050
D step=5/5 epoch=3/3 loss=0.1918 l2=0.2000 label_smoothing=0.050
ADV epoch=1/60 g_loss=0.0850 d_loss=0.1997 reward=0.0748 reward_var=0.0119 unique=1.0000
D step=1/5 epoch=1/3 loss=0.1977 l2=0.2000 label_smoothing=0.050
D step=1/5 epoch=2/3 loss=0.1911 l2=0.2000 label_smoothing=0.050
D step=1/5 epoch=3/3 loss=0.1905 l2=0.2000 label_smoothing=0.050
D step=2/5 epoch=1/3 loss=0.1889 l2=0.2000 label_smoothing=0.050
D step=2/5 epoch=2/3 loss=0.1914 l2=0.2000 label_smoothing=0.050
D step=2/5 epoch=3/3 loss=0.1840 l2=0.2000 label_smoothing=0.050
D step=3/5 epoch=1/3 loss=0.1860 l2=0.2000 label_smoothing=0.050
D step=3/5 epoch=2/3 loss=0.1870 l2=0.2000 label_smoothing=0.050
D step=3/5 epoch=3/3 loss=0.1854 l2=0.2000 label_smoothing=0.050
D step=4/5 epoch=1/3 loss=0.1812 l2=0.2000 label_smoothing=0.050
D step=4/5 epoch=2/3 loss=0.1825 l2=0.2000 label_smoothing=0.050
D step=4/5 epoch=3/3 loss=0.1818 l2=0.2000 label_smoothing=0.050
D step=5/5 epoch=1/3 loss=0.1842 l2=0.2000 label_smoothing=0.050
D step=5/5 epoch=2/3 loss=0.1785 l2=0.2000 label_smoothing=0.050
D step=5/5 epoch=3/3 loss=0.1771 l2=0.2000 label_smoothing=0.050
ADV epoch=2/60 g_loss=0.0536 d_loss=0.1858 reward=0.0478 reward_var=0.0049 unique=1.0000
D step=1/5 epoch=1/3 loss=0.1843 l2=0.2000 label_smoothing=0.050
D step=1/5 epoch=2/3 loss=0.1790 l2=0.2000 label_smoothing=0.050
D step=1/5 epoch=3/3 loss=0.1799 l2=0.2000 label_smoothing=0.050
D step=2/5 epoch=1/3 loss=0.1763 l2=0.2000 label_smoothing=0.050
D step=2/5 epoch=2/3 loss=0.1740 l2=0.2000 label_smoothing=0.050
D step=2/5 epoch=3/3 loss=0.1732 l2=0.2000 label_smoothing=0.050
D step=3/5 epoch=1/3 loss=0.1749 l2=0.2000 label_smoothing=0.050
D step=3/5 epoch=2/3 loss=0.1781 l2=0.2000 label_smoothing=0.050
D step=3/5 epoch=3/3 loss=0.1720 l2=0.2000 label_smoothing=0.050
D step=4/5 epoch=1/3 loss=0.1784 l2=0.2000 label_smoothing=0.050
D step=4/5 epoch=2/3 loss=0.1759 l2=0.2000 label_smoothing=0.050
D step=4/5 epoch=3/3 loss=0.1735 l2=0.2000 label_smoothing=0.050
D step=5/5 epoch=1/3 loss=0.1732 l2=0.2000 label_smoothing=0.050
D step=5/5 epoch=2/3 loss=0.1708 l2=0.2000 label_smoothing=0.050
D step=5/5 epoch=3/3 loss=0.1686 l2=0.2000 label_smoothing=0.050
ADV epoch=3/60 g_loss=0.0636 d_loss=0.1755 reward=0.0474 reward_var=0.0036 unique=1.0000
D step=1/5 epoch=1/3 loss=0.1705 l2=0.2000 label_smoothing=0.050
D step=1/5 epoch=2/3 loss=0.1655 l2=0.2000 label_smoothing=0.050
D step=1/5 epoch=3/3 loss=0.1659 l2=0.2000 label_smoothing=0.050
D step=2/5 epoch=1/3 loss=0.1652 l2=0.2000 label_smoothing=0.050
D step=2/5 epoch=2/3 loss=0.1644 l2=0.2000 label_smoothing=0.050
D step=2/5 epoch=3/3 loss=0.1642 l2=0.2000 label_smoothing=0.050
D step=3/5 epoch=1/3 loss=0.1661 l2=0.2000 label_smoothing=0.050
D step=3/5 epoch=2/3 loss=0.1661 l2=0.2000 label_smoothing=0.050
D step=3/5 epoch=3/3 loss=0.1639 l2=0.2000 label_smoothing=0.050
D step=4/5 epoch=1/3 loss=0.1675 l2=0.2000 label_smoothing=0.050
D step=4/5 epoch=2/3 loss=0.1650 l2=0.2000 label_smoothing=0.050
D step=4/5 epoch=3/3 loss=0.1643 l2=0.2000 label_smoothing=0.050
D step=5/5 epoch=1/3 loss=0.1628 l2=0.2000 label_smoothing=0.050
D step=5/5 epoch=2/3 loss=0.1643 l2=0.2000 label_smoothing=0.050
D step=5/5 epoch=3/3 loss=0.1619 l2=0.2000 label_smoothing=0.050
ADV epoch=4/60 g_loss=0.0728 d_loss=0.1652 reward=0.0547 reward_var=0.0052 unique=1.0000
D step=1/5 epoch=1/3 loss=0.1682 l2=0.2000 label_smoothing=0.050
D step=1/5 epoch=2/3 loss=0.1616 l2=0.2000 label_smoothing=0.050
D step=1/5 epoch=3/3 loss=0.1607 l2=0.2000 label_smoothing=0.050
D step=2/5 epoch=1/3 loss=0.1650 l2=0.2000 label_smoothing=0.050
D step=2/5 epoch=2/3 loss=0.1609 l2=0.2000 label_smoothing=0.050
D step=2/5 epoch=3/3 loss=0.1616 l2=0.2000 label_smoothing=0.050
D step=3/5 epoch=1/3 loss=0.1670 l2=0.2000 label_smoothing=0.050
D step=3/5 epoch=2/3 loss=0.1683 l2=0.2000 label_smoothing=0.050
D step=3/5 epoch=3/3 loss=0.1615 l2=0.2000 label_smoothing=0.050
D step=4/5 epoch=1/3 loss=0.1576 l2=0.2000 label_smoothing=0.050
D step=4/5 epoch=2/3 loss=0.1575 l2=0.2000 label_smoothing=0.050
D step=4/5 epoch=3/3 loss=0.1563 l2=0.2000 label_smoothing=0.050
D step=5/5 epoch=1/3 loss=0.1586 l2=0.2000 label_smoothing=0.050
D step=5/5 epoch=2/3 loss=0.1572 l2=0.2000 label_smoothing=0.050
D step=5/5 epoch=3/3 loss=0.1568 l2=0.2000 label_smoothing=0.050
ADV epoch=5/60 g_loss=0.0680 d_loss=0.1613 reward=0.0493 reward_var=0.0044 unique=1.0000
D step=1/5 epoch=1/3 loss=0.1677 l2=0.2000 label_smoothing=0.050
D step=1/5 epoch=2/3 loss=0.1638 l2=0.2000 label_smoothing=0.050
D step=1/5 epoch=3/3 loss=0.1602 l2=0.2000 label_smoothing=0.050
D step=2/5 epoch=1/3 loss=0.1587 l2=0.2000 label_smoothing=0.050
D step=2/5 epoch=2/3 loss=0.1562 l2=0.2000 label_smoothing=0.050
D step=2/5 epoch=3/3 loss=0.1562 l2=0.2000 label_smoothing=0.050
D step=3/5 epoch=1/3 loss=0.1678 l2=0.2000 label_smoothing=0.050
D step=3/5 epoch=2/3 loss=0.1631 l2=0.2000 label_smoothing=0.050
D step=3/5 epoch=3/3 loss=0.1614 l2=0.2000 label_smoothing=0.050
D step=4/5 epoch=1/3 loss=0.1571 l2=0.2000 label_smoothing=0.050
D step=4/5 epoch=2/3 loss=0.1529 l2=0.2000 label_smoothing=0.050
D step=4/5 epoch=3/3 loss=0.1529 l2=0.2000 label_smoothing=0.050
D step=5/5 epoch=1/3 loss=0.1551 l2=0.2000 label_smoothing=0.050
D step=5/5 epoch=2/3 loss=0.1525 l2=0.2000 label_smoothing=0.050
D step=5/5 epoch=3/3 loss=0.1515 l2=0.2000 label_smoothing=0.050
ADV epoch=6/60 g_loss=0.0613 d_loss=0.1585 reward=0.0400 reward_var=0.0016 unique=1.0000
D step=1/5 epoch=1/3 loss=0.1552 l2=0.2000 label_smoothing=0.050
D step=1/5 epoch=2/3 loss=0.1500 l2=0.2000 label_smoothing=0.050
D step=1/5 epoch=3/3 loss=0.1513 l2=0.2000 label_smoothing=0.050
D step=2/5 epoch=1/3 loss=0.1542 l2=0.2000 label_smoothing=0.050
D step=2/5 epoch=2/3 loss=0.1556 l2=0.2000 label_smoothing=0.050
D step=2/5 epoch=3/3 loss=0.1518 l2=0.2000 label_smoothing=0.050
D step=3/5 epoch=1/3 loss=0.1531 l2=0.2000 label_smoothing=0.050
D step=3/5 epoch=2/3 loss=0.1516 l2=0.2000 label_smoothing=0.050
D step=3/5 epoch=3/3 loss=0.1501 l2=0.2000 label_smoothing=0.050
D step=4/5 epoch=1/3 loss=0.1514 l2=0.2000 label_smoothing=0.050
D step=4/5 epoch=2/3 loss=0.1495 l2=0.2000 label_smoothing=0.050
D step=4/5 epoch=3/3 loss=0.1485 l2=0.2000 label_smoothing=0.050
D step=5/5 epoch=1/3 loss=0.1518 l2=0.2000 label_smoothing=0.050
D step=5/5 epoch=2/3 loss=0.1507 l2=0.2000 label_smoothing=0.050
D step=5/5 epoch=3/3 loss=0.1486 l2=0.2000 label_smoothing=0.050
ADV epoch=7/60 g_loss=0.0438 d_loss=0.1516 reward=0.0322 reward_var=0.0008 unique=1.0000
saved 500 raw samples to /content/drive/MyDrive/GAN/GAN_SQLi_Colab/results_seqgan_phase2b_phase3/phase3/seqgan_improved/union/D/R200/V1/generated_payloads.csv
