{
  "metric_schema_version": "quality-metrics-v3",
  "normalization_version": "nfkc_html_percent1_casefold_ws_quotes_v1",
  "seed": 88,
  "method": "seqgan_master",
  "family": "error",
  "scenario": "D",
  "ratio": "200",
  "generation_kind": "direct",
  "schema_valid": true,
  "stop_reason": "n/a",
  "n_generated": 2000,
  "unique_rate": 0.721,
  "normalized_unique_rate": 0.5625,
  "duplicate_rate": 0.279,
  "model_collapse_rate": 0.279,
  "dominant_payload_share": 0.0235,
  "normalized_dominant_payload_share": 0.144,
  "sql_parse_rate": 1.0,
  "sql_structure_rate": 0.166,
  "family_motif_coverage": 0.0,
  "family_motif_hit_rate": 0.0,
  "garbage_rate": 0.834,
  "wellformed_rate": 1.0,
  "shaped_rate": 0.166,
  "family_motif_coverage_by_family": {
    "error": 0.0
  },
  "family_motif_hit_rate_by_family": {
    "error": 0.0
  },
  "inferred_family_distribution": {
    "boolean": 0.026,
    "union": 0.0,
    "time": 0.0,
    "error": 0.0,
    "other": 0.974
  },
  "train_reference_count": 78,
  "holdout_reference_count": 259,
  "exact_input_overlap": 0.0,
  "normalized_input_overlap": 0.0,
  "holdout_overlap": 0.0,
  "normalized_holdout_overlap": 0.0,
  "nearest_input_similarity_mean": 0.044836878192895516,
  "nearest_input_similarity_median": 0.042105263157894736,
  "nearest_input_similarity_p90": 0.06451612903225806,
  "nearest_char3_jaccard_mean": 0.044836878192895516,
  "nearest_char3_jaccard_median": 0.042105263157894736,
  "nearest_char3_jaccard_p90": 0.06451612903225806,
  "nearest_token_jaccard_mean": 0.1774661772513474,
  "nearest_token_jaccard_median": 0.16666666666666666,
  "nearest_token_jaccard_p90": 0.3333333333333333,
  "nearest_edit_similarity_mean": 0.059716831775218124,
  "nearest_edit_similarity_median": 0.05755395683453235,
  "nearest_edit_similarity_p90": 0.07913669064748197,
  "nearest_feature_cosine_mean": 0.51049620601575,
  "nearest_feature_cosine_median": 0.4668601472733327,
  "nearest_feature_cosine_p90": 0.705851807188318,
  "nearest_input_distance_mean": 0.9551631218071045,
  "nearest_input_distance_median": 0.9578947368421052,
  "nearest_input_distance_p90": 0.9692307692307692,
  "mean_nearest_similarity": 0.044836878192895516,
  "median_nearest_similarity": 0.042105263157894736,
  "p90_nearest_similarity": 0.06451612903225806,
  "unique_nearest_payload_rate": 0.028,
  "dominant_retrieved_payload_share": 0.2895,
  "nearest_reference_count": 78,
  "distinct_1": 0.075280651551838,
  "distinct_2": 0.20829805249788316,
  "distinct_3": 0.3564687377113645,
  "lexical_diversity": 0.075280651551838,
  "character_diversity": 0.6468660122978247,
  "token_diversity": 0.38931947394616606,
  "keyword_diversity": 0.5185636449587978,
  "operator_diversity": 0.6572714305752798,
  "function_diversity": 0.8864592883162261,
  "comment_style_diversity": 0.3333333333333333,
  "length_zone_diversity": 0.2,
  "self_bleu": 0.9439201916825057,
  "self_bleu_char": 0.9439201916825057,
  "requested_count": 2000,
  "generated_count_fraction": 1.0
}
