
[1/3] pretrain G
G epoch=1/120 loss=4.5495
G epoch=2/120 loss=4.3835
G epoch=3/120 loss=4.1980
G epoch=4/120 loss=3.9942
G epoch=5/120 loss=3.7254
G epoch=6/120 loss=3.4900
G epoch=7/120 loss=3.1546
G epoch=8/120 loss=2.9273
G epoch=9/120 loss=2.7450
G epoch=10/120 loss=2.7630
G epoch=11/120 loss=2.6338
G epoch=12/120 loss=2.5869
G epoch=13/120 loss=2.6936
G epoch=14/120 loss=2.6096
G epoch=15/120 loss=2.6013
G epoch=16/120 loss=2.4318
G epoch=17/120 loss=2.4499
G epoch=18/120 loss=2.4651
G epoch=19/120 loss=2.3673
G epoch=20/120 loss=2.4158
G epoch=21/120 loss=2.3191
G epoch=22/120 loss=2.2550
G epoch=23/120 loss=2.2356
G epoch=24/120 loss=2.1927
G epoch=25/120 loss=2.2371
G epoch=26/120 loss=2.1477
G epoch=27/120 loss=2.2235
G epoch=28/120 loss=2.1224
G epoch=29/120 loss=2.1320
G epoch=30/120 loss=2.0600
G epoch=31/120 loss=2.0145
G epoch=32/120 loss=2.0121
G epoch=33/120 loss=1.9629
G epoch=34/120 loss=1.9205
G epoch=35/120 loss=1.9541
G epoch=36/120 loss=1.8937
G epoch=37/120 loss=1.9073
G epoch=38/120 loss=1.8711
G epoch=39/120 loss=1.8647
G epoch=40/120 loss=1.8460
G epoch=41/120 loss=1.7922
G epoch=42/120 loss=1.7669
G epoch=43/120 loss=1.7068
G epoch=44/120 loss=1.6627
G epoch=45/120 loss=1.7379
G epoch=46/120 loss=1.7319
G epoch=47/120 loss=1.6479
G epoch=48/120 loss=1.6382
G epoch=49/120 loss=1.6201
G epoch=50/120 loss=1.6473
G epoch=51/120 loss=1.6357
G epoch=52/120 loss=1.5657
G epoch=53/120 loss=1.4979
G epoch=54/120 loss=1.4984
G epoch=55/120 loss=1.4667
G epoch=56/120 loss=1.4643
G epoch=57/120 loss=1.4244
G epoch=58/120 loss=1.4254
G epoch=59/120 loss=1.5168
G epoch=60/120 loss=1.4197
G epoch=61/120 loss=1.3732
G epoch=62/120 loss=1.3328
G epoch=63/120 loss=1.3331
G epoch=64/120 loss=1.4008
G epoch=65/120 loss=1.3141
G epoch=66/120 loss=1.3119
G epoch=67/120 loss=1.2879
G epoch=68/120 loss=1.2789
G epoch=69/120 loss=1.2565
G epoch=70/120 loss=1.2434
G epoch=71/120 loss=1.2135
G epoch=72/120 loss=1.2036
G epoch=73/120 loss=1.2054
G epoch=74/120 loss=1.1718
G epoch=75/120 loss=1.2432
G epoch=76/120 loss=1.1741
G epoch=77/120 loss=1.1487
G epoch=78/120 loss=1.1851
G epoch=79/120 loss=1.1279
G epoch=80/120 loss=1.1439
G epoch=81/120 loss=1.1359
G epoch=82/120 loss=1.1227
G epoch=83/120 loss=1.1020
G epoch=84/120 loss=1.0669
G epoch=85/120 loss=1.0767
G epoch=86/120 loss=1.0560
G epoch=87/120 loss=1.0607
G epoch=88/120 loss=1.0582
G epoch=89/120 loss=1.0327
G epoch=90/120 loss=1.0228
G epoch=91/120 loss=1.0210
G epoch=92/120 loss=1.0036
G epoch=93/120 loss=1.0401
G epoch=94/120 loss=0.9513
G epoch=95/120 loss=0.9903
G epoch=96/120 loss=0.9577
G epoch=97/120 loss=0.9545
G epoch=98/120 loss=0.9585
G epoch=99/120 loss=0.9326
G epoch=100/120 loss=0.9720
G epoch=101/120 loss=0.9053
G epoch=102/120 loss=0.9200
G epoch=103/120 loss=0.8798
G epoch=104/120 loss=0.9224
G epoch=105/120 loss=0.9124
G epoch=106/120 loss=0.8901
G epoch=107/120 loss=0.8886
G epoch=108/120 loss=0.8551
G epoch=109/120 loss=0.8821
G epoch=110/120 loss=0.8650
G epoch=111/120 loss=0.8948
G epoch=112/120 loss=0.8563
G epoch=113/120 loss=0.8336
G epoch=114/120 loss=0.8293
G epoch=115/120 loss=0.8335
G epoch=116/120 loss=0.8270
G epoch=117/120 loss=0.8016
G epoch=118/120 loss=0.7931
G epoch=119/120 loss=0.8150
G epoch=120/120 loss=0.8253

[2/3] pretrain D
D step=1/50 epoch=1/3 loss=0.8110 l2=0.2000 label_smoothing=0.000
D step=1/50 epoch=2/3 loss=0.7267 l2=0.2000 label_smoothing=0.000
D step=1/50 epoch=3/3 loss=0.6830 l2=0.2000 label_smoothing=0.000
D step=2/50 epoch=1/3 loss=0.7137 l2=0.2000 label_smoothing=0.000
D step=2/50 epoch=2/3 loss=0.7069 l2=0.2000 label_smoothing=0.000
D step=2/50 epoch=3/3 loss=0.6390 l2=0.2000 label_smoothing=0.000
D step=3/50 epoch=1/3 loss=0.6558 l2=0.2000 label_smoothing=0.000
D step=3/50 epoch=2/3 loss=0.6023 l2=0.2000 label_smoothing=0.000
D step=3/50 epoch=3/3 loss=0.5643 l2=0.2000 label_smoothing=0.000
D step=4/50 epoch=1/3 loss=0.5905 l2=0.2000 label_smoothing=0.000
D step=4/50 epoch=2/3 loss=0.5666 l2=0.2000 label_smoothing=0.000
D step=4/50 epoch=3/3 loss=0.5260 l2=0.2000 label_smoothing=0.000
D step=5/50 epoch=1/3 loss=0.4953 l2=0.2000 label_smoothing=0.000
D step=5/50 epoch=2/3 loss=0.4917 l2=0.2000 label_smoothing=0.000
D step=5/50 epoch=3/3 loss=0.4651 l2=0.2000 label_smoothing=0.000
D step=6/50 epoch=1/3 loss=0.4276 l2=0.2000 label_smoothing=0.000
D step=6/50 epoch=2/3 loss=0.4160 l2=0.2000 label_smoothing=0.000
D step=6/50 epoch=3/3 loss=0.3907 l2=0.2000 label_smoothing=0.000
D step=7/50 epoch=1/3 loss=0.3787 l2=0.2000 label_smoothing=0.000
D step=7/50 epoch=2/3 loss=0.3507 l2=0.2000 label_smoothing=0.000
D step=7/50 epoch=3/3 loss=0.3407 l2=0.2000 label_smoothing=0.000
D step=8/50 epoch=1/3 loss=0.3199 l2=0.2000 label_smoothing=0.000
D step=8/50 epoch=2/3 loss=0.3029 l2=0.2000 label_smoothing=0.000
D step=8/50 epoch=3/3 loss=0.2874 l2=0.2000 label_smoothing=0.000
D step=9/50 epoch=1/3 loss=0.2681 l2=0.2000 label_smoothing=0.000
D step=9/50 epoch=2/3 loss=0.2572 l2=0.2000 label_smoothing=0.000
D step=9/50 epoch=3/3 loss=0.2312 l2=0.2000 label_smoothing=0.000
D step=10/50 epoch=1/3 loss=0.2515 l2=0.2000 label_smoothing=0.000
D step=10/50 epoch=2/3 loss=0.2371 l2=0.2000 label_smoothing=0.000
D step=10/50 epoch=3/3 loss=0.2160 l2=0.2000 label_smoothing=0.000
D step=11/50 epoch=1/3 loss=0.1916 l2=0.2000 label_smoothing=0.000
D step=11/50 epoch=2/3 loss=0.1810 l2=0.2000 label_smoothing=0.000
D step=11/50 epoch=3/3 loss=0.1713 l2=0.2000 label_smoothing=0.000
D step=12/50 epoch=1/3 loss=0.1865 l2=0.2000 label_smoothing=0.000
D step=12/50 epoch=2/3 loss=0.1721 l2=0.2000 label_smoothing=0.000
D step=12/50 epoch=3/3 loss=0.1646 l2=0.2000 label_smoothing=0.000
D step=13/50 epoch=1/3 loss=0.1881 l2=0.2000 label_smoothing=0.000
D step=13/50 epoch=2/3 loss=0.1728 l2=0.2000 label_smoothing=0.000
D step=13/50 epoch=3/3 loss=0.1623 l2=0.2000 label_smoothing=0.000
D step=14/50 epoch=1/3 loss=0.1563 l2=0.2000 label_smoothing=0.000
D step=14/50 epoch=2/3 loss=0.1495 l2=0.2000 label_smoothing=0.000
D step=14/50 epoch=3/3 loss=0.1420 l2=0.2000 label_smoothing=0.000
D step=15/50 epoch=1/3 loss=0.1548 l2=0.2000 label_smoothing=0.000
D step=15/50 epoch=2/3 loss=0.1386 l2=0.2000 label_smoothing=0.000
D step=15/50 epoch=3/3 loss=0.1292 l2=0.2000 label_smoothing=0.000
D step=16/50 epoch=1/3 loss=0.1395 l2=0.2000 label_smoothing=0.000
D step=16/50 epoch=2/3 loss=0.1360 l2=0.2000 label_smoothing=0.000
D step=16/50 epoch=3/3 loss=0.1303 l2=0.2000 label_smoothing=0.000
D step=17/50 epoch=1/3 loss=0.1103 l2=0.2000 label_smoothing=0.000
D step=17/50 epoch=2/3 loss=0.1017 l2=0.2000 label_smoothing=0.000
D step=17/50 epoch=3/3 loss=0.1051 l2=0.2000 label_smoothing=0.000
D step=18/50 epoch=1/3 loss=0.1313 l2=0.2000 label_smoothing=0.000
D step=18/50 epoch=2/3 loss=0.1240 l2=0.2000 label_smoothing=0.000
D step=18/50 epoch=3/3 loss=0.1186 l2=0.2000 label_smoothing=0.000
D step=19/50 epoch=1/3 loss=0.1815 l2=0.2000 label_smoothing=0.000
D step=19/50 epoch=2/3 loss=0.1540 l2=0.2000 label_smoothing=0.000
D step=19/50 epoch=3/3 loss=0.1344 l2=0.2000 label_smoothing=0.000
D step=20/50 epoch=1/3 loss=0.1187 l2=0.2000 label_smoothing=0.000
D step=20/50 epoch=2/3 loss=0.1031 l2=0.2000 label_smoothing=0.000
D step=20/50 epoch=3/3 loss=0.1099 l2=0.2000 label_smoothing=0.000
D step=21/50 epoch=1/3 loss=0.1587 l2=0.2000 label_smoothing=0.000
D step=21/50 epoch=2/3 loss=0.1515 l2=0.2000 label_smoothing=0.000
D step=21/50 epoch=3/3 loss=0.1414 l2=0.2000 label_smoothing=0.000
D step=22/50 epoch=1/3 loss=0.1110 l2=0.2000 label_smoothing=0.000
D step=22/50 epoch=2/3 loss=0.1068 l2=0.2000 label_smoothing=0.000
D step=22/50 epoch=3/3 loss=0.1052 l2=0.2000 label_smoothing=0.000
D step=23/50 epoch=1/3 loss=0.1123 l2=0.2000 label_smoothing=0.000
D step=23/50 epoch=2/3 loss=0.1204 l2=0.2000 label_smoothing=0.000
D step=23/50 epoch=3/3 loss=0.1093 l2=0.2000 label_smoothing=0.000
D step=24/50 epoch=1/3 loss=0.1267 l2=0.2000 label_smoothing=0.000
D step=24/50 epoch=2/3 loss=0.1162 l2=0.2000 label_smoothing=0.000
D step=24/50 epoch=3/3 loss=0.1072 l2=0.2000 label_smoothing=0.000
D step=25/50 epoch=1/3 loss=0.1012 l2=0.2000 label_smoothing=0.000
D step=25/50 epoch=2/3 loss=0.0976 l2=0.2000 label_smoothing=0.000
D step=25/50 epoch=3/3 loss=0.0940 l2=0.2000 label_smoothing=0.000
D step=26/50 epoch=1/3 loss=0.1244 l2=0.2000 label_smoothing=0.000
D step=26/50 epoch=2/3 loss=0.1236 l2=0.2000 label_smoothing=0.000
D step=26/50 epoch=3/3 loss=0.1160 l2=0.2000 label_smoothing=0.000
D step=27/50 epoch=1/3 loss=0.1111 l2=0.2000 label_smoothing=0.000
D step=27/50 epoch=2/3 loss=0.1033 l2=0.2000 label_smoothing=0.000
D step=27/50 epoch=3/3 loss=0.1106 l2=0.2000 label_smoothing=0.000
D step=28/50 epoch=1/3 loss=0.0850 l2=0.2000 label_smoothing=0.000
D step=28/50 epoch=2/3 loss=0.0815 l2=0.2000 label_smoothing=0.000
D step=28/50 epoch=3/3 loss=0.0789 l2=0.2000 label_smoothing=0.000
D step=29/50 epoch=1/3 loss=0.0772 l2=0.2000 label_smoothing=0.000
D step=29/50 epoch=2/3 loss=0.0706 l2=0.2000 label_smoothing=0.000
D step=29/50 epoch=3/3 loss=0.0697 l2=0.2000 label_smoothing=0.000
D step=30/50 epoch=1/3 loss=0.1615 l2=0.2000 label_smoothing=0.000
D step=30/50 epoch=2/3 loss=0.1403 l2=0.2000 label_smoothing=0.000
D step=30/50 epoch=3/3 loss=0.1413 l2=0.2000 label_smoothing=0.000
D step=31/50 epoch=1/3 loss=0.1068 l2=0.2000 label_smoothing=0.000
D step=31/50 epoch=2/3 loss=0.1092 l2=0.2000 label_smoothing=0.000
D step=31/50 epoch=3/3 loss=0.0955 l2=0.2000 label_smoothing=0.000
D step=32/50 epoch=1/3 loss=0.1111 l2=0.2000 label_smoothing=0.000
D step=32/50 epoch=2/3 loss=0.0917 l2=0.2000 label_smoothing=0.000
D step=32/50 epoch=3/3 loss=0.0818 l2=0.2000 label_smoothing=0.000
D step=33/50 epoch=1/3 loss=0.1234 l2=0.2000 label_smoothing=0.000
D step=33/50 epoch=2/3 loss=0.1100 l2=0.2000 label_smoothing=0.000
D step=33/50 epoch=3/3 loss=0.1043 l2=0.2000 label_smoothing=0.000
D step=34/50 epoch=1/3 loss=0.1178 l2=0.2000 label_smoothing=0.000
D step=34/50 epoch=2/3 loss=0.1172 l2=0.2000 label_smoothing=0.000
D step=34/50 epoch=3/3 loss=0.1123 l2=0.2000 label_smoothing=0.000
D step=35/50 epoch=1/3 loss=0.1082 l2=0.2000 label_smoothing=0.000
D step=35/50 epoch=2/3 loss=0.1008 l2=0.2000 label_smoothing=0.000
D step=35/50 epoch=3/3 loss=0.0955 l2=0.2000 label_smoothing=0.000
D step=36/50 epoch=1/3 loss=0.0784 l2=0.2000 label_smoothing=0.000
D step=36/50 epoch=2/3 loss=0.0720 l2=0.2000 label_smoothing=0.000
D step=36/50 epoch=3/3 loss=0.0720 l2=0.2000 label_smoothing=0.000
D step=37/50 epoch=1/3 loss=0.1264 l2=0.2000 label_smoothing=0.000
D step=37/50 epoch=2/3 loss=0.0901 l2=0.2000 label_smoothing=0.000
D step=37/50 epoch=3/3 loss=0.0911 l2=0.2000 label_smoothing=0.000
D step=38/50 epoch=1/3 loss=0.0860 l2=0.2000 label_smoothing=0.000
D step=38/50 epoch=2/3 loss=0.0805 l2=0.2000 label_smoothing=0.000
D step=38/50 epoch=3/3 loss=0.0820 l2=0.2000 label_smoothing=0.000
D step=39/50 epoch=1/3 loss=0.1507 l2=0.2000 label_smoothing=0.000
D step=39/50 epoch=2/3 loss=0.1469 l2=0.2000 label_smoothing=0.000
D step=39/50 epoch=3/3 loss=0.1188 l2=0.2000 label_smoothing=0.000
D step=40/50 epoch=1/3 loss=0.0714 l2=0.2000 label_smoothing=0.000
D step=40/50 epoch=2/3 loss=0.0760 l2=0.2000 label_smoothing=0.000
D step=40/50 epoch=3/3 loss=0.0763 l2=0.2000 label_smoothing=0.000
D step=41/50 epoch=1/3 loss=0.1014 l2=0.2000 label_smoothing=0.000
D step=41/50 epoch=2/3 loss=0.0753 l2=0.2000 label_smoothing=0.000
D step=41/50 epoch=3/3 loss=0.0781 l2=0.2000 label_smoothing=0.000
D step=42/50 epoch=1/3 loss=0.1494 l2=0.2000 label_smoothing=0.000
D step=42/50 epoch=2/3 loss=0.1345 l2=0.2000 label_smoothing=0.000
D step=42/50 epoch=3/3 loss=0.1266 l2=0.2000 label_smoothing=0.000
D step=43/50 epoch=1/3 loss=0.0858 l2=0.2000 label_smoothing=0.000
D step=43/50 epoch=2/3 loss=0.0793 l2=0.2000 label_smoothing=0.000
D step=43/50 epoch=3/3 loss=0.0838 l2=0.2000 label_smoothing=0.000
D step=44/50 epoch=1/3 loss=0.0822 l2=0.2000 label_smoothing=0.000
D step=44/50 epoch=2/3 loss=0.0665 l2=0.2000 label_smoothing=0.000
D step=44/50 epoch=3/3 loss=0.0631 l2=0.2000 label_smoothing=0.000
D step=45/50 epoch=1/3 loss=0.0934 l2=0.2000 label_smoothing=0.000
D step=45/50 epoch=2/3 loss=0.0854 l2=0.2000 label_smoothing=0.000
D step=45/50 epoch=3/3 loss=0.0771 l2=0.2000 label_smoothing=0.000
D step=46/50 epoch=1/3 loss=0.0977 l2=0.2000 label_smoothing=0.000
D step=46/50 epoch=2/3 loss=0.0963 l2=0.2000 label_smoothing=0.000
D step=46/50 epoch=3/3 loss=0.0938 l2=0.2000 label_smoothing=0.000
D step=47/50 epoch=1/3 loss=0.0665 l2=0.2000 label_smoothing=0.000
D step=47/50 epoch=2/3 loss=0.0574 l2=0.2000 label_smoothing=0.000
D step=47/50 epoch=3/3 loss=0.0572 l2=0.2000 label_smoothing=0.000
D step=48/50 epoch=1/3 loss=0.1620 l2=0.2000 label_smoothing=0.000
D step=48/50 epoch=2/3 loss=0.0966 l2=0.2000 label_smoothing=0.000
D step=48/50 epoch=3/3 loss=0.1071 l2=0.2000 label_smoothing=0.000
D step=49/50 epoch=1/3 loss=0.0774 l2=0.2000 label_smoothing=0.000
D step=49/50 epoch=2/3 loss=0.0732 l2=0.2000 label_smoothing=0.000
D step=49/50 epoch=3/3 loss=0.0811 l2=0.2000 label_smoothing=0.000
D step=50/50 epoch=1/3 loss=0.0848 l2=0.2000 label_smoothing=0.000
D step=50/50 epoch=2/3 loss=0.0730 l2=0.2000 label_smoothing=0.000
D step=50/50 epoch=3/3 loss=0.0688 l2=0.2000 label_smoothing=0.000

[3/3] adversarial
generator_reward_mode=off reward_alpha=1.000 d_steps=5 d_epochs=3
D step=1/5 epoch=1/3 loss=0.0835 l2=0.2000 label_smoothing=0.000
D step=1/5 epoch=2/3 loss=0.0560 l2=0.2000 label_smoothing=0.000
D step=1/5 epoch=3/3 loss=0.0547 l2=0.2000 label_smoothing=0.000
D step=2/5 epoch=1/3 loss=0.0571 l2=0.2000 label_smoothing=0.000
D step=2/5 epoch=2/3 loss=0.0514 l2=0.2000 label_smoothing=0.000
D step=2/5 epoch=3/3 loss=0.0506 l2=0.2000 label_smoothing=0.000
D step=3/5 epoch=1/3 loss=0.0654 l2=0.2000 label_smoothing=0.000
D step=3/5 epoch=2/3 loss=0.0504 l2=0.2000 label_smoothing=0.000
D step=3/5 epoch=3/3 loss=0.0530 l2=0.2000 label_smoothing=0.000
D step=4/5 epoch=1/3 loss=0.0530 l2=0.2000 label_smoothing=0.000
D step=4/5 epoch=2/3 loss=0.0477 l2=0.2000 label_smoothing=0.000
D step=4/5 epoch=3/3 loss=0.0461 l2=0.2000 label_smoothing=0.000
D step=5/5 epoch=1/3 loss=0.0443 l2=0.2000 label_smoothing=0.000
D step=5/5 epoch=2/3 loss=0.0439 l2=0.2000 label_smoothing=0.000
D step=5/5 epoch=3/3 loss=0.0435 l2=0.2000 label_smoothing=0.000
ADV epoch=1/200 g_loss=0.0056 d_loss=0.0534 reward=0.0084 reward_var=0.0009 unique=0.9600
D step=1/5 epoch=1/3 loss=0.0589 l2=0.2000 label_smoothing=0.000
D step=1/5 epoch=2/3 loss=0.0509 l2=0.2000 label_smoothing=0.000
D step=1/5 epoch=3/3 loss=0.0435 l2=0.2000 label_smoothing=0.000
D step=2/5 epoch=1/3 loss=0.0424 l2=0.2000 label_smoothing=0.000
D step=2/5 epoch=2/3 loss=0.0442 l2=0.2000 label_smoothing=0.000
D step=2/5 epoch=3/3 loss=0.0422 l2=0.2000 label_smoothing=0.000
D step=3/5 epoch=1/3 loss=0.0673 l2=0.2000 label_smoothing=0.000
D step=3/5 epoch=2/3 loss=0.0639 l2=0.2000 label_smoothing=0.000
D step=3/5 epoch=3/3 loss=0.0567 l2=0.2000 label_smoothing=0.000
D step=4/5 epoch=1/3 loss=0.0403 l2=0.2000 label_smoothing=0.000
D step=4/5 epoch=2/3 loss=0.0379 l2=0.2000 label_smoothing=0.000
D step=4/5 epoch=3/3 loss=0.0383 l2=0.2000 label_smoothing=0.000
D step=5/5 epoch=1/3 loss=0.0457 l2=0.2000 label_smoothing=0.000
D step=5/5 epoch=2/3 loss=0.0407 l2=0.2000 label_smoothing=0.000
D step=5/5 epoch=3/3 loss=0.0368 l2=0.2000 label_smoothing=0.000
ADV epoch=2/200 g_loss=0.0254 d_loss=0.0473 reward=0.0423 reward_var=0.0046 unique=1.0000
D step=1/5 epoch=1/3 loss=0.1874 l2=0.2000 label_smoothing=0.000
D step=1/5 epoch=2/3 loss=0.1086 l2=0.2000 label_smoothing=0.000
D step=1/5 epoch=3/3 loss=0.0885 l2=0.2000 label_smoothing=0.000
D step=2/5 epoch=1/3 loss=0.0449 l2=0.2000 label_smoothing=0.000
D step=2/5 epoch=2/3 loss=0.0472 l2=0.2000 label_smoothing=0.000
D step=2/5 epoch=3/3 loss=0.0495 l2=0.2000 label_smoothing=0.000
D step=3/5 epoch=1/3 loss=0.0663 l2=0.2000 label_smoothing=0.000
D step=3/5 epoch=2/3 loss=0.0565 l2=0.2000 label_smoothing=0.000
D step=3/5 epoch=3/3 loss=0.0530 l2=0.2000 label_smoothing=0.000
D step=4/5 epoch=1/3 loss=0.0677 l2=0.2000 label_smoothing=0.000
D step=4/5 epoch=2/3 loss=0.0637 l2=0.2000 label_smoothing=0.000
D step=4/5 epoch=3/3 loss=0.0610 l2=0.2000 label_smoothing=0.000
D step=5/5 epoch=1/3 loss=0.0717 l2=0.2000 label_smoothing=0.000
D step=5/5 epoch=2/3 loss=0.0679 l2=0.2000 label_smoothing=0.000
D step=5/5 epoch=3/3 loss=0.0704 l2=0.2000 label_smoothing=0.000
ADV epoch=3/200 g_loss=0.0074 d_loss=0.0736 reward=0.0191 reward_var=0.0021 unique=0.9200
saved 2000 raw samples to /content/drive/MyDrive/GAN_for_SQLi - 2/result/final/seqgan_master/error/D/R200/generated_payloads.csv
