
[1/3] pretrain G
G epoch=1/15 loss=4.5770
G epoch=2/15 loss=3.8659
G epoch=3/15 loss=2.9321
G epoch=4/15 loss=2.4298
G epoch=5/15 loss=2.1978
G epoch=6/15 loss=2.0526
G epoch=7/15 loss=1.8566
G epoch=8/15 loss=1.7474
G epoch=9/15 loss=1.6211
G epoch=10/15 loss=1.4950
G epoch=11/15 loss=1.3597
G epoch=12/15 loss=1.3177
G epoch=13/15 loss=1.2242
G epoch=14/15 loss=1.1476
G epoch=15/15 loss=1.0995

[2/3] pretrain D
D step=1/8 epoch=1/2 loss=0.6683 l2=0.2000 label_smoothing=0.000
D step=1/8 epoch=2/2 loss=0.5165 l2=0.2000 label_smoothing=0.000
D step=2/8 epoch=1/2 loss=0.4061 l2=0.2000 label_smoothing=0.000
D step=2/8 epoch=2/2 loss=0.3495 l2=0.2000 label_smoothing=0.000
D step=3/8 epoch=1/2 loss=0.3000 l2=0.2000 label_smoothing=0.000
D step=3/8 epoch=2/2 loss=0.2541 l2=0.2000 label_smoothing=0.000
D step=4/8 epoch=1/2 loss=0.2548 l2=0.2000 label_smoothing=0.000
D step=4/8 epoch=2/2 loss=0.2145 l2=0.2000 label_smoothing=0.000
D step=5/8 epoch=1/2 loss=0.2187 l2=0.2000 label_smoothing=0.000
D step=5/8 epoch=2/2 loss=0.1987 l2=0.2000 label_smoothing=0.000
D step=6/8 epoch=1/2 loss=0.2060 l2=0.2000 label_smoothing=0.000
D step=6/8 epoch=2/2 loss=0.1804 l2=0.2000 label_smoothing=0.000
D step=7/8 epoch=1/2 loss=0.1572 l2=0.2000 label_smoothing=0.000
D step=7/8 epoch=2/2 loss=0.1367 l2=0.2000 label_smoothing=0.000
D step=8/8 epoch=1/2 loss=0.1498 l2=0.2000 label_smoothing=0.000
D step=8/8 epoch=2/2 loss=0.1356 l2=0.2000 label_smoothing=0.000

[3/3] adversarial
generator_reward_mode=off reward_alpha=1.000 d_steps=3 d_epochs=1
D step=1/3 epoch=1/1 loss=0.1718 l2=0.2000 label_smoothing=0.000
D step=2/3 epoch=1/1 loss=0.1324 l2=0.2000 label_smoothing=0.000
D step=3/3 epoch=1/1 loss=0.1172 l2=0.2000 label_smoothing=0.000
ADV epoch=1/6 g_loss=0.0462 d_loss=0.1405 reward=0.0388 reward_var=0.0112 unique=1.0000
D step=1/3 epoch=1/1 loss=0.1560 l2=0.2000 label_smoothing=0.000
D step=2/3 epoch=1/1 loss=0.1241 l2=0.2000 label_smoothing=0.000
D step=3/3 epoch=1/1 loss=0.1141 l2=0.2000 label_smoothing=0.000
ADV epoch=2/6 g_loss=0.0483 d_loss=0.1314 reward=0.0415 reward_var=0.0101 unique=1.0000
D step=1/3 epoch=1/1 loss=0.1089 l2=0.2000 label_smoothing=0.000
D step=2/3 epoch=1/1 loss=0.0965 l2=0.2000 label_smoothing=0.000
D step=3/3 epoch=1/1 loss=0.1007 l2=0.2000 label_smoothing=0.000
ADV epoch=3/6 g_loss=0.0424 d_loss=0.1020 reward=0.0432 reward_var=0.0127 unique=1.0000
saved 200 raw samples to /content/drive/MyDrive/GAN/GAN_SQLi_Colab/results_seqgan_only_mini/phase2a/seqgan_master/boolean/A/R50/generated_payloads.csv
