
[1/3] pretrain G
G epoch=1/80 loss=5.3704
G epoch=2/80 loss=5.2510
G epoch=3/80 loss=5.1070
G epoch=4/80 loss=4.9322
G epoch=5/80 loss=4.6930
G epoch=6/80 loss=4.4182
G epoch=7/80 loss=4.0897
G epoch=8/80 loss=3.7598
G epoch=9/80 loss=3.4564
G epoch=10/80 loss=3.3591
G epoch=11/80 loss=3.2100
G epoch=12/80 loss=3.0508
G epoch=13/80 loss=3.0419
G epoch=14/80 loss=2.9512
G epoch=15/80 loss=2.8777
G epoch=16/80 loss=2.7744
G epoch=17/80 loss=2.7726
G epoch=18/80 loss=2.7387
G epoch=19/80 loss=2.6647
G epoch=20/80 loss=2.6440
G epoch=21/80 loss=2.5502
G epoch=22/80 loss=2.4475
G epoch=23/80 loss=2.3960
G epoch=24/80 loss=2.3494
G epoch=25/80 loss=2.2719
G epoch=26/80 loss=2.2197
G epoch=27/80 loss=2.1882
G epoch=28/80 loss=2.1464
G epoch=29/80 loss=2.0227
G epoch=30/80 loss=1.9848
G epoch=31/80 loss=1.9084
G epoch=32/80 loss=1.8705
G epoch=33/80 loss=1.8287
G epoch=34/80 loss=1.7698
G epoch=35/80 loss=1.7635
G epoch=36/80 loss=1.6910
G epoch=37/80 loss=1.6426
G epoch=38/80 loss=1.5432
G epoch=39/80 loss=1.5637
G epoch=40/80 loss=1.5330
G epoch=41/80 loss=1.4722
G epoch=42/80 loss=1.4350
G epoch=43/80 loss=1.3661
G epoch=44/80 loss=1.3176
G epoch=45/80 loss=1.3240
G epoch=46/80 loss=1.3011
G epoch=47/80 loss=1.2785
G epoch=48/80 loss=1.2184
G epoch=49/80 loss=1.1967
G epoch=50/80 loss=1.1811
G epoch=51/80 loss=1.1487
G epoch=52/80 loss=1.1354
G epoch=53/80 loss=1.1107
G epoch=54/80 loss=1.0926
G epoch=55/80 loss=1.0543
G epoch=56/80 loss=1.0367
G epoch=57/80 loss=1.0197
G epoch=58/80 loss=0.9872
G epoch=59/80 loss=0.9840
G epoch=60/80 loss=0.9802
G epoch=61/80 loss=0.9483
G epoch=62/80 loss=0.9420
G epoch=63/80 loss=0.9173
G epoch=64/80 loss=0.9048
G epoch=65/80 loss=0.8986
G epoch=66/80 loss=0.8724
G epoch=67/80 loss=0.8587
G epoch=68/80 loss=0.8534
G epoch=69/80 loss=0.8549
G epoch=70/80 loss=0.8227
G epoch=71/80 loss=0.8231
G epoch=72/80 loss=0.8117
G epoch=73/80 loss=0.7919
G epoch=74/80 loss=0.7892
G epoch=75/80 loss=0.7890
G epoch=76/80 loss=0.7731
G epoch=77/80 loss=0.7569
G epoch=78/80 loss=0.7616
G epoch=79/80 loss=0.7509
G epoch=80/80 loss=0.7395

[2/3] pretrain D
D step=1/30 epoch=1/3 loss=0.8440 l2=0.2000 label_smoothing=0.050
D step=1/30 epoch=2/3 loss=0.7528 l2=0.2000 label_smoothing=0.050
D step=1/30 epoch=3/3 loss=0.7514 l2=0.2000 label_smoothing=0.050
D step=2/30 epoch=1/3 loss=0.7139 l2=0.2000 label_smoothing=0.050
D step=2/30 epoch=2/3 loss=0.7091 l2=0.2000 label_smoothing=0.050
D step=2/30 epoch=3/3 loss=0.6745 l2=0.2000 label_smoothing=0.050
D step=3/30 epoch=1/3 loss=0.6721 l2=0.2000 label_smoothing=0.050
D step=3/30 epoch=2/3 loss=0.6225 l2=0.2000 label_smoothing=0.050
D step=3/30 epoch=3/3 loss=0.6260 l2=0.2000 label_smoothing=0.050
D step=4/30 epoch=1/3 loss=0.5970 l2=0.2000 label_smoothing=0.050
D step=4/30 epoch=2/3 loss=0.5782 l2=0.2000 label_smoothing=0.050
D step=4/30 epoch=3/3 loss=0.5494 l2=0.2000 label_smoothing=0.050
D step=5/30 epoch=1/3 loss=0.5709 l2=0.2000 label_smoothing=0.050
D step=5/30 epoch=2/3 loss=0.5387 l2=0.2000 label_smoothing=0.050
D step=5/30 epoch=3/3 loss=0.5116 l2=0.2000 label_smoothing=0.050
D step=6/30 epoch=1/3 loss=0.4728 l2=0.2000 label_smoothing=0.050
D step=6/30 epoch=2/3 loss=0.4700 l2=0.2000 label_smoothing=0.050
D step=6/30 epoch=3/3 loss=0.4439 l2=0.2000 label_smoothing=0.050
D step=7/30 epoch=1/3 loss=0.4425 l2=0.2000 label_smoothing=0.050
D step=7/30 epoch=2/3 loss=0.4364 l2=0.2000 label_smoothing=0.050
D step=7/30 epoch=3/3 loss=0.4063 l2=0.2000 label_smoothing=0.050
D step=8/30 epoch=1/3 loss=0.3666 l2=0.2000 label_smoothing=0.050
D step=8/30 epoch=2/3 loss=0.3575 l2=0.2000 label_smoothing=0.050
D step=8/30 epoch=3/3 loss=0.3481 l2=0.2000 label_smoothing=0.050
D step=9/30 epoch=1/3 loss=0.3650 l2=0.2000 label_smoothing=0.050
D step=9/30 epoch=2/3 loss=0.3567 l2=0.2000 label_smoothing=0.050
D step=9/30 epoch=3/3 loss=0.3476 l2=0.2000 label_smoothing=0.050
D step=10/30 epoch=1/3 loss=0.3023 l2=0.2000 label_smoothing=0.050
D step=10/30 epoch=2/3 loss=0.2988 l2=0.2000 label_smoothing=0.050
D step=10/30 epoch=3/3 loss=0.2953 l2=0.2000 label_smoothing=0.050
D step=11/30 epoch=1/3 loss=0.3180 l2=0.2000 label_smoothing=0.050
D step=11/30 epoch=2/3 loss=0.3085 l2=0.2000 label_smoothing=0.050
D step=11/30 epoch=3/3 loss=0.2913 l2=0.2000 label_smoothing=0.050
D step=12/30 epoch=1/3 loss=0.2848 l2=0.2000 label_smoothing=0.050
D step=12/30 epoch=2/3 loss=0.2783 l2=0.2000 label_smoothing=0.050
D step=12/30 epoch=3/3 loss=0.2677 l2=0.2000 label_smoothing=0.050
D step=13/30 epoch=1/3 loss=0.2482 l2=0.2000 label_smoothing=0.050
D step=13/30 epoch=2/3 loss=0.2409 l2=0.2000 label_smoothing=0.050
D step=13/30 epoch=3/3 loss=0.2360 l2=0.2000 label_smoothing=0.050
D step=14/30 epoch=1/3 loss=0.2364 l2=0.2000 label_smoothing=0.050
D step=14/30 epoch=2/3 loss=0.2330 l2=0.2000 label_smoothing=0.050
D step=14/30 epoch=3/3 loss=0.2305 l2=0.2000 label_smoothing=0.050
D step=15/30 epoch=1/3 loss=0.2229 l2=0.2000 label_smoothing=0.050
D step=15/30 epoch=2/3 loss=0.2205 l2=0.2000 label_smoothing=0.050
D step=15/30 epoch=3/3 loss=0.2192 l2=0.2000 label_smoothing=0.050
D step=16/30 epoch=1/3 loss=0.2160 l2=0.2000 label_smoothing=0.050
D step=16/30 epoch=2/3 loss=0.2129 l2=0.2000 label_smoothing=0.050
D step=16/30 epoch=3/3 loss=0.2057 l2=0.2000 label_smoothing=0.050
D step=17/30 epoch=1/3 loss=0.2155 l2=0.2000 label_smoothing=0.050
D step=17/30 epoch=2/3 loss=0.2161 l2=0.2000 label_smoothing=0.050
D step=17/30 epoch=3/3 loss=0.2188 l2=0.2000 label_smoothing=0.050
D step=18/30 epoch=1/3 loss=0.2370 l2=0.2000 label_smoothing=0.050
D step=18/30 epoch=2/3 loss=0.2307 l2=0.2000 label_smoothing=0.050
D step=18/30 epoch=3/3 loss=0.2307 l2=0.2000 label_smoothing=0.050
D step=19/30 epoch=1/3 loss=0.2444 l2=0.2000 label_smoothing=0.050
D step=19/30 epoch=2/3 loss=0.2463 l2=0.2000 label_smoothing=0.050
D step=19/30 epoch=3/3 loss=0.2380 l2=0.2000 label_smoothing=0.050
D step=20/30 epoch=1/3 loss=0.2268 l2=0.2000 label_smoothing=0.050
D step=20/30 epoch=2/3 loss=0.2288 l2=0.2000 label_smoothing=0.050
D step=20/30 epoch=3/3 loss=0.2209 l2=0.2000 label_smoothing=0.050
D step=21/30 epoch=1/3 loss=0.2183 l2=0.2000 label_smoothing=0.050
D step=21/30 epoch=2/3 loss=0.2163 l2=0.2000 label_smoothing=0.050
D step=21/30 epoch=3/3 loss=0.2153 l2=0.2000 label_smoothing=0.050
D step=22/30 epoch=1/3 loss=0.2013 l2=0.2000 label_smoothing=0.050
D step=22/30 epoch=2/3 loss=0.1974 l2=0.2000 label_smoothing=0.050
D step=22/30 epoch=3/3 loss=0.1973 l2=0.2000 label_smoothing=0.050
D step=23/30 epoch=1/3 loss=0.1993 l2=0.2000 label_smoothing=0.050
D step=23/30 epoch=2/3 loss=0.2008 l2=0.2000 label_smoothing=0.050
D step=23/30 epoch=3/3 loss=0.1990 l2=0.2000 label_smoothing=0.050
D step=24/30 epoch=1/3 loss=0.2235 l2=0.2000 label_smoothing=0.050
D step=24/30 epoch=2/3 loss=0.2203 l2=0.2000 label_smoothing=0.050
D step=24/30 epoch=3/3 loss=0.2127 l2=0.2000 label_smoothing=0.050
D step=25/30 epoch=1/3 loss=0.2093 l2=0.2000 label_smoothing=0.050
D step=25/30 epoch=2/3 loss=0.2114 l2=0.2000 label_smoothing=0.050
D step=25/30 epoch=3/3 loss=0.2086 l2=0.2000 label_smoothing=0.050
D step=26/30 epoch=1/3 loss=0.2270 l2=0.2000 label_smoothing=0.050
D step=26/30 epoch=2/3 loss=0.2161 l2=0.2000 label_smoothing=0.050
D step=26/30 epoch=3/3 loss=0.2152 l2=0.2000 label_smoothing=0.050
D step=27/30 epoch=1/3 loss=0.1966 l2=0.2000 label_smoothing=0.050
D step=27/30 epoch=2/3 loss=0.1944 l2=0.2000 label_smoothing=0.050
D step=27/30 epoch=3/3 loss=0.1934 l2=0.2000 label_smoothing=0.050
D step=28/30 epoch=1/3 loss=0.1932 l2=0.2000 label_smoothing=0.050
D step=28/30 epoch=2/3 loss=0.1928 l2=0.2000 label_smoothing=0.050
D step=28/30 epoch=3/3 loss=0.1915 l2=0.2000 label_smoothing=0.050
D step=29/30 epoch=1/3 loss=0.2094 l2=0.2000 label_smoothing=0.050
D step=29/30 epoch=2/3 loss=0.2085 l2=0.2000 label_smoothing=0.050
D step=29/30 epoch=3/3 loss=0.2085 l2=0.2000 label_smoothing=0.050
D step=30/30 epoch=1/3 loss=0.2056 l2=0.2000 label_smoothing=0.050
D step=30/30 epoch=2/3 loss=0.2043 l2=0.2000 label_smoothing=0.050
D step=30/30 epoch=3/3 loss=0.2014 l2=0.2000 label_smoothing=0.050

[3/3] adversarial
generator_reward_mode=off reward_alpha=1.000 d_steps=5 d_epochs=3
D step=1/5 epoch=1/3 loss=0.2170 l2=0.2000 label_smoothing=0.050
D step=1/5 epoch=2/3 loss=0.2100 l2=0.2000 label_smoothing=0.050
D step=1/5 epoch=3/3 loss=0.2106 l2=0.2000 label_smoothing=0.050
D step=2/5 epoch=1/3 loss=0.1988 l2=0.2000 label_smoothing=0.050
D step=2/5 epoch=2/3 loss=0.1936 l2=0.2000 label_smoothing=0.050
D step=2/5 epoch=3/3 loss=0.1895 l2=0.2000 label_smoothing=0.050
D step=3/5 epoch=1/3 loss=0.1977 l2=0.2000 label_smoothing=0.050
D step=3/5 epoch=2/3 loss=0.1926 l2=0.2000 label_smoothing=0.050
D step=3/5 epoch=3/3 loss=0.1879 l2=0.2000 label_smoothing=0.050
D step=4/5 epoch=1/3 loss=0.2176 l2=0.2000 label_smoothing=0.050
D step=4/5 epoch=2/3 loss=0.2124 l2=0.2000 label_smoothing=0.050
D step=4/5 epoch=3/3 loss=0.2048 l2=0.2000 label_smoothing=0.050
D step=5/5 epoch=1/3 loss=0.1949 l2=0.2000 label_smoothing=0.050
D step=5/5 epoch=2/3 loss=0.1847 l2=0.2000 label_smoothing=0.050
D step=5/5 epoch=3/3 loss=0.1816 l2=0.2000 label_smoothing=0.050
ADV epoch=1/60 g_loss=0.0375 d_loss=0.1996 reward=0.0286 reward_var=0.0014 unique=1.0000
D step=1/5 epoch=1/3 loss=0.2072 l2=0.2000 label_smoothing=0.050
D step=1/5 epoch=2/3 loss=0.1991 l2=0.2000 label_smoothing=0.050
D step=1/5 epoch=3/3 loss=0.1937 l2=0.2000 label_smoothing=0.050
D step=2/5 epoch=1/3 loss=0.2158 l2=0.2000 label_smoothing=0.050
D step=2/5 epoch=2/3 loss=0.2069 l2=0.2000 label_smoothing=0.050
D step=2/5 epoch=3/3 loss=0.2057 l2=0.2000 label_smoothing=0.050
D step=3/5 epoch=1/3 loss=0.1793 l2=0.2000 label_smoothing=0.050
D step=3/5 epoch=2/3 loss=0.1801 l2=0.2000 label_smoothing=0.050
D step=3/5 epoch=3/3 loss=0.1797 l2=0.2000 label_smoothing=0.050
D step=4/5 epoch=1/3 loss=0.1821 l2=0.2000 label_smoothing=0.050
D step=4/5 epoch=2/3 loss=0.1813 l2=0.2000 label_smoothing=0.050
D step=4/5 epoch=3/3 loss=0.1783 l2=0.2000 label_smoothing=0.050
D step=5/5 epoch=1/3 loss=0.1955 l2=0.2000 label_smoothing=0.050
D step=5/5 epoch=2/3 loss=0.1884 l2=0.2000 label_smoothing=0.050
D step=5/5 epoch=3/3 loss=0.1866 l2=0.2000 label_smoothing=0.050
ADV epoch=2/60 g_loss=0.0664 d_loss=0.1920 reward=0.0669 reward_var=0.0085 unique=1.0000
D step=1/5 epoch=1/3 loss=0.1788 l2=0.2000 label_smoothing=0.050
D step=1/5 epoch=2/3 loss=0.1796 l2=0.2000 label_smoothing=0.050
D step=1/5 epoch=3/3 loss=0.1754 l2=0.2000 label_smoothing=0.050
D step=2/5 epoch=1/3 loss=0.1752 l2=0.2000 label_smoothing=0.050
D step=2/5 epoch=2/3 loss=0.1766 l2=0.2000 label_smoothing=0.050
D step=2/5 epoch=3/3 loss=0.1745 l2=0.2000 label_smoothing=0.050
D step=3/5 epoch=1/3 loss=0.1749 l2=0.2000 label_smoothing=0.050
D step=3/5 epoch=2/3 loss=0.1742 l2=0.2000 label_smoothing=0.050
D step=3/5 epoch=3/3 loss=0.1731 l2=0.2000 label_smoothing=0.050
D step=4/5 epoch=1/3 loss=0.1800 l2=0.2000 label_smoothing=0.050
D step=4/5 epoch=2/3 loss=0.1802 l2=0.2000 label_smoothing=0.050
D step=4/5 epoch=3/3 loss=0.1740 l2=0.2000 label_smoothing=0.050
D step=5/5 epoch=1/3 loss=0.1717 l2=0.2000 label_smoothing=0.050
D step=5/5 epoch=2/3 loss=0.1731 l2=0.2000 label_smoothing=0.050
D step=5/5 epoch=3/3 loss=0.1714 l2=0.2000 label_smoothing=0.050
ADV epoch=3/60 g_loss=0.0367 d_loss=0.1755 reward=0.0296 reward_var=0.0015 unique=1.0000
D step=1/5 epoch=1/3 loss=0.1691 l2=0.2000 label_smoothing=0.050
D step=1/5 epoch=2/3 loss=0.1658 l2=0.2000 label_smoothing=0.050
D step=1/5 epoch=3/3 loss=0.1647 l2=0.2000 label_smoothing=0.050
D step=2/5 epoch=1/3 loss=0.1871 l2=0.2000 label_smoothing=0.050
D step=2/5 epoch=2/3 loss=0.1864 l2=0.2000 label_smoothing=0.050
D step=2/5 epoch=3/3 loss=0.1788 l2=0.2000 label_smoothing=0.050
D step=3/5 epoch=1/3 loss=0.1708 l2=0.2000 label_smoothing=0.050
D step=3/5 epoch=2/3 loss=0.1689 l2=0.2000 label_smoothing=0.050
D step=3/5 epoch=3/3 loss=0.1694 l2=0.2000 label_smoothing=0.050
D step=4/5 epoch=1/3 loss=0.1695 l2=0.2000 label_smoothing=0.050
D step=4/5 epoch=2/3 loss=0.1685 l2=0.2000 label_smoothing=0.050
D step=4/5 epoch=3/3 loss=0.1694 l2=0.2000 label_smoothing=0.050
D step=5/5 epoch=1/3 loss=0.1643 l2=0.2000 label_smoothing=0.050
D step=5/5 epoch=2/3 loss=0.1638 l2=0.2000 label_smoothing=0.050
D step=5/5 epoch=3/3 loss=0.1638 l2=0.2000 label_smoothing=0.050
ADV epoch=4/60 g_loss=0.0547 d_loss=0.1707 reward=0.0470 reward_var=0.0037 unique=1.0000
D step=1/5 epoch=1/3 loss=0.1642 l2=0.2000 label_smoothing=0.050
D step=1/5 epoch=2/3 loss=0.1612 l2=0.2000 label_smoothing=0.050
D step=1/5 epoch=3/3 loss=0.1602 l2=0.2000 label_smoothing=0.050
D step=2/5 epoch=1/3 loss=0.1700 l2=0.2000 label_smoothing=0.050
D step=2/5 epoch=2/3 loss=0.1691 l2=0.2000 label_smoothing=0.050
D step=2/5 epoch=3/3 loss=0.1683 l2=0.2000 label_smoothing=0.050
D step=3/5 epoch=1/3 loss=0.1673 l2=0.2000 label_smoothing=0.050
D step=3/5 epoch=2/3 loss=0.1674 l2=0.2000 label_smoothing=0.050
D step=3/5 epoch=3/3 loss=0.1657 l2=0.2000 label_smoothing=0.050
D step=4/5 epoch=1/3 loss=0.1747 l2=0.2000 label_smoothing=0.050
D step=4/5 epoch=2/3 loss=0.1723 l2=0.2000 label_smoothing=0.050
D step=4/5 epoch=3/3 loss=0.1690 l2=0.2000 label_smoothing=0.050
D step=5/5 epoch=1/3 loss=0.1616 l2=0.2000 label_smoothing=0.050
D step=5/5 epoch=2/3 loss=0.1574 l2=0.2000 label_smoothing=0.050
D step=5/5 epoch=3/3 loss=0.1561 l2=0.2000 label_smoothing=0.050
ADV epoch=5/60 g_loss=0.0384 d_loss=0.1656 reward=0.0363 reward_var=0.0016 unique=1.0000
saved 500 raw samples to /content/drive/MyDrive/GAN/GAN_SQLi_Colab/results_seqgan_phase2b_phase3/phase3/seqgan_improved/error/B/R200/V3/generated_payloads.csv
