{
  "metric_schema_version": "quality-metrics-v3",
  "normalization_version": "nfkc_html_percent1_casefold_ws_quotes_v1",
  "seed": 88,
  "method": "seqgan_master",
  "family": "all",
  "scenario": "raw",
  "ratio": "full",
  "generation_kind": "direct",
  "schema_valid": true,
  "stop_reason": "n/a",
  "n_generated": 500,
  "unique_rate": 0.364,
  "normalized_unique_rate": 0.36,
  "duplicate_rate": 0.636,
  "model_collapse_rate": 0.636,
  "dominant_payload_share": 0.134,
  "normalized_dominant_payload_share": 0.154,
  "sql_parse_rate": 1.0,
  "sql_structure_rate": 0.558,
  "family_motif_coverage": 0.3333333333333333,
  "family_motif_hit_rate": 0.234,
  "garbage_rate": 0.44199999999999995,
  "wellformed_rate": 1.0,
  "shaped_rate": 0.558,
  "family_motif_coverage_by_family": {
    "boolean": 0.5,
    "union": 0.5,
    "time": 0.4,
    "error": 0.125
  },
  "family_motif_hit_rate_by_family": {
    "boolean": 0.054,
    "union": 0.164,
    "time": 0.014,
    "error": 0.002
  },
  "inferred_family_distribution": {
    "boolean": 0.054,
    "union": 0.164,
    "time": 0.014,
    "error": 0.002,
    "other": 0.766
  },
  "train_reference_count": 9049,
  "holdout_reference_count": 2260,
  "exact_input_overlap": 0.068,
  "normalized_input_overlap": 0.194,
  "holdout_overlap": 0.0,
  "normalized_holdout_overlap": 0.028,
  "nearest_input_similarity_mean": 0.554849259646109,
  "nearest_input_similarity_median": 0.4444444444444444,
  "nearest_input_similarity_p90": 1.0,
  "nearest_char3_jaccard_mean": 0.554849259646109,
  "nearest_char3_jaccard_median": 0.4444444444444444,
  "nearest_char3_jaccard_p90": 1.0,
  "nearest_token_jaccard_mean": 0.5725609328579917,
  "nearest_token_jaccard_median": 0.5,
  "nearest_token_jaccard_p90": 1.0,
  "nearest_edit_similarity_mean": 0.564385837994994,
  "nearest_edit_similarity_median": 0.5,
  "nearest_edit_similarity_p90": 1.0,
  "nearest_feature_cosine_mean": 0.8902126048220887,
  "nearest_feature_cosine_median": 0.9213016625142351,
  "nearest_feature_cosine_p90": 0.9999999999999998,
  "nearest_input_distance_mean": 0.445150740353891,
  "nearest_input_distance_median": 0.5555555555555556,
  "nearest_input_distance_p90": 0.7058823529411764,
  "mean_nearest_similarity": 0.554849259646109,
  "median_nearest_similarity": 0.4444444444444444,
  "p90_nearest_similarity": 1.0,
  "unique_nearest_payload_rate": 0.16,
  "dominant_retrieved_payload_share": 0.16,
  "nearest_reference_count": 9049,
  "distinct_1": 0.06907308377896614,
  "distinct_2": 0.1381880733944954,
  "distinct_3": 0.1937299035369775,
  "lexical_diversity": 0.06907308377896614,
  "character_diversity": 0.7482271403436146,
  "token_diversity": 0.5646816737207444,
  "keyword_diversity": 0.7667659443973663,
  "operator_diversity": 0.6891301583693918,
  "function_diversity": 0.7428712959270272,
  "comment_style_diversity": 0.3333333333333333,
  "length_zone_diversity": 0.2,
  "self_bleu": 0.9627045480467438,
  "self_bleu_char": 0.9627045480467438,
  "requested_count": 500,
  "generated_count_fraction": 1.0
}
