{
  "metric_schema_version": "quality-metrics-v3",
  "normalization_version": "nfkc_html_percent1_casefold_ws_quotes_v1",
  "seed": 88,
  "method": "seqgan_improved",
  "family": "boolean",
  "scenario": "E",
  "ratio": "200",
  "generation_kind": "direct",
  "schema_valid": true,
  "stop_reason": "n/a",
  "n_generated": 1999,
  "unique_rate": 0.8039019509754878,
  "normalized_unique_rate": 0.8024012006003002,
  "duplicate_rate": 0.19609804902451222,
  "model_collapse_rate": 0.19609804902451222,
  "dominant_payload_share": 0.027013506753376687,
  "normalized_dominant_payload_share": 0.027013506753376687,
  "sql_parse_rate": 1.0,
  "sql_structure_rate": 0.7403701850925463,
  "family_motif_coverage": 1.0,
  "family_motif_hit_rate": 0.6323161580790395,
  "garbage_rate": 0.25962981490745374,
  "wellformed_rate": 1.0,
  "shaped_rate": 0.7403701850925463,
  "family_motif_coverage_by_family": {
    "boolean": 1.0
  },
  "family_motif_hit_rate_by_family": {
    "boolean": 0.6323161580790395
  },
  "inferred_family_distribution": {
    "boolean": 0.43571785892946474,
    "union": 0.2051025512756378,
    "time": 0.0,
    "error": 0.0,
    "other": 0.35917958979489745
  },
  "train_reference_count": 78,
  "holdout_reference_count": 917,
  "exact_input_overlap": 0.03751875937968985,
  "normalized_input_overlap": 0.03751875937968985,
  "holdout_overlap": 0.0,
  "normalized_holdout_overlap": 0.0,
  "nearest_input_similarity_mean": 0.3764228561993588,
  "nearest_input_similarity_median": 0.18627450980392157,
  "nearest_input_similarity_p90": 0.9285714285714286,
  "nearest_char3_jaccard_mean": 0.3764228561993588,
  "nearest_char3_jaccard_median": 0.18627450980392157,
  "nearest_char3_jaccard_p90": 0.9285714285714286,
  "nearest_token_jaccard_mean": 0.2699880678860803,
  "nearest_token_jaccard_median": 0.20512820512820512,
  "nearest_token_jaccard_p90": 0.6,
  "nearest_edit_similarity_mean": 0.438211384631165,
  "nearest_edit_similarity_median": 0.28,
  "nearest_edit_similarity_p90": 0.980158591843848,
  "nearest_feature_cosine_mean": 0.8654933295255515,
  "nearest_feature_cosine_median": 0.9530109192124399,
  "nearest_feature_cosine_p90": 0.9998076000647647,
  "nearest_input_distance_mean": 0.6235771438006412,
  "nearest_input_distance_median": 0.8137254901960784,
  "nearest_input_distance_p90": 0.9055103550295858,
  "mean_nearest_similarity": 0.3764228561993588,
  "median_nearest_similarity": 0.18627450980392157,
  "p90_nearest_similarity": 0.9285714285714286,
  "unique_nearest_payload_rate": 0.03901950975487744,
  "dominant_retrieved_payload_share": 0.10205102551275638,
  "nearest_reference_count": 78,
  "distinct_1": 0.12470261167098827,
  "distinct_2": 0.34095205846666105,
  "distinct_3": 0.5992656935613863,
  "lexical_diversity": 0.12470261167098827,
  "character_diversity": 0.7882406325414635,
  "token_diversity": 0.550021954684253,
  "keyword_diversity": 0.8519000136231364,
  "operator_diversity": 0.39660048889428634,
  "function_diversity": 0.46938775602665284,
  "comment_style_diversity": 1.0,
  "length_zone_diversity": 1.0,
  "self_bleu": 0.9145874885451432,
  "self_bleu_char": 0.9145874885451432,
  "requested_count": 2000,
  "generated_count_fraction": 0.9995
}
