
[1/3] pretrain G
G epoch=1/80 loss=5.3793
G epoch=2/80 loss=5.2660
G epoch=3/80 loss=5.1264
G epoch=4/80 loss=4.9330
G epoch=5/80 loss=4.6560
G epoch=6/80 loss=4.3499
G epoch=7/80 loss=4.0175
G epoch=8/80 loss=3.7536
G epoch=9/80 loss=3.5837
G epoch=10/80 loss=3.5644
G epoch=11/80 loss=3.5140
G epoch=12/80 loss=3.4009
G epoch=13/80 loss=3.4347
G epoch=14/80 loss=3.4103
G epoch=15/80 loss=3.3447
G epoch=16/80 loss=3.2795
G epoch=17/80 loss=3.2645
G epoch=18/80 loss=3.2298
G epoch=19/80 loss=3.1423
G epoch=20/80 loss=3.1456
G epoch=21/80 loss=3.0319
G epoch=22/80 loss=3.0015
G epoch=23/80 loss=2.9419
G epoch=24/80 loss=2.9022
G epoch=25/80 loss=2.8248
G epoch=26/80 loss=2.7939
G epoch=27/80 loss=2.8061
G epoch=28/80 loss=2.7532
G epoch=29/80 loss=2.6624
G epoch=30/80 loss=2.6388
G epoch=31/80 loss=2.5267
G epoch=32/80 loss=2.4974
G epoch=33/80 loss=2.4638
G epoch=34/80 loss=2.3669
G epoch=35/80 loss=2.4259
G epoch=36/80 loss=2.3699
G epoch=37/80 loss=2.3168
G epoch=38/80 loss=2.2096
G epoch=39/80 loss=2.2032
G epoch=40/80 loss=2.2119
G epoch=41/80 loss=2.1206
G epoch=42/80 loss=2.0804
G epoch=43/80 loss=2.0287
G epoch=44/80 loss=1.9806
G epoch=45/80 loss=1.9805
G epoch=46/80 loss=1.9586
G epoch=47/80 loss=1.9404
G epoch=48/80 loss=1.8309
G epoch=49/80 loss=1.8459
G epoch=50/80 loss=1.7676
G epoch=51/80 loss=1.7458
G epoch=52/80 loss=1.7894
G epoch=53/80 loss=1.7260
G epoch=54/80 loss=1.7438
G epoch=55/80 loss=1.6804
G epoch=56/80 loss=1.5587
G epoch=57/80 loss=1.5978
G epoch=58/80 loss=1.5212
G epoch=59/80 loss=1.5428
G epoch=60/80 loss=1.5725
G epoch=61/80 loss=1.4923
G epoch=62/80 loss=1.4964
G epoch=63/80 loss=1.4679
G epoch=64/80 loss=1.4285
G epoch=65/80 loss=1.4638
G epoch=66/80 loss=1.3888
G epoch=67/80 loss=1.4319
G epoch=68/80 loss=1.3725
G epoch=69/80 loss=1.4151
G epoch=70/80 loss=1.3342
G epoch=71/80 loss=1.3203
G epoch=72/80 loss=1.3481
G epoch=73/80 loss=1.2278
G epoch=74/80 loss=1.3157
G epoch=75/80 loss=1.2406
G epoch=76/80 loss=1.2856
G epoch=77/80 loss=1.2599
G epoch=78/80 loss=1.2084
G epoch=79/80 loss=1.2130
G epoch=80/80 loss=1.2108

[2/3] pretrain D
D step=1/30 epoch=1/3 loss=0.9198 l2=0.2000 label_smoothing=0.050
D step=1/30 epoch=2/3 loss=0.7400 l2=0.2000 label_smoothing=0.050
D step=1/30 epoch=3/3 loss=0.7159 l2=0.2000 label_smoothing=0.050
D step=2/30 epoch=1/3 loss=0.6943 l2=0.2000 label_smoothing=0.050
D step=2/30 epoch=2/3 loss=0.6580 l2=0.2000 label_smoothing=0.050
D step=2/30 epoch=3/3 loss=0.6176 l2=0.2000 label_smoothing=0.050
D step=3/30 epoch=1/3 loss=0.6002 l2=0.2000 label_smoothing=0.050
D step=3/30 epoch=2/3 loss=0.5877 l2=0.2000 label_smoothing=0.050
D step=3/30 epoch=3/3 loss=0.5421 l2=0.2000 label_smoothing=0.050
D step=4/30 epoch=1/3 loss=0.5210 l2=0.2000 label_smoothing=0.050
D step=4/30 epoch=2/3 loss=0.4829 l2=0.2000 label_smoothing=0.050
D step=4/30 epoch=3/3 loss=0.4663 l2=0.2000 label_smoothing=0.050
D step=5/30 epoch=1/3 loss=0.4465 l2=0.2000 label_smoothing=0.050
D step=5/30 epoch=2/3 loss=0.4348 l2=0.2000 label_smoothing=0.050
D step=5/30 epoch=3/3 loss=0.4253 l2=0.2000 label_smoothing=0.050
D step=6/30 epoch=1/3 loss=0.3956 l2=0.2000 label_smoothing=0.050
D step=6/30 epoch=2/3 loss=0.3829 l2=0.2000 label_smoothing=0.050
D step=6/30 epoch=3/3 loss=0.3679 l2=0.2000 label_smoothing=0.050
D step=7/30 epoch=1/3 loss=0.3525 l2=0.2000 label_smoothing=0.050
D step=7/30 epoch=2/3 loss=0.3306 l2=0.2000 label_smoothing=0.050
D step=7/30 epoch=3/3 loss=0.3294 l2=0.2000 label_smoothing=0.050
D step=8/30 epoch=1/3 loss=0.2935 l2=0.2000 label_smoothing=0.050
D step=8/30 epoch=2/3 loss=0.2900 l2=0.2000 label_smoothing=0.050
D step=8/30 epoch=3/3 loss=0.2658 l2=0.2000 label_smoothing=0.050
D step=9/30 epoch=1/3 loss=0.2697 l2=0.2000 label_smoothing=0.050
D step=9/30 epoch=2/3 loss=0.2553 l2=0.2000 label_smoothing=0.050
D step=9/30 epoch=3/3 loss=0.2545 l2=0.2000 label_smoothing=0.050
D step=10/30 epoch=1/3 loss=0.2458 l2=0.2000 label_smoothing=0.050
D step=10/30 epoch=2/3 loss=0.2317 l2=0.2000 label_smoothing=0.050
D step=10/30 epoch=3/3 loss=0.2269 l2=0.2000 label_smoothing=0.050
D step=11/30 epoch=1/3 loss=0.2207 l2=0.2000 label_smoothing=0.050
D step=11/30 epoch=2/3 loss=0.2169 l2=0.2000 label_smoothing=0.050
D step=11/30 epoch=3/3 loss=0.2125 l2=0.2000 label_smoothing=0.050
D step=12/30 epoch=1/3 loss=0.2106 l2=0.2000 label_smoothing=0.050
D step=12/30 epoch=2/3 loss=0.2094 l2=0.2000 label_smoothing=0.050
D step=12/30 epoch=3/3 loss=0.2078 l2=0.2000 label_smoothing=0.050
D step=13/30 epoch=1/3 loss=0.2048 l2=0.2000 label_smoothing=0.050
D step=13/30 epoch=2/3 loss=0.2017 l2=0.2000 label_smoothing=0.050
D step=13/30 epoch=3/3 loss=0.2004 l2=0.2000 label_smoothing=0.050
D step=14/30 epoch=1/3 loss=0.2007 l2=0.2000 label_smoothing=0.050
D step=14/30 epoch=2/3 loss=0.1988 l2=0.2000 label_smoothing=0.050
D step=14/30 epoch=3/3 loss=0.1992 l2=0.2000 label_smoothing=0.050
D step=15/30 epoch=1/3 loss=0.1979 l2=0.2000 label_smoothing=0.050
D step=15/30 epoch=2/3 loss=0.1960 l2=0.2000 label_smoothing=0.050
D step=15/30 epoch=3/3 loss=0.1968 l2=0.2000 label_smoothing=0.050
D step=16/30 epoch=1/3 loss=0.1929 l2=0.2000 label_smoothing=0.050
D step=16/30 epoch=2/3 loss=0.1946 l2=0.2000 label_smoothing=0.050
D step=16/30 epoch=3/3 loss=0.1934 l2=0.2000 label_smoothing=0.050
D step=17/30 epoch=1/3 loss=0.1939 l2=0.2000 label_smoothing=0.050
D step=17/30 epoch=2/3 loss=0.1939 l2=0.2000 label_smoothing=0.050
D step=17/30 epoch=3/3 loss=0.1921 l2=0.2000 label_smoothing=0.050
D step=18/30 epoch=1/3 loss=0.1957 l2=0.2000 label_smoothing=0.050
D step=18/30 epoch=2/3 loss=0.1945 l2=0.2000 label_smoothing=0.050
D step=18/30 epoch=3/3 loss=0.1943 l2=0.2000 label_smoothing=0.050
D step=19/30 epoch=1/3 loss=0.1907 l2=0.2000 label_smoothing=0.050
D step=19/30 epoch=2/3 loss=0.1916 l2=0.2000 label_smoothing=0.050
D step=19/30 epoch=3/3 loss=0.1889 l2=0.2000 label_smoothing=0.050
D step=20/30 epoch=1/3 loss=0.1896 l2=0.2000 label_smoothing=0.050
D step=20/30 epoch=2/3 loss=0.1908 l2=0.2000 label_smoothing=0.050
D step=20/30 epoch=3/3 loss=0.1903 l2=0.2000 label_smoothing=0.050
D step=21/30 epoch=1/3 loss=0.1904 l2=0.2000 label_smoothing=0.050
D step=21/30 epoch=2/3 loss=0.1898 l2=0.2000 label_smoothing=0.050
D step=21/30 epoch=3/3 loss=0.1875 l2=0.2000 label_smoothing=0.050
D step=22/30 epoch=1/3 loss=0.1875 l2=0.2000 label_smoothing=0.050
D step=22/30 epoch=2/3 loss=0.1866 l2=0.2000 label_smoothing=0.050
D step=22/30 epoch=3/3 loss=0.1871 l2=0.2000 label_smoothing=0.050
D step=23/30 epoch=1/3 loss=0.1895 l2=0.2000 label_smoothing=0.050
D step=23/30 epoch=2/3 loss=0.1885 l2=0.2000 label_smoothing=0.050
D step=23/30 epoch=3/3 loss=0.1892 l2=0.2000 label_smoothing=0.050
D step=24/30 epoch=1/3 loss=0.1886 l2=0.2000 label_smoothing=0.050
D step=24/30 epoch=2/3 loss=0.1904 l2=0.2000 label_smoothing=0.050
D step=24/30 epoch=3/3 loss=0.1892 l2=0.2000 label_smoothing=0.050
D step=25/30 epoch=1/3 loss=0.1851 l2=0.2000 label_smoothing=0.050
D step=25/30 epoch=2/3 loss=0.1858 l2=0.2000 label_smoothing=0.050
D step=25/30 epoch=3/3 loss=0.1850 l2=0.2000 label_smoothing=0.050
D step=26/30 epoch=1/3 loss=0.1846 l2=0.2000 label_smoothing=0.050
D step=26/30 epoch=2/3 loss=0.1851 l2=0.2000 label_smoothing=0.050
D step=26/30 epoch=3/3 loss=0.1846 l2=0.2000 label_smoothing=0.050
D step=27/30 epoch=1/3 loss=0.1843 l2=0.2000 label_smoothing=0.050
D step=27/30 epoch=2/3 loss=0.1835 l2=0.2000 label_smoothing=0.050
D step=27/30 epoch=3/3 loss=0.1835 l2=0.2000 label_smoothing=0.050
D step=28/30 epoch=1/3 loss=0.1830 l2=0.2000 label_smoothing=0.050
D step=28/30 epoch=2/3 loss=0.1834 l2=0.2000 label_smoothing=0.050
D step=28/30 epoch=3/3 loss=0.1827 l2=0.2000 label_smoothing=0.050
D step=29/30 epoch=1/3 loss=0.1842 l2=0.2000 label_smoothing=0.050
D step=29/30 epoch=2/3 loss=0.1836 l2=0.2000 label_smoothing=0.050
D step=29/30 epoch=3/3 loss=0.1826 l2=0.2000 label_smoothing=0.050
D step=30/30 epoch=1/3 loss=0.1812 l2=0.2000 label_smoothing=0.050
D step=30/30 epoch=2/3 loss=0.1822 l2=0.2000 label_smoothing=0.050
D step=30/30 epoch=3/3 loss=0.1831 l2=0.2000 label_smoothing=0.050

[3/3] adversarial
generator_reward_mode=on reward_alpha=0.700 d_steps=5 d_epochs=3
D step=1/5 epoch=1/3 loss=0.1814 l2=0.2000 label_smoothing=0.050
D step=1/5 epoch=2/3 loss=0.1806 l2=0.2000 label_smoothing=0.050
D step=1/5 epoch=3/3 loss=0.1803 l2=0.2000 label_smoothing=0.050
D step=2/5 epoch=1/3 loss=0.1798 l2=0.2000 label_smoothing=0.050
D step=2/5 epoch=2/3 loss=0.1805 l2=0.2000 label_smoothing=0.050
D step=2/5 epoch=3/3 loss=0.1803 l2=0.2000 label_smoothing=0.050
D step=3/5 epoch=1/3 loss=0.1772 l2=0.2000 label_smoothing=0.050
D step=3/5 epoch=2/3 loss=0.1765 l2=0.2000 label_smoothing=0.050
D step=3/5 epoch=3/3 loss=0.1759 l2=0.2000 label_smoothing=0.050
D step=4/5 epoch=1/3 loss=0.1770 l2=0.2000 label_smoothing=0.050
D step=4/5 epoch=2/3 loss=0.1778 l2=0.2000 label_smoothing=0.050
D step=4/5 epoch=3/3 loss=0.1769 l2=0.2000 label_smoothing=0.050
D step=5/5 epoch=1/3 loss=0.1742 l2=0.2000 label_smoothing=0.050
D step=5/5 epoch=2/3 loss=0.1737 l2=0.2000 label_smoothing=0.050
D step=5/5 epoch=3/3 loss=0.1719 l2=0.2000 label_smoothing=0.050
ADV epoch=1/60 g_loss=0.4493 d_loss=0.1776 reward=0.2476 reward_var=0.0068 unique=1.0000
D step=1/5 epoch=1/3 loss=0.1711 l2=0.2000 label_smoothing=0.050
D step=1/5 epoch=2/3 loss=0.1713 l2=0.2000 label_smoothing=0.050
D step=1/5 epoch=3/3 loss=0.1707 l2=0.2000 label_smoothing=0.050
D step=2/5 epoch=1/3 loss=0.1711 l2=0.2000 label_smoothing=0.050
D step=2/5 epoch=2/3 loss=0.1705 l2=0.2000 label_smoothing=0.050
D step=2/5 epoch=3/3 loss=0.1707 l2=0.2000 label_smoothing=0.050
D step=3/5 epoch=1/3 loss=0.1680 l2=0.2000 label_smoothing=0.050
D step=3/5 epoch=2/3 loss=0.1673 l2=0.2000 label_smoothing=0.050
D step=3/5 epoch=3/3 loss=0.1675 l2=0.2000 label_smoothing=0.050
D step=4/5 epoch=1/3 loss=0.1668 l2=0.2000 label_smoothing=0.050
D step=4/5 epoch=2/3 loss=0.1663 l2=0.2000 label_smoothing=0.050
D step=4/5 epoch=3/3 loss=0.1651 l2=0.2000 label_smoothing=0.050
D step=5/5 epoch=1/3 loss=0.1644 l2=0.2000 label_smoothing=0.050
D step=5/5 epoch=2/3 loss=0.1640 l2=0.2000 label_smoothing=0.050
D step=5/5 epoch=3/3 loss=0.1631 l2=0.2000 label_smoothing=0.050
ADV epoch=2/60 g_loss=0.4567 d_loss=0.1679 reward=0.2626 reward_var=0.0054 unique=1.0000
D step=1/5 epoch=1/3 loss=0.1631 l2=0.2000 label_smoothing=0.050
D step=1/5 epoch=2/3 loss=0.1626 l2=0.2000 label_smoothing=0.050
D step=1/5 epoch=3/3 loss=0.1623 l2=0.2000 label_smoothing=0.050
D step=2/5 epoch=1/3 loss=0.1610 l2=0.2000 label_smoothing=0.050
D step=2/5 epoch=2/3 loss=0.1607 l2=0.2000 label_smoothing=0.050
D step=2/5 epoch=3/3 loss=0.1610 l2=0.2000 label_smoothing=0.050
D step=3/5 epoch=1/3 loss=0.1606 l2=0.2000 label_smoothing=0.050
D step=3/5 epoch=2/3 loss=0.1604 l2=0.2000 label_smoothing=0.050
D step=3/5 epoch=3/3 loss=0.1598 l2=0.2000 label_smoothing=0.050
D step=4/5 epoch=1/3 loss=0.1583 l2=0.2000 label_smoothing=0.050
D step=4/5 epoch=2/3 loss=0.1587 l2=0.2000 label_smoothing=0.050
D step=4/5 epoch=3/3 loss=0.1575 l2=0.2000 label_smoothing=0.050
D step=5/5 epoch=1/3 loss=0.1574 l2=0.2000 label_smoothing=0.050
D step=5/5 epoch=2/3 loss=0.1569 l2=0.2000 label_smoothing=0.050
D step=5/5 epoch=3/3 loss=0.1561 l2=0.2000 label_smoothing=0.050
ADV epoch=3/60 g_loss=0.4414 d_loss=0.1598 reward=0.2733 reward_var=0.0045 unique=1.0000
saved 500 raw samples to /content/drive/MyDrive/GAN/GAN_SQLi_Colab/results_seqgan_phase2b_phase3/phase3/seqgan_improved/error/B/R200/V8/generated_payloads.csv
