{
  "metric_schema_version": "quality-metrics-v3",
  "normalization_version": "nfkc_html_percent1_casefold_ws_quotes_v1",
  "seed": 88,
  "method": "gan",
  "family": "all",
  "scenario": "raw",
  "ratio": "full",
  "generation_kind": "retrieval",
  "schema_valid": true,
  "stop_reason": "n/a",
  "n_generated": 2000,
  "unique_rate": 0.241,
  "normalized_unique_rate": 0.241,
  "duplicate_rate": 0.759,
  "model_collapse_rate": 0.759,
  "dominant_payload_share": 0.031,
  "normalized_dominant_payload_share": 0.031,
  "sql_parse_rate": 1.0,
  "sql_structure_rate": 0.9915,
  "family_motif_coverage": 0.47619047619047616,
  "family_motif_hit_rate": 0.959,
  "garbage_rate": 0.008499999999999952,
  "wellformed_rate": 1.0,
  "shaped_rate": 0.9915,
  "family_motif_coverage_by_family": {
    "boolean": 1.0,
    "union": 0.25,
    "time": 0.4,
    "error": 0.375
  },
  "family_motif_hit_rate_by_family": {
    "boolean": 0.8275,
    "union": 0.4155,
    "time": 0.2255,
    "error": 0.01
  },
  "inferred_family_distribution": {
    "boolean": 0.345,
    "union": 0.3785,
    "time": 0.2255,
    "error": 0.01,
    "other": 0.041
  },
  "train_reference_count": 9049,
  "holdout_reference_count": 2260,
  "exact_input_overlap": 1.0,
  "normalized_input_overlap": 1.0,
  "holdout_overlap": 0.0,
  "normalized_holdout_overlap": 0.0,
  "nearest_input_similarity_mean": 1.0,
  "nearest_input_similarity_median": 1.0,
  "nearest_input_similarity_p90": 1.0,
  "nearest_char3_jaccard_mean": 1.0,
  "nearest_char3_jaccard_median": 1.0,
  "nearest_char3_jaccard_p90": 1.0,
  "nearest_token_jaccard_mean": 0.9994,
  "nearest_token_jaccard_median": 1.0,
  "nearest_token_jaccard_p90": 1.0,
  "nearest_edit_similarity_mean": 0.9995009463893549,
  "nearest_edit_similarity_median": 1.0,
  "nearest_edit_similarity_p90": 1.0,
  "nearest_feature_cosine_mean": 0.9999871473962323,
  "nearest_feature_cosine_median": 1.0,
  "nearest_feature_cosine_p90": 1.0000000000000002,
  "nearest_input_distance_mean": 0.0,
  "nearest_input_distance_median": 0.0,
  "nearest_input_distance_p90": 0.0,
  "mean_nearest_similarity": 1.0,
  "median_nearest_similarity": 1.0,
  "p90_nearest_similarity": 1.0,
  "unique_nearest_payload_rate": 0.2365,
  "dominant_retrieved_payload_share": 0.031,
  "nearest_reference_count": 9049,
  "distinct_1": 0.015387631088895423,
  "distinct_2": 0.03831480159134959,
  "distinct_3": 0.045196418316779036,
  "lexical_diversity": 0.015387631088895423,
  "character_diversity": 0.7962822497629016,
  "token_diversity": 0.5729932102778723,
  "keyword_diversity": 0.8395758002487462,
  "operator_diversity": 0.5338274944454302,
  "function_diversity": 0.6288185039860618,
  "comment_style_diversity": 0.6666666666666666,
  "length_zone_diversity": 1.0,
  "self_bleu": 0.9947259639653576,
  "self_bleu_char": 0.9947259639653576,
  "requested_count": 2000,
  "generated_count_fraction": 1.0
}
