
[1/3] pretrain G
G epoch=1/160 loss=5.0078
G epoch=2/160 loss=4.9118
G epoch=3/160 loss=4.8024
G epoch=4/160 loss=4.6611
G epoch=5/160 loss=4.4734
G epoch=6/160 loss=4.2374
G epoch=7/160 loss=3.9839
G epoch=8/160 loss=3.7649
G epoch=9/160 loss=3.5971
G epoch=10/160 loss=3.4631
G epoch=11/160 loss=3.3469
G epoch=12/160 loss=3.2472
G epoch=13/160 loss=3.1705
G epoch=14/160 loss=3.1111
G epoch=15/160 loss=3.0589
G epoch=16/160 loss=3.0074
G epoch=17/160 loss=2.9511
G epoch=18/160 loss=2.8886
G epoch=19/160 loss=2.8226
G epoch=20/160 loss=2.7563
G epoch=21/160 loss=2.6905
G epoch=22/160 loss=2.6256
G epoch=23/160 loss=2.5646
G epoch=24/160 loss=2.5069
G epoch=25/160 loss=2.4521
G epoch=26/160 loss=2.3998
G epoch=27/160 loss=2.3485
G epoch=28/160 loss=2.2981
G epoch=29/160 loss=2.2488
G epoch=30/160 loss=2.2010
G epoch=31/160 loss=2.1548
G epoch=32/160 loss=2.1104
G epoch=33/160 loss=2.0670
G epoch=34/160 loss=2.0247
G epoch=35/160 loss=1.9839
G epoch=36/160 loss=1.9447
G epoch=37/160 loss=1.9070
G epoch=38/160 loss=1.8701
G epoch=39/160 loss=1.8338
G epoch=40/160 loss=1.7983
G epoch=41/160 loss=1.7637
G epoch=42/160 loss=1.7300
G epoch=43/160 loss=1.6971
G epoch=44/160 loss=1.6652
G epoch=45/160 loss=1.6343
G epoch=46/160 loss=1.6046
G epoch=47/160 loss=1.5757
G epoch=48/160 loss=1.5474
G epoch=49/160 loss=1.5194
G epoch=50/160 loss=1.4918
G epoch=51/160 loss=1.4646
G epoch=52/160 loss=1.4378
G epoch=53/160 loss=1.4116
G epoch=54/160 loss=1.3861
G epoch=55/160 loss=1.3613
G epoch=56/160 loss=1.3369
G epoch=57/160 loss=1.3126
G epoch=58/160 loss=1.2887
G epoch=59/160 loss=1.2652
G epoch=60/160 loss=1.2425
G epoch=61/160 loss=1.2204
G epoch=62/160 loss=1.1981
G epoch=63/160 loss=1.1761
G epoch=64/160 loss=1.1552
G epoch=65/160 loss=1.1355
G epoch=66/160 loss=1.1161
G epoch=67/160 loss=1.0968
G epoch=68/160 loss=1.0781
G epoch=69/160 loss=1.0602
G epoch=70/160 loss=1.0429
G epoch=71/160 loss=1.0260
G epoch=72/160 loss=1.0094
G epoch=73/160 loss=0.9933
G epoch=74/160 loss=0.9776
G epoch=75/160 loss=0.9622
G epoch=76/160 loss=0.9474
G epoch=77/160 loss=0.9343
G epoch=78/160 loss=0.9279
G epoch=79/160 loss=0.9196
G epoch=80/160 loss=0.8939
G epoch=81/160 loss=0.8889
G epoch=82/160 loss=0.8698
G epoch=83/160 loss=0.8581
G epoch=84/160 loss=0.8476
G epoch=85/160 loss=0.8313
G epoch=86/160 loss=0.8239
G epoch=87/160 loss=0.8090
G epoch=88/160 loss=0.7989
G epoch=89/160 loss=0.7896
G epoch=90/160 loss=0.7765
G epoch=91/160 loss=0.7686
G epoch=92/160 loss=0.7581
G epoch=93/160 loss=0.7489
G epoch=94/160 loss=0.7388
G epoch=95/160 loss=0.7300
G epoch=96/160 loss=0.7206
G epoch=97/160 loss=0.7111
G epoch=98/160 loss=0.7032
G epoch=99/160 loss=0.6936
G epoch=100/160 loss=0.6858
G epoch=101/160 loss=0.6776
G epoch=102/160 loss=0.6689
G epoch=103/160 loss=0.6615
G epoch=104/160 loss=0.6537
G epoch=105/160 loss=0.6463
G epoch=106/160 loss=0.6390
G epoch=107/160 loss=0.6317
G epoch=108/160 loss=0.6246
G epoch=109/160 loss=0.6176
G epoch=110/160 loss=0.6109
G epoch=111/160 loss=0.6040
G epoch=112/160 loss=0.5978
G epoch=113/160 loss=0.5912
G epoch=114/160 loss=0.5852
G epoch=115/160 loss=0.5789
G epoch=116/160 loss=0.5729
G epoch=117/160 loss=0.5669
G epoch=118/160 loss=0.5610
G epoch=119/160 loss=0.5552
G epoch=120/160 loss=0.5495
G epoch=121/160 loss=0.5438
G epoch=122/160 loss=0.5382
G epoch=123/160 loss=0.5326
G epoch=124/160 loss=0.5271
G epoch=125/160 loss=0.5217
G epoch=126/160 loss=0.5162
G epoch=127/160 loss=0.5108
G epoch=128/160 loss=0.5055
G epoch=129/160 loss=0.5002
G epoch=130/160 loss=0.4950
G epoch=131/160 loss=0.4898
G epoch=132/160 loss=0.4847
G epoch=133/160 loss=0.4796
G epoch=134/160 loss=0.4746
G epoch=135/160 loss=0.4697
G epoch=136/160 loss=0.4648
G epoch=137/160 loss=0.4599
G epoch=138/160 loss=0.4551
G epoch=139/160 loss=0.4504
G epoch=140/160 loss=0.4457
G epoch=141/160 loss=0.4410
G epoch=142/160 loss=0.4364
G epoch=143/160 loss=0.4318
G epoch=144/160 loss=0.4273
G epoch=145/160 loss=0.4229
G epoch=146/160 loss=0.4186
G epoch=147/160 loss=0.4142
G epoch=148/160 loss=0.4099
G epoch=149/160 loss=0.4056
G epoch=150/160 loss=0.4014
G epoch=151/160 loss=0.3973
G epoch=152/160 loss=0.3932
G epoch=153/160 loss=0.3892
G epoch=154/160 loss=0.3852
G epoch=155/160 loss=0.3812
G epoch=156/160 loss=0.3773
G epoch=157/160 loss=0.3735
G epoch=158/160 loss=0.3700
G epoch=159/160 loss=0.3672
G epoch=160/160 loss=0.3715

[2/3] pretrain D

[3/3] adversarial
generator_reward_mode=on reward_alpha=0.700 d_steps=5 d_epochs=3
ADV epoch=1/200 g_loss=0.5309 d_loss=0.0000 reward=0.6555 reward_var=0.0039 unique=1.0000
ADV epoch=2/200 g_loss=0.5348 d_loss=0.0000 reward=0.6724 reward_var=0.0017 unique=1.0000
ADV epoch=3/200 g_loss=0.4795 d_loss=0.0000 reward=0.6756 reward_var=0.0007 unique=1.0000
ADV epoch=4/200 g_loss=0.5724 d_loss=0.0000 reward=0.6785 reward_var=0.0005 unique=1.0000
ADV epoch=5/200 g_loss=0.4159 d_loss=0.0000 reward=0.6684 reward_var=0.0006 unique=1.0000
ADV epoch=6/200 g_loss=0.3534 d_loss=0.0000 reward=0.6629 reward_var=0.0004 unique=1.0000
ADV epoch=7/200 g_loss=0.3603 d_loss=0.0000 reward=0.6621 reward_var=0.0004 unique=1.0000
ADV epoch=8/200 g_loss=0.3846 d_loss=0.0000 reward=0.6610 reward_var=0.0004 unique=1.0000
ADV epoch=9/200 g_loss=0.4103 d_loss=0.0000 reward=0.6595 reward_var=0.0004 unique=1.0000
ADV epoch=10/200 g_loss=0.4296 d_loss=0.0000 reward=0.6599 reward_var=0.0003 unique=1.0000
ADV epoch=11/200 g_loss=0.4168 d_loss=0.0000 reward=0.6604 reward_var=0.0004 unique=1.0000
ADV epoch=12/200 g_loss=0.3732 d_loss=0.0000 reward=0.6570 reward_var=0.0004 unique=1.0000
ADV epoch=13/200 g_loss=0.3481 d_loss=0.0000 reward=0.6531 reward_var=0.0004 unique=1.0000
ADV epoch=14/200 g_loss=0.3226 d_loss=0.0000 reward=0.6460 reward_var=0.0009 unique=1.0000
ADV epoch=15/200 g_loss=0.3316 d_loss=0.0000 reward=0.6390 reward_var=0.0017 unique=1.0000
ADV epoch=16/200 g_loss=0.3734 d_loss=0.0000 reward=0.6347 reward_var=0.0019 unique=1.0000
ADV epoch=17/200 g_loss=0.4526 d_loss=0.0000 reward=0.6372 reward_var=0.0014 unique=1.0000
ADV epoch=18/200 g_loss=0.4978 d_loss=0.0000 reward=0.6412 reward_var=0.0011 unique=1.0000
ADV epoch=19/200 g_loss=0.5150 d_loss=0.0000 reward=0.6433 reward_var=0.0008 unique=1.0000
ADV epoch=20/200 g_loss=0.5273 d_loss=0.0000 reward=0.6475 reward_var=0.0005 unique=1.0000
ADV epoch=21/200 g_loss=0.5194 d_loss=0.0000 reward=0.6501 reward_var=0.0006 unique=1.0000
ADV epoch=22/200 g_loss=0.5265 d_loss=0.0000 reward=0.6559 reward_var=0.0004 unique=1.0000
ADV epoch=23/200 g_loss=0.5471 d_loss=0.0000 reward=0.6606 reward_var=0.0002 unique=1.0000
ADV epoch=24/200 g_loss=0.5689 d_loss=0.0000 reward=0.6628 reward_var=0.0002 unique=1.0000
ADV epoch=25/200 g_loss=0.5737 d_loss=0.0000 reward=0.6637 reward_var=0.0001 unique=1.0000
ADV epoch=26/200 g_loss=0.5704 d_loss=0.0000 reward=0.6662 reward_var=0.0001 unique=1.0000
ADV epoch=27/200 g_loss=0.5658 d_loss=0.0000 reward=0.6656 reward_var=0.0001 unique=1.0000
ADV epoch=28/200 g_loss=0.5462 d_loss=0.0000 reward=0.6665 reward_var=0.0001 unique=1.0000
ADV epoch=29/200 g_loss=0.5486 d_loss=0.0000 reward=0.6666 reward_var=0.0001 unique=1.0000
ADV epoch=30/200 g_loss=0.5407 d_loss=0.0000 reward=0.6675 reward_var=0.0001 unique=1.0000
ADV epoch=31/200 g_loss=0.5505 d_loss=0.0000 reward=0.6665 reward_var=0.0001 unique=1.0000
ADV epoch=32/200 g_loss=0.5715 d_loss=0.0000 reward=0.6669 reward_var=0.0002 unique=1.0000
ADV epoch=33/200 g_loss=0.5803 d_loss=0.0000 reward=0.6671 reward_var=0.0001 unique=1.0000
ADV epoch=34/200 g_loss=0.5889 d_loss=0.0000 reward=0.6671 reward_var=0.0001 unique=1.0000
ADV epoch=35/200 g_loss=0.5966 d_loss=0.0000 reward=0.6671 reward_var=0.0002 unique=1.0000
ADV epoch=36/200 g_loss=0.5994 d_loss=0.0000 reward=0.6695 reward_var=0.0001 unique=1.0000
ADV epoch=37/200 g_loss=0.6046 d_loss=0.0000 reward=0.6700 reward_var=0.0002 unique=0.9800
ADV epoch=38/200 g_loss=0.6172 d_loss=0.0000 reward=0.6717 reward_var=0.0001 unique=1.0000
ADV epoch=39/200 g_loss=0.6181 d_loss=0.0000 reward=0.6726 reward_var=0.0001 unique=1.0000
ADV epoch=40/200 g_loss=0.6227 d_loss=0.0000 reward=0.6744 reward_var=0.0001 unique=1.0000
ADV epoch=41/200 g_loss=0.6298 d_loss=0.0000 reward=0.6766 reward_var=0.0001 unique=1.0000
ADV epoch=42/200 g_loss=0.6379 d_loss=0.0000 reward=0.6787 reward_var=0.0001 unique=1.0000
ADV epoch=43/200 g_loss=0.6550 d_loss=0.0000 reward=0.6806 reward_var=0.0001 unique=1.0000
ADV epoch=44/200 g_loss=0.6679 d_loss=0.0000 reward=0.6825 reward_var=0.0001 unique=1.0000
ADV epoch=45/200 g_loss=0.6900 d_loss=0.0000 reward=0.6848 reward_var=0.0001 unique=1.0000
ADV epoch=46/200 g_loss=0.7104 d_loss=0.0000 reward=0.6881 reward_var=0.0001 unique=1.0000
ADV epoch=47/200 g_loss=0.7239 d_loss=0.0000 reward=0.6892 reward_var=0.0001 unique=1.0000
ADV epoch=48/200 g_loss=0.7342 d_loss=0.0000 reward=0.6909 reward_var=0.0001 unique=1.0000
ADV epoch=49/200 g_loss=0.7492 d_loss=0.0000 reward=0.6928 reward_var=0.0001 unique=1.0000
ADV epoch=50/200 g_loss=0.7501 d_loss=0.0000 reward=0.6949 reward_var=0.0001 unique=1.0000
ADV epoch=51/200 g_loss=0.7520 d_loss=0.0000 reward=0.6964 reward_var=0.0001 unique=1.0000
ADV epoch=52/200 g_loss=0.7468 d_loss=0.0000 reward=0.6974 reward_var=0.0001 unique=1.0000
ADV epoch=53/200 g_loss=0.7405 d_loss=0.0000 reward=0.6959 reward_var=0.0004 unique=1.0000
ADV epoch=54/200 g_loss=0.7207 d_loss=0.0000 reward=0.6952 reward_var=0.0006 unique=1.0000
ADV epoch=55/200 g_loss=0.7055 d_loss=0.0000 reward=0.6929 reward_var=0.0009 unique=1.0000
ADV epoch=56/200 g_loss=0.6970 d_loss=0.0000 reward=0.6950 reward_var=0.0006 unique=1.0000
ADV epoch=57/200 g_loss=0.6911 d_loss=0.0000 reward=0.6964 reward_var=0.0004 unique=1.0000
ADV epoch=58/200 g_loss=0.6800 d_loss=0.0000 reward=0.6977 reward_var=0.0003 unique=1.0000
ADV epoch=59/200 g_loss=0.6771 d_loss=0.0000 reward=0.6994 reward_var=0.0001 unique=1.0000
ADV epoch=60/200 g_loss=0.6763 d_loss=0.0000 reward=0.6996 reward_var=0.0001 unique=1.0000
ADV epoch=61/200 g_loss=0.6760 d_loss=0.0000 reward=0.6992 reward_var=0.0001 unique=1.0000
ADV epoch=62/200 g_loss=0.6650 d_loss=0.0000 reward=0.6987 reward_var=0.0001 unique=1.0000
ADV epoch=63/200 g_loss=0.6583 d_loss=0.0000 reward=0.6984 reward_var=0.0001 unique=1.0000
ADV epoch=64/200 g_loss=0.6542 d_loss=0.0000 reward=0.6983 reward_var=0.0001 unique=1.0000
ADV epoch=65/200 g_loss=0.6510 d_loss=0.0000 reward=0.6980 reward_var=0.0001 unique=1.0000
ADV epoch=66/200 g_loss=0.6388 d_loss=0.0000 reward=0.6980 reward_var=0.0001 unique=1.0000
ADV epoch=67/200 g_loss=0.6303 d_loss=0.0000 reward=0.6973 reward_var=0.0001 unique=1.0000
ADV epoch=68/200 g_loss=0.6271 d_loss=0.0000 reward=0.6978 reward_var=0.0001 unique=1.0000
ADV epoch=69/200 g_loss=0.6165 d_loss=0.0000 reward=0.6984 reward_var=0.0001 unique=1.0000
ADV epoch=70/200 g_loss=0.6051 d_loss=0.0000 reward=0.6977 reward_var=0.0002 unique=1.0000
ADV epoch=71/200 g_loss=0.6037 d_loss=0.0000 reward=0.6965 reward_var=0.0002 unique=1.0000
ADV epoch=72/200 g_loss=0.5994 d_loss=0.0000 reward=0.6977 reward_var=0.0002 unique=1.0000
ADV epoch=73/200 g_loss=0.5987 d_loss=0.0000 reward=0.6971 reward_var=0.0002 unique=1.0000
ADV epoch=74/200 g_loss=0.6038 d_loss=0.0000 reward=0.6965 reward_var=0.0002 unique=1.0000
ADV epoch=75/200 g_loss=0.6058 d_loss=0.0000 reward=0.6988 reward_var=0.0002 unique=1.0000
ADV epoch=76/200 g_loss=0.6055 d_loss=0.0000 reward=0.7000 reward_var=0.0001 unique=1.0000
ADV epoch=77/200 g_loss=0.6090 d_loss=0.0000 reward=0.7004 reward_var=0.0001 unique=1.0000
ADV epoch=78/200 g_loss=0.6145 d_loss=0.0000 reward=0.7005 reward_var=0.0001 unique=1.0000
ADV epoch=79/200 g_loss=0.6155 d_loss=0.0000 reward=0.7014 reward_var=0.0001 unique=1.0000
ADV epoch=80/200 g_loss=0.6274 d_loss=0.0000 reward=0.7012 reward_var=0.0001 unique=1.0000
ADV epoch=81/200 g_loss=0.6413 d_loss=0.0000 reward=0.7009 reward_var=0.0001 unique=1.0000
ADV epoch=82/200 g_loss=0.6473 d_loss=0.0000 reward=0.6997 reward_var=0.0001 unique=1.0000
ADV epoch=83/200 g_loss=0.6526 d_loss=0.0000 reward=0.7001 reward_var=0.0001 unique=1.0000
ADV epoch=84/200 g_loss=0.6577 d_loss=0.0000 reward=0.6993 reward_var=0.0001 unique=1.0000
ADV epoch=85/200 g_loss=0.6627 d_loss=0.0000 reward=0.6995 reward_var=0.0001 unique=1.0000
ADV epoch=86/200 g_loss=0.6585 d_loss=0.0000 reward=0.6988 reward_var=0.0001 unique=1.0000
ADV epoch=87/200 g_loss=0.6512 d_loss=0.0000 reward=0.6965 reward_var=0.0001 unique=1.0000
ADV epoch=88/200 g_loss=0.6393 d_loss=0.0000 reward=0.6954 reward_var=0.0001 unique=1.0000
ADV epoch=89/200 g_loss=0.6422 d_loss=0.0000 reward=0.6941 reward_var=0.0001 unique=1.0000
ADV epoch=90/200 g_loss=0.6441 d_loss=0.0000 reward=0.6934 reward_var=0.0001 unique=1.0000
ADV epoch=91/200 g_loss=0.6376 d_loss=0.0000 reward=0.6920 reward_var=0.0001 unique=1.0000
ADV epoch=92/200 g_loss=0.6464 d_loss=0.0000 reward=0.6898 reward_var=0.0001 unique=1.0000
ADV epoch=93/200 g_loss=0.6397 d_loss=0.0000 reward=0.6888 reward_var=0.0001 unique=1.0000
ADV epoch=94/200 g_loss=0.6254 d_loss=0.0000 reward=0.6856 reward_var=0.0001 unique=1.0000
ADV epoch=95/200 g_loss=0.6115 d_loss=0.0000 reward=0.6835 reward_var=0.0001 unique=1.0000
ADV epoch=96/200 g_loss=0.5995 d_loss=0.0000 reward=0.6803 reward_var=0.0001 unique=1.0000
ADV epoch=97/200 g_loss=0.5985 d_loss=0.0000 reward=0.6764 reward_var=0.0002 unique=1.0000
ADV epoch=98/200 g_loss=0.5910 d_loss=0.0000 reward=0.6742 reward_var=0.0002 unique=1.0000
ADV epoch=99/200 g_loss=0.5943 d_loss=0.0000 reward=0.6723 reward_var=0.0002 unique=1.0000
ADV epoch=100/200 g_loss=0.5924 d_loss=0.0000 reward=0.6708 reward_var=0.0002 unique=1.0000
ADV epoch=101/200 g_loss=0.5913 d_loss=0.0000 reward=0.6690 reward_var=0.0002 unique=1.0000
ADV epoch=102/200 g_loss=0.5944 d_loss=0.0000 reward=0.6679 reward_var=0.0002 unique=1.0000
ADV epoch=103/200 g_loss=0.5961 d_loss=0.0000 reward=0.6671 reward_var=0.0002 unique=1.0000
ADV epoch=104/200 g_loss=0.5970 d_loss=0.0000 reward=0.6659 reward_var=0.0003 unique=1.0000
ADV epoch=105/200 g_loss=0.6006 d_loss=0.0000 reward=0.6664 reward_var=0.0002 unique=1.0000
ADV epoch=106/200 g_loss=0.5952 d_loss=0.0000 reward=0.6647 reward_var=0.0003 unique=1.0000
ADV epoch=107/200 g_loss=0.5921 d_loss=0.0000 reward=0.6642 reward_var=0.0003 unique=1.0000
ADV epoch=108/200 g_loss=0.5965 d_loss=0.0000 reward=0.6657 reward_var=0.0004 unique=1.0000
ADV epoch=109/200 g_loss=0.5932 d_loss=0.0000 reward=0.6646 reward_var=0.0003 unique=1.0000
ADV epoch=110/200 g_loss=0.5850 d_loss=0.0000 reward=0.6640 reward_var=0.0003 unique=1.0000
ADV epoch=111/200 g_loss=0.5728 d_loss=0.0000 reward=0.6611 reward_var=0.0005 unique=1.0000
ADV epoch=112/200 g_loss=0.5616 d_loss=0.0000 reward=0.6613 reward_var=0.0004 unique=1.0000
ADV epoch=113/200 g_loss=0.5429 d_loss=0.0000 reward=0.6592 reward_var=0.0005 unique=1.0000
ADV epoch=114/200 g_loss=0.5441 d_loss=0.0000 reward=0.6593 reward_var=0.0004 unique=1.0000
ADV epoch=115/200 g_loss=0.5478 d_loss=0.0000 reward=0.6585 reward_var=0.0005 unique=1.0000
ADV epoch=116/200 g_loss=0.5487 d_loss=0.0000 reward=0.6584 reward_var=0.0005 unique=1.0000
ADV epoch=117/200 g_loss=0.5473 d_loss=0.0000 reward=0.6576 reward_var=0.0006 unique=1.0000
ADV epoch=118/200 g_loss=0.5467 d_loss=0.0000 reward=0.6592 reward_var=0.0005 unique=1.0000
ADV epoch=119/200 g_loss=0.5529 d_loss=0.0000 reward=0.6593 reward_var=0.0006 unique=1.0000
ADV epoch=120/200 g_loss=0.5529 d_loss=0.0000 reward=0.6597 reward_var=0.0004 unique=1.0000
ADV epoch=121/200 g_loss=0.5536 d_loss=0.0000 reward=0.6607 reward_var=0.0004 unique=1.0000
ADV epoch=122/200 g_loss=0.5458 d_loss=0.0000 reward=0.6587 reward_var=0.0006 unique=1.0000
ADV epoch=123/200 g_loss=0.5434 d_loss=0.0000 reward=0.6558 reward_var=0.0010 unique=1.0000
ADV epoch=124/200 g_loss=0.5430 d_loss=0.0000 reward=0.6590 reward_var=0.0008 unique=1.0000
ADV epoch=125/200 g_loss=0.5405 d_loss=0.0000 reward=0.6595 reward_var=0.0005 unique=1.0000
ADV epoch=126/200 g_loss=0.5469 d_loss=0.0000 reward=0.6587 reward_var=0.0007 unique=1.0000
ADV epoch=127/200 g_loss=0.5579 d_loss=0.0000 reward=0.6614 reward_var=0.0006 unique=1.0000
ADV epoch=128/200 g_loss=0.5705 d_loss=0.0000 reward=0.6592 reward_var=0.0008 unique=1.0000
ADV epoch=129/200 g_loss=0.5866 d_loss=0.0000 reward=0.6622 reward_var=0.0004 unique=1.0000
ADV epoch=130/200 g_loss=0.5984 d_loss=0.0000 reward=0.6619 reward_var=0.0004 unique=1.0000
ADV epoch=131/200 g_loss=0.6098 d_loss=0.0000 reward=0.6625 reward_var=0.0004 unique=1.0000
ADV epoch=132/200 g_loss=0.6142 d_loss=0.0000 reward=0.6631 reward_var=0.0004 unique=1.0000
ADV epoch=133/200 g_loss=0.6240 d_loss=0.0000 reward=0.6637 reward_var=0.0003 unique=1.0000
ADV epoch=134/200 g_loss=0.6170 d_loss=0.0000 reward=0.6630 reward_var=0.0004 unique=1.0000
ADV epoch=135/200 g_loss=0.6097 d_loss=0.0000 reward=0.6619 reward_var=0.0004 unique=1.0000
ADV epoch=136/200 g_loss=0.5970 d_loss=0.0000 reward=0.6620 reward_var=0.0004 unique=1.0000
ADV epoch=137/200 g_loss=0.5885 d_loss=0.0000 reward=0.6621 reward_var=0.0002 unique=1.0000
ADV epoch=138/200 g_loss=0.5779 d_loss=0.0000 reward=0.6615 reward_var=0.0003 unique=1.0000
ADV epoch=139/200 g_loss=0.5555 d_loss=0.0000 reward=0.6574 reward_var=0.0007 unique=1.0000
ADV epoch=140/200 g_loss=0.5252 d_loss=0.0000 reward=0.6559 reward_var=0.0008 unique=1.0000
ADV epoch=141/200 g_loss=0.4921 d_loss=0.0000 reward=0.6535 reward_var=0.0012 unique=1.0000
ADV epoch=142/200 g_loss=0.4571 d_loss=0.0000 reward=0.6425 reward_var=0.0025 unique=1.0000
ADV epoch=143/200 g_loss=0.4343 d_loss=0.0000 reward=0.6414 reward_var=0.0027 unique=1.0000
ADV epoch=144/200 g_loss=0.4154 d_loss=0.0000 reward=0.6355 reward_var=0.0032 unique=1.0000
ADV epoch=145/200 g_loss=0.4124 d_loss=0.0000 reward=0.6410 reward_var=0.0022 unique=1.0000
ADV epoch=146/200 g_loss=0.3954 d_loss=0.0000 reward=0.6362 reward_var=0.0030 unique=1.0000
ADV epoch=147/200 g_loss=0.3785 d_loss=0.0000 reward=0.6343 reward_var=0.0031 unique=1.0000
ADV epoch=148/200 g_loss=0.3583 d_loss=0.0000 reward=0.6277 reward_var=0.0038 unique=1.0000
ADV epoch=149/200 g_loss=0.3432 d_loss=0.0000 reward=0.6288 reward_var=0.0040 unique=1.0000
ADV epoch=150/200 g_loss=0.3294 d_loss=0.0000 reward=0.6287 reward_var=0.0040 unique=1.0000
ADV epoch=151/200 g_loss=0.3220 d_loss=0.0000 reward=0.6354 reward_var=0.0028 unique=1.0000
ADV epoch=152/200 g_loss=0.3142 d_loss=0.0000 reward=0.6342 reward_var=0.0031 unique=1.0000
ADV epoch=153/200 g_loss=0.3189 d_loss=0.0000 reward=0.6406 reward_var=0.0027 unique=1.0000
ADV epoch=154/200 g_loss=0.3097 d_loss=0.0000 reward=0.6354 reward_var=0.0032 unique=1.0000
ADV epoch=155/200 g_loss=0.3178 d_loss=0.0000 reward=0.6390 reward_var=0.0031 unique=1.0000
ADV epoch=156/200 g_loss=0.3170 d_loss=0.0000 reward=0.6388 reward_var=0.0030 unique=1.0000
ADV epoch=157/200 g_loss=0.3245 d_loss=0.0000 reward=0.6493 reward_var=0.0014 unique=1.0000
ADV epoch=158/200 g_loss=0.3252 d_loss=0.0000 reward=0.6485 reward_var=0.0017 unique=1.0000
ADV epoch=159/200 g_loss=0.3259 d_loss=0.0000 reward=0.6518 reward_var=0.0013 unique=1.0000
ADV epoch=160/200 g_loss=0.3183 d_loss=0.0000 reward=0.6506 reward_var=0.0017 unique=1.0000
ADV epoch=161/200 g_loss=0.3123 d_loss=0.0000 reward=0.6517 reward_var=0.0013 unique=1.0000
ADV epoch=162/200 g_loss=0.3089 d_loss=0.0000 reward=0.6510 reward_var=0.0017 unique=1.0000
ADV epoch=163/200 g_loss=0.3116 d_loss=0.0000 reward=0.6562 reward_var=0.0008 unique=1.0000
ADV epoch=164/200 g_loss=0.3102 d_loss=0.0000 reward=0.6556 reward_var=0.0011 unique=1.0000
ADV epoch=165/200 g_loss=0.3011 d_loss=0.0000 reward=0.6547 reward_var=0.0015 unique=1.0000
ADV epoch=166/200 g_loss=0.3078 d_loss=0.0000 reward=0.6592 reward_var=0.0009 unique=1.0000
ADV epoch=167/200 g_loss=0.3093 d_loss=0.0000 reward=0.6610 reward_var=0.0006 unique=1.0000
ADV epoch=168/200 g_loss=0.3154 d_loss=0.0000 reward=0.6624 reward_var=0.0008 unique=1.0000
ADV epoch=169/200 g_loss=0.3240 d_loss=0.0000 reward=0.6624 reward_var=0.0008 unique=1.0000
ADV epoch=170/200 g_loss=0.3302 d_loss=0.0000 reward=0.6626 reward_var=0.0007 unique=1.0000
ADV epoch=171/200 g_loss=0.3461 d_loss=0.0000 reward=0.6657 reward_var=0.0004 unique=1.0000
ADV epoch=172/200 g_loss=0.3480 d_loss=0.0000 reward=0.6650 reward_var=0.0005 unique=1.0000
ADV epoch=173/200 g_loss=0.3639 d_loss=0.0000 reward=0.6661 reward_var=0.0003 unique=1.0000
ADV epoch=174/200 g_loss=0.3723 d_loss=0.0000 reward=0.6672 reward_var=0.0002 unique=1.0000


===== NEW SESSION 2026-07-18T05:47:55.255641 =====

[1/3] pretrain G
G epoch=1/160 loss=5.0078
G epoch=2/160 loss=4.9118
G epoch=3/160 loss=4.8024
G epoch=4/160 loss=4.6611
G epoch=5/160 loss=4.4734
G epoch=6/160 loss=4.2374
G epoch=7/160 loss=3.9839
G epoch=8/160 loss=3.7649
G epoch=9/160 loss=3.5971
G epoch=10/160 loss=3.4631
G epoch=11/160 loss=3.3469
G epoch=12/160 loss=3.2472
G epoch=13/160 loss=3.1705
G epoch=14/160 loss=3.1111
G epoch=15/160 loss=3.0589
G epoch=16/160 loss=3.0074
G epoch=17/160 loss=2.9511
G epoch=18/160 loss=2.8886
G epoch=19/160 loss=2.8226
G epoch=20/160 loss=2.7563
G epoch=21/160 loss=2.6905
G epoch=22/160 loss=2.6256
G epoch=23/160 loss=2.5646
G epoch=24/160 loss=2.5069
G epoch=25/160 loss=2.4521
G epoch=26/160 loss=2.3998
G epoch=27/160 loss=2.3485
G epoch=28/160 loss=2.2981
G epoch=29/160 loss=2.2488
G epoch=30/160 loss=2.2010
G epoch=31/160 loss=2.1548
G epoch=32/160 loss=2.1104
G epoch=33/160 loss=2.0670
G epoch=34/160 loss=2.0247
G epoch=35/160 loss=1.9839
G epoch=36/160 loss=1.9447
G epoch=37/160 loss=1.9070
G epoch=38/160 loss=1.8701
G epoch=39/160 loss=1.8338
G epoch=40/160 loss=1.7983
G epoch=41/160 loss=1.7637
G epoch=42/160 loss=1.7300
G epoch=43/160 loss=1.6971
G epoch=44/160 loss=1.6652
G epoch=45/160 loss=1.6343
G epoch=46/160 loss=1.6046
G epoch=47/160 loss=1.5757
G epoch=48/160 loss=1.5474
G epoch=49/160 loss=1.5194
G epoch=50/160 loss=1.4918
G epoch=51/160 loss=1.4646
G epoch=52/160 loss=1.4378
G epoch=53/160 loss=1.4116
G epoch=54/160 loss=1.3861
G epoch=55/160 loss=1.3613
G epoch=56/160 loss=1.3369
G epoch=57/160 loss=1.3126
G epoch=58/160 loss=1.2887
G epoch=59/160 loss=1.2652
G epoch=60/160 loss=1.2425
G epoch=61/160 loss=1.2204
G epoch=62/160 loss=1.1981
G epoch=63/160 loss=1.1761
G epoch=64/160 loss=1.1552
G epoch=65/160 loss=1.1355
G epoch=66/160 loss=1.1161
G epoch=67/160 loss=1.0968
G epoch=68/160 loss=1.0781
G epoch=69/160 loss=1.0602
G epoch=70/160 loss=1.0429
G epoch=71/160 loss=1.0260
G epoch=72/160 loss=1.0094
G epoch=73/160 loss=0.9933
G epoch=74/160 loss=0.9776
G epoch=75/160 loss=0.9622
G epoch=76/160 loss=0.9474
G epoch=77/160 loss=0.9343
G epoch=78/160 loss=0.9279
G epoch=79/160 loss=0.9196
G epoch=80/160 loss=0.8939
G epoch=81/160 loss=0.8889
G epoch=82/160 loss=0.8698
G epoch=83/160 loss=0.8581
G epoch=84/160 loss=0.8476
G epoch=85/160 loss=0.8313
G epoch=86/160 loss=0.8239
G epoch=87/160 loss=0.8090
G epoch=88/160 loss=0.7989
G epoch=89/160 loss=0.7896
G epoch=90/160 loss=0.7765
G epoch=91/160 loss=0.7686
G epoch=92/160 loss=0.7581
G epoch=93/160 loss=0.7489
G epoch=94/160 loss=0.7388
G epoch=95/160 loss=0.7300
G epoch=96/160 loss=0.7206
G epoch=97/160 loss=0.7111
G epoch=98/160 loss=0.7032
G epoch=99/160 loss=0.6936
G epoch=100/160 loss=0.6858
G epoch=101/160 loss=0.6776
G epoch=102/160 loss=0.6689
G epoch=103/160 loss=0.6615
G epoch=104/160 loss=0.6537
G epoch=105/160 loss=0.6463
G epoch=106/160 loss=0.6390
G epoch=107/160 loss=0.6317
G epoch=108/160 loss=0.6246
G epoch=109/160 loss=0.6176
G epoch=110/160 loss=0.6109
G epoch=111/160 loss=0.6040
G epoch=112/160 loss=0.5978
G epoch=113/160 loss=0.5912
G epoch=114/160 loss=0.5852
G epoch=115/160 loss=0.5789
G epoch=116/160 loss=0.5729
G epoch=117/160 loss=0.5669
G epoch=118/160 loss=0.5610
G epoch=119/160 loss=0.5552
G epoch=120/160 loss=0.5495
G epoch=121/160 loss=0.5438
G epoch=122/160 loss=0.5382
G epoch=123/160 loss=0.5326
G epoch=124/160 loss=0.5271
G epoch=125/160 loss=0.5217
G epoch=126/160 loss=0.5162
G epoch=127/160 loss=0.5108
G epoch=128/160 loss=0.5055
G epoch=129/160 loss=0.5002
G epoch=130/160 loss=0.4950
G epoch=131/160 loss=0.4898
G epoch=132/160 loss=0.4847
G epoch=133/160 loss=0.4796
G epoch=134/160 loss=0.4746
G epoch=135/160 loss=0.4697
G epoch=136/160 loss=0.4648
G epoch=137/160 loss=0.4599
G epoch=138/160 loss=0.4551
G epoch=139/160 loss=0.4504
G epoch=140/160 loss=0.4457
G epoch=141/160 loss=0.4410
G epoch=142/160 loss=0.4364
G epoch=143/160 loss=0.4318
G epoch=144/160 loss=0.4273
G epoch=145/160 loss=0.4229
G epoch=146/160 loss=0.4186
G epoch=147/160 loss=0.4142
G epoch=148/160 loss=0.4099
G epoch=149/160 loss=0.4056
G epoch=150/160 loss=0.4014
G epoch=151/160 loss=0.3973
G epoch=152/160 loss=0.3932
G epoch=153/160 loss=0.3892
G epoch=154/160 loss=0.3852
G epoch=155/160 loss=0.3812
G epoch=156/160 loss=0.3773
G epoch=157/160 loss=0.3734
G epoch=158/160 loss=0.3698
G epoch=159/160 loss=0.3667
G epoch=160/160 loss=0.3682

[2/3] pretrain D

[3/3] adversarial
generator_reward_mode=on reward_alpha=0.700 d_steps=5 d_epochs=3
Traceback (most recent call last):
  File "<frozen runpy>", line 198, in _run_module_as_main
  File "<frozen runpy>", line 88, in _run_code
  File "/content/GAN_for_SQLi_rerun_13/models/seqgan_improved/runtime/train.py", line 452, in <module>
    main()
  File "/content/GAN_for_SQLi_rerun_13/models/seqgan_improved/runtime/train.py", line 448, in main
    run_training(build_parser().parse_args())
  File "/content/GAN_for_SQLi_rerun_13/models/seqgan_improved/runtime/train.py", line 266, in run_training
    adversarial_stats = adv_train(
                        ^^^^^^^^^^
  File "/content/GAN_for_SQLi_rerun_13/models/seqgan_improved/runtime/adversarial.py", line 224, in adv_train
    discriminator_reward = rollout.get_reward(sequences.detach(), mask=mask.detach())
                           ^^^^^^^^^^^^^^^^^^^^^^^^^^^^^^^^^^^^^^^^^^^^^^^^^^^^^^^^^^
  File "/usr/local/lib/python3.12/dist-packages/torch/utils/_contextlib.py", line 124, in decorate_context
    return func(*args, **kwargs)
           ^^^^^^^^^^^^^^^^^^^^^
  File "/content/GAN_for_SQLi_rerun_13/models/seqgan_improved/runtime/rollout.py", line 79, in get_reward
    tails = self.beta.continue_batched(
            ^^^^^^^^^^^^^^^^^^^^^^^^^^^
  File "/usr/local/lib/python3.12/dist-packages/torch/utils/_contextlib.py", line 124, in decorate_context
    return func(*args, **kwargs)
           ^^^^^^^^^^^^^^^^^^^^^
  File "/content/GAN_for_SQLi_rerun_13/models/seqgan_improved/runtime/generator.py", line 177, in continue_batched
    nxt = torch.multinomial(prob, 1).squeeze(1)
          ^^^^^^^^^^^^^^^^^^^^^^^^^^
KeyboardInterrupt


===== NEW SESSION 2026-07-18T05:51:50.517846 =====

[1/3] pretrain G
G epoch=1/160 loss=5.0078
G epoch=2/160 loss=4.9118
G epoch=3/160 loss=4.8024
G epoch=4/160 loss=4.6611
G epoch=5/160 loss=4.4734
G epoch=6/160 loss=4.2374
G epoch=7/160 loss=3.9839
G epoch=8/160 loss=3.7649
G epoch=9/160 loss=3.5971
G epoch=10/160 loss=3.4631
G epoch=11/160 loss=3.3469
G epoch=12/160 loss=3.2472
G epoch=13/160 loss=3.1705
G epoch=14/160 loss=3.1111
G epoch=15/160 loss=3.0589
G epoch=16/160 loss=3.0074
G epoch=17/160 loss=2.9511
G epoch=18/160 loss=2.8886
G epoch=19/160 loss=2.8226
G epoch=20/160 loss=2.7563
G epoch=21/160 loss=2.6905
G epoch=22/160 loss=2.6256
G epoch=23/160 loss=2.5646
G epoch=24/160 loss=2.5069
G epoch=25/160 loss=2.4521
G epoch=26/160 loss=2.3998
G epoch=27/160 loss=2.3485
G epoch=28/160 loss=2.2981
G epoch=29/160 loss=2.2488
G epoch=30/160 loss=2.2010
G epoch=31/160 loss=2.1548
G epoch=32/160 loss=2.1104
G epoch=33/160 loss=2.0670
G epoch=34/160 loss=2.0247
G epoch=35/160 loss=1.9839
G epoch=36/160 loss=1.9447
G epoch=37/160 loss=1.9070
G epoch=38/160 loss=1.8701
G epoch=39/160 loss=1.8338
G epoch=40/160 loss=1.7983
G epoch=41/160 loss=1.7637
G epoch=42/160 loss=1.7300
G epoch=43/160 loss=1.6971
G epoch=44/160 loss=1.6652
G epoch=45/160 loss=1.6343
G epoch=46/160 loss=1.6046
G epoch=47/160 loss=1.5757
G epoch=48/160 loss=1.5474
G epoch=49/160 loss=1.5194
G epoch=50/160 loss=1.4918
G epoch=51/160 loss=1.4646
G epoch=52/160 loss=1.4378
G epoch=53/160 loss=1.4116
G epoch=54/160 loss=1.3861
G epoch=55/160 loss=1.3613
G epoch=56/160 loss=1.3369
G epoch=57/160 loss=1.3126
G epoch=58/160 loss=1.2887
G epoch=59/160 loss=1.2652
G epoch=60/160 loss=1.2425
G epoch=61/160 loss=1.2204
G epoch=62/160 loss=1.1981
G epoch=63/160 loss=1.1761
G epoch=64/160 loss=1.1552
G epoch=65/160 loss=1.1355
G epoch=66/160 loss=1.1161
G epoch=67/160 loss=1.0968
G epoch=68/160 loss=1.0781
G epoch=69/160 loss=1.0602
G epoch=70/160 loss=1.0429
G epoch=71/160 loss=1.0260
G epoch=72/160 loss=1.0094
G epoch=73/160 loss=0.9933
G epoch=74/160 loss=0.9776
G epoch=75/160 loss=0.9622
G epoch=76/160 loss=0.9474
G epoch=77/160 loss=0.9343
G epoch=78/160 loss=0.9279
G epoch=79/160 loss=0.9196
G epoch=80/160 loss=0.8939
G epoch=81/160 loss=0.8889
G epoch=82/160 loss=0.8698
G epoch=83/160 loss=0.8581
G epoch=84/160 loss=0.8476
G epoch=85/160 loss=0.8313
G epoch=86/160 loss=0.8239
G epoch=87/160 loss=0.8090
G epoch=88/160 loss=0.7989
G epoch=89/160 loss=0.7896
G epoch=90/160 loss=0.7765
G epoch=91/160 loss=0.7686
G epoch=92/160 loss=0.7581
G epoch=93/160 loss=0.7489
G epoch=94/160 loss=0.7388
G epoch=95/160 loss=0.7300
G epoch=96/160 loss=0.7206
G epoch=97/160 loss=0.7111
G epoch=98/160 loss=0.7032
G epoch=99/160 loss=0.6936
G epoch=100/160 loss=0.6858
G epoch=101/160 loss=0.6776
G epoch=102/160 loss=0.6689
G epoch=103/160 loss=0.6615
G epoch=104/160 loss=0.6537
G epoch=105/160 loss=0.6463
G epoch=106/160 loss=0.6390
G epoch=107/160 loss=0.6317
G epoch=108/160 loss=0.6246
G epoch=109/160 loss=0.6176
G epoch=110/160 loss=0.6109
G epoch=111/160 loss=0.6040
G epoch=112/160 loss=0.5978
G epoch=113/160 loss=0.5912
G epoch=114/160 loss=0.5852
G epoch=115/160 loss=0.5789
G epoch=116/160 loss=0.5729
G epoch=117/160 loss=0.5669
G epoch=118/160 loss=0.5610
G epoch=119/160 loss=0.5552
G epoch=120/160 loss=0.5495
G epoch=121/160 loss=0.5438
G epoch=122/160 loss=0.5382
G epoch=123/160 loss=0.5326
G epoch=124/160 loss=0.5271
G epoch=125/160 loss=0.5217
G epoch=126/160 loss=0.5162
G epoch=127/160 loss=0.5108
G epoch=128/160 loss=0.5055
G epoch=129/160 loss=0.5002
G epoch=130/160 loss=0.4950
G epoch=131/160 loss=0.4898
G epoch=132/160 loss=0.4847
G epoch=133/160 loss=0.4796
G epoch=134/160 loss=0.4746
G epoch=135/160 loss=0.4697
G epoch=136/160 loss=0.4648
G epoch=137/160 loss=0.4599
G epoch=138/160 loss=0.4551
G epoch=139/160 loss=0.4504
G epoch=140/160 loss=0.4457
G epoch=141/160 loss=0.4410
G epoch=142/160 loss=0.4364
G epoch=143/160 loss=0.4318
G epoch=144/160 loss=0.4273
G epoch=145/160 loss=0.4229
G epoch=146/160 loss=0.4186
G epoch=147/160 loss=0.4142
G epoch=148/160 loss=0.4099
G epoch=149/160 loss=0.4056
G epoch=150/160 loss=0.4014
G epoch=151/160 loss=0.3973
G epoch=152/160 loss=0.3932
G epoch=153/160 loss=0.3892
G epoch=154/160 loss=0.3852
G epoch=155/160 loss=0.3813
G epoch=156/160 loss=0.3774
G epoch=157/160 loss=0.3735
G epoch=158/160 loss=0.3701
G epoch=159/160 loss=0.3675
G epoch=160/160 loss=0.3732

[2/3] pretrain D

[3/3] adversarial
generator_reward_mode=on reward_alpha=0.700 d_steps=5 d_epochs=3
ADV epoch=1/200 g_loss=0.5320 d_loss=0.0000 reward=0.6557 reward_var=0.0038 unique=1.0000
ADV epoch=2/200 g_loss=0.5028 d_loss=0.0000 reward=0.6733 reward_var=0.0015 unique=1.0000
ADV epoch=3/200 g_loss=0.4913 d_loss=0.0000 reward=0.6788 reward_var=0.0006 unique=1.0000
ADV epoch=4/200 g_loss=0.5028 d_loss=0.0000 reward=0.6799 reward_var=0.0005 unique=1.0000
ADV epoch=5/200 g_loss=0.5419 d_loss=0.0000 reward=0.6831 reward_var=0.0003 unique=1.0000
ADV epoch=6/200 g_loss=0.4963 d_loss=0.0000 reward=0.6805 reward_var=0.0002 unique=1.0000
ADV epoch=7/200 g_loss=0.3926 d_loss=0.0000 reward=0.6746 reward_var=0.0003 unique=1.0000
ADV epoch=8/200 g_loss=0.3035 d_loss=0.0000 reward=0.6673 reward_var=0.0004 unique=1.0000
ADV epoch=9/200 g_loss=0.2760 d_loss=0.0000 reward=0.6613 reward_var=0.0004 unique=1.0000
ADV epoch=10/200 g_loss=0.2576 d_loss=0.0000 reward=0.6562 reward_var=0.0004 unique=1.0000
ADV epoch=11/200 g_loss=0.2552 d_loss=0.0000 reward=0.6543 reward_var=0.0004 unique=1.0000
ADV epoch=12/200 g_loss=0.2571 d_loss=0.0000 reward=0.6547 reward_var=0.0005 unique=1.0000


===== NEW SESSION 2026-07-18T08:55:18.033543 =====

[3/3] adversarial
generator_reward_mode=on reward_alpha=0.700 d_steps=5 d_epochs=3
Resumed adversarial checkpoint /content/drive/MyDrive/GAN/GAN_for_SQLi/result/phase2b_batch6x/_checkpoints_rerun_13/time_D_R500_V8_B6X/latest_adversarial.pt at epoch 11
Traceback (most recent call last):
  File "<frozen runpy>", line 198, in _run_module_as_main
  File "<frozen runpy>", line 88, in _run_code
  File "/content/GAN_for_SQLi_rerun_13/models/seqgan_improved/runtime/train.py", line 452, in <module>
    main()
  File "/content/GAN_for_SQLi_rerun_13/models/seqgan_improved/runtime/train.py", line 448, in main
    run_training(build_parser().parse_args())
  File "/content/GAN_for_SQLi_rerun_13/models/seqgan_improved/runtime/train.py", line 266, in run_training
    adversarial_stats = adv_train(
                        ^^^^^^^^^^
  File "/content/GAN_for_SQLi_rerun_13/models/seqgan_improved/runtime/adversarial.py", line 224, in adv_train
    discriminator_reward = rollout.get_reward(sequences.detach(), mask=mask.detach())
                           ^^^^^^^^^^^^^^^^^^^^^^^^^^^^^^^^^^^^^^^^^^^^^^^^^^^^^^^^^^
  File "/usr/local/lib/python3.12/dist-packages/torch/utils/_contextlib.py", line 124, in decorate_context
    return func(*args, **kwargs)
           ^^^^^^^^^^^^^^^^^^^^^
  File "/content/GAN_for_SQLi_rerun_13/models/seqgan_improved/runtime/rollout.py", line 87, in get_reward
    scores = self.discriminator.prob_real(completed).view(B, rollout_num)
             ^^^^^^^^^^^^^^^^^^^^^^^^^^^^^^^^^^^^^^^
  File "/content/GAN_for_SQLi_rerun_13/models/seqgan_improved/runtime/discriminator.py", line 128, in prob_real
    return F.softmax(self.forward(input_ids), dim=1)[:, 1]
                     ^^^^^^^^^^^^^^^^^^^^^^^
  File "/content/GAN_for_SQLi_rerun_13/models/seqgan_improved/runtime/discriminator.py", line 121, in forward
    h = h.masked_fill(fill_mask.unsqueeze(1), torch.finfo(h.dtype).min)
                      ^^^^^^^^^^^^^^^^^^^^^^
KeyboardInterrupt


===== NEW SESSION 2026-07-18T08:57:49.411944 =====

[3/3] adversarial
generator_reward_mode=on reward_alpha=0.700 d_steps=5 d_epochs=3
Resumed adversarial checkpoint /content/drive/MyDrive/GAN/GAN_for_SQLi/result/phase2b_batch6x/_checkpoints_rerun_13/time_D_R500_V8_B6X/latest_adversarial.pt at epoch 11
ADV epoch=11/200 g_loss=0.2562 d_loss=0.0000 reward=0.6536 reward_var=0.0004 unique=1.0000
ADV epoch=12/200 g_loss=0.2604 d_loss=0.0000 reward=0.6520 reward_var=0.0005 unique=1.0000
ADV epoch=13/200 g_loss=0.2797 d_loss=0.0000 reward=0.6522 reward_var=0.0005 unique=1.0000
ADV epoch=14/200 g_loss=0.3001 d_loss=0.0000 reward=0.6527 reward_var=0.0005 unique=1.0000
ADV epoch=15/200 g_loss=0.3117 d_loss=0.0000 reward=0.6519 reward_var=0.0004 unique=1.0000
ADV epoch=16/200 g_loss=0.3012 d_loss=0.0000 reward=0.6504 reward_var=0.0005 unique=1.0000
ADV epoch=17/200 g_loss=0.2898 d_loss=0.0000 reward=0.6526 reward_var=0.0005 unique=1.0000
ADV epoch=18/200 g_loss=0.2948 d_loss=0.0000 reward=0.6535 reward_var=0.0004 unique=1.0000
ADV epoch=19/200 g_loss=0.2983 d_loss=0.0000 reward=0.6549 reward_var=0.0004 unique=1.0000
ADV epoch=20/200 g_loss=0.3022 d_loss=0.0000 reward=0.6559 reward_var=0.0004 unique=1.0000
ADV epoch=21/200 g_loss=0.3042 d_loss=0.0000 reward=0.6573 reward_var=0.0004 unique=1.0000
ADV epoch=22/200 g_loss=0.3092 d_loss=0.0000 reward=0.6580 reward_var=0.0004 unique=1.0000
ADV epoch=23/200 g_loss=0.3148 d_loss=0.0000 reward=0.6596 reward_var=0.0004 unique=1.0000
ADV epoch=24/200 g_loss=0.3133 d_loss=0.0000 reward=0.6597 reward_var=0.0004 unique=1.0000
ADV epoch=25/200 g_loss=0.3136 d_loss=0.0000 reward=0.6621 reward_var=0.0004 unique=1.0000
ADV epoch=26/200 g_loss=0.3112 d_loss=0.0000 reward=0.6629 reward_var=0.0003 unique=1.0000
ADV epoch=27/200 g_loss=0.3122 d_loss=0.0000 reward=0.6630 reward_var=0.0004 unique=1.0000
ADV epoch=28/200 g_loss=0.3156 d_loss=0.0000 reward=0.6655 reward_var=0.0003 unique=1.0000
ADV epoch=29/200 g_loss=0.3240 d_loss=0.0000 reward=0.6675 reward_var=0.0003 unique=1.0000
ADV epoch=30/200 g_loss=0.3324 d_loss=0.0000 reward=0.6689 reward_var=0.0002 unique=1.0000
ADV epoch=31/200 g_loss=0.3427 d_loss=0.0000 reward=0.6709 reward_var=0.0002 unique=1.0000
ADV epoch=32/200 g_loss=0.3662 d_loss=0.0000 reward=0.6737 reward_var=0.0002 unique=1.0000
ADV epoch=33/200 g_loss=0.3769 d_loss=0.0000 reward=0.6757 reward_var=0.0001 unique=1.0000
ADV epoch=34/200 g_loss=0.3936 d_loss=0.0000 reward=0.6786 reward_var=0.0001 unique=1.0000
ADV epoch=35/200 g_loss=0.4270 d_loss=0.0000 reward=0.6800 reward_var=0.0001 unique=1.0000
ADV epoch=36/200 g_loss=0.4410 d_loss=0.0000 reward=0.6810 reward_var=0.0001 unique=1.0000
ADV epoch=37/200 g_loss=0.4532 d_loss=0.0000 reward=0.6824 reward_var=0.0001 unique=1.0000
ADV epoch=38/200 g_loss=0.4673 d_loss=0.0000 reward=0.6830 reward_var=0.0001 unique=1.0000
ADV epoch=39/200 g_loss=0.5079 d_loss=0.0000 reward=0.6847 reward_var=0.0001 unique=1.0000
ADV epoch=40/200 g_loss=0.5190 d_loss=0.0000 reward=0.6848 reward_var=0.0001 unique=1.0000
ADV epoch=41/200 g_loss=0.5314 d_loss=0.0000 reward=0.6854 reward_var=0.0001 unique=1.0000
ADV epoch=42/200 g_loss=0.5313 d_loss=0.0000 reward=0.6857 reward_var=0.0001 unique=1.0000
ADV epoch=43/200 g_loss=0.5471 d_loss=0.0000 reward=0.6868 reward_var=0.0001 unique=1.0000
ADV epoch=44/200 g_loss=0.5481 d_loss=0.0000 reward=0.6867 reward_var=0.0001 unique=1.0000
ADV epoch=45/200 g_loss=0.5604 d_loss=0.0000 reward=0.6878 reward_var=0.0001 unique=1.0000
ADV epoch=46/200 g_loss=0.5649 d_loss=0.0000 reward=0.6881 reward_var=0.0001 unique=1.0000
ADV epoch=47/200 g_loss=0.5782 d_loss=0.0000 reward=0.6897 reward_var=0.0001 unique=1.0000
ADV epoch=48/200 g_loss=0.5799 d_loss=0.0000 reward=0.6898 reward_var=0.0001 unique=1.0000
ADV epoch=49/200 g_loss=0.5784 d_loss=0.0000 reward=0.6907 reward_var=0.0001 unique=1.0000
ADV epoch=50/200 g_loss=0.5661 d_loss=0.0000 reward=0.6909 reward_var=0.0002 unique=1.0000
ADV epoch=51/200 g_loss=0.5515 d_loss=0.0000 reward=0.6896 reward_var=0.0004 unique=1.0000
ADV epoch=52/200 g_loss=0.5471 d_loss=0.0000 reward=0.6915 reward_var=0.0002 unique=1.0000
ADV epoch=53/200 g_loss=0.5451 d_loss=0.0000 reward=0.6918 reward_var=0.0004 unique=1.0000
ADV epoch=54/200 g_loss=0.5306 d_loss=0.0000 reward=0.6944 reward_var=0.0001 unique=1.0000
ADV epoch=55/200 g_loss=0.5227 d_loss=0.0000 reward=0.6952 reward_var=0.0002 unique=1.0000
ADV epoch=56/200 g_loss=0.5082 d_loss=0.0000 reward=0.6969 reward_var=0.0001 unique=1.0000
ADV epoch=57/200 g_loss=0.5137 d_loss=0.0000 reward=0.6988 reward_var=0.0001 unique=1.0000
ADV epoch=58/200 g_loss=0.5209 d_loss=0.0000 reward=0.6998 reward_var=0.0001 unique=1.0000
ADV epoch=59/200 g_loss=0.5224 d_loss=0.0000 reward=0.7012 reward_var=0.0001 unique=1.0000
ADV epoch=60/200 g_loss=0.5200 d_loss=0.0000 reward=0.7028 reward_var=0.0001 unique=1.0000
ADV epoch=61/200 g_loss=0.5165 d_loss=0.0000 reward=0.7042 reward_var=0.0001 unique=1.0000
ADV epoch=62/200 g_loss=0.5101 d_loss=0.0000 reward=0.7046 reward_var=0.0001 unique=1.0000
ADV epoch=63/200 g_loss=0.4977 d_loss=0.0000 reward=0.7059 reward_var=0.0001 unique=1.0000
ADV epoch=64/200 g_loss=0.4901 d_loss=0.0000 reward=0.7060 reward_var=0.0001 unique=1.0000
ADV epoch=65/200 g_loss=0.4806 d_loss=0.0000 reward=0.7061 reward_var=0.0001 unique=1.0000
ADV epoch=66/200 g_loss=0.4699 d_loss=0.0000 reward=0.7072 reward_var=0.0001 unique=1.0000
ADV epoch=67/200 g_loss=0.4616 d_loss=0.0000 reward=0.7068 reward_var=0.0001 unique=1.0000
ADV epoch=68/200 g_loss=0.4597 d_loss=0.0000 reward=0.7071 reward_var=0.0001 unique=1.0000
ADV epoch=69/200 g_loss=0.4599 d_loss=0.0000 reward=0.7077 reward_var=0.0001 unique=1.0000
ADV epoch=70/200 g_loss=0.4615 d_loss=0.0000 reward=0.7069 reward_var=0.0001 unique=1.0000
ADV epoch=71/200 g_loss=0.4619 d_loss=0.0000 reward=0.7064 reward_var=0.0001 unique=1.0000
ADV epoch=72/200 g_loss=0.4751 d_loss=0.0000 reward=0.7058 reward_var=0.0001 unique=1.0000
ADV epoch=73/200 g_loss=0.4737 d_loss=0.0000 reward=0.7053 reward_var=0.0001 unique=1.0000
ADV epoch=74/200 g_loss=0.4689 d_loss=0.0000 reward=0.7056 reward_var=0.0001 unique=1.0000
ADV epoch=75/200 g_loss=0.4538 d_loss=0.0000 reward=0.7038 reward_var=0.0001 unique=1.0000
ADV epoch=76/200 g_loss=0.4419 d_loss=0.0000 reward=0.7018 reward_var=0.0001 unique=1.0000
ADV epoch=77/200 g_loss=0.4336 d_loss=0.0000 reward=0.6995 reward_var=0.0001 unique=1.0000
ADV epoch=78/200 g_loss=0.4165 d_loss=0.0000 reward=0.6985 reward_var=0.0001 unique=1.0000
ADV epoch=79/200 g_loss=0.4136 d_loss=0.0000 reward=0.6973 reward_var=0.0001 unique=1.0000
ADV epoch=80/200 g_loss=0.3984 d_loss=0.0000 reward=0.6959 reward_var=0.0001 unique=1.0000
ADV epoch=81/200 g_loss=0.3950 d_loss=0.0000 reward=0.6937 reward_var=0.0001 unique=1.0000
ADV epoch=82/200 g_loss=0.3892 d_loss=0.0000 reward=0.6923 reward_var=0.0001 unique=1.0000
ADV epoch=83/200 g_loss=0.3854 d_loss=0.0000 reward=0.6906 reward_var=0.0001 unique=1.0000
ADV epoch=84/200 g_loss=0.3843 d_loss=0.0000 reward=0.6881 reward_var=0.0002 unique=1.0000
ADV epoch=85/200 g_loss=0.3920 d_loss=0.0000 reward=0.6880 reward_var=0.0001 unique=1.0000
ADV epoch=86/200 g_loss=0.3869 d_loss=0.0000 reward=0.6868 reward_var=0.0002 unique=1.0000
ADV epoch=87/200 g_loss=0.3875 d_loss=0.0000 reward=0.6857 reward_var=0.0002 unique=1.0000
ADV epoch=88/200 g_loss=0.3943 d_loss=0.0000 reward=0.6851 reward_var=0.0002 unique=1.0000
ADV epoch=89/200 g_loss=0.3967 d_loss=0.0000 reward=0.6823 reward_var=0.0002 unique=1.0000
ADV epoch=90/200 g_loss=0.3989 d_loss=0.0000 reward=0.6802 reward_var=0.0002 unique=1.0000
ADV epoch=91/200 g_loss=0.4014 d_loss=0.0000 reward=0.6805 reward_var=0.0002 unique=1.0000
ADV epoch=92/200 g_loss=0.4013 d_loss=0.0000 reward=0.6782 reward_var=0.0002 unique=1.0000
ADV epoch=93/200 g_loss=0.4006 d_loss=0.0000 reward=0.6774 reward_var=0.0003 unique=1.0000
ADV epoch=94/200 g_loss=0.4028 d_loss=0.0000 reward=0.6775 reward_var=0.0003 unique=1.0000
ADV epoch=95/200 g_loss=0.3957 d_loss=0.0000 reward=0.6756 reward_var=0.0003 unique=1.0000
ADV epoch=96/200 g_loss=0.4028 d_loss=0.0000 reward=0.6770 reward_var=0.0003 unique=1.0000
ADV epoch=97/200 g_loss=0.3993 d_loss=0.0000 reward=0.6754 reward_var=0.0003 unique=1.0000
ADV epoch=98/200 g_loss=0.4002 d_loss=0.0000 reward=0.6741 reward_var=0.0003 unique=1.0000
ADV epoch=99/200 g_loss=0.3961 d_loss=0.0000 reward=0.6732 reward_var=0.0003 unique=1.0000
ADV epoch=100/200 g_loss=0.3950 d_loss=0.0000 reward=0.6732 reward_var=0.0003 unique=1.0000
ADV epoch=101/200 g_loss=0.3933 d_loss=0.0000 reward=0.6717 reward_var=0.0003 unique=1.0000
ADV epoch=102/200 g_loss=0.3814 d_loss=0.0000 reward=0.6728 reward_var=0.0003 unique=1.0000
ADV epoch=103/200 g_loss=0.3821 d_loss=0.0000 reward=0.6714 reward_var=0.0004 unique=1.0000
ADV epoch=104/200 g_loss=0.3882 d_loss=0.0000 reward=0.6715 reward_var=0.0003 unique=1.0000
ADV epoch=105/200 g_loss=0.3939 d_loss=0.0000 reward=0.6722 reward_var=0.0003 unique=1.0000
ADV epoch=106/200 g_loss=0.3987 d_loss=0.0000 reward=0.6723 reward_var=0.0004 unique=1.0000
ADV epoch=107/200 g_loss=0.4033 d_loss=0.0000 reward=0.6731 reward_var=0.0003 unique=1.0000
ADV epoch=108/200 g_loss=0.4119 d_loss=0.0000 reward=0.6739 reward_var=0.0003 unique=1.0000
ADV epoch=109/200 g_loss=0.4271 d_loss=0.0000 reward=0.6758 reward_var=0.0003 unique=1.0000
ADV epoch=110/200 g_loss=0.4302 d_loss=0.0000 reward=0.6786 reward_var=0.0003 unique=1.0000
ADV epoch=111/200 g_loss=0.4270 d_loss=0.0000 reward=0.6812 reward_var=0.0002 unique=1.0000
ADV epoch=112/200 g_loss=0.4221 d_loss=0.0000 reward=0.6815 reward_var=0.0003 unique=1.0000
ADV epoch=113/200 g_loss=0.4196 d_loss=0.0000 reward=0.6840 reward_var=0.0002 unique=1.0000
ADV epoch=114/200 g_loss=0.4321 d_loss=0.0000 reward=0.6844 reward_var=0.0002 unique=1.0000
ADV epoch=115/200 g_loss=0.4526 d_loss=0.0000 reward=0.6857 reward_var=0.0002 unique=1.0000
ADV epoch=116/200 g_loss=0.4781 d_loss=0.0000 reward=0.6869 reward_var=0.0002 unique=1.0000
ADV epoch=117/200 g_loss=0.5019 d_loss=0.0000 reward=0.6895 reward_var=0.0002 unique=1.0000
ADV epoch=118/200 g_loss=0.5311 d_loss=0.0000 reward=0.6905 reward_var=0.0001 unique=1.0000
ADV epoch=119/200 g_loss=0.5596 d_loss=0.0000 reward=0.6923 reward_var=0.0001 unique=1.0000
ADV epoch=120/200 g_loss=0.5804 d_loss=0.0000 reward=0.6929 reward_var=0.0001 unique=1.0000
ADV epoch=121/200 g_loss=0.5943 d_loss=0.0000 reward=0.6945 reward_var=0.0001 unique=1.0000
ADV epoch=122/200 g_loss=0.5946 d_loss=0.0000 reward=0.6945 reward_var=0.0001 unique=1.0000
ADV epoch=123/200 g_loss=0.6066 d_loss=0.0000 reward=0.6958 reward_var=0.0001 unique=1.0000
ADV epoch=124/200 g_loss=0.6109 d_loss=0.0000 reward=0.6958 reward_var=0.0001 unique=1.0000
ADV epoch=125/200 g_loss=0.6130 d_loss=0.0000 reward=0.6975 reward_var=0.0001 unique=1.0000
ADV epoch=126/200 g_loss=0.6218 d_loss=0.0000 reward=0.6983 reward_var=0.0001 unique=1.0000
ADV epoch=127/200 g_loss=0.6304 d_loss=0.0000 reward=0.6984 reward_var=0.0001 unique=1.0000
ADV epoch=128/200 g_loss=0.6246 d_loss=0.0000 reward=0.6988 reward_var=0.0001 unique=1.0000
ADV epoch=129/200 g_loss=0.6213 d_loss=0.0000 reward=0.6990 reward_var=0.0001 unique=1.0000
ADV epoch=130/200 g_loss=0.6171 d_loss=0.0000 reward=0.6991 reward_var=0.0001 unique=1.0000
ADV epoch=131/200 g_loss=0.6112 d_loss=0.0000 reward=0.6993 reward_var=0.0001 unique=1.0000
ADV epoch=132/200 g_loss=0.6060 d_loss=0.0000 reward=0.6986 reward_var=0.0001 unique=1.0000
ADV epoch=133/200 g_loss=0.6008 d_loss=0.0000 reward=0.6982 reward_var=0.0001 unique=1.0000
ADV epoch=134/200 g_loss=0.5904 d_loss=0.0000 reward=0.6974 reward_var=0.0001 unique=1.0000
ADV epoch=135/200 g_loss=0.5824 d_loss=0.0000 reward=0.6963 reward_var=0.0001 unique=1.0000
ADV epoch=136/200 g_loss=0.5735 d_loss=0.0000 reward=0.6953 reward_var=0.0001 unique=1.0000
ADV epoch=137/200 g_loss=0.5613 d_loss=0.0000 reward=0.6938 reward_var=0.0001 unique=1.0000
ADV epoch=138/200 g_loss=0.5527 d_loss=0.0000 reward=0.6916 reward_var=0.0001 unique=1.0000
ADV epoch=139/200 g_loss=0.5456 d_loss=0.0000 reward=0.6902 reward_var=0.0001 unique=1.0000
ADV epoch=140/200 g_loss=0.5415 d_loss=0.0000 reward=0.6888 reward_var=0.0001 unique=1.0000
ADV epoch=141/200 g_loss=0.5316 d_loss=0.0000 reward=0.6878 reward_var=0.0001 unique=1.0000
ADV epoch=142/200 g_loss=0.5325 d_loss=0.0000 reward=0.6865 reward_var=0.0001 unique=1.0000
ADV epoch=143/200 g_loss=0.5269 d_loss=0.0000 reward=0.6861 reward_var=0.0001 unique=1.0000
ADV epoch=144/200 g_loss=0.5193 d_loss=0.0000 reward=0.6852 reward_var=0.0001 unique=1.0000
ADV epoch=145/200 g_loss=0.5098 d_loss=0.0000 reward=0.6840 reward_var=0.0001 unique=1.0000
ADV epoch=146/200 g_loss=0.5027 d_loss=0.0000 reward=0.6839 reward_var=0.0001 unique=1.0000
ADV epoch=147/200 g_loss=0.4910 d_loss=0.0000 reward=0.6830 reward_var=0.0001 unique=1.0000
ADV epoch=148/200 g_loss=0.4858 d_loss=0.0000 reward=0.6818 reward_var=0.0001 unique=1.0000
ADV epoch=149/200 g_loss=0.4853 d_loss=0.0000 reward=0.6823 reward_var=0.0001 unique=1.0000
ADV epoch=150/200 g_loss=0.4839 d_loss=0.0000 reward=0.6819 reward_var=0.0001 unique=1.0000
ADV epoch=151/200 g_loss=0.4846 d_loss=0.0000 reward=0.6813 reward_var=0.0001 unique=1.0000
ADV epoch=152/200 g_loss=0.4737 d_loss=0.0000 reward=0.6813 reward_var=0.0001 unique=1.0000
ADV epoch=153/200 g_loss=0.4782 d_loss=0.0000 reward=0.6816 reward_var=0.0001 unique=1.0000
ADV epoch=154/200 g_loss=0.4777 d_loss=0.0000 reward=0.6814 reward_var=0.0001 unique=1.0000
ADV epoch=155/200 g_loss=0.4865 d_loss=0.0000 reward=0.6825 reward_var=0.0001 unique=1.0000
ADV epoch=156/200 g_loss=0.4901 d_loss=0.0000 reward=0.6834 reward_var=0.0001 unique=1.0000
ADV epoch=157/200 g_loss=0.4936 d_loss=0.0000 reward=0.6840 reward_var=0.0001 unique=1.0000
ADV epoch=158/200 g_loss=0.4931 d_loss=0.0000 reward=0.6847 reward_var=0.0001 unique=1.0000
ADV epoch=159/200 g_loss=0.4879 d_loss=0.0000 reward=0.6855 reward_var=0.0001 unique=1.0000
ADV epoch=160/200 g_loss=0.4849 d_loss=0.0000 reward=0.6862 reward_var=0.0001 unique=1.0000
ADV epoch=161/200 g_loss=0.4866 d_loss=0.0000 reward=0.6860 reward_var=0.0001 unique=1.0000
ADV epoch=162/200 g_loss=0.4875 d_loss=0.0000 reward=0.6856 reward_var=0.0001 unique=1.0000
ADV epoch=163/200 g_loss=0.4907 d_loss=0.0000 reward=0.6854 reward_var=0.0001 unique=1.0000
ADV epoch=164/200 g_loss=0.4896 d_loss=0.0000 reward=0.6848 reward_var=0.0001 unique=1.0000
ADV epoch=165/200 g_loss=0.4933 d_loss=0.0000 reward=0.6851 reward_var=0.0001 unique=1.0000
ADV epoch=166/200 g_loss=0.4967 d_loss=0.0000 reward=0.6849 reward_var=0.0001 unique=1.0000
ADV epoch=167/200 g_loss=0.5030 d_loss=0.0000 reward=0.6846 reward_var=0.0001 unique=1.0000
ADV epoch=168/200 g_loss=0.5110 d_loss=0.0000 reward=0.6849 reward_var=0.0001 unique=1.0000
ADV epoch=169/200 g_loss=0.5137 d_loss=0.0000 reward=0.6840 reward_var=0.0001 unique=1.0000
ADV epoch=170/200 g_loss=0.5180 d_loss=0.0000 reward=0.6829 reward_var=0.0001 unique=1.0000
ADV epoch=171/200 g_loss=0.5228 d_loss=0.0000 reward=0.6827 reward_var=0.0001 unique=1.0000
ADV epoch=172/200 g_loss=0.5254 d_loss=0.0000 reward=0.6799 reward_var=0.0001 unique=1.0000
ADV epoch=173/200 g_loss=0.5284 d_loss=0.0000 reward=0.6794 reward_var=0.0001 unique=1.0000
ADV epoch=174/200 g_loss=0.5265 d_loss=0.0000 reward=0.6781 reward_var=0.0001 unique=1.0000
ADV epoch=175/200 g_loss=0.5234 d_loss=0.0000 reward=0.6756 reward_var=0.0002 unique=1.0000
ADV epoch=176/200 g_loss=0.5286 d_loss=0.0000 reward=0.6730 reward_var=0.0002 unique=1.0000
ADV epoch=177/200 g_loss=0.5230 d_loss=0.0000 reward=0.6694 reward_var=0.0002 unique=1.0000
ADV epoch=178/200 g_loss=0.5127 d_loss=0.0000 reward=0.6656 reward_var=0.0003 unique=1.0000


===== NEW SESSION 2026-07-19T09:05:26.382291 =====

[3/3] adversarial
generator_reward_mode=on reward_alpha=0.700 d_steps=5 d_epochs=3
Traceback (most recent call last):
  File "<frozen runpy>", line 198, in _run_module_as_main
  File "<frozen runpy>", line 88, in _run_code
  File "/content/GAN_for_SQLi_rerun_13/models/seqgan_improved/runtime/train.py", line 452, in <module>
    main()
  File "/content/GAN_for_SQLi_rerun_13/models/seqgan_improved/runtime/train.py", line 448, in main
    run_training(build_parser().parse_args())
  File "/content/GAN_for_SQLi_rerun_13/models/seqgan_improved/runtime/train.py", line 266, in run_training
    adversarial_stats = adv_train(
                        ^^^^^^^^^^
  File "/content/GAN_for_SQLi_rerun_13/models/seqgan_improved/runtime/adversarial.py", line 181, in adv_train
    optimizer = optim.Adam(generator.parameters(), lr=gen_lr)
                ^^^^^^^^^^^^^^^^^^^^^^^^^^^^^^^^^^^^^^^^^^^^^
  File "/usr/local/lib/python3.12/dist-packages/torch/optim/adam.py", line 102, in __init__
    super().__init__(params, defaults)
  File "/usr/local/lib/python3.12/dist-packages/torch/optim/optimizer.py", line 408, in __init__
    self.add_param_group(cast(dict, param_group))
  File "/usr/local/lib/python3.12/dist-packages/torch/_compile.py", line 47, in inner
    import torch._dynamo
  File "/usr/local/lib/python3.12/dist-packages/torch/_dynamo/__init__.py", line 13, in <module>
    from . import (
  File "/usr/local/lib/python3.12/dist-packages/torch/_dynamo/aot_compile.py", line 15, in <module>
    from torch._dynamo.convert_frame import GraphRuntimeEnv
  File "/usr/local/lib/python3.12/dist-packages/torch/_dynamo/convert_frame.py", line 62, in <module>
    from torch._dynamo.symbolic_convert import TensorifyState
  File "/usr/local/lib/python3.12/dist-packages/torch/_dynamo/symbolic_convert.py", line 54, in <module>
    from torch._dynamo.exc import ObservedException, TensorifyScalarRestartAnalysis
  File "/usr/local/lib/python3.12/dist-packages/torch/_dynamo/exc.py", line 44, in <module>
    from .utils import counters
  File "/usr/local/lib/python3.12/dist-packages/torch/_dynamo/utils.py", line 70, in <module>
    import torch.fx.experimental.symbolic_shapes
  File "/usr/local/lib/python3.12/dist-packages/torch/fx/experimental/symbolic_shapes.py", line 3, in <module>
    import sympy
  File "/usr/local/lib/python3.12/dist-packages/sympy/__init__.py", line 77, in <module>
    from .polys import (Poly, PurePoly, poly_from_expr, parallel_poly_from_expr,
  File "/usr/local/lib/python3.12/dist-packages/sympy/polys/__init__.py", line 79, in <module>
    from .polyfuncs import (symmetrize, horner, interpolate,
  File "/usr/local/lib/python3.12/dist-packages/sympy/polys/polyfuncs.py", line 10, in <module>
    from sympy.polys.specialpolys import (
  File "/usr/local/lib/python3.12/dist-packages/sympy/polys/specialpolys.py", line 298, in <module>
    from sympy.polys.rings import ring
  File "/usr/local/lib/python3.12/dist-packages/sympy/polys/rings.py", line 31, in <module>
    from sympy.printing.defaults import DefaultPrinting
  File "/usr/local/lib/python3.12/dist-packages/sympy/printing/__init__.py", line 11, in <module>
    from .pycode import pycode
  File "/usr/local/lib/python3.12/dist-packages/sympy/printing/pycode.py", line 11, in <module>
    from .codeprinter import CodePrinter
  File "/usr/local/lib/python3.12/dist-packages/sympy/printing/codeprinter.py", line 13, in <module>
    from sympy.functions.elementary.complexes import re
  File "/usr/local/lib/python3.12/dist-packages/sympy/functions/__init__.py", line 19, in <module>
    from sympy.functions.elementary.trigonometric import (sin, cos, tan,
KeyboardInterrupt


===== NEW SESSION 2026-07-19T09:05:57.416694 =====

[3/3] adversarial
generator_reward_mode=on reward_alpha=0.700 d_steps=5 d_epochs=3
Resumed adversarial checkpoint /content/drive/MyDrive/GAN/GAN_for_SQLi/result/phase2b_batch6x/_checkpoints_rerun_13/time_D_R500_V8_B6X/latest_adversarial.pt at epoch 171
ADV epoch=171/200 g_loss=0.5222 d_loss=0.0000 reward=0.6817 reward_var=0.0001 unique=1.0000
ADV epoch=172/200 g_loss=0.5287 d_loss=0.0000 reward=0.6807 reward_var=0.0001 unique=1.0000
ADV epoch=173/200 g_loss=0.5272 d_loss=0.0000 reward=0.6799 reward_var=0.0001 unique=1.0000
ADV epoch=174/200 g_loss=0.5264 d_loss=0.0000 reward=0.6788 reward_var=0.0001 unique=1.0000
ADV epoch=175/200 g_loss=0.5292 d_loss=0.0000 reward=0.6774 reward_var=0.0001 unique=1.0000
ADV epoch=176/200 g_loss=0.5282 d_loss=0.0000 reward=0.6757 reward_var=0.0001 unique=1.0000
ADV epoch=177/200 g_loss=0.5222 d_loss=0.0000 reward=0.6745 reward_var=0.0001 unique=1.0000
ADV epoch=178/200 g_loss=0.5115 d_loss=0.0000 reward=0.6724 reward_var=0.0001 unique=1.0000
ADV epoch=179/200 g_loss=0.5036 d_loss=0.0000 reward=0.6715 reward_var=0.0001 unique=1.0000
ADV epoch=180/200 g_loss=0.4967 d_loss=0.0000 reward=0.6705 reward_var=0.0002 unique=1.0000
ADV epoch=181/200 g_loss=0.4976 d_loss=0.0000 reward=0.6720 reward_var=0.0001 unique=1.0000
ADV epoch=182/200 g_loss=0.4946 d_loss=0.0000 reward=0.6703 reward_var=0.0001 unique=1.0000
ADV epoch=183/200 g_loss=0.4907 d_loss=0.0000 reward=0.6693 reward_var=0.0001 unique=1.0000
ADV epoch=184/200 g_loss=0.4843 d_loss=0.0000 reward=0.6677 reward_var=0.0001 unique=1.0000
ADV epoch=185/200 g_loss=0.4886 d_loss=0.0000 reward=0.6680 reward_var=0.0001 unique=1.0000
ADV epoch=186/200 g_loss=0.4948 d_loss=0.0000 reward=0.6692 reward_var=0.0001 unique=1.0000
ADV epoch=187/200 g_loss=0.5000 d_loss=0.0000 reward=0.6712 reward_var=0.0001 unique=1.0000
ADV epoch=188/200 g_loss=0.5018 d_loss=0.0000 reward=0.6725 reward_var=0.0001 unique=1.0000
ADV epoch=189/200 g_loss=0.5004 d_loss=0.0000 reward=0.6735 reward_var=0.0001 unique=1.0000
ADV epoch=190/200 g_loss=0.4991 d_loss=0.0000 reward=0.6737 reward_var=0.0001 unique=1.0000
ADV epoch=191/200 g_loss=0.4981 d_loss=0.0000 reward=0.6744 reward_var=0.0001 unique=1.0000
ADV epoch=192/200 g_loss=0.4929 d_loss=0.0000 reward=0.6749 reward_var=0.0001 unique=1.0000
ADV epoch=193/200 g_loss=0.4909 d_loss=0.0000 reward=0.6745 reward_var=0.0001 unique=1.0000
ADV epoch=194/200 g_loss=0.4928 d_loss=0.0000 reward=0.6757 reward_var=0.0001 unique=1.0000
ADV epoch=195/200 g_loss=0.4960 d_loss=0.0000 reward=0.6748 reward_var=0.0001 unique=1.0000
ADV epoch=196/200 g_loss=0.4925 d_loss=0.0000 reward=0.6731 reward_var=0.0001 unique=1.0000
ADV epoch=197/200 g_loss=0.4928 d_loss=0.0000 reward=0.6736 reward_var=0.0001 unique=1.0000
ADV epoch=198/200 g_loss=0.4877 d_loss=0.0000 reward=0.6728 reward_var=0.0001 unique=1.0000
ADV epoch=199/200 g_loss=0.4830 d_loss=0.0000 reward=0.6718 reward_var=0.0002 unique=1.0000
ADV epoch=200/200 g_loss=0.4793 d_loss=0.0000 reward=0.6705 reward_var=0.0002 unique=1.0000
saved 2000 raw samples to /content/drive/MyDrive/GAN/GAN_for_SQLi/result/phase2b_batch6x/time/D/R500/V8_B6X/generated_payloads.csv
