{
  "metric_schema_version": "quality-metrics-v3",
  "normalization_version": "nfkc_html_percent1_casefold_ws_quotes_v1",
  "seed": 88,
  "method": "seqgan_master",
  "family": "error",
  "scenario": "D",
  "ratio": "50",
  "generation_kind": "direct",
  "schema_valid": true,
  "stop_reason": "n/a",
  "n_generated": 200,
  "unique_rate": 1.0,
  "normalized_unique_rate": 1.0,
  "duplicate_rate": 0.0,
  "model_collapse_rate": 0.0,
  "dominant_payload_share": 0.005,
  "normalized_dominant_payload_share": 0.005,
  "sql_parse_rate": 1.0,
  "sql_structure_rate": 0.095,
  "family_motif_coverage": 0.0,
  "family_motif_hit_rate": 0.0,
  "garbage_rate": 0.905,
  "wellformed_rate": 1.0,
  "shaped_rate": 0.095,
  "family_motif_coverage_by_family": {
    "error": 0.0
  },
  "family_motif_hit_rate_by_family": {
    "error": 0.0
  },
  "inferred_family_distribution": {
    "boolean": 0.0,
    "union": 0.0,
    "time": 0.0,
    "error": 0.0,
    "other": 1.0
  },
  "train_reference_count": 312,
  "holdout_reference_count": 259,
  "exact_input_overlap": 0.0,
  "normalized_input_overlap": 0.0,
  "holdout_overlap": 0.0,
  "normalized_holdout_overlap": 0.0,
  "nearest_input_similarity_mean": 0.030532451591909617,
  "nearest_input_similarity_median": 0.029411764705882353,
  "nearest_input_similarity_p90": 0.051181525241675616,
  "nearest_char3_jaccard_mean": 0.030532451591909617,
  "nearest_char3_jaccard_median": 0.029411764705882353,
  "nearest_char3_jaccard_p90": 0.051181525241675616,
  "nearest_token_jaccard_mean": 0.10568067716286285,
  "nearest_token_jaccard_median": 0.1,
  "nearest_token_jaccard_p90": 0.2,
  "nearest_edit_similarity_mean": 0.06546433509377422,
  "nearest_edit_similarity_median": 0.06642156862745097,
  "nearest_edit_similarity_p90": 0.08895522388059703,
  "nearest_feature_cosine_mean": 0.6124831279558949,
  "nearest_feature_cosine_median": 0.6390096576557196,
  "nearest_feature_cosine_p90": 0.7592147634997928,
  "nearest_input_distance_mean": 0.9694675484080904,
  "nearest_input_distance_median": 0.9705882352941176,
  "nearest_input_distance_p90": 0.9890288090288091,
  "mean_nearest_similarity": 0.030532451591909617,
  "median_nearest_similarity": 0.029411764705882353,
  "p90_nearest_similarity": 0.051181525241675616,
  "unique_nearest_payload_rate": 0.43,
  "dominant_retrieved_payload_share": 0.11,
  "nearest_reference_count": 312,
  "distinct_1": 0.3302083333333333,
  "distinct_2": 0.7039473684210527,
  "distinct_3": 0.8879003558718861,
  "lexical_diversity": 0.3302083333333333,
  "character_diversity": 0.801580231726658,
  "token_diversity": 0.7100199824451401,
  "keyword_diversity": 0.9182958340544894,
  "operator_diversity": 0.7232068994267324,
  "function_diversity": 0.9755037590061084,
  "comment_style_diversity": 0.3333333333333333,
  "length_zone_diversity": 0.2,
  "self_bleu": 0.5688359088528157,
  "self_bleu_char": 0.5688359088528157,
  "requested_count": 200,
  "generated_count_fraction": 1.0
}
