
[1/3] pretrain G
G epoch=1/15 loss=4.2826
G epoch=2/15 loss=3.2877
G epoch=3/15 loss=2.7567
G epoch=4/15 loss=2.5390
G epoch=5/15 loss=2.4148
G epoch=6/15 loss=2.3039
G epoch=7/15 loss=2.1619
G epoch=8/15 loss=2.0360
G epoch=9/15 loss=1.9652
G epoch=10/15 loss=1.8695
G epoch=11/15 loss=1.7881
G epoch=12/15 loss=1.7155
G epoch=13/15 loss=1.6095
G epoch=14/15 loss=1.5882
G epoch=15/15 loss=1.5338

[2/3] pretrain D
D step=1/8 epoch=1/2 loss=0.9074 l2=0.2000 label_smoothing=0.000
D step=1/8 epoch=2/2 loss=0.7031 l2=0.2000 label_smoothing=0.000
D step=2/8 epoch=1/2 loss=0.6046 l2=0.2000 label_smoothing=0.000
D step=2/8 epoch=2/2 loss=0.5138 l2=0.2000 label_smoothing=0.000
D step=3/8 epoch=1/2 loss=0.4275 l2=0.2000 label_smoothing=0.000
D step=3/8 epoch=2/2 loss=0.3370 l2=0.2000 label_smoothing=0.000
D step=4/8 epoch=1/2 loss=0.3032 l2=0.2000 label_smoothing=0.000
D step=4/8 epoch=2/2 loss=0.2520 l2=0.2000 label_smoothing=0.000
D step=5/8 epoch=1/2 loss=0.1916 l2=0.2000 label_smoothing=0.000
D step=5/8 epoch=2/2 loss=0.1583 l2=0.2000 label_smoothing=0.000
D step=6/8 epoch=1/2 loss=0.1444 l2=0.2000 label_smoothing=0.000
D step=6/8 epoch=2/2 loss=0.1324 l2=0.2000 label_smoothing=0.000
D step=7/8 epoch=1/2 loss=0.1204 l2=0.2000 label_smoothing=0.000
D step=7/8 epoch=2/2 loss=0.1062 l2=0.2000 label_smoothing=0.000
D step=8/8 epoch=1/2 loss=0.1040 l2=0.2000 label_smoothing=0.000
D step=8/8 epoch=2/2 loss=0.0951 l2=0.2000 label_smoothing=0.000

[3/3] adversarial
generator_reward_mode=off reward_alpha=1.000 d_steps=3 d_epochs=1
D step=1/3 epoch=1/1 loss=0.1198 l2=0.2000 label_smoothing=0.000
D step=2/3 epoch=1/1 loss=0.0991 l2=0.2000 label_smoothing=0.000
D step=3/3 epoch=1/1 loss=0.0824 l2=0.2000 label_smoothing=0.000
ADV epoch=1/6 g_loss=0.0516 d_loss=0.1004 reward=0.0259 reward_var=0.0037 unique=1.0000
D step=1/3 epoch=1/1 loss=0.0772 l2=0.2000 label_smoothing=0.000
D step=2/3 epoch=1/1 loss=0.0877 l2=0.2000 label_smoothing=0.000
D step=3/3 epoch=1/1 loss=0.0713 l2=0.2000 label_smoothing=0.000
ADV epoch=2/6 g_loss=0.0471 d_loss=0.0787 reward=0.0266 reward_var=0.0028 unique=1.0000
D step=1/3 epoch=1/1 loss=0.0942 l2=0.2000 label_smoothing=0.000
D step=2/3 epoch=1/1 loss=0.0747 l2=0.2000 label_smoothing=0.000
D step=3/3 epoch=1/1 loss=0.0701 l2=0.2000 label_smoothing=0.000
ADV epoch=3/6 g_loss=0.0144 d_loss=0.0797 reward=0.0081 reward_var=0.0009 unique=1.0000
saved 200 raw samples to /content/drive/MyDrive/GAN/GAN_SQLi_Colab/results_seqgan_only_mini/phase2a/seqgan_master/error/D/R50/generated_payloads.csv
