
[1/3] pretrain G
G epoch=1/60 loss=4.2826
G epoch=2/60 loss=3.2877
G epoch=3/60 loss=2.7567
G epoch=4/60 loss=2.5390
G epoch=5/60 loss=2.4148
G epoch=6/60 loss=2.3039
G epoch=7/60 loss=2.1619
G epoch=8/60 loss=2.0360
G epoch=9/60 loss=1.9652
G epoch=10/60 loss=1.8695
G epoch=11/60 loss=1.7881
G epoch=12/60 loss=1.7155
G epoch=13/60 loss=1.6095
G epoch=14/60 loss=1.5882
G epoch=15/60 loss=1.5338
G epoch=16/60 loss=1.4588
G epoch=17/60 loss=1.3889
G epoch=18/60 loss=1.3361
G epoch=19/60 loss=1.3042
G epoch=20/60 loss=1.2814
G epoch=21/60 loss=1.1839
G epoch=22/60 loss=1.1850
G epoch=23/60 loss=1.1421
G epoch=24/60 loss=1.1046
G epoch=25/60 loss=1.0893
G epoch=26/60 loss=1.0424
G epoch=27/60 loss=1.0330
G epoch=28/60 loss=0.9853
G epoch=29/60 loss=0.9776
G epoch=30/60 loss=0.9301
G epoch=31/60 loss=0.9329
G epoch=32/60 loss=0.9224
G epoch=33/60 loss=0.8948
G epoch=34/60 loss=0.8737
G epoch=35/60 loss=0.8520
G epoch=36/60 loss=0.8372
G epoch=37/60 loss=0.8271
G epoch=38/60 loss=0.8256
G epoch=39/60 loss=0.7927
G epoch=40/60 loss=0.8016
G epoch=41/60 loss=0.7800
G epoch=42/60 loss=0.7890
G epoch=43/60 loss=0.7657
G epoch=44/60 loss=0.7434
G epoch=45/60 loss=0.7326
G epoch=46/60 loss=0.7318
G epoch=47/60 loss=0.7178
G epoch=48/60 loss=0.7027
G epoch=49/60 loss=0.6981
G epoch=50/60 loss=0.6861
G epoch=51/60 loss=0.6723
G epoch=52/60 loss=0.6711
G epoch=53/60 loss=0.6642
G epoch=54/60 loss=0.6559
G epoch=55/60 loss=0.6593
G epoch=56/60 loss=0.6520
G epoch=57/60 loss=0.6515
G epoch=58/60 loss=0.6164
G epoch=59/60 loss=0.6174
G epoch=60/60 loss=0.6224

[2/3] pretrain D
D step=1/30 epoch=1/3 loss=0.9454 l2=0.2000 label_smoothing=0.000
D step=1/30 epoch=2/3 loss=0.7800 l2=0.2000 label_smoothing=0.000
D step=1/30 epoch=3/3 loss=0.7008 l2=0.2000 label_smoothing=0.000
D step=2/30 epoch=1/3 loss=0.6877 l2=0.2000 label_smoothing=0.000
D step=2/30 epoch=2/3 loss=0.6578 l2=0.2000 label_smoothing=0.000
D step=2/30 epoch=3/3 loss=0.6093 l2=0.2000 label_smoothing=0.000
D step=3/30 epoch=1/3 loss=0.5987 l2=0.2000 label_smoothing=0.000
D step=3/30 epoch=2/3 loss=0.5494 l2=0.2000 label_smoothing=0.000
D step=3/30 epoch=3/3 loss=0.5072 l2=0.2000 label_smoothing=0.000
D step=4/30 epoch=1/3 loss=0.5104 l2=0.2000 label_smoothing=0.000
D step=4/30 epoch=2/3 loss=0.4796 l2=0.2000 label_smoothing=0.000
D step=4/30 epoch=3/3 loss=0.4592 l2=0.2000 label_smoothing=0.000
D step=5/30 epoch=1/3 loss=0.4683 l2=0.2000 label_smoothing=0.000
D step=5/30 epoch=2/3 loss=0.4121 l2=0.2000 label_smoothing=0.000
D step=5/30 epoch=3/3 loss=0.3586 l2=0.2000 label_smoothing=0.000
D step=6/30 epoch=1/3 loss=0.4055 l2=0.2000 label_smoothing=0.000
D step=6/30 epoch=2/3 loss=0.3598 l2=0.2000 label_smoothing=0.000
D step=6/30 epoch=3/3 loss=0.3306 l2=0.2000 label_smoothing=0.000
D step=7/30 epoch=1/3 loss=0.3291 l2=0.2000 label_smoothing=0.000
D step=7/30 epoch=2/3 loss=0.2963 l2=0.2000 label_smoothing=0.000
D step=7/30 epoch=3/3 loss=0.2914 l2=0.2000 label_smoothing=0.000
D step=8/30 epoch=1/3 loss=0.3560 l2=0.2000 label_smoothing=0.000
D step=8/30 epoch=2/3 loss=0.3241 l2=0.2000 label_smoothing=0.000
D step=8/30 epoch=3/3 loss=0.2912 l2=0.2000 label_smoothing=0.000
D step=9/30 epoch=1/3 loss=0.3045 l2=0.2000 label_smoothing=0.000
D step=9/30 epoch=2/3 loss=0.2717 l2=0.2000 label_smoothing=0.000
D step=9/30 epoch=3/3 loss=0.2592 l2=0.2000 label_smoothing=0.000
D step=10/30 epoch=1/3 loss=0.2919 l2=0.2000 label_smoothing=0.000
D step=10/30 epoch=2/3 loss=0.2745 l2=0.2000 label_smoothing=0.000
D step=10/30 epoch=3/3 loss=0.2667 l2=0.2000 label_smoothing=0.000
D step=11/30 epoch=1/3 loss=0.2822 l2=0.2000 label_smoothing=0.000
D step=11/30 epoch=2/3 loss=0.2537 l2=0.2000 label_smoothing=0.000
D step=11/30 epoch=3/3 loss=0.2653 l2=0.2000 label_smoothing=0.000
D step=12/30 epoch=1/3 loss=0.2720 l2=0.2000 label_smoothing=0.000
D step=12/30 epoch=2/3 loss=0.2290 l2=0.2000 label_smoothing=0.000
D step=12/30 epoch=3/3 loss=0.2200 l2=0.2000 label_smoothing=0.000
D step=13/30 epoch=1/3 loss=0.2579 l2=0.2000 label_smoothing=0.000
D step=13/30 epoch=2/3 loss=0.2246 l2=0.2000 label_smoothing=0.000
D step=13/30 epoch=3/3 loss=0.2100 l2=0.2000 label_smoothing=0.000
D step=14/30 epoch=1/3 loss=0.2507 l2=0.2000 label_smoothing=0.000
D step=14/30 epoch=2/3 loss=0.2363 l2=0.2000 label_smoothing=0.000
D step=14/30 epoch=3/3 loss=0.2288 l2=0.2000 label_smoothing=0.000
D step=15/30 epoch=1/3 loss=0.2509 l2=0.2000 label_smoothing=0.000
D step=15/30 epoch=2/3 loss=0.2387 l2=0.2000 label_smoothing=0.000
D step=15/30 epoch=3/3 loss=0.2359 l2=0.2000 label_smoothing=0.000
D step=16/30 epoch=1/3 loss=0.3105 l2=0.2000 label_smoothing=0.000
D step=16/30 epoch=2/3 loss=0.2373 l2=0.2000 label_smoothing=0.000
D step=16/30 epoch=3/3 loss=0.2641 l2=0.2000 label_smoothing=0.000
D step=17/30 epoch=1/3 loss=0.2615 l2=0.2000 label_smoothing=0.000
D step=17/30 epoch=2/3 loss=0.2393 l2=0.2000 label_smoothing=0.000
D step=17/30 epoch=3/3 loss=0.2316 l2=0.2000 label_smoothing=0.000
D step=18/30 epoch=1/3 loss=0.2203 l2=0.2000 label_smoothing=0.000
D step=18/30 epoch=2/3 loss=0.2113 l2=0.2000 label_smoothing=0.000
D step=18/30 epoch=3/3 loss=0.2225 l2=0.2000 label_smoothing=0.000
D step=19/30 epoch=1/3 loss=0.2163 l2=0.2000 label_smoothing=0.000
D step=19/30 epoch=2/3 loss=0.1939 l2=0.2000 label_smoothing=0.000
D step=19/30 epoch=3/3 loss=0.1800 l2=0.2000 label_smoothing=0.000
D step=20/30 epoch=1/3 loss=0.2205 l2=0.2000 label_smoothing=0.000
D step=20/30 epoch=2/3 loss=0.2007 l2=0.2000 label_smoothing=0.000
D step=20/30 epoch=3/3 loss=0.1772 l2=0.2000 label_smoothing=0.000
D step=21/30 epoch=1/3 loss=0.1927 l2=0.2000 label_smoothing=0.000
D step=21/30 epoch=2/3 loss=0.1791 l2=0.2000 label_smoothing=0.000
D step=21/30 epoch=3/3 loss=0.1677 l2=0.2000 label_smoothing=0.000
D step=22/30 epoch=1/3 loss=0.2192 l2=0.2000 label_smoothing=0.000
D step=22/30 epoch=2/3 loss=0.1896 l2=0.2000 label_smoothing=0.000
D step=22/30 epoch=3/3 loss=0.1761 l2=0.2000 label_smoothing=0.000
D step=23/30 epoch=1/3 loss=0.1855 l2=0.2000 label_smoothing=0.000
D step=23/30 epoch=2/3 loss=0.1970 l2=0.2000 label_smoothing=0.000
D step=23/30 epoch=3/3 loss=0.1806 l2=0.2000 label_smoothing=0.000
D step=24/30 epoch=1/3 loss=0.2003 l2=0.2000 label_smoothing=0.000
D step=24/30 epoch=2/3 loss=0.1737 l2=0.2000 label_smoothing=0.000
D step=24/30 epoch=3/3 loss=0.1615 l2=0.2000 label_smoothing=0.000
D step=25/30 epoch=1/3 loss=0.1998 l2=0.2000 label_smoothing=0.000
D step=25/30 epoch=2/3 loss=0.1749 l2=0.2000 label_smoothing=0.000
D step=25/30 epoch=3/3 loss=0.1721 l2=0.2000 label_smoothing=0.000
D step=26/30 epoch=1/3 loss=0.2368 l2=0.2000 label_smoothing=0.000
D step=26/30 epoch=2/3 loss=0.2065 l2=0.2000 label_smoothing=0.000
D step=26/30 epoch=3/3 loss=0.1832 l2=0.2000 label_smoothing=0.000
D step=27/30 epoch=1/3 loss=0.2456 l2=0.2000 label_smoothing=0.000
D step=27/30 epoch=2/3 loss=0.2209 l2=0.2000 label_smoothing=0.000
D step=27/30 epoch=3/3 loss=0.1949 l2=0.2000 label_smoothing=0.000
D step=28/30 epoch=1/3 loss=0.2057 l2=0.2000 label_smoothing=0.000
D step=28/30 epoch=2/3 loss=0.1838 l2=0.2000 label_smoothing=0.000
D step=28/30 epoch=3/3 loss=0.1722 l2=0.2000 label_smoothing=0.000
D step=29/30 epoch=1/3 loss=0.1890 l2=0.2000 label_smoothing=0.000
D step=29/30 epoch=2/3 loss=0.1719 l2=0.2000 label_smoothing=0.000
D step=29/30 epoch=3/3 loss=0.1539 l2=0.2000 label_smoothing=0.000
D step=30/30 epoch=1/3 loss=0.1928 l2=0.2000 label_smoothing=0.000
D step=30/30 epoch=2/3 loss=0.1539 l2=0.2000 label_smoothing=0.000
D step=30/30 epoch=3/3 loss=0.1638 l2=0.2000 label_smoothing=0.000

[3/3] adversarial
generator_reward_mode=off reward_alpha=1.000 d_steps=5 d_epochs=3
D step=1/5 epoch=1/3 loss=0.0776 l2=0.2000 label_smoothing=0.000
D step=1/5 epoch=2/3 loss=0.0484 l2=0.2000 label_smoothing=0.000
D step=1/5 epoch=3/3 loss=0.0440 l2=0.2000 label_smoothing=0.000
D step=2/5 epoch=1/3 loss=0.0469 l2=0.2000 label_smoothing=0.000
D step=2/5 epoch=2/3 loss=0.0405 l2=0.2000 label_smoothing=0.000
D step=2/5 epoch=3/3 loss=0.0386 l2=0.2000 label_smoothing=0.000
D step=3/5 epoch=1/3 loss=0.0366 l2=0.2000 label_smoothing=0.000
D step=3/5 epoch=2/3 loss=0.0350 l2=0.2000 label_smoothing=0.000
D step=3/5 epoch=3/3 loss=0.0335 l2=0.2000 label_smoothing=0.000
D step=4/5 epoch=1/3 loss=0.0484 l2=0.2000 label_smoothing=0.000
D step=4/5 epoch=2/3 loss=0.0347 l2=0.2000 label_smoothing=0.000
D step=4/5 epoch=3/3 loss=0.0308 l2=0.2000 label_smoothing=0.000
D step=5/5 epoch=1/3 loss=0.0338 l2=0.2000 label_smoothing=0.000
D step=5/5 epoch=2/3 loss=0.0305 l2=0.2000 label_smoothing=0.000
D step=5/5 epoch=3/3 loss=0.0278 l2=0.2000 label_smoothing=0.000
ADV epoch=1/60 g_loss=0.0312 d_loss=0.0405 reward=0.0935 reward_var=0.0259 unique=0.7200
D step=1/5 epoch=1/3 loss=0.0286 l2=0.2000 label_smoothing=0.000
D step=1/5 epoch=2/3 loss=0.0271 l2=0.2000 label_smoothing=0.000
D step=1/5 epoch=3/3 loss=0.0248 l2=0.2000 label_smoothing=0.000
D step=2/5 epoch=1/3 loss=0.0222 l2=0.2000 label_smoothing=0.000
D step=2/5 epoch=2/3 loss=0.0199 l2=0.2000 label_smoothing=0.000
D step=2/5 epoch=3/3 loss=0.0186 l2=0.2000 label_smoothing=0.000
D step=3/5 epoch=1/3 loss=0.0181 l2=0.2000 label_smoothing=0.000
D step=3/5 epoch=2/3 loss=0.0162 l2=0.2000 label_smoothing=0.000
D step=3/5 epoch=3/3 loss=0.0147 l2=0.2000 label_smoothing=0.000
D step=4/5 epoch=1/3 loss=0.0147 l2=0.2000 label_smoothing=0.000
D step=4/5 epoch=2/3 loss=0.0129 l2=0.2000 label_smoothing=0.000
D step=4/5 epoch=3/3 loss=0.0120 l2=0.2000 label_smoothing=0.000
D step=5/5 epoch=1/3 loss=0.0161 l2=0.2000 label_smoothing=0.000
D step=5/5 epoch=2/3 loss=0.0134 l2=0.2000 label_smoothing=0.000
D step=5/5 epoch=3/3 loss=0.0113 l2=0.2000 label_smoothing=0.000
ADV epoch=2/60 g_loss=0.0266 d_loss=0.0180 reward=0.1242 reward_var=0.0289 unique=0.5600
D step=1/5 epoch=1/3 loss=0.0090 l2=0.2000 label_smoothing=0.000
D step=1/5 epoch=2/3 loss=0.0073 l2=0.2000 label_smoothing=0.000
D step=1/5 epoch=3/3 loss=0.0059 l2=0.2000 label_smoothing=0.000
D step=2/5 epoch=1/3 loss=0.0059 l2=0.2000 label_smoothing=0.000
D step=2/5 epoch=2/3 loss=0.0047 l2=0.2000 label_smoothing=0.000
D step=2/5 epoch=3/3 loss=0.0041 l2=0.2000 label_smoothing=0.000
D step=3/5 epoch=1/3 loss=0.0049 l2=0.2000 label_smoothing=0.000
D step=3/5 epoch=2/3 loss=0.0051 l2=0.2000 label_smoothing=0.000
D step=3/5 epoch=3/3 loss=0.0036 l2=0.2000 label_smoothing=0.000
D step=4/5 epoch=1/3 loss=0.0085 l2=0.2000 label_smoothing=0.000
D step=4/5 epoch=2/3 loss=0.0047 l2=0.2000 label_smoothing=0.000
D step=4/5 epoch=3/3 loss=0.0034 l2=0.2000 label_smoothing=0.000
D step=5/5 epoch=1/3 loss=0.0037 l2=0.2000 label_smoothing=0.000
D step=5/5 epoch=2/3 loss=0.0034 l2=0.2000 label_smoothing=0.000
D step=5/5 epoch=3/3 loss=0.0030 l2=0.2000 label_smoothing=0.000
ADV epoch=3/60 g_loss=0.0127 d_loss=0.0051 reward=0.0269 reward_var=0.0026 unique=0.3200
D step=1/5 epoch=1/3 loss=0.0034 l2=0.2000 label_smoothing=0.000
D step=1/5 epoch=2/3 loss=0.0028 l2=0.2000 label_smoothing=0.000
D step=1/5 epoch=3/3 loss=0.0024 l2=0.2000 label_smoothing=0.000
D step=2/5 epoch=1/3 loss=0.0028 l2=0.2000 label_smoothing=0.000
D step=2/5 epoch=2/3 loss=0.0022 l2=0.2000 label_smoothing=0.000
D step=2/5 epoch=3/3 loss=0.0020 l2=0.2000 label_smoothing=0.000
D step=3/5 epoch=1/3 loss=0.0020 l2=0.2000 label_smoothing=0.000
D step=3/5 epoch=2/3 loss=0.0017 l2=0.2000 label_smoothing=0.000
D step=3/5 epoch=3/3 loss=0.0016 l2=0.2000 label_smoothing=0.000
D step=4/5 epoch=1/3 loss=0.0017 l2=0.2000 label_smoothing=0.000
D step=4/5 epoch=2/3 loss=0.0015 l2=0.2000 label_smoothing=0.000
D step=4/5 epoch=3/3 loss=0.0014 l2=0.2000 label_smoothing=0.000
D step=5/5 epoch=1/3 loss=0.0014 l2=0.2000 label_smoothing=0.000
D step=5/5 epoch=2/3 loss=0.0013 l2=0.2000 label_smoothing=0.000
D step=5/5 epoch=3/3 loss=0.0012 l2=0.2000 label_smoothing=0.000
ADV epoch=4/60 g_loss=0.0258 d_loss=0.0020 reward=0.0202 reward_var=0.0034 unique=0.5000
D step=1/5 epoch=1/3 loss=0.0039 l2=0.2000 label_smoothing=0.000
D step=1/5 epoch=2/3 loss=0.0014 l2=0.2000 label_smoothing=0.000
D step=1/5 epoch=3/3 loss=0.0012 l2=0.2000 label_smoothing=0.000
D step=2/5 epoch=1/3 loss=0.0016 l2=0.2000 label_smoothing=0.000
D step=2/5 epoch=2/3 loss=0.0014 l2=0.2000 label_smoothing=0.000
D step=2/5 epoch=3/3 loss=0.0012 l2=0.2000 label_smoothing=0.000
D step=3/5 epoch=1/3 loss=0.0011 l2=0.2000 label_smoothing=0.000
D step=3/5 epoch=2/3 loss=0.0011 l2=0.2000 label_smoothing=0.000
D step=3/5 epoch=3/3 loss=0.0010 l2=0.2000 label_smoothing=0.000
D step=4/5 epoch=1/3 loss=0.0011 l2=0.2000 label_smoothing=0.000
D step=4/5 epoch=2/3 loss=0.0010 l2=0.2000 label_smoothing=0.000
D step=4/5 epoch=3/3 loss=0.0009 l2=0.2000 label_smoothing=0.000
D step=5/5 epoch=1/3 loss=0.0009 l2=0.2000 label_smoothing=0.000
D step=5/5 epoch=2/3 loss=0.0009 l2=0.2000 label_smoothing=0.000
D step=5/5 epoch=3/3 loss=0.0008 l2=0.2000 label_smoothing=0.000
ADV epoch=5/60 g_loss=0.0050 d_loss=0.0013 reward=0.0048 reward_var=0.0004 unique=0.3000
saved 500 raw samples to /content/drive/MyDrive/GAN/GAN_SQLi_Colab/results_seqgan_phase2b_phase3/phase2b/seqgan_master/error/D/R50/generated_payloads.csv
