
[1/3] pretrain G
G epoch=1/60 loss=5.3379
G epoch=2/60 loss=5.2323
G epoch=3/60 loss=5.1183
G epoch=4/60 loss=4.9899
G epoch=5/60 loss=4.8270
G epoch=6/60 loss=4.6161
G epoch=7/60 loss=4.3664
G epoch=8/60 loss=4.0789
G epoch=9/60 loss=3.8221
G epoch=10/60 loss=3.5892
G epoch=11/60 loss=3.3843
G epoch=12/60 loss=3.2023
G epoch=13/60 loss=3.0452
G epoch=14/60 loss=2.9461
G epoch=15/60 loss=2.8115
G epoch=16/60 loss=2.7132
G epoch=17/60 loss=2.6215
G epoch=18/60 loss=2.6289
G epoch=19/60 loss=2.4716
G epoch=20/60 loss=2.4703
G epoch=21/60 loss=2.3281
G epoch=22/60 loss=2.2909
G epoch=23/60 loss=2.2656
G epoch=24/60 loss=2.1210
G epoch=25/60 loss=2.1015
G epoch=26/60 loss=1.9972
G epoch=27/60 loss=2.0049
G epoch=28/60 loss=1.9239
G epoch=29/60 loss=1.8528
G epoch=30/60 loss=1.8021
G epoch=31/60 loss=1.7970
G epoch=32/60 loss=1.7580
G epoch=33/60 loss=1.7163
G epoch=34/60 loss=1.6683
G epoch=35/60 loss=1.6433
G epoch=36/60 loss=1.5921
G epoch=37/60 loss=1.5702
G epoch=38/60 loss=1.4686
G epoch=39/60 loss=1.4660
G epoch=40/60 loss=1.4867
G epoch=41/60 loss=1.4386
G epoch=42/60 loss=1.4183
G epoch=43/60 loss=1.4198
G epoch=44/60 loss=1.3350
G epoch=45/60 loss=1.3762
G epoch=46/60 loss=1.3757
G epoch=47/60 loss=1.3017
G epoch=48/60 loss=1.3078
G epoch=49/60 loss=1.2566
G epoch=50/60 loss=1.2382
G epoch=51/60 loss=1.2007
G epoch=52/60 loss=1.1721
G epoch=53/60 loss=1.1798
G epoch=54/60 loss=1.1555
G epoch=55/60 loss=1.1474
G epoch=56/60 loss=1.1468
G epoch=57/60 loss=1.1343
G epoch=58/60 loss=1.1228
G epoch=59/60 loss=1.0750
G epoch=60/60 loss=1.0771

[2/3] pretrain D
D step=1/30 epoch=1/3 loss=0.7767 l2=0.2000 label_smoothing=0.050
D step=1/30 epoch=2/3 loss=0.7310 l2=0.2000 label_smoothing=0.050
D step=1/30 epoch=3/3 loss=0.6992 l2=0.2000 label_smoothing=0.050
D step=2/30 epoch=1/3 loss=0.7198 l2=0.2000 label_smoothing=0.050
D step=2/30 epoch=2/3 loss=0.7027 l2=0.2000 label_smoothing=0.050
D step=2/30 epoch=3/3 loss=0.7020 l2=0.2000 label_smoothing=0.050
D step=3/30 epoch=1/3 loss=0.6745 l2=0.2000 label_smoothing=0.050
D step=3/30 epoch=2/3 loss=0.6415 l2=0.2000 label_smoothing=0.050
D step=3/30 epoch=3/3 loss=0.6531 l2=0.2000 label_smoothing=0.050
D step=4/30 epoch=1/3 loss=0.6172 l2=0.2000 label_smoothing=0.050
D step=4/30 epoch=2/3 loss=0.6086 l2=0.2000 label_smoothing=0.050
D step=4/30 epoch=3/3 loss=0.5990 l2=0.2000 label_smoothing=0.050
D step=5/30 epoch=1/3 loss=0.5785 l2=0.2000 label_smoothing=0.050
D step=5/30 epoch=2/3 loss=0.5589 l2=0.2000 label_smoothing=0.050
D step=5/30 epoch=3/3 loss=0.5503 l2=0.2000 label_smoothing=0.050
D step=6/30 epoch=1/3 loss=0.5515 l2=0.2000 label_smoothing=0.050
D step=6/30 epoch=2/3 loss=0.5341 l2=0.2000 label_smoothing=0.050
D step=6/30 epoch=3/3 loss=0.5264 l2=0.2000 label_smoothing=0.050
D step=7/30 epoch=1/3 loss=0.5149 l2=0.2000 label_smoothing=0.050
D step=7/30 epoch=2/3 loss=0.5245 l2=0.2000 label_smoothing=0.050
D step=7/30 epoch=3/3 loss=0.5008 l2=0.2000 label_smoothing=0.050
D step=8/30 epoch=1/3 loss=0.4701 l2=0.2000 label_smoothing=0.050
D step=8/30 epoch=2/3 loss=0.4409 l2=0.2000 label_smoothing=0.050
D step=8/30 epoch=3/3 loss=0.4478 l2=0.2000 label_smoothing=0.050
D step=9/30 epoch=1/3 loss=0.4437 l2=0.2000 label_smoothing=0.050
D step=9/30 epoch=2/3 loss=0.4232 l2=0.2000 label_smoothing=0.050
D step=9/30 epoch=3/3 loss=0.4260 l2=0.2000 label_smoothing=0.050
D step=10/30 epoch=1/3 loss=0.4101 l2=0.2000 label_smoothing=0.050
D step=10/30 epoch=2/3 loss=0.3949 l2=0.2000 label_smoothing=0.050
D step=10/30 epoch=3/3 loss=0.3877 l2=0.2000 label_smoothing=0.050
D step=11/30 epoch=1/3 loss=0.4103 l2=0.2000 label_smoothing=0.050
D step=11/30 epoch=2/3 loss=0.3858 l2=0.2000 label_smoothing=0.050
D step=11/30 epoch=3/3 loss=0.3744 l2=0.2000 label_smoothing=0.050
D step=12/30 epoch=1/3 loss=0.3753 l2=0.2000 label_smoothing=0.050
D step=12/30 epoch=2/3 loss=0.3767 l2=0.2000 label_smoothing=0.050
D step=12/30 epoch=3/3 loss=0.3501 l2=0.2000 label_smoothing=0.050
D step=13/30 epoch=1/3 loss=0.3426 l2=0.2000 label_smoothing=0.050
D step=13/30 epoch=2/3 loss=0.3417 l2=0.2000 label_smoothing=0.050
D step=13/30 epoch=3/3 loss=0.3397 l2=0.2000 label_smoothing=0.050
D step=14/30 epoch=1/3 loss=0.3260 l2=0.2000 label_smoothing=0.050
D step=14/30 epoch=2/3 loss=0.3081 l2=0.2000 label_smoothing=0.050
D step=14/30 epoch=3/3 loss=0.2996 l2=0.2000 label_smoothing=0.050
D step=15/30 epoch=1/3 loss=0.3383 l2=0.2000 label_smoothing=0.050
D step=15/30 epoch=2/3 loss=0.3250 l2=0.2000 label_smoothing=0.050
D step=15/30 epoch=3/3 loss=0.3088 l2=0.2000 label_smoothing=0.050
D step=16/30 epoch=1/3 loss=0.2794 l2=0.2000 label_smoothing=0.050
D step=16/30 epoch=2/3 loss=0.2702 l2=0.2000 label_smoothing=0.050
D step=16/30 epoch=3/3 loss=0.2571 l2=0.2000 label_smoothing=0.050
D step=17/30 epoch=1/3 loss=0.2839 l2=0.2000 label_smoothing=0.050
D step=17/30 epoch=2/3 loss=0.2824 l2=0.2000 label_smoothing=0.050
D step=17/30 epoch=3/3 loss=0.2632 l2=0.2000 label_smoothing=0.050
D step=18/30 epoch=1/3 loss=0.2723 l2=0.2000 label_smoothing=0.050
D step=18/30 epoch=2/3 loss=0.2636 l2=0.2000 label_smoothing=0.050
D step=18/30 epoch=3/3 loss=0.2662 l2=0.2000 label_smoothing=0.050
D step=19/30 epoch=1/3 loss=0.2652 l2=0.2000 label_smoothing=0.050
D step=19/30 epoch=2/3 loss=0.2602 l2=0.2000 label_smoothing=0.050
D step=19/30 epoch=3/3 loss=0.2477 l2=0.2000 label_smoothing=0.050
D step=20/30 epoch=1/3 loss=0.2461 l2=0.2000 label_smoothing=0.050
D step=20/30 epoch=2/3 loss=0.2463 l2=0.2000 label_smoothing=0.050
D step=20/30 epoch=3/3 loss=0.2340 l2=0.2000 label_smoothing=0.050
D step=21/30 epoch=1/3 loss=0.2384 l2=0.2000 label_smoothing=0.050
D step=21/30 epoch=2/3 loss=0.2376 l2=0.2000 label_smoothing=0.050
D step=21/30 epoch=3/3 loss=0.2398 l2=0.2000 label_smoothing=0.050
D step=22/30 epoch=1/3 loss=0.2411 l2=0.2000 label_smoothing=0.050
D step=22/30 epoch=2/3 loss=0.2486 l2=0.2000 label_smoothing=0.050
D step=22/30 epoch=3/3 loss=0.2414 l2=0.2000 label_smoothing=0.050
D step=23/30 epoch=1/3 loss=0.2433 l2=0.2000 label_smoothing=0.050
D step=23/30 epoch=2/3 loss=0.2411 l2=0.2000 label_smoothing=0.050
D step=23/30 epoch=3/3 loss=0.2442 l2=0.2000 label_smoothing=0.050
D step=24/30 epoch=1/3 loss=0.2302 l2=0.2000 label_smoothing=0.050
D step=24/30 epoch=2/3 loss=0.2248 l2=0.2000 label_smoothing=0.050
D step=24/30 epoch=3/3 loss=0.2289 l2=0.2000 label_smoothing=0.050
D step=25/30 epoch=1/3 loss=0.2350 l2=0.2000 label_smoothing=0.050
D step=25/30 epoch=2/3 loss=0.2268 l2=0.2000 label_smoothing=0.050
D step=25/30 epoch=3/3 loss=0.2242 l2=0.2000 label_smoothing=0.050
D step=26/30 epoch=1/3 loss=0.2229 l2=0.2000 label_smoothing=0.050
D step=26/30 epoch=2/3 loss=0.2219 l2=0.2000 label_smoothing=0.050
D step=26/30 epoch=3/3 loss=0.2125 l2=0.2000 label_smoothing=0.050
D step=27/30 epoch=1/3 loss=0.2231 l2=0.2000 label_smoothing=0.050
D step=27/30 epoch=2/3 loss=0.2220 l2=0.2000 label_smoothing=0.050
D step=27/30 epoch=3/3 loss=0.2197 l2=0.2000 label_smoothing=0.050
D step=28/30 epoch=1/3 loss=0.2401 l2=0.2000 label_smoothing=0.050
D step=28/30 epoch=2/3 loss=0.2371 l2=0.2000 label_smoothing=0.050
D step=28/30 epoch=3/3 loss=0.2506 l2=0.2000 label_smoothing=0.050
D step=29/30 epoch=1/3 loss=0.2257 l2=0.2000 label_smoothing=0.050
D step=29/30 epoch=2/3 loss=0.2142 l2=0.2000 label_smoothing=0.050
D step=29/30 epoch=3/3 loss=0.2145 l2=0.2000 label_smoothing=0.050
D step=30/30 epoch=1/3 loss=0.2034 l2=0.2000 label_smoothing=0.050
D step=30/30 epoch=2/3 loss=0.2025 l2=0.2000 label_smoothing=0.050
D step=30/30 epoch=3/3 loss=0.1966 l2=0.2000 label_smoothing=0.050

[3/3] adversarial
generator_reward_mode=on reward_alpha=0.700 d_steps=5 d_epochs=3
D step=1/5 epoch=1/3 loss=0.2286 l2=0.2000 label_smoothing=0.050
D step=1/5 epoch=2/3 loss=0.2151 l2=0.2000 label_smoothing=0.050
D step=1/5 epoch=3/3 loss=0.2068 l2=0.2000 label_smoothing=0.050
D step=2/5 epoch=1/3 loss=0.2317 l2=0.2000 label_smoothing=0.050
D step=2/5 epoch=2/3 loss=0.2330 l2=0.2000 label_smoothing=0.050
D step=2/5 epoch=3/3 loss=0.2181 l2=0.2000 label_smoothing=0.050
D step=3/5 epoch=1/3 loss=0.2099 l2=0.2000 label_smoothing=0.050
D step=3/5 epoch=2/3 loss=0.2061 l2=0.2000 label_smoothing=0.050
D step=3/5 epoch=3/3 loss=0.2010 l2=0.2000 label_smoothing=0.050
D step=4/5 epoch=1/3 loss=0.2252 l2=0.2000 label_smoothing=0.050
D step=4/5 epoch=2/3 loss=0.2192 l2=0.2000 label_smoothing=0.050
D step=4/5 epoch=3/3 loss=0.2205 l2=0.2000 label_smoothing=0.050
D step=5/5 epoch=1/3 loss=0.2113 l2=0.2000 label_smoothing=0.050
D step=5/5 epoch=2/3 loss=0.2099 l2=0.2000 label_smoothing=0.050
D step=5/5 epoch=3/3 loss=0.2081 l2=0.2000 label_smoothing=0.050
ADV epoch=1/60 g_loss=0.4050 d_loss=0.2163 reward=0.2494 reward_var=0.0166 unique=1.0000
D step=1/5 epoch=1/3 loss=0.2104 l2=0.2000 label_smoothing=0.050
D step=1/5 epoch=2/3 loss=0.1983 l2=0.2000 label_smoothing=0.050
D step=1/5 epoch=3/3 loss=0.1937 l2=0.2000 label_smoothing=0.050
D step=2/5 epoch=1/3 loss=0.2072 l2=0.2000 label_smoothing=0.050
D step=2/5 epoch=2/3 loss=0.2070 l2=0.2000 label_smoothing=0.050
D step=2/5 epoch=3/3 loss=0.2024 l2=0.2000 label_smoothing=0.050
D step=3/5 epoch=1/3 loss=0.2059 l2=0.2000 label_smoothing=0.050
D step=3/5 epoch=2/3 loss=0.2020 l2=0.2000 label_smoothing=0.050
D step=3/5 epoch=3/3 loss=0.1968 l2=0.2000 label_smoothing=0.050
D step=4/5 epoch=1/3 loss=0.2161 l2=0.2000 label_smoothing=0.050
D step=4/5 epoch=2/3 loss=0.2078 l2=0.2000 label_smoothing=0.050
D step=4/5 epoch=3/3 loss=0.2079 l2=0.2000 label_smoothing=0.050
D step=5/5 epoch=1/3 loss=0.1964 l2=0.2000 label_smoothing=0.050
D step=5/5 epoch=2/3 loss=0.1984 l2=0.2000 label_smoothing=0.050
D step=5/5 epoch=3/3 loss=0.1990 l2=0.2000 label_smoothing=0.050
ADV epoch=2/60 g_loss=0.3116 d_loss=0.2033 reward=0.2285 reward_var=0.0112 unique=1.0000
D step=1/5 epoch=1/3 loss=0.2118 l2=0.2000 label_smoothing=0.050
D step=1/5 epoch=2/3 loss=0.1984 l2=0.2000 label_smoothing=0.050
D step=1/5 epoch=3/3 loss=0.1995 l2=0.2000 label_smoothing=0.050
D step=2/5 epoch=1/3 loss=0.1973 l2=0.2000 label_smoothing=0.050
D step=2/5 epoch=2/3 loss=0.1938 l2=0.2000 label_smoothing=0.050
D step=2/5 epoch=3/3 loss=0.1947 l2=0.2000 label_smoothing=0.050
D step=3/5 epoch=1/3 loss=0.1994 l2=0.2000 label_smoothing=0.050
D step=3/5 epoch=2/3 loss=0.1997 l2=0.2000 label_smoothing=0.050
D step=3/5 epoch=3/3 loss=0.1916 l2=0.2000 label_smoothing=0.050
D step=4/5 epoch=1/3 loss=0.1905 l2=0.2000 label_smoothing=0.050
D step=4/5 epoch=2/3 loss=0.1868 l2=0.2000 label_smoothing=0.050
D step=4/5 epoch=3/3 loss=0.1863 l2=0.2000 label_smoothing=0.050
D step=5/5 epoch=1/3 loss=0.1869 l2=0.2000 label_smoothing=0.050
D step=5/5 epoch=2/3 loss=0.1856 l2=0.2000 label_smoothing=0.050
D step=5/5 epoch=3/3 loss=0.1843 l2=0.2000 label_smoothing=0.050
ADV epoch=3/60 g_loss=0.3245 d_loss=0.1938 reward=0.2167 reward_var=0.0079 unique=1.0000
D step=1/5 epoch=1/3 loss=0.2002 l2=0.2000 label_smoothing=0.050
D step=1/5 epoch=2/3 loss=0.1840 l2=0.2000 label_smoothing=0.050
D step=1/5 epoch=3/3 loss=0.1799 l2=0.2000 label_smoothing=0.050
D step=2/5 epoch=1/3 loss=0.1928 l2=0.2000 label_smoothing=0.050
D step=2/5 epoch=2/3 loss=0.1925 l2=0.2000 label_smoothing=0.050
D step=2/5 epoch=3/3 loss=0.1873 l2=0.2000 label_smoothing=0.050
D step=3/5 epoch=1/3 loss=0.1780 l2=0.2000 label_smoothing=0.050
D step=3/5 epoch=2/3 loss=0.1742 l2=0.2000 label_smoothing=0.050
D step=3/5 epoch=3/3 loss=0.1728 l2=0.2000 label_smoothing=0.050
D step=4/5 epoch=1/3 loss=0.2098 l2=0.2000 label_smoothing=0.050
D step=4/5 epoch=2/3 loss=0.1963 l2=0.2000 label_smoothing=0.050
D step=4/5 epoch=3/3 loss=0.1890 l2=0.2000 label_smoothing=0.050
D step=5/5 epoch=1/3 loss=0.1852 l2=0.2000 label_smoothing=0.050
D step=5/5 epoch=2/3 loss=0.1845 l2=0.2000 label_smoothing=0.050
D step=5/5 epoch=3/3 loss=0.1819 l2=0.2000 label_smoothing=0.050
ADV epoch=4/60 g_loss=0.3427 d_loss=0.1872 reward=0.2531 reward_var=0.0095 unique=1.0000
D step=1/5 epoch=1/3 loss=0.1743 l2=0.2000 label_smoothing=0.050
D step=1/5 epoch=2/3 loss=0.1727 l2=0.2000 label_smoothing=0.050
D step=1/5 epoch=3/3 loss=0.1698 l2=0.2000 label_smoothing=0.050
D step=2/5 epoch=1/3 loss=0.1700 l2=0.2000 label_smoothing=0.050
D step=2/5 epoch=2/3 loss=0.1684 l2=0.2000 label_smoothing=0.050
D step=2/5 epoch=3/3 loss=0.1678 l2=0.2000 label_smoothing=0.050
D step=3/5 epoch=1/3 loss=0.1864 l2=0.2000 label_smoothing=0.050
D step=3/5 epoch=2/3 loss=0.1792 l2=0.2000 label_smoothing=0.050
D step=3/5 epoch=3/3 loss=0.1753 l2=0.2000 label_smoothing=0.050
D step=4/5 epoch=1/3 loss=0.1723 l2=0.2000 label_smoothing=0.050
D step=4/5 epoch=2/3 loss=0.1689 l2=0.2000 label_smoothing=0.050
D step=4/5 epoch=3/3 loss=0.1670 l2=0.2000 label_smoothing=0.050
D step=5/5 epoch=1/3 loss=0.1748 l2=0.2000 label_smoothing=0.050
D step=5/5 epoch=2/3 loss=0.1749 l2=0.2000 label_smoothing=0.050
D step=5/5 epoch=3/3 loss=0.1782 l2=0.2000 label_smoothing=0.050
ADV epoch=5/60 g_loss=0.3123 d_loss=0.1733 reward=0.2458 reward_var=0.0103 unique=1.0000
D step=1/5 epoch=1/3 loss=0.1694 l2=0.2000 label_smoothing=0.050
D step=1/5 epoch=2/3 loss=0.1656 l2=0.2000 label_smoothing=0.050
D step=1/5 epoch=3/3 loss=0.1641 l2=0.2000 label_smoothing=0.050
D step=2/5 epoch=1/3 loss=0.1709 l2=0.2000 label_smoothing=0.050
D step=2/5 epoch=2/3 loss=0.1695 l2=0.2000 label_smoothing=0.050
D step=2/5 epoch=3/3 loss=0.1651 l2=0.2000 label_smoothing=0.050
D step=3/5 epoch=1/3 loss=0.1707 l2=0.2000 label_smoothing=0.050
D step=3/5 epoch=2/3 loss=0.1703 l2=0.2000 label_smoothing=0.050
D step=3/5 epoch=3/3 loss=0.1687 l2=0.2000 label_smoothing=0.050
D step=4/5 epoch=1/3 loss=0.1752 l2=0.2000 label_smoothing=0.050
D step=4/5 epoch=2/3 loss=0.1682 l2=0.2000 label_smoothing=0.050
D step=4/5 epoch=3/3 loss=0.1652 l2=0.2000 label_smoothing=0.050
D step=5/5 epoch=1/3 loss=0.1818 l2=0.2000 label_smoothing=0.050
D step=5/5 epoch=2/3 loss=0.1773 l2=0.2000 label_smoothing=0.050
D step=5/5 epoch=3/3 loss=0.1764 l2=0.2000 label_smoothing=0.050
ADV epoch=6/60 g_loss=0.3924 d_loss=0.1706 reward=0.2723 reward_var=0.0068 unique=1.0000
D step=1/5 epoch=1/3 loss=0.1640 l2=0.2000 label_smoothing=0.050
D step=1/5 epoch=2/3 loss=0.1618 l2=0.2000 label_smoothing=0.050
D step=1/5 epoch=3/3 loss=0.1581 l2=0.2000 label_smoothing=0.050
D step=2/5 epoch=1/3 loss=0.1573 l2=0.2000 label_smoothing=0.050
D step=2/5 epoch=2/3 loss=0.1563 l2=0.2000 label_smoothing=0.050
D step=2/5 epoch=3/3 loss=0.1550 l2=0.2000 label_smoothing=0.050
D step=3/5 epoch=1/3 loss=0.1578 l2=0.2000 label_smoothing=0.050
D step=3/5 epoch=2/3 loss=0.1568 l2=0.2000 label_smoothing=0.050
D step=3/5 epoch=3/3 loss=0.1554 l2=0.2000 label_smoothing=0.050
D step=4/5 epoch=1/3 loss=0.1808 l2=0.2000 label_smoothing=0.050
D step=4/5 epoch=2/3 loss=0.1719 l2=0.2000 label_smoothing=0.050
D step=4/5 epoch=3/3 loss=0.1664 l2=0.2000 label_smoothing=0.050
D step=5/5 epoch=1/3 loss=0.1583 l2=0.2000 label_smoothing=0.050
D step=5/5 epoch=2/3 loss=0.1545 l2=0.2000 label_smoothing=0.050
D step=5/5 epoch=3/3 loss=0.1540 l2=0.2000 label_smoothing=0.050
ADV epoch=7/60 g_loss=0.3456 d_loss=0.1606 reward=0.2453 reward_var=0.0068 unique=1.0000
D step=1/5 epoch=1/3 loss=0.1678 l2=0.2000 label_smoothing=0.050
D step=1/5 epoch=2/3 loss=0.1632 l2=0.2000 label_smoothing=0.050
D step=1/5 epoch=3/3 loss=0.1619 l2=0.2000 label_smoothing=0.050
D step=2/5 epoch=1/3 loss=0.1544 l2=0.2000 label_smoothing=0.050
D step=2/5 epoch=2/3 loss=0.1545 l2=0.2000 label_smoothing=0.050
D step=2/5 epoch=3/3 loss=0.1538 l2=0.2000 label_smoothing=0.050
D step=3/5 epoch=1/3 loss=0.1633 l2=0.2000 label_smoothing=0.050
D step=3/5 epoch=2/3 loss=0.1577 l2=0.2000 label_smoothing=0.050
D step=3/5 epoch=3/3 loss=0.1575 l2=0.2000 label_smoothing=0.050
D step=4/5 epoch=1/3 loss=0.1600 l2=0.2000 label_smoothing=0.050
D step=4/5 epoch=2/3 loss=0.1554 l2=0.2000 label_smoothing=0.050
D step=4/5 epoch=3/3 loss=0.1563 l2=0.2000 label_smoothing=0.050
D step=5/5 epoch=1/3 loss=0.1660 l2=0.2000 label_smoothing=0.050
D step=5/5 epoch=2/3 loss=0.1639 l2=0.2000 label_smoothing=0.050
D step=5/5 epoch=3/3 loss=0.1629 l2=0.2000 label_smoothing=0.050
ADV epoch=8/60 g_loss=0.3686 d_loss=0.1599 reward=0.2791 reward_var=0.0083 unique=1.0000
D step=1/5 epoch=1/3 loss=0.1726 l2=0.2000 label_smoothing=0.050
D step=1/5 epoch=2/3 loss=0.1636 l2=0.2000 label_smoothing=0.050
D step=1/5 epoch=3/3 loss=0.1647 l2=0.2000 label_smoothing=0.050
D step=2/5 epoch=1/3 loss=0.1614 l2=0.2000 label_smoothing=0.050
D step=2/5 epoch=2/3 loss=0.1597 l2=0.2000 label_smoothing=0.050
D step=2/5 epoch=3/3 loss=0.1589 l2=0.2000 label_smoothing=0.050
D step=3/5 epoch=1/3 loss=0.1596 l2=0.2000 label_smoothing=0.050
D step=3/5 epoch=2/3 loss=0.1573 l2=0.2000 label_smoothing=0.050
D step=3/5 epoch=3/3 loss=0.1563 l2=0.2000 label_smoothing=0.050
D step=4/5 epoch=1/3 loss=0.1658 l2=0.2000 label_smoothing=0.050
D step=4/5 epoch=2/3 loss=0.1678 l2=0.2000 label_smoothing=0.050
D step=4/5 epoch=3/3 loss=0.1663 l2=0.2000 label_smoothing=0.050
D step=5/5 epoch=1/3 loss=0.1608 l2=0.2000 label_smoothing=0.050
D step=5/5 epoch=2/3 loss=0.1599 l2=0.2000 label_smoothing=0.050
D step=5/5 epoch=3/3 loss=0.1585 l2=0.2000 label_smoothing=0.050
ADV epoch=9/60 g_loss=0.3627 d_loss=0.1622 reward=0.2711 reward_var=0.0054 unique=1.0000
D step=1/5 epoch=1/3 loss=0.1506 l2=0.2000 label_smoothing=0.050
D step=1/5 epoch=2/3 loss=0.1473 l2=0.2000 label_smoothing=0.050
D step=1/5 epoch=3/3 loss=0.1450 l2=0.2000 label_smoothing=0.050
D step=2/5 epoch=1/3 loss=0.1478 l2=0.2000 label_smoothing=0.050
D step=2/5 epoch=2/3 loss=0.1488 l2=0.2000 label_smoothing=0.050
D step=2/5 epoch=3/3 loss=0.1476 l2=0.2000 label_smoothing=0.050
D step=3/5 epoch=1/3 loss=0.1602 l2=0.2000 label_smoothing=0.050
D step=3/5 epoch=2/3 loss=0.1530 l2=0.2000 label_smoothing=0.050
D step=3/5 epoch=3/3 loss=0.1494 l2=0.2000 label_smoothing=0.050
D step=4/5 epoch=1/3 loss=0.1484 l2=0.2000 label_smoothing=0.050
D step=4/5 epoch=2/3 loss=0.1467 l2=0.2000 label_smoothing=0.050
D step=4/5 epoch=3/3 loss=0.1458 l2=0.2000 label_smoothing=0.050
D step=5/5 epoch=1/3 loss=0.1494 l2=0.2000 label_smoothing=0.050
D step=5/5 epoch=2/3 loss=0.1469 l2=0.2000 label_smoothing=0.050
D step=5/5 epoch=3/3 loss=0.1464 l2=0.2000 label_smoothing=0.050
ADV epoch=10/60 g_loss=0.3424 d_loss=0.1489 reward=0.2740 reward_var=0.0054 unique=1.0000
D step=1/5 epoch=1/3 loss=0.1521 l2=0.2000 label_smoothing=0.050
D step=1/5 epoch=2/3 loss=0.1484 l2=0.2000 label_smoothing=0.050
D step=1/5 epoch=3/3 loss=0.1472 l2=0.2000 label_smoothing=0.050
D step=2/5 epoch=1/3 loss=0.1549 l2=0.2000 label_smoothing=0.050
D step=2/5 epoch=2/3 loss=0.1524 l2=0.2000 label_smoothing=0.050
D step=2/5 epoch=3/3 loss=0.1502 l2=0.2000 label_smoothing=0.050
D step=3/5 epoch=1/3 loss=0.1490 l2=0.2000 label_smoothing=0.050
D step=3/5 epoch=2/3 loss=0.1462 l2=0.2000 label_smoothing=0.050
D step=3/5 epoch=3/3 loss=0.1465 l2=0.2000 label_smoothing=0.050
D step=4/5 epoch=1/3 loss=0.1714 l2=0.2000 label_smoothing=0.050
D step=4/5 epoch=2/3 loss=0.1603 l2=0.2000 label_smoothing=0.050
D step=4/5 epoch=3/3 loss=0.1553 l2=0.2000 label_smoothing=0.050
D step=5/5 epoch=1/3 loss=0.1540 l2=0.2000 label_smoothing=0.050
D step=5/5 epoch=2/3 loss=0.1511 l2=0.2000 label_smoothing=0.050
D step=5/5 epoch=3/3 loss=0.1484 l2=0.2000 label_smoothing=0.050
ADV epoch=11/60 g_loss=0.3632 d_loss=0.1525 reward=0.2738 reward_var=0.0041 unique=1.0000
saved 500 raw samples to /content/drive/MyDrive/GAN_for_SQLi - 2/result/phase3/seqgan_improved/union/D/R200/V5/generated_payloads.csv
