{
  "metric_schema_version": "quality-metrics-v3",
  "normalization_version": "nfkc_html_percent1_casefold_ws_quotes_v1",
  "seed": 88,
  "method": "seqgan_master",
  "family": "boolean",
  "scenario": "C",
  "ratio": "50",
  "generation_kind": "direct",
  "schema_valid": true,
  "stop_reason": "n/a",
  "n_generated": 200,
  "unique_rate": 1.0,
  "normalized_unique_rate": 0.87,
  "duplicate_rate": 0.0,
  "model_collapse_rate": 0.0,
  "dominant_payload_share": 0.005,
  "normalized_dominant_payload_share": 0.06,
  "sql_parse_rate": 1.0,
  "sql_structure_rate": 0.035,
  "family_motif_coverage": 0.25,
  "family_motif_hit_rate": 0.005,
  "garbage_rate": 0.965,
  "wellformed_rate": 1.0,
  "shaped_rate": 0.035,
  "family_motif_coverage_by_family": {
    "boolean": 0.25
  },
  "family_motif_hit_rate_by_family": {
    "boolean": 0.005
  },
  "inferred_family_distribution": {
    "boolean": 0.005,
    "union": 0.0,
    "time": 0.0,
    "error": 0.0,
    "other": 0.995
  },
  "train_reference_count": 312,
  "holdout_reference_count": 917,
  "exact_input_overlap": 0.0,
  "normalized_input_overlap": 0.0,
  "holdout_overlap": 0.0,
  "normalized_holdout_overlap": 0.0,
  "nearest_input_similarity_mean": 0.05198707153809083,
  "nearest_input_similarity_median": 0.05263157894736842,
  "nearest_input_similarity_p90": 0.07363915715539947,
  "nearest_char3_jaccard_mean": 0.05198707153809083,
  "nearest_char3_jaccard_median": 0.05263157894736842,
  "nearest_char3_jaccard_p90": 0.07363915715539947,
  "nearest_token_jaccard_mean": 0.12208530682685347,
  "nearest_token_jaccard_median": 0.1111111111111111,
  "nearest_token_jaccard_p90": 0.16666666666666666,
  "nearest_edit_similarity_mean": 0.08241710520893193,
  "nearest_edit_similarity_median": 0.08017857142857143,
  "nearest_edit_similarity_p90": 0.11507828454731106,
  "nearest_feature_cosine_mean": 0.526624272369455,
  "nearest_feature_cosine_median": 0.48655542833365273,
  "nearest_feature_cosine_p90": 0.8505170195166928,
  "nearest_input_distance_mean": 0.9480129284619092,
  "nearest_input_distance_median": 0.9473684210526316,
  "nearest_input_distance_p90": 0.971830985915493,
  "mean_nearest_similarity": 0.05198707153809083,
  "median_nearest_similarity": 0.05263157894736842,
  "p90_nearest_similarity": 0.07363915715539947,
  "unique_nearest_payload_rate": 0.28,
  "dominant_retrieved_payload_share": 0.245,
  "nearest_reference_count": 312,
  "distinct_1": 0.1553911205073996,
  "distinct_2": 0.3632707774798928,
  "distinct_3": 0.5612431444241316,
  "lexical_diversity": 0.1553911205073996,
  "character_diversity": 0.6913175839189252,
  "token_diversity": 0.5267700293643413,
  "keyword_diversity": 0.8609640474436813,
  "operator_diversity": 0.5310200754286293,
  "function_diversity": 1.0,
  "comment_style_diversity": 0.0,
  "length_zone_diversity": 0.2,
  "self_bleu": 0.7244167407375408,
  "self_bleu_char": 0.7244167407375408,
  "requested_count": 200,
  "generated_count_fraction": 1.0
}
