{
  "metric_schema_version": "quality-metrics-v3",
  "normalization_version": "nfkc_html_percent1_casefold_ws_quotes_v1",
  "seed": 88,
  "method": "seqgan_improved",
  "family": "time",
  "scenario": "A",
  "ratio": "200",
  "generation_kind": "direct",
  "schema_valid": true,
  "stop_reason": "n/a",
  "n_generated": 1997,
  "unique_rate": 0.842764146219329,
  "normalized_unique_rate": 0.8357536304456685,
  "duplicate_rate": 0.15723585378067095,
  "model_collapse_rate": 0.15723585378067095,
  "dominant_payload_share": 0.06860290435653481,
  "normalized_dominant_payload_share": 0.06860290435653481,
  "sql_parse_rate": 1.0,
  "sql_structure_rate": 0.8808212318477716,
  "family_motif_coverage": 0.8,
  "family_motif_hit_rate": 0.6885327991987982,
  "garbage_rate": 0.11917876815222839,
  "wellformed_rate": 1.0,
  "shaped_rate": 0.8808212318477716,
  "family_motif_coverage_by_family": {
    "time": 0.8
  },
  "family_motif_hit_rate_by_family": {
    "time": 0.6885327991987982
  },
  "inferred_family_distribution": {
    "boolean": 0.1071607411116675,
    "union": 0.010015022533800702,
    "time": 0.6885327991987982,
    "error": 0.0,
    "other": 0.1942914371557336
  },
  "train_reference_count": 78,
  "holdout_reference_count": 296,
  "exact_input_overlap": 0.10465698547821732,
  "normalized_input_overlap": 0.10565848773159739,
  "holdout_overlap": 0.0,
  "normalized_holdout_overlap": 0.0,
  "nearest_input_similarity_mean": 0.49880869804807737,
  "nearest_input_similarity_median": 0.44144144144144143,
  "nearest_input_similarity_p90": 1.0,
  "nearest_char3_jaccard_mean": 0.49880869804807737,
  "nearest_char3_jaccard_median": 0.44144144144144143,
  "nearest_char3_jaccard_p90": 1.0,
  "nearest_token_jaccard_mean": 0.4623466436429163,
  "nearest_token_jaccard_median": 0.4,
  "nearest_token_jaccard_p90": 1.0,
  "nearest_edit_similarity_mean": 0.5275039206156901,
  "nearest_edit_similarity_median": 0.4782608695652174,
  "nearest_edit_similarity_p90": 1.0,
  "nearest_feature_cosine_mean": 0.9122636214464586,
  "nearest_feature_cosine_median": 0.9512440688868016,
  "nearest_feature_cosine_p90": 0.9999999999999998,
  "nearest_input_distance_mean": 0.5011913019519226,
  "nearest_input_distance_median": 0.5585585585585586,
  "nearest_input_distance_p90": 0.8333333333333334,
  "mean_nearest_similarity": 0.49880869804807737,
  "median_nearest_similarity": 0.44144144144144143,
  "p90_nearest_similarity": 1.0,
  "unique_nearest_payload_rate": 0.03655483224837256,
  "dominant_retrieved_payload_share": 0.20981472208312468,
  "nearest_reference_count": 78,
  "distinct_1": 0.055475873373629754,
  "distinct_2": 0.18984308131241084,
  "distinct_3": 0.3734469066222621,
  "lexical_diversity": 0.055475873373629754,
  "character_diversity": 0.7538943890201956,
  "token_diversity": 0.5204852978237482,
  "keyword_diversity": 0.8353222133422618,
  "operator_diversity": 0.49402514284413945,
  "function_diversity": 0.4017862659685493,
  "comment_style_diversity": 0.6666666666666666,
  "length_zone_diversity": 1.0,
  "self_bleu": 0.9841740051742272,
  "self_bleu_char": 0.9841740051742272,
  "requested_count": 2000,
  "generated_count_fraction": 0.9985
}
