{
  "metric_schema_version": "quality-metrics-v3",
  "normalization_version": "nfkc_html_percent1_casefold_ws_quotes_v1",
  "seed": 88,
  "method": "ctgan",
  "family": "boolean",
  "scenario": "D",
  "ratio": "10",
  "generation_kind": "retrieval",
  "schema_valid": true,
  "stop_reason": "n/a",
  "n_generated": 500,
  "unique_rate": 0.582,
  "normalized_unique_rate": 0.582,
  "duplicate_rate": 0.41800000000000004,
  "model_collapse_rate": 0.41800000000000004,
  "dominant_payload_share": 0.018,
  "normalized_dominant_payload_share": 0.018,
  "sql_parse_rate": 1.0,
  "sql_structure_rate": 1.0,
  "family_motif_coverage": 0.75,
  "family_motif_hit_rate": 1.0,
  "garbage_rate": 0.0,
  "wellformed_rate": 1.0,
  "shaped_rate": 1.0,
  "family_motif_coverage_by_family": {
    "boolean": 0.75
  },
  "family_motif_hit_rate_by_family": {
    "boolean": 1.0
  },
  "inferred_family_distribution": {
    "boolean": 0.358,
    "union": 0.642,
    "time": 0.0,
    "error": 0.0,
    "other": 0.0
  },
  "train_reference_count": 1560,
  "holdout_reference_count": 917,
  "exact_input_overlap": 1.0,
  "normalized_input_overlap": 1.0,
  "holdout_overlap": 0.0,
  "normalized_holdout_overlap": 0.0,
  "nearest_input_similarity_mean": 1.0,
  "nearest_input_similarity_median": 1.0,
  "nearest_input_similarity_p90": 1.0,
  "nearest_char3_jaccard_mean": 1.0,
  "nearest_char3_jaccard_median": 1.0,
  "nearest_char3_jaccard_p90": 1.0,
  "nearest_token_jaccard_mean": 0.9989142857142858,
  "nearest_token_jaccard_median": 1.0,
  "nearest_token_jaccard_p90": 1.0,
  "nearest_edit_similarity_mean": 0.9981028100437757,
  "nearest_edit_similarity_median": 1.0,
  "nearest_edit_similarity_p90": 1.0,
  "nearest_feature_cosine_mean": 0.9999547401092179,
  "nearest_feature_cosine_median": 1.0,
  "nearest_feature_cosine_p90": 1.0000000000000002,
  "nearest_input_distance_mean": 0.0,
  "nearest_input_distance_median": 0.0,
  "nearest_input_distance_p90": 0.0,
  "mean_nearest_similarity": 1.0,
  "median_nearest_similarity": 1.0,
  "p90_nearest_similarity": 1.0,
  "unique_nearest_payload_rate": 0.568,
  "dominant_retrieved_payload_share": 0.018,
  "nearest_reference_count": 1560,
  "distinct_1": 0.056079894644424935,
  "distinct_2": 0.1310961449140734,
  "distinct_3": 0.14805226824457593,
  "lexical_diversity": 0.056079894644424935,
  "character_diversity": 0.8424619119710642,
  "token_diversity": 0.6633865516541407,
  "keyword_diversity": 0.953903578658675,
  "operator_diversity": 0.7239580368327988,
  "function_diversity": 0.7308460508545124,
  "comment_style_diversity": 0.3333333333333333,
  "length_zone_diversity": 0.6,
  "self_bleu": 0.9846790752853474,
  "self_bleu_char": 0.9846790752853474,
  "requested_count": 500,
  "generated_count_fraction": 1.0
}
