{
  "metric_schema_version": "quality-metrics-v3",
  "normalization_version": "nfkc_html_percent1_casefold_ws_quotes_v1",
  "seed": 88,
  "method": "seqgan_improved",
  "family": "boolean",
  "scenario": "D",
  "ratio": "100",
  "generation_kind": "direct",
  "schema_valid": true,
  "stop_reason": "n/a",
  "n_generated": 2000,
  "unique_rate": 0.9935,
  "normalized_unique_rate": 0.9905,
  "duplicate_rate": 0.00649999999999995,
  "model_collapse_rate": 0.00649999999999995,
  "dominant_payload_share": 0.001,
  "normalized_dominant_payload_share": 0.001,
  "sql_parse_rate": 1.0,
  "sql_structure_rate": 0.9195,
  "family_motif_coverage": 0.25,
  "family_motif_hit_rate": 0.6555,
  "garbage_rate": 0.08050000000000002,
  "wellformed_rate": 1.0,
  "shaped_rate": 0.9195,
  "family_motif_coverage_by_family": {
    "boolean": 0.25
  },
  "family_motif_hit_rate_by_family": {
    "boolean": 0.6555
  },
  "inferred_family_distribution": {
    "boolean": 0.6555,
    "union": 0.0,
    "time": 0.0,
    "error": 0.0,
    "other": 0.3445
  },
  "train_reference_count": 156,
  "holdout_reference_count": 917,
  "exact_input_overlap": 0.0,
  "normalized_input_overlap": 0.0,
  "holdout_overlap": 0.0,
  "normalized_holdout_overlap": 0.0,
  "nearest_input_similarity_mean": 0.13143437304686903,
  "nearest_input_similarity_median": 0.12244897959183673,
  "nearest_input_similarity_p90": 0.1875,
  "nearest_char3_jaccard_mean": 0.13143437304686903,
  "nearest_char3_jaccard_median": 0.12244897959183673,
  "nearest_char3_jaccard_p90": 0.1875,
  "nearest_token_jaccard_mean": 0.07479073172521904,
  "nearest_token_jaccard_median": 0.0,
  "nearest_token_jaccard_p90": 0.2,
  "nearest_edit_similarity_mean": 0.21704084666536982,
  "nearest_edit_similarity_median": 0.21818181818181814,
  "nearest_edit_similarity_p90": 0.27586206896551724,
  "nearest_feature_cosine_mean": 0.7967310431437767,
  "nearest_feature_cosine_median": 0.8500014327069584,
  "nearest_feature_cosine_p90": 0.9256912281238443,
  "nearest_input_distance_mean": 0.868565626953131,
  "nearest_input_distance_median": 0.8775510204081632,
  "nearest_input_distance_p90": 0.9122807017543859,
  "mean_nearest_similarity": 0.13143437304686903,
  "median_nearest_similarity": 0.12244897959183673,
  "p90_nearest_similarity": 0.1875,
  "unique_nearest_payload_rate": 0.039,
  "dominant_retrieved_payload_share": 0.2225,
  "nearest_reference_count": 156,
  "distinct_1": 0.1807688447254843,
  "distinct_2": 0.4494537234710536,
  "distinct_3": 0.7201542588866533,
  "lexical_diversity": 0.1807688447254843,
  "character_diversity": 0.7610806949368216,
  "token_diversity": 0.5637191428787288,
  "keyword_diversity": 0.5767367119583804,
  "operator_diversity": 0.40412882445880705,
  "function_diversity": 0.8211527662161012,
  "comment_style_diversity": 0.0,
  "length_zone_diversity": 0.2,
  "self_bleu": 0.9586938525247628,
  "self_bleu_char": 0.9586938525247628,
  "requested_count": 2000,
  "generated_count_fraction": 1.0
}
