{
  "metric_schema_version": "quality-metrics-v3",
  "normalization_version": "nfkc_html_percent1_casefold_ws_quotes_v1",
  "seed": 88,
  "method": "seqgan_master",
  "family": "union",
  "scenario": "C",
  "ratio": "50",
  "generation_kind": "direct",
  "schema_valid": true,
  "stop_reason": "n/a",
  "n_generated": 200,
  "unique_rate": 1.0,
  "normalized_unique_rate": 0.995,
  "duplicate_rate": 0.0,
  "model_collapse_rate": 0.0,
  "dominant_payload_share": 0.005,
  "normalized_dominant_payload_share": 0.01,
  "sql_parse_rate": 1.0,
  "sql_structure_rate": 0.05,
  "family_motif_coverage": 0.25,
  "family_motif_hit_rate": 0.01,
  "garbage_rate": 0.95,
  "wellformed_rate": 1.0,
  "shaped_rate": 0.05,
  "family_motif_coverage_by_family": {
    "union": 0.25
  },
  "family_motif_hit_rate_by_family": {
    "union": 0.01
  },
  "inferred_family_distribution": {
    "boolean": 0.0,
    "union": 0.01,
    "time": 0.0,
    "error": 0.0,
    "other": 0.99
  },
  "train_reference_count": 312,
  "holdout_reference_count": 419,
  "exact_input_overlap": 0.0,
  "normalized_input_overlap": 0.0,
  "holdout_overlap": 0.0,
  "normalized_holdout_overlap": 0.0,
  "nearest_input_similarity_mean": 0.10182433478842912,
  "nearest_input_similarity_median": 0.09232954545454546,
  "nearest_input_similarity_p90": 0.16666666666666666,
  "nearest_char3_jaccard_mean": 0.10182433478842912,
  "nearest_char3_jaccard_median": 0.09232954545454546,
  "nearest_char3_jaccard_p90": 0.16666666666666666,
  "nearest_token_jaccard_mean": 0.1482904102476471,
  "nearest_token_jaccard_median": 0.16666666666666666,
  "nearest_token_jaccard_p90": 0.2222222222222222,
  "nearest_edit_similarity_mean": 0.11262804229433825,
  "nearest_edit_similarity_median": 0.10769230769230764,
  "nearest_edit_similarity_p90": 0.16176470588235292,
  "nearest_feature_cosine_mean": 0.6912642170053005,
  "nearest_feature_cosine_median": 0.799686068026383,
  "nearest_feature_cosine_p90": 0.9428219579963019,
  "nearest_input_distance_mean": 0.8981756652115709,
  "nearest_input_distance_median": 0.9076704545454546,
  "nearest_input_distance_p90": 0.9461789375582479,
  "mean_nearest_similarity": 0.10182433478842912,
  "median_nearest_similarity": 0.09232954545454546,
  "p90_nearest_similarity": 0.16666666666666666,
  "unique_nearest_payload_rate": 0.365,
  "dominant_retrieved_payload_share": 0.125,
  "nearest_reference_count": 312,
  "distinct_1": 0.2723263506063947,
  "distinct_2": 0.635077793493635,
  "distinct_3": 0.8366141732283464,
  "lexical_diversity": 0.2723263506063947,
  "character_diversity": 0.7908500097575137,
  "token_diversity": 0.6201628918267141,
  "keyword_diversity": 0.8366680755922805,
  "operator_diversity": 0.5897654910518769,
  "function_diversity": 1.0,
  "comment_style_diversity": 0.3333333333333333,
  "length_zone_diversity": 0.2,
  "self_bleu": 0.6949555615274472,
  "self_bleu_char": 0.6949555615274472,
  "requested_count": 200,
  "generated_count_fraction": 1.0
}
