
[1/3] pretrain G
G epoch=1/15 loss=4.3588
G epoch=2/15 loss=3.4650
G epoch=3/15 loss=2.7808
G epoch=4/15 loss=2.4825
G epoch=5/15 loss=2.2620
G epoch=6/15 loss=2.0829
G epoch=7/15 loss=1.9222
G epoch=8/15 loss=1.7318
G epoch=9/15 loss=1.6124
G epoch=10/15 loss=1.5030
G epoch=11/15 loss=1.3775
G epoch=12/15 loss=1.2536
G epoch=13/15 loss=1.1823
G epoch=14/15 loss=1.0823
G epoch=15/15 loss=1.0510

[2/3] pretrain D
D step=1/8 epoch=1/2 loss=0.8261 l2=0.2000 label_smoothing=0.000
D step=1/8 epoch=2/2 loss=0.6239 l2=0.2000 label_smoothing=0.000
D step=2/8 epoch=1/2 loss=0.5104 l2=0.2000 label_smoothing=0.000
D step=2/8 epoch=2/2 loss=0.4516 l2=0.2000 label_smoothing=0.000
D step=3/8 epoch=1/2 loss=0.3687 l2=0.2000 label_smoothing=0.000
D step=3/8 epoch=2/2 loss=0.2943 l2=0.2000 label_smoothing=0.000
D step=4/8 epoch=1/2 loss=0.2597 l2=0.2000 label_smoothing=0.000
D step=4/8 epoch=2/2 loss=0.2269 l2=0.2000 label_smoothing=0.000
D step=5/8 epoch=1/2 loss=0.1839 l2=0.2000 label_smoothing=0.000
D step=5/8 epoch=2/2 loss=0.1602 l2=0.2000 label_smoothing=0.000
D step=6/8 epoch=1/2 loss=0.1638 l2=0.2000 label_smoothing=0.000
D step=6/8 epoch=2/2 loss=0.1450 l2=0.2000 label_smoothing=0.000
D step=7/8 epoch=1/2 loss=0.1343 l2=0.2000 label_smoothing=0.000
D step=7/8 epoch=2/2 loss=0.1187 l2=0.2000 label_smoothing=0.000
D step=8/8 epoch=1/2 loss=0.1265 l2=0.2000 label_smoothing=0.000
D step=8/8 epoch=2/2 loss=0.1117 l2=0.2000 label_smoothing=0.000

[3/3] adversarial
generator_reward_mode=off reward_alpha=1.000 d_steps=3 d_epochs=1
D step=1/3 epoch=1/1 loss=0.1214 l2=0.2000 label_smoothing=0.000
D step=2/3 epoch=1/1 loss=0.1061 l2=0.2000 label_smoothing=0.000
D step=3/3 epoch=1/1 loss=0.0962 l2=0.2000 label_smoothing=0.000
ADV epoch=1/6 g_loss=0.0542 d_loss=0.1079 reward=0.0438 reward_var=0.0095 unique=1.0000
D step=1/3 epoch=1/1 loss=0.1137 l2=0.2000 label_smoothing=0.000
D step=2/3 epoch=1/1 loss=0.0927 l2=0.2000 label_smoothing=0.000
D step=3/3 epoch=1/1 loss=0.0810 l2=0.2000 label_smoothing=0.000
ADV epoch=2/6 g_loss=0.0480 d_loss=0.0958 reward=0.0343 reward_var=0.0057 unique=1.0000
D step=1/3 epoch=1/1 loss=0.1040 l2=0.2000 label_smoothing=0.000
D step=2/3 epoch=1/1 loss=0.0853 l2=0.2000 label_smoothing=0.000
D step=3/3 epoch=1/1 loss=0.0794 l2=0.2000 label_smoothing=0.000
ADV epoch=3/6 g_loss=0.0249 d_loss=0.0896 reward=0.0195 reward_var=0.0046 unique=1.0000
saved 200 raw samples to /content/drive/MyDrive/GAN/GAN_SQLi_Colab/results_seqgan_only_mini/phase2a/seqgan_master/union/C/R50/generated_payloads.csv
