{
  "metric_schema_version": "quality-metrics-v3",
  "normalization_version": "nfkc_html_percent1_casefold_ws_quotes_v1",
  "seed": 88,
  "method": "gan",
  "family": "boolean",
  "scenario": "A",
  "ratio": "50",
  "generation_kind": "retrieval",
  "schema_valid": true,
  "stop_reason": "n/a",
  "n_generated": 200,
  "unique_rate": 0.055,
  "normalized_unique_rate": 0.055,
  "duplicate_rate": 0.945,
  "model_collapse_rate": 0.945,
  "dominant_payload_share": 0.24,
  "normalized_dominant_payload_share": 0.24,
  "sql_parse_rate": 1.0,
  "sql_structure_rate": 1.0,
  "family_motif_coverage": 0.75,
  "family_motif_hit_rate": 1.0,
  "garbage_rate": 0.0,
  "wellformed_rate": 1.0,
  "shaped_rate": 1.0,
  "family_motif_coverage_by_family": {
    "boolean": 0.75
  },
  "family_motif_hit_rate_by_family": {
    "boolean": 1.0
  },
  "inferred_family_distribution": {
    "boolean": 0.0,
    "union": 1.0,
    "time": 0.0,
    "error": 0.0,
    "other": 0.0
  },
  "train_reference_count": 312,
  "holdout_reference_count": 917,
  "exact_input_overlap": 1.0,
  "normalized_input_overlap": 1.0,
  "holdout_overlap": 0.0,
  "normalized_holdout_overlap": 0.0,
  "nearest_input_similarity_mean": 1.0,
  "nearest_input_similarity_median": 1.0,
  "nearest_input_similarity_p90": 1.0,
  "nearest_char3_jaccard_mean": 1.0,
  "nearest_char3_jaccard_median": 1.0,
  "nearest_char3_jaccard_p90": 1.0,
  "nearest_token_jaccard_mean": 1.0,
  "nearest_token_jaccard_median": 1.0,
  "nearest_token_jaccard_p90": 1.0,
  "nearest_edit_similarity_mean": 1.0,
  "nearest_edit_similarity_median": 1.0,
  "nearest_edit_similarity_p90": 1.0,
  "nearest_feature_cosine_mean": 1.0000000000000002,
  "nearest_feature_cosine_median": 1.0000000000000002,
  "nearest_feature_cosine_p90": 1.0000000000000002,
  "nearest_input_distance_mean": 0.0,
  "nearest_input_distance_median": 0.0,
  "nearest_input_distance_p90": 0.0,
  "mean_nearest_similarity": 1.0,
  "median_nearest_similarity": 1.0,
  "p90_nearest_similarity": 1.0,
  "unique_nearest_payload_rate": 0.055,
  "dominant_retrieved_payload_share": 0.24,
  "nearest_reference_count": 312,
  "distinct_1": 0.007123473541383989,
  "distinct_2": 0.011644832605531296,
  "distinct_3": 0.016483516483516484,
  "lexical_diversity": 0.007123473541383989,
  "character_diversity": 0.7959404793048697,
  "token_diversity": 0.8019660227054911,
  "keyword_diversity": 0.9752404816059184,
  "operator_diversity": 0.9182958340544894,
  "function_diversity": 0.0,
  "comment_style_diversity": 0.3333333333333333,
  "length_zone_diversity": 0.2,
  "self_bleu": 0.994403319709621,
  "self_bleu_char": 0.994403319709621,
  "requested_count": 200,
  "generated_count_fraction": 1.0
}
