{
  "metric_schema_version": "quality-metrics-v3",
  "normalization_version": "nfkc_html_percent1_casefold_ws_quotes_v1",
  "seed": 88,
  "method": "ctgan",
  "family": "boolean",
  "scenario": "F",
  "ratio": "50",
  "generation_kind": "retrieval",
  "schema_valid": true,
  "stop_reason": "n/a",
  "n_generated": 200,
  "unique_rate": 0.455,
  "normalized_unique_rate": 0.455,
  "duplicate_rate": 0.5449999999999999,
  "model_collapse_rate": 0.5449999999999999,
  "dominant_payload_share": 0.05,
  "normalized_dominant_payload_share": 0.05,
  "sql_parse_rate": 1.0,
  "sql_structure_rate": 1.0,
  "family_motif_coverage": 1.0,
  "family_motif_hit_rate": 1.0,
  "garbage_rate": 0.0,
  "wellformed_rate": 1.0,
  "shaped_rate": 1.0,
  "family_motif_coverage_by_family": {
    "boolean": 1.0
  },
  "family_motif_hit_rate_by_family": {
    "boolean": 1.0
  },
  "inferred_family_distribution": {
    "boolean": 0.965,
    "union": 0.035,
    "time": 0.0,
    "error": 0.0,
    "other": 0.0
  },
  "train_reference_count": 312,
  "holdout_reference_count": 917,
  "exact_input_overlap": 1.0,
  "normalized_input_overlap": 1.0,
  "holdout_overlap": 0.0,
  "normalized_holdout_overlap": 0.0,
  "nearest_input_similarity_mean": 1.0,
  "nearest_input_similarity_median": 1.0,
  "nearest_input_similarity_p90": 1.0,
  "nearest_char3_jaccard_mean": 1.0,
  "nearest_char3_jaccard_median": 1.0,
  "nearest_char3_jaccard_p90": 1.0,
  "nearest_token_jaccard_mean": 1.0,
  "nearest_token_jaccard_median": 1.0,
  "nearest_token_jaccard_p90": 1.0,
  "nearest_edit_similarity_mean": 1.0,
  "nearest_edit_similarity_median": 1.0,
  "nearest_edit_similarity_p90": 1.0,
  "nearest_feature_cosine_mean": 1.0,
  "nearest_feature_cosine_median": 1.0,
  "nearest_feature_cosine_p90": 1.0000000000000002,
  "nearest_input_distance_mean": 0.0,
  "nearest_input_distance_median": 0.0,
  "nearest_input_distance_p90": 0.0,
  "mean_nearest_similarity": 1.0,
  "median_nearest_similarity": 1.0,
  "p90_nearest_similarity": 1.0,
  "unique_nearest_payload_rate": 0.455,
  "dominant_retrieved_payload_share": 0.05,
  "nearest_reference_count": 312,
  "distinct_1": 0.1332752613240418,
  "distinct_2": 0.3101145038167939,
  "distinct_3": 0.35548523206751054,
  "lexical_diversity": 0.1332752613240418,
  "character_diversity": 0.8454500056357871,
  "token_diversity": 0.7623452581615099,
  "keyword_diversity": 0.6776239618982314,
  "operator_diversity": 0.7078130379373218,
  "function_diversity": 0.8376903018840051,
  "comment_style_diversity": 1.0,
  "length_zone_diversity": 1.0,
  "self_bleu": 0.9497968183671925,
  "self_bleu_char": 0.9497968183671925,
  "requested_count": 200,
  "generated_count_fraction": 1.0
}
