{
  "metric_schema_version": "quality-metrics-v3",
  "normalization_version": "nfkc_html_percent1_casefold_ws_quotes_v1",
  "seed": 88,
  "method": "seqgan_master",
  "family": "error",
  "scenario": "B",
  "ratio": "50",
  "generation_kind": "direct",
  "schema_valid": true,
  "stop_reason": "n/a",
  "n_generated": 500,
  "unique_rate": 0.31,
  "normalized_unique_rate": 0.286,
  "duplicate_rate": 0.69,
  "model_collapse_rate": 0.69,
  "dominant_payload_share": 0.066,
  "normalized_dominant_payload_share": 0.07,
  "sql_parse_rate": 1.0,
  "sql_structure_rate": 0.802,
  "family_motif_coverage": 0.375,
  "family_motif_hit_rate": 0.552,
  "garbage_rate": 0.19799999999999995,
  "wellformed_rate": 1.0,
  "shaped_rate": 0.802,
  "family_motif_coverage_by_family": {
    "error": 0.375
  },
  "family_motif_hit_rate_by_family": {
    "error": 0.552
  },
  "inferred_family_distribution": {
    "boolean": 0.002,
    "union": 0.0,
    "time": 0.0,
    "error": 0.552,
    "other": 0.446
  },
  "train_reference_count": 312,
  "holdout_reference_count": 259,
  "exact_input_overlap": 0.0,
  "normalized_input_overlap": 0.0,
  "holdout_overlap": 0.0,
  "normalized_holdout_overlap": 0.0,
  "nearest_input_similarity_mean": 0.16578391721516333,
  "nearest_input_similarity_median": 0.16666666666666666,
  "nearest_input_similarity_p90": 0.20253164556962025,
  "nearest_char3_jaccard_mean": 0.16578391721516333,
  "nearest_char3_jaccard_median": 0.16666666666666666,
  "nearest_char3_jaccard_p90": 0.20253164556962025,
  "nearest_token_jaccard_mean": 0.22297401526062516,
  "nearest_token_jaccard_median": 0.23529411764705882,
  "nearest_token_jaccard_p90": 0.2857142857142857,
  "nearest_edit_similarity_mean": 0.14063341816759495,
  "nearest_edit_similarity_median": 0.14516129032258063,
  "nearest_edit_similarity_p90": 0.17431192660550454,
  "nearest_feature_cosine_mean": 0.7090409107447433,
  "nearest_feature_cosine_median": 0.7392346071004982,
  "nearest_feature_cosine_p90": 0.784880926640841,
  "nearest_input_distance_mean": 0.8342160827848366,
  "nearest_input_distance_median": 0.8333333333333334,
  "nearest_input_distance_p90": 0.8817836812144213,
  "mean_nearest_similarity": 0.16578391721516333,
  "median_nearest_similarity": 0.16666666666666666,
  "p90_nearest_similarity": 0.20253164556962025,
  "unique_nearest_payload_rate": 0.096,
  "dominant_retrieved_payload_share": 0.122,
  "nearest_reference_count": 312,
  "distinct_1": 0.045242537313432835,
  "distinct_2": 0.11070559610705596,
  "distinct_3": 0.1687062937062937,
  "lexical_diversity": 0.045242537313432835,
  "character_diversity": 0.8012271146764427,
  "token_diversity": 0.5228188756670228,
  "keyword_diversity": 0.6448016334129822,
  "operator_diversity": 0.07761951112637416,
  "function_diversity": 0.39712629768288316,
  "comment_style_diversity": 0.0,
  "length_zone_diversity": 0.2,
  "self_bleu": 0.9818530612765468,
  "self_bleu_char": 0.9818530612765468,
  "requested_count": 500,
  "generated_count_fraction": 1.0
}
