
[1/3] pretrain G
G epoch=1/60 loss=4.5522
G epoch=2/60 loss=4.2725
G epoch=3/60 loss=3.8704
G epoch=4/60 loss=3.4023
G epoch=5/60 loss=3.0101
G epoch=6/60 loss=2.8336
G epoch=7/60 loss=2.6247
G epoch=8/60 loss=2.5163
G epoch=9/60 loss=2.3579
G epoch=10/60 loss=2.2220
G epoch=11/60 loss=2.1180
G epoch=12/60 loss=2.0037
G epoch=13/60 loss=1.8939
G epoch=14/60 loss=1.8271
G epoch=15/60 loss=1.6802
G epoch=16/60 loss=1.6315
G epoch=17/60 loss=1.5773
G epoch=18/60 loss=1.4893
G epoch=19/60 loss=1.4393
G epoch=20/60 loss=1.4126
G epoch=21/60 loss=1.3315
G epoch=22/60 loss=1.2777
G epoch=23/60 loss=1.2041
G epoch=24/60 loss=1.1911
G epoch=25/60 loss=1.1723
G epoch=26/60 loss=1.0946
G epoch=27/60 loss=1.0480
G epoch=28/60 loss=1.0413
G epoch=29/60 loss=0.9952
G epoch=30/60 loss=1.0009
G epoch=31/60 loss=0.9342
G epoch=32/60 loss=0.9510
G epoch=33/60 loss=0.9204
G epoch=34/60 loss=0.9152
G epoch=35/60 loss=0.8680
G epoch=36/60 loss=0.8087
G epoch=37/60 loss=0.8407
G epoch=38/60 loss=0.8161
G epoch=39/60 loss=0.8021
G epoch=40/60 loss=0.7874
G epoch=41/60 loss=0.7874
G epoch=42/60 loss=0.7606
G epoch=43/60 loss=0.7765
G epoch=44/60 loss=0.7314
G epoch=45/60 loss=0.7224
G epoch=46/60 loss=0.7090
G epoch=47/60 loss=0.7029
G epoch=48/60 loss=0.7087
G epoch=49/60 loss=0.6827
G epoch=50/60 loss=0.6539
G epoch=51/60 loss=0.6551
G epoch=52/60 loss=0.6459
G epoch=53/60 loss=0.6555
G epoch=54/60 loss=0.6517
G epoch=55/60 loss=0.6477
G epoch=56/60 loss=0.6456
G epoch=57/60 loss=0.6184
G epoch=58/60 loss=0.6302
G epoch=59/60 loss=0.6101
G epoch=60/60 loss=0.6061

[2/3] pretrain D
D step=1/30 epoch=1/3 loss=0.7638 l2=0.2000 label_smoothing=0.000
D step=1/30 epoch=2/3 loss=0.7124 l2=0.2000 label_smoothing=0.000
D step=1/30 epoch=3/3 loss=0.6855 l2=0.2000 label_smoothing=0.000
D step=2/30 epoch=1/3 loss=0.6813 l2=0.2000 label_smoothing=0.000
D step=2/30 epoch=2/3 loss=0.6494 l2=0.2000 label_smoothing=0.000
D step=2/30 epoch=3/3 loss=0.5976 l2=0.2000 label_smoothing=0.000
D step=3/30 epoch=1/3 loss=0.5962 l2=0.2000 label_smoothing=0.000
D step=3/30 epoch=2/3 loss=0.5507 l2=0.2000 label_smoothing=0.000
D step=3/30 epoch=3/3 loss=0.5100 l2=0.2000 label_smoothing=0.000
D step=4/30 epoch=1/3 loss=0.5512 l2=0.2000 label_smoothing=0.000
D step=4/30 epoch=2/3 loss=0.5102 l2=0.2000 label_smoothing=0.000
D step=4/30 epoch=3/3 loss=0.4781 l2=0.2000 label_smoothing=0.000
D step=5/30 epoch=1/3 loss=0.4548 l2=0.2000 label_smoothing=0.000
D step=5/30 epoch=2/3 loss=0.4403 l2=0.2000 label_smoothing=0.000
D step=5/30 epoch=3/3 loss=0.4090 l2=0.2000 label_smoothing=0.000
D step=6/30 epoch=1/3 loss=0.4274 l2=0.2000 label_smoothing=0.000
D step=6/30 epoch=2/3 loss=0.3999 l2=0.2000 label_smoothing=0.000
D step=6/30 epoch=3/3 loss=0.3938 l2=0.2000 label_smoothing=0.000
D step=7/30 epoch=1/3 loss=0.4158 l2=0.2000 label_smoothing=0.000
D step=7/30 epoch=2/3 loss=0.4039 l2=0.2000 label_smoothing=0.000
D step=7/30 epoch=3/3 loss=0.3542 l2=0.2000 label_smoothing=0.000
D step=8/30 epoch=1/3 loss=0.3725 l2=0.2000 label_smoothing=0.000
D step=8/30 epoch=2/3 loss=0.3521 l2=0.2000 label_smoothing=0.000
D step=8/30 epoch=3/3 loss=0.3266 l2=0.2000 label_smoothing=0.000
D step=9/30 epoch=1/3 loss=0.3550 l2=0.2000 label_smoothing=0.000
D step=9/30 epoch=2/3 loss=0.3276 l2=0.2000 label_smoothing=0.000
D step=9/30 epoch=3/3 loss=0.3054 l2=0.2000 label_smoothing=0.000
D step=10/30 epoch=1/3 loss=0.3878 l2=0.2000 label_smoothing=0.000
D step=10/30 epoch=2/3 loss=0.3456 l2=0.2000 label_smoothing=0.000
D step=10/30 epoch=3/3 loss=0.3683 l2=0.2000 label_smoothing=0.000
D step=11/30 epoch=1/3 loss=0.3952 l2=0.2000 label_smoothing=0.000
D step=11/30 epoch=2/3 loss=0.3587 l2=0.2000 label_smoothing=0.000
D step=11/30 epoch=3/3 loss=0.3328 l2=0.2000 label_smoothing=0.000
D step=12/30 epoch=1/3 loss=0.2835 l2=0.2000 label_smoothing=0.000
D step=12/30 epoch=2/3 loss=0.2835 l2=0.2000 label_smoothing=0.000
D step=12/30 epoch=3/3 loss=0.2578 l2=0.2000 label_smoothing=0.000
D step=13/30 epoch=1/3 loss=0.3142 l2=0.2000 label_smoothing=0.000
D step=13/30 epoch=2/3 loss=0.3056 l2=0.2000 label_smoothing=0.000
D step=13/30 epoch=3/3 loss=0.2746 l2=0.2000 label_smoothing=0.000
D step=14/30 epoch=1/3 loss=0.2978 l2=0.2000 label_smoothing=0.000
D step=14/30 epoch=2/3 loss=0.2774 l2=0.2000 label_smoothing=0.000
D step=14/30 epoch=3/3 loss=0.2555 l2=0.2000 label_smoothing=0.000
D step=15/30 epoch=1/3 loss=0.3005 l2=0.2000 label_smoothing=0.000
D step=15/30 epoch=2/3 loss=0.2756 l2=0.2000 label_smoothing=0.000
D step=15/30 epoch=3/3 loss=0.2635 l2=0.2000 label_smoothing=0.000
D step=16/30 epoch=1/3 loss=0.2699 l2=0.2000 label_smoothing=0.000
D step=16/30 epoch=2/3 loss=0.2543 l2=0.2000 label_smoothing=0.000
D step=16/30 epoch=3/3 loss=0.2530 l2=0.2000 label_smoothing=0.000
D step=17/30 epoch=1/3 loss=0.2507 l2=0.2000 label_smoothing=0.000
D step=17/30 epoch=2/3 loss=0.2247 l2=0.2000 label_smoothing=0.000
D step=17/30 epoch=3/3 loss=0.2265 l2=0.2000 label_smoothing=0.000
D step=18/30 epoch=1/3 loss=0.3119 l2=0.2000 label_smoothing=0.000
D step=18/30 epoch=2/3 loss=0.2921 l2=0.2000 label_smoothing=0.000
D step=18/30 epoch=3/3 loss=0.2791 l2=0.2000 label_smoothing=0.000
D step=19/30 epoch=1/3 loss=0.2602 l2=0.2000 label_smoothing=0.000
D step=19/30 epoch=2/3 loss=0.2431 l2=0.2000 label_smoothing=0.000
D step=19/30 epoch=3/3 loss=0.2162 l2=0.2000 label_smoothing=0.000
D step=20/30 epoch=1/3 loss=0.2630 l2=0.2000 label_smoothing=0.000
D step=20/30 epoch=2/3 loss=0.2780 l2=0.2000 label_smoothing=0.000
D step=20/30 epoch=3/3 loss=0.2314 l2=0.2000 label_smoothing=0.000
D step=21/30 epoch=1/3 loss=0.3009 l2=0.2000 label_smoothing=0.000
D step=21/30 epoch=2/3 loss=0.2551 l2=0.2000 label_smoothing=0.000
D step=21/30 epoch=3/3 loss=0.2490 l2=0.2000 label_smoothing=0.000
D step=22/30 epoch=1/3 loss=0.2495 l2=0.2000 label_smoothing=0.000
D step=22/30 epoch=2/3 loss=0.2521 l2=0.2000 label_smoothing=0.000
D step=22/30 epoch=3/3 loss=0.2265 l2=0.2000 label_smoothing=0.000
D step=23/30 epoch=1/3 loss=0.2552 l2=0.2000 label_smoothing=0.000
D step=23/30 epoch=2/3 loss=0.2431 l2=0.2000 label_smoothing=0.000
D step=23/30 epoch=3/3 loss=0.2386 l2=0.2000 label_smoothing=0.000
D step=24/30 epoch=1/3 loss=0.2794 l2=0.2000 label_smoothing=0.000
D step=24/30 epoch=2/3 loss=0.2505 l2=0.2000 label_smoothing=0.000
D step=24/30 epoch=3/3 loss=0.2575 l2=0.2000 label_smoothing=0.000
D step=25/30 epoch=1/3 loss=0.3044 l2=0.2000 label_smoothing=0.000
D step=25/30 epoch=2/3 loss=0.2710 l2=0.2000 label_smoothing=0.000
D step=25/30 epoch=3/3 loss=0.2509 l2=0.2000 label_smoothing=0.000
D step=26/30 epoch=1/3 loss=0.2018 l2=0.2000 label_smoothing=0.000
D step=26/30 epoch=2/3 loss=0.1885 l2=0.2000 label_smoothing=0.000
D step=26/30 epoch=3/3 loss=0.1694 l2=0.2000 label_smoothing=0.000
D step=27/30 epoch=1/3 loss=0.2744 l2=0.2000 label_smoothing=0.000
D step=27/30 epoch=2/3 loss=0.2623 l2=0.2000 label_smoothing=0.000
D step=27/30 epoch=3/3 loss=0.2266 l2=0.2000 label_smoothing=0.000
D step=28/30 epoch=1/3 loss=0.2195 l2=0.2000 label_smoothing=0.000
D step=28/30 epoch=2/3 loss=0.2039 l2=0.2000 label_smoothing=0.000
D step=28/30 epoch=3/3 loss=0.1740 l2=0.2000 label_smoothing=0.000
D step=29/30 epoch=1/3 loss=0.2280 l2=0.2000 label_smoothing=0.000
D step=29/30 epoch=2/3 loss=0.2340 l2=0.2000 label_smoothing=0.000
D step=29/30 epoch=3/3 loss=0.2012 l2=0.2000 label_smoothing=0.000
D step=30/30 epoch=1/3 loss=0.2520 l2=0.2000 label_smoothing=0.000
D step=30/30 epoch=2/3 loss=0.2405 l2=0.2000 label_smoothing=0.000
D step=30/30 epoch=3/3 loss=0.2042 l2=0.2000 label_smoothing=0.000

[3/3] adversarial
generator_reward_mode=off reward_alpha=1.000 d_steps=5 d_epochs=3
D step=1/5 epoch=1/3 loss=0.3734 l2=0.2000 label_smoothing=0.000
D step=1/5 epoch=2/3 loss=0.2475 l2=0.2000 label_smoothing=0.000
D step=1/5 epoch=3/3 loss=0.2148 l2=0.2000 label_smoothing=0.000
D step=2/5 epoch=1/3 loss=0.2761 l2=0.2000 label_smoothing=0.000
D step=2/5 epoch=2/3 loss=0.2380 l2=0.2000 label_smoothing=0.000
D step=2/5 epoch=3/3 loss=0.2315 l2=0.2000 label_smoothing=0.000
D step=3/5 epoch=1/3 loss=0.2178 l2=0.2000 label_smoothing=0.000
D step=3/5 epoch=2/3 loss=0.1919 l2=0.2000 label_smoothing=0.000
D step=3/5 epoch=3/3 loss=0.2039 l2=0.2000 label_smoothing=0.000
D step=4/5 epoch=1/3 loss=0.2257 l2=0.2000 label_smoothing=0.000
D step=4/5 epoch=2/3 loss=0.2047 l2=0.2000 label_smoothing=0.000
D step=4/5 epoch=3/3 loss=0.2149 l2=0.2000 label_smoothing=0.000
D step=5/5 epoch=1/3 loss=0.2470 l2=0.2000 label_smoothing=0.000
D step=5/5 epoch=2/3 loss=0.2055 l2=0.2000 label_smoothing=0.000
D step=5/5 epoch=3/3 loss=0.2113 l2=0.2000 label_smoothing=0.000
ADV epoch=1/60 g_loss=0.0737 d_loss=0.2336 reward=0.1599 reward_var=0.0427 unique=0.9000
D step=1/5 epoch=1/3 loss=0.4045 l2=0.2000 label_smoothing=0.000
D step=1/5 epoch=2/3 loss=0.3747 l2=0.2000 label_smoothing=0.000
D step=1/5 epoch=3/3 loss=0.3124 l2=0.2000 label_smoothing=0.000
D step=2/5 epoch=1/3 loss=0.3485 l2=0.2000 label_smoothing=0.000
D step=2/5 epoch=2/3 loss=0.2840 l2=0.2000 label_smoothing=0.000
D step=2/5 epoch=3/3 loss=0.2851 l2=0.2000 label_smoothing=0.000
D step=3/5 epoch=1/3 loss=0.2979 l2=0.2000 label_smoothing=0.000
D step=3/5 epoch=2/3 loss=0.2931 l2=0.2000 label_smoothing=0.000
D step=3/5 epoch=3/3 loss=0.2670 l2=0.2000 label_smoothing=0.000
D step=4/5 epoch=1/3 loss=0.2723 l2=0.2000 label_smoothing=0.000
D step=4/5 epoch=2/3 loss=0.2354 l2=0.2000 label_smoothing=0.000
D step=4/5 epoch=3/3 loss=0.2471 l2=0.2000 label_smoothing=0.000
D step=5/5 epoch=1/3 loss=0.2453 l2=0.2000 label_smoothing=0.000
D step=5/5 epoch=2/3 loss=0.2501 l2=0.2000 label_smoothing=0.000
D step=5/5 epoch=3/3 loss=0.2260 l2=0.2000 label_smoothing=0.000
ADV epoch=2/60 g_loss=0.0454 d_loss=0.2896 reward=0.1149 reward_var=0.0234 unique=0.7000
D step=1/5 epoch=1/3 loss=0.3124 l2=0.2000 label_smoothing=0.000
D step=1/5 epoch=2/3 loss=0.3468 l2=0.2000 label_smoothing=0.000
D step=1/5 epoch=3/3 loss=0.2606 l2=0.2000 label_smoothing=0.000
D step=2/5 epoch=1/3 loss=0.3120 l2=0.2000 label_smoothing=0.000
D step=2/5 epoch=2/3 loss=0.2632 l2=0.2000 label_smoothing=0.000
D step=2/5 epoch=3/3 loss=0.2711 l2=0.2000 label_smoothing=0.000
D step=3/5 epoch=1/3 loss=0.2463 l2=0.2000 label_smoothing=0.000
D step=3/5 epoch=2/3 loss=0.2556 l2=0.2000 label_smoothing=0.000
D step=3/5 epoch=3/3 loss=0.2358 l2=0.2000 label_smoothing=0.000
D step=4/5 epoch=1/3 loss=0.2939 l2=0.2000 label_smoothing=0.000
D step=4/5 epoch=2/3 loss=0.2764 l2=0.2000 label_smoothing=0.000
D step=4/5 epoch=3/3 loss=0.2634 l2=0.2000 label_smoothing=0.000
D step=5/5 epoch=1/3 loss=0.3056 l2=0.2000 label_smoothing=0.000
D step=5/5 epoch=2/3 loss=0.2717 l2=0.2000 label_smoothing=0.000
D step=5/5 epoch=3/3 loss=0.2888 l2=0.2000 label_smoothing=0.000
ADV epoch=3/60 g_loss=0.0436 d_loss=0.2802 reward=0.1171 reward_var=0.0215 unique=0.6600
D step=1/5 epoch=1/3 loss=0.2973 l2=0.2000 label_smoothing=0.000
D step=1/5 epoch=2/3 loss=0.2962 l2=0.2000 label_smoothing=0.000
D step=1/5 epoch=3/3 loss=0.2709 l2=0.2000 label_smoothing=0.000
D step=2/5 epoch=1/3 loss=0.2827 l2=0.2000 label_smoothing=0.000
D step=2/5 epoch=2/3 loss=0.2889 l2=0.2000 label_smoothing=0.000
D step=2/5 epoch=3/3 loss=0.2847 l2=0.2000 label_smoothing=0.000
D step=3/5 epoch=1/3 loss=0.2854 l2=0.2000 label_smoothing=0.000
D step=3/5 epoch=2/3 loss=0.2769 l2=0.2000 label_smoothing=0.000
D step=3/5 epoch=3/3 loss=0.2626 l2=0.2000 label_smoothing=0.000
D step=4/5 epoch=1/3 loss=0.2862 l2=0.2000 label_smoothing=0.000
D step=4/5 epoch=2/3 loss=0.2800 l2=0.2000 label_smoothing=0.000
D step=4/5 epoch=3/3 loss=0.2664 l2=0.2000 label_smoothing=0.000
D step=5/5 epoch=1/3 loss=0.2341 l2=0.2000 label_smoothing=0.000
D step=5/5 epoch=2/3 loss=0.2358 l2=0.2000 label_smoothing=0.000
D step=5/5 epoch=3/3 loss=0.2411 l2=0.2000 label_smoothing=0.000
ADV epoch=4/60 g_loss=0.0433 d_loss=0.2726 reward=0.2060 reward_var=0.0435 unique=0.5200
D step=1/5 epoch=1/3 loss=0.2975 l2=0.2000 label_smoothing=0.000
D step=1/5 epoch=2/3 loss=0.4133 l2=0.2000 label_smoothing=0.000
D step=1/5 epoch=3/3 loss=0.3110 l2=0.2000 label_smoothing=0.000
D step=2/5 epoch=1/3 loss=0.2734 l2=0.2000 label_smoothing=0.000
D step=2/5 epoch=2/3 loss=0.2966 l2=0.2000 label_smoothing=0.000
D step=2/5 epoch=3/3 loss=0.2681 l2=0.2000 label_smoothing=0.000
D step=3/5 epoch=1/3 loss=0.2903 l2=0.2000 label_smoothing=0.000
D step=3/5 epoch=2/3 loss=0.2648 l2=0.2000 label_smoothing=0.000
D step=3/5 epoch=3/3 loss=0.2779 l2=0.2000 label_smoothing=0.000
D step=4/5 epoch=1/3 loss=0.2995 l2=0.2000 label_smoothing=0.000
D step=4/5 epoch=2/3 loss=0.2767 l2=0.2000 label_smoothing=0.000
D step=4/5 epoch=3/3 loss=0.2713 l2=0.2000 label_smoothing=0.000
D step=5/5 epoch=1/3 loss=0.2920 l2=0.2000 label_smoothing=0.000
D step=5/5 epoch=2/3 loss=0.2820 l2=0.2000 label_smoothing=0.000
D step=5/5 epoch=3/3 loss=0.2884 l2=0.2000 label_smoothing=0.000
ADV epoch=5/60 g_loss=0.0353 d_loss=0.2935 reward=0.1494 reward_var=0.0200 unique=0.4400
D step=1/5 epoch=1/3 loss=0.3716 l2=0.2000 label_smoothing=0.000
D step=1/5 epoch=2/3 loss=0.3243 l2=0.2000 label_smoothing=0.000
D step=1/5 epoch=3/3 loss=0.3008 l2=0.2000 label_smoothing=0.000
D step=2/5 epoch=1/3 loss=0.3328 l2=0.2000 label_smoothing=0.000
D step=2/5 epoch=2/3 loss=0.3006 l2=0.2000 label_smoothing=0.000
D step=2/5 epoch=3/3 loss=0.2983 l2=0.2000 label_smoothing=0.000
D step=3/5 epoch=1/3 loss=0.3056 l2=0.2000 label_smoothing=0.000
D step=3/5 epoch=2/3 loss=0.2818 l2=0.2000 label_smoothing=0.000
D step=3/5 epoch=3/3 loss=0.2932 l2=0.2000 label_smoothing=0.000
D step=4/5 epoch=1/3 loss=0.2928 l2=0.2000 label_smoothing=0.000
D step=4/5 epoch=2/3 loss=0.2771 l2=0.2000 label_smoothing=0.000
D step=4/5 epoch=3/3 loss=0.2830 l2=0.2000 label_smoothing=0.000
D step=5/5 epoch=1/3 loss=0.2878 l2=0.2000 label_smoothing=0.000
D step=5/5 epoch=2/3 loss=0.2791 l2=0.2000 label_smoothing=0.000
D step=5/5 epoch=3/3 loss=0.2713 l2=0.2000 label_smoothing=0.000
ADV epoch=6/60 g_loss=0.0281 d_loss=0.3000 reward=0.1945 reward_var=0.0202 unique=0.4600
D step=1/5 epoch=1/3 loss=0.3741 l2=0.2000 label_smoothing=0.000
D step=1/5 epoch=2/3 loss=0.3209 l2=0.2000 label_smoothing=0.000
D step=1/5 epoch=3/3 loss=0.3199 l2=0.2000 label_smoothing=0.000
D step=2/5 epoch=1/3 loss=0.3165 l2=0.2000 label_smoothing=0.000
D step=2/5 epoch=2/3 loss=0.3094 l2=0.2000 label_smoothing=0.000
D step=2/5 epoch=3/3 loss=0.3076 l2=0.2000 label_smoothing=0.000
D step=3/5 epoch=1/3 loss=0.3602 l2=0.2000 label_smoothing=0.000
D step=3/5 epoch=2/3 loss=0.3393 l2=0.2000 label_smoothing=0.000
D step=3/5 epoch=3/3 loss=0.3383 l2=0.2000 label_smoothing=0.000
D step=4/5 epoch=1/3 loss=0.3139 l2=0.2000 label_smoothing=0.000
D step=4/5 epoch=2/3 loss=0.3001 l2=0.2000 label_smoothing=0.000
D step=4/5 epoch=3/3 loss=0.2985 l2=0.2000 label_smoothing=0.000
D step=5/5 epoch=1/3 loss=0.3231 l2=0.2000 label_smoothing=0.000
D step=5/5 epoch=2/3 loss=0.3214 l2=0.2000 label_smoothing=0.000
D step=5/5 epoch=3/3 loss=0.3084 l2=0.2000 label_smoothing=0.000
ADV epoch=7/60 g_loss=0.0216 d_loss=0.3234 reward=0.1423 reward_var=0.0129 unique=0.5000
D step=1/5 epoch=1/3 loss=0.3361 l2=0.2000 label_smoothing=0.000
D step=1/5 epoch=2/3 loss=0.2975 l2=0.2000 label_smoothing=0.000
D step=1/5 epoch=3/3 loss=0.3028 l2=0.2000 label_smoothing=0.000
D step=2/5 epoch=1/3 loss=0.2930 l2=0.2000 label_smoothing=0.000
D step=2/5 epoch=2/3 loss=0.2791 l2=0.2000 label_smoothing=0.000
D step=2/5 epoch=3/3 loss=0.2822 l2=0.2000 label_smoothing=0.000
D step=3/5 epoch=1/3 loss=0.2731 l2=0.2000 label_smoothing=0.000
D step=3/5 epoch=2/3 loss=0.2637 l2=0.2000 label_smoothing=0.000
D step=3/5 epoch=3/3 loss=0.2646 l2=0.2000 label_smoothing=0.000
D step=4/5 epoch=1/3 loss=0.3184 l2=0.2000 label_smoothing=0.000
D step=4/5 epoch=2/3 loss=0.3014 l2=0.2000 label_smoothing=0.000
D step=4/5 epoch=3/3 loss=0.2865 l2=0.2000 label_smoothing=0.000
D step=5/5 epoch=1/3 loss=0.2867 l2=0.2000 label_smoothing=0.000
D step=5/5 epoch=2/3 loss=0.2830 l2=0.2000 label_smoothing=0.000
D step=5/5 epoch=3/3 loss=0.2791 l2=0.2000 label_smoothing=0.000
ADV epoch=8/60 g_loss=0.0136 d_loss=0.2898 reward=0.1572 reward_var=0.0071 unique=0.3000
D step=1/5 epoch=1/3 loss=0.3168 l2=0.2000 label_smoothing=0.000
D step=1/5 epoch=2/3 loss=0.2742 l2=0.2000 label_smoothing=0.000
D step=1/5 epoch=3/3 loss=0.2744 l2=0.2000 label_smoothing=0.000
D step=2/5 epoch=1/3 loss=0.3383 l2=0.2000 label_smoothing=0.000
D step=2/5 epoch=2/3 loss=0.3223 l2=0.2000 label_smoothing=0.000
D step=2/5 epoch=3/3 loss=0.3143 l2=0.2000 label_smoothing=0.000
D step=3/5 epoch=1/3 loss=0.2877 l2=0.2000 label_smoothing=0.000
D step=3/5 epoch=2/3 loss=0.2719 l2=0.2000 label_smoothing=0.000
D step=3/5 epoch=3/3 loss=0.2769 l2=0.2000 label_smoothing=0.000
D step=4/5 epoch=1/3 loss=0.3331 l2=0.2000 label_smoothing=0.000
D step=4/5 epoch=2/3 loss=0.3193 l2=0.2000 label_smoothing=0.000
D step=4/5 epoch=3/3 loss=0.3037 l2=0.2000 label_smoothing=0.000
D step=5/5 epoch=1/3 loss=0.2943 l2=0.2000 label_smoothing=0.000
D step=5/5 epoch=2/3 loss=0.2849 l2=0.2000 label_smoothing=0.000
D step=5/5 epoch=3/3 loss=0.2841 l2=0.2000 label_smoothing=0.000
ADV epoch=9/60 g_loss=0.0155 d_loss=0.2997 reward=0.1651 reward_var=0.0155 unique=0.3800
D step=1/5 epoch=1/3 loss=0.3368 l2=0.2000 label_smoothing=0.000
D step=1/5 epoch=2/3 loss=0.3018 l2=0.2000 label_smoothing=0.000
D step=1/5 epoch=3/3 loss=0.3008 l2=0.2000 label_smoothing=0.000
D step=2/5 epoch=1/3 loss=0.2569 l2=0.2000 label_smoothing=0.000
D step=2/5 epoch=2/3 loss=0.2704 l2=0.2000 label_smoothing=0.000
D step=2/5 epoch=3/3 loss=0.2660 l2=0.2000 label_smoothing=0.000
D step=3/5 epoch=1/3 loss=0.2579 l2=0.2000 label_smoothing=0.000
D step=3/5 epoch=2/3 loss=0.2674 l2=0.2000 label_smoothing=0.000
D step=3/5 epoch=3/3 loss=0.2518 l2=0.2000 label_smoothing=0.000
D step=4/5 epoch=1/3 loss=0.3359 l2=0.2000 label_smoothing=0.000
D step=4/5 epoch=2/3 loss=0.3288 l2=0.2000 label_smoothing=0.000
D step=4/5 epoch=3/3 loss=0.3130 l2=0.2000 label_smoothing=0.000
D step=5/5 epoch=1/3 loss=0.2945 l2=0.2000 label_smoothing=0.000
D step=5/5 epoch=2/3 loss=0.2995 l2=0.2000 label_smoothing=0.000
D step=5/5 epoch=3/3 loss=0.2922 l2=0.2000 label_smoothing=0.000
ADV epoch=10/60 g_loss=0.0047 d_loss=0.2916 reward=0.1644 reward_var=0.0071 unique=0.3400
D step=1/5 epoch=1/3 loss=0.2804 l2=0.2000 label_smoothing=0.000
D step=1/5 epoch=2/3 loss=0.2820 l2=0.2000 label_smoothing=0.000
D step=1/5 epoch=3/3 loss=0.2705 l2=0.2000 label_smoothing=0.000
D step=2/5 epoch=1/3 loss=0.3169 l2=0.2000 label_smoothing=0.000
D step=2/5 epoch=2/3 loss=0.2915 l2=0.2000 label_smoothing=0.000
D step=2/5 epoch=3/3 loss=0.2803 l2=0.2000 label_smoothing=0.000
D step=3/5 epoch=1/3 loss=0.2993 l2=0.2000 label_smoothing=0.000
D step=3/5 epoch=2/3 loss=0.2952 l2=0.2000 label_smoothing=0.000
D step=3/5 epoch=3/3 loss=0.2948 l2=0.2000 label_smoothing=0.000
D step=4/5 epoch=1/3 loss=0.3017 l2=0.2000 label_smoothing=0.000
D step=4/5 epoch=2/3 loss=0.2770 l2=0.2000 label_smoothing=0.000
D step=4/5 epoch=3/3 loss=0.2793 l2=0.2000 label_smoothing=0.000
D step=5/5 epoch=1/3 loss=0.2836 l2=0.2000 label_smoothing=0.000
D step=5/5 epoch=2/3 loss=0.2834 l2=0.2000 label_smoothing=0.000
D step=5/5 epoch=3/3 loss=0.2740 l2=0.2000 label_smoothing=0.000
ADV epoch=11/60 g_loss=0.0107 d_loss=0.2873 reward=0.1711 reward_var=0.0069 unique=0.3000
D step=1/5 epoch=1/3 loss=0.3239 l2=0.2000 label_smoothing=0.000
D step=1/5 epoch=2/3 loss=0.3044 l2=0.2000 label_smoothing=0.000
D step=1/5 epoch=3/3 loss=0.2972 l2=0.2000 label_smoothing=0.000
D step=2/5 epoch=1/3 loss=0.2897 l2=0.2000 label_smoothing=0.000
D step=2/5 epoch=2/3 loss=0.2891 l2=0.2000 label_smoothing=0.000
D step=2/5 epoch=3/3 loss=0.2782 l2=0.2000 label_smoothing=0.000
D step=3/5 epoch=1/3 loss=0.2935 l2=0.2000 label_smoothing=0.000
D step=3/5 epoch=2/3 loss=0.2882 l2=0.2000 label_smoothing=0.000
D step=3/5 epoch=3/3 loss=0.2894 l2=0.2000 label_smoothing=0.000
D step=4/5 epoch=1/3 loss=0.2647 l2=0.2000 label_smoothing=0.000
D step=4/5 epoch=2/3 loss=0.2679 l2=0.2000 label_smoothing=0.000
D step=4/5 epoch=3/3 loss=0.2659 l2=0.2000 label_smoothing=0.000
D step=5/5 epoch=1/3 loss=0.2945 l2=0.2000 label_smoothing=0.000
D step=5/5 epoch=2/3 loss=0.2889 l2=0.2000 label_smoothing=0.000
D step=5/5 epoch=3/3 loss=0.2936 l2=0.2000 label_smoothing=0.000
ADV epoch=12/60 g_loss=0.0183 d_loss=0.2886 reward=0.1718 reward_var=0.0104 unique=0.2800
D step=1/5 epoch=1/3 loss=0.3173 l2=0.2000 label_smoothing=0.000
D step=1/5 epoch=2/3 loss=0.2775 l2=0.2000 label_smoothing=0.000
D step=1/5 epoch=3/3 loss=0.2914 l2=0.2000 label_smoothing=0.000
D step=2/5 epoch=1/3 loss=0.2729 l2=0.2000 label_smoothing=0.000
D step=2/5 epoch=2/3 loss=0.2567 l2=0.2000 label_smoothing=0.000
D step=2/5 epoch=3/3 loss=0.2621 l2=0.2000 label_smoothing=0.000
D step=3/5 epoch=1/3 loss=0.2976 l2=0.2000 label_smoothing=0.000
D step=3/5 epoch=2/3 loss=0.2880 l2=0.2000 label_smoothing=0.000
D step=3/5 epoch=3/3 loss=0.2793 l2=0.2000 label_smoothing=0.000
D step=4/5 epoch=1/3 loss=0.3012 l2=0.2000 label_smoothing=0.000
D step=4/5 epoch=2/3 loss=0.3036 l2=0.2000 label_smoothing=0.000
D step=4/5 epoch=3/3 loss=0.2937 l2=0.2000 label_smoothing=0.000
D step=5/5 epoch=1/3 loss=0.2665 l2=0.2000 label_smoothing=0.000
D step=5/5 epoch=2/3 loss=0.2655 l2=0.2000 label_smoothing=0.000
D step=5/5 epoch=3/3 loss=0.2567 l2=0.2000 label_smoothing=0.000
ADV epoch=13/60 g_loss=0.0060 d_loss=0.2820 reward=0.1782 reward_var=0.0045 unique=0.2800
D step=1/5 epoch=1/3 loss=0.3229 l2=0.2000 label_smoothing=0.000
D step=1/5 epoch=2/3 loss=0.3265 l2=0.2000 label_smoothing=0.000
D step=1/5 epoch=3/3 loss=0.2985 l2=0.2000 label_smoothing=0.000
D step=2/5 epoch=1/3 loss=0.3066 l2=0.2000 label_smoothing=0.000
D step=2/5 epoch=2/3 loss=0.2930 l2=0.2000 label_smoothing=0.000
D step=2/5 epoch=3/3 loss=0.3051 l2=0.2000 label_smoothing=0.000
D step=3/5 epoch=1/3 loss=0.2769 l2=0.2000 label_smoothing=0.000
D step=3/5 epoch=2/3 loss=0.2860 l2=0.2000 label_smoothing=0.000
D step=3/5 epoch=3/3 loss=0.2759 l2=0.2000 label_smoothing=0.000
D step=4/5 epoch=1/3 loss=0.3173 l2=0.2000 label_smoothing=0.000
D step=4/5 epoch=2/3 loss=0.3043 l2=0.2000 label_smoothing=0.000
D step=4/5 epoch=3/3 loss=0.2883 l2=0.2000 label_smoothing=0.000
D step=5/5 epoch=1/3 loss=0.2685 l2=0.2000 label_smoothing=0.000
D step=5/5 epoch=2/3 loss=0.2714 l2=0.2000 label_smoothing=0.000
D step=5/5 epoch=3/3 loss=0.2670 l2=0.2000 label_smoothing=0.000
ADV epoch=14/60 g_loss=0.0143 d_loss=0.2939 reward=0.1352 reward_var=0.0055 unique=0.1800
D step=1/5 epoch=1/3 loss=0.3148 l2=0.2000 label_smoothing=0.000
D step=1/5 epoch=2/3 loss=0.2956 l2=0.2000 label_smoothing=0.000
D step=1/5 epoch=3/3 loss=0.2947 l2=0.2000 label_smoothing=0.000
D step=2/5 epoch=1/3 loss=0.2799 l2=0.2000 label_smoothing=0.000
D step=2/5 epoch=2/3 loss=0.2916 l2=0.2000 label_smoothing=0.000
D step=2/5 epoch=3/3 loss=0.2854 l2=0.2000 label_smoothing=0.000
D step=3/5 epoch=1/3 loss=0.3189 l2=0.2000 label_smoothing=0.000
D step=3/5 epoch=2/3 loss=0.2992 l2=0.2000 label_smoothing=0.000
D step=3/5 epoch=3/3 loss=0.2993 l2=0.2000 label_smoothing=0.000
D step=4/5 epoch=1/3 loss=0.2849 l2=0.2000 label_smoothing=0.000
D step=4/5 epoch=2/3 loss=0.2858 l2=0.2000 label_smoothing=0.000
D step=4/5 epoch=3/3 loss=0.2793 l2=0.2000 label_smoothing=0.000
D step=5/5 epoch=1/3 loss=0.2944 l2=0.2000 label_smoothing=0.000
D step=5/5 epoch=2/3 loss=0.2892 l2=0.2000 label_smoothing=0.000
D step=5/5 epoch=3/3 loss=0.2874 l2=0.2000 label_smoothing=0.000
ADV epoch=15/60 g_loss=0.0064 d_loss=0.2934 reward=0.1833 reward_var=0.0044 unique=0.1800
D step=1/5 epoch=1/3 loss=0.2613 l2=0.2000 label_smoothing=0.000
D step=1/5 epoch=2/3 loss=0.2566 l2=0.2000 label_smoothing=0.000
D step=1/5 epoch=3/3 loss=0.2617 l2=0.2000 label_smoothing=0.000
D step=2/5 epoch=1/3 loss=0.2682 l2=0.2000 label_smoothing=0.000
D step=2/5 epoch=2/3 loss=0.2643 l2=0.2000 label_smoothing=0.000
D step=2/5 epoch=3/3 loss=0.2639 l2=0.2000 label_smoothing=0.000
D step=3/5 epoch=1/3 loss=0.3063 l2=0.2000 label_smoothing=0.000
D step=3/5 epoch=2/3 loss=0.2935 l2=0.2000 label_smoothing=0.000
D step=3/5 epoch=3/3 loss=0.2833 l2=0.2000 label_smoothing=0.000
D step=4/5 epoch=1/3 loss=0.2889 l2=0.2000 label_smoothing=0.000
D step=4/5 epoch=2/3 loss=0.2927 l2=0.2000 label_smoothing=0.000
D step=4/5 epoch=3/3 loss=0.2942 l2=0.2000 label_smoothing=0.000
D step=5/5 epoch=1/3 loss=0.3005 l2=0.2000 label_smoothing=0.000
D step=5/5 epoch=2/3 loss=0.3010 l2=0.2000 label_smoothing=0.000
D step=5/5 epoch=3/3 loss=0.3006 l2=0.2000 label_smoothing=0.000
ADV epoch=16/60 g_loss=0.0054 d_loss=0.2825 reward=0.1807 reward_var=0.0068 unique=0.2000
D step=1/5 epoch=1/3 loss=0.2954 l2=0.2000 label_smoothing=0.000
D step=1/5 epoch=2/3 loss=0.2992 l2=0.2000 label_smoothing=0.000
D step=1/5 epoch=3/3 loss=0.2821 l2=0.2000 label_smoothing=0.000
D step=2/5 epoch=1/3 loss=0.3197 l2=0.2000 label_smoothing=0.000
D step=2/5 epoch=2/3 loss=0.3017 l2=0.2000 label_smoothing=0.000
D step=2/5 epoch=3/3 loss=0.2969 l2=0.2000 label_smoothing=0.000
D step=3/5 epoch=1/3 loss=0.3266 l2=0.2000 label_smoothing=0.000
D step=3/5 epoch=2/3 loss=0.3296 l2=0.2000 label_smoothing=0.000
D step=3/5 epoch=3/3 loss=0.3196 l2=0.2000 label_smoothing=0.000
D step=4/5 epoch=1/3 loss=0.3064 l2=0.2000 label_smoothing=0.000
D step=4/5 epoch=2/3 loss=0.2907 l2=0.2000 label_smoothing=0.000
D step=4/5 epoch=3/3 loss=0.2857 l2=0.2000 label_smoothing=0.000
D step=5/5 epoch=1/3 loss=0.2906 l2=0.2000 label_smoothing=0.000
D step=5/5 epoch=2/3 loss=0.2838 l2=0.2000 label_smoothing=0.000
D step=5/5 epoch=3/3 loss=0.2808 l2=0.2000 label_smoothing=0.000
ADV epoch=17/60 g_loss=0.0068 d_loss=0.3006 reward=0.1614 reward_var=0.0025 unique=0.1400
D step=1/5 epoch=1/3 loss=0.3011 l2=0.2000 label_smoothing=0.000
D step=1/5 epoch=2/3 loss=0.2942 l2=0.2000 label_smoothing=0.000
D step=1/5 epoch=3/3 loss=0.2932 l2=0.2000 label_smoothing=0.000
D step=2/5 epoch=1/3 loss=0.2859 l2=0.2000 label_smoothing=0.000
D step=2/5 epoch=2/3 loss=0.2884 l2=0.2000 label_smoothing=0.000
D step=2/5 epoch=3/3 loss=0.2925 l2=0.2000 label_smoothing=0.000
D step=3/5 epoch=1/3 loss=0.2578 l2=0.2000 label_smoothing=0.000
D step=3/5 epoch=2/3 loss=0.2537 l2=0.2000 label_smoothing=0.000
D step=3/5 epoch=3/3 loss=0.2565 l2=0.2000 label_smoothing=0.000
D step=4/5 epoch=1/3 loss=0.3091 l2=0.2000 label_smoothing=0.000
D step=4/5 epoch=2/3 loss=0.2966 l2=0.2000 label_smoothing=0.000
D step=4/5 epoch=3/3 loss=0.3070 l2=0.2000 label_smoothing=0.000
D step=5/5 epoch=1/3 loss=0.2799 l2=0.2000 label_smoothing=0.000
D step=5/5 epoch=2/3 loss=0.2830 l2=0.2000 label_smoothing=0.000
D step=5/5 epoch=3/3 loss=0.2656 l2=0.2000 label_smoothing=0.000
ADV epoch=18/60 g_loss=0.0049 d_loss=0.2843 reward=0.1709 reward_var=0.0028 unique=0.1800
D step=1/5 epoch=1/3 loss=0.2421 l2=0.2000 label_smoothing=0.000
D step=1/5 epoch=2/3 loss=0.2379 l2=0.2000 label_smoothing=0.000
D step=1/5 epoch=3/3 loss=0.2382 l2=0.2000 label_smoothing=0.000
D step=2/5 epoch=1/3 loss=0.3051 l2=0.2000 label_smoothing=0.000
D step=2/5 epoch=2/3 loss=0.3030 l2=0.2000 label_smoothing=0.000
D step=2/5 epoch=3/3 loss=0.3002 l2=0.2000 label_smoothing=0.000
D step=3/5 epoch=1/3 loss=0.2808 l2=0.2000 label_smoothing=0.000
D step=3/5 epoch=2/3 loss=0.2802 l2=0.2000 label_smoothing=0.000
D step=3/5 epoch=3/3 loss=0.2743 l2=0.2000 label_smoothing=0.000
D step=4/5 epoch=1/3 loss=0.2818 l2=0.2000 label_smoothing=0.000
D step=4/5 epoch=2/3 loss=0.2861 l2=0.2000 label_smoothing=0.000
D step=4/5 epoch=3/3 loss=0.2824 l2=0.2000 label_smoothing=0.000
D step=5/5 epoch=1/3 loss=0.2822 l2=0.2000 label_smoothing=0.000
D step=5/5 epoch=2/3 loss=0.2859 l2=0.2000 label_smoothing=0.000
D step=5/5 epoch=3/3 loss=0.2813 l2=0.2000 label_smoothing=0.000
ADV epoch=19/60 g_loss=0.0021 d_loss=0.2774 reward=0.1853 reward_var=0.0025 unique=0.1800
D step=1/5 epoch=1/3 loss=0.2866 l2=0.2000 label_smoothing=0.000
D step=1/5 epoch=2/3 loss=0.2630 l2=0.2000 label_smoothing=0.000
D step=1/5 epoch=3/3 loss=0.2718 l2=0.2000 label_smoothing=0.000
D step=2/5 epoch=1/3 loss=0.2611 l2=0.2000 label_smoothing=0.000
D step=2/5 epoch=2/3 loss=0.2586 l2=0.2000 label_smoothing=0.000
D step=2/5 epoch=3/3 loss=0.2638 l2=0.2000 label_smoothing=0.000
D step=3/5 epoch=1/3 loss=0.2729 l2=0.2000 label_smoothing=0.000
D step=3/5 epoch=2/3 loss=0.2710 l2=0.2000 label_smoothing=0.000
D step=3/5 epoch=3/3 loss=0.2749 l2=0.2000 label_smoothing=0.000
D step=4/5 epoch=1/3 loss=0.3009 l2=0.2000 label_smoothing=0.000
D step=4/5 epoch=2/3 loss=0.2935 l2=0.2000 label_smoothing=0.000
D step=4/5 epoch=3/3 loss=0.3046 l2=0.2000 label_smoothing=0.000
D step=5/5 epoch=1/3 loss=0.2637 l2=0.2000 label_smoothing=0.000
D step=5/5 epoch=2/3 loss=0.2618 l2=0.2000 label_smoothing=0.000
D step=5/5 epoch=3/3 loss=0.2602 l2=0.2000 label_smoothing=0.000
ADV epoch=20/60 g_loss=0.0064 d_loss=0.2739 reward=0.1595 reward_var=0.0024 unique=0.1800
D step=1/5 epoch=1/3 loss=0.2839 l2=0.2000 label_smoothing=0.000
D step=1/5 epoch=2/3 loss=0.2711 l2=0.2000 label_smoothing=0.000
D step=1/5 epoch=3/3 loss=0.2762 l2=0.2000 label_smoothing=0.000
D step=2/5 epoch=1/3 loss=0.2787 l2=0.2000 label_smoothing=0.000
D step=2/5 epoch=2/3 loss=0.2705 l2=0.2000 label_smoothing=0.000
D step=2/5 epoch=3/3 loss=0.2718 l2=0.2000 label_smoothing=0.000
D step=3/5 epoch=1/3 loss=0.3040 l2=0.2000 label_smoothing=0.000
D step=3/5 epoch=2/3 loss=0.2921 l2=0.2000 label_smoothing=0.000
D step=3/5 epoch=3/3 loss=0.3007 l2=0.2000 label_smoothing=0.000
D step=4/5 epoch=1/3 loss=0.2840 l2=0.2000 label_smoothing=0.000
D step=4/5 epoch=2/3 loss=0.2744 l2=0.2000 label_smoothing=0.000
D step=4/5 epoch=3/3 loss=0.2814 l2=0.2000 label_smoothing=0.000
D step=5/5 epoch=1/3 loss=0.2993 l2=0.2000 label_smoothing=0.000
D step=5/5 epoch=2/3 loss=0.2950 l2=0.2000 label_smoothing=0.000
D step=5/5 epoch=3/3 loss=0.2915 l2=0.2000 label_smoothing=0.000
ADV epoch=21/60 g_loss=0.0047 d_loss=0.2850 reward=0.1335 reward_var=0.0052 unique=0.1400
D step=1/5 epoch=1/3 loss=0.3231 l2=0.2000 label_smoothing=0.000
D step=1/5 epoch=2/3 loss=0.3022 l2=0.2000 label_smoothing=0.000
D step=1/5 epoch=3/3 loss=0.2963 l2=0.2000 label_smoothing=0.000
D step=2/5 epoch=1/3 loss=0.2729 l2=0.2000 label_smoothing=0.000
D step=2/5 epoch=2/3 loss=0.2711 l2=0.2000 label_smoothing=0.000
D step=2/5 epoch=3/3 loss=0.2703 l2=0.2000 label_smoothing=0.000
D step=3/5 epoch=1/3 loss=0.2992 l2=0.2000 label_smoothing=0.000
D step=3/5 epoch=2/3 loss=0.2942 l2=0.2000 label_smoothing=0.000
D step=3/5 epoch=3/3 loss=0.3017 l2=0.2000 label_smoothing=0.000
D step=4/5 epoch=1/3 loss=0.2930 l2=0.2000 label_smoothing=0.000
D step=4/5 epoch=2/3 loss=0.2913 l2=0.2000 label_smoothing=0.000
D step=4/5 epoch=3/3 loss=0.2960 l2=0.2000 label_smoothing=0.000
D step=5/5 epoch=1/3 loss=0.3147 l2=0.2000 label_smoothing=0.000
D step=5/5 epoch=2/3 loss=0.3087 l2=0.2000 label_smoothing=0.000
D step=5/5 epoch=3/3 loss=0.2968 l2=0.2000 label_smoothing=0.000
ADV epoch=22/60 g_loss=0.0077 d_loss=0.2954 reward=0.1720 reward_var=0.0035 unique=0.1400
D step=1/5 epoch=1/3 loss=0.2784 l2=0.2000 label_smoothing=0.000
D step=1/5 epoch=2/3 loss=0.2691 l2=0.2000 label_smoothing=0.000
D step=1/5 epoch=3/3 loss=0.2743 l2=0.2000 label_smoothing=0.000
D step=2/5 epoch=1/3 loss=0.2977 l2=0.2000 label_smoothing=0.000
D step=2/5 epoch=2/3 loss=0.2794 l2=0.2000 label_smoothing=0.000
D step=2/5 epoch=3/3 loss=0.2818 l2=0.2000 label_smoothing=0.000
D step=3/5 epoch=1/3 loss=0.2788 l2=0.2000 label_smoothing=0.000
D step=3/5 epoch=2/3 loss=0.2744 l2=0.2000 label_smoothing=0.000
D step=3/5 epoch=3/3 loss=0.2705 l2=0.2000 label_smoothing=0.000
D step=4/5 epoch=1/3 loss=0.2742 l2=0.2000 label_smoothing=0.000
D step=4/5 epoch=2/3 loss=0.2671 l2=0.2000 label_smoothing=0.000
D step=4/5 epoch=3/3 loss=0.2648 l2=0.2000 label_smoothing=0.000
D step=5/5 epoch=1/3 loss=0.2777 l2=0.2000 label_smoothing=0.000
D step=5/5 epoch=2/3 loss=0.2796 l2=0.2000 label_smoothing=0.000
D step=5/5 epoch=3/3 loss=0.2797 l2=0.2000 label_smoothing=0.000
ADV epoch=23/60 g_loss=0.0032 d_loss=0.2765 reward=0.1752 reward_var=0.0046 unique=0.1000
D step=1/5 epoch=1/3 loss=0.3131 l2=0.2000 label_smoothing=0.000
D step=1/5 epoch=2/3 loss=0.2952 l2=0.2000 label_smoothing=0.000
D step=1/5 epoch=3/3 loss=0.3002 l2=0.2000 label_smoothing=0.000
D step=2/5 epoch=1/3 loss=0.3019 l2=0.2000 label_smoothing=0.000
D step=2/5 epoch=2/3 loss=0.2826 l2=0.2000 label_smoothing=0.000
D step=2/5 epoch=3/3 loss=0.2791 l2=0.2000 label_smoothing=0.000
D step=3/5 epoch=1/3 loss=0.3023 l2=0.2000 label_smoothing=0.000
D step=3/5 epoch=2/3 loss=0.2890 l2=0.2000 label_smoothing=0.000
D step=3/5 epoch=3/3 loss=0.2927 l2=0.2000 label_smoothing=0.000
D step=4/5 epoch=1/3 loss=0.2747 l2=0.2000 label_smoothing=0.000
D step=4/5 epoch=2/3 loss=0.2822 l2=0.2000 label_smoothing=0.000
D step=4/5 epoch=3/3 loss=0.2735 l2=0.2000 label_smoothing=0.000
D step=5/5 epoch=1/3 loss=0.2829 l2=0.2000 label_smoothing=0.000
D step=5/5 epoch=2/3 loss=0.2699 l2=0.2000 label_smoothing=0.000
D step=5/5 epoch=3/3 loss=0.2708 l2=0.2000 label_smoothing=0.000
ADV epoch=24/60 g_loss=0.0049 d_loss=0.2873 reward=0.1505 reward_var=0.0049 unique=0.1200
D step=1/5 epoch=1/3 loss=0.2862 l2=0.2000 label_smoothing=0.000
D step=1/5 epoch=2/3 loss=0.2799 l2=0.2000 label_smoothing=0.000
D step=1/5 epoch=3/3 loss=0.2826 l2=0.2000 label_smoothing=0.000
D step=2/5 epoch=1/3 loss=0.2816 l2=0.2000 label_smoothing=0.000
D step=2/5 epoch=2/3 loss=0.2830 l2=0.2000 label_smoothing=0.000
D step=2/5 epoch=3/3 loss=0.2832 l2=0.2000 label_smoothing=0.000
D step=3/5 epoch=1/3 loss=0.2974 l2=0.2000 label_smoothing=0.000
D step=3/5 epoch=2/3 loss=0.2889 l2=0.2000 label_smoothing=0.000
D step=3/5 epoch=3/3 loss=0.2731 l2=0.2000 label_smoothing=0.000
D step=4/5 epoch=1/3 loss=0.2856 l2=0.2000 label_smoothing=0.000
D step=4/5 epoch=2/3 loss=0.2825 l2=0.2000 label_smoothing=0.000
D step=4/5 epoch=3/3 loss=0.2763 l2=0.2000 label_smoothing=0.000
D step=5/5 epoch=1/3 loss=0.2894 l2=0.2000 label_smoothing=0.000
D step=5/5 epoch=2/3 loss=0.2893 l2=0.2000 label_smoothing=0.000
D step=5/5 epoch=3/3 loss=0.2951 l2=0.2000 label_smoothing=0.000
ADV epoch=25/60 g_loss=0.0016 d_loss=0.2849 reward=0.1754 reward_var=0.0011 unique=0.1200
D step=1/5 epoch=1/3 loss=0.3060 l2=0.2000 label_smoothing=0.000
D step=1/5 epoch=2/3 loss=0.2807 l2=0.2000 label_smoothing=0.000
D step=1/5 epoch=3/3 loss=0.2860 l2=0.2000 label_smoothing=0.000
D step=2/5 epoch=1/3 loss=0.3079 l2=0.2000 label_smoothing=0.000
D step=2/5 epoch=2/3 loss=0.3133 l2=0.2000 label_smoothing=0.000
D step=2/5 epoch=3/3 loss=0.3063 l2=0.2000 label_smoothing=0.000
D step=3/5 epoch=1/3 loss=0.2855 l2=0.2000 label_smoothing=0.000
D step=3/5 epoch=2/3 loss=0.2844 l2=0.2000 label_smoothing=0.000
D step=3/5 epoch=3/3 loss=0.2847 l2=0.2000 label_smoothing=0.000
D step=4/5 epoch=1/3 loss=0.2906 l2=0.2000 label_smoothing=0.000
D step=4/5 epoch=2/3 loss=0.2969 l2=0.2000 label_smoothing=0.000
D step=4/5 epoch=3/3 loss=0.2921 l2=0.2000 label_smoothing=0.000
D step=5/5 epoch=1/3 loss=0.2804 l2=0.2000 label_smoothing=0.000
D step=5/5 epoch=2/3 loss=0.2847 l2=0.2000 label_smoothing=0.000
D step=5/5 epoch=3/3 loss=0.2772 l2=0.2000 label_smoothing=0.000
ADV epoch=26/60 g_loss=0.0055 d_loss=0.2918 reward=0.1827 reward_var=0.0031 unique=0.1200
D step=1/5 epoch=1/3 loss=0.2630 l2=0.2000 label_smoothing=0.000
D step=1/5 epoch=2/3 loss=0.2630 l2=0.2000 label_smoothing=0.000
D step=1/5 epoch=3/3 loss=0.2526 l2=0.2000 label_smoothing=0.000
D step=2/5 epoch=1/3 loss=0.2804 l2=0.2000 label_smoothing=0.000
D step=2/5 epoch=2/3 loss=0.2836 l2=0.2000 label_smoothing=0.000
D step=2/5 epoch=3/3 loss=0.2790 l2=0.2000 label_smoothing=0.000
D step=3/5 epoch=1/3 loss=0.2976 l2=0.2000 label_smoothing=0.000
D step=3/5 epoch=2/3 loss=0.2755 l2=0.2000 label_smoothing=0.000
D step=3/5 epoch=3/3 loss=0.2653 l2=0.2000 label_smoothing=0.000
D step=4/5 epoch=1/3 loss=0.3063 l2=0.2000 label_smoothing=0.000
D step=4/5 epoch=2/3 loss=0.3032 l2=0.2000 label_smoothing=0.000
D step=4/5 epoch=3/3 loss=0.3035 l2=0.2000 label_smoothing=0.000
D step=5/5 epoch=1/3 loss=0.2944 l2=0.2000 label_smoothing=0.000
D step=5/5 epoch=2/3 loss=0.2746 l2=0.2000 label_smoothing=0.000
D step=5/5 epoch=3/3 loss=0.2734 l2=0.2000 label_smoothing=0.000
ADV epoch=27/60 g_loss=0.0039 d_loss=0.2810 reward=0.1591 reward_var=0.0020 unique=0.1600
D step=1/5 epoch=1/3 loss=0.3036 l2=0.2000 label_smoothing=0.000
D step=1/5 epoch=2/3 loss=0.3010 l2=0.2000 label_smoothing=0.000
D step=1/5 epoch=3/3 loss=0.2972 l2=0.2000 label_smoothing=0.000
D step=2/5 epoch=1/3 loss=0.3014 l2=0.2000 label_smoothing=0.000
D step=2/5 epoch=2/3 loss=0.2846 l2=0.2000 label_smoothing=0.000
D step=2/5 epoch=3/3 loss=0.2925 l2=0.2000 label_smoothing=0.000
D step=3/5 epoch=1/3 loss=0.2732 l2=0.2000 label_smoothing=0.000
D step=3/5 epoch=2/3 loss=0.2685 l2=0.2000 label_smoothing=0.000
D step=3/5 epoch=3/3 loss=0.2730 l2=0.2000 label_smoothing=0.000
D step=4/5 epoch=1/3 loss=0.2619 l2=0.2000 label_smoothing=0.000
D step=4/5 epoch=2/3 loss=0.2614 l2=0.2000 label_smoothing=0.000
D step=4/5 epoch=3/3 loss=0.2675 l2=0.2000 label_smoothing=0.000
D step=5/5 epoch=1/3 loss=0.2790 l2=0.2000 label_smoothing=0.000
D step=5/5 epoch=2/3 loss=0.2781 l2=0.2000 label_smoothing=0.000
D step=5/5 epoch=3/3 loss=0.2793 l2=0.2000 label_smoothing=0.000
ADV epoch=28/60 g_loss=0.0031 d_loss=0.2815 reward=0.1561 reward_var=0.0017 unique=0.0800
D step=1/5 epoch=1/3 loss=0.2750 l2=0.2000 label_smoothing=0.000
D step=1/5 epoch=2/3 loss=0.2768 l2=0.2000 label_smoothing=0.000
D step=1/5 epoch=3/3 loss=0.2738 l2=0.2000 label_smoothing=0.000
D step=2/5 epoch=1/3 loss=0.2823 l2=0.2000 label_smoothing=0.000
D step=2/5 epoch=2/3 loss=0.2862 l2=0.2000 label_smoothing=0.000
D step=2/5 epoch=3/3 loss=0.2866 l2=0.2000 label_smoothing=0.000
D step=3/5 epoch=1/3 loss=0.2814 l2=0.2000 label_smoothing=0.000
D step=3/5 epoch=2/3 loss=0.2600 l2=0.2000 label_smoothing=0.000
D step=3/5 epoch=3/3 loss=0.2560 l2=0.2000 label_smoothing=0.000
D step=4/5 epoch=1/3 loss=0.2763 l2=0.2000 label_smoothing=0.000
D step=4/5 epoch=2/3 loss=0.2800 l2=0.2000 label_smoothing=0.000
D step=4/5 epoch=3/3 loss=0.2764 l2=0.2000 label_smoothing=0.000
D step=5/5 epoch=1/3 loss=0.2662 l2=0.2000 label_smoothing=0.000
D step=5/5 epoch=2/3 loss=0.2712 l2=0.2000 label_smoothing=0.000
D step=5/5 epoch=3/3 loss=0.2713 l2=0.2000 label_smoothing=0.000
ADV epoch=29/60 g_loss=0.0088 d_loss=0.2746 reward=0.1755 reward_var=0.0018 unique=0.0800
D step=1/5 epoch=1/3 loss=0.3053 l2=0.2000 label_smoothing=0.000
D step=1/5 epoch=2/3 loss=0.2939 l2=0.2000 label_smoothing=0.000
D step=1/5 epoch=3/3 loss=0.3050 l2=0.2000 label_smoothing=0.000
D step=2/5 epoch=1/3 loss=0.3089 l2=0.2000 label_smoothing=0.000
D step=2/5 epoch=2/3 loss=0.2859 l2=0.2000 label_smoothing=0.000
D step=2/5 epoch=3/3 loss=0.2791 l2=0.2000 label_smoothing=0.000
D step=3/5 epoch=1/3 loss=0.3163 l2=0.2000 label_smoothing=0.000
D step=3/5 epoch=2/3 loss=0.3126 l2=0.2000 label_smoothing=0.000
D step=3/5 epoch=3/3 loss=0.3094 l2=0.2000 label_smoothing=0.000
D step=4/5 epoch=1/3 loss=0.2922 l2=0.2000 label_smoothing=0.000
D step=4/5 epoch=2/3 loss=0.2797 l2=0.2000 label_smoothing=0.000
D step=4/5 epoch=3/3 loss=0.2858 l2=0.2000 label_smoothing=0.000
D step=5/5 epoch=1/3 loss=0.2694 l2=0.2000 label_smoothing=0.000
D step=5/5 epoch=2/3 loss=0.2683 l2=0.2000 label_smoothing=0.000
D step=5/5 epoch=3/3 loss=0.2725 l2=0.2000 label_smoothing=0.000
ADV epoch=30/60 g_loss=0.0037 d_loss=0.2923 reward=0.1701 reward_var=0.0006 unique=0.0600
D step=1/5 epoch=1/3 loss=0.2874 l2=0.2000 label_smoothing=0.000
D step=1/5 epoch=2/3 loss=0.2788 l2=0.2000 label_smoothing=0.000
D step=1/5 epoch=3/3 loss=0.2732 l2=0.2000 label_smoothing=0.000
D step=2/5 epoch=1/3 loss=0.2600 l2=0.2000 label_smoothing=0.000
D step=2/5 epoch=2/3 loss=0.2545 l2=0.2000 label_smoothing=0.000
D step=2/5 epoch=3/3 loss=0.2544 l2=0.2000 label_smoothing=0.000
D step=3/5 epoch=1/3 loss=0.2696 l2=0.2000 label_smoothing=0.000
D step=3/5 epoch=2/3 loss=0.2678 l2=0.2000 label_smoothing=0.000
D step=3/5 epoch=3/3 loss=0.2724 l2=0.2000 label_smoothing=0.000
D step=4/5 epoch=1/3 loss=0.2936 l2=0.2000 label_smoothing=0.000
D step=4/5 epoch=2/3 loss=0.2846 l2=0.2000 label_smoothing=0.000
D step=4/5 epoch=3/3 loss=0.2844 l2=0.2000 label_smoothing=0.000
D step=5/5 epoch=1/3 loss=0.2836 l2=0.2000 label_smoothing=0.000
D step=5/5 epoch=2/3 loss=0.2832 l2=0.2000 label_smoothing=0.000
D step=5/5 epoch=3/3 loss=0.2769 l2=0.2000 label_smoothing=0.000
ADV epoch=31/60 g_loss=0.0026 d_loss=0.2750 reward=0.1600 reward_var=0.0019 unique=0.0800
D step=1/5 epoch=1/3 loss=0.3152 l2=0.2000 label_smoothing=0.000
D step=1/5 epoch=2/3 loss=0.2912 l2=0.2000 label_smoothing=0.000
D step=1/5 epoch=3/3 loss=0.2875 l2=0.2000 label_smoothing=0.000
D step=2/5 epoch=1/3 loss=0.3008 l2=0.2000 label_smoothing=0.000
D step=2/5 epoch=2/3 loss=0.2881 l2=0.2000 label_smoothing=0.000
D step=2/5 epoch=3/3 loss=0.2869 l2=0.2000 label_smoothing=0.000
D step=3/5 epoch=1/3 loss=0.2926 l2=0.2000 label_smoothing=0.000
D step=3/5 epoch=2/3 loss=0.2946 l2=0.2000 label_smoothing=0.000
D step=3/5 epoch=3/3 loss=0.2890 l2=0.2000 label_smoothing=0.000
D step=4/5 epoch=1/3 loss=0.2794 l2=0.2000 label_smoothing=0.000
D step=4/5 epoch=2/3 loss=0.2784 l2=0.2000 label_smoothing=0.000
D step=4/5 epoch=3/3 loss=0.2794 l2=0.2000 label_smoothing=0.000
D step=5/5 epoch=1/3 loss=0.2766 l2=0.2000 label_smoothing=0.000
D step=5/5 epoch=2/3 loss=0.2735 l2=0.2000 label_smoothing=0.000
D step=5/5 epoch=3/3 loss=0.2750 l2=0.2000 label_smoothing=0.000
ADV epoch=32/60 g_loss=0.0012 d_loss=0.2872 reward=0.1565 reward_var=0.0013 unique=0.0800
D step=1/5 epoch=1/3 loss=0.2906 l2=0.2000 label_smoothing=0.000
D step=1/5 epoch=2/3 loss=0.2897 l2=0.2000 label_smoothing=0.000
D step=1/5 epoch=3/3 loss=0.2918 l2=0.2000 label_smoothing=0.000
D step=2/5 epoch=1/3 loss=0.2925 l2=0.2000 label_smoothing=0.000
D step=2/5 epoch=2/3 loss=0.2853 l2=0.2000 label_smoothing=0.000
D step=2/5 epoch=3/3 loss=0.2863 l2=0.2000 label_smoothing=0.000
D step=3/5 epoch=1/3 loss=0.2914 l2=0.2000 label_smoothing=0.000
D step=3/5 epoch=2/3 loss=0.2749 l2=0.2000 label_smoothing=0.000
D step=3/5 epoch=3/3 loss=0.2697 l2=0.2000 label_smoothing=0.000
D step=4/5 epoch=1/3 loss=0.3195 l2=0.2000 label_smoothing=0.000
D step=4/5 epoch=2/3 loss=0.3017 l2=0.2000 label_smoothing=0.000
D step=4/5 epoch=3/3 loss=0.2961 l2=0.2000 label_smoothing=0.000
D step=5/5 epoch=1/3 loss=0.3070 l2=0.2000 label_smoothing=0.000
D step=5/5 epoch=2/3 loss=0.2984 l2=0.2000 label_smoothing=0.000
D step=5/5 epoch=3/3 loss=0.2911 l2=0.2000 label_smoothing=0.000
ADV epoch=33/60 g_loss=0.0058 d_loss=0.2924 reward=0.1763 reward_var=0.0029 unique=0.1600
D step=1/5 epoch=1/3 loss=0.2940 l2=0.2000 label_smoothing=0.000
D step=1/5 epoch=2/3 loss=0.2819 l2=0.2000 label_smoothing=0.000
D step=1/5 epoch=3/3 loss=0.2771 l2=0.2000 label_smoothing=0.000
D step=2/5 epoch=1/3 loss=0.3015 l2=0.2000 label_smoothing=0.000
D step=2/5 epoch=2/3 loss=0.2935 l2=0.2000 label_smoothing=0.000
D step=2/5 epoch=3/3 loss=0.2927 l2=0.2000 label_smoothing=0.000
D step=3/5 epoch=1/3 loss=0.2754 l2=0.2000 label_smoothing=0.000
D step=3/5 epoch=2/3 loss=0.2778 l2=0.2000 label_smoothing=0.000
D step=3/5 epoch=3/3 loss=0.2713 l2=0.2000 label_smoothing=0.000
D step=4/5 epoch=1/3 loss=0.2875 l2=0.2000 label_smoothing=0.000
D step=4/5 epoch=2/3 loss=0.2876 l2=0.2000 label_smoothing=0.000
D step=4/5 epoch=3/3 loss=0.2840 l2=0.2000 label_smoothing=0.000
D step=5/5 epoch=1/3 loss=0.2699 l2=0.2000 label_smoothing=0.000
D step=5/5 epoch=2/3 loss=0.2667 l2=0.2000 label_smoothing=0.000
D step=5/5 epoch=3/3 loss=0.2674 l2=0.2000 label_smoothing=0.000
ADV epoch=34/60 g_loss=0.0022 d_loss=0.2819 reward=0.1663 reward_var=0.0023 unique=0.0400
D step=1/5 epoch=1/3 loss=0.2831 l2=0.2000 label_smoothing=0.000
D step=1/5 epoch=2/3 loss=0.2722 l2=0.2000 label_smoothing=0.000
D step=1/5 epoch=3/3 loss=0.2749 l2=0.2000 label_smoothing=0.000
D step=2/5 epoch=1/3 loss=0.2964 l2=0.2000 label_smoothing=0.000
D step=2/5 epoch=2/3 loss=0.2968 l2=0.2000 label_smoothing=0.000
D step=2/5 epoch=3/3 loss=0.2971 l2=0.2000 label_smoothing=0.000
D step=3/5 epoch=1/3 loss=0.2726 l2=0.2000 label_smoothing=0.000
D step=3/5 epoch=2/3 loss=0.2718 l2=0.2000 label_smoothing=0.000
D step=3/5 epoch=3/3 loss=0.2733 l2=0.2000 label_smoothing=0.000
D step=4/5 epoch=1/3 loss=0.2898 l2=0.2000 label_smoothing=0.000
D step=4/5 epoch=2/3 loss=0.2892 l2=0.2000 label_smoothing=0.000
D step=4/5 epoch=3/3 loss=0.2889 l2=0.2000 label_smoothing=0.000
D step=5/5 epoch=1/3 loss=0.2950 l2=0.2000 label_smoothing=0.000
D step=5/5 epoch=2/3 loss=0.3010 l2=0.2000 label_smoothing=0.000
D step=5/5 epoch=3/3 loss=0.2894 l2=0.2000 label_smoothing=0.000
ADV epoch=35/60 g_loss=0.0020 d_loss=0.2861 reward=0.1645 reward_var=0.0011 unique=0.1600
D step=1/5 epoch=1/3 loss=0.2812 l2=0.2000 label_smoothing=0.000
D step=1/5 epoch=2/3 loss=0.2674 l2=0.2000 label_smoothing=0.000
D step=1/5 epoch=3/3 loss=0.2651 l2=0.2000 label_smoothing=0.000
D step=2/5 epoch=1/3 loss=0.3070 l2=0.2000 label_smoothing=0.000
D step=2/5 epoch=2/3 loss=0.2940 l2=0.2000 label_smoothing=0.000
D step=2/5 epoch=3/3 loss=0.2966 l2=0.2000 label_smoothing=0.000
D step=3/5 epoch=1/3 loss=0.2677 l2=0.2000 label_smoothing=0.000
D step=3/5 epoch=2/3 loss=0.2696 l2=0.2000 label_smoothing=0.000
D step=3/5 epoch=3/3 loss=0.2669 l2=0.2000 label_smoothing=0.000
D step=4/5 epoch=1/3 loss=0.2995 l2=0.2000 label_smoothing=0.000
D step=4/5 epoch=2/3 loss=0.2800 l2=0.2000 label_smoothing=0.000
D step=4/5 epoch=3/3 loss=0.2789 l2=0.2000 label_smoothing=0.000
D step=5/5 epoch=1/3 loss=0.2795 l2=0.2000 label_smoothing=0.000
D step=5/5 epoch=2/3 loss=0.2733 l2=0.2000 label_smoothing=0.000
D step=5/5 epoch=3/3 loss=0.2718 l2=0.2000 label_smoothing=0.000
ADV epoch=36/60 g_loss=0.0045 d_loss=0.2799 reward=0.1981 reward_var=0.0035 unique=0.1000
D step=1/5 epoch=1/3 loss=0.2543 l2=0.2000 label_smoothing=0.000
D step=1/5 epoch=2/3 loss=0.2489 l2=0.2000 label_smoothing=0.000
D step=1/5 epoch=3/3 loss=0.2489 l2=0.2000 label_smoothing=0.000
D step=2/5 epoch=1/3 loss=0.2564 l2=0.2000 label_smoothing=0.000
D step=2/5 epoch=2/3 loss=0.2528 l2=0.2000 label_smoothing=0.000
D step=2/5 epoch=3/3 loss=0.2537 l2=0.2000 label_smoothing=0.000
D step=3/5 epoch=1/3 loss=0.2757 l2=0.2000 label_smoothing=0.000
D step=3/5 epoch=2/3 loss=0.2718 l2=0.2000 label_smoothing=0.000
D step=3/5 epoch=3/3 loss=0.2698 l2=0.2000 label_smoothing=0.000
D step=4/5 epoch=1/3 loss=0.2636 l2=0.2000 label_smoothing=0.000
D step=4/5 epoch=2/3 loss=0.2627 l2=0.2000 label_smoothing=0.000
D step=4/5 epoch=3/3 loss=0.2638 l2=0.2000 label_smoothing=0.000
D step=5/5 epoch=1/3 loss=0.2513 l2=0.2000 label_smoothing=0.000
D step=5/5 epoch=2/3 loss=0.2489 l2=0.2000 label_smoothing=0.000
D step=5/5 epoch=3/3 loss=0.2577 l2=0.2000 label_smoothing=0.000
ADV epoch=37/60 g_loss=0.0010 d_loss=0.2587 reward=0.1726 reward_var=0.0010 unique=0.0600
D step=1/5 epoch=1/3 loss=0.2910 l2=0.2000 label_smoothing=0.000
D step=1/5 epoch=2/3 loss=0.2847 l2=0.2000 label_smoothing=0.000
D step=1/5 epoch=3/3 loss=0.2838 l2=0.2000 label_smoothing=0.000
D step=2/5 epoch=1/3 loss=0.2890 l2=0.2000 label_smoothing=0.000
D step=2/5 epoch=2/3 loss=0.2903 l2=0.2000 label_smoothing=0.000
D step=2/5 epoch=3/3 loss=0.2870 l2=0.2000 label_smoothing=0.000
D step=3/5 epoch=1/3 loss=0.2636 l2=0.2000 label_smoothing=0.000
D step=3/5 epoch=2/3 loss=0.2642 l2=0.2000 label_smoothing=0.000
D step=3/5 epoch=3/3 loss=0.2617 l2=0.2000 label_smoothing=0.000
D step=4/5 epoch=1/3 loss=0.2754 l2=0.2000 label_smoothing=0.000
D step=4/5 epoch=2/3 loss=0.2766 l2=0.2000 label_smoothing=0.000
D step=4/5 epoch=3/3 loss=0.2791 l2=0.2000 label_smoothing=0.000
D step=5/5 epoch=1/3 loss=0.3047 l2=0.2000 label_smoothing=0.000
D step=5/5 epoch=2/3 loss=0.2973 l2=0.2000 label_smoothing=0.000
D step=5/5 epoch=3/3 loss=0.2946 l2=0.2000 label_smoothing=0.000
ADV epoch=38/60 g_loss=0.0056 d_loss=0.2829 reward=0.1583 reward_var=0.0023 unique=0.0600
D step=1/5 epoch=1/3 loss=0.2900 l2=0.2000 label_smoothing=0.000
D step=1/5 epoch=2/3 loss=0.2877 l2=0.2000 label_smoothing=0.000
D step=1/5 epoch=3/3 loss=0.2898 l2=0.2000 label_smoothing=0.000
D step=2/5 epoch=1/3 loss=0.2915 l2=0.2000 label_smoothing=0.000
D step=2/5 epoch=2/3 loss=0.2800 l2=0.2000 label_smoothing=0.000
D step=2/5 epoch=3/3 loss=0.2804 l2=0.2000 label_smoothing=0.000
D step=3/5 epoch=1/3 loss=0.2797 l2=0.2000 label_smoothing=0.000
D step=3/5 epoch=2/3 loss=0.2769 l2=0.2000 label_smoothing=0.000
D step=3/5 epoch=3/3 loss=0.2783 l2=0.2000 label_smoothing=0.000
D step=4/5 epoch=1/3 loss=0.2898 l2=0.2000 label_smoothing=0.000
D step=4/5 epoch=2/3 loss=0.2911 l2=0.2000 label_smoothing=0.000
D step=4/5 epoch=3/3 loss=0.2974 l2=0.2000 label_smoothing=0.000
D step=5/5 epoch=1/3 loss=0.2711 l2=0.2000 label_smoothing=0.000
D step=5/5 epoch=2/3 loss=0.2733 l2=0.2000 label_smoothing=0.000
D step=5/5 epoch=3/3 loss=0.2691 l2=0.2000 label_smoothing=0.000
ADV epoch=39/60 g_loss=0.0010 d_loss=0.2831 reward=0.1895 reward_var=0.0018 unique=0.1200
D step=1/5 epoch=1/3 loss=0.2649 l2=0.2000 label_smoothing=0.000
D step=1/5 epoch=2/3 loss=0.2629 l2=0.2000 label_smoothing=0.000
D step=1/5 epoch=3/3 loss=0.2644 l2=0.2000 label_smoothing=0.000
D step=2/5 epoch=1/3 loss=0.2789 l2=0.2000 label_smoothing=0.000
D step=2/5 epoch=2/3 loss=0.2668 l2=0.2000 label_smoothing=0.000
D step=2/5 epoch=3/3 loss=0.2642 l2=0.2000 label_smoothing=0.000
D step=3/5 epoch=1/3 loss=0.2829 l2=0.2000 label_smoothing=0.000
D step=3/5 epoch=2/3 loss=0.2846 l2=0.2000 label_smoothing=0.000
D step=3/5 epoch=3/3 loss=0.2881 l2=0.2000 label_smoothing=0.000
D step=4/5 epoch=1/3 loss=0.2980 l2=0.2000 label_smoothing=0.000
D step=4/5 epoch=2/3 loss=0.2932 l2=0.2000 label_smoothing=0.000
D step=4/5 epoch=3/3 loss=0.2925 l2=0.2000 label_smoothing=0.000
D step=5/5 epoch=1/3 loss=0.2725 l2=0.2000 label_smoothing=0.000
D step=5/5 epoch=2/3 loss=0.2681 l2=0.2000 label_smoothing=0.000
D step=5/5 epoch=3/3 loss=0.2645 l2=0.2000 label_smoothing=0.000
ADV epoch=40/60 g_loss=0.0023 d_loss=0.2764 reward=0.1638 reward_var=0.0010 unique=0.0800
D step=1/5 epoch=1/3 loss=0.2715 l2=0.2000 label_smoothing=0.000
D step=1/5 epoch=2/3 loss=0.2690 l2=0.2000 label_smoothing=0.000
D step=1/5 epoch=3/3 loss=0.2718 l2=0.2000 label_smoothing=0.000
D step=2/5 epoch=1/3 loss=0.2693 l2=0.2000 label_smoothing=0.000
D step=2/5 epoch=2/3 loss=0.2647 l2=0.2000 label_smoothing=0.000
D step=2/5 epoch=3/3 loss=0.2647 l2=0.2000 label_smoothing=0.000
D step=3/5 epoch=1/3 loss=0.2571 l2=0.2000 label_smoothing=0.000
D step=3/5 epoch=2/3 loss=0.2572 l2=0.2000 label_smoothing=0.000
D step=3/5 epoch=3/3 loss=0.2536 l2=0.2000 label_smoothing=0.000
D step=4/5 epoch=1/3 loss=0.2638 l2=0.2000 label_smoothing=0.000
D step=4/5 epoch=2/3 loss=0.2656 l2=0.2000 label_smoothing=0.000
D step=4/5 epoch=3/3 loss=0.2642 l2=0.2000 label_smoothing=0.000
D step=5/5 epoch=1/3 loss=0.2929 l2=0.2000 label_smoothing=0.000
D step=5/5 epoch=2/3 loss=0.2930 l2=0.2000 label_smoothing=0.000
D step=5/5 epoch=3/3 loss=0.2900 l2=0.2000 label_smoothing=0.000
ADV epoch=41/60 g_loss=0.0036 d_loss=0.2699 reward=0.1565 reward_var=0.0007 unique=0.0400
D step=1/5 epoch=1/3 loss=0.2914 l2=0.2000 label_smoothing=0.000
D step=1/5 epoch=2/3 loss=0.2814 l2=0.2000 label_smoothing=0.000
D step=1/5 epoch=3/3 loss=0.2785 l2=0.2000 label_smoothing=0.000
D step=2/5 epoch=1/3 loss=0.3038 l2=0.2000 label_smoothing=0.000
D step=2/5 epoch=2/3 loss=0.3080 l2=0.2000 label_smoothing=0.000
D step=2/5 epoch=3/3 loss=0.3099 l2=0.2000 label_smoothing=0.000
D step=3/5 epoch=1/3 loss=0.2937 l2=0.2000 label_smoothing=0.000
D step=3/5 epoch=2/3 loss=0.2926 l2=0.2000 label_smoothing=0.000
D step=3/5 epoch=3/3 loss=0.2901 l2=0.2000 label_smoothing=0.000
D step=4/5 epoch=1/3 loss=0.2779 l2=0.2000 label_smoothing=0.000
D step=4/5 epoch=2/3 loss=0.2823 l2=0.2000 label_smoothing=0.000
D step=4/5 epoch=3/3 loss=0.2791 l2=0.2000 label_smoothing=0.000
D step=5/5 epoch=1/3 loss=0.2842 l2=0.2000 label_smoothing=0.000
D step=5/5 epoch=2/3 loss=0.2894 l2=0.2000 label_smoothing=0.000
D step=5/5 epoch=3/3 loss=0.2834 l2=0.2000 label_smoothing=0.000
ADV epoch=42/60 g_loss=0.0010 d_loss=0.2897 reward=0.1874 reward_var=0.0011 unique=0.1400
D step=1/5 epoch=1/3 loss=0.3009 l2=0.2000 label_smoothing=0.000
D step=1/5 epoch=2/3 loss=0.2942 l2=0.2000 label_smoothing=0.000
D step=1/5 epoch=3/3 loss=0.3006 l2=0.2000 label_smoothing=0.000
D step=2/5 epoch=1/3 loss=0.2725 l2=0.2000 label_smoothing=0.000
D step=2/5 epoch=2/3 loss=0.2734 l2=0.2000 label_smoothing=0.000
D step=2/5 epoch=3/3 loss=0.2722 l2=0.2000 label_smoothing=0.000
D step=3/5 epoch=1/3 loss=0.2847 l2=0.2000 label_smoothing=0.000
D step=3/5 epoch=2/3 loss=0.2670 l2=0.2000 label_smoothing=0.000
D step=3/5 epoch=3/3 loss=0.2688 l2=0.2000 label_smoothing=0.000
D step=4/5 epoch=1/3 loss=0.3018 l2=0.2000 label_smoothing=0.000
D step=4/5 epoch=2/3 loss=0.2921 l2=0.2000 label_smoothing=0.000
D step=4/5 epoch=3/3 loss=0.2888 l2=0.2000 label_smoothing=0.000
D step=5/5 epoch=1/3 loss=0.2754 l2=0.2000 label_smoothing=0.000
D step=5/5 epoch=2/3 loss=0.2674 l2=0.2000 label_smoothing=0.000
D step=5/5 epoch=3/3 loss=0.2670 l2=0.2000 label_smoothing=0.000
ADV epoch=43/60 g_loss=0.0086 d_loss=0.2818 reward=0.1870 reward_var=0.0086 unique=0.0600
D step=1/5 epoch=1/3 loss=0.2871 l2=0.2000 label_smoothing=0.000
D step=1/5 epoch=2/3 loss=0.2762 l2=0.2000 label_smoothing=0.000
D step=1/5 epoch=3/3 loss=0.2824 l2=0.2000 label_smoothing=0.000
D step=2/5 epoch=1/3 loss=0.2621 l2=0.2000 label_smoothing=0.000
D step=2/5 epoch=2/3 loss=0.2545 l2=0.2000 label_smoothing=0.000
D step=2/5 epoch=3/3 loss=0.2573 l2=0.2000 label_smoothing=0.000
D step=3/5 epoch=1/3 loss=0.2705 l2=0.2000 label_smoothing=0.000
D step=3/5 epoch=2/3 loss=0.2656 l2=0.2000 label_smoothing=0.000
D step=3/5 epoch=3/3 loss=0.2656 l2=0.2000 label_smoothing=0.000
D step=4/5 epoch=1/3 loss=0.2968 l2=0.2000 label_smoothing=0.000
D step=4/5 epoch=2/3 loss=0.2822 l2=0.2000 label_smoothing=0.000
D step=4/5 epoch=3/3 loss=0.2731 l2=0.2000 label_smoothing=0.000
D step=5/5 epoch=1/3 loss=0.2971 l2=0.2000 label_smoothing=0.000
D step=5/5 epoch=2/3 loss=0.2929 l2=0.2000 label_smoothing=0.000
D step=5/5 epoch=3/3 loss=0.2912 l2=0.2000 label_smoothing=0.000
ADV epoch=44/60 g_loss=0.0052 d_loss=0.2770 reward=0.1665 reward_var=0.0022 unique=0.1200
D step=1/5 epoch=1/3 loss=0.2771 l2=0.2000 label_smoothing=0.000
D step=1/5 epoch=2/3 loss=0.2710 l2=0.2000 label_smoothing=0.000
D step=1/5 epoch=3/3 loss=0.2651 l2=0.2000 label_smoothing=0.000
D step=2/5 epoch=1/3 loss=0.2895 l2=0.2000 label_smoothing=0.000
D step=2/5 epoch=2/3 loss=0.2787 l2=0.2000 label_smoothing=0.000
D step=2/5 epoch=3/3 loss=0.2687 l2=0.2000 label_smoothing=0.000
D step=3/5 epoch=1/3 loss=0.2849 l2=0.2000 label_smoothing=0.000
D step=3/5 epoch=2/3 loss=0.2841 l2=0.2000 label_smoothing=0.000
D step=3/5 epoch=3/3 loss=0.2836 l2=0.2000 label_smoothing=0.000
D step=4/5 epoch=1/3 loss=0.2662 l2=0.2000 label_smoothing=0.000
D step=4/5 epoch=2/3 loss=0.2626 l2=0.2000 label_smoothing=0.000
D step=4/5 epoch=3/3 loss=0.2636 l2=0.2000 label_smoothing=0.000
D step=5/5 epoch=1/3 loss=0.2818 l2=0.2000 label_smoothing=0.000
D step=5/5 epoch=2/3 loss=0.2792 l2=0.2000 label_smoothing=0.000
D step=5/5 epoch=3/3 loss=0.2766 l2=0.2000 label_smoothing=0.000
ADV epoch=45/60 g_loss=0.0070 d_loss=0.2755 reward=0.1950 reward_var=0.0026 unique=0.0200
D step=1/5 epoch=1/3 loss=0.2693 l2=0.2000 label_smoothing=0.000
D step=1/5 epoch=2/3 loss=0.2641 l2=0.2000 label_smoothing=0.000
D step=1/5 epoch=3/3 loss=0.2604 l2=0.2000 label_smoothing=0.000
D step=2/5 epoch=1/3 loss=0.2914 l2=0.2000 label_smoothing=0.000
D step=2/5 epoch=2/3 loss=0.2911 l2=0.2000 label_smoothing=0.000
D step=2/5 epoch=3/3 loss=0.2950 l2=0.2000 label_smoothing=0.000
D step=3/5 epoch=1/3 loss=0.2869 l2=0.2000 label_smoothing=0.000
D step=3/5 epoch=2/3 loss=0.2847 l2=0.2000 label_smoothing=0.000
D step=3/5 epoch=3/3 loss=0.2869 l2=0.2000 label_smoothing=0.000
D step=4/5 epoch=1/3 loss=0.2506 l2=0.2000 label_smoothing=0.000
D step=4/5 epoch=2/3 loss=0.2507 l2=0.2000 label_smoothing=0.000
D step=4/5 epoch=3/3 loss=0.2493 l2=0.2000 label_smoothing=0.000
D step=5/5 epoch=1/3 loss=0.2836 l2=0.2000 label_smoothing=0.000
D step=5/5 epoch=2/3 loss=0.2801 l2=0.2000 label_smoothing=0.000
D step=5/5 epoch=3/3 loss=0.2794 l2=0.2000 label_smoothing=0.000
ADV epoch=46/60 g_loss=0.0006 d_loss=0.2749 reward=0.1749 reward_var=0.0012 unique=0.0600
D step=1/5 epoch=1/3 loss=0.2838 l2=0.2000 label_smoothing=0.000
D step=1/5 epoch=2/3 loss=0.2733 l2=0.2000 label_smoothing=0.000
D step=1/5 epoch=3/3 loss=0.2742 l2=0.2000 label_smoothing=0.000
D step=2/5 epoch=1/3 loss=0.3044 l2=0.2000 label_smoothing=0.000
D step=2/5 epoch=2/3 loss=0.3026 l2=0.2000 label_smoothing=0.000
D step=2/5 epoch=3/3 loss=0.3034 l2=0.2000 label_smoothing=0.000
D step=3/5 epoch=1/3 loss=0.2798 l2=0.2000 label_smoothing=0.000
D step=3/5 epoch=2/3 loss=0.2780 l2=0.2000 label_smoothing=0.000
D step=3/5 epoch=3/3 loss=0.2785 l2=0.2000 label_smoothing=0.000
D step=4/5 epoch=1/3 loss=0.2573 l2=0.2000 label_smoothing=0.000
D step=4/5 epoch=2/3 loss=0.2627 l2=0.2000 label_smoothing=0.000
D step=4/5 epoch=3/3 loss=0.2561 l2=0.2000 label_smoothing=0.000
D step=5/5 epoch=1/3 loss=0.2894 l2=0.2000 label_smoothing=0.000
D step=5/5 epoch=2/3 loss=0.2876 l2=0.2000 label_smoothing=0.000
D step=5/5 epoch=3/3 loss=0.2894 l2=0.2000 label_smoothing=0.000
ADV epoch=47/60 g_loss=0.0026 d_loss=0.2814 reward=0.1838 reward_var=0.0021 unique=0.0800
D step=1/5 epoch=1/3 loss=0.2842 l2=0.2000 label_smoothing=0.000
D step=1/5 epoch=2/3 loss=0.2652 l2=0.2000 label_smoothing=0.000
D step=1/5 epoch=3/3 loss=0.2623 l2=0.2000 label_smoothing=0.000
D step=2/5 epoch=1/3 loss=0.2767 l2=0.2000 label_smoothing=0.000
D step=2/5 epoch=2/3 loss=0.2782 l2=0.2000 label_smoothing=0.000
D step=2/5 epoch=3/3 loss=0.2756 l2=0.2000 label_smoothing=0.000
D step=3/5 epoch=1/3 loss=0.2825 l2=0.2000 label_smoothing=0.000
D step=3/5 epoch=2/3 loss=0.2828 l2=0.2000 label_smoothing=0.000
D step=3/5 epoch=3/3 loss=0.2779 l2=0.2000 label_smoothing=0.000
D step=4/5 epoch=1/3 loss=0.2671 l2=0.2000 label_smoothing=0.000
D step=4/5 epoch=2/3 loss=0.2648 l2=0.2000 label_smoothing=0.000
D step=4/5 epoch=3/3 loss=0.2646 l2=0.2000 label_smoothing=0.000
D step=5/5 epoch=1/3 loss=0.2655 l2=0.2000 label_smoothing=0.000
D step=5/5 epoch=2/3 loss=0.2612 l2=0.2000 label_smoothing=0.000
D step=5/5 epoch=3/3 loss=0.2633 l2=0.2000 label_smoothing=0.000
ADV epoch=48/60 g_loss=0.0007 d_loss=0.2715 reward=0.2032 reward_var=0.0023 unique=0.0800
D step=1/5 epoch=1/3 loss=0.2671 l2=0.2000 label_smoothing=0.000
D step=1/5 epoch=2/3 loss=0.2668 l2=0.2000 label_smoothing=0.000
D step=1/5 epoch=3/3 loss=0.2625 l2=0.2000 label_smoothing=0.000
D step=2/5 epoch=1/3 loss=0.2790 l2=0.2000 label_smoothing=0.000
D step=2/5 epoch=2/3 loss=0.2786 l2=0.2000 label_smoothing=0.000
D step=2/5 epoch=3/3 loss=0.2775 l2=0.2000 label_smoothing=0.000
D step=3/5 epoch=1/3 loss=0.2620 l2=0.2000 label_smoothing=0.000
D step=3/5 epoch=2/3 loss=0.2640 l2=0.2000 label_smoothing=0.000
D step=3/5 epoch=3/3 loss=0.2645 l2=0.2000 label_smoothing=0.000
D step=4/5 epoch=1/3 loss=0.2731 l2=0.2000 label_smoothing=0.000
D step=4/5 epoch=2/3 loss=0.2685 l2=0.2000 label_smoothing=0.000
D step=4/5 epoch=3/3 loss=0.2671 l2=0.2000 label_smoothing=0.000
D step=5/5 epoch=1/3 loss=0.2521 l2=0.2000 label_smoothing=0.000
D step=5/5 epoch=2/3 loss=0.2484 l2=0.2000 label_smoothing=0.000
D step=5/5 epoch=3/3 loss=0.2501 l2=0.2000 label_smoothing=0.000
ADV epoch=49/60 g_loss=0.0029 d_loss=0.2654 reward=0.1710 reward_var=0.0012 unique=0.0600
D step=1/5 epoch=1/3 loss=0.2963 l2=0.2000 label_smoothing=0.000
D step=1/5 epoch=2/3 loss=0.2959 l2=0.2000 label_smoothing=0.000
D step=1/5 epoch=3/3 loss=0.3023 l2=0.2000 label_smoothing=0.000
D step=2/5 epoch=1/3 loss=0.2808 l2=0.2000 label_smoothing=0.000
D step=2/5 epoch=2/3 loss=0.2735 l2=0.2000 label_smoothing=0.000
D step=2/5 epoch=3/3 loss=0.2767 l2=0.2000 label_smoothing=0.000
D step=3/5 epoch=1/3 loss=0.2749 l2=0.2000 label_smoothing=0.000
D step=3/5 epoch=2/3 loss=0.2787 l2=0.2000 label_smoothing=0.000
D step=3/5 epoch=3/3 loss=0.2740 l2=0.2000 label_smoothing=0.000
D step=4/5 epoch=1/3 loss=0.3137 l2=0.2000 label_smoothing=0.000
D step=4/5 epoch=2/3 loss=0.2876 l2=0.2000 label_smoothing=0.000
D step=4/5 epoch=3/3 loss=0.2799 l2=0.2000 label_smoothing=0.000
D step=5/5 epoch=1/3 loss=0.3059 l2=0.2000 label_smoothing=0.000
D step=5/5 epoch=2/3 loss=0.3000 l2=0.2000 label_smoothing=0.000
D step=5/5 epoch=3/3 loss=0.3000 l2=0.2000 label_smoothing=0.000
ADV epoch=50/60 g_loss=0.0005 d_loss=0.2893 reward=0.1618 reward_var=0.0004 unique=0.0800
D step=1/5 epoch=1/3 loss=0.2950 l2=0.2000 label_smoothing=0.000
D step=1/5 epoch=2/3 loss=0.2885 l2=0.2000 label_smoothing=0.000
D step=1/5 epoch=3/3 loss=0.2903 l2=0.2000 label_smoothing=0.000
D step=2/5 epoch=1/3 loss=0.2711 l2=0.2000 label_smoothing=0.000
D step=2/5 epoch=2/3 loss=0.2701 l2=0.2000 label_smoothing=0.000
D step=2/5 epoch=3/3 loss=0.2684 l2=0.2000 label_smoothing=0.000
D step=3/5 epoch=1/3 loss=0.2648 l2=0.2000 label_smoothing=0.000
D step=3/5 epoch=2/3 loss=0.2690 l2=0.2000 label_smoothing=0.000
D step=3/5 epoch=3/3 loss=0.2651 l2=0.2000 label_smoothing=0.000
D step=4/5 epoch=1/3 loss=0.2620 l2=0.2000 label_smoothing=0.000
D step=4/5 epoch=2/3 loss=0.2639 l2=0.2000 label_smoothing=0.000
D step=4/5 epoch=3/3 loss=0.2617 l2=0.2000 label_smoothing=0.000
D step=5/5 epoch=1/3 loss=0.2941 l2=0.2000 label_smoothing=0.000
D step=5/5 epoch=2/3 loss=0.2944 l2=0.2000 label_smoothing=0.000
D step=5/5 epoch=3/3 loss=0.2932 l2=0.2000 label_smoothing=0.000
ADV epoch=51/60 g_loss=0.0009 d_loss=0.2768 reward=0.2006 reward_var=0.0014 unique=0.1200
D step=1/5 epoch=1/3 loss=0.2818 l2=0.2000 label_smoothing=0.000
D step=1/5 epoch=2/3 loss=0.2792 l2=0.2000 label_smoothing=0.000
D step=1/5 epoch=3/3 loss=0.2791 l2=0.2000 label_smoothing=0.000
D step=2/5 epoch=1/3 loss=0.2620 l2=0.2000 label_smoothing=0.000
D step=2/5 epoch=2/3 loss=0.2607 l2=0.2000 label_smoothing=0.000
D step=2/5 epoch=3/3 loss=0.2609 l2=0.2000 label_smoothing=0.000
D step=3/5 epoch=1/3 loss=0.2655 l2=0.2000 label_smoothing=0.000
D step=3/5 epoch=2/3 loss=0.2672 l2=0.2000 label_smoothing=0.000
D step=3/5 epoch=3/3 loss=0.2639 l2=0.2000 label_smoothing=0.000
D step=4/5 epoch=1/3 loss=0.2731 l2=0.2000 label_smoothing=0.000
D step=4/5 epoch=2/3 loss=0.2729 l2=0.2000 label_smoothing=0.000
D step=4/5 epoch=3/3 loss=0.2682 l2=0.2000 label_smoothing=0.000
D step=5/5 epoch=1/3 loss=0.3229 l2=0.2000 label_smoothing=0.000
D step=5/5 epoch=2/3 loss=0.3022 l2=0.2000 label_smoothing=0.000
D step=5/5 epoch=3/3 loss=0.2977 l2=0.2000 label_smoothing=0.000
ADV epoch=52/60 g_loss=0.0007 d_loss=0.2772 reward=0.1871 reward_var=0.0006 unique=0.0800
D step=1/5 epoch=1/3 loss=0.2678 l2=0.2000 label_smoothing=0.000
D step=1/5 epoch=2/3 loss=0.2677 l2=0.2000 label_smoothing=0.000
D step=1/5 epoch=3/3 loss=0.2682 l2=0.2000 label_smoothing=0.000
D step=2/5 epoch=1/3 loss=0.2796 l2=0.2000 label_smoothing=0.000
D step=2/5 epoch=2/3 loss=0.2774 l2=0.2000 label_smoothing=0.000
D step=2/5 epoch=3/3 loss=0.2780 l2=0.2000 label_smoothing=0.000
D step=3/5 epoch=1/3 loss=0.2679 l2=0.2000 label_smoothing=0.000
D step=3/5 epoch=2/3 loss=0.2655 l2=0.2000 label_smoothing=0.000
D step=3/5 epoch=3/3 loss=0.2626 l2=0.2000 label_smoothing=0.000
D step=4/5 epoch=1/3 loss=0.2552 l2=0.2000 label_smoothing=0.000
D step=4/5 epoch=2/3 loss=0.2559 l2=0.2000 label_smoothing=0.000
D step=4/5 epoch=3/3 loss=0.2581 l2=0.2000 label_smoothing=0.000
D step=5/5 epoch=1/3 loss=0.2703 l2=0.2000 label_smoothing=0.000
D step=5/5 epoch=2/3 loss=0.2637 l2=0.2000 label_smoothing=0.000
D step=5/5 epoch=3/3 loss=0.2644 l2=0.2000 label_smoothing=0.000
ADV epoch=53/60 g_loss=0.0007 d_loss=0.2668 reward=0.1856 reward_var=0.0005 unique=0.0600
D step=1/5 epoch=1/3 loss=0.2839 l2=0.2000 label_smoothing=0.000
D step=1/5 epoch=2/3 loss=0.2846 l2=0.2000 label_smoothing=0.000
D step=1/5 epoch=3/3 loss=0.2886 l2=0.2000 label_smoothing=0.000
D step=2/5 epoch=1/3 loss=0.2760 l2=0.2000 label_smoothing=0.000
D step=2/5 epoch=2/3 loss=0.2820 l2=0.2000 label_smoothing=0.000
D step=2/5 epoch=3/3 loss=0.2816 l2=0.2000 label_smoothing=0.000
D step=3/5 epoch=1/3 loss=0.2716 l2=0.2000 label_smoothing=0.000
D step=3/5 epoch=2/3 loss=0.2699 l2=0.2000 label_smoothing=0.000
D step=3/5 epoch=3/3 loss=0.2719 l2=0.2000 label_smoothing=0.000
D step=4/5 epoch=1/3 loss=0.2540 l2=0.2000 label_smoothing=0.000
D step=4/5 epoch=2/3 loss=0.2553 l2=0.2000 label_smoothing=0.000
D step=4/5 epoch=3/3 loss=0.2565 l2=0.2000 label_smoothing=0.000
D step=5/5 epoch=1/3 loss=0.2739 l2=0.2000 label_smoothing=0.000
D step=5/5 epoch=2/3 loss=0.2701 l2=0.2000 label_smoothing=0.000
D step=5/5 epoch=3/3 loss=0.2743 l2=0.2000 label_smoothing=0.000
ADV epoch=54/60 g_loss=0.0008 d_loss=0.2730 reward=0.1560 reward_var=0.0006 unique=0.1200
D step=1/5 epoch=1/3 loss=0.2856 l2=0.2000 label_smoothing=0.000
D step=1/5 epoch=2/3 loss=0.2807 l2=0.2000 label_smoothing=0.000
D step=1/5 epoch=3/3 loss=0.2778 l2=0.2000 label_smoothing=0.000
D step=2/5 epoch=1/3 loss=0.3183 l2=0.2000 label_smoothing=0.000
D step=2/5 epoch=2/3 loss=0.3007 l2=0.2000 label_smoothing=0.000
D step=2/5 epoch=3/3 loss=0.2914 l2=0.2000 label_smoothing=0.000
D step=3/5 epoch=1/3 loss=0.2467 l2=0.2000 label_smoothing=0.000
D step=3/5 epoch=2/3 loss=0.2414 l2=0.2000 label_smoothing=0.000
D step=3/5 epoch=3/3 loss=0.2428 l2=0.2000 label_smoothing=0.000
D step=4/5 epoch=1/3 loss=0.2827 l2=0.2000 label_smoothing=0.000
D step=4/5 epoch=2/3 loss=0.2877 l2=0.2000 label_smoothing=0.000
D step=4/5 epoch=3/3 loss=0.2822 l2=0.2000 label_smoothing=0.000
D step=5/5 epoch=1/3 loss=0.2443 l2=0.2000 label_smoothing=0.000
D step=5/5 epoch=2/3 loss=0.2460 l2=0.2000 label_smoothing=0.000
D step=5/5 epoch=3/3 loss=0.2448 l2=0.2000 label_smoothing=0.000
ADV epoch=55/60 g_loss=0.0004 d_loss=0.2715 reward=0.1687 reward_var=0.0015 unique=0.1000
D step=1/5 epoch=1/3 loss=0.2767 l2=0.2000 label_smoothing=0.000
D step=1/5 epoch=2/3 loss=0.2734 l2=0.2000 label_smoothing=0.000
D step=1/5 epoch=3/3 loss=0.2719 l2=0.2000 label_smoothing=0.000
D step=2/5 epoch=1/3 loss=0.2879 l2=0.2000 label_smoothing=0.000
D step=2/5 epoch=2/3 loss=0.2829 l2=0.2000 label_smoothing=0.000
D step=2/5 epoch=3/3 loss=0.2850 l2=0.2000 label_smoothing=0.000
D step=3/5 epoch=1/3 loss=0.2884 l2=0.2000 label_smoothing=0.000
D step=3/5 epoch=2/3 loss=0.2910 l2=0.2000 label_smoothing=0.000
D step=3/5 epoch=3/3 loss=0.2884 l2=0.2000 label_smoothing=0.000
D step=4/5 epoch=1/3 loss=0.3024 l2=0.2000 label_smoothing=0.000
D step=4/5 epoch=2/3 loss=0.2995 l2=0.2000 label_smoothing=0.000
D step=4/5 epoch=3/3 loss=0.2971 l2=0.2000 label_smoothing=0.000
D step=5/5 epoch=1/3 loss=0.2893 l2=0.2000 label_smoothing=0.000
D step=5/5 epoch=2/3 loss=0.2876 l2=0.2000 label_smoothing=0.000
D step=5/5 epoch=3/3 loss=0.2888 l2=0.2000 label_smoothing=0.000
ADV epoch=56/60 g_loss=0.0024 d_loss=0.2873 reward=0.1298 reward_var=0.0014 unique=0.1000
D step=1/5 epoch=1/3 loss=0.2920 l2=0.2000 label_smoothing=0.000
D step=1/5 epoch=2/3 loss=0.2874 l2=0.2000 label_smoothing=0.000
D step=1/5 epoch=3/3 loss=0.2871 l2=0.2000 label_smoothing=0.000
D step=2/5 epoch=1/3 loss=0.3021 l2=0.2000 label_smoothing=0.000
D step=2/5 epoch=2/3 loss=0.3031 l2=0.2000 label_smoothing=0.000
D step=2/5 epoch=3/3 loss=0.2987 l2=0.2000 label_smoothing=0.000
D step=3/5 epoch=1/3 loss=0.2821 l2=0.2000 label_smoothing=0.000
D step=3/5 epoch=2/3 loss=0.2790 l2=0.2000 label_smoothing=0.000
D step=3/5 epoch=3/3 loss=0.2783 l2=0.2000 label_smoothing=0.000
D step=4/5 epoch=1/3 loss=0.2668 l2=0.2000 label_smoothing=0.000
D step=4/5 epoch=2/3 loss=0.2651 l2=0.2000 label_smoothing=0.000
D step=4/5 epoch=3/3 loss=0.2612 l2=0.2000 label_smoothing=0.000
D step=5/5 epoch=1/3 loss=0.2884 l2=0.2000 label_smoothing=0.000
D step=5/5 epoch=2/3 loss=0.2870 l2=0.2000 label_smoothing=0.000
D step=5/5 epoch=3/3 loss=0.2854 l2=0.2000 label_smoothing=0.000
ADV epoch=57/60 g_loss=0.0007 d_loss=0.2842 reward=0.1939 reward_var=0.0009 unique=0.0200
D step=1/5 epoch=1/3 loss=0.2859 l2=0.2000 label_smoothing=0.000
D step=1/5 epoch=2/3 loss=0.2843 l2=0.2000 label_smoothing=0.000
D step=1/5 epoch=3/3 loss=0.2853 l2=0.2000 label_smoothing=0.000
D step=2/5 epoch=1/3 loss=0.2868 l2=0.2000 label_smoothing=0.000
D step=2/5 epoch=2/3 loss=0.2849 l2=0.2000 label_smoothing=0.000
D step=2/5 epoch=3/3 loss=0.2859 l2=0.2000 label_smoothing=0.000
D step=3/5 epoch=1/3 loss=0.2514 l2=0.2000 label_smoothing=0.000
D step=3/5 epoch=2/3 loss=0.2527 l2=0.2000 label_smoothing=0.000
D step=3/5 epoch=3/3 loss=0.2498 l2=0.2000 label_smoothing=0.000
D step=4/5 epoch=1/3 loss=0.2714 l2=0.2000 label_smoothing=0.000
D step=4/5 epoch=2/3 loss=0.2680 l2=0.2000 label_smoothing=0.000
D step=4/5 epoch=3/3 loss=0.2709 l2=0.2000 label_smoothing=0.000
D step=5/5 epoch=1/3 loss=0.2808 l2=0.2000 label_smoothing=0.000
D step=5/5 epoch=2/3 loss=0.2802 l2=0.2000 label_smoothing=0.000
D step=5/5 epoch=3/3 loss=0.2824 l2=0.2000 label_smoothing=0.000
ADV epoch=58/60 g_loss=0.0004 d_loss=0.2747 reward=0.1820 reward_var=0.0002 unique=0.0800
D step=1/5 epoch=1/3 loss=0.2746 l2=0.2000 label_smoothing=0.000
D step=1/5 epoch=2/3 loss=0.2660 l2=0.2000 label_smoothing=0.000
D step=1/5 epoch=3/3 loss=0.2688 l2=0.2000 label_smoothing=0.000
D step=2/5 epoch=1/3 loss=0.2717 l2=0.2000 label_smoothing=0.000
D step=2/5 epoch=2/3 loss=0.2771 l2=0.2000 label_smoothing=0.000
D step=2/5 epoch=3/3 loss=0.2708 l2=0.2000 label_smoothing=0.000
D step=3/5 epoch=1/3 loss=0.3090 l2=0.2000 label_smoothing=0.000
D step=3/5 epoch=2/3 loss=0.3086 l2=0.2000 label_smoothing=0.000
D step=3/5 epoch=3/3 loss=0.3029 l2=0.2000 label_smoothing=0.000
D step=4/5 epoch=1/3 loss=0.2776 l2=0.2000 label_smoothing=0.000
D step=4/5 epoch=2/3 loss=0.2681 l2=0.2000 label_smoothing=0.000
D step=4/5 epoch=3/3 loss=0.2714 l2=0.2000 label_smoothing=0.000
D step=5/5 epoch=1/3 loss=0.2839 l2=0.2000 label_smoothing=0.000
D step=5/5 epoch=2/3 loss=0.2846 l2=0.2000 label_smoothing=0.000
D step=5/5 epoch=3/3 loss=0.2823 l2=0.2000 label_smoothing=0.000
ADV epoch=59/60 g_loss=0.0004 d_loss=0.2812 reward=0.1581 reward_var=0.0015 unique=0.0600
D step=1/5 epoch=1/3 loss=0.2867 l2=0.2000 label_smoothing=0.000
D step=1/5 epoch=2/3 loss=0.2870 l2=0.2000 label_smoothing=0.000
D step=1/5 epoch=3/3 loss=0.2851 l2=0.2000 label_smoothing=0.000
D step=2/5 epoch=1/3 loss=0.2463 l2=0.2000 label_smoothing=0.000
D step=2/5 epoch=2/3 loss=0.2421 l2=0.2000 label_smoothing=0.000
D step=2/5 epoch=3/3 loss=0.2406 l2=0.2000 label_smoothing=0.000
D step=3/5 epoch=1/3 loss=0.2664 l2=0.2000 label_smoothing=0.000
D step=3/5 epoch=2/3 loss=0.2635 l2=0.2000 label_smoothing=0.000
D step=3/5 epoch=3/3 loss=0.2617 l2=0.2000 label_smoothing=0.000
D step=4/5 epoch=1/3 loss=0.2782 l2=0.2000 label_smoothing=0.000
D step=4/5 epoch=2/3 loss=0.2775 l2=0.2000 label_smoothing=0.000
D step=4/5 epoch=3/3 loss=0.2801 l2=0.2000 label_smoothing=0.000
D step=5/5 epoch=1/3 loss=0.2837 l2=0.2000 label_smoothing=0.000
D step=5/5 epoch=2/3 loss=0.2834 l2=0.2000 label_smoothing=0.000
D step=5/5 epoch=3/3 loss=0.2829 l2=0.2000 label_smoothing=0.000
ADV epoch=60/60 g_loss=0.0007 d_loss=0.2710 reward=0.1881 reward_var=0.0007 unique=0.0800
saved 500 raw samples to /content/drive/MyDrive/GAN/GAN_SQLi_Colab/results_seqgan_phase2b_phase3/phase2b/seqgan_master/union/F/R100/generated_payloads.csv
