{
  "metric_schema_version": "quality-metrics-v3",
  "normalization_version": "nfkc_html_percent1_casefold_ws_quotes_v1",
  "seed": 88,
  "method": "seqgan_master",
  "family": "union",
  "scenario": "F",
  "ratio": "500",
  "generation_kind": "direct",
  "schema_valid": true,
  "stop_reason": "n/a",
  "n_generated": 500,
  "unique_rate": 1.0,
  "normalized_unique_rate": 1.0,
  "duplicate_rate": 0.0,
  "model_collapse_rate": 0.0,
  "dominant_payload_share": 0.002,
  "normalized_dominant_payload_share": 0.002,
  "sql_parse_rate": 1.0,
  "sql_structure_rate": 0.008,
  "family_motif_coverage": 0.0,
  "family_motif_hit_rate": 0.0,
  "garbage_rate": 0.992,
  "wellformed_rate": 1.0,
  "shaped_rate": 0.008,
  "family_motif_coverage_by_family": {
    "union": 0.0
  },
  "family_motif_hit_rate_by_family": {
    "union": 0.0
  },
  "inferred_family_distribution": {
    "boolean": 0.002,
    "union": 0.0,
    "time": 0.0,
    "error": 0.0,
    "other": 0.998
  },
  "train_reference_count": 31,
  "holdout_reference_count": 419,
  "exact_input_overlap": 0.0,
  "normalized_input_overlap": 0.0,
  "holdout_overlap": 0.0,
  "normalized_holdout_overlap": 0.0,
  "nearest_input_similarity_mean": 0.024932429853732056,
  "nearest_input_similarity_median": 0.020833333333333332,
  "nearest_input_similarity_p90": 0.05172413793103448,
  "nearest_char3_jaccard_mean": 0.024932429853732056,
  "nearest_char3_jaccard_median": 0.020833333333333332,
  "nearest_char3_jaccard_p90": 0.05172413793103448,
  "nearest_token_jaccard_mean": 0.06227771863499418,
  "nearest_token_jaccard_median": 0.07692307692307693,
  "nearest_token_jaccard_p90": 0.1111111111111111,
  "nearest_edit_similarity_mean": 0.11983126539705088,
  "nearest_edit_similarity_median": 0.12121212121212122,
  "nearest_edit_similarity_p90": 0.20833333333333337,
  "nearest_feature_cosine_mean": 0.6893776788887116,
  "nearest_feature_cosine_median": 0.7245852993281726,
  "nearest_feature_cosine_p90": 0.9805228220825901,
  "nearest_input_distance_mean": 0.975067570146268,
  "nearest_input_distance_median": 0.9791666666666666,
  "nearest_input_distance_p90": 1.0,
  "mean_nearest_similarity": 0.024932429853732056,
  "median_nearest_similarity": 0.020833333333333332,
  "p90_nearest_similarity": 0.05172413793103448,
  "unique_nearest_payload_rate": 0.044,
  "dominant_retrieved_payload_share": 0.19,
  "nearest_reference_count": 31,
  "distinct_1": 0.45239469128678594,
  "distinct_2": 0.879129734085415,
  "distinct_3": 0.9899244332493703,
  "lexical_diversity": 0.45239469128678594,
  "character_diversity": 0.6934971769938707,
  "token_diversity": 0.7614419644484508,
  "keyword_diversity": 0.6097630879642211,
  "operator_diversity": 0.5978656383820417,
  "function_diversity": 0.9999999999999998,
  "comment_style_diversity": 0.3333333333333333,
  "length_zone_diversity": 0.2,
  "self_bleu": 0.7908363188195655,
  "self_bleu_char": 0.7908363188195655,
  "requested_count": 500,
  "generated_count_fraction": 1.0
}
