{
  "metric_schema_version": "quality-metrics-v3",
  "normalization_version": "nfkc_html_percent1_casefold_ws_quotes_v1",
  "seed": 88,
  "method": "seqgan_master",
  "family": "boolean",
  "scenario": "D",
  "ratio": "50",
  "generation_kind": "direct",
  "schema_valid": true,
  "stop_reason": "n/a",
  "n_generated": 500,
  "unique_rate": 0.296,
  "normalized_unique_rate": 0.208,
  "duplicate_rate": 0.704,
  "model_collapse_rate": 0.704,
  "dominant_payload_share": 0.252,
  "normalized_dominant_payload_share": 0.26,
  "sql_parse_rate": 1.0,
  "sql_structure_rate": 0.612,
  "family_motif_coverage": 0.25,
  "family_motif_hit_rate": 0.002,
  "garbage_rate": 0.388,
  "wellformed_rate": 1.0,
  "shaped_rate": 0.612,
  "family_motif_coverage_by_family": {
    "boolean": 0.25
  },
  "family_motif_hit_rate_by_family": {
    "boolean": 0.002
  },
  "inferred_family_distribution": {
    "boolean": 0.002,
    "union": 0.0,
    "time": 0.0,
    "error": 0.0,
    "other": 0.998
  },
  "train_reference_count": 312,
  "holdout_reference_count": 917,
  "exact_input_overlap": 0.0,
  "normalized_input_overlap": 0.0,
  "holdout_overlap": 0.0,
  "normalized_holdout_overlap": 0.0,
  "nearest_input_similarity_mean": 0.2010255529478474,
  "nearest_input_similarity_median": 0.2,
  "nearest_input_similarity_p90": 0.24242424242424243,
  "nearest_char3_jaccard_mean": 0.2010255529478474,
  "nearest_char3_jaccard_median": 0.2,
  "nearest_char3_jaccard_p90": 0.24242424242424243,
  "nearest_token_jaccard_mean": 0.20038884448884448,
  "nearest_token_jaccard_median": 0.23076923076923078,
  "nearest_token_jaccard_p90": 0.3333333333333333,
  "nearest_edit_similarity_mean": 0.21785368014968853,
  "nearest_edit_similarity_median": 0.2075471698113207,
  "nearest_edit_similarity_p90": 0.24615384615384617,
  "nearest_feature_cosine_mean": 0.8273955124590694,
  "nearest_feature_cosine_median": 0.8176863940704704,
  "nearest_feature_cosine_p90": 0.9221834255088442,
  "nearest_input_distance_mean": 0.7989744470521525,
  "nearest_input_distance_median": 0.8,
  "nearest_input_distance_p90": 0.8533613445378152,
  "mean_nearest_similarity": 0.2010255529478474,
  "median_nearest_similarity": 0.2,
  "p90_nearest_similarity": 0.24242424242424243,
  "unique_nearest_payload_rate": 0.028,
  "dominant_retrieved_payload_share": 0.276,
  "nearest_reference_count": 312,
  "distinct_1": 0.025956885173779146,
  "distinct_2": 0.06034968979131416,
  "distinct_3": 0.09112333071484682,
  "lexical_diversity": 0.025956885173779146,
  "character_diversity": 0.7176805483595494,
  "token_diversity": 0.50733543445439,
  "keyword_diversity": 0.9925900543563955,
  "operator_diversity": 0.54249188365227,
  "function_diversity": 0.1438439802517445,
  "comment_style_diversity": 0.0,
  "length_zone_diversity": 0.2,
  "self_bleu": 0.9891350917408434,
  "self_bleu_char": 0.9891350917408434,
  "requested_count": 500,
  "generated_count_fraction": 1.0
}
