
[1/3] pretrain G
G epoch=1/60 loss=4.4495
G epoch=2/60 loss=3.6279
G epoch=3/60 loss=2.8681
G epoch=4/60 loss=2.6046
G epoch=5/60 loss=2.4824
G epoch=6/60 loss=2.4268
G epoch=7/60 loss=2.2760
G epoch=8/60 loss=2.2209
G epoch=9/60 loss=2.0886
G epoch=10/60 loss=2.0701
G epoch=11/60 loss=1.9510
G epoch=12/60 loss=1.8817
G epoch=13/60 loss=1.8191
G epoch=14/60 loss=1.7831
G epoch=15/60 loss=1.7123
G epoch=16/60 loss=1.6750
G epoch=17/60 loss=1.5927
G epoch=18/60 loss=1.5991
G epoch=19/60 loss=1.4987
G epoch=20/60 loss=1.5020
G epoch=21/60 loss=1.4413
G epoch=22/60 loss=1.4204
G epoch=23/60 loss=1.3682
G epoch=24/60 loss=1.3609
G epoch=25/60 loss=1.3299
G epoch=26/60 loss=1.2943
G epoch=27/60 loss=1.2608
G epoch=28/60 loss=1.2499
G epoch=29/60 loss=1.2460
G epoch=30/60 loss=1.2050
G epoch=31/60 loss=1.1925
G epoch=32/60 loss=1.1694
G epoch=33/60 loss=1.1669
G epoch=34/60 loss=1.1216
G epoch=35/60 loss=1.1263
G epoch=36/60 loss=1.0913
G epoch=37/60 loss=1.0894
G epoch=38/60 loss=1.0711
G epoch=39/60 loss=1.0505
G epoch=40/60 loss=1.0457
G epoch=41/60 loss=1.0431
G epoch=42/60 loss=1.0223
G epoch=43/60 loss=0.9950
G epoch=44/60 loss=0.9869
G epoch=45/60 loss=0.9652
G epoch=46/60 loss=0.9636
G epoch=47/60 loss=0.9611
G epoch=48/60 loss=0.9436
G epoch=49/60 loss=0.9229
G epoch=50/60 loss=0.9346
G epoch=51/60 loss=0.9234
G epoch=52/60 loss=0.9091
G epoch=53/60 loss=0.9037
G epoch=54/60 loss=0.8868
G epoch=55/60 loss=0.8819
G epoch=56/60 loss=0.8730
G epoch=57/60 loss=0.8855
G epoch=58/60 loss=0.8658
G epoch=59/60 loss=0.8299
G epoch=60/60 loss=0.8492

[2/3] pretrain D
D step=1/30 epoch=1/3 loss=0.8071 l2=0.2000 label_smoothing=0.000
D step=1/30 epoch=2/3 loss=0.7634 l2=0.2000 label_smoothing=0.000
D step=1/30 epoch=3/3 loss=0.7201 l2=0.2000 label_smoothing=0.000
D step=2/30 epoch=1/3 loss=0.6832 l2=0.2000 label_smoothing=0.000
D step=2/30 epoch=2/3 loss=0.6349 l2=0.2000 label_smoothing=0.000
D step=2/30 epoch=3/3 loss=0.5919 l2=0.2000 label_smoothing=0.000
D step=3/30 epoch=1/3 loss=0.5700 l2=0.2000 label_smoothing=0.000
D step=3/30 epoch=2/3 loss=0.5249 l2=0.2000 label_smoothing=0.000
D step=3/30 epoch=3/3 loss=0.4617 l2=0.2000 label_smoothing=0.000
D step=4/30 epoch=1/3 loss=0.4909 l2=0.2000 label_smoothing=0.000
D step=4/30 epoch=2/3 loss=0.4486 l2=0.2000 label_smoothing=0.000
D step=4/30 epoch=3/3 loss=0.4090 l2=0.2000 label_smoothing=0.000
D step=5/30 epoch=1/3 loss=0.4151 l2=0.2000 label_smoothing=0.000
D step=5/30 epoch=2/3 loss=0.3610 l2=0.2000 label_smoothing=0.000
D step=5/30 epoch=3/3 loss=0.3167 l2=0.2000 label_smoothing=0.000
D step=6/30 epoch=1/3 loss=0.3408 l2=0.2000 label_smoothing=0.000
D step=6/30 epoch=2/3 loss=0.3016 l2=0.2000 label_smoothing=0.000
D step=6/30 epoch=3/3 loss=0.2836 l2=0.2000 label_smoothing=0.000
D step=7/30 epoch=1/3 loss=0.3169 l2=0.2000 label_smoothing=0.000
D step=7/30 epoch=2/3 loss=0.2623 l2=0.2000 label_smoothing=0.000
D step=7/30 epoch=3/3 loss=0.2361 l2=0.2000 label_smoothing=0.000
D step=8/30 epoch=1/3 loss=0.2590 l2=0.2000 label_smoothing=0.000
D step=8/30 epoch=2/3 loss=0.2227 l2=0.2000 label_smoothing=0.000
D step=8/30 epoch=3/3 loss=0.1979 l2=0.2000 label_smoothing=0.000
D step=9/30 epoch=1/3 loss=0.2483 l2=0.2000 label_smoothing=0.000
D step=9/30 epoch=2/3 loss=0.2335 l2=0.2000 label_smoothing=0.000
D step=9/30 epoch=3/3 loss=0.2502 l2=0.2000 label_smoothing=0.000
D step=10/30 epoch=1/3 loss=0.1984 l2=0.2000 label_smoothing=0.000
D step=10/30 epoch=2/3 loss=0.1654 l2=0.2000 label_smoothing=0.000
D step=10/30 epoch=3/3 loss=0.1485 l2=0.2000 label_smoothing=0.000
D step=11/30 epoch=1/3 loss=0.1616 l2=0.2000 label_smoothing=0.000
D step=11/30 epoch=2/3 loss=0.1349 l2=0.2000 label_smoothing=0.000
D step=11/30 epoch=3/3 loss=0.1237 l2=0.2000 label_smoothing=0.000
D step=12/30 epoch=1/3 loss=0.1998 l2=0.2000 label_smoothing=0.000
D step=12/30 epoch=2/3 loss=0.1749 l2=0.2000 label_smoothing=0.000
D step=12/30 epoch=3/3 loss=0.1591 l2=0.2000 label_smoothing=0.000
D step=13/30 epoch=1/3 loss=0.1749 l2=0.2000 label_smoothing=0.000
D step=13/30 epoch=2/3 loss=0.1516 l2=0.2000 label_smoothing=0.000
D step=13/30 epoch=3/3 loss=0.1603 l2=0.2000 label_smoothing=0.000
D step=14/30 epoch=1/3 loss=0.1841 l2=0.2000 label_smoothing=0.000
D step=14/30 epoch=2/3 loss=0.1680 l2=0.2000 label_smoothing=0.000
D step=14/30 epoch=3/3 loss=0.1652 l2=0.2000 label_smoothing=0.000
D step=15/30 epoch=1/3 loss=0.1365 l2=0.2000 label_smoothing=0.000
D step=15/30 epoch=2/3 loss=0.1151 l2=0.2000 label_smoothing=0.000
D step=15/30 epoch=3/3 loss=0.1157 l2=0.2000 label_smoothing=0.000
D step=16/30 epoch=1/3 loss=0.1317 l2=0.2000 label_smoothing=0.000
D step=16/30 epoch=2/3 loss=0.1383 l2=0.2000 label_smoothing=0.000
D step=16/30 epoch=3/3 loss=0.1119 l2=0.2000 label_smoothing=0.000
D step=17/30 epoch=1/3 loss=0.1936 l2=0.2000 label_smoothing=0.000
D step=17/30 epoch=2/3 loss=0.1509 l2=0.2000 label_smoothing=0.000
D step=17/30 epoch=3/3 loss=0.1376 l2=0.2000 label_smoothing=0.000
D step=18/30 epoch=1/3 loss=0.1405 l2=0.2000 label_smoothing=0.000
D step=18/30 epoch=2/3 loss=0.1534 l2=0.2000 label_smoothing=0.000
D step=18/30 epoch=3/3 loss=0.1298 l2=0.2000 label_smoothing=0.000
D step=19/30 epoch=1/3 loss=0.1406 l2=0.2000 label_smoothing=0.000
D step=19/30 epoch=2/3 loss=0.1292 l2=0.2000 label_smoothing=0.000
D step=19/30 epoch=3/3 loss=0.1234 l2=0.2000 label_smoothing=0.000
D step=20/30 epoch=1/3 loss=0.1569 l2=0.2000 label_smoothing=0.000
D step=20/30 epoch=2/3 loss=0.1339 l2=0.2000 label_smoothing=0.000
D step=20/30 epoch=3/3 loss=0.1212 l2=0.2000 label_smoothing=0.000
D step=21/30 epoch=1/3 loss=0.1298 l2=0.2000 label_smoothing=0.000
D step=21/30 epoch=2/3 loss=0.1124 l2=0.2000 label_smoothing=0.000
D step=21/30 epoch=3/3 loss=0.0995 l2=0.2000 label_smoothing=0.000
D step=22/30 epoch=1/3 loss=0.1156 l2=0.2000 label_smoothing=0.000
D step=22/30 epoch=2/3 loss=0.1022 l2=0.2000 label_smoothing=0.000
D step=22/30 epoch=3/3 loss=0.0847 l2=0.2000 label_smoothing=0.000
D step=23/30 epoch=1/3 loss=0.1453 l2=0.2000 label_smoothing=0.000
D step=23/30 epoch=2/3 loss=0.1324 l2=0.2000 label_smoothing=0.000
D step=23/30 epoch=3/3 loss=0.1104 l2=0.2000 label_smoothing=0.000
D step=24/30 epoch=1/3 loss=0.1507 l2=0.2000 label_smoothing=0.000
D step=24/30 epoch=2/3 loss=0.1308 l2=0.2000 label_smoothing=0.000
D step=24/30 epoch=3/3 loss=0.1259 l2=0.2000 label_smoothing=0.000
D step=25/30 epoch=1/3 loss=0.1114 l2=0.2000 label_smoothing=0.000
D step=25/30 epoch=2/3 loss=0.1024 l2=0.2000 label_smoothing=0.000
D step=25/30 epoch=3/3 loss=0.0946 l2=0.2000 label_smoothing=0.000
D step=26/30 epoch=1/3 loss=0.1055 l2=0.2000 label_smoothing=0.000
D step=26/30 epoch=2/3 loss=0.1043 l2=0.2000 label_smoothing=0.000
D step=26/30 epoch=3/3 loss=0.0913 l2=0.2000 label_smoothing=0.000
D step=27/30 epoch=1/3 loss=0.1122 l2=0.2000 label_smoothing=0.000
D step=27/30 epoch=2/3 loss=0.0883 l2=0.2000 label_smoothing=0.000
D step=27/30 epoch=3/3 loss=0.0762 l2=0.2000 label_smoothing=0.000
D step=28/30 epoch=1/3 loss=0.1238 l2=0.2000 label_smoothing=0.000
D step=28/30 epoch=2/3 loss=0.1030 l2=0.2000 label_smoothing=0.000
D step=28/30 epoch=3/3 loss=0.0922 l2=0.2000 label_smoothing=0.000
D step=29/30 epoch=1/3 loss=0.1570 l2=0.2000 label_smoothing=0.000
D step=29/30 epoch=2/3 loss=0.1304 l2=0.2000 label_smoothing=0.000
D step=29/30 epoch=3/3 loss=0.1014 l2=0.2000 label_smoothing=0.000
D step=30/30 epoch=1/3 loss=0.1405 l2=0.2000 label_smoothing=0.000
D step=30/30 epoch=2/3 loss=0.1231 l2=0.2000 label_smoothing=0.000
D step=30/30 epoch=3/3 loss=0.0975 l2=0.2000 label_smoothing=0.000

[3/3] adversarial
generator_reward_mode=off reward_alpha=1.000 d_steps=5 d_epochs=3
D step=1/5 epoch=1/3 loss=0.0567 l2=0.2000 label_smoothing=0.000
D step=1/5 epoch=2/3 loss=0.0430 l2=0.2000 label_smoothing=0.000
D step=1/5 epoch=3/3 loss=0.0388 l2=0.2000 label_smoothing=0.000
D step=2/5 epoch=1/3 loss=0.0391 l2=0.2000 label_smoothing=0.000
D step=2/5 epoch=2/3 loss=0.0350 l2=0.2000 label_smoothing=0.000
D step=2/5 epoch=3/3 loss=0.0318 l2=0.2000 label_smoothing=0.000
D step=3/5 epoch=1/3 loss=0.0312 l2=0.2000 label_smoothing=0.000
D step=3/5 epoch=2/3 loss=0.0277 l2=0.2000 label_smoothing=0.000
D step=3/5 epoch=3/3 loss=0.0252 l2=0.2000 label_smoothing=0.000
D step=4/5 epoch=1/3 loss=0.0256 l2=0.2000 label_smoothing=0.000
D step=4/5 epoch=2/3 loss=0.0235 l2=0.2000 label_smoothing=0.000
D step=4/5 epoch=3/3 loss=0.0207 l2=0.2000 label_smoothing=0.000
D step=5/5 epoch=1/3 loss=0.0191 l2=0.2000 label_smoothing=0.000
D step=5/5 epoch=2/3 loss=0.0177 l2=0.2000 label_smoothing=0.000
D step=5/5 epoch=3/3 loss=0.0163 l2=0.2000 label_smoothing=0.000
ADV epoch=1/60 g_loss=0.0378 d_loss=0.0301 reward=0.0482 reward_var=0.0151 unique=1.0000
D step=1/5 epoch=1/3 loss=0.0167 l2=0.2000 label_smoothing=0.000
D step=1/5 epoch=2/3 loss=0.0139 l2=0.2000 label_smoothing=0.000
D step=1/5 epoch=3/3 loss=0.0123 l2=0.2000 label_smoothing=0.000
D step=2/5 epoch=1/3 loss=0.0111 l2=0.2000 label_smoothing=0.000
D step=2/5 epoch=2/3 loss=0.0096 l2=0.2000 label_smoothing=0.000
D step=2/5 epoch=3/3 loss=0.0084 l2=0.2000 label_smoothing=0.000
D step=3/5 epoch=1/3 loss=0.0186 l2=0.2000 label_smoothing=0.000
D step=3/5 epoch=2/3 loss=0.0118 l2=0.2000 label_smoothing=0.000
D step=3/5 epoch=3/3 loss=0.0101 l2=0.2000 label_smoothing=0.000
D step=4/5 epoch=1/3 loss=0.0095 l2=0.2000 label_smoothing=0.000
D step=4/5 epoch=2/3 loss=0.0087 l2=0.2000 label_smoothing=0.000
D step=4/5 epoch=3/3 loss=0.0077 l2=0.2000 label_smoothing=0.000
D step=5/5 epoch=1/3 loss=0.0080 l2=0.2000 label_smoothing=0.000
D step=5/5 epoch=2/3 loss=0.0070 l2=0.2000 label_smoothing=0.000
D step=5/5 epoch=3/3 loss=0.0064 l2=0.2000 label_smoothing=0.000
ADV epoch=2/60 g_loss=0.0438 d_loss=0.0106 reward=0.0698 reward_var=0.0160 unique=0.9600
D step=1/5 epoch=1/3 loss=0.0105 l2=0.2000 label_smoothing=0.000
D step=1/5 epoch=2/3 loss=0.0075 l2=0.2000 label_smoothing=0.000
D step=1/5 epoch=3/3 loss=0.0061 l2=0.2000 label_smoothing=0.000
D step=2/5 epoch=1/3 loss=0.0061 l2=0.2000 label_smoothing=0.000
D step=2/5 epoch=2/3 loss=0.0058 l2=0.2000 label_smoothing=0.000
D step=2/5 epoch=3/3 loss=0.0054 l2=0.2000 label_smoothing=0.000
D step=3/5 epoch=1/3 loss=0.0051 l2=0.2000 label_smoothing=0.000
D step=3/5 epoch=2/3 loss=0.0048 l2=0.2000 label_smoothing=0.000
D step=3/5 epoch=3/3 loss=0.0045 l2=0.2000 label_smoothing=0.000
D step=4/5 epoch=1/3 loss=0.0048 l2=0.2000 label_smoothing=0.000
D step=4/5 epoch=2/3 loss=0.0043 l2=0.2000 label_smoothing=0.000
D step=4/5 epoch=3/3 loss=0.0042 l2=0.2000 label_smoothing=0.000
D step=5/5 epoch=1/3 loss=0.0039 l2=0.2000 label_smoothing=0.000
D step=5/5 epoch=2/3 loss=0.0037 l2=0.2000 label_smoothing=0.000
D step=5/5 epoch=3/3 loss=0.0035 l2=0.2000 label_smoothing=0.000
ADV epoch=3/60 g_loss=0.0207 d_loss=0.0053 reward=0.0384 reward_var=0.0060 unique=0.8800
D step=1/5 epoch=1/3 loss=0.0059 l2=0.2000 label_smoothing=0.000
D step=1/5 epoch=2/3 loss=0.0045 l2=0.2000 label_smoothing=0.000
D step=1/5 epoch=3/3 loss=0.0037 l2=0.2000 label_smoothing=0.000
D step=2/5 epoch=1/3 loss=0.0112 l2=0.2000 label_smoothing=0.000
D step=2/5 epoch=2/3 loss=0.0047 l2=0.2000 label_smoothing=0.000
D step=2/5 epoch=3/3 loss=0.0040 l2=0.2000 label_smoothing=0.000
D step=3/5 epoch=1/3 loss=0.0042 l2=0.2000 label_smoothing=0.000
D step=3/5 epoch=2/3 loss=0.0039 l2=0.2000 label_smoothing=0.000
D step=3/5 epoch=3/3 loss=0.0037 l2=0.2000 label_smoothing=0.000
D step=4/5 epoch=1/3 loss=0.0056 l2=0.2000 label_smoothing=0.000
D step=4/5 epoch=2/3 loss=0.0043 l2=0.2000 label_smoothing=0.000
D step=4/5 epoch=3/3 loss=0.0034 l2=0.2000 label_smoothing=0.000
D step=5/5 epoch=1/3 loss=0.0060 l2=0.2000 label_smoothing=0.000
D step=5/5 epoch=2/3 loss=0.0042 l2=0.2000 label_smoothing=0.000
D step=5/5 epoch=3/3 loss=0.0036 l2=0.2000 label_smoothing=0.000
ADV epoch=4/60 g_loss=0.0173 d_loss=0.0049 reward=0.0298 reward_var=0.0038 unique=0.9000
D step=1/5 epoch=1/3 loss=0.0289 l2=0.2000 label_smoothing=0.000
D step=1/5 epoch=2/3 loss=0.0127 l2=0.2000 label_smoothing=0.000
D step=1/5 epoch=3/3 loss=0.0068 l2=0.2000 label_smoothing=0.000
D step=2/5 epoch=1/3 loss=0.0097 l2=0.2000 label_smoothing=0.000
D step=2/5 epoch=2/3 loss=0.0046 l2=0.2000 label_smoothing=0.000
D step=2/5 epoch=3/3 loss=0.0043 l2=0.2000 label_smoothing=0.000
D step=3/5 epoch=1/3 loss=0.0043 l2=0.2000 label_smoothing=0.000
D step=3/5 epoch=2/3 loss=0.0038 l2=0.2000 label_smoothing=0.000
D step=3/5 epoch=3/3 loss=0.0038 l2=0.2000 label_smoothing=0.000
D step=4/5 epoch=1/3 loss=0.0044 l2=0.2000 label_smoothing=0.000
D step=4/5 epoch=2/3 loss=0.0038 l2=0.2000 label_smoothing=0.000
D step=4/5 epoch=3/3 loss=0.0035 l2=0.2000 label_smoothing=0.000
D step=5/5 epoch=1/3 loss=0.0072 l2=0.2000 label_smoothing=0.000
D step=5/5 epoch=2/3 loss=0.0047 l2=0.2000 label_smoothing=0.000
D step=5/5 epoch=3/3 loss=0.0039 l2=0.2000 label_smoothing=0.000
ADV epoch=5/60 g_loss=0.0047 d_loss=0.0071 reward=0.0077 reward_var=0.0006 unique=0.9400
saved 500 raw samples to /content/drive/MyDrive/GAN/GAN_SQLi_Colab/results_seqgan_phase2b_phase3/phase2b/seqgan_master/boolean/E/R50/generated_payloads.csv
