
[1/3] pretrain G
G epoch=1/15 loss=4.3057
G epoch=2/15 loss=3.2970
G epoch=3/15 loss=2.6829
G epoch=4/15 loss=2.4989
G epoch=5/15 loss=2.3016
G epoch=6/15 loss=2.1250
G epoch=7/15 loss=2.0113
G epoch=8/15 loss=1.9016
G epoch=9/15 loss=1.7914
G epoch=10/15 loss=1.7222
G epoch=11/15 loss=1.6205
G epoch=12/15 loss=1.5434
G epoch=13/15 loss=1.4426
G epoch=14/15 loss=1.3948
G epoch=15/15 loss=1.3279

[2/3] pretrain D
D step=1/8 epoch=1/2 loss=0.8791 l2=0.2000 label_smoothing=0.000
D step=1/8 epoch=2/2 loss=0.6926 l2=0.2000 label_smoothing=0.000
D step=2/8 epoch=1/2 loss=0.5648 l2=0.2000 label_smoothing=0.000
D step=2/8 epoch=2/2 loss=0.4610 l2=0.2000 label_smoothing=0.000
D step=3/8 epoch=1/2 loss=0.3688 l2=0.2000 label_smoothing=0.000
D step=3/8 epoch=2/2 loss=0.2725 l2=0.2000 label_smoothing=0.000
D step=4/8 epoch=1/2 loss=0.2206 l2=0.2000 label_smoothing=0.000
D step=4/8 epoch=2/2 loss=0.1785 l2=0.2000 label_smoothing=0.000
D step=5/8 epoch=1/2 loss=0.1543 l2=0.2000 label_smoothing=0.000
D step=5/8 epoch=2/2 loss=0.1283 l2=0.2000 label_smoothing=0.000
D step=6/8 epoch=1/2 loss=0.1154 l2=0.2000 label_smoothing=0.000
D step=6/8 epoch=2/2 loss=0.1067 l2=0.2000 label_smoothing=0.000
D step=7/8 epoch=1/2 loss=0.1038 l2=0.2000 label_smoothing=0.000
D step=7/8 epoch=2/2 loss=0.0964 l2=0.2000 label_smoothing=0.000
D step=8/8 epoch=1/2 loss=0.0925 l2=0.2000 label_smoothing=0.000
D step=8/8 epoch=2/2 loss=0.0850 l2=0.2000 label_smoothing=0.000

[3/3] adversarial
generator_reward_mode=off reward_alpha=1.000 d_steps=3 d_epochs=1
D step=1/3 epoch=1/1 loss=0.0932 l2=0.2000 label_smoothing=0.000
D step=2/3 epoch=1/1 loss=0.0871 l2=0.2000 label_smoothing=0.000
D step=3/3 epoch=1/1 loss=0.0800 l2=0.2000 label_smoothing=0.000
ADV epoch=1/6 g_loss=0.0195 d_loss=0.0868 reward=0.0145 reward_var=0.0010 unique=1.0000
D step=1/3 epoch=1/1 loss=0.0829 l2=0.2000 label_smoothing=0.000
D step=2/3 epoch=1/1 loss=0.0780 l2=0.2000 label_smoothing=0.000
D step=3/3 epoch=1/1 loss=0.0646 l2=0.2000 label_smoothing=0.000
ADV epoch=2/6 g_loss=0.0063 d_loss=0.0751 reward=0.0060 reward_var=0.0005 unique=1.0000
D step=1/3 epoch=1/1 loss=0.0696 l2=0.2000 label_smoothing=0.000
D step=2/3 epoch=1/1 loss=0.0645 l2=0.2000 label_smoothing=0.000
D step=3/3 epoch=1/1 loss=0.0607 l2=0.2000 label_smoothing=0.000
ADV epoch=3/6 g_loss=0.0223 d_loss=0.0650 reward=0.0189 reward_var=0.0034 unique=1.0000
saved 200 raw samples to /content/drive/MyDrive/GAN/GAN_SQLi_Colab/results_seqgan_only_mini/phase2a/seqgan_master/error/C/R50/generated_payloads.csv
