
[1/3] pretrain G
G epoch=1/60 loss=4.6246
G epoch=2/60 loss=4.4513
G epoch=3/60 loss=4.2551
G epoch=4/60 loss=4.0124
G epoch=5/60 loss=3.7141
G epoch=6/60 loss=3.3778
G epoch=7/60 loss=3.0408
G epoch=8/60 loss=2.7398
G epoch=9/60 loss=2.4990
G epoch=10/60 loss=2.3183
G epoch=11/60 loss=2.1829
G epoch=12/60 loss=2.0815
G epoch=13/60 loss=2.0026
G epoch=14/60 loss=1.9346
G epoch=15/60 loss=1.8689
G epoch=16/60 loss=1.8022
G epoch=17/60 loss=1.7336
G epoch=18/60 loss=1.6652
G epoch=19/60 loss=1.5995
G epoch=20/60 loss=1.5386
G epoch=21/60 loss=1.4801
G epoch=22/60 loss=1.4247
G epoch=23/60 loss=1.3706
G epoch=24/60 loss=1.3190
G epoch=25/60 loss=1.2706
G epoch=26/60 loss=1.2242
G epoch=27/60 loss=1.1793
G epoch=28/60 loss=1.1348
G epoch=29/60 loss=1.0912
G epoch=30/60 loss=1.0504
G epoch=31/60 loss=1.0127
G epoch=32/60 loss=0.9768
G epoch=33/60 loss=0.9432
G epoch=34/60 loss=0.9110
G epoch=35/60 loss=0.8796
G epoch=36/60 loss=0.8493
G epoch=37/60 loss=0.8201
G epoch=38/60 loss=0.7923
G epoch=39/60 loss=0.7659
G epoch=40/60 loss=0.7408
G epoch=41/60 loss=0.7166
G epoch=42/60 loss=0.6936
G epoch=43/60 loss=0.6717
G epoch=44/60 loss=0.6510
G epoch=45/60 loss=0.6310
G epoch=46/60 loss=0.6115
G epoch=47/60 loss=0.5923
G epoch=48/60 loss=0.5743
G epoch=49/60 loss=0.5576
G epoch=50/60 loss=0.5407
G epoch=51/60 loss=0.5249
G epoch=52/60 loss=0.5102
G epoch=53/60 loss=0.4957
G epoch=54/60 loss=0.4821
G epoch=55/60 loss=0.4694
G epoch=56/60 loss=0.4571
G epoch=57/60 loss=0.4451
G epoch=58/60 loss=0.4338
G epoch=59/60 loss=0.4224
G epoch=60/60 loss=0.4110

[2/3] pretrain D

[3/3] adversarial
generator_reward_mode=off reward_alpha=1.000 d_steps=5 d_epochs=3
ADV epoch=1/60 g_loss=0.4170 d_loss=0.0000 reward=0.4985 reward_var=0.0003 unique=1.0000
ADV epoch=2/60 g_loss=0.4365 d_loss=0.0000 reward=0.5021 reward_var=0.0004 unique=1.0000
ADV epoch=3/60 g_loss=0.4124 d_loss=0.0000 reward=0.4998 reward_var=0.0004 unique=1.0000
ADV epoch=4/60 g_loss=0.4653 d_loss=0.0000 reward=0.4995 reward_var=0.0005 unique=1.0000
ADV epoch=5/60 g_loss=0.4409 d_loss=0.0000 reward=0.5013 reward_var=0.0004 unique=1.0000
ADV epoch=6/60 g_loss=0.4804 d_loss=0.0000 reward=0.5014 reward_var=0.0005 unique=1.0000
ADV epoch=7/60 g_loss=0.4719 d_loss=0.0000 reward=0.5007 reward_var=0.0004 unique=1.0000
ADV epoch=8/60 g_loss=0.4406 d_loss=0.0000 reward=0.5032 reward_var=0.0004 unique=1.0000
ADV epoch=9/60 g_loss=0.4477 d_loss=0.0000 reward=0.5005 reward_var=0.0004 unique=1.0000
ADV epoch=10/60 g_loss=0.4668 d_loss=0.0000 reward=0.4997 reward_var=0.0004 unique=1.0000
ADV epoch=11/60 g_loss=0.4957 d_loss=0.0000 reward=0.5042 reward_var=0.0004 unique=1.0000
ADV epoch=12/60 g_loss=0.4824 d_loss=0.0000 reward=0.5038 reward_var=0.0005 unique=1.0000
ADV epoch=13/60 g_loss=0.4910 d_loss=0.0000 reward=0.5039 reward_var=0.0005 unique=1.0000
ADV epoch=14/60 g_loss=0.4807 d_loss=0.0000 reward=0.5060 reward_var=0.0003 unique=1.0000
ADV epoch=15/60 g_loss=0.5315 d_loss=0.0000 reward=0.5113 reward_var=0.0004 unique=1.0000
ADV epoch=16/60 g_loss=0.5711 d_loss=0.0000 reward=0.5157 reward_var=0.0004 unique=1.0000
ADV epoch=17/60 g_loss=0.5428 d_loss=0.0000 reward=0.5190 reward_var=0.0004 unique=1.0000
ADV epoch=18/60 g_loss=0.5840 d_loss=0.0000 reward=0.5212 reward_var=0.0004 unique=1.0000
ADV epoch=19/60 g_loss=0.5699 d_loss=0.0000 reward=0.5277 reward_var=0.0004 unique=1.0000
ADV epoch=20/60 g_loss=0.6019 d_loss=0.0000 reward=0.5266 reward_var=0.0005 unique=1.0000
ADV epoch=21/60 g_loss=0.6195 d_loss=0.0000 reward=0.5322 reward_var=0.0005 unique=1.0000
ADV epoch=22/60 g_loss=0.6229 d_loss=0.0000 reward=0.5340 reward_var=0.0005 unique=1.0000
ADV epoch=23/60 g_loss=0.5757 d_loss=0.0000 reward=0.5357 reward_var=0.0004 unique=1.0000
ADV epoch=24/60 g_loss=0.6223 d_loss=0.0000 reward=0.5411 reward_var=0.0006 unique=1.0000
ADV epoch=25/60 g_loss=0.7032 d_loss=0.0000 reward=0.5419 reward_var=0.0004 unique=1.0000
ADV epoch=26/60 g_loss=0.6490 d_loss=0.0000 reward=0.5453 reward_var=0.0004 unique=1.0000
ADV epoch=27/60 g_loss=0.6822 d_loss=0.0000 reward=0.5472 reward_var=0.0004 unique=1.0000
ADV epoch=28/60 g_loss=0.6778 d_loss=0.0000 reward=0.5486 reward_var=0.0004 unique=1.0000
ADV epoch=29/60 g_loss=0.7118 d_loss=0.0000 reward=0.5536 reward_var=0.0005 unique=1.0000
ADV epoch=30/60 g_loss=0.6488 d_loss=0.0000 reward=0.5511 reward_var=0.0004 unique=1.0000
ADV epoch=31/60 g_loss=0.6612 d_loss=0.0000 reward=0.5521 reward_var=0.0005 unique=1.0000
ADV epoch=32/60 g_loss=0.6816 d_loss=0.0000 reward=0.5535 reward_var=0.0004 unique=1.0000
ADV epoch=33/60 g_loss=0.6767 d_loss=0.0000 reward=0.5549 reward_var=0.0005 unique=1.0000
ADV epoch=34/60 g_loss=0.6770 d_loss=0.0000 reward=0.5578 reward_var=0.0004 unique=1.0000
ADV epoch=35/60 g_loss=0.6546 d_loss=0.0000 reward=0.5571 reward_var=0.0005 unique=1.0000
ADV epoch=36/60 g_loss=0.6313 d_loss=0.0000 reward=0.5566 reward_var=0.0003 unique=1.0000
ADV epoch=37/60 g_loss=0.6931 d_loss=0.0000 reward=0.5581 reward_var=0.0004 unique=1.0000
ADV epoch=38/60 g_loss=0.7300 d_loss=0.0000 reward=0.5620 reward_var=0.0005 unique=1.0000
ADV epoch=39/60 g_loss=0.6786 d_loss=0.0000 reward=0.5576 reward_var=0.0005 unique=1.0000
ADV epoch=40/60 g_loss=0.6871 d_loss=0.0000 reward=0.5587 reward_var=0.0005 unique=1.0000
ADV epoch=41/60 g_loss=0.6658 d_loss=0.0000 reward=0.5654 reward_var=0.0005 unique=1.0000
ADV epoch=42/60 g_loss=0.6998 d_loss=0.0000 reward=0.5616 reward_var=0.0005 unique=1.0000
ADV epoch=43/60 g_loss=0.7463 d_loss=0.0000 reward=0.5649 reward_var=0.0003 unique=1.0000
ADV epoch=44/60 g_loss=0.7144 d_loss=0.0000 reward=0.5618 reward_var=0.0006 unique=1.0000
ADV epoch=45/60 g_loss=0.6774 d_loss=0.0000 reward=0.5607 reward_var=0.0004 unique=1.0000
ADV epoch=46/60 g_loss=0.6916 d_loss=0.0000 reward=0.5613 reward_var=0.0004 unique=1.0000
ADV epoch=47/60 g_loss=0.7109 d_loss=0.0000 reward=0.5627 reward_var=0.0004 unique=1.0000
ADV epoch=48/60 g_loss=0.6942 d_loss=0.0000 reward=0.5632 reward_var=0.0004 unique=1.0000
ADV epoch=49/60 g_loss=0.6907 d_loss=0.0000 reward=0.5650 reward_var=0.0004 unique=1.0000
ADV epoch=50/60 g_loss=0.7237 d_loss=0.0000 reward=0.5605 reward_var=0.0004 unique=1.0000
ADV epoch=51/60 g_loss=0.6842 d_loss=0.0000 reward=0.5622 reward_var=0.0004 unique=1.0000
ADV epoch=52/60 g_loss=0.6451 d_loss=0.0000 reward=0.5614 reward_var=0.0005 unique=1.0000
ADV epoch=53/60 g_loss=0.6812 d_loss=0.0000 reward=0.5619 reward_var=0.0004 unique=1.0000
ADV epoch=54/60 g_loss=0.7083 d_loss=0.0000 reward=0.5636 reward_var=0.0004 unique=1.0000
ADV epoch=55/60 g_loss=0.7019 d_loss=0.0000 reward=0.5644 reward_var=0.0004 unique=1.0000
ADV epoch=56/60 g_loss=0.6889 d_loss=0.0000 reward=0.5637 reward_var=0.0005 unique=1.0000
ADV epoch=57/60 g_loss=0.7150 d_loss=0.0000 reward=0.5670 reward_var=0.0004 unique=1.0000
ADV epoch=58/60 g_loss=0.7347 d_loss=0.0000 reward=0.5657 reward_var=0.0004 unique=1.0000
ADV epoch=59/60 g_loss=0.7111 d_loss=0.0000 reward=0.5655 reward_var=0.0004 unique=1.0000
ADV epoch=60/60 g_loss=0.7347 d_loss=0.0000 reward=0.5643 reward_var=0.0005 unique=1.0000
saved 500 raw samples to /content/drive/MyDrive/GAN/GAN_SQLi_Colab/results_seqgan_phase2b_phase3/phase2b/seqgan_master/error/B/R500/generated_payloads.csv
